minimal P9016: input=/shared/zliu/CHARM/CHARM_mesc/data/pairs/P9016.pairs.gz output_root=/mnt/ssd/zliu/phase3/test_res/035-20260619_143807-p9016_copytrack_entropy_combo_1m/outputs config=p9016_pcgamma1_td1_baseline_sep0_lct0_gct0 baseline=softall n_iter=100 relax_steps=100 relax_step=0.012 chain=0 init_mode=unphased_scaffold_split init_eps=0.5 init_noise=0 init_scale=10 init_seed=17 min_sep=0 lambda_sep=0 lambda_copytrack=0 lambda_global_copytrack=0 trans_chr_pair_prior_lambda=0 trans_chr_pair_prior_eps=0.001 trans_chr_pair_prior_power=1 trans_chr_pair_prior_warmup_iter=0 d_scale_mode=posterior_count d_scale_input=posterior_count d_scale_formula=n_raw*posterior_prob^1 d_scale_gamma=1 d_scale_eps=1e-06 trans_k_multiplier=1 trans_dscale_multiplier=1 trans_top1_mode=off trans_top1_min_pmax=1 trans_top1_min_margin=1 trans_top1_mix_weight=0 readgroup_mode=off readgroup_max_segments=8 readgroup_eps=1e-06 relax_backend=gpu
minimal P9016: stage 1/1 name=1m bin_size_bp=1000000 parent=0
[M::hk_map_read] read 1703888 pairs
[M::hk_bmap_gen] generated 2633 beads
[M::hk_bmap_gen] 489556 bin pairs
minimal P9016[1m]: build binned contacts
minimal P9016[1m]: init mode=unphased_scaffold_split seed=17 scale=10
[M::hk_fdg] mid_dist:1000000 max_nei:69
[M::hk_fdg1_cpu] iter:10 elapsed:0.33s rep_coef:0.2092 RMS_force:367.1874 n_rep:43.0820 energy:25.1082,6.6566,0.0049 dist:5.6169,6.6204,1.4501
[M::hk_fdg1_cpu] iter:20 elapsed:0.79s rep_coef:0.6615 RMS_force:336.9308 n_rep:157.7303 energy:7.7515,3.4068,0.0177 dist:3.4076,4.2658,1.4016
[M::hk_fdg1_cpu] iter:30 elapsed:1.75s rep_coef:0.9352 RMS_force:226.0828 n_rep:592.3505 energy:1.8327,1.0566,0.0354 dist:1.9896,2.3234,1.2554
[M::hk_fdg1_cpu] iter:40 elapsed:3.15s rep_coef:0.9907 RMS_force:132.8226 n_rep:808.7839 energy:0.5357,0.4158,0.0366 dist:1.4081,1.7237,1.2560
[M::hk_fdg1_cpu] iter:50 elapsed:4.66s rep_coef:0.9987 RMS_force:99.3491 n_rep:815.5837 energy:0.1678,0.2703,0.0325 dist:1.0643,1.6062,1.3142
minimal P9016[1m]: run softall, n_iter=100 relax_steps=100 relax_step=0.012 relax_backend=gpu
[M::hk_bmap_gen] generated 5266 beads
[M::hk_bmap_gen] 287142 bin pairs
[M::blind-gpu] prepared pair buffers: n_diploid=5266 n_pairs=292308 n_block_keys=574524 n_steps=100
[I::fdg-gpu] blocklist CSR ready: edges=574524 avg_deg=109.10 max_deg=193
[M::hk_bmap_gen] generated 5266 beads
[M::hk_bmap_gen] 286178 bin pairs
[M::blind-gpu] prepared pair buffers: n_diploid=5266 n_pairs=291285 n_block_keys=572474 n_steps=100
[I::fdg-gpu] blocklist CSR ready: edges=572474 avg_deg=108.71 max_deg=201
[M::hk_bmap_gen] generated 5266 beads
[M::hk_bmap_gen] 270723 bin pairs
[M::blind-gpu] prepared pair buffers: n_diploid=5266 n_pairs=275818 n_block_keys=541538 n_steps=100
[I::fdg-gpu] blocklist CSR ready: edges=541538 avg_deg=102.84 max_deg=202
[M::hk_bmap_gen] generated 5266 beads
[M::hk_bmap_gen] 256944 bin pairs
[M::blind-gpu] prepared pair buffers: n_diploid=5266 n_pairs=262032 n_block_keys=513972 n_steps=100
[I::fdg-gpu] blocklist CSR ready: edges=513972 avg_deg=97.60 max_deg=207
[M::hk_bmap_gen] generated 5266 beads
[M::hk_bmap_gen] 245438 bin pairs
[M::blind-gpu] prepared pair buffers: n_diploid=5266 n_pairs=250489 n_block_keys=490890 n_steps=100
[I::fdg-gpu] blocklist CSR ready: edges=490890 avg_deg=93.22 max_deg=203
[M::hk_bmap_gen] generated 5266 beads
[M::hk_bmap_gen] 236890 bin pairs
[M::blind-gpu] prepared pair buffers: n_diploid=5266 n_pairs=241983 n_block_keys=473880 n_steps=100
[I::fdg-gpu] blocklist CSR ready: edges=473880 avg_deg=89.99 max_deg=201
[M::hk_bmap_gen] generated 5266 beads
[M::hk_bmap_gen] 230787 bin pairs
[M::blind-gpu] prepared pair buffers: n_diploid=5266 n_pairs=235871 n_block_keys=461660 n_steps=100
[I::fdg-gpu] blocklist CSR ready: edges=461660 avg_deg=87.67 max_deg=199
[M::hk_bmap_gen] generated 5266 beads
[M::hk_bmap_gen] 225543 bin pairs
[M::blind-gpu] prepared pair buffers: n_diploid=5266 n_pairs=230638 n_block_keys=451190 n_steps=100
[I::fdg-gpu] blocklist CSR ready: edges=451190 avg_deg=85.68 max_deg=201
[M::hk_bmap_gen] generated 5266 beads
[M::hk_bmap_gen] 221981 bin pairs
[M::blind-gpu] prepared pair buffers: n_diploid=5266 n_pairs=227087 n_block_keys=444084 n_steps=100
[I::fdg-gpu] blocklist CSR ready: edges=444084 avg_deg=84.33 max_deg=199
[M::hk_bmap_gen] generated 5266 beads
[M::hk_bmap_gen] 219571 bin pairs
[M::blind-gpu] prepared pair buffers: n_diploid=5266 n_pairs=224690 n_block_keys=439298 n_steps=100
[I::fdg-gpu] blocklist CSR ready: edges=439298 avg_deg=83.42 max_deg=194
[M::hk_bmap_gen] generated 5266 beads
[M::hk_bmap_gen] 217584 bin pairs
[M::blind-gpu] prepared pair buffers: n_diploid=5266 n_pairs=222714 n_block_keys=435346 n_steps=100
[I::fdg-gpu] blocklist CSR ready: edges=435346 avg_deg=82.67 max_deg=193
[M::hk_bmap_gen] generated 5266 beads
[M::hk_bmap_gen] 216601 bin pairs
[M::blind-gpu] prepared pair buffers: n_diploid=5266 n_pairs=221734 n_block_keys=433378 n_steps=100
[I::fdg-gpu] blocklist CSR ready: edges=433378 avg_deg=82.30 max_deg=189
[M::hk_bmap_gen] generated 5266 beads
[M::hk_bmap_gen] 216190 bin pairs
[M::blind-gpu] prepared pair buffers: n_diploid=5266 n_pairs=221317 n_block_keys=432546 n_steps=100
[I::fdg-gpu] blocklist CSR ready: edges=432546 avg_deg=82.14 max_deg=188
[M::hk_bmap_gen] generated 5266 beads
[M::hk_bmap_gen] 216055 bin pairs
[M::blind-gpu] prepared pair buffers: n_diploid=5266 n_pairs=221192 n_block_keys=432288 n_steps=100
[I::fdg-gpu] blocklist CSR ready: edges=432288 avg_deg=82.09 max_deg=185
[M::hk_bmap_gen] generated 5266 beads
[M::hk_bmap_gen] 215937 bin pairs
[M::blind-gpu] prepared pair buffers: n_diploid=5266 n_pairs=221077 n_block_keys=432064 n_steps=100
[I::fdg-gpu] blocklist CSR ready: edges=432064 avg_deg=82.05 max_deg=182
[M::hk_bmap_gen] generated 5266 beads
[M::hk_bmap_gen] 215897 bin pairs
[M::blind-gpu] prepared pair buffers: n_diploid=5266 n_pairs=221059 n_block_keys=432036 n_steps=100
[I::fdg-gpu] blocklist CSR ready: edges=432036 avg_deg=82.04 max_deg=181
[M::hk_bmap_gen] generated 5266 beads
[M::hk_bmap_gen] 215838 bin pairs
[M::blind-gpu] prepared pair buffers: n_diploid=5266 n_pairs=220984 n_block_keys=431886 n_steps=100
[I::fdg-gpu] blocklist CSR ready: edges=431886 avg_deg=82.01 max_deg=181
[M::hk_bmap_gen] generated 5266 beads
[M::hk_bmap_gen] 215741 bin pairs
[M::blind-gpu] prepared pair buffers: n_diploid=5266 n_pairs=220881 n_block_keys=431674 n_steps=100
[I::fdg-gpu] blocklist CSR ready: edges=431674 avg_deg=81.97 max_deg=181
[M::hk_bmap_gen] generated 5266 beads
[M::hk_bmap_gen] 215594 bin pairs
[M::blind-gpu] prepared pair buffers: n_diploid=5266 n_pairs=220733 n_block_keys=431378 n_steps=100
[I::fdg-gpu] blocklist CSR ready: edges=431378 avg_deg=81.92 max_deg=181
[M::hk_bmap_gen] generated 5266 beads
[M::hk_bmap_gen] 215596 bin pairs
[M::blind-gpu] prepared pair buffers: n_diploid=5266 n_pairs=220734 n_block_keys=431382 n_steps=100
[I::fdg-gpu] blocklist CSR ready: edges=431382 avg_deg=81.92 max_deg=181
[M::hk_bmap_gen] generated 5266 beads
[M::hk_bmap_gen] 215440 bin pairs
[M::blind-gpu] prepared pair buffers: n_diploid=5266 n_pairs=220592 n_block_keys=431102 n_steps=100
[I::fdg-gpu] blocklist CSR ready: edges=431102 avg_deg=81.87 max_deg=181
[M::hk_bmap_gen] generated 5266 beads
[M::hk_bmap_gen] 215460 bin pairs
[M::blind-gpu] prepared pair buffers: n_diploid=5266 n_pairs=220600 n_block_keys=431118 n_steps=100
[I::fdg-gpu] blocklist CSR ready: edges=431118 avg_deg=81.87 max_deg=181
[M::hk_bmap_gen] generated 5266 beads
[M::hk_bmap_gen] 215325 bin pairs
[M::blind-gpu] prepared pair buffers: n_diploid=5266 n_pairs=220470 n_block_keys=430862 n_steps=100
[I::fdg-gpu] blocklist CSR ready: edges=430862 avg_deg=81.82 max_deg=181
[M::hk_bmap_gen] generated 5266 beads
[M::hk_bmap_gen] 215092 bin pairs
[M::blind-gpu] prepared pair buffers: n_diploid=5266 n_pairs=220234 n_block_keys=430390 n_steps=100
[I::fdg-gpu] blocklist CSR ready: edges=430390 avg_deg=81.73 max_deg=181
[M::hk_bmap_gen] generated 5266 beads
[M::hk_bmap_gen] 214916 bin pairs
[M::blind-gpu] prepared pair buffers: n_diploid=5266 n_pairs=220048 n_block_keys=430018 n_steps=100
[I::fdg-gpu] blocklist CSR ready: edges=430018 avg_deg=81.66 max_deg=181
[M::hk_bmap_gen] generated 5266 beads
[M::hk_bmap_gen] 214825 bin pairs
[M::blind-gpu] prepared pair buffers: n_diploid=5266 n_pairs=219965 n_block_keys=429858 n_steps=100
[I::fdg-gpu] blocklist CSR ready: edges=429858 avg_deg=81.63 max_deg=181
[M::hk_bmap_gen] generated 5266 beads
[M::hk_bmap_gen] 214721 bin pairs
[M::blind-gpu] prepared pair buffers: n_diploid=5266 n_pairs=219855 n_block_keys=429640 n_steps=100
[I::fdg-gpu] blocklist CSR ready: edges=429640 avg_deg=81.59 max_deg=181
[M::hk_bmap_gen] generated 5266 beads
[M::hk_bmap_gen] 214634 bin pairs
[M::blind-gpu] prepared pair buffers: n_diploid=5266 n_pairs=219773 n_block_keys=429474 n_steps=100
[I::fdg-gpu] blocklist CSR ready: edges=429474 avg_deg=81.56 max_deg=182
[M::hk_bmap_gen] generated 5266 beads
[M::hk_bmap_gen] 214740 bin pairs
[M::blind-gpu] prepared pair buffers: n_diploid=5266 n_pairs=219884 n_block_keys=429692 n_steps=100
[I::fdg-gpu] blocklist CSR ready: edges=429692 avg_deg=81.60 max_deg=182
[M::hk_bmap_gen] generated 5266 beads
[M::hk_bmap_gen] 214766 bin pairs
[M::blind-gpu] prepared pair buffers: n_diploid=5266 n_pairs=219902 n_block_keys=429722 n_steps=100
[I::fdg-gpu] blocklist CSR ready: edges=429722 avg_deg=81.60 max_deg=183
[M::hk_bmap_gen] generated 5266 beads
[M::hk_bmap_gen] 214680 bin pairs
[M::blind-gpu] prepared pair buffers: n_diploid=5266 n_pairs=219824 n_block_keys=429568 n_steps=100
[I::fdg-gpu] blocklist CSR ready: edges=429568 avg_deg=81.57 max_deg=183
[M::hk_bmap_gen] generated 5266 beads
[M::hk_bmap_gen] 214715 bin pairs
[M::blind-gpu] prepared pair buffers: n_diploid=5266 n_pairs=219862 n_block_keys=429642 n_steps=100
[I::fdg-gpu] blocklist CSR ready: edges=429642 avg_deg=81.59 max_deg=184
[M::hk_bmap_gen] generated 5266 beads
[M::hk_bmap_gen] 214682 bin pairs
[M::blind-gpu] prepared pair buffers: n_diploid=5266 n_pairs=219831 n_block_keys=429580 n_steps=100
[I::fdg-gpu] blocklist CSR ready: edges=429580 avg_deg=81.58 max_deg=185
[M::hk_bmap_gen] generated 5266 beads
[M::hk_bmap_gen] 214656 bin pairs
[M::blind-gpu] prepared pair buffers: n_diploid=5266 n_pairs=219802 n_block_keys=429522 n_steps=100
[I::fdg-gpu] blocklist CSR ready: edges=429522 avg_deg=81.57 max_deg=184
[M::hk_bmap_gen] generated 5266 beads
[M::hk_bmap_gen] 214668 bin pairs
[M::blind-gpu] prepared pair buffers: n_diploid=5266 n_pairs=219814 n_block_keys=429548 n_steps=100
[I::fdg-gpu] blocklist CSR ready: edges=429548 avg_deg=81.57 max_deg=182
[M::hk_bmap_gen] generated 5266 beads
[M::hk_bmap_gen] 214650 bin pairs
[M::blind-gpu] prepared pair buffers: n_diploid=5266 n_pairs=219797 n_block_keys=429512 n_steps=100
[I::fdg-gpu] blocklist CSR ready: edges=429512 avg_deg=81.56 max_deg=182
[M::hk_bmap_gen] generated 5266 beads
[M::hk_bmap_gen] 214677 bin pairs
[M::blind-gpu] prepared pair buffers: n_diploid=5266 n_pairs=219827 n_block_keys=429568 n_steps=100
[I::fdg-gpu] blocklist CSR ready: edges=429568 avg_deg=81.57 max_deg=183
[M::hk_bmap_gen] generated 5266 beads
[M::hk_bmap_gen] 214606 bin pairs
[M::blind-gpu] prepared pair buffers: n_diploid=5266 n_pairs=219753 n_block_keys=429418 n_steps=100
[I::fdg-gpu] blocklist CSR ready: edges=429418 avg_deg=81.55 max_deg=183
[M::hk_bmap_gen] generated 5266 beads
[M::hk_bmap_gen] 214526 bin pairs
[M::blind-gpu] prepared pair buffers: n_diploid=5266 n_pairs=219666 n_block_keys=429246 n_steps=100
[I::fdg-gpu] blocklist CSR ready: edges=429246 avg_deg=81.51 max_deg=183
[M::hk_bmap_gen] generated 5266 beads
[M::hk_bmap_gen] 214391 bin pairs
[M::blind-gpu] prepared pair buffers: n_diploid=5266 n_pairs=219532 n_block_keys=428980 n_steps=100
[I::fdg-gpu] blocklist CSR ready: edges=428980 avg_deg=81.46 max_deg=183
[M::hk_bmap_gen] generated 5266 beads
[M::hk_bmap_gen] 214355 bin pairs
[M::blind-gpu] prepared pair buffers: n_diploid=5266 n_pairs=219512 n_block_keys=428938 n_steps=100
[I::fdg-gpu] blocklist CSR ready: edges=428938 avg_deg=81.45 max_deg=183
[M::hk_bmap_gen] generated 5266 beads
[M::hk_bmap_gen] 214374 bin pairs
[M::blind-gpu] prepared pair buffers: n_diploid=5266 n_pairs=219531 n_block_keys=428976 n_steps=100
[I::fdg-gpu] blocklist CSR ready: edges=428976 avg_deg=81.46 max_deg=183
[M::hk_bmap_gen] generated 5266 beads
[M::hk_bmap_gen] 214242 bin pairs
[M::blind-gpu] prepared pair buffers: n_diploid=5266 n_pairs=219401 n_block_keys=428718 n_steps=100
[I::fdg-gpu] blocklist CSR ready: edges=428718 avg_deg=81.41 max_deg=184
[M::hk_bmap_gen] generated 5266 beads
[M::hk_bmap_gen] 214223 bin pairs
[M::blind-gpu] prepared pair buffers: n_diploid=5266 n_pairs=219378 n_block_keys=428672 n_steps=100
[I::fdg-gpu] blocklist CSR ready: edges=428672 avg_deg=81.40 max_deg=184
[M::hk_bmap_gen] generated 5266 beads
[M::hk_bmap_gen] 214246 bin pairs
[M::blind-gpu] prepared pair buffers: n_diploid=5266 n_pairs=219390 n_block_keys=428696 n_steps=100
[I::fdg-gpu] blocklist CSR ready: edges=428696 avg_deg=81.41 max_deg=184
[M::hk_bmap_gen] generated 5266 beads
[M::hk_bmap_gen] 214241 bin pairs
[M::blind-gpu] prepared pair buffers: n_diploid=5266 n_pairs=219385 n_block_keys=428688 n_steps=100
[I::fdg-gpu] blocklist CSR ready: edges=428688 avg_deg=81.41 max_deg=184
[M::hk_bmap_gen] generated 5266 beads
[M::hk_bmap_gen] 214200 bin pairs
[M::blind-gpu] prepared pair buffers: n_diploid=5266 n_pairs=219344 n_block_keys=428608 n_steps=100
[I::fdg-gpu] blocklist CSR ready: edges=428608 avg_deg=81.39 max_deg=184
[M::hk_bmap_gen] generated 5266 beads
[M::hk_bmap_gen] 214125 bin pairs
[M::blind-gpu] prepared pair buffers: n_diploid=5266 n_pairs=219256 n_block_keys=428432 n_steps=100
[I::fdg-gpu] blocklist CSR ready: edges=428432 avg_deg=81.36 max_deg=184
[M::hk_bmap_gen] generated 5266 beads
[M::hk_bmap_gen] 214074 bin pairs
[M::blind-gpu] prepared pair buffers: n_diploid=5266 n_pairs=219210 n_block_keys=428340 n_steps=100
[I::fdg-gpu] blocklist CSR ready: edges=428340 avg_deg=81.34 max_deg=185
[M::hk_bmap_gen] generated 5266 beads
[M::hk_bmap_gen] 214037 bin pairs
[M::blind-gpu] prepared pair buffers: n_diploid=5266 n_pairs=219174 n_block_keys=428270 n_steps=100
[I::fdg-gpu] blocklist CSR ready: edges=428270 avg_deg=81.33 max_deg=185
[M::hk_bmap_gen] generated 5266 beads
[M::hk_bmap_gen] 213964 bin pairs
[M::blind-gpu] prepared pair buffers: n_diploid=5266 n_pairs=219108 n_block_keys=428136 n_steps=100
[I::fdg-gpu] blocklist CSR ready: edges=428136 avg_deg=81.30 max_deg=185
[M::hk_bmap_gen] generated 5266 beads
[M::hk_bmap_gen] 213927 bin pairs
[M::blind-gpu] prepared pair buffers: n_diploid=5266 n_pairs=219068 n_block_keys=428056 n_steps=100
[I::fdg-gpu] blocklist CSR ready: edges=428056 avg_deg=81.29 max_deg=186
[M::hk_bmap_gen] generated 5266 beads
[M::hk_bmap_gen] 213908 bin pairs
[M::blind-gpu] prepared pair buffers: n_diploid=5266 n_pairs=219054 n_block_keys=428028 n_steps=100
[I::fdg-gpu] blocklist CSR ready: edges=428028 avg_deg=81.28 max_deg=186
[M::hk_bmap_gen] generated 5266 beads
[M::hk_bmap_gen] 213924 bin pairs
[M::blind-gpu] prepared pair buffers: n_diploid=5266 n_pairs=219065 n_block_keys=428048 n_steps=100
[I::fdg-gpu] blocklist CSR ready: edges=428048 avg_deg=81.29 max_deg=186
[M::hk_bmap_gen] generated 5266 beads
[M::hk_bmap_gen] 213883 bin pairs
[M::blind-gpu] prepared pair buffers: n_diploid=5266 n_pairs=219019 n_block_keys=427956 n_steps=100
[I::fdg-gpu] blocklist CSR ready: edges=427956 avg_deg=81.27 max_deg=185
[M::hk_bmap_gen] generated 5266 beads
[M::hk_bmap_gen] 213868 bin pairs
[M::blind-gpu] prepared pair buffers: n_diploid=5266 n_pairs=219018 n_block_keys=427954 n_steps=100
[I::fdg-gpu] blocklist CSR ready: edges=427954 avg_deg=81.27 max_deg=185
[M::hk_bmap_gen] generated 5266 beads
[M::hk_bmap_gen] 213842 bin pairs
[M::blind-gpu] prepared pair buffers: n_diploid=5266 n_pairs=218996 n_block_keys=427910 n_steps=100
[I::fdg-gpu] blocklist CSR ready: edges=427910 avg_deg=81.26 max_deg=185
[M::hk_bmap_gen] generated 5266 beads
[M::hk_bmap_gen] 213849 bin pairs
[M::blind-gpu] prepared pair buffers: n_diploid=5266 n_pairs=219003 n_block_keys=427924 n_steps=100
[I::fdg-gpu] blocklist CSR ready: edges=427924 avg_deg=81.26 max_deg=185
[M::hk_bmap_gen] generated 5266 beads
[M::hk_bmap_gen] 213829 bin pairs
[M::blind-gpu] prepared pair buffers: n_diploid=5266 n_pairs=218986 n_block_keys=427890 n_steps=100
[I::fdg-gpu] blocklist CSR ready: edges=427890 avg_deg=81.26 max_deg=185
[M::hk_bmap_gen] generated 5266 beads
[M::hk_bmap_gen] 213828 bin pairs
[M::blind-gpu] prepared pair buffers: n_diploid=5266 n_pairs=218984 n_block_keys=427886 n_steps=100
[I::fdg-gpu] blocklist CSR ready: edges=427886 avg_deg=81.25 max_deg=185
[M::hk_bmap_gen] generated 5266 beads
[M::hk_bmap_gen] 213815 bin pairs
[M::blind-gpu] prepared pair buffers: n_diploid=5266 n_pairs=218969 n_block_keys=427856 n_steps=100
[I::fdg-gpu] blocklist CSR ready: edges=427856 avg_deg=81.25 max_deg=186
[M::hk_bmap_gen] generated 5266 beads
[M::hk_bmap_gen] 213807 bin pairs
[M::blind-gpu] prepared pair buffers: n_diploid=5266 n_pairs=218962 n_block_keys=427842 n_steps=100
[I::fdg-gpu] blocklist CSR ready: edges=427842 avg_deg=81.25 max_deg=186
[M::hk_bmap_gen] generated 5266 beads
[M::hk_bmap_gen] 213814 bin pairs
[M::blind-gpu] prepared pair buffers: n_diploid=5266 n_pairs=218964 n_block_keys=427844 n_steps=100
[I::fdg-gpu] blocklist CSR ready: edges=427844 avg_deg=81.25 max_deg=186
[M::hk_bmap_gen] generated 5266 beads
[M::hk_bmap_gen] 213869 bin pairs
[M::blind-gpu] prepared pair buffers: n_diploid=5266 n_pairs=219022 n_block_keys=427958 n_steps=100
[I::fdg-gpu] blocklist CSR ready: edges=427958 avg_deg=81.27 max_deg=186
[M::hk_bmap_gen] generated 5266 beads
[M::hk_bmap_gen] 213862 bin pairs
[M::blind-gpu] prepared pair buffers: n_diploid=5266 n_pairs=219008 n_block_keys=427930 n_steps=100
[I::fdg-gpu] blocklist CSR ready: edges=427930 avg_deg=81.26 max_deg=186
[M::hk_bmap_gen] generated 5266 beads
[M::hk_bmap_gen] 213849 bin pairs
[M::blind-gpu] prepared pair buffers: n_diploid=5266 n_pairs=218996 n_block_keys=427906 n_steps=100
[I::fdg-gpu] blocklist CSR ready: edges=427906 avg_deg=81.26 max_deg=186
[M::hk_bmap_gen] generated 5266 beads
[M::hk_bmap_gen] 213837 bin pairs
[M::blind-gpu] prepared pair buffers: n_diploid=5266 n_pairs=218984 n_block_keys=427882 n_steps=100
[I::fdg-gpu] blocklist CSR ready: edges=427882 avg_deg=81.25 max_deg=186
[M::hk_bmap_gen] generated 5266 beads
[M::hk_bmap_gen] 213807 bin pairs
[M::blind-gpu] prepared pair buffers: n_diploid=5266 n_pairs=218954 n_block_keys=427822 n_steps=100
[I::fdg-gpu] blocklist CSR ready: edges=427822 avg_deg=81.24 max_deg=185
[M::hk_bmap_gen] generated 5266 beads
[M::hk_bmap_gen] 213784 bin pairs
[M::blind-gpu] prepared pair buffers: n_diploid=5266 n_pairs=218931 n_block_keys=427776 n_steps=100
[I::fdg-gpu] blocklist CSR ready: edges=427776 avg_deg=81.23 max_deg=185
[M::hk_bmap_gen] generated 5266 beads
[M::hk_bmap_gen] 213756 bin pairs
[M::blind-gpu] prepared pair buffers: n_diploid=5266 n_pairs=218900 n_block_keys=427714 n_steps=100
[I::fdg-gpu] blocklist CSR ready: edges=427714 avg_deg=81.22 max_deg=185
[M::hk_bmap_gen] generated 5266 beads
[M::hk_bmap_gen] 213720 bin pairs
[M::blind-gpu] prepared pair buffers: n_diploid=5266 n_pairs=218858 n_block_keys=427632 n_steps=100
[I::fdg-gpu] blocklist CSR ready: edges=427632 avg_deg=81.21 max_deg=185
[M::hk_bmap_gen] generated 5266 beads
[M::hk_bmap_gen] 213705 bin pairs
[M::blind-gpu] prepared pair buffers: n_diploid=5266 n_pairs=218856 n_block_keys=427628 n_steps=100
[I::fdg-gpu] blocklist CSR ready: edges=427628 avg_deg=81.21 max_deg=185
[M::hk_bmap_gen] generated 5266 beads
[M::hk_bmap_gen] 213734 bin pairs
[M::blind-gpu] prepared pair buffers: n_diploid=5266 n_pairs=218885 n_block_keys=427686 n_steps=100
[I::fdg-gpu] blocklist CSR ready: edges=427686 avg_deg=81.22 max_deg=185
[M::hk_bmap_gen] generated 5266 beads
[M::hk_bmap_gen] 213778 bin pairs
[M::blind-gpu] prepared pair buffers: n_diploid=5266 n_pairs=218932 n_block_keys=427780 n_steps=100
[I::fdg-gpu] blocklist CSR ready: edges=427780 avg_deg=81.23 max_deg=184
[M::hk_bmap_gen] generated 5266 beads
[M::hk_bmap_gen] 213789 bin pairs
[M::blind-gpu] prepared pair buffers: n_diploid=5266 n_pairs=218944 n_block_keys=427804 n_steps=100
[I::fdg-gpu] blocklist CSR ready: edges=427804 avg_deg=81.24 max_deg=184
[M::hk_bmap_gen] generated 5266 beads
[M::hk_bmap_gen] 213785 bin pairs
[M::blind-gpu] prepared pair buffers: n_diploid=5266 n_pairs=218941 n_block_keys=427796 n_steps=100
[I::fdg-gpu] blocklist CSR ready: edges=427796 avg_deg=81.24 max_deg=184
[M::hk_bmap_gen] generated 5266 beads
[M::hk_bmap_gen] 213836 bin pairs
[M::blind-gpu] prepared pair buffers: n_diploid=5266 n_pairs=218993 n_block_keys=427900 n_steps=100
[I::fdg-gpu] blocklist CSR ready: edges=427900 avg_deg=81.26 max_deg=184
[M::hk_bmap_gen] generated 5266 beads
[M::hk_bmap_gen] 213825 bin pairs
[M::blind-gpu] prepared pair buffers: n_diploid=5266 n_pairs=218980 n_block_keys=427874 n_steps=100
[I::fdg-gpu] blocklist CSR ready: edges=427874 avg_deg=81.25 max_deg=184
[M::hk_bmap_gen] generated 5266 beads
[M::hk_bmap_gen] 213829 bin pairs
[M::blind-gpu] prepared pair buffers: n_diploid=5266 n_pairs=218989 n_block_keys=427892 n_steps=100
[I::fdg-gpu] blocklist CSR ready: edges=427892 avg_deg=81.26 max_deg=184
[M::hk_bmap_gen] generated 5266 beads
[M::hk_bmap_gen] 213871 bin pairs
[M::blind-gpu] prepared pair buffers: n_diploid=5266 n_pairs=219030 n_block_keys=427974 n_steps=100
[I::fdg-gpu] blocklist CSR ready: edges=427974 avg_deg=81.27 max_deg=184
[M::hk_bmap_gen] generated 5266 beads
[M::hk_bmap_gen] 213865 bin pairs
[M::blind-gpu] prepared pair buffers: n_diploid=5266 n_pairs=219026 n_block_keys=427966 n_steps=100
[I::fdg-gpu] blocklist CSR ready: edges=427966 avg_deg=81.27 max_deg=184
[M::hk_bmap_gen] generated 5266 beads
[M::hk_bmap_gen] 213885 bin pairs
[M::blind-gpu] prepared pair buffers: n_diploid=5266 n_pairs=219045 n_block_keys=428004 n_steps=100
[I::fdg-gpu] blocklist CSR ready: edges=428004 avg_deg=81.28 max_deg=184
[M::hk_bmap_gen] generated 5266 beads
[M::hk_bmap_gen] 213885 bin pairs
[M::blind-gpu] prepared pair buffers: n_diploid=5266 n_pairs=219043 n_block_keys=428000 n_steps=100
[I::fdg-gpu] blocklist CSR ready: edges=428000 avg_deg=81.28 max_deg=185
[M::hk_bmap_gen] generated 5266 beads
[M::hk_bmap_gen] 213884 bin pairs
[M::blind-gpu] prepared pair buffers: n_diploid=5266 n_pairs=219042 n_block_keys=427998 n_steps=100
[I::fdg-gpu] blocklist CSR ready: edges=427998 avg_deg=81.28 max_deg=185
[M::hk_bmap_gen] generated 5266 beads
[M::hk_bmap_gen] 213891 bin pairs
[M::blind-gpu] prepared pair buffers: n_diploid=5266 n_pairs=219049 n_block_keys=428014 n_steps=100
[I::fdg-gpu] blocklist CSR ready: edges=428014 avg_deg=81.28 max_deg=186
[M::hk_bmap_gen] generated 5266 beads
[M::hk_bmap_gen] 213881 bin pairs
[M::blind-gpu] prepared pair buffers: n_diploid=5266 n_pairs=219039 n_block_keys=427994 n_steps=100
[I::fdg-gpu] blocklist CSR ready: edges=427994 avg_deg=81.27 max_deg=185
[M::hk_bmap_gen] generated 5266 beads
[M::hk_bmap_gen] 213885 bin pairs
[M::blind-gpu] prepared pair buffers: n_diploid=5266 n_pairs=219040 n_block_keys=427996 n_steps=100
[I::fdg-gpu] blocklist CSR ready: edges=427996 avg_deg=81.28 max_deg=185
[M::hk_bmap_gen] generated 5266 beads
[M::hk_bmap_gen] 213874 bin pairs
[M::blind-gpu] prepared pair buffers: n_diploid=5266 n_pairs=219031 n_block_keys=427978 n_steps=100
[I::fdg-gpu] blocklist CSR ready: edges=427978 avg_deg=81.27 max_deg=187
[M::hk_bmap_gen] generated 5266 beads
[M::hk_bmap_gen] 213878 bin pairs
[M::blind-gpu] prepared pair buffers: n_diploid=5266 n_pairs=219032 n_block_keys=427980 n_steps=100
[I::fdg-gpu] blocklist CSR ready: edges=427980 avg_deg=81.27 max_deg=187
[M::hk_bmap_gen] generated 5266 beads
[M::hk_bmap_gen] 213848 bin pairs
[M::blind-gpu] prepared pair buffers: n_diploid=5266 n_pairs=219002 n_block_keys=427920 n_steps=100
[I::fdg-gpu] blocklist CSR ready: edges=427920 avg_deg=81.26 max_deg=187
[M::hk_bmap_gen] generated 5266 beads
[M::hk_bmap_gen] 213835 bin pairs
[M::blind-gpu] prepared pair buffers: n_diploid=5266 n_pairs=218990 n_block_keys=427896 n_steps=100
[I::fdg-gpu] blocklist CSR ready: edges=427896 avg_deg=81.26 max_deg=187
[M::hk_bmap_gen] generated 5266 beads
[M::hk_bmap_gen] 213815 bin pairs
[M::blind-gpu] prepared pair buffers: n_diploid=5266 n_pairs=218970 n_block_keys=427856 n_steps=100
[I::fdg-gpu] blocklist CSR ready: edges=427856 avg_deg=81.25 max_deg=187
[M::hk_bmap_gen] generated 5266 beads
[M::hk_bmap_gen] 213837 bin pairs
[M::blind-gpu] prepared pair buffers: n_diploid=5266 n_pairs=218990 n_block_keys=427896 n_steps=100
[I::fdg-gpu] blocklist CSR ready: edges=427896 avg_deg=81.26 max_deg=187
[M::hk_bmap_gen] generated 5266 beads
[M::hk_bmap_gen] 213815 bin pairs
[M::blind-gpu] prepared pair buffers: n_diploid=5266 n_pairs=218964 n_block_keys=427846 n_steps=100
[I::fdg-gpu] blocklist CSR ready: edges=427846 avg_deg=81.25 max_deg=187
[M::hk_bmap_gen] generated 5266 beads
[M::hk_bmap_gen] 213812 bin pairs
[M::blind-gpu] prepared pair buffers: n_diploid=5266 n_pairs=218963 n_block_keys=427844 n_steps=100
[I::fdg-gpu] blocklist CSR ready: edges=427844 avg_deg=81.25 max_deg=187
[M::hk_bmap_gen] generated 5266 beads
[M::hk_bmap_gen] 213804 bin pairs
[M::blind-gpu] prepared pair buffers: n_diploid=5266 n_pairs=218953 n_block_keys=427824 n_steps=100
[I::fdg-gpu] blocklist CSR ready: edges=427824 avg_deg=81.24 max_deg=187
[M::hk_bmap_gen] generated 5266 beads
[M::hk_bmap_gen] 213776 bin pairs
[M::blind-gpu] prepared pair buffers: n_diploid=5266 n_pairs=218927 n_block_keys=427772 n_steps=100
[I::fdg-gpu] blocklist CSR ready: edges=427772 avg_deg=81.23 max_deg=187
[M::hk_bmap_gen] generated 5266 beads
[M::hk_bmap_gen] 213772 bin pairs
[M::blind-gpu] prepared pair buffers: n_diploid=5266 n_pairs=218920 n_block_keys=427758 n_steps=100
[I::fdg-gpu] blocklist CSR ready: edges=427758 avg_deg=81.23 max_deg=187
[M::hk_bmap_gen] generated 5266 beads
[M::hk_bmap_gen] 213783 bin pairs
[M::blind-gpu] prepared pair buffers: n_diploid=5266 n_pairs=218929 n_block_keys=427776 n_steps=100
[I::fdg-gpu] blocklist CSR ready: edges=427776 avg_deg=81.23 max_deg=187
[M::hk_bmap_gen] generated 5266 beads
[M::hk_bmap_gen] 213760 bin pairs
[M::blind-gpu] prepared pair buffers: n_diploid=5266 n_pairs=218909 n_block_keys=427736 n_steps=100
[I::fdg-gpu] blocklist CSR ready: edges=427736 avg_deg=81.23 max_deg=187
minimal P9016[1m]: write outputs to /mnt/ssd/zliu/phase3/test_res/035-20260619_143807-p9016_copytrack_entropy_combo_1m/outputs/p9016_pcgamma1_td1_baseline_sep0_lct0_gct0
[M::hk_bmap_gen] generated 5266 beads
[M::hk_bmap_gen] 213757 bin pairs
minimal P9016[1m]: status=OK final_entropy=0.61175758 final_pU=0.44128978
minimal P9016: summary /mnt/ssd/zliu/phase3/test_res/035-20260619_143807-p9016_copytrack_entropy_combo_1m/outputs/matrix_summary.tsv
