minimal P9016: input=/shared/zliu/CHARM/CHARM_mesc/data/pairs/P9016.pairs.gz output_root=/mnt/ssd/zliu/phase3/test_res/019-20260618_224538-p9016_copytrack_continuity_1m/outputs config=p9016_pcgamma1_copytrack0p01_sep_off_ieps0p5_noise0_seed17 baseline=softall n_iter=100 relax_steps=100 relax_step=0.012 chain=0 init_mode=unphased_scaffold_split init_eps=0.5 init_noise=0 init_scale=10 init_seed=17 min_sep=0 lambda_sep=0 lambda_copytrack=0.0099999998 d_scale_mode=posterior_count d_scale_input=posterior_count d_scale_formula=n_raw*posterior_prob^1 d_scale_gamma=1 d_scale_eps=1e-06 relax_backend=gpu
minimal P9016: stage 1/1 name=1m bin_size_bp=1000000 parent=0
[M::hk_map_read] read 1703888 pairs
[M::hk_bmap_gen] generated 2633 beads
[M::hk_bmap_gen] 489556 bin pairs
minimal P9016[1m]: build binned contacts
minimal P9016[1m]: init mode=unphased_scaffold_split seed=17 scale=10
[M::hk_fdg] mid_dist:1000000 max_nei:69
[M::hk_fdg1_cpu] iter:10 elapsed:0.33s rep_coef:0.2092 RMS_force:367.1874 n_rep:43.0820 energy:25.1082,6.6566,0.0049 dist:5.6169,6.6204,1.4501
[M::hk_fdg1_cpu] iter:20 elapsed:0.80s rep_coef:0.6615 RMS_force:336.9308 n_rep:157.7303 energy:7.7515,3.4068,0.0177 dist:3.4076,4.2658,1.4016
[M::hk_fdg1_cpu] iter:30 elapsed:1.75s rep_coef:0.9352 RMS_force:226.0828 n_rep:592.3505 energy:1.8327,1.0566,0.0354 dist:1.9896,2.3234,1.2554
[M::hk_fdg1_cpu] iter:40 elapsed:3.16s rep_coef:0.9907 RMS_force:132.8226 n_rep:808.7839 energy:0.5357,0.4158,0.0366 dist:1.4081,1.7237,1.2560
[M::hk_fdg1_cpu] iter:50 elapsed:4.63s rep_coef:0.9987 RMS_force:99.3491 n_rep:815.5837 energy:0.1678,0.2703,0.0325 dist:1.0643,1.6062,1.3142
minimal P9016[1m]: run softall, n_iter=100 relax_steps=100 relax_step=0.012 relax_backend=gpu
[M::hk_bmap_gen] generated 5266 beads
[M::hk_bmap_gen] 287142 bin pairs
[M::blind-gpu] prepared pair buffers: n_diploid=5266 n_pairs=292308 n_block_keys=574524 n_steps=100
[I::fdg-gpu] blocklist CSR ready: edges=574524 avg_deg=109.10 max_deg=193
[M::hk_bmap_gen] generated 5266 beads
[M::hk_bmap_gen] 286181 bin pairs
[M::blind-gpu] prepared pair buffers: n_diploid=5266 n_pairs=291287 n_block_keys=572478 n_steps=100
[I::fdg-gpu] blocklist CSR ready: edges=572478 avg_deg=108.71 max_deg=201
[M::hk_bmap_gen] generated 5266 beads
[M::hk_bmap_gen] 270735 bin pairs
[M::blind-gpu] prepared pair buffers: n_diploid=5266 n_pairs=275837 n_block_keys=541576 n_steps=100
[I::fdg-gpu] blocklist CSR ready: edges=541576 avg_deg=102.84 max_deg=202
[M::hk_bmap_gen] generated 5266 beads
[M::hk_bmap_gen] 256948 bin pairs
[M::blind-gpu] prepared pair buffers: n_diploid=5266 n_pairs=262031 n_block_keys=513970 n_steps=100
[I::fdg-gpu] blocklist CSR ready: edges=513970 avg_deg=97.60 max_deg=207
[M::hk_bmap_gen] generated 5266 beads
[M::hk_bmap_gen] 245376 bin pairs
[M::blind-gpu] prepared pair buffers: n_diploid=5266 n_pairs=250434 n_block_keys=490780 n_steps=100
[I::fdg-gpu] blocklist CSR ready: edges=490780 avg_deg=93.20 max_deg=203
[M::hk_bmap_gen] generated 5266 beads
[M::hk_bmap_gen] 236805 bin pairs
[M::blind-gpu] prepared pair buffers: n_diploid=5266 n_pairs=241909 n_block_keys=473732 n_steps=100
[I::fdg-gpu] blocklist CSR ready: edges=473732 avg_deg=89.96 max_deg=201
[M::hk_bmap_gen] generated 5266 beads
[M::hk_bmap_gen] 230694 bin pairs
[M::blind-gpu] prepared pair buffers: n_diploid=5266 n_pairs=235785 n_block_keys=461488 n_steps=100
[I::fdg-gpu] blocklist CSR ready: edges=461488 avg_deg=87.64 max_deg=199
[M::hk_bmap_gen] generated 5266 beads
[M::hk_bmap_gen] 225430 bin pairs
[M::blind-gpu] prepared pair buffers: n_diploid=5266 n_pairs=230523 n_block_keys=450960 n_steps=100
[I::fdg-gpu] blocklist CSR ready: edges=450960 avg_deg=85.64 max_deg=201
[M::hk_bmap_gen] generated 5266 beads
[M::hk_bmap_gen] 221943 bin pairs
[M::blind-gpu] prepared pair buffers: n_diploid=5266 n_pairs=227060 n_block_keys=444030 n_steps=100
[I::fdg-gpu] blocklist CSR ready: edges=444030 avg_deg=84.32 max_deg=199
[M::hk_bmap_gen] generated 5266 beads
[M::hk_bmap_gen] 219512 bin pairs
[M::blind-gpu] prepared pair buffers: n_diploid=5266 n_pairs=224634 n_block_keys=439186 n_steps=100
[I::fdg-gpu] blocklist CSR ready: edges=439186 avg_deg=83.40 max_deg=194
[M::hk_bmap_gen] generated 5266 beads
[M::hk_bmap_gen] 217512 bin pairs
[M::blind-gpu] prepared pair buffers: n_diploid=5266 n_pairs=222637 n_block_keys=435192 n_steps=100
[I::fdg-gpu] blocklist CSR ready: edges=435192 avg_deg=82.64 max_deg=195
[M::hk_bmap_gen] generated 5266 beads
[M::hk_bmap_gen] 216659 bin pairs
[M::blind-gpu] prepared pair buffers: n_diploid=5266 n_pairs=221791 n_block_keys=433492 n_steps=100
[I::fdg-gpu] blocklist CSR ready: edges=433492 avg_deg=82.32 max_deg=191
[M::hk_bmap_gen] generated 5266 beads
[M::hk_bmap_gen] 216148 bin pairs
[M::blind-gpu] prepared pair buffers: n_diploid=5266 n_pairs=221267 n_block_keys=432450 n_steps=100
[I::fdg-gpu] blocklist CSR ready: edges=432450 avg_deg=82.12 max_deg=189
[M::hk_bmap_gen] generated 5266 beads
[M::hk_bmap_gen] 215986 bin pairs
[M::blind-gpu] prepared pair buffers: n_diploid=5266 n_pairs=221112 n_block_keys=432134 n_steps=100
[I::fdg-gpu] blocklist CSR ready: edges=432134 avg_deg=82.06 max_deg=186
[M::hk_bmap_gen] generated 5266 beads
[M::hk_bmap_gen] 216059 bin pairs
[M::blind-gpu] prepared pair buffers: n_diploid=5266 n_pairs=221198 n_block_keys=432306 n_steps=100
[I::fdg-gpu] blocklist CSR ready: edges=432306 avg_deg=82.09 max_deg=183
[M::hk_bmap_gen] generated 5266 beads
[M::hk_bmap_gen] 215888 bin pairs
[M::blind-gpu] prepared pair buffers: n_diploid=5266 n_pairs=221040 n_block_keys=431992 n_steps=100
[I::fdg-gpu] blocklist CSR ready: edges=431992 avg_deg=82.03 max_deg=181
[M::hk_bmap_gen] generated 5266 beads
[M::hk_bmap_gen] 215956 bin pairs
[M::blind-gpu] prepared pair buffers: n_diploid=5266 n_pairs=221103 n_block_keys=432114 n_steps=100
[I::fdg-gpu] blocklist CSR ready: edges=432114 avg_deg=82.06 max_deg=181
[M::hk_bmap_gen] generated 5266 beads
[M::hk_bmap_gen] 215983 bin pairs
[M::blind-gpu] prepared pair buffers: n_diploid=5266 n_pairs=221125 n_block_keys=432154 n_steps=100
[I::fdg-gpu] blocklist CSR ready: edges=432154 avg_deg=82.06 max_deg=181
[M::hk_bmap_gen] generated 5266 beads
[M::hk_bmap_gen] 215875 bin pairs
[M::blind-gpu] prepared pair buffers: n_diploid=5266 n_pairs=221028 n_block_keys=431960 n_steps=100
[I::fdg-gpu] blocklist CSR ready: edges=431960 avg_deg=82.03 max_deg=181
[M::hk_bmap_gen] generated 5266 beads
[M::hk_bmap_gen] 215729 bin pairs
[M::blind-gpu] prepared pair buffers: n_diploid=5266 n_pairs=220861 n_block_keys=431630 n_steps=100
[I::fdg-gpu] blocklist CSR ready: edges=431630 avg_deg=81.97 max_deg=181
[M::hk_bmap_gen] generated 5266 beads
[M::hk_bmap_gen] 215540 bin pairs
[M::blind-gpu] prepared pair buffers: n_diploid=5266 n_pairs=220687 n_block_keys=431286 n_steps=100
[I::fdg-gpu] blocklist CSR ready: edges=431286 avg_deg=81.90 max_deg=181
[M::hk_bmap_gen] generated 5266 beads
[M::hk_bmap_gen] 215561 bin pairs
[M::blind-gpu] prepared pair buffers: n_diploid=5266 n_pairs=220707 n_block_keys=431328 n_steps=100
[I::fdg-gpu] blocklist CSR ready: edges=431328 avg_deg=81.91 max_deg=181
[M::hk_bmap_gen] generated 5266 beads
[M::hk_bmap_gen] 215491 bin pairs
[M::blind-gpu] prepared pair buffers: n_diploid=5266 n_pairs=220637 n_block_keys=431190 n_steps=100
[I::fdg-gpu] blocklist CSR ready: edges=431190 avg_deg=81.88 max_deg=181
[M::hk_bmap_gen] generated 5266 beads
[M::hk_bmap_gen] 215406 bin pairs
[M::blind-gpu] prepared pair buffers: n_diploid=5266 n_pairs=220555 n_block_keys=431028 n_steps=100
[I::fdg-gpu] blocklist CSR ready: edges=431028 avg_deg=81.85 max_deg=181
[M::hk_bmap_gen] generated 5266 beads
[M::hk_bmap_gen] 215292 bin pairs
[M::blind-gpu] prepared pair buffers: n_diploid=5266 n_pairs=220428 n_block_keys=430776 n_steps=100
[I::fdg-gpu] blocklist CSR ready: edges=430776 avg_deg=81.80 max_deg=181
[M::hk_bmap_gen] generated 5266 beads
[M::hk_bmap_gen] 215138 bin pairs
[M::blind-gpu] prepared pair buffers: n_diploid=5266 n_pairs=220294 n_block_keys=430506 n_steps=100
[I::fdg-gpu] blocklist CSR ready: edges=430506 avg_deg=81.75 max_deg=182
[M::hk_bmap_gen] generated 5266 beads
[M::hk_bmap_gen] 215064 bin pairs
[M::blind-gpu] prepared pair buffers: n_diploid=5266 n_pairs=220206 n_block_keys=430332 n_steps=100
[I::fdg-gpu] blocklist CSR ready: edges=430332 avg_deg=81.72 max_deg=182
[M::hk_bmap_gen] generated 5266 beads
[M::hk_bmap_gen] 215104 bin pairs
[M::blind-gpu] prepared pair buffers: n_diploid=5266 n_pairs=220247 n_block_keys=430412 n_steps=100
[I::fdg-gpu] blocklist CSR ready: edges=430412 avg_deg=81.73 max_deg=183
[M::hk_bmap_gen] generated 5266 beads
[M::hk_bmap_gen] 215004 bin pairs
[M::blind-gpu] prepared pair buffers: n_diploid=5266 n_pairs=220150 n_block_keys=430222 n_steps=100
[I::fdg-gpu] blocklist CSR ready: edges=430222 avg_deg=81.70 max_deg=183
[M::hk_bmap_gen] generated 5266 beads
[M::hk_bmap_gen] 214956 bin pairs
[M::blind-gpu] prepared pair buffers: n_diploid=5266 n_pairs=220104 n_block_keys=430128 n_steps=100
[I::fdg-gpu] blocklist CSR ready: edges=430128 avg_deg=81.68 max_deg=183
[M::hk_bmap_gen] generated 5266 beads
[M::hk_bmap_gen] 214900 bin pairs
[M::blind-gpu] prepared pair buffers: n_diploid=5266 n_pairs=220047 n_block_keys=430014 n_steps=100
[I::fdg-gpu] blocklist CSR ready: edges=430014 avg_deg=81.66 max_deg=183
[M::hk_bmap_gen] generated 5266 beads
[M::hk_bmap_gen] 214800 bin pairs
[M::blind-gpu] prepared pair buffers: n_diploid=5266 n_pairs=219960 n_block_keys=429842 n_steps=100
[I::fdg-gpu] blocklist CSR ready: edges=429842 avg_deg=81.63 max_deg=185
[M::hk_bmap_gen] generated 5266 beads
[M::hk_bmap_gen] 214744 bin pairs
[M::blind-gpu] prepared pair buffers: n_diploid=5266 n_pairs=219896 n_block_keys=429716 n_steps=100
[I::fdg-gpu] blocklist CSR ready: edges=429716 avg_deg=81.60 max_deg=184
[M::hk_bmap_gen] generated 5266 beads
[M::hk_bmap_gen] 214686 bin pairs
[M::blind-gpu] prepared pair buffers: n_diploid=5266 n_pairs=219838 n_block_keys=429600 n_steps=100
[I::fdg-gpu] blocklist CSR ready: edges=429600 avg_deg=81.58 max_deg=184
[M::hk_bmap_gen] generated 5266 beads
[M::hk_bmap_gen] 214655 bin pairs
[M::blind-gpu] prepared pair buffers: n_diploid=5266 n_pairs=219803 n_block_keys=429532 n_steps=100
[I::fdg-gpu] blocklist CSR ready: edges=429532 avg_deg=81.57 max_deg=183
[M::hk_bmap_gen] generated 5266 beads
[M::hk_bmap_gen] 214480 bin pairs
[M::blind-gpu] prepared pair buffers: n_diploid=5266 n_pairs=219631 n_block_keys=429186 n_steps=100
[I::fdg-gpu] blocklist CSR ready: edges=429186 avg_deg=81.50 max_deg=183
[M::hk_bmap_gen] generated 5266 beads
[M::hk_bmap_gen] 214507 bin pairs
[M::blind-gpu] prepared pair buffers: n_diploid=5266 n_pairs=219656 n_block_keys=429232 n_steps=100
[I::fdg-gpu] blocklist CSR ready: edges=429232 avg_deg=81.51 max_deg=183
[M::hk_bmap_gen] generated 5266 beads
[M::hk_bmap_gen] 214593 bin pairs
[M::blind-gpu] prepared pair buffers: n_diploid=5266 n_pairs=219748 n_block_keys=429416 n_steps=100
[I::fdg-gpu] blocklist CSR ready: edges=429416 avg_deg=81.55 max_deg=185
[M::hk_bmap_gen] generated 5266 beads
[M::hk_bmap_gen] 214573 bin pairs
[M::blind-gpu] prepared pair buffers: n_diploid=5266 n_pairs=219726 n_block_keys=429372 n_steps=100
[I::fdg-gpu] blocklist CSR ready: edges=429372 avg_deg=81.54 max_deg=184
[M::hk_bmap_gen] generated 5266 beads
[M::hk_bmap_gen] 214534 bin pairs
[M::blind-gpu] prepared pair buffers: n_diploid=5266 n_pairs=219687 n_block_keys=429296 n_steps=100
[I::fdg-gpu] blocklist CSR ready: edges=429296 avg_deg=81.52 max_deg=184
[M::hk_bmap_gen] generated 5266 beads
[M::hk_bmap_gen] 214433 bin pairs
[M::blind-gpu] prepared pair buffers: n_diploid=5266 n_pairs=219587 n_block_keys=429096 n_steps=100
[I::fdg-gpu] blocklist CSR ready: edges=429096 avg_deg=81.48 max_deg=185
[M::hk_bmap_gen] generated 5266 beads
[M::hk_bmap_gen] 214456 bin pairs
[M::blind-gpu] prepared pair buffers: n_diploid=5266 n_pairs=219614 n_block_keys=429152 n_steps=100
[I::fdg-gpu] blocklist CSR ready: edges=429152 avg_deg=81.49 max_deg=185
[M::hk_bmap_gen] generated 5266 beads
[M::hk_bmap_gen] 214387 bin pairs
[M::blind-gpu] prepared pair buffers: n_diploid=5266 n_pairs=219553 n_block_keys=429032 n_steps=100
[I::fdg-gpu] blocklist CSR ready: edges=429032 avg_deg=81.47 max_deg=185
[M::hk_bmap_gen] generated 5266 beads
[M::hk_bmap_gen] 214338 bin pairs
[M::blind-gpu] prepared pair buffers: n_diploid=5266 n_pairs=219490 n_block_keys=428904 n_steps=100
[I::fdg-gpu] blocklist CSR ready: edges=428904 avg_deg=81.45 max_deg=185
[M::hk_bmap_gen] generated 5266 beads
[M::hk_bmap_gen] 214252 bin pairs
[M::blind-gpu] prepared pair buffers: n_diploid=5266 n_pairs=219405 n_block_keys=428734 n_steps=100
[I::fdg-gpu] blocklist CSR ready: edges=428734 avg_deg=81.42 max_deg=185
[M::hk_bmap_gen] generated 5266 beads
[M::hk_bmap_gen] 214181 bin pairs
[M::blind-gpu] prepared pair buffers: n_diploid=5266 n_pairs=219339 n_block_keys=428602 n_steps=100
[I::fdg-gpu] blocklist CSR ready: edges=428602 avg_deg=81.39 max_deg=185
[M::hk_bmap_gen] generated 5266 beads
[M::hk_bmap_gen] 214139 bin pairs
[M::blind-gpu] prepared pair buffers: n_diploid=5266 n_pairs=219298 n_block_keys=428520 n_steps=100
[I::fdg-gpu] blocklist CSR ready: edges=428520 avg_deg=81.37 max_deg=185
[M::hk_bmap_gen] generated 5266 beads
[M::hk_bmap_gen] 214048 bin pairs
[M::blind-gpu] prepared pair buffers: n_diploid=5266 n_pairs=219199 n_block_keys=428322 n_steps=100
[I::fdg-gpu] blocklist CSR ready: edges=428322 avg_deg=81.34 max_deg=185
[M::hk_bmap_gen] generated 5266 beads
[M::hk_bmap_gen] 214010 bin pairs
[M::blind-gpu] prepared pair buffers: n_diploid=5266 n_pairs=219163 n_block_keys=428248 n_steps=100
[I::fdg-gpu] blocklist CSR ready: edges=428248 avg_deg=81.32 max_deg=185
[M::hk_bmap_gen] generated 5266 beads
[M::hk_bmap_gen] 213964 bin pairs
[M::blind-gpu] prepared pair buffers: n_diploid=5266 n_pairs=219109 n_block_keys=428140 n_steps=100
[I::fdg-gpu] blocklist CSR ready: edges=428140 avg_deg=81.30 max_deg=185
[M::hk_bmap_gen] generated 5266 beads
[M::hk_bmap_gen] 213933 bin pairs
[M::blind-gpu] prepared pair buffers: n_diploid=5266 n_pairs=219075 n_block_keys=428070 n_steps=100
[I::fdg-gpu] blocklist CSR ready: edges=428070 avg_deg=81.29 max_deg=185
[M::hk_bmap_gen] generated 5266 beads
[M::hk_bmap_gen] 213879 bin pairs
[M::blind-gpu] prepared pair buffers: n_diploid=5266 n_pairs=219031 n_block_keys=427978 n_steps=100
[I::fdg-gpu] blocklist CSR ready: edges=427978 avg_deg=81.27 max_deg=185
[M::hk_bmap_gen] generated 5266 beads
[M::hk_bmap_gen] 213914 bin pairs
[M::blind-gpu] prepared pair buffers: n_diploid=5266 n_pairs=219063 n_block_keys=428038 n_steps=100
[I::fdg-gpu] blocklist CSR ready: edges=428038 avg_deg=81.28 max_deg=186
[M::hk_bmap_gen] generated 5266 beads
[M::hk_bmap_gen] 213902 bin pairs
[M::blind-gpu] prepared pair buffers: n_diploid=5266 n_pairs=219060 n_block_keys=428032 n_steps=100
[I::fdg-gpu] blocklist CSR ready: edges=428032 avg_deg=81.28 max_deg=186
[M::hk_bmap_gen] generated 5266 beads
[M::hk_bmap_gen] 213862 bin pairs
[M::blind-gpu] prepared pair buffers: n_diploid=5266 n_pairs=219013 n_block_keys=427938 n_steps=100
[I::fdg-gpu] blocklist CSR ready: edges=427938 avg_deg=81.26 max_deg=186
[M::hk_bmap_gen] generated 5266 beads
[M::hk_bmap_gen] 213793 bin pairs
[M::blind-gpu] prepared pair buffers: n_diploid=5266 n_pairs=218944 n_block_keys=427800 n_steps=100
[I::fdg-gpu] blocklist CSR ready: edges=427800 avg_deg=81.24 max_deg=186
[M::hk_bmap_gen] generated 5266 beads
[M::hk_bmap_gen] 213782 bin pairs
[M::blind-gpu] prepared pair buffers: n_diploid=5266 n_pairs=218932 n_block_keys=427776 n_steps=100
[I::fdg-gpu] blocklist CSR ready: edges=427776 avg_deg=81.23 max_deg=186
[M::hk_bmap_gen] generated 5266 beads
[M::hk_bmap_gen] 213753 bin pairs
[M::blind-gpu] prepared pair buffers: n_diploid=5266 n_pairs=218907 n_block_keys=427732 n_steps=100
[I::fdg-gpu] blocklist CSR ready: edges=427732 avg_deg=81.23 max_deg=186
[M::hk_bmap_gen] generated 5266 beads
[M::hk_bmap_gen] 213750 bin pairs
[M::blind-gpu] prepared pair buffers: n_diploid=5266 n_pairs=218903 n_block_keys=427724 n_steps=100
[I::fdg-gpu] blocklist CSR ready: edges=427724 avg_deg=81.22 max_deg=186
[M::hk_bmap_gen] generated 5266 beads
[M::hk_bmap_gen] 213714 bin pairs
[M::blind-gpu] prepared pair buffers: n_diploid=5266 n_pairs=218866 n_block_keys=427650 n_steps=100
[I::fdg-gpu] blocklist CSR ready: edges=427650 avg_deg=81.21 max_deg=186
[M::hk_bmap_gen] generated 5266 beads
[M::hk_bmap_gen] 213704 bin pairs
[M::blind-gpu] prepared pair buffers: n_diploid=5266 n_pairs=218855 n_block_keys=427628 n_steps=100
[I::fdg-gpu] blocklist CSR ready: edges=427628 avg_deg=81.21 max_deg=186
[M::hk_bmap_gen] generated 5266 beads
[M::hk_bmap_gen] 213695 bin pairs
[M::blind-gpu] prepared pair buffers: n_diploid=5266 n_pairs=218840 n_block_keys=427598 n_steps=100
[I::fdg-gpu] blocklist CSR ready: edges=427598 avg_deg=81.20 max_deg=186
[M::hk_bmap_gen] generated 5266 beads
[M::hk_bmap_gen] 213667 bin pairs
[M::blind-gpu] prepared pair buffers: n_diploid=5266 n_pairs=218819 n_block_keys=427556 n_steps=100
[I::fdg-gpu] blocklist CSR ready: edges=427556 avg_deg=81.19 max_deg=186
[M::hk_bmap_gen] generated 5266 beads
[M::hk_bmap_gen] 213677 bin pairs
[M::blind-gpu] prepared pair buffers: n_diploid=5266 n_pairs=218830 n_block_keys=427578 n_steps=100
[I::fdg-gpu] blocklist CSR ready: edges=427578 avg_deg=81.20 max_deg=186
[M::hk_bmap_gen] generated 5266 beads
[M::hk_bmap_gen] 213710 bin pairs
[M::blind-gpu] prepared pair buffers: n_diploid=5266 n_pairs=218861 n_block_keys=427640 n_steps=100
[I::fdg-gpu] blocklist CSR ready: edges=427640 avg_deg=81.21 max_deg=186
[M::hk_bmap_gen] generated 5266 beads
[M::hk_bmap_gen] 213769 bin pairs
[M::blind-gpu] prepared pair buffers: n_diploid=5266 n_pairs=218921 n_block_keys=427760 n_steps=100
[I::fdg-gpu] blocklist CSR ready: edges=427760 avg_deg=81.23 max_deg=186
[M::hk_bmap_gen] generated 5266 beads
[M::hk_bmap_gen] 213746 bin pairs
[M::blind-gpu] prepared pair buffers: n_diploid=5266 n_pairs=218893 n_block_keys=427704 n_steps=100
[I::fdg-gpu] blocklist CSR ready: edges=427704 avg_deg=81.22 max_deg=186
[M::hk_bmap_gen] generated 5266 beads
[M::hk_bmap_gen] 213753 bin pairs
[M::blind-gpu] prepared pair buffers: n_diploid=5266 n_pairs=218903 n_block_keys=427724 n_steps=100
[I::fdg-gpu] blocklist CSR ready: edges=427724 avg_deg=81.22 max_deg=185
[M::hk_bmap_gen] generated 5266 beads
[M::hk_bmap_gen] 213791 bin pairs
[M::blind-gpu] prepared pair buffers: n_diploid=5266 n_pairs=218938 n_block_keys=427794 n_steps=100
[I::fdg-gpu] blocklist CSR ready: edges=427794 avg_deg=81.24 max_deg=185
[M::hk_bmap_gen] generated 5266 beads
[M::hk_bmap_gen] 213766 bin pairs
[M::blind-gpu] prepared pair buffers: n_diploid=5266 n_pairs=218914 n_block_keys=427746 n_steps=100
[I::fdg-gpu] blocklist CSR ready: edges=427746 avg_deg=81.23 max_deg=185
[M::hk_bmap_gen] generated 5266 beads
[M::hk_bmap_gen] 213776 bin pairs
[M::blind-gpu] prepared pair buffers: n_diploid=5266 n_pairs=218926 n_block_keys=427770 n_steps=100
[I::fdg-gpu] blocklist CSR ready: edges=427770 avg_deg=81.23 max_deg=185
[M::hk_bmap_gen] generated 5266 beads
[M::hk_bmap_gen] 213796 bin pairs
[M::blind-gpu] prepared pair buffers: n_diploid=5266 n_pairs=218946 n_block_keys=427810 n_steps=100
[I::fdg-gpu] blocklist CSR ready: edges=427810 avg_deg=81.24 max_deg=185
[M::hk_bmap_gen] generated 5266 beads
[M::hk_bmap_gen] 213800 bin pairs
[M::blind-gpu] prepared pair buffers: n_diploid=5266 n_pairs=218948 n_block_keys=427814 n_steps=100
[I::fdg-gpu] blocklist CSR ready: edges=427814 avg_deg=81.24 max_deg=185
[M::hk_bmap_gen] generated 5266 beads
[M::hk_bmap_gen] 213786 bin pairs
[M::blind-gpu] prepared pair buffers: n_diploid=5266 n_pairs=218931 n_block_keys=427780 n_steps=100
[I::fdg-gpu] blocklist CSR ready: edges=427780 avg_deg=81.23 max_deg=185
[M::hk_bmap_gen] generated 5266 beads
[M::hk_bmap_gen] 213781 bin pairs
[M::blind-gpu] prepared pair buffers: n_diploid=5266 n_pairs=218930 n_block_keys=427778 n_steps=100
[I::fdg-gpu] blocklist CSR ready: edges=427778 avg_deg=81.23 max_deg=185
[M::hk_bmap_gen] generated 5266 beads
[M::hk_bmap_gen] 213790 bin pairs
[M::blind-gpu] prepared pair buffers: n_diploid=5266 n_pairs=218935 n_block_keys=427788 n_steps=100
[I::fdg-gpu] blocklist CSR ready: edges=427788 avg_deg=81.24 max_deg=185
[M::hk_bmap_gen] generated 5266 beads
[M::hk_bmap_gen] 213806 bin pairs
[M::blind-gpu] prepared pair buffers: n_diploid=5266 n_pairs=218952 n_block_keys=427822 n_steps=100
[I::fdg-gpu] blocklist CSR ready: edges=427822 avg_deg=81.24 max_deg=185
[M::hk_bmap_gen] generated 5266 beads
[M::hk_bmap_gen] 213813 bin pairs
[M::blind-gpu] prepared pair buffers: n_diploid=5266 n_pairs=218959 n_block_keys=427836 n_steps=100
[I::fdg-gpu] blocklist CSR ready: edges=427836 avg_deg=81.24 max_deg=185
[M::hk_bmap_gen] generated 5266 beads
[M::hk_bmap_gen] 213817 bin pairs
[M::blind-gpu] prepared pair buffers: n_diploid=5266 n_pairs=218965 n_block_keys=427848 n_steps=100
[I::fdg-gpu] blocklist CSR ready: edges=427848 avg_deg=81.25 max_deg=184
[M::hk_bmap_gen] generated 5266 beads
[M::hk_bmap_gen] 213818 bin pairs
[M::blind-gpu] prepared pair buffers: n_diploid=5266 n_pairs=218966 n_block_keys=427850 n_steps=100
[I::fdg-gpu] blocklist CSR ready: edges=427850 avg_deg=81.25 max_deg=185
[M::hk_bmap_gen] generated 5266 beads
[M::hk_bmap_gen] 213837 bin pairs
[M::blind-gpu] prepared pair buffers: n_diploid=5266 n_pairs=218985 n_block_keys=427888 n_steps=100
[I::fdg-gpu] blocklist CSR ready: edges=427888 avg_deg=81.25 max_deg=185
[M::hk_bmap_gen] generated 5266 beads
[M::hk_bmap_gen] 213824 bin pairs
[M::blind-gpu] prepared pair buffers: n_diploid=5266 n_pairs=218976 n_block_keys=427872 n_steps=100
[I::fdg-gpu] blocklist CSR ready: edges=427872 avg_deg=81.25 max_deg=185
[M::hk_bmap_gen] generated 5266 beads
[M::hk_bmap_gen] 213819 bin pairs
[M::blind-gpu] prepared pair buffers: n_diploid=5266 n_pairs=218970 n_block_keys=427860 n_steps=100
[I::fdg-gpu] blocklist CSR ready: edges=427860 avg_deg=81.25 max_deg=185
[M::hk_bmap_gen] generated 5266 beads
[M::hk_bmap_gen] 213797 bin pairs
[M::blind-gpu] prepared pair buffers: n_diploid=5266 n_pairs=218945 n_block_keys=427810 n_steps=100
[I::fdg-gpu] blocklist CSR ready: edges=427810 avg_deg=81.24 max_deg=185
[M::hk_bmap_gen] generated 5266 beads
[M::hk_bmap_gen] 213769 bin pairs
[M::blind-gpu] prepared pair buffers: n_diploid=5266 n_pairs=218915 n_block_keys=427750 n_steps=100
[I::fdg-gpu] blocklist CSR ready: edges=427750 avg_deg=81.23 max_deg=185
[M::hk_bmap_gen] generated 5266 beads
[M::hk_bmap_gen] 213764 bin pairs
[M::blind-gpu] prepared pair buffers: n_diploid=5266 n_pairs=218910 n_block_keys=427740 n_steps=100
[I::fdg-gpu] blocklist CSR ready: edges=427740 avg_deg=81.23 max_deg=185
[M::hk_bmap_gen] generated 5266 beads
[M::hk_bmap_gen] 213763 bin pairs
[M::blind-gpu] prepared pair buffers: n_diploid=5266 n_pairs=218910 n_block_keys=427740 n_steps=100
[I::fdg-gpu] blocklist CSR ready: edges=427740 avg_deg=81.23 max_deg=185
[M::hk_bmap_gen] generated 5266 beads
[M::hk_bmap_gen] 213748 bin pairs
[M::blind-gpu] prepared pair buffers: n_diploid=5266 n_pairs=218896 n_block_keys=427712 n_steps=100
[I::fdg-gpu] blocklist CSR ready: edges=427712 avg_deg=81.22 max_deg=185
[M::hk_bmap_gen] generated 5266 beads
[M::hk_bmap_gen] 213726 bin pairs
[M::blind-gpu] prepared pair buffers: n_diploid=5266 n_pairs=218872 n_block_keys=427664 n_steps=100
[I::fdg-gpu] blocklist CSR ready: edges=427664 avg_deg=81.21 max_deg=185
[M::hk_bmap_gen] generated 5266 beads
[M::hk_bmap_gen] 213708 bin pairs
[M::blind-gpu] prepared pair buffers: n_diploid=5266 n_pairs=218856 n_block_keys=427632 n_steps=100
[I::fdg-gpu] blocklist CSR ready: edges=427632 avg_deg=81.21 max_deg=185
[M::hk_bmap_gen] generated 5266 beads
[M::hk_bmap_gen] 213699 bin pairs
[M::blind-gpu] prepared pair buffers: n_diploid=5266 n_pairs=218844 n_block_keys=427608 n_steps=100
[I::fdg-gpu] blocklist CSR ready: edges=427608 avg_deg=81.20 max_deg=185
[M::hk_bmap_gen] generated 5266 beads
[M::hk_bmap_gen] 213701 bin pairs
[M::blind-gpu] prepared pair buffers: n_diploid=5266 n_pairs=218847 n_block_keys=427614 n_steps=100
[I::fdg-gpu] blocklist CSR ready: edges=427614 avg_deg=81.20 max_deg=185
[M::hk_bmap_gen] generated 5266 beads
[M::hk_bmap_gen] 213703 bin pairs
[M::blind-gpu] prepared pair buffers: n_diploid=5266 n_pairs=218846 n_block_keys=427614 n_steps=100
[I::fdg-gpu] blocklist CSR ready: edges=427614 avg_deg=81.20 max_deg=184
[M::hk_bmap_gen] generated 5266 beads
[M::hk_bmap_gen] 213697 bin pairs
[M::blind-gpu] prepared pair buffers: n_diploid=5266 n_pairs=218845 n_block_keys=427612 n_steps=100
[I::fdg-gpu] blocklist CSR ready: edges=427612 avg_deg=81.20 max_deg=184
[M::hk_bmap_gen] generated 5266 beads
[M::hk_bmap_gen] 213688 bin pairs
[M::blind-gpu] prepared pair buffers: n_diploid=5266 n_pairs=218838 n_block_keys=427598 n_steps=100
[I::fdg-gpu] blocklist CSR ready: edges=427598 avg_deg=81.20 max_deg=184
[M::hk_bmap_gen] generated 5266 beads
[M::hk_bmap_gen] 213676 bin pairs
[M::blind-gpu] prepared pair buffers: n_diploid=5266 n_pairs=218823 n_block_keys=427568 n_steps=100
[I::fdg-gpu] blocklist CSR ready: edges=427568 avg_deg=81.19 max_deg=184
[M::hk_bmap_gen] generated 5266 beads
[M::hk_bmap_gen] 213686 bin pairs
[M::blind-gpu] prepared pair buffers: n_diploid=5266 n_pairs=218830 n_block_keys=427582 n_steps=100
[I::fdg-gpu] blocklist CSR ready: edges=427582 avg_deg=81.20 max_deg=182
[M::hk_bmap_gen] generated 5266 beads
[M::hk_bmap_gen] 213683 bin pairs
[M::blind-gpu] prepared pair buffers: n_diploid=5266 n_pairs=218830 n_block_keys=427582 n_steps=100
[I::fdg-gpu] blocklist CSR ready: edges=427582 avg_deg=81.20 max_deg=182
[M::hk_bmap_gen] generated 5266 beads
[M::hk_bmap_gen] 213658 bin pairs
[M::blind-gpu] prepared pair buffers: n_diploid=5266 n_pairs=218808 n_block_keys=427538 n_steps=100
[I::fdg-gpu] blocklist CSR ready: edges=427538 avg_deg=81.19 max_deg=182
[M::hk_bmap_gen] generated 5266 beads
[M::hk_bmap_gen] 213670 bin pairs
[M::blind-gpu] prepared pair buffers: n_diploid=5266 n_pairs=218821 n_block_keys=427564 n_steps=100
[I::fdg-gpu] blocklist CSR ready: edges=427564 avg_deg=81.19 max_deg=182
minimal P9016[1m]: write outputs to /mnt/ssd/zliu/phase3/test_res/019-20260618_224538-p9016_copytrack_continuity_1m/outputs/p9016_pcgamma1_copytrack0p01_sep_off_ieps0p5_noise0_seed17
[M::hk_bmap_gen] generated 5266 beads
[M::hk_bmap_gen] 213676 bin pairs
minimal P9016[1m]: status=OK final_entropy=0.61022681 final_pU=0.44018558
minimal P9016: summary /mnt/ssd/zliu/phase3/test_res/019-20260618_224538-p9016_copytrack_continuity_1m/outputs/matrix_summary.tsv
