minimal P9016: input=/mnt/shared/zliu/CHARM/CHARM_mesc/data/pairs/P9016.pairs.gz output_root=/mnt/ssd/zliu/phase3/test_res/006-20260616_161250-p9016_softall_random_diploid_4m_1m_chain/outputs baseline=softall n_iter=100 relax_steps=100 relax_step=0.012 chain=1 init_mode=random_diploid init_scale=10 init_seed=17 relax_backend=gpu
minimal P9016: stage 1/2 name=4m bin_size_bp=4000000 parent=0
[M::hk_map_read] read 1703888 pairs
[M::hk_bmap_gen] generated 659 beads
[M::hk_bmap_gen] 170758 bin pairs
minimal P9016[4m]: build binned contacts
minimal P9016[4m]: init mode=random_diploid seed=17 scale=10
minimal P9016[4m]: run softall, n_iter=100 relax_steps=100 relax_step=0.012 relax_backend=gpu
[M::hk_bmap_gen] generated 5266 beads
[M::hk_bmap_gen] 180939 bin pairs
[M::blind-gpu] prepared pair buffers: n_diploid=1318 n_pairs=125108 n_block_keys=120344 n_steps=100
[I::fdg-gpu] blocklist CSR ready: edges=120344 avg_deg=91.31 max_deg=210
[M::hk_bmap_gen] generated 5266 beads
[M::hk_bmap_gen] 227335 bin pairs
[M::blind-gpu] prepared pair buffers: n_diploid=1318 n_pairs=175704 n_block_keys=107924 n_steps=100
[I::fdg-gpu] blocklist CSR ready: edges=107924 avg_deg=81.88 max_deg=195
[M::hk_bmap_gen] generated 5266 beads
[M::hk_bmap_gen] 218670 bin pairs
[M::blind-gpu] prepared pair buffers: n_diploid=1318 n_pairs=168207 n_block_keys=114572 n_steps=100
[I::fdg-gpu] blocklist CSR ready: edges=114572 avg_deg=86.93 max_deg=204
[M::hk_bmap_gen] generated 5266 beads
[M::hk_bmap_gen] 211652 bin pairs
[M::blind-gpu] prepared pair buffers: n_diploid=1318 n_pairs=162456 n_block_keys=115888 n_steps=100
[I::fdg-gpu] blocklist CSR ready: edges=115888 avg_deg=87.93 max_deg=216
[M::hk_bmap_gen] generated 5266 beads
[M::hk_bmap_gen] 208826 bin pairs
[M::blind-gpu] prepared pair buffers: n_diploid=1318 n_pairs=159936 n_block_keys=116950 n_steps=100
[I::fdg-gpu] blocklist CSR ready: edges=116950 avg_deg=88.73 max_deg=235
[M::hk_bmap_gen] generated 5266 beads
[M::hk_bmap_gen] 207083 bin pairs
[M::blind-gpu] prepared pair buffers: n_diploid=1318 n_pairs=158413 n_block_keys=117970 n_steps=100
[I::fdg-gpu] blocklist CSR ready: edges=117970 avg_deg=89.51 max_deg=240
[M::hk_bmap_gen] generated 5266 beads
[M::hk_bmap_gen] 205777 bin pairs
[M::blind-gpu] prepared pair buffers: n_diploid=1318 n_pairs=157234 n_block_keys=118628 n_steps=100
[I::fdg-gpu] blocklist CSR ready: edges=118628 avg_deg=90.01 max_deg=243
[M::hk_bmap_gen] generated 5266 beads
[M::hk_bmap_gen] 205033 bin pairs
[M::blind-gpu] prepared pair buffers: n_diploid=1318 n_pairs=156482 n_block_keys=119160 n_steps=100
[I::fdg-gpu] blocklist CSR ready: edges=119160 avg_deg=90.41 max_deg=247
[M::hk_bmap_gen] generated 5266 beads
[M::hk_bmap_gen] 204034 bin pairs
[M::blind-gpu] prepared pair buffers: n_diploid=1318 n_pairs=155599 n_block_keys=119330 n_steps=100
[I::fdg-gpu] blocklist CSR ready: edges=119330 avg_deg=90.54 max_deg=245
[M::hk_bmap_gen] generated 5266 beads
[M::hk_bmap_gen] 202978 bin pairs
[M::blind-gpu] prepared pair buffers: n_diploid=1318 n_pairs=154932 n_block_keys=119644 n_steps=100
[I::fdg-gpu] blocklist CSR ready: edges=119644 avg_deg=90.78 max_deg=247
[M::hk_bmap_gen] generated 5266 beads
[M::hk_bmap_gen] 202059 bin pairs
[M::blind-gpu] prepared pair buffers: n_diploid=1318 n_pairs=154187 n_block_keys=119892 n_steps=100
[I::fdg-gpu] blocklist CSR ready: edges=119892 avg_deg=90.97 max_deg=251
[M::hk_bmap_gen] generated 5266 beads
[M::hk_bmap_gen] 201439 bin pairs
[M::blind-gpu] prepared pair buffers: n_diploid=1318 n_pairs=153684 n_block_keys=119920 n_steps=100
[I::fdg-gpu] blocklist CSR ready: edges=119920 avg_deg=90.99 max_deg=256
[M::hk_bmap_gen] generated 5266 beads
[M::hk_bmap_gen] 200585 bin pairs
[M::blind-gpu] prepared pair buffers: n_diploid=1318 n_pairs=152973 n_block_keys=119898 n_steps=100
[I::fdg-gpu] blocklist CSR ready: edges=119898 avg_deg=90.97 max_deg=255
[M::hk_bmap_gen] generated 5266 beads
[M::hk_bmap_gen] 200351 bin pairs
[M::blind-gpu] prepared pair buffers: n_diploid=1318 n_pairs=152750 n_block_keys=120196 n_steps=100
[I::fdg-gpu] blocklist CSR ready: edges=120196 avg_deg=91.20 max_deg=255
[M::hk_bmap_gen] generated 5266 beads
[M::hk_bmap_gen] 199603 bin pairs
[M::blind-gpu] prepared pair buffers: n_diploid=1318 n_pairs=152166 n_block_keys=120112 n_steps=100
[I::fdg-gpu] blocklist CSR ready: edges=120112 avg_deg=91.13 max_deg=258
[M::hk_bmap_gen] generated 5266 beads
[M::hk_bmap_gen] 198848 bin pairs
[M::blind-gpu] prepared pair buffers: n_diploid=1318 n_pairs=151544 n_block_keys=119874 n_steps=100
[I::fdg-gpu] blocklist CSR ready: edges=119874 avg_deg=90.95 max_deg=262
[M::hk_bmap_gen] generated 5266 beads
[M::hk_bmap_gen] 198388 bin pairs
[M::blind-gpu] prepared pair buffers: n_diploid=1318 n_pairs=151185 n_block_keys=119996 n_steps=100
[I::fdg-gpu] blocklist CSR ready: edges=119996 avg_deg=91.04 max_deg=259
[M::hk_bmap_gen] generated 5266 beads
[M::hk_bmap_gen] 198219 bin pairs
[M::blind-gpu] prepared pair buffers: n_diploid=1318 n_pairs=150932 n_block_keys=120050 n_steps=100
[I::fdg-gpu] blocklist CSR ready: edges=120050 avg_deg=91.08 max_deg=260
[M::hk_bmap_gen] generated 5266 beads
[M::hk_bmap_gen] 197824 bin pairs
[M::blind-gpu] prepared pair buffers: n_diploid=1318 n_pairs=150542 n_block_keys=120112 n_steps=100
[I::fdg-gpu] blocklist CSR ready: edges=120112 avg_deg=91.13 max_deg=260
[M::hk_bmap_gen] generated 5266 beads
[M::hk_bmap_gen] 197414 bin pairs
[M::blind-gpu] prepared pair buffers: n_diploid=1318 n_pairs=150298 n_block_keys=120152 n_steps=100
[I::fdg-gpu] blocklist CSR ready: edges=120152 avg_deg=91.16 max_deg=262
[M::hk_bmap_gen] generated 5266 beads
[M::hk_bmap_gen] 197119 bin pairs
[M::blind-gpu] prepared pair buffers: n_diploid=1318 n_pairs=150004 n_block_keys=120074 n_steps=100
[I::fdg-gpu] blocklist CSR ready: edges=120074 avg_deg=91.10 max_deg=264
[M::hk_bmap_gen] generated 5266 beads
[M::hk_bmap_gen] 196808 bin pairs
[M::blind-gpu] prepared pair buffers: n_diploid=1318 n_pairs=149671 n_block_keys=120072 n_steps=100
[I::fdg-gpu] blocklist CSR ready: edges=120072 avg_deg=91.10 max_deg=264
[M::hk_bmap_gen] generated 5266 beads
[M::hk_bmap_gen] 196178 bin pairs
[M::blind-gpu] prepared pair buffers: n_diploid=1318 n_pairs=149204 n_block_keys=119932 n_steps=100
[I::fdg-gpu] blocklist CSR ready: edges=119932 avg_deg=91.00 max_deg=265
[M::hk_bmap_gen] generated 5266 beads
[M::hk_bmap_gen] 195758 bin pairs
[M::blind-gpu] prepared pair buffers: n_diploid=1318 n_pairs=148824 n_block_keys=119816 n_steps=100
[I::fdg-gpu] blocklist CSR ready: edges=119816 avg_deg=90.91 max_deg=265
[M::hk_bmap_gen] generated 5266 beads
[M::hk_bmap_gen] 195163 bin pairs
[M::blind-gpu] prepared pair buffers: n_diploid=1318 n_pairs=148359 n_block_keys=119888 n_steps=100
[I::fdg-gpu] blocklist CSR ready: edges=119888 avg_deg=90.96 max_deg=267
[M::hk_bmap_gen] generated 5266 beads
[M::hk_bmap_gen] 194661 bin pairs
[M::blind-gpu] prepared pair buffers: n_diploid=1318 n_pairs=147889 n_block_keys=119756 n_steps=100
[I::fdg-gpu] blocklist CSR ready: edges=119756 avg_deg=90.86 max_deg=266
[M::hk_bmap_gen] generated 5266 beads
[M::hk_bmap_gen] 193677 bin pairs
[M::blind-gpu] prepared pair buffers: n_diploid=1318 n_pairs=147161 n_block_keys=119520 n_steps=100
[I::fdg-gpu] blocklist CSR ready: edges=119520 avg_deg=90.68 max_deg=267
[M::hk_bmap_gen] generated 5266 beads
[M::hk_bmap_gen] 192985 bin pairs
[M::blind-gpu] prepared pair buffers: n_diploid=1318 n_pairs=146555 n_block_keys=119282 n_steps=100
[I::fdg-gpu] blocklist CSR ready: edges=119282 avg_deg=90.50 max_deg=268
[M::hk_bmap_gen] generated 5266 beads
[M::hk_bmap_gen] 192613 bin pairs
[M::blind-gpu] prepared pair buffers: n_diploid=1318 n_pairs=146237 n_block_keys=119276 n_steps=100
[I::fdg-gpu] blocklist CSR ready: edges=119276 avg_deg=90.50 max_deg=269
[M::hk_bmap_gen] generated 5266 beads
[M::hk_bmap_gen] 192272 bin pairs
[M::blind-gpu] prepared pair buffers: n_diploid=1318 n_pairs=146004 n_block_keys=119306 n_steps=100
[I::fdg-gpu] blocklist CSR ready: edges=119306 avg_deg=90.52 max_deg=269
[M::hk_bmap_gen] generated 5266 beads
[M::hk_bmap_gen] 191867 bin pairs
[M::blind-gpu] prepared pair buffers: n_diploid=1318 n_pairs=145737 n_block_keys=119132 n_steps=100
[I::fdg-gpu] blocklist CSR ready: edges=119132 avg_deg=90.39 max_deg=269
[M::hk_bmap_gen] generated 5266 beads
[M::hk_bmap_gen] 191789 bin pairs
[M::blind-gpu] prepared pair buffers: n_diploid=1318 n_pairs=145681 n_block_keys=119240 n_steps=100
[I::fdg-gpu] blocklist CSR ready: edges=119240 avg_deg=90.47 max_deg=269
[M::hk_bmap_gen] generated 5266 beads
[M::hk_bmap_gen] 191609 bin pairs
[M::blind-gpu] prepared pair buffers: n_diploid=1318 n_pairs=145595 n_block_keys=119074 n_steps=100
[I::fdg-gpu] blocklist CSR ready: edges=119074 avg_deg=90.34 max_deg=267
[M::hk_bmap_gen] generated 5266 beads
[M::hk_bmap_gen] 192461 bin pairs
[M::blind-gpu] prepared pair buffers: n_diploid=1318 n_pairs=146122 n_block_keys=119238 n_steps=100
[I::fdg-gpu] blocklist CSR ready: edges=119238 avg_deg=90.47 max_deg=266
[M::hk_bmap_gen] generated 5266 beads
[M::hk_bmap_gen] 192082 bin pairs
[M::blind-gpu] prepared pair buffers: n_diploid=1318 n_pairs=145879 n_block_keys=119174 n_steps=100
[I::fdg-gpu] blocklist CSR ready: edges=119174 avg_deg=90.42 max_deg=266
[M::hk_bmap_gen] generated 5266 beads
[M::hk_bmap_gen] 192216 bin pairs
[M::blind-gpu] prepared pair buffers: n_diploid=1318 n_pairs=145944 n_block_keys=119258 n_steps=100
[I::fdg-gpu] blocklist CSR ready: edges=119258 avg_deg=90.48 max_deg=267
[M::hk_bmap_gen] generated 5266 beads
[M::hk_bmap_gen] 191627 bin pairs
[M::blind-gpu] prepared pair buffers: n_diploid=1318 n_pairs=145456 n_block_keys=118972 n_steps=100
[I::fdg-gpu] blocklist CSR ready: edges=118972 avg_deg=90.27 max_deg=267
[M::hk_bmap_gen] generated 5266 beads
[M::hk_bmap_gen] 191666 bin pairs
[M::blind-gpu] prepared pair buffers: n_diploid=1318 n_pairs=145487 n_block_keys=119028 n_steps=100
[I::fdg-gpu] blocklist CSR ready: edges=119028 avg_deg=90.31 max_deg=267
[M::hk_bmap_gen] generated 5266 beads
[M::hk_bmap_gen] 191157 bin pairs
[M::blind-gpu] prepared pair buffers: n_diploid=1318 n_pairs=145146 n_block_keys=118916 n_steps=100
[I::fdg-gpu] blocklist CSR ready: edges=118916 avg_deg=90.22 max_deg=266
[M::hk_bmap_gen] generated 5266 beads
[M::hk_bmap_gen] 191186 bin pairs
[M::blind-gpu] prepared pair buffers: n_diploid=1318 n_pairs=145133 n_block_keys=118994 n_steps=100
[I::fdg-gpu] blocklist CSR ready: edges=118994 avg_deg=90.28 max_deg=267
[M::hk_bmap_gen] generated 5266 beads
[M::hk_bmap_gen] 190803 bin pairs
[M::blind-gpu] prepared pair buffers: n_diploid=1318 n_pairs=144864 n_block_keys=118922 n_steps=100
[I::fdg-gpu] blocklist CSR ready: edges=118922 avg_deg=90.23 max_deg=265
[M::hk_bmap_gen] generated 5266 beads
[M::hk_bmap_gen] 191020 bin pairs
[M::blind-gpu] prepared pair buffers: n_diploid=1318 n_pairs=145015 n_block_keys=118970 n_steps=100
[I::fdg-gpu] blocklist CSR ready: edges=118970 avg_deg=90.27 max_deg=266
[M::hk_bmap_gen] generated 5266 beads
[M::hk_bmap_gen] 190888 bin pairs
[M::blind-gpu] prepared pair buffers: n_diploid=1318 n_pairs=144874 n_block_keys=118836 n_steps=100
[I::fdg-gpu] blocklist CSR ready: edges=118836 avg_deg=90.16 max_deg=265
[M::hk_bmap_gen] generated 5266 beads
[M::hk_bmap_gen] 191099 bin pairs
[M::blind-gpu] prepared pair buffers: n_diploid=1318 n_pairs=145085 n_block_keys=119020 n_steps=100
[I::fdg-gpu] blocklist CSR ready: edges=119020 avg_deg=90.30 max_deg=266
[M::hk_bmap_gen] generated 5266 beads
[M::hk_bmap_gen] 190585 bin pairs
[M::blind-gpu] prepared pair buffers: n_diploid=1318 n_pairs=144718 n_block_keys=119014 n_steps=100
[I::fdg-gpu] blocklist CSR ready: edges=119014 avg_deg=90.30 max_deg=266
[M::hk_bmap_gen] generated 5266 beads
[M::hk_bmap_gen] 190402 bin pairs
[M::blind-gpu] prepared pair buffers: n_diploid=1318 n_pairs=144556 n_block_keys=119080 n_steps=100
[I::fdg-gpu] blocklist CSR ready: edges=119080 avg_deg=90.35 max_deg=267
[M::hk_bmap_gen] generated 5266 beads
[M::hk_bmap_gen] 190410 bin pairs
[M::blind-gpu] prepared pair buffers: n_diploid=1318 n_pairs=144568 n_block_keys=119058 n_steps=100
[I::fdg-gpu] blocklist CSR ready: edges=119058 avg_deg=90.33 max_deg=267
[M::hk_bmap_gen] generated 5266 beads
[M::hk_bmap_gen] 190290 bin pairs
[M::blind-gpu] prepared pair buffers: n_diploid=1318 n_pairs=144411 n_block_keys=118910 n_steps=100
[I::fdg-gpu] blocklist CSR ready: edges=118910 avg_deg=90.22 max_deg=267
[M::hk_bmap_gen] generated 5266 beads
[M::hk_bmap_gen] 190323 bin pairs
[M::blind-gpu] prepared pair buffers: n_diploid=1318 n_pairs=144424 n_block_keys=118868 n_steps=100
[I::fdg-gpu] blocklist CSR ready: edges=118868 avg_deg=90.19 max_deg=267
[M::hk_bmap_gen] generated 5266 beads
[M::hk_bmap_gen] 190612 bin pairs
[M::blind-gpu] prepared pair buffers: n_diploid=1318 n_pairs=144693 n_block_keys=118886 n_steps=100
[I::fdg-gpu] blocklist CSR ready: edges=118886 avg_deg=90.20 max_deg=266
[M::hk_bmap_gen] generated 5266 beads
[M::hk_bmap_gen] 192199 bin pairs
[M::blind-gpu] prepared pair buffers: n_diploid=1318 n_pairs=145923 n_block_keys=119506 n_steps=100
[I::fdg-gpu] blocklist CSR ready: edges=119506 avg_deg=90.67 max_deg=267
[M::hk_bmap_gen] generated 5266 beads
[M::hk_bmap_gen] 191391 bin pairs
[M::blind-gpu] prepared pair buffers: n_diploid=1318 n_pairs=145231 n_block_keys=119250 n_steps=100
[I::fdg-gpu] blocklist CSR ready: edges=119250 avg_deg=90.48 max_deg=266
[M::hk_bmap_gen] generated 5266 beads
[M::hk_bmap_gen] 191619 bin pairs
[M::blind-gpu] prepared pair buffers: n_diploid=1318 n_pairs=145480 n_block_keys=119240 n_steps=100
[I::fdg-gpu] blocklist CSR ready: edges=119240 avg_deg=90.47 max_deg=265
[M::hk_bmap_gen] generated 5266 beads
[M::hk_bmap_gen] 191226 bin pairs
[M::blind-gpu] prepared pair buffers: n_diploid=1318 n_pairs=145137 n_block_keys=119112 n_steps=100
[I::fdg-gpu] blocklist CSR ready: edges=119112 avg_deg=90.37 max_deg=267
[M::hk_bmap_gen] generated 5266 beads
[M::hk_bmap_gen] 191477 bin pairs
[M::blind-gpu] prepared pair buffers: n_diploid=1318 n_pairs=145361 n_block_keys=119094 n_steps=100
[I::fdg-gpu] blocklist CSR ready: edges=119094 avg_deg=90.36 max_deg=266
[M::hk_bmap_gen] generated 5266 beads
[M::hk_bmap_gen] 190897 bin pairs
[M::blind-gpu] prepared pair buffers: n_diploid=1318 n_pairs=144916 n_block_keys=119062 n_steps=100
[I::fdg-gpu] blocklist CSR ready: edges=119062 avg_deg=90.34 max_deg=266
[M::hk_bmap_gen] generated 5266 beads
[M::hk_bmap_gen] 191266 bin pairs
[M::blind-gpu] prepared pair buffers: n_diploid=1318 n_pairs=145130 n_block_keys=119030 n_steps=100
[I::fdg-gpu] blocklist CSR ready: edges=119030 avg_deg=90.31 max_deg=266
[M::hk_bmap_gen] generated 5266 beads
[M::hk_bmap_gen] 190982 bin pairs
[M::blind-gpu] prepared pair buffers: n_diploid=1318 n_pairs=144950 n_block_keys=119084 n_steps=100
[I::fdg-gpu] blocklist CSR ready: edges=119084 avg_deg=90.35 max_deg=265
[M::hk_bmap_gen] generated 5266 beads
[M::hk_bmap_gen] 191207 bin pairs
[M::blind-gpu] prepared pair buffers: n_diploid=1318 n_pairs=145100 n_block_keys=118982 n_steps=100
[I::fdg-gpu] blocklist CSR ready: edges=118982 avg_deg=90.27 max_deg=267
[M::hk_bmap_gen] generated 5266 beads
[M::hk_bmap_gen] 190761 bin pairs
[M::blind-gpu] prepared pair buffers: n_diploid=1318 n_pairs=144731 n_block_keys=119044 n_steps=100
[I::fdg-gpu] blocklist CSR ready: edges=119044 avg_deg=90.32 max_deg=266
[M::hk_bmap_gen] generated 5266 beads
[M::hk_bmap_gen] 191227 bin pairs
[M::blind-gpu] prepared pair buffers: n_diploid=1318 n_pairs=145142 n_block_keys=119090 n_steps=100
[I::fdg-gpu] blocklist CSR ready: edges=119090 avg_deg=90.36 max_deg=266
[M::hk_bmap_gen] generated 5266 beads
[M::hk_bmap_gen] 191300 bin pairs
[M::blind-gpu] prepared pair buffers: n_diploid=1318 n_pairs=145217 n_block_keys=119192 n_steps=100
[I::fdg-gpu] blocklist CSR ready: edges=119192 avg_deg=90.43 max_deg=265
[M::hk_bmap_gen] generated 5266 beads
[M::hk_bmap_gen] 191500 bin pairs
[M::blind-gpu] prepared pair buffers: n_diploid=1318 n_pairs=145322 n_block_keys=119110 n_steps=100
[I::fdg-gpu] blocklist CSR ready: edges=119110 avg_deg=90.37 max_deg=266
[M::hk_bmap_gen] generated 5266 beads
[M::hk_bmap_gen] 190982 bin pairs
[M::blind-gpu] prepared pair buffers: n_diploid=1318 n_pairs=144962 n_block_keys=119118 n_steps=100
[I::fdg-gpu] blocklist CSR ready: edges=119118 avg_deg=90.38 max_deg=266
[M::hk_bmap_gen] generated 5266 beads
[M::hk_bmap_gen] 191159 bin pairs
[M::blind-gpu] prepared pair buffers: n_diploid=1318 n_pairs=145173 n_block_keys=119126 n_steps=100
[I::fdg-gpu] blocklist CSR ready: edges=119126 avg_deg=90.38 max_deg=267
[M::hk_bmap_gen] generated 5266 beads
[M::hk_bmap_gen] 191017 bin pairs
[M::blind-gpu] prepared pair buffers: n_diploid=1318 n_pairs=145002 n_block_keys=119116 n_steps=100
[I::fdg-gpu] blocklist CSR ready: edges=119116 avg_deg=90.38 max_deg=265
[M::hk_bmap_gen] generated 5266 beads
[M::hk_bmap_gen] 191172 bin pairs
[M::blind-gpu] prepared pair buffers: n_diploid=1318 n_pairs=145084 n_block_keys=119082 n_steps=100
[I::fdg-gpu] blocklist CSR ready: edges=119082 avg_deg=90.35 max_deg=266
[M::hk_bmap_gen] generated 5266 beads
[M::hk_bmap_gen] 190575 bin pairs
[M::blind-gpu] prepared pair buffers: n_diploid=1318 n_pairs=144616 n_block_keys=119106 n_steps=100
[I::fdg-gpu] blocklist CSR ready: edges=119106 avg_deg=90.37 max_deg=266
[M::hk_bmap_gen] generated 5266 beads
[M::hk_bmap_gen] 191252 bin pairs
[M::blind-gpu] prepared pair buffers: n_diploid=1318 n_pairs=145111 n_block_keys=119266 n_steps=100
[I::fdg-gpu] blocklist CSR ready: edges=119266 avg_deg=90.49 max_deg=267
[M::hk_bmap_gen] generated 5266 beads
[M::hk_bmap_gen] 190436 bin pairs
[M::blind-gpu] prepared pair buffers: n_diploid=1318 n_pairs=144516 n_block_keys=119228 n_steps=100
[I::fdg-gpu] blocklist CSR ready: edges=119228 avg_deg=90.46 max_deg=266
[M::hk_bmap_gen] generated 5266 beads
[M::hk_bmap_gen] 190922 bin pairs
[M::blind-gpu] prepared pair buffers: n_diploid=1318 n_pairs=144796 n_block_keys=119226 n_steps=100
[I::fdg-gpu] blocklist CSR ready: edges=119226 avg_deg=90.46 max_deg=267
[M::hk_bmap_gen] generated 5266 beads
[M::hk_bmap_gen] 190403 bin pairs
[M::blind-gpu] prepared pair buffers: n_diploid=1318 n_pairs=144378 n_block_keys=119194 n_steps=100
[I::fdg-gpu] blocklist CSR ready: edges=119194 avg_deg=90.44 max_deg=267
[M::hk_bmap_gen] generated 5266 beads
[M::hk_bmap_gen] 190933 bin pairs
[M::blind-gpu] prepared pair buffers: n_diploid=1318 n_pairs=144735 n_block_keys=119188 n_steps=100
[I::fdg-gpu] blocklist CSR ready: edges=119188 avg_deg=90.43 max_deg=267
[M::hk_bmap_gen] generated 5266 beads
[M::hk_bmap_gen] 190535 bin pairs
[M::blind-gpu] prepared pair buffers: n_diploid=1318 n_pairs=144467 n_block_keys=119062 n_steps=100
[I::fdg-gpu] blocklist CSR ready: edges=119062 avg_deg=90.34 max_deg=262
[M::hk_bmap_gen] generated 5266 beads
[M::hk_bmap_gen] 191885 bin pairs
[M::blind-gpu] prepared pair buffers: n_diploid=1318 n_pairs=145520 n_block_keys=119178 n_steps=100
[I::fdg-gpu] blocklist CSR ready: edges=119178 avg_deg=90.42 max_deg=267
[M::hk_bmap_gen] generated 5266 beads
[M::hk_bmap_gen] 191282 bin pairs
[M::blind-gpu] prepared pair buffers: n_diploid=1318 n_pairs=145037 n_block_keys=119230 n_steps=100
[I::fdg-gpu] blocklist CSR ready: edges=119230 avg_deg=90.46 max_deg=265
[M::hk_bmap_gen] generated 5266 beads
[M::hk_bmap_gen] 191751 bin pairs
[M::blind-gpu] prepared pair buffers: n_diploid=1318 n_pairs=145381 n_block_keys=119178 n_steps=100
[I::fdg-gpu] blocklist CSR ready: edges=119178 avg_deg=90.42 max_deg=266
[M::hk_bmap_gen] generated 5266 beads
[M::hk_bmap_gen] 191081 bin pairs
[M::blind-gpu] prepared pair buffers: n_diploid=1318 n_pairs=144959 n_block_keys=119210 n_steps=100
[I::fdg-gpu] blocklist CSR ready: edges=119210 avg_deg=90.45 max_deg=264
[M::hk_bmap_gen] generated 5266 beads
[M::hk_bmap_gen] 191471 bin pairs
[M::blind-gpu] prepared pair buffers: n_diploid=1318 n_pairs=145263 n_block_keys=119226 n_steps=100
[I::fdg-gpu] blocklist CSR ready: edges=119226 avg_deg=90.46 max_deg=265
[M::hk_bmap_gen] generated 5266 beads
[M::hk_bmap_gen] 190775 bin pairs
[M::blind-gpu] prepared pair buffers: n_diploid=1318 n_pairs=144595 n_block_keys=119178 n_steps=100
[I::fdg-gpu] blocklist CSR ready: edges=119178 avg_deg=90.42 max_deg=267
[M::hk_bmap_gen] generated 5266 beads
[M::hk_bmap_gen] 191497 bin pairs
[M::blind-gpu] prepared pair buffers: n_diploid=1318 n_pairs=145241 n_block_keys=119352 n_steps=100
[I::fdg-gpu] blocklist CSR ready: edges=119352 avg_deg=90.56 max_deg=265
[M::hk_bmap_gen] generated 5266 beads
[M::hk_bmap_gen] 191847 bin pairs
[M::blind-gpu] prepared pair buffers: n_diploid=1318 n_pairs=145491 n_block_keys=119526 n_steps=100
[I::fdg-gpu] blocklist CSR ready: edges=119526 avg_deg=90.69 max_deg=265
[M::hk_bmap_gen] generated 5266 beads
[M::hk_bmap_gen] 191963 bin pairs
[M::blind-gpu] prepared pair buffers: n_diploid=1318 n_pairs=145574 n_block_keys=119380 n_steps=100
[I::fdg-gpu] blocklist CSR ready: edges=119380 avg_deg=90.58 max_deg=267
[M::hk_bmap_gen] generated 5266 beads
[M::hk_bmap_gen] 191155 bin pairs
[M::blind-gpu] prepared pair buffers: n_diploid=1318 n_pairs=144961 n_block_keys=119306 n_steps=100
[I::fdg-gpu] blocklist CSR ready: edges=119306 avg_deg=90.52 max_deg=266
[M::hk_bmap_gen] generated 5266 beads
[M::hk_bmap_gen] 191701 bin pairs
[M::blind-gpu] prepared pair buffers: n_diploid=1318 n_pairs=145443 n_block_keys=119382 n_steps=100
[I::fdg-gpu] blocklist CSR ready: edges=119382 avg_deg=90.58 max_deg=266
[M::hk_bmap_gen] generated 5266 beads
[M::hk_bmap_gen] 190818 bin pairs
[M::blind-gpu] prepared pair buffers: n_diploid=1318 n_pairs=144727 n_block_keys=119166 n_steps=100
[I::fdg-gpu] blocklist CSR ready: edges=119166 avg_deg=90.41 max_deg=264
[M::hk_bmap_gen] generated 5266 beads
[M::hk_bmap_gen] 190979 bin pairs
[M::blind-gpu] prepared pair buffers: n_diploid=1318 n_pairs=144946 n_block_keys=119090 n_steps=100
[I::fdg-gpu] blocklist CSR ready: edges=119090 avg_deg=90.36 max_deg=265
[M::hk_bmap_gen] generated 5266 beads
[M::hk_bmap_gen] 190547 bin pairs
[M::blind-gpu] prepared pair buffers: n_diploid=1318 n_pairs=144501 n_block_keys=119126 n_steps=100
[I::fdg-gpu] blocklist CSR ready: edges=119126 avg_deg=90.38 max_deg=265
[M::hk_bmap_gen] generated 5266 beads
[M::hk_bmap_gen] 191013 bin pairs
[M::blind-gpu] prepared pair buffers: n_diploid=1318 n_pairs=144932 n_block_keys=119082 n_steps=100
[I::fdg-gpu] blocklist CSR ready: edges=119082 avg_deg=90.35 max_deg=265
[M::hk_bmap_gen] generated 5266 beads
[M::hk_bmap_gen] 190574 bin pairs
[M::blind-gpu] prepared pair buffers: n_diploid=1318 n_pairs=144556 n_block_keys=119030 n_steps=100
[I::fdg-gpu] blocklist CSR ready: edges=119030 avg_deg=90.31 max_deg=263
[M::hk_bmap_gen] generated 5266 beads
[M::hk_bmap_gen] 190932 bin pairs
[M::blind-gpu] prepared pair buffers: n_diploid=1318 n_pairs=144834 n_block_keys=118952 n_steps=100
[I::fdg-gpu] blocklist CSR ready: edges=118952 avg_deg=90.25 max_deg=265
[M::hk_bmap_gen] generated 5266 beads
[M::hk_bmap_gen] 190273 bin pairs
[M::blind-gpu] prepared pair buffers: n_diploid=1318 n_pairs=144290 n_block_keys=119028 n_steps=100
[I::fdg-gpu] blocklist CSR ready: edges=119028 avg_deg=90.31 max_deg=263
[M::hk_bmap_gen] generated 5266 beads
[M::hk_bmap_gen] 190585 bin pairs
[M::blind-gpu] prepared pair buffers: n_diploid=1318 n_pairs=144531 n_block_keys=118952 n_steps=100
[I::fdg-gpu] blocklist CSR ready: edges=118952 avg_deg=90.25 max_deg=266
[M::hk_bmap_gen] generated 5266 beads
[M::hk_bmap_gen] 190226 bin pairs
[M::blind-gpu] prepared pair buffers: n_diploid=1318 n_pairs=144317 n_block_keys=118856 n_steps=100
[I::fdg-gpu] blocklist CSR ready: edges=118856 avg_deg=90.18 max_deg=263
[M::hk_bmap_gen] generated 5266 beads
[M::hk_bmap_gen] 191183 bin pairs
[M::blind-gpu] prepared pair buffers: n_diploid=1318 n_pairs=144977 n_block_keys=119006 n_steps=100
[I::fdg-gpu] blocklist CSR ready: edges=119006 avg_deg=90.29 max_deg=262
[M::hk_bmap_gen] generated 5266 beads
[M::hk_bmap_gen] 190637 bin pairs
[M::blind-gpu] prepared pair buffers: n_diploid=1318 n_pairs=144489 n_block_keys=119022 n_steps=100
[I::fdg-gpu] blocklist CSR ready: edges=119022 avg_deg=90.31 max_deg=261
[M::hk_bmap_gen] generated 5266 beads
[M::hk_bmap_gen] 190923 bin pairs
[M::blind-gpu] prepared pair buffers: n_diploid=1318 n_pairs=144719 n_block_keys=118928 n_steps=100
[I::fdg-gpu] blocklist CSR ready: edges=118928 avg_deg=90.23 max_deg=263
[M::hk_bmap_gen] generated 5266 beads
[M::hk_bmap_gen] 190517 bin pairs
[M::blind-gpu] prepared pair buffers: n_diploid=1318 n_pairs=144420 n_block_keys=118870 n_steps=100
[I::fdg-gpu] blocklist CSR ready: edges=118870 avg_deg=90.19 max_deg=263
[M::hk_bmap_gen] generated 5266 beads
[M::hk_bmap_gen] 190671 bin pairs
[M::blind-gpu] prepared pair buffers: n_diploid=1318 n_pairs=144477 n_block_keys=118798 n_steps=100
[I::fdg-gpu] blocklist CSR ready: edges=118798 avg_deg=90.14 max_deg=264
[M::hk_bmap_gen] generated 5266 beads
[M::hk_bmap_gen] 190099 bin pairs
[M::blind-gpu] prepared pair buffers: n_diploid=1318 n_pairs=144046 n_block_keys=118710 n_steps=100
[I::fdg-gpu] blocklist CSR ready: edges=118710 avg_deg=90.07 max_deg=263
minimal P9016[4m]: write outputs to /mnt/ssd/zliu/phase3/test_res/006-20260616_161250-p9016_softall_random_diploid_4m_1m_chain/outputs/4m/minimal_soft_sep_off
[M::hk_bmap_gen] generated 5266 beads
[M::hk_bmap_gen] 190498 bin pairs
minimal P9016[4m]: status=OK final_entropy=0.66792321 final_pU=0.48180476
minimal P9016: stage 2/2 name=1m bin_size_bp=1000000 parent=4000000
[M::hk_map_read] read 1703888 pairs
[M::hk_bmap_gen] generated 2633 beads
[M::hk_bmap_gen] 489556 bin pairs
minimal P9016[1m]: build binned contacts
minimal P9016[1m]: lift coords from parent 4000000 bp using child_offset_step=0.050000001 anchor_k=0.050000001
minimal P9016[1m]: run softall, n_iter=100 relax_steps=100 relax_step=0.012 relax_backend=gpu
[M::hk_bmap_gen] generated 5266 beads
[M::hk_bmap_gen] 236719 bin pairs
[M::blind-gpu] prepared pair buffers: n_diploid=5266 n_pairs=241702 n_block_keys=473302 n_steps=100
[I::fdg-gpu] blocklist CSR ready: edges=473302 avg_deg=89.88 max_deg=209
[M::hk_bmap_gen] generated 5266 beads
[M::hk_bmap_gen] 228313 bin pairs
[M::blind-gpu] prepared pair buffers: n_diploid=5266 n_pairs=233295 n_block_keys=456488 n_steps=100
[I::fdg-gpu] blocklist CSR ready: edges=456488 avg_deg=86.69 max_deg=223
[M::hk_bmap_gen] generated 5266 beads
[M::hk_bmap_gen] 223114 bin pairs
[M::blind-gpu] prepared pair buffers: n_diploid=5266 n_pairs=228098 n_block_keys=446096 n_steps=100
[I::fdg-gpu] blocklist CSR ready: edges=446096 avg_deg=84.71 max_deg=219
[M::hk_bmap_gen] generated 5266 beads
[M::hk_bmap_gen] 221021 bin pairs
[M::blind-gpu] prepared pair buffers: n_diploid=5266 n_pairs=225989 n_block_keys=441888 n_steps=100
[I::fdg-gpu] blocklist CSR ready: edges=441888 avg_deg=83.91 max_deg=213
[M::hk_bmap_gen] generated 5266 beads
[M::hk_bmap_gen] 219903 bin pairs
[M::blind-gpu] prepared pair buffers: n_diploid=5266 n_pairs=224881 n_block_keys=439674 n_steps=100
[I::fdg-gpu] blocklist CSR ready: edges=439674 avg_deg=83.49 max_deg=215
[M::hk_bmap_gen] generated 5266 beads
[M::hk_bmap_gen] 219213 bin pairs
[M::blind-gpu] prepared pair buffers: n_diploid=5266 n_pairs=224208 n_block_keys=438326 n_steps=100
[I::fdg-gpu] blocklist CSR ready: edges=438326 avg_deg=83.24 max_deg=218
[M::hk_bmap_gen] generated 5266 beads
[M::hk_bmap_gen] 218703 bin pairs
[M::blind-gpu] prepared pair buffers: n_diploid=5266 n_pairs=223686 n_block_keys=437290 n_steps=100
[I::fdg-gpu] blocklist CSR ready: edges=437290 avg_deg=83.04 max_deg=220
[M::hk_bmap_gen] generated 5266 beads
[M::hk_bmap_gen] 218518 bin pairs
[M::blind-gpu] prepared pair buffers: n_diploid=5266 n_pairs=223508 n_block_keys=436936 n_steps=100
[I::fdg-gpu] blocklist CSR ready: edges=436936 avg_deg=82.97 max_deg=217
[M::hk_bmap_gen] generated 5266 beads
[M::hk_bmap_gen] 218119 bin pairs
[M::blind-gpu] prepared pair buffers: n_diploid=5266 n_pairs=223114 n_block_keys=436150 n_steps=100
[I::fdg-gpu] blocklist CSR ready: edges=436150 avg_deg=82.82 max_deg=217
[M::hk_bmap_gen] generated 5266 beads
[M::hk_bmap_gen] 217796 bin pairs
[M::blind-gpu] prepared pair buffers: n_diploid=5266 n_pairs=222805 n_block_keys=435534 n_steps=100
[I::fdg-gpu] blocklist CSR ready: edges=435534 avg_deg=82.71 max_deg=218
[M::hk_bmap_gen] generated 5266 beads
[M::hk_bmap_gen] 217379 bin pairs
[M::blind-gpu] prepared pair buffers: n_diploid=5266 n_pairs=222385 n_block_keys=434694 n_steps=100
[I::fdg-gpu] blocklist CSR ready: edges=434694 avg_deg=82.55 max_deg=218
[M::hk_bmap_gen] generated 5266 beads
[M::hk_bmap_gen] 217109 bin pairs
[M::blind-gpu] prepared pair buffers: n_diploid=5266 n_pairs=222125 n_block_keys=434176 n_steps=100
[I::fdg-gpu] blocklist CSR ready: edges=434176 avg_deg=82.45 max_deg=219
[M::hk_bmap_gen] generated 5266 beads
[M::hk_bmap_gen] 217025 bin pairs
[M::blind-gpu] prepared pair buffers: n_diploid=5266 n_pairs=222031 n_block_keys=433986 n_steps=100
[I::fdg-gpu] blocklist CSR ready: edges=433986 avg_deg=82.41 max_deg=219
[M::hk_bmap_gen] generated 5266 beads
[M::hk_bmap_gen] 216935 bin pairs
[M::blind-gpu] prepared pair buffers: n_diploid=5266 n_pairs=221941 n_block_keys=433810 n_steps=100
[I::fdg-gpu] blocklist CSR ready: edges=433810 avg_deg=82.38 max_deg=219
[M::hk_bmap_gen] generated 5266 beads
[M::hk_bmap_gen] 216668 bin pairs
[M::blind-gpu] prepared pair buffers: n_diploid=5266 n_pairs=221665 n_block_keys=433260 n_steps=100
[I::fdg-gpu] blocklist CSR ready: edges=433260 avg_deg=82.27 max_deg=219
[M::hk_bmap_gen] generated 5266 beads
[M::hk_bmap_gen] 216468 bin pairs
[M::blind-gpu] prepared pair buffers: n_diploid=5266 n_pairs=221469 n_block_keys=432870 n_steps=100
[I::fdg-gpu] blocklist CSR ready: edges=432870 avg_deg=82.20 max_deg=219
[M::hk_bmap_gen] generated 5266 beads
[M::hk_bmap_gen] 216279 bin pairs
[M::blind-gpu] prepared pair buffers: n_diploid=5266 n_pairs=221288 n_block_keys=432512 n_steps=100
[I::fdg-gpu] blocklist CSR ready: edges=432512 avg_deg=82.13 max_deg=218
[M::hk_bmap_gen] generated 5266 beads
[M::hk_bmap_gen] 216121 bin pairs
[M::blind-gpu] prepared pair buffers: n_diploid=5266 n_pairs=221123 n_block_keys=432184 n_steps=100
[I::fdg-gpu] blocklist CSR ready: edges=432184 avg_deg=82.07 max_deg=218
[M::hk_bmap_gen] generated 5266 beads
[M::hk_bmap_gen] 216095 bin pairs
[M::blind-gpu] prepared pair buffers: n_diploid=5266 n_pairs=221093 n_block_keys=432128 n_steps=100
[I::fdg-gpu] blocklist CSR ready: edges=432128 avg_deg=82.06 max_deg=219
[M::hk_bmap_gen] generated 5266 beads
[M::hk_bmap_gen] 216050 bin pairs
[M::blind-gpu] prepared pair buffers: n_diploid=5266 n_pairs=221034 n_block_keys=432008 n_steps=100
[I::fdg-gpu] blocklist CSR ready: edges=432008 avg_deg=82.04 max_deg=219
[M::hk_bmap_gen] generated 5266 beads
[M::hk_bmap_gen] 215943 bin pairs
[M::blind-gpu] prepared pair buffers: n_diploid=5266 n_pairs=220932 n_block_keys=431808 n_steps=100
[I::fdg-gpu] blocklist CSR ready: edges=431808 avg_deg=82.00 max_deg=219
[M::hk_bmap_gen] generated 5266 beads
[M::hk_bmap_gen] 215775 bin pairs
[M::blind-gpu] prepared pair buffers: n_diploid=5266 n_pairs=220760 n_block_keys=431464 n_steps=100
[I::fdg-gpu] blocklist CSR ready: edges=431464 avg_deg=81.93 max_deg=220
[M::hk_bmap_gen] generated 5266 beads
[M::hk_bmap_gen] 215702 bin pairs
[M::blind-gpu] prepared pair buffers: n_diploid=5266 n_pairs=220688 n_block_keys=431322 n_steps=100
[I::fdg-gpu] blocklist CSR ready: edges=431322 avg_deg=81.91 max_deg=219
[M::hk_bmap_gen] generated 5266 beads
[M::hk_bmap_gen] 215596 bin pairs
[M::blind-gpu] prepared pair buffers: n_diploid=5266 n_pairs=220585 n_block_keys=431116 n_steps=100
[I::fdg-gpu] blocklist CSR ready: edges=431116 avg_deg=81.87 max_deg=219
[M::hk_bmap_gen] generated 5266 beads
[M::hk_bmap_gen] 215534 bin pairs
[M::blind-gpu] prepared pair buffers: n_diploid=5266 n_pairs=220519 n_block_keys=430984 n_steps=100
[I::fdg-gpu] blocklist CSR ready: edges=430984 avg_deg=81.84 max_deg=219
[M::hk_bmap_gen] generated 5266 beads
[M::hk_bmap_gen] 215400 bin pairs
[M::blind-gpu] prepared pair buffers: n_diploid=5266 n_pairs=220392 n_block_keys=430734 n_steps=100
[I::fdg-gpu] blocklist CSR ready: edges=430734 avg_deg=81.80 max_deg=219
[M::hk_bmap_gen] generated 5266 beads
[M::hk_bmap_gen] 215409 bin pairs
[M::blind-gpu] prepared pair buffers: n_diploid=5266 n_pairs=220408 n_block_keys=430764 n_steps=100
[I::fdg-gpu] blocklist CSR ready: edges=430764 avg_deg=81.80 max_deg=219
[M::hk_bmap_gen] generated 5266 beads
[M::hk_bmap_gen] 215302 bin pairs
[M::blind-gpu] prepared pair buffers: n_diploid=5266 n_pairs=220292 n_block_keys=430536 n_steps=100
[I::fdg-gpu] blocklist CSR ready: edges=430536 avg_deg=81.76 max_deg=218
[M::hk_bmap_gen] generated 5266 beads
[M::hk_bmap_gen] 215218 bin pairs
[M::blind-gpu] prepared pair buffers: n_diploid=5266 n_pairs=220205 n_block_keys=430368 n_steps=100
[I::fdg-gpu] blocklist CSR ready: edges=430368 avg_deg=81.73 max_deg=217
[M::hk_bmap_gen] generated 5266 beads
[M::hk_bmap_gen] 215092 bin pairs
[M::blind-gpu] prepared pair buffers: n_diploid=5266 n_pairs=220082 n_block_keys=430122 n_steps=100
[I::fdg-gpu] blocklist CSR ready: edges=430122 avg_deg=81.68 max_deg=217
[M::hk_bmap_gen] generated 5266 beads
[M::hk_bmap_gen] 215073 bin pairs
[M::blind-gpu] prepared pair buffers: n_diploid=5266 n_pairs=220061 n_block_keys=430074 n_steps=100
[I::fdg-gpu] blocklist CSR ready: edges=430074 avg_deg=81.67 max_deg=218
[M::hk_bmap_gen] generated 5266 beads
[M::hk_bmap_gen] 215063 bin pairs
[M::blind-gpu] prepared pair buffers: n_diploid=5266 n_pairs=220056 n_block_keys=430058 n_steps=100
[I::fdg-gpu] blocklist CSR ready: edges=430058 avg_deg=81.67 max_deg=218
[M::hk_bmap_gen] generated 5266 beads
[M::hk_bmap_gen] 215020 bin pairs
[M::blind-gpu] prepared pair buffers: n_diploid=5266 n_pairs=220006 n_block_keys=429958 n_steps=100
[I::fdg-gpu] blocklist CSR ready: edges=429958 avg_deg=81.65 max_deg=219
[M::hk_bmap_gen] generated 5266 beads
[M::hk_bmap_gen] 215018 bin pairs
[M::blind-gpu] prepared pair buffers: n_diploid=5266 n_pairs=220012 n_block_keys=429976 n_steps=100
[I::fdg-gpu] blocklist CSR ready: edges=429976 avg_deg=81.65 max_deg=218
[M::hk_bmap_gen] generated 5266 beads
[M::hk_bmap_gen] 214966 bin pairs
[M::blind-gpu] prepared pair buffers: n_diploid=5266 n_pairs=219967 n_block_keys=429890 n_steps=100
[I::fdg-gpu] blocklist CSR ready: edges=429890 avg_deg=81.64 max_deg=218
[M::hk_bmap_gen] generated 5266 beads
[M::hk_bmap_gen] 214939 bin pairs
[M::blind-gpu] prepared pair buffers: n_diploid=5266 n_pairs=219943 n_block_keys=429836 n_steps=100
[I::fdg-gpu] blocklist CSR ready: edges=429836 avg_deg=81.62 max_deg=218
[M::hk_bmap_gen] generated 5266 beads
[M::hk_bmap_gen] 214898 bin pairs
[M::blind-gpu] prepared pair buffers: n_diploid=5266 n_pairs=219903 n_block_keys=429752 n_steps=100
[I::fdg-gpu] blocklist CSR ready: edges=429752 avg_deg=81.61 max_deg=218
[M::hk_bmap_gen] generated 5266 beads
[M::hk_bmap_gen] 214877 bin pairs
[M::blind-gpu] prepared pair buffers: n_diploid=5266 n_pairs=219882 n_block_keys=429708 n_steps=100
[I::fdg-gpu] blocklist CSR ready: edges=429708 avg_deg=81.60 max_deg=220
[M::hk_bmap_gen] generated 5266 beads
[M::hk_bmap_gen] 214793 bin pairs
[M::blind-gpu] prepared pair buffers: n_diploid=5266 n_pairs=219802 n_block_keys=429548 n_steps=100
[I::fdg-gpu] blocklist CSR ready: edges=429548 avg_deg=81.57 max_deg=220
[M::hk_bmap_gen] generated 5266 beads
[M::hk_bmap_gen] 214750 bin pairs
[M::blind-gpu] prepared pair buffers: n_diploid=5266 n_pairs=219763 n_block_keys=429472 n_steps=100
[I::fdg-gpu] blocklist CSR ready: edges=429472 avg_deg=81.56 max_deg=220
[M::hk_bmap_gen] generated 5266 beads
[M::hk_bmap_gen] 214721 bin pairs
[M::blind-gpu] prepared pair buffers: n_diploid=5266 n_pairs=219730 n_block_keys=429410 n_steps=100
[I::fdg-gpu] blocklist CSR ready: edges=429410 avg_deg=81.54 max_deg=221
[M::hk_bmap_gen] generated 5266 beads
[M::hk_bmap_gen] 214726 bin pairs
[M::blind-gpu] prepared pair buffers: n_diploid=5266 n_pairs=219740 n_block_keys=429430 n_steps=100
[I::fdg-gpu] blocklist CSR ready: edges=429430 avg_deg=81.55 max_deg=221
[M::hk_bmap_gen] generated 5266 beads
[M::hk_bmap_gen] 214747 bin pairs
[M::blind-gpu] prepared pair buffers: n_diploid=5266 n_pairs=219754 n_block_keys=429456 n_steps=100
[I::fdg-gpu] blocklist CSR ready: edges=429456 avg_deg=81.55 max_deg=221
[M::hk_bmap_gen] generated 5266 beads
[M::hk_bmap_gen] 214684 bin pairs
[M::blind-gpu] prepared pair buffers: n_diploid=5266 n_pairs=219684 n_block_keys=429320 n_steps=100
[I::fdg-gpu] blocklist CSR ready: edges=429320 avg_deg=81.53 max_deg=221
[M::hk_bmap_gen] generated 5266 beads
[M::hk_bmap_gen] 214623 bin pairs
[M::blind-gpu] prepared pair buffers: n_diploid=5266 n_pairs=219615 n_block_keys=429180 n_steps=100
[I::fdg-gpu] blocklist CSR ready: edges=429180 avg_deg=81.50 max_deg=222
[M::hk_bmap_gen] generated 5266 beads
[M::hk_bmap_gen] 214537 bin pairs
[M::blind-gpu] prepared pair buffers: n_diploid=5266 n_pairs=219524 n_block_keys=429000 n_steps=100
[I::fdg-gpu] blocklist CSR ready: edges=429000 avg_deg=81.47 max_deg=222
[M::hk_bmap_gen] generated 5266 beads
[M::hk_bmap_gen] 214513 bin pairs
[M::blind-gpu] prepared pair buffers: n_diploid=5266 n_pairs=219501 n_block_keys=428952 n_steps=100
[I::fdg-gpu] blocklist CSR ready: edges=428952 avg_deg=81.46 max_deg=222
[M::hk_bmap_gen] generated 5266 beads
[M::hk_bmap_gen] 214465 bin pairs
[M::blind-gpu] prepared pair buffers: n_diploid=5266 n_pairs=219450 n_block_keys=428850 n_steps=100
[I::fdg-gpu] blocklist CSR ready: edges=428850 avg_deg=81.44 max_deg=221
[M::hk_bmap_gen] generated 5266 beads
[M::hk_bmap_gen] 214416 bin pairs
[M::blind-gpu] prepared pair buffers: n_diploid=5266 n_pairs=219396 n_block_keys=428742 n_steps=100
[I::fdg-gpu] blocklist CSR ready: edges=428742 avg_deg=81.42 max_deg=221
[M::hk_bmap_gen] generated 5266 beads
[M::hk_bmap_gen] 214347 bin pairs
[M::blind-gpu] prepared pair buffers: n_diploid=5266 n_pairs=219330 n_block_keys=428606 n_steps=100
[I::fdg-gpu] blocklist CSR ready: edges=428606 avg_deg=81.39 max_deg=221
[M::hk_bmap_gen] generated 5266 beads
[M::hk_bmap_gen] 214335 bin pairs
[M::blind-gpu] prepared pair buffers: n_diploid=5266 n_pairs=219321 n_block_keys=428590 n_steps=100
[I::fdg-gpu] blocklist CSR ready: edges=428590 avg_deg=81.39 max_deg=222
[M::hk_bmap_gen] generated 5266 beads
[M::hk_bmap_gen] 214239 bin pairs
[M::blind-gpu] prepared pair buffers: n_diploid=5266 n_pairs=219225 n_block_keys=428398 n_steps=100
[I::fdg-gpu] blocklist CSR ready: edges=428398 avg_deg=81.35 max_deg=222
[M::hk_bmap_gen] generated 5266 beads
[M::hk_bmap_gen] 214186 bin pairs
[M::blind-gpu] prepared pair buffers: n_diploid=5266 n_pairs=219170 n_block_keys=428286 n_steps=100
[I::fdg-gpu] blocklist CSR ready: edges=428286 avg_deg=81.33 max_deg=222
[M::hk_bmap_gen] generated 5266 beads
[M::hk_bmap_gen] 214114 bin pairs
[M::blind-gpu] prepared pair buffers: n_diploid=5266 n_pairs=219110 n_block_keys=428164 n_steps=100
[I::fdg-gpu] blocklist CSR ready: edges=428164 avg_deg=81.31 max_deg=222
[M::hk_bmap_gen] generated 5266 beads
[M::hk_bmap_gen] 214117 bin pairs
[M::blind-gpu] prepared pair buffers: n_diploid=5266 n_pairs=219122 n_block_keys=428190 n_steps=100
[I::fdg-gpu] blocklist CSR ready: edges=428190 avg_deg=81.31 max_deg=222
[M::hk_bmap_gen] generated 5266 beads
[M::hk_bmap_gen] 214134 bin pairs
[M::blind-gpu] prepared pair buffers: n_diploid=5266 n_pairs=219146 n_block_keys=428240 n_steps=100
[I::fdg-gpu] blocklist CSR ready: edges=428240 avg_deg=81.32 max_deg=221
[M::hk_bmap_gen] generated 5266 beads
[M::hk_bmap_gen] 214147 bin pairs
[M::blind-gpu] prepared pair buffers: n_diploid=5266 n_pairs=219166 n_block_keys=428280 n_steps=100
[I::fdg-gpu] blocklist CSR ready: edges=428280 avg_deg=81.33 max_deg=220
[M::hk_bmap_gen] generated 5266 beads
[M::hk_bmap_gen] 214163 bin pairs
[M::blind-gpu] prepared pair buffers: n_diploid=5266 n_pairs=219181 n_block_keys=428310 n_steps=100
[I::fdg-gpu] blocklist CSR ready: edges=428310 avg_deg=81.33 max_deg=220
[M::hk_bmap_gen] generated 5266 beads
[M::hk_bmap_gen] 214180 bin pairs
[M::blind-gpu] prepared pair buffers: n_diploid=5266 n_pairs=219202 n_block_keys=428348 n_steps=100
[I::fdg-gpu] blocklist CSR ready: edges=428348 avg_deg=81.34 max_deg=220
[M::hk_bmap_gen] generated 5266 beads
[M::hk_bmap_gen] 214195 bin pairs
[M::blind-gpu] prepared pair buffers: n_diploid=5266 n_pairs=219207 n_block_keys=428360 n_steps=100
[I::fdg-gpu] blocklist CSR ready: edges=428360 avg_deg=81.34 max_deg=220
[M::hk_bmap_gen] generated 5266 beads
[M::hk_bmap_gen] 214149 bin pairs
[M::blind-gpu] prepared pair buffers: n_diploid=5266 n_pairs=219162 n_block_keys=428268 n_steps=100
[I::fdg-gpu] blocklist CSR ready: edges=428268 avg_deg=81.33 max_deg=220
[M::hk_bmap_gen] generated 5266 beads
[M::hk_bmap_gen] 214136 bin pairs
[M::blind-gpu] prepared pair buffers: n_diploid=5266 n_pairs=219147 n_block_keys=428240 n_steps=100
[I::fdg-gpu] blocklist CSR ready: edges=428240 avg_deg=81.32 max_deg=219
[M::hk_bmap_gen] generated 5266 beads
[M::hk_bmap_gen] 214133 bin pairs
[M::blind-gpu] prepared pair buffers: n_diploid=5266 n_pairs=219146 n_block_keys=428238 n_steps=100
[I::fdg-gpu] blocklist CSR ready: edges=428238 avg_deg=81.32 max_deg=219
[M::hk_bmap_gen] generated 5266 beads
[M::hk_bmap_gen] 214195 bin pairs
[M::blind-gpu] prepared pair buffers: n_diploid=5266 n_pairs=219205 n_block_keys=428352 n_steps=100
[I::fdg-gpu] blocklist CSR ready: edges=428352 avg_deg=81.34 max_deg=219
[M::hk_bmap_gen] generated 5266 beads
[M::hk_bmap_gen] 214208 bin pairs
[M::blind-gpu] prepared pair buffers: n_diploid=5266 n_pairs=219212 n_block_keys=428364 n_steps=100
[I::fdg-gpu] blocklist CSR ready: edges=428364 avg_deg=81.35 max_deg=219
[M::hk_bmap_gen] generated 5266 beads
[M::hk_bmap_gen] 214239 bin pairs
[M::blind-gpu] prepared pair buffers: n_diploid=5266 n_pairs=219241 n_block_keys=428426 n_steps=100
[I::fdg-gpu] blocklist CSR ready: edges=428426 avg_deg=81.36 max_deg=218
[M::hk_bmap_gen] generated 5266 beads
[M::hk_bmap_gen] 214245 bin pairs
[M::blind-gpu] prepared pair buffers: n_diploid=5266 n_pairs=219250 n_block_keys=428442 n_steps=100
[I::fdg-gpu] blocklist CSR ready: edges=428442 avg_deg=81.36 max_deg=218
[M::hk_bmap_gen] generated 5266 beads
[M::hk_bmap_gen] 214235 bin pairs
[M::blind-gpu] prepared pair buffers: n_diploid=5266 n_pairs=219242 n_block_keys=428424 n_steps=100
[I::fdg-gpu] blocklist CSR ready: edges=428424 avg_deg=81.36 max_deg=218
[M::hk_bmap_gen] generated 5266 beads
[M::hk_bmap_gen] 214226 bin pairs
[M::blind-gpu] prepared pair buffers: n_diploid=5266 n_pairs=219233 n_block_keys=428406 n_steps=100
[I::fdg-gpu] blocklist CSR ready: edges=428406 avg_deg=81.35 max_deg=218
[M::hk_bmap_gen] generated 5266 beads
[M::hk_bmap_gen] 214248 bin pairs
[M::blind-gpu] prepared pair buffers: n_diploid=5266 n_pairs=219251 n_block_keys=428444 n_steps=100
[I::fdg-gpu] blocklist CSR ready: edges=428444 avg_deg=81.36 max_deg=218
[M::hk_bmap_gen] generated 5266 beads
[M::hk_bmap_gen] 214221 bin pairs
[M::blind-gpu] prepared pair buffers: n_diploid=5266 n_pairs=219218 n_block_keys=428378 n_steps=100
[I::fdg-gpu] blocklist CSR ready: edges=428378 avg_deg=81.35 max_deg=218
[M::hk_bmap_gen] generated 5266 beads
[M::hk_bmap_gen] 214193 bin pairs
[M::blind-gpu] prepared pair buffers: n_diploid=5266 n_pairs=219197 n_block_keys=428334 n_steps=100
[I::fdg-gpu] blocklist CSR ready: edges=428334 avg_deg=81.34 max_deg=218
[M::hk_bmap_gen] generated 5266 beads
[M::hk_bmap_gen] 214212 bin pairs
[M::blind-gpu] prepared pair buffers: n_diploid=5266 n_pairs=219218 n_block_keys=428380 n_steps=100
[I::fdg-gpu] blocklist CSR ready: edges=428380 avg_deg=81.35 max_deg=218
[M::hk_bmap_gen] generated 5266 beads
[M::hk_bmap_gen] 214222 bin pairs
[M::blind-gpu] prepared pair buffers: n_diploid=5266 n_pairs=219225 n_block_keys=428394 n_steps=100
[I::fdg-gpu] blocklist CSR ready: edges=428394 avg_deg=81.35 max_deg=218
[M::hk_bmap_gen] generated 5266 beads
[M::hk_bmap_gen] 214188 bin pairs
[M::blind-gpu] prepared pair buffers: n_diploid=5266 n_pairs=219195 n_block_keys=428336 n_steps=100
[I::fdg-gpu] blocklist CSR ready: edges=428336 avg_deg=81.34 max_deg=219
[M::hk_bmap_gen] generated 5266 beads
[M::hk_bmap_gen] 214127 bin pairs
[M::blind-gpu] prepared pair buffers: n_diploid=5266 n_pairs=219131 n_block_keys=428204 n_steps=100
[I::fdg-gpu] blocklist CSR ready: edges=428204 avg_deg=81.31 max_deg=219
[M::hk_bmap_gen] generated 5266 beads
[M::hk_bmap_gen] 214090 bin pairs
[M::blind-gpu] prepared pair buffers: n_diploid=5266 n_pairs=219101 n_block_keys=428142 n_steps=100
[I::fdg-gpu] blocklist CSR ready: edges=428142 avg_deg=81.30 max_deg=219
[M::hk_bmap_gen] generated 5266 beads
[M::hk_bmap_gen] 214082 bin pairs
[M::blind-gpu] prepared pair buffers: n_diploid=5266 n_pairs=219096 n_block_keys=428132 n_steps=100
[I::fdg-gpu] blocklist CSR ready: edges=428132 avg_deg=81.30 max_deg=219
[M::hk_bmap_gen] generated 5266 beads
[M::hk_bmap_gen] 214111 bin pairs
[M::blind-gpu] prepared pair buffers: n_diploid=5266 n_pairs=219126 n_block_keys=428192 n_steps=100
[I::fdg-gpu] blocklist CSR ready: edges=428192 avg_deg=81.31 max_deg=219
[M::hk_bmap_gen] generated 5266 beads
[M::hk_bmap_gen] 214087 bin pairs
[M::blind-gpu] prepared pair buffers: n_diploid=5266 n_pairs=219100 n_block_keys=428140 n_steps=100
[I::fdg-gpu] blocklist CSR ready: edges=428140 avg_deg=81.30 max_deg=219
[M::hk_bmap_gen] generated 5266 beads
[M::hk_bmap_gen] 214092 bin pairs
[M::blind-gpu] prepared pair buffers: n_diploid=5266 n_pairs=219113 n_block_keys=428166 n_steps=100
[I::fdg-gpu] blocklist CSR ready: edges=428166 avg_deg=81.31 max_deg=219
[M::hk_bmap_gen] generated 5266 beads
[M::hk_bmap_gen] 214058 bin pairs
[M::blind-gpu] prepared pair buffers: n_diploid=5266 n_pairs=219071 n_block_keys=428084 n_steps=100
[I::fdg-gpu] blocklist CSR ready: edges=428084 avg_deg=81.29 max_deg=219
[M::hk_bmap_gen] generated 5266 beads
[M::hk_bmap_gen] 214005 bin pairs
[M::blind-gpu] prepared pair buffers: n_diploid=5266 n_pairs=219014 n_block_keys=427972 n_steps=100
[I::fdg-gpu] blocklist CSR ready: edges=427972 avg_deg=81.27 max_deg=219
[M::hk_bmap_gen] generated 5266 beads
[M::hk_bmap_gen] 214000 bin pairs
[M::blind-gpu] prepared pair buffers: n_diploid=5266 n_pairs=219013 n_block_keys=427970 n_steps=100
[I::fdg-gpu] blocklist CSR ready: edges=427970 avg_deg=81.27 max_deg=219
[M::hk_bmap_gen] generated 5266 beads
[M::hk_bmap_gen] 214000 bin pairs
[M::blind-gpu] prepared pair buffers: n_diploid=5266 n_pairs=219005 n_block_keys=427954 n_steps=100
[I::fdg-gpu] blocklist CSR ready: edges=427954 avg_deg=81.27 max_deg=219
[M::hk_bmap_gen] generated 5266 beads
[M::hk_bmap_gen] 213984 bin pairs
[M::blind-gpu] prepared pair buffers: n_diploid=5266 n_pairs=218995 n_block_keys=427934 n_steps=100
[I::fdg-gpu] blocklist CSR ready: edges=427934 avg_deg=81.26 max_deg=219
[M::hk_bmap_gen] generated 5266 beads
[M::hk_bmap_gen] 213953 bin pairs
[M::blind-gpu] prepared pair buffers: n_diploid=5266 n_pairs=218953 n_block_keys=427850 n_steps=100
[I::fdg-gpu] blocklist CSR ready: edges=427850 avg_deg=81.25 max_deg=219
[M::hk_bmap_gen] generated 5266 beads
[M::hk_bmap_gen] 213945 bin pairs
[M::blind-gpu] prepared pair buffers: n_diploid=5266 n_pairs=218940 n_block_keys=427824 n_steps=100
[I::fdg-gpu] blocklist CSR ready: edges=427824 avg_deg=81.24 max_deg=219
[M::hk_bmap_gen] generated 5266 beads
[M::hk_bmap_gen] 213912 bin pairs
[M::blind-gpu] prepared pair buffers: n_diploid=5266 n_pairs=218906 n_block_keys=427756 n_steps=100
[I::fdg-gpu] blocklist CSR ready: edges=427756 avg_deg=81.23 max_deg=219
[M::hk_bmap_gen] generated 5266 beads
[M::hk_bmap_gen] 213916 bin pairs
[M::blind-gpu] prepared pair buffers: n_diploid=5266 n_pairs=218913 n_block_keys=427770 n_steps=100
[I::fdg-gpu] blocklist CSR ready: edges=427770 avg_deg=81.23 max_deg=219
[M::hk_bmap_gen] generated 5266 beads
[M::hk_bmap_gen] 213915 bin pairs
[M::blind-gpu] prepared pair buffers: n_diploid=5266 n_pairs=218912 n_block_keys=427768 n_steps=100
[I::fdg-gpu] blocklist CSR ready: edges=427768 avg_deg=81.23 max_deg=219
[M::hk_bmap_gen] generated 5266 beads
[M::hk_bmap_gen] 213919 bin pairs
[M::blind-gpu] prepared pair buffers: n_diploid=5266 n_pairs=218907 n_block_keys=427758 n_steps=100
[I::fdg-gpu] blocklist CSR ready: edges=427758 avg_deg=81.23 max_deg=219
[M::hk_bmap_gen] generated 5266 beads
[M::hk_bmap_gen] 213888 bin pairs
[M::blind-gpu] prepared pair buffers: n_diploid=5266 n_pairs=218884 n_block_keys=427712 n_steps=100
[I::fdg-gpu] blocklist CSR ready: edges=427712 avg_deg=81.22 max_deg=219
[M::hk_bmap_gen] generated 5266 beads
[M::hk_bmap_gen] 213847 bin pairs
[M::blind-gpu] prepared pair buffers: n_diploid=5266 n_pairs=218839 n_block_keys=427622 n_steps=100
[I::fdg-gpu] blocklist CSR ready: edges=427622 avg_deg=81.20 max_deg=219
[M::hk_bmap_gen] generated 5266 beads
[M::hk_bmap_gen] 213871 bin pairs
[M::blind-gpu] prepared pair buffers: n_diploid=5266 n_pairs=218862 n_block_keys=427668 n_steps=100
[I::fdg-gpu] blocklist CSR ready: edges=427668 avg_deg=81.21 max_deg=218
[M::hk_bmap_gen] generated 5266 beads
[M::hk_bmap_gen] 213828 bin pairs
[M::blind-gpu] prepared pair buffers: n_diploid=5266 n_pairs=218817 n_block_keys=427580 n_steps=100
[I::fdg-gpu] blocklist CSR ready: edges=427580 avg_deg=81.20 max_deg=219
[M::hk_bmap_gen] generated 5266 beads
[M::hk_bmap_gen] 213817 bin pairs
[M::blind-gpu] prepared pair buffers: n_diploid=5266 n_pairs=218803 n_block_keys=427552 n_steps=100
[I::fdg-gpu] blocklist CSR ready: edges=427552 avg_deg=81.19 max_deg=219
[M::hk_bmap_gen] generated 5266 beads
[M::hk_bmap_gen] 213779 bin pairs
[M::blind-gpu] prepared pair buffers: n_diploid=5266 n_pairs=218761 n_block_keys=427466 n_steps=100
[I::fdg-gpu] blocklist CSR ready: edges=427466 avg_deg=81.17 max_deg=219
[M::hk_bmap_gen] generated 5266 beads
[M::hk_bmap_gen] 213809 bin pairs
[M::blind-gpu] prepared pair buffers: n_diploid=5266 n_pairs=218796 n_block_keys=427536 n_steps=100
[I::fdg-gpu] blocklist CSR ready: edges=427536 avg_deg=81.19 max_deg=219
[M::hk_bmap_gen] generated 5266 beads
[M::hk_bmap_gen] 213816 bin pairs
[M::blind-gpu] prepared pair buffers: n_diploid=5266 n_pairs=218807 n_block_keys=427558 n_steps=100
[I::fdg-gpu] blocklist CSR ready: edges=427558 avg_deg=81.19 max_deg=219
minimal P9016[1m]: write outputs to /mnt/ssd/zliu/phase3/test_res/006-20260616_161250-p9016_softall_random_diploid_4m_1m_chain/outputs/1m/minimal_soft_sep_off
[M::hk_bmap_gen] generated 5266 beads
[M::hk_bmap_gen] 213811 bin pairs
minimal P9016[1m]: status=OK final_entropy=0.62484616 final_pU=0.45073122
minimal P9016: summary /mnt/ssd/zliu/phase3/test_res/006-20260616_161250-p9016_softall_random_diploid_4m_1m_chain/outputs/matrix_summary.tsv
