minimal P9016: input=/shared/zliu/CHARM/CHARM_mesc/data/pairs/P9016.pairs.gz output_root=/mnt/ssd/zliu/phase3/test_res/042-20260620_022516-p9016_trans_gate_mstep_1m/outputs config=p9016_transgate_pmax0p4_best035 baseline=softall n_iter=100 relax_steps=100 relax_step=0.012 chain=0 init_mode=unphased_scaffold_split init_eps=0.5 init_noise=0 init_scale=10 init_seed=17 min_sep=0 lambda_sep=0 lambda_copytrack=0.029999999 lambda_global_copytrack=0.003 trans_chr_pair_prior_lambda=0 trans_chr_pair_prior_eps=0.001 trans_chr_pair_prior_power=1 trans_chr_pair_prior_warmup_iter=0 trans_chr_pair_mstep_lambda=0 trans_chr_pair_mstep_eps=0.001 trans_chr_pair_mstep_power=1 trans_chr_pair_mstep_warmup_iter=0 d_scale_mode=posterior_count d_scale_input=posterior_count d_scale_formula=n_raw*posterior_prob^1 d_scale_gamma=1 d_scale_eps=1e-06 trans_k_multiplier=1 trans_dscale_multiplier=0.5 trans_top1_mode=off trans_top1_min_pmax=1 trans_top1_min_margin=1 trans_top1_mix_weight=0 trans_gate_mode=pmax trans_gate_min_pmax=0.40000001 trans_gate_min_margin=1 trans_gate_min_neg_entropy=-1.3862944 readgroup_mode=off readgroup_max_segments=8 readgroup_eps=1e-06 relax_backend=gpu
minimal P9016: stage 1/1 name=1m bin_size_bp=1000000 parent=0
[M::hk_map_read] read 1703888 pairs
[M::hk_bmap_gen] generated 2633 beads
[M::hk_bmap_gen] 489556 bin pairs
minimal P9016[1m]: build binned contacts
minimal P9016[1m]: init mode=unphased_scaffold_split seed=17 scale=10
[M::hk_fdg] mid_dist:1000000 max_nei:69
[M::hk_fdg1_cpu] iter:10 elapsed:0.33s rep_coef:0.2092 RMS_force:367.1874 n_rep:43.0820 energy:25.1082,6.6566,0.0049 dist:5.6169,6.6204,1.4501
[M::hk_fdg1_cpu] iter:20 elapsed:0.80s rep_coef:0.6615 RMS_force:336.9308 n_rep:157.7303 energy:7.7515,3.4068,0.0177 dist:3.4076,4.2658,1.4016
[M::hk_fdg1_cpu] iter:30 elapsed:1.76s rep_coef:0.9352 RMS_force:226.0828 n_rep:592.3505 energy:1.8327,1.0566,0.0354 dist:1.9896,2.3234,1.2554
[M::hk_fdg1_cpu] iter:40 elapsed:3.19s rep_coef:0.9907 RMS_force:132.8226 n_rep:808.7839 energy:0.5357,0.4158,0.0366 dist:1.4081,1.7237,1.2560
[M::hk_fdg1_cpu] iter:50 elapsed:4.65s rep_coef:0.9987 RMS_force:99.3491 n_rep:815.5837 energy:0.1678,0.2703,0.0325 dist:1.0643,1.6062,1.3142
minimal P9016[1m]: run softall, n_iter=100 relax_steps=100 relax_step=0.012 relax_backend=gpu
[M::hk_bmap_gen] generated 5266 beads
[M::hk_bmap_gen] 233235 bin pairs
[M::hk_bmap_gen] generated 5266 beads
[M::hk_bmap_gen] 233235 bin pairs
[M::blind-gpu] prepared pair buffers: n_diploid=5266 n_pairs=238457 n_block_keys=466822 n_steps=100
[I::fdg-gpu] blocklist CSR ready: edges=466822 avg_deg=88.65 max_deg=178
[M::hk_bmap_gen] generated 5266 beads
[M::hk_bmap_gen] 268756 bin pairs
[M::hk_bmap_gen] generated 5266 beads
[M::hk_bmap_gen] 268756 bin pairs
[M::blind-gpu] prepared pair buffers: n_diploid=5266 n_pairs=273897 n_block_keys=537702 n_steps=100
[I::fdg-gpu] blocklist CSR ready: edges=537702 avg_deg=102.11 max_deg=203
[M::hk_bmap_gen] generated 5266 beads
[M::hk_bmap_gen] 252164 bin pairs
[M::hk_bmap_gen] generated 5266 beads
[M::hk_bmap_gen] 252164 bin pairs
[M::blind-gpu] prepared pair buffers: n_diploid=5266 n_pairs=257257 n_block_keys=504420 n_steps=100
[I::fdg-gpu] blocklist CSR ready: edges=504420 avg_deg=95.79 max_deg=217
[M::hk_bmap_gen] generated 5266 beads
[M::hk_bmap_gen] 238938 bin pairs
[M::hk_bmap_gen] generated 5266 beads
[M::hk_bmap_gen] 238938 bin pairs
[M::blind-gpu] prepared pair buffers: n_diploid=5266 n_pairs=244044 n_block_keys=477994 n_steps=100
[I::fdg-gpu] blocklist CSR ready: edges=477994 avg_deg=90.77 max_deg=218
[M::hk_bmap_gen] generated 5266 beads
[M::hk_bmap_gen] 229018 bin pairs
[M::hk_bmap_gen] generated 5266 beads
[M::hk_bmap_gen] 229018 bin pairs
[M::blind-gpu] prepared pair buffers: n_diploid=5266 n_pairs=234099 n_block_keys=458102 n_steps=100
[I::fdg-gpu] blocklist CSR ready: edges=458102 avg_deg=86.99 max_deg=206
[M::hk_bmap_gen] generated 5266 beads
[M::hk_bmap_gen] 223195 bin pairs
[M::hk_bmap_gen] generated 5266 beads
[M::hk_bmap_gen] 223195 bin pairs
[M::blind-gpu] prepared pair buffers: n_diploid=5266 n_pairs=228302 n_block_keys=446514 n_steps=100
[I::fdg-gpu] blocklist CSR ready: edges=446514 avg_deg=84.79 max_deg=191
[M::hk_bmap_gen] generated 5266 beads
[M::hk_bmap_gen] 220187 bin pairs
[M::hk_bmap_gen] generated 5266 beads
[M::hk_bmap_gen] 220187 bin pairs
[M::blind-gpu] prepared pair buffers: n_diploid=5266 n_pairs=225294 n_block_keys=440498 n_steps=100
[I::fdg-gpu] blocklist CSR ready: edges=440498 avg_deg=83.65 max_deg=183
[M::hk_bmap_gen] generated 5266 beads
[M::hk_bmap_gen] 218045 bin pairs
[M::hk_bmap_gen] generated 5266 beads
[M::hk_bmap_gen] 218045 bin pairs
[M::blind-gpu] prepared pair buffers: n_diploid=5266 n_pairs=223132 n_block_keys=436174 n_steps=100
[I::fdg-gpu] blocklist CSR ready: edges=436174 avg_deg=82.83 max_deg=185
[M::hk_bmap_gen] generated 5266 beads
[M::hk_bmap_gen] 216603 bin pairs
[M::hk_bmap_gen] generated 5266 beads
[M::hk_bmap_gen] 216603 bin pairs
[M::blind-gpu] prepared pair buffers: n_diploid=5266 n_pairs=221709 n_block_keys=433328 n_steps=100
[I::fdg-gpu] blocklist CSR ready: edges=433328 avg_deg=82.29 max_deg=195
[M::hk_bmap_gen] generated 5266 beads
[M::hk_bmap_gen] 215370 bin pairs
[M::hk_bmap_gen] generated 5266 beads
[M::hk_bmap_gen] 215370 bin pairs
[M::blind-gpu] prepared pair buffers: n_diploid=5266 n_pairs=220473 n_block_keys=430856 n_steps=100
[I::fdg-gpu] blocklist CSR ready: edges=430856 avg_deg=81.82 max_deg=201
[M::hk_bmap_gen] generated 5266 beads
[M::hk_bmap_gen] 214967 bin pairs
[M::hk_bmap_gen] generated 5266 beads
[M::hk_bmap_gen] 214967 bin pairs
[M::blind-gpu] prepared pair buffers: n_diploid=5266 n_pairs=220088 n_block_keys=430086 n_steps=100
[I::fdg-gpu] blocklist CSR ready: edges=430086 avg_deg=81.67 max_deg=205
[M::hk_bmap_gen] generated 5266 beads
[M::hk_bmap_gen] 214453 bin pairs
[M::hk_bmap_gen] generated 5266 beads
[M::hk_bmap_gen] 214453 bin pairs
[M::blind-gpu] prepared pair buffers: n_diploid=5266 n_pairs=219559 n_block_keys=429028 n_steps=100
[I::fdg-gpu] blocklist CSR ready: edges=429028 avg_deg=81.47 max_deg=200
[M::hk_bmap_gen] generated 5266 beads
[M::hk_bmap_gen] 214007 bin pairs
[M::hk_bmap_gen] generated 5266 beads
[M::hk_bmap_gen] 214007 bin pairs
[M::blind-gpu] prepared pair buffers: n_diploid=5266 n_pairs=219119 n_block_keys=428148 n_steps=100
[I::fdg-gpu] blocklist CSR ready: edges=428148 avg_deg=81.30 max_deg=198
[M::hk_bmap_gen] generated 5266 beads
[M::hk_bmap_gen] 213606 bin pairs
[M::hk_bmap_gen] generated 5266 beads
[M::hk_bmap_gen] 213606 bin pairs
[M::blind-gpu] prepared pair buffers: n_diploid=5266 n_pairs=218727 n_block_keys=427366 n_steps=100
[I::fdg-gpu] blocklist CSR ready: edges=427366 avg_deg=81.16 max_deg=197
[M::hk_bmap_gen] generated 5266 beads
[M::hk_bmap_gen] 213460 bin pairs
[M::hk_bmap_gen] generated 5266 beads
[M::hk_bmap_gen] 213460 bin pairs
[M::blind-gpu] prepared pair buffers: n_diploid=5266 n_pairs=218571 n_block_keys=427052 n_steps=100
[I::fdg-gpu] blocklist CSR ready: edges=427052 avg_deg=81.10 max_deg=194
[M::hk_bmap_gen] generated 5266 beads
[M::hk_bmap_gen] 213357 bin pairs
[M::hk_bmap_gen] generated 5266 beads
[M::hk_bmap_gen] 213357 bin pairs
[M::blind-gpu] prepared pair buffers: n_diploid=5266 n_pairs=218470 n_block_keys=426854 n_steps=100
[I::fdg-gpu] blocklist CSR ready: edges=426854 avg_deg=81.06 max_deg=193
[M::hk_bmap_gen] generated 5266 beads
[M::hk_bmap_gen] 213462 bin pairs
[M::hk_bmap_gen] generated 5266 beads
[M::hk_bmap_gen] 213462 bin pairs
[M::blind-gpu] prepared pair buffers: n_diploid=5266 n_pairs=218586 n_block_keys=427084 n_steps=100
[I::fdg-gpu] blocklist CSR ready: edges=427084 avg_deg=81.10 max_deg=193
[M::hk_bmap_gen] generated 5266 beads
[M::hk_bmap_gen] 213436 bin pairs
[M::hk_bmap_gen] generated 5266 beads
[M::hk_bmap_gen] 213436 bin pairs
[M::blind-gpu] prepared pair buffers: n_diploid=5266 n_pairs=218562 n_block_keys=427034 n_steps=100
[I::fdg-gpu] blocklist CSR ready: edges=427034 avg_deg=81.09 max_deg=192
[M::hk_bmap_gen] generated 5266 beads
[M::hk_bmap_gen] 213369 bin pairs
[M::hk_bmap_gen] generated 5266 beads
[M::hk_bmap_gen] 213369 bin pairs
[M::blind-gpu] prepared pair buffers: n_diploid=5266 n_pairs=218506 n_block_keys=426922 n_steps=100
[I::fdg-gpu] blocklist CSR ready: edges=426922 avg_deg=81.07 max_deg=189
[M::hk_bmap_gen] generated 5266 beads
[M::hk_bmap_gen] 213395 bin pairs
[M::hk_bmap_gen] generated 5266 beads
[M::hk_bmap_gen] 213395 bin pairs
[M::blind-gpu] prepared pair buffers: n_diploid=5266 n_pairs=218515 n_block_keys=426940 n_steps=100
[I::fdg-gpu] blocklist CSR ready: edges=426940 avg_deg=81.07 max_deg=186
[M::hk_bmap_gen] generated 5266 beads
[M::hk_bmap_gen] 213536 bin pairs
[M::hk_bmap_gen] generated 5266 beads
[M::hk_bmap_gen] 213536 bin pairs
[M::blind-gpu] prepared pair buffers: n_diploid=5266 n_pairs=218651 n_block_keys=427212 n_steps=100
[I::fdg-gpu] blocklist CSR ready: edges=427212 avg_deg=81.13 max_deg=184
[M::hk_bmap_gen] generated 5266 beads
[M::hk_bmap_gen] 213485 bin pairs
[M::hk_bmap_gen] generated 5266 beads
[M::hk_bmap_gen] 213485 bin pairs
[M::blind-gpu] prepared pair buffers: n_diploid=5266 n_pairs=218589 n_block_keys=427088 n_steps=100
[I::fdg-gpu] blocklist CSR ready: edges=427088 avg_deg=81.10 max_deg=183
[M::hk_bmap_gen] generated 5266 beads
[M::hk_bmap_gen] 213547 bin pairs
[M::hk_bmap_gen] generated 5266 beads
[M::hk_bmap_gen] 213547 bin pairs
[M::blind-gpu] prepared pair buffers: n_diploid=5266 n_pairs=218677 n_block_keys=427264 n_steps=100
[I::fdg-gpu] blocklist CSR ready: edges=427264 avg_deg=81.14 max_deg=182
[M::hk_bmap_gen] generated 5266 beads
[M::hk_bmap_gen] 213645 bin pairs
[M::hk_bmap_gen] generated 5266 beads
[M::hk_bmap_gen] 213645 bin pairs
[M::blind-gpu] prepared pair buffers: n_diploid=5266 n_pairs=218771 n_block_keys=427450 n_steps=100
[I::fdg-gpu] blocklist CSR ready: edges=427450 avg_deg=81.17 max_deg=181
[M::hk_bmap_gen] generated 5266 beads
[M::hk_bmap_gen] 213739 bin pairs
[M::hk_bmap_gen] generated 5266 beads
[M::hk_bmap_gen] 213739 bin pairs
[M::blind-gpu] prepared pair buffers: n_diploid=5266 n_pairs=218859 n_block_keys=427626 n_steps=100
[I::fdg-gpu] blocklist CSR ready: edges=427626 avg_deg=81.21 max_deg=181
[M::hk_bmap_gen] generated 5266 beads
[M::hk_bmap_gen] 213688 bin pairs
[M::hk_bmap_gen] generated 5266 beads
[M::hk_bmap_gen] 213688 bin pairs
[M::blind-gpu] prepared pair buffers: n_diploid=5266 n_pairs=218820 n_block_keys=427546 n_steps=100
[I::fdg-gpu] blocklist CSR ready: edges=427546 avg_deg=81.19 max_deg=181
[M::hk_bmap_gen] generated 5266 beads
[M::hk_bmap_gen] 213576 bin pairs
[M::hk_bmap_gen] generated 5266 beads
[M::hk_bmap_gen] 213576 bin pairs
[M::blind-gpu] prepared pair buffers: n_diploid=5266 n_pairs=218721 n_block_keys=427350 n_steps=100
[I::fdg-gpu] blocklist CSR ready: edges=427350 avg_deg=81.15 max_deg=182
[M::hk_bmap_gen] generated 5266 beads
[M::hk_bmap_gen] 213372 bin pairs
[M::hk_bmap_gen] generated 5266 beads
[M::hk_bmap_gen] 213372 bin pairs
[M::blind-gpu] prepared pair buffers: n_diploid=5266 n_pairs=218523 n_block_keys=426956 n_steps=100
[I::fdg-gpu] blocklist CSR ready: edges=426956 avg_deg=81.08 max_deg=180
[M::hk_bmap_gen] generated 5266 beads
[M::hk_bmap_gen] 213273 bin pairs
[M::hk_bmap_gen] generated 5266 beads
[M::hk_bmap_gen] 213273 bin pairs
[M::blind-gpu] prepared pair buffers: n_diploid=5266 n_pairs=218412 n_block_keys=426734 n_steps=100
[I::fdg-gpu] blocklist CSR ready: edges=426734 avg_deg=81.04 max_deg=184
[M::hk_bmap_gen] generated 5266 beads
[M::hk_bmap_gen] 213171 bin pairs
[M::hk_bmap_gen] generated 5266 beads
[M::hk_bmap_gen] 213171 bin pairs
[M::blind-gpu] prepared pair buffers: n_diploid=5266 n_pairs=218317 n_block_keys=426546 n_steps=100
[I::fdg-gpu] blocklist CSR ready: edges=426546 avg_deg=81.00 max_deg=182
[M::hk_bmap_gen] generated 5266 beads
[M::hk_bmap_gen] 213157 bin pairs
[M::hk_bmap_gen] generated 5266 beads
[M::hk_bmap_gen] 213157 bin pairs
[M::blind-gpu] prepared pair buffers: n_diploid=5266 n_pairs=218310 n_block_keys=426536 n_steps=100
[I::fdg-gpu] blocklist CSR ready: edges=426536 avg_deg=81.00 max_deg=187
[M::hk_bmap_gen] generated 5266 beads
[M::hk_bmap_gen] 213241 bin pairs
[M::hk_bmap_gen] generated 5266 beads
[M::hk_bmap_gen] 213241 bin pairs
[M::blind-gpu] prepared pair buffers: n_diploid=5266 n_pairs=218385 n_block_keys=426680 n_steps=100
[I::fdg-gpu] blocklist CSR ready: edges=426680 avg_deg=81.03 max_deg=190
[M::hk_bmap_gen] generated 5266 beads
[M::hk_bmap_gen] 213160 bin pairs
[M::hk_bmap_gen] generated 5266 beads
[M::hk_bmap_gen] 213160 bin pairs
[M::blind-gpu] prepared pair buffers: n_diploid=5266 n_pairs=218292 n_block_keys=426494 n_steps=100
[I::fdg-gpu] blocklist CSR ready: edges=426494 avg_deg=80.99 max_deg=191
[M::hk_bmap_gen] generated 5266 beads
[M::hk_bmap_gen] 213158 bin pairs
[M::hk_bmap_gen] generated 5266 beads
[M::hk_bmap_gen] 213158 bin pairs
[M::blind-gpu] prepared pair buffers: n_diploid=5266 n_pairs=218291 n_block_keys=426492 n_steps=100
[I::fdg-gpu] blocklist CSR ready: edges=426492 avg_deg=80.99 max_deg=192
[M::hk_bmap_gen] generated 5266 beads
[M::hk_bmap_gen] 213141 bin pairs
[M::hk_bmap_gen] generated 5266 beads
[M::hk_bmap_gen] 213141 bin pairs
[M::blind-gpu] prepared pair buffers: n_diploid=5266 n_pairs=218278 n_block_keys=426464 n_steps=100
[I::fdg-gpu] blocklist CSR ready: edges=426464 avg_deg=80.98 max_deg=191
[M::hk_bmap_gen] generated 5266 beads
[M::hk_bmap_gen] 213087 bin pairs
[M::hk_bmap_gen] generated 5266 beads
[M::hk_bmap_gen] 213087 bin pairs
[M::blind-gpu] prepared pair buffers: n_diploid=5266 n_pairs=218228 n_block_keys=426366 n_steps=100
[I::fdg-gpu] blocklist CSR ready: edges=426366 avg_deg=80.97 max_deg=191
[M::hk_bmap_gen] generated 5266 beads
[M::hk_bmap_gen] 213002 bin pairs
[M::hk_bmap_gen] generated 5266 beads
[M::hk_bmap_gen] 213002 bin pairs
[M::blind-gpu] prepared pair buffers: n_diploid=5266 n_pairs=218132 n_block_keys=426172 n_steps=100
[I::fdg-gpu] blocklist CSR ready: edges=426172 avg_deg=80.93 max_deg=190
[M::hk_bmap_gen] generated 5266 beads
[M::hk_bmap_gen] 212988 bin pairs
[M::hk_bmap_gen] generated 5266 beads
[M::hk_bmap_gen] 212988 bin pairs
[M::blind-gpu] prepared pair buffers: n_diploid=5266 n_pairs=218114 n_block_keys=426136 n_steps=100
[I::fdg-gpu] blocklist CSR ready: edges=426136 avg_deg=80.92 max_deg=190
[M::hk_bmap_gen] generated 5266 beads
[M::hk_bmap_gen] 212951 bin pairs
[M::hk_bmap_gen] generated 5266 beads
[M::hk_bmap_gen] 212951 bin pairs
[M::blind-gpu] prepared pair buffers: n_diploid=5266 n_pairs=218087 n_block_keys=426082 n_steps=100
[I::fdg-gpu] blocklist CSR ready: edges=426082 avg_deg=80.91 max_deg=188
[M::hk_bmap_gen] generated 5266 beads
[M::hk_bmap_gen] 212918 bin pairs
[M::hk_bmap_gen] generated 5266 beads
[M::hk_bmap_gen] 212918 bin pairs
[M::blind-gpu] prepared pair buffers: n_diploid=5266 n_pairs=218048 n_block_keys=426004 n_steps=100
[I::fdg-gpu] blocklist CSR ready: edges=426004 avg_deg=80.90 max_deg=189
[M::hk_bmap_gen] generated 5266 beads
[M::hk_bmap_gen] 212791 bin pairs
[M::hk_bmap_gen] generated 5266 beads
[M::hk_bmap_gen] 212791 bin pairs
[M::blind-gpu] prepared pair buffers: n_diploid=5266 n_pairs=217914 n_block_keys=425736 n_steps=100
[I::fdg-gpu] blocklist CSR ready: edges=425736 avg_deg=80.85 max_deg=189
[M::hk_bmap_gen] generated 5266 beads
[M::hk_bmap_gen] 212775 bin pairs
[M::hk_bmap_gen] generated 5266 beads
[M::hk_bmap_gen] 212775 bin pairs
[M::blind-gpu] prepared pair buffers: n_diploid=5266 n_pairs=217905 n_block_keys=425718 n_steps=100
[I::fdg-gpu] blocklist CSR ready: edges=425718 avg_deg=80.84 max_deg=191
[M::hk_bmap_gen] generated 5266 beads
[M::hk_bmap_gen] 212729 bin pairs
[M::hk_bmap_gen] generated 5266 beads
[M::hk_bmap_gen] 212729 bin pairs
[M::blind-gpu] prepared pair buffers: n_diploid=5266 n_pairs=217860 n_block_keys=425626 n_steps=100
[I::fdg-gpu] blocklist CSR ready: edges=425626 avg_deg=80.83 max_deg=191
[M::hk_bmap_gen] generated 5266 beads
[M::hk_bmap_gen] 212696 bin pairs
[M::hk_bmap_gen] generated 5266 beads
[M::hk_bmap_gen] 212696 bin pairs
[M::blind-gpu] prepared pair buffers: n_diploid=5266 n_pairs=217829 n_block_keys=425566 n_steps=100
[I::fdg-gpu] blocklist CSR ready: edges=425566 avg_deg=80.81 max_deg=191
[M::hk_bmap_gen] generated 5266 beads
[M::hk_bmap_gen] 212710 bin pairs
[M::hk_bmap_gen] generated 5266 beads
[M::hk_bmap_gen] 212710 bin pairs
[M::blind-gpu] prepared pair buffers: n_diploid=5266 n_pairs=217849 n_block_keys=425604 n_steps=100
[I::fdg-gpu] blocklist CSR ready: edges=425604 avg_deg=80.82 max_deg=191
[M::hk_bmap_gen] generated 5266 beads
[M::hk_bmap_gen] 212643 bin pairs
[M::hk_bmap_gen] generated 5266 beads
[M::hk_bmap_gen] 212643 bin pairs
[M::blind-gpu] prepared pair buffers: n_diploid=5266 n_pairs=217779 n_block_keys=425466 n_steps=100
[I::fdg-gpu] blocklist CSR ready: edges=425466 avg_deg=80.79 max_deg=191
[M::hk_bmap_gen] generated 5266 beads
[M::hk_bmap_gen] 212600 bin pairs
[M::hk_bmap_gen] generated 5266 beads
[M::hk_bmap_gen] 212600 bin pairs
[M::blind-gpu] prepared pair buffers: n_diploid=5266 n_pairs=217741 n_block_keys=425390 n_steps=100
[I::fdg-gpu] blocklist CSR ready: edges=425390 avg_deg=80.78 max_deg=190
[M::hk_bmap_gen] generated 5266 beads
[M::hk_bmap_gen] 212514 bin pairs
[M::hk_bmap_gen] generated 5266 beads
[M::hk_bmap_gen] 212514 bin pairs
[M::blind-gpu] prepared pair buffers: n_diploid=5266 n_pairs=217649 n_block_keys=425206 n_steps=100
[I::fdg-gpu] blocklist CSR ready: edges=425206 avg_deg=80.75 max_deg=190
[M::hk_bmap_gen] generated 5266 beads
[M::hk_bmap_gen] 212505 bin pairs
[M::hk_bmap_gen] generated 5266 beads
[M::hk_bmap_gen] 212505 bin pairs
[M::blind-gpu] prepared pair buffers: n_diploid=5266 n_pairs=217635 n_block_keys=425178 n_steps=100
[I::fdg-gpu] blocklist CSR ready: edges=425178 avg_deg=80.74 max_deg=191
[M::hk_bmap_gen] generated 5266 beads
[M::hk_bmap_gen] 212495 bin pairs
[M::hk_bmap_gen] generated 5266 beads
[M::hk_bmap_gen] 212495 bin pairs
[M::blind-gpu] prepared pair buffers: n_diploid=5266 n_pairs=217635 n_block_keys=425178 n_steps=100
[I::fdg-gpu] blocklist CSR ready: edges=425178 avg_deg=80.74 max_deg=191
[M::hk_bmap_gen] generated 5266 beads
[M::hk_bmap_gen] 212481 bin pairs
[M::hk_bmap_gen] generated 5266 beads
[M::hk_bmap_gen] 212481 bin pairs
[M::blind-gpu] prepared pair buffers: n_diploid=5266 n_pairs=217619 n_block_keys=425146 n_steps=100
[I::fdg-gpu] blocklist CSR ready: edges=425146 avg_deg=80.73 max_deg=190
[M::hk_bmap_gen] generated 5266 beads
[M::hk_bmap_gen] 212496 bin pairs
[M::hk_bmap_gen] generated 5266 beads
[M::hk_bmap_gen] 212496 bin pairs
[M::blind-gpu] prepared pair buffers: n_diploid=5266 n_pairs=217631 n_block_keys=425170 n_steps=100
[I::fdg-gpu] blocklist CSR ready: edges=425170 avg_deg=80.74 max_deg=190
[M::hk_bmap_gen] generated 5266 beads
[M::hk_bmap_gen] 212490 bin pairs
[M::hk_bmap_gen] generated 5266 beads
[M::hk_bmap_gen] 212490 bin pairs
[M::blind-gpu] prepared pair buffers: n_diploid=5266 n_pairs=217620 n_block_keys=425148 n_steps=100
[I::fdg-gpu] blocklist CSR ready: edges=425148 avg_deg=80.73 max_deg=192
[M::hk_bmap_gen] generated 5266 beads
[M::hk_bmap_gen] 212444 bin pairs
[M::hk_bmap_gen] generated 5266 beads
[M::hk_bmap_gen] 212444 bin pairs
[M::blind-gpu] prepared pair buffers: n_diploid=5266 n_pairs=217572 n_block_keys=425050 n_steps=100
[I::fdg-gpu] blocklist CSR ready: edges=425050 avg_deg=80.72 max_deg=193
[M::hk_bmap_gen] generated 5266 beads
[M::hk_bmap_gen] 212459 bin pairs
[M::hk_bmap_gen] generated 5266 beads
[M::hk_bmap_gen] 212459 bin pairs
[M::blind-gpu] prepared pair buffers: n_diploid=5266 n_pairs=217589 n_block_keys=425086 n_steps=100
[I::fdg-gpu] blocklist CSR ready: edges=425086 avg_deg=80.72 max_deg=193
[M::hk_bmap_gen] generated 5266 beads
[M::hk_bmap_gen] 212489 bin pairs
[M::hk_bmap_gen] generated 5266 beads
[M::hk_bmap_gen] 212489 bin pairs
[M::blind-gpu] prepared pair buffers: n_diploid=5266 n_pairs=217620 n_block_keys=425148 n_steps=100
[I::fdg-gpu] blocklist CSR ready: edges=425148 avg_deg=80.73 max_deg=193
[M::hk_bmap_gen] generated 5266 beads
[M::hk_bmap_gen] 212501 bin pairs
[M::hk_bmap_gen] generated 5266 beads
[M::hk_bmap_gen] 212501 bin pairs
[M::blind-gpu] prepared pair buffers: n_diploid=5266 n_pairs=217634 n_block_keys=425176 n_steps=100
[I::fdg-gpu] blocklist CSR ready: edges=425176 avg_deg=80.74 max_deg=193
[M::hk_bmap_gen] generated 5266 beads
[M::hk_bmap_gen] 212457 bin pairs
[M::hk_bmap_gen] generated 5266 beads
[M::hk_bmap_gen] 212457 bin pairs
[M::blind-gpu] prepared pair buffers: n_diploid=5266 n_pairs=217589 n_block_keys=425086 n_steps=100
[I::fdg-gpu] blocklist CSR ready: edges=425086 avg_deg=80.72 max_deg=193
[M::hk_bmap_gen] generated 5266 beads
[M::hk_bmap_gen] 212490 bin pairs
[M::hk_bmap_gen] generated 5266 beads
[M::hk_bmap_gen] 212490 bin pairs
[M::blind-gpu] prepared pair buffers: n_diploid=5266 n_pairs=217622 n_block_keys=425154 n_steps=100
[I::fdg-gpu] blocklist CSR ready: edges=425154 avg_deg=80.74 max_deg=194
[M::hk_bmap_gen] generated 5266 beads
[M::hk_bmap_gen] 212458 bin pairs
[M::hk_bmap_gen] generated 5266 beads
[M::hk_bmap_gen] 212458 bin pairs
[M::blind-gpu] prepared pair buffers: n_diploid=5266 n_pairs=217585 n_block_keys=425080 n_steps=100
[I::fdg-gpu] blocklist CSR ready: edges=425080 avg_deg=80.72 max_deg=194
[M::hk_bmap_gen] generated 5266 beads
[M::hk_bmap_gen] 212490 bin pairs
[M::hk_bmap_gen] generated 5266 beads
[M::hk_bmap_gen] 212490 bin pairs
[M::blind-gpu] prepared pair buffers: n_diploid=5266 n_pairs=217624 n_block_keys=425158 n_steps=100
[I::fdg-gpu] blocklist CSR ready: edges=425158 avg_deg=80.74 max_deg=194
[M::hk_bmap_gen] generated 5266 beads
[M::hk_bmap_gen] 212501 bin pairs
[M::hk_bmap_gen] generated 5266 beads
[M::hk_bmap_gen] 212501 bin pairs
[M::blind-gpu] prepared pair buffers: n_diploid=5266 n_pairs=217643 n_block_keys=425194 n_steps=100
[I::fdg-gpu] blocklist CSR ready: edges=425194 avg_deg=80.74 max_deg=193
[M::hk_bmap_gen] generated 5266 beads
[M::hk_bmap_gen] 212514 bin pairs
[M::hk_bmap_gen] generated 5266 beads
[M::hk_bmap_gen] 212514 bin pairs
[M::blind-gpu] prepared pair buffers: n_diploid=5266 n_pairs=217651 n_block_keys=425210 n_steps=100
[I::fdg-gpu] blocklist CSR ready: edges=425210 avg_deg=80.75 max_deg=193
[M::hk_bmap_gen] generated 5266 beads
[M::hk_bmap_gen] 212507 bin pairs
[M::hk_bmap_gen] generated 5266 beads
[M::hk_bmap_gen] 212507 bin pairs
[M::blind-gpu] prepared pair buffers: n_diploid=5266 n_pairs=217640 n_block_keys=425188 n_steps=100
[I::fdg-gpu] blocklist CSR ready: edges=425188 avg_deg=80.74 max_deg=193
[M::hk_bmap_gen] generated 5266 beads
[M::hk_bmap_gen] 212507 bin pairs
[M::hk_bmap_gen] generated 5266 beads
[M::hk_bmap_gen] 212507 bin pairs
[M::blind-gpu] prepared pair buffers: n_diploid=5266 n_pairs=217640 n_block_keys=425188 n_steps=100
[I::fdg-gpu] blocklist CSR ready: edges=425188 avg_deg=80.74 max_deg=195
[M::hk_bmap_gen] generated 5266 beads
[M::hk_bmap_gen] 212468 bin pairs
[M::hk_bmap_gen] generated 5266 beads
[M::hk_bmap_gen] 212468 bin pairs
[M::blind-gpu] prepared pair buffers: n_diploid=5266 n_pairs=217598 n_block_keys=425104 n_steps=100
[I::fdg-gpu] blocklist CSR ready: edges=425104 avg_deg=80.73 max_deg=195
[M::hk_bmap_gen] generated 5266 beads
[M::hk_bmap_gen] 212439 bin pairs
[M::hk_bmap_gen] generated 5266 beads
[M::hk_bmap_gen] 212439 bin pairs
[M::blind-gpu] prepared pair buffers: n_diploid=5266 n_pairs=217569 n_block_keys=425046 n_steps=100
[I::fdg-gpu] blocklist CSR ready: edges=425046 avg_deg=80.72 max_deg=195
[M::hk_bmap_gen] generated 5266 beads
[M::hk_bmap_gen] 212416 bin pairs
[M::hk_bmap_gen] generated 5266 beads
[M::hk_bmap_gen] 212416 bin pairs
[M::blind-gpu] prepared pair buffers: n_diploid=5266 n_pairs=217540 n_block_keys=424988 n_steps=100
[I::fdg-gpu] blocklist CSR ready: edges=424988 avg_deg=80.70 max_deg=195
[M::hk_bmap_gen] generated 5266 beads
[M::hk_bmap_gen] 212389 bin pairs
[M::hk_bmap_gen] generated 5266 beads
[M::hk_bmap_gen] 212389 bin pairs
[M::blind-gpu] prepared pair buffers: n_diploid=5266 n_pairs=217513 n_block_keys=424934 n_steps=100
[I::fdg-gpu] blocklist CSR ready: edges=424934 avg_deg=80.69 max_deg=195
[M::hk_bmap_gen] generated 5266 beads
[M::hk_bmap_gen] 212370 bin pairs
[M::hk_bmap_gen] generated 5266 beads
[M::hk_bmap_gen] 212370 bin pairs
[M::blind-gpu] prepared pair buffers: n_diploid=5266 n_pairs=217497 n_block_keys=424902 n_steps=100
[I::fdg-gpu] blocklist CSR ready: edges=424902 avg_deg=80.69 max_deg=195
[M::hk_bmap_gen] generated 5266 beads
[M::hk_bmap_gen] 212360 bin pairs
[M::hk_bmap_gen] generated 5266 beads
[M::hk_bmap_gen] 212360 bin pairs
[M::blind-gpu] prepared pair buffers: n_diploid=5266 n_pairs=217490 n_block_keys=424888 n_steps=100
[I::fdg-gpu] blocklist CSR ready: edges=424888 avg_deg=80.69 max_deg=195
[M::hk_bmap_gen] generated 5266 beads
[M::hk_bmap_gen] 212377 bin pairs
[M::hk_bmap_gen] generated 5266 beads
[M::hk_bmap_gen] 212377 bin pairs
[M::blind-gpu] prepared pair buffers: n_diploid=5266 n_pairs=217507 n_block_keys=424922 n_steps=100
[I::fdg-gpu] blocklist CSR ready: edges=424922 avg_deg=80.69 max_deg=195
[M::hk_bmap_gen] generated 5266 beads
[M::hk_bmap_gen] 212354 bin pairs
[M::hk_bmap_gen] generated 5266 beads
[M::hk_bmap_gen] 212354 bin pairs
[M::blind-gpu] prepared pair buffers: n_diploid=5266 n_pairs=217483 n_block_keys=424874 n_steps=100
[I::fdg-gpu] blocklist CSR ready: edges=424874 avg_deg=80.68 max_deg=195
[M::hk_bmap_gen] generated 5266 beads
[M::hk_bmap_gen] 212352 bin pairs
[M::hk_bmap_gen] generated 5266 beads
[M::hk_bmap_gen] 212352 bin pairs
[M::blind-gpu] prepared pair buffers: n_diploid=5266 n_pairs=217482 n_block_keys=424872 n_steps=100
[I::fdg-gpu] blocklist CSR ready: edges=424872 avg_deg=80.68 max_deg=195
[M::hk_bmap_gen] generated 5266 beads
[M::hk_bmap_gen] 212353 bin pairs
[M::hk_bmap_gen] generated 5266 beads
[M::hk_bmap_gen] 212353 bin pairs
[M::blind-gpu] prepared pair buffers: n_diploid=5266 n_pairs=217482 n_block_keys=424872 n_steps=100
[I::fdg-gpu] blocklist CSR ready: edges=424872 avg_deg=80.68 max_deg=195
[M::hk_bmap_gen] generated 5266 beads
[M::hk_bmap_gen] 212387 bin pairs
[M::hk_bmap_gen] generated 5266 beads
[M::hk_bmap_gen] 212387 bin pairs
[M::blind-gpu] prepared pair buffers: n_diploid=5266 n_pairs=217515 n_block_keys=424940 n_steps=100
[I::fdg-gpu] blocklist CSR ready: edges=424940 avg_deg=80.70 max_deg=195
[M::hk_bmap_gen] generated 5266 beads
[M::hk_bmap_gen] 212405 bin pairs
[M::hk_bmap_gen] generated 5266 beads
[M::hk_bmap_gen] 212405 bin pairs
[M::blind-gpu] prepared pair buffers: n_diploid=5266 n_pairs=217534 n_block_keys=424976 n_steps=100
[I::fdg-gpu] blocklist CSR ready: edges=424976 avg_deg=80.70 max_deg=195
[M::hk_bmap_gen] generated 5266 beads
[M::hk_bmap_gen] 212379 bin pairs
[M::hk_bmap_gen] generated 5266 beads
[M::hk_bmap_gen] 212379 bin pairs
[M::blind-gpu] prepared pair buffers: n_diploid=5266 n_pairs=217510 n_block_keys=424928 n_steps=100
[I::fdg-gpu] blocklist CSR ready: edges=424928 avg_deg=80.69 max_deg=195
[M::hk_bmap_gen] generated 5266 beads
[M::hk_bmap_gen] 212397 bin pairs
[M::hk_bmap_gen] generated 5266 beads
[M::hk_bmap_gen] 212397 bin pairs
[M::blind-gpu] prepared pair buffers: n_diploid=5266 n_pairs=217530 n_block_keys=424968 n_steps=100
[I::fdg-gpu] blocklist CSR ready: edges=424968 avg_deg=80.70 max_deg=194
[M::hk_bmap_gen] generated 5266 beads
[M::hk_bmap_gen] 212378 bin pairs
[M::hk_bmap_gen] generated 5266 beads
[M::hk_bmap_gen] 212378 bin pairs
[M::blind-gpu] prepared pair buffers: n_diploid=5266 n_pairs=217510 n_block_keys=424926 n_steps=100
[I::fdg-gpu] blocklist CSR ready: edges=424926 avg_deg=80.69 max_deg=194
[M::hk_bmap_gen] generated 5266 beads
[M::hk_bmap_gen] 212378 bin pairs
[M::hk_bmap_gen] generated 5266 beads
[M::hk_bmap_gen] 212378 bin pairs
[M::blind-gpu] prepared pair buffers: n_diploid=5266 n_pairs=217509 n_block_keys=424924 n_steps=100
[I::fdg-gpu] blocklist CSR ready: edges=424924 avg_deg=80.69 max_deg=194
[M::hk_bmap_gen] generated 5266 beads
[M::hk_bmap_gen] 212364 bin pairs
[M::hk_bmap_gen] generated 5266 beads
[M::hk_bmap_gen] 212364 bin pairs
[M::blind-gpu] prepared pair buffers: n_diploid=5266 n_pairs=217493 n_block_keys=424892 n_steps=100
[I::fdg-gpu] blocklist CSR ready: edges=424892 avg_deg=80.69 max_deg=194
[M::hk_bmap_gen] generated 5266 beads
[M::hk_bmap_gen] 212347 bin pairs
[M::hk_bmap_gen] generated 5266 beads
[M::hk_bmap_gen] 212347 bin pairs
[M::blind-gpu] prepared pair buffers: n_diploid=5266 n_pairs=217474 n_block_keys=424854 n_steps=100
[I::fdg-gpu] blocklist CSR ready: edges=424854 avg_deg=80.68 max_deg=193
[M::hk_bmap_gen] generated 5266 beads
[M::hk_bmap_gen] 212359 bin pairs
[M::hk_bmap_gen] generated 5266 beads
[M::hk_bmap_gen] 212359 bin pairs
[M::blind-gpu] prepared pair buffers: n_diploid=5266 n_pairs=217486 n_block_keys=424878 n_steps=100
[I::fdg-gpu] blocklist CSR ready: edges=424878 avg_deg=80.68 max_deg=193
[M::hk_bmap_gen] generated 5266 beads
[M::hk_bmap_gen] 212355 bin pairs
[M::hk_bmap_gen] generated 5266 beads
[M::hk_bmap_gen] 212355 bin pairs
[M::blind-gpu] prepared pair buffers: n_diploid=5266 n_pairs=217481 n_block_keys=424868 n_steps=100
[I::fdg-gpu] blocklist CSR ready: edges=424868 avg_deg=80.68 max_deg=193
[M::hk_bmap_gen] generated 5266 beads
[M::hk_bmap_gen] 212343 bin pairs
[M::hk_bmap_gen] generated 5266 beads
[M::hk_bmap_gen] 212343 bin pairs
[M::blind-gpu] prepared pair buffers: n_diploid=5266 n_pairs=217465 n_block_keys=424836 n_steps=100
[I::fdg-gpu] blocklist CSR ready: edges=424836 avg_deg=80.68 max_deg=193
[M::hk_bmap_gen] generated 5266 beads
[M::hk_bmap_gen] 212343 bin pairs
[M::hk_bmap_gen] generated 5266 beads
[M::hk_bmap_gen] 212343 bin pairs
[M::blind-gpu] prepared pair buffers: n_diploid=5266 n_pairs=217464 n_block_keys=424834 n_steps=100
[I::fdg-gpu] blocklist CSR ready: edges=424834 avg_deg=80.67 max_deg=193
[M::hk_bmap_gen] generated 5266 beads
[M::hk_bmap_gen] 212311 bin pairs
[M::hk_bmap_gen] generated 5266 beads
[M::hk_bmap_gen] 212311 bin pairs
[M::blind-gpu] prepared pair buffers: n_diploid=5266 n_pairs=217433 n_block_keys=424772 n_steps=100
[I::fdg-gpu] blocklist CSR ready: edges=424772 avg_deg=80.66 max_deg=192
[M::hk_bmap_gen] generated 5266 beads
[M::hk_bmap_gen] 212333 bin pairs
[M::hk_bmap_gen] generated 5266 beads
[M::hk_bmap_gen] 212333 bin pairs
[M::blind-gpu] prepared pair buffers: n_diploid=5266 n_pairs=217448 n_block_keys=424802 n_steps=100
[I::fdg-gpu] blocklist CSR ready: edges=424802 avg_deg=80.67 max_deg=191
[M::hk_bmap_gen] generated 5266 beads
[M::hk_bmap_gen] 212345 bin pairs
[M::hk_bmap_gen] generated 5266 beads
[M::hk_bmap_gen] 212345 bin pairs
[M::blind-gpu] prepared pair buffers: n_diploid=5266 n_pairs=217457 n_block_keys=424820 n_steps=100
[I::fdg-gpu] blocklist CSR ready: edges=424820 avg_deg=80.67 max_deg=191
[M::hk_bmap_gen] generated 5266 beads
[M::hk_bmap_gen] 212320 bin pairs
[M::hk_bmap_gen] generated 5266 beads
[M::hk_bmap_gen] 212320 bin pairs
[M::blind-gpu] prepared pair buffers: n_diploid=5266 n_pairs=217439 n_block_keys=424784 n_steps=100
[I::fdg-gpu] blocklist CSR ready: edges=424784 avg_deg=80.67 max_deg=191
[M::hk_bmap_gen] generated 5266 beads
[M::hk_bmap_gen] 212341 bin pairs
[M::hk_bmap_gen] generated 5266 beads
[M::hk_bmap_gen] 212341 bin pairs
[M::blind-gpu] prepared pair buffers: n_diploid=5266 n_pairs=217462 n_block_keys=424830 n_steps=100
[I::fdg-gpu] blocklist CSR ready: edges=424830 avg_deg=80.67 max_deg=190
[M::hk_bmap_gen] generated 5266 beads
[M::hk_bmap_gen] 212300 bin pairs
[M::hk_bmap_gen] generated 5266 beads
[M::hk_bmap_gen] 212300 bin pairs
[M::blind-gpu] prepared pair buffers: n_diploid=5266 n_pairs=217422 n_block_keys=424750 n_steps=100
[I::fdg-gpu] blocklist CSR ready: edges=424750 avg_deg=80.66 max_deg=190
[M::hk_bmap_gen] generated 5266 beads
[M::hk_bmap_gen] 212345 bin pairs
[M::hk_bmap_gen] generated 5266 beads
[M::hk_bmap_gen] 212345 bin pairs
[M::blind-gpu] prepared pair buffers: n_diploid=5266 n_pairs=217463 n_block_keys=424832 n_steps=100
[I::fdg-gpu] blocklist CSR ready: edges=424832 avg_deg=80.67 max_deg=190
[M::hk_bmap_gen] generated 5266 beads
[M::hk_bmap_gen] 212289 bin pairs
[M::hk_bmap_gen] generated 5266 beads
[M::hk_bmap_gen] 212289 bin pairs
[M::blind-gpu] prepared pair buffers: n_diploid=5266 n_pairs=217409 n_block_keys=424724 n_steps=100
[I::fdg-gpu] blocklist CSR ready: edges=424724 avg_deg=80.65 max_deg=190
[M::hk_bmap_gen] generated 5266 beads
[M::hk_bmap_gen] 212287 bin pairs
[M::hk_bmap_gen] generated 5266 beads
[M::hk_bmap_gen] 212287 bin pairs
[M::blind-gpu] prepared pair buffers: n_diploid=5266 n_pairs=217407 n_block_keys=424720 n_steps=100
[I::fdg-gpu] blocklist CSR ready: edges=424720 avg_deg=80.65 max_deg=190
[M::hk_bmap_gen] generated 5266 beads
[M::hk_bmap_gen] 212296 bin pairs
[M::hk_bmap_gen] generated 5266 beads
[M::hk_bmap_gen] 212296 bin pairs
[M::blind-gpu] prepared pair buffers: n_diploid=5266 n_pairs=217415 n_block_keys=424736 n_steps=100
[I::fdg-gpu] blocklist CSR ready: edges=424736 avg_deg=80.66 max_deg=190
[M::hk_bmap_gen] generated 5266 beads
[M::hk_bmap_gen] 212316 bin pairs
[M::hk_bmap_gen] generated 5266 beads
[M::hk_bmap_gen] 212316 bin pairs
[M::blind-gpu] prepared pair buffers: n_diploid=5266 n_pairs=217439 n_block_keys=424784 n_steps=100
[I::fdg-gpu] blocklist CSR ready: edges=424784 avg_deg=80.67 max_deg=190
[M::hk_bmap_gen] generated 5266 beads
[M::hk_bmap_gen] 212326 bin pairs
[M::hk_bmap_gen] generated 5266 beads
[M::hk_bmap_gen] 212326 bin pairs
[M::blind-gpu] prepared pair buffers: n_diploid=5266 n_pairs=217450 n_block_keys=424808 n_steps=100
[I::fdg-gpu] blocklist CSR ready: edges=424808 avg_deg=80.67 max_deg=190
[M::hk_bmap_gen] generated 5266 beads
[M::hk_bmap_gen] 212285 bin pairs
[M::hk_bmap_gen] generated 5266 beads
[M::hk_bmap_gen] 212285 bin pairs
[M::blind-gpu] prepared pair buffers: n_diploid=5266 n_pairs=217408 n_block_keys=424724 n_steps=100
[I::fdg-gpu] blocklist CSR ready: edges=424724 avg_deg=80.65 max_deg=190
minimal P9016[1m]: write outputs to /mnt/ssd/zliu/phase3/test_res/042-20260620_022516-p9016_trans_gate_mstep_1m/outputs/p9016_transgate_pmax0p4_best035
[M::hk_bmap_gen] generated 5266 beads
[M::hk_bmap_gen] 212267 bin pairs
[M::hk_bmap_gen] generated 5266 beads
[M::hk_bmap_gen] 212267 bin pairs
minimal P9016[1m]: status=OK final_entropy=0.67464501 final_pU=0.48665351
minimal P9016: summary /mnt/ssd/zliu/phase3/test_res/042-20260620_022516-p9016_trans_gate_mstep_1m/outputs/matrix_summary.tsv
