minimal P9016: input=/shared/zliu/CHARM/CHARM_mesc/data/pairs/P9016.pairs.gz output_root=/mnt/ssd/zliu/phase3/test_res/042-20260620_022516-p9016_trans_gate_mstep_1m/outputs config=p9016_transgate_off_td1_baseline baseline=softall n_iter=100 relax_steps=100 relax_step=0.012 chain=0 init_mode=unphased_scaffold_split init_eps=0.5 init_noise=0 init_scale=10 init_seed=17 min_sep=0 lambda_sep=0 lambda_copytrack=0 lambda_global_copytrack=0 trans_chr_pair_prior_lambda=0 trans_chr_pair_prior_eps=0.001 trans_chr_pair_prior_power=1 trans_chr_pair_prior_warmup_iter=0 trans_chr_pair_mstep_lambda=0 trans_chr_pair_mstep_eps=0.001 trans_chr_pair_mstep_power=1 trans_chr_pair_mstep_warmup_iter=0 d_scale_mode=posterior_count d_scale_input=posterior_count d_scale_formula=n_raw*posterior_prob^1 d_scale_gamma=1 d_scale_eps=1e-06 trans_k_multiplier=1 trans_dscale_multiplier=1 trans_top1_mode=off trans_top1_min_pmax=1 trans_top1_min_margin=1 trans_top1_mix_weight=0 trans_gate_mode=off trans_gate_min_pmax=1 trans_gate_min_margin=1 trans_gate_min_neg_entropy=-1.3862944 readgroup_mode=off readgroup_max_segments=8 readgroup_eps=1e-06 relax_backend=gpu
minimal P9016: stage 1/1 name=1m bin_size_bp=1000000 parent=0
[M::hk_map_read] read 1703888 pairs
[M::hk_bmap_gen] generated 2633 beads
[M::hk_bmap_gen] 489556 bin pairs
minimal P9016[1m]: build binned contacts
minimal P9016[1m]: init mode=unphased_scaffold_split seed=17 scale=10
[M::hk_fdg] mid_dist:1000000 max_nei:69
[M::hk_fdg1_cpu] iter:10 elapsed:0.32s rep_coef:0.2092 RMS_force:367.1874 n_rep:43.0820 energy:25.1082,6.6566,0.0049 dist:5.6169,6.6204,1.4501
[M::hk_fdg1_cpu] iter:20 elapsed:0.79s rep_coef:0.6615 RMS_force:336.9308 n_rep:157.7303 energy:7.7515,3.4068,0.0177 dist:3.4076,4.2658,1.4016
[M::hk_fdg1_cpu] iter:30 elapsed:1.76s rep_coef:0.9352 RMS_force:226.0828 n_rep:592.3505 energy:1.8327,1.0566,0.0354 dist:1.9896,2.3234,1.2554
[M::hk_fdg1_cpu] iter:40 elapsed:3.17s rep_coef:0.9907 RMS_force:132.8226 n_rep:808.7839 energy:0.5357,0.4158,0.0366 dist:1.4081,1.7237,1.2560
[M::hk_fdg1_cpu] iter:50 elapsed:4.66s rep_coef:0.9987 RMS_force:99.3491 n_rep:815.5837 energy:0.1678,0.2703,0.0325 dist:1.0643,1.6062,1.3142
minimal P9016[1m]: run softall, n_iter=100 relax_steps=100 relax_step=0.012 relax_backend=gpu
[M::hk_bmap_gen] generated 5266 beads
[M::hk_bmap_gen] 287142 bin pairs
[M::hk_bmap_gen] generated 5266 beads
[M::hk_bmap_gen] 287142 bin pairs
[M::blind-gpu] prepared pair buffers: n_diploid=5266 n_pairs=292308 n_block_keys=574524 n_steps=100
[I::fdg-gpu] blocklist CSR ready: edges=574524 avg_deg=109.10 max_deg=193
[M::hk_bmap_gen] generated 5266 beads
[M::hk_bmap_gen] 286178 bin pairs
[M::hk_bmap_gen] generated 5266 beads
[M::hk_bmap_gen] 286178 bin pairs
[M::blind-gpu] prepared pair buffers: n_diploid=5266 n_pairs=291285 n_block_keys=572474 n_steps=100
[I::fdg-gpu] blocklist CSR ready: edges=572474 avg_deg=108.71 max_deg=201
[M::hk_bmap_gen] generated 5266 beads
[M::hk_bmap_gen] 270723 bin pairs
[M::hk_bmap_gen] generated 5266 beads
[M::hk_bmap_gen] 270723 bin pairs
[M::blind-gpu] prepared pair buffers: n_diploid=5266 n_pairs=275818 n_block_keys=541538 n_steps=100
[I::fdg-gpu] blocklist CSR ready: edges=541538 avg_deg=102.84 max_deg=202
[M::hk_bmap_gen] generated 5266 beads
[M::hk_bmap_gen] 256944 bin pairs
[M::hk_bmap_gen] generated 5266 beads
[M::hk_bmap_gen] 256944 bin pairs
[M::blind-gpu] prepared pair buffers: n_diploid=5266 n_pairs=262032 n_block_keys=513972 n_steps=100
[I::fdg-gpu] blocklist CSR ready: edges=513972 avg_deg=97.60 max_deg=207
[M::hk_bmap_gen] generated 5266 beads
[M::hk_bmap_gen] 245438 bin pairs
[M::hk_bmap_gen] generated 5266 beads
[M::hk_bmap_gen] 245438 bin pairs
[M::blind-gpu] prepared pair buffers: n_diploid=5266 n_pairs=250489 n_block_keys=490890 n_steps=100
[I::fdg-gpu] blocklist CSR ready: edges=490890 avg_deg=93.22 max_deg=203
[M::hk_bmap_gen] generated 5266 beads
[M::hk_bmap_gen] 236890 bin pairs
[M::hk_bmap_gen] generated 5266 beads
[M::hk_bmap_gen] 236890 bin pairs
[M::blind-gpu] prepared pair buffers: n_diploid=5266 n_pairs=241983 n_block_keys=473880 n_steps=100
[I::fdg-gpu] blocklist CSR ready: edges=473880 avg_deg=89.99 max_deg=201
[M::hk_bmap_gen] generated 5266 beads
[M::hk_bmap_gen] 230787 bin pairs
[M::hk_bmap_gen] generated 5266 beads
[M::hk_bmap_gen] 230787 bin pairs
[M::blind-gpu] prepared pair buffers: n_diploid=5266 n_pairs=235871 n_block_keys=461660 n_steps=100
[I::fdg-gpu] blocklist CSR ready: edges=461660 avg_deg=87.67 max_deg=199
[M::hk_bmap_gen] generated 5266 beads
[M::hk_bmap_gen] 225543 bin pairs
[M::hk_bmap_gen] generated 5266 beads
[M::hk_bmap_gen] 225543 bin pairs
[M::blind-gpu] prepared pair buffers: n_diploid=5266 n_pairs=230638 n_block_keys=451190 n_steps=100
[I::fdg-gpu] blocklist CSR ready: edges=451190 avg_deg=85.68 max_deg=201
[M::hk_bmap_gen] generated 5266 beads
[M::hk_bmap_gen] 221981 bin pairs
[M::hk_bmap_gen] generated 5266 beads
[M::hk_bmap_gen] 221981 bin pairs
[M::blind-gpu] prepared pair buffers: n_diploid=5266 n_pairs=227087 n_block_keys=444084 n_steps=100
[I::fdg-gpu] blocklist CSR ready: edges=444084 avg_deg=84.33 max_deg=199
[M::hk_bmap_gen] generated 5266 beads
[M::hk_bmap_gen] 219571 bin pairs
[M::hk_bmap_gen] generated 5266 beads
[M::hk_bmap_gen] 219571 bin pairs
[M::blind-gpu] prepared pair buffers: n_diploid=5266 n_pairs=224690 n_block_keys=439298 n_steps=100
[I::fdg-gpu] blocklist CSR ready: edges=439298 avg_deg=83.42 max_deg=194
[M::hk_bmap_gen] generated 5266 beads
[M::hk_bmap_gen] 217584 bin pairs
[M::hk_bmap_gen] generated 5266 beads
[M::hk_bmap_gen] 217584 bin pairs
[M::blind-gpu] prepared pair buffers: n_diploid=5266 n_pairs=222714 n_block_keys=435346 n_steps=100
[I::fdg-gpu] blocklist CSR ready: edges=435346 avg_deg=82.67 max_deg=193
[M::hk_bmap_gen] generated 5266 beads
[M::hk_bmap_gen] 216601 bin pairs
[M::hk_bmap_gen] generated 5266 beads
[M::hk_bmap_gen] 216601 bin pairs
[M::blind-gpu] prepared pair buffers: n_diploid=5266 n_pairs=221734 n_block_keys=433378 n_steps=100
[I::fdg-gpu] blocklist CSR ready: edges=433378 avg_deg=82.30 max_deg=189
[M::hk_bmap_gen] generated 5266 beads
[M::hk_bmap_gen] 216189 bin pairs
[M::hk_bmap_gen] generated 5266 beads
[M::hk_bmap_gen] 216189 bin pairs
[M::blind-gpu] prepared pair buffers: n_diploid=5266 n_pairs=221316 n_block_keys=432544 n_steps=100
[I::fdg-gpu] blocklist CSR ready: edges=432544 avg_deg=82.14 max_deg=188
[M::hk_bmap_gen] generated 5266 beads
[M::hk_bmap_gen] 216053 bin pairs
[M::hk_bmap_gen] generated 5266 beads
[M::hk_bmap_gen] 216053 bin pairs
[M::blind-gpu] prepared pair buffers: n_diploid=5266 n_pairs=221190 n_block_keys=432284 n_steps=100
[I::fdg-gpu] blocklist CSR ready: edges=432284 avg_deg=82.09 max_deg=185
[M::hk_bmap_gen] generated 5266 beads
[M::hk_bmap_gen] 215936 bin pairs
[M::hk_bmap_gen] generated 5266 beads
[M::hk_bmap_gen] 215936 bin pairs
[M::blind-gpu] prepared pair buffers: n_diploid=5266 n_pairs=221076 n_block_keys=432062 n_steps=100
[I::fdg-gpu] blocklist CSR ready: edges=432062 avg_deg=82.05 max_deg=182
[M::hk_bmap_gen] generated 5266 beads
[M::hk_bmap_gen] 215893 bin pairs
[M::hk_bmap_gen] generated 5266 beads
[M::hk_bmap_gen] 215893 bin pairs
[M::blind-gpu] prepared pair buffers: n_diploid=5266 n_pairs=221055 n_block_keys=432028 n_steps=100
[I::fdg-gpu] blocklist CSR ready: edges=432028 avg_deg=82.04 max_deg=181
[M::hk_bmap_gen] generated 5266 beads
[M::hk_bmap_gen] 215841 bin pairs
[M::hk_bmap_gen] generated 5266 beads
[M::hk_bmap_gen] 215841 bin pairs
[M::blind-gpu] prepared pair buffers: n_diploid=5266 n_pairs=220987 n_block_keys=431892 n_steps=100
[I::fdg-gpu] blocklist CSR ready: edges=431892 avg_deg=82.02 max_deg=181
[M::hk_bmap_gen] generated 5266 beads
[M::hk_bmap_gen] 215744 bin pairs
[M::hk_bmap_gen] generated 5266 beads
[M::hk_bmap_gen] 215744 bin pairs
[M::blind-gpu] prepared pair buffers: n_diploid=5266 n_pairs=220884 n_block_keys=431680 n_steps=100
[I::fdg-gpu] blocklist CSR ready: edges=431680 avg_deg=81.97 max_deg=181
[M::hk_bmap_gen] generated 5266 beads
[M::hk_bmap_gen] 215592 bin pairs
[M::hk_bmap_gen] generated 5266 beads
[M::hk_bmap_gen] 215592 bin pairs
[M::blind-gpu] prepared pair buffers: n_diploid=5266 n_pairs=220731 n_block_keys=431374 n_steps=100
[I::fdg-gpu] blocklist CSR ready: edges=431374 avg_deg=81.92 max_deg=181
[M::hk_bmap_gen] generated 5266 beads
[M::hk_bmap_gen] 215577 bin pairs
[M::hk_bmap_gen] generated 5266 beads
[M::hk_bmap_gen] 215577 bin pairs
[M::blind-gpu] prepared pair buffers: n_diploid=5266 n_pairs=220713 n_block_keys=431340 n_steps=100
[I::fdg-gpu] blocklist CSR ready: edges=431340 avg_deg=81.91 max_deg=181
[M::hk_bmap_gen] generated 5266 beads
[M::hk_bmap_gen] 215429 bin pairs
[M::hk_bmap_gen] generated 5266 beads
[M::hk_bmap_gen] 215429 bin pairs
[M::blind-gpu] prepared pair buffers: n_diploid=5266 n_pairs=220581 n_block_keys=431080 n_steps=100
[I::fdg-gpu] blocklist CSR ready: edges=431080 avg_deg=81.86 max_deg=181
[M::hk_bmap_gen] generated 5266 beads
[M::hk_bmap_gen] 215454 bin pairs
[M::hk_bmap_gen] generated 5266 beads
[M::hk_bmap_gen] 215454 bin pairs
[M::blind-gpu] prepared pair buffers: n_diploid=5266 n_pairs=220596 n_block_keys=431112 n_steps=100
[I::fdg-gpu] blocklist CSR ready: edges=431112 avg_deg=81.87 max_deg=181
[M::hk_bmap_gen] generated 5266 beads
[M::hk_bmap_gen] 215341 bin pairs
[M::hk_bmap_gen] generated 5266 beads
[M::hk_bmap_gen] 215341 bin pairs
[M::blind-gpu] prepared pair buffers: n_diploid=5266 n_pairs=220481 n_block_keys=430884 n_steps=100
[I::fdg-gpu] blocklist CSR ready: edges=430884 avg_deg=81.82 max_deg=181
[M::hk_bmap_gen] generated 5266 beads
[M::hk_bmap_gen] 215099 bin pairs
[M::hk_bmap_gen] generated 5266 beads
[M::hk_bmap_gen] 215099 bin pairs
[M::blind-gpu] prepared pair buffers: n_diploid=5266 n_pairs=220239 n_block_keys=430400 n_steps=100
[I::fdg-gpu] blocklist CSR ready: edges=430400 avg_deg=81.73 max_deg=181
[M::hk_bmap_gen] generated 5266 beads
[M::hk_bmap_gen] 214913 bin pairs
[M::hk_bmap_gen] generated 5266 beads
[M::hk_bmap_gen] 214913 bin pairs
[M::blind-gpu] prepared pair buffers: n_diploid=5266 n_pairs=220046 n_block_keys=430014 n_steps=100
[I::fdg-gpu] blocklist CSR ready: edges=430014 avg_deg=81.66 max_deg=181
[M::hk_bmap_gen] generated 5266 beads
[M::hk_bmap_gen] 214827 bin pairs
[M::hk_bmap_gen] generated 5266 beads
[M::hk_bmap_gen] 214827 bin pairs
[M::blind-gpu] prepared pair buffers: n_diploid=5266 n_pairs=219970 n_block_keys=429868 n_steps=100
[I::fdg-gpu] blocklist CSR ready: edges=429868 avg_deg=81.63 max_deg=181
[M::hk_bmap_gen] generated 5266 beads
[M::hk_bmap_gen] 214727 bin pairs
[M::hk_bmap_gen] generated 5266 beads
[M::hk_bmap_gen] 214727 bin pairs
[M::blind-gpu] prepared pair buffers: n_diploid=5266 n_pairs=219858 n_block_keys=429646 n_steps=100
[I::fdg-gpu] blocklist CSR ready: edges=429646 avg_deg=81.59 max_deg=181
[M::hk_bmap_gen] generated 5266 beads
[M::hk_bmap_gen] 214640 bin pairs
[M::hk_bmap_gen] generated 5266 beads
[M::hk_bmap_gen] 214640 bin pairs
[M::blind-gpu] prepared pair buffers: n_diploid=5266 n_pairs=219780 n_block_keys=429488 n_steps=100
[I::fdg-gpu] blocklist CSR ready: edges=429488 avg_deg=81.56 max_deg=182
[M::hk_bmap_gen] generated 5266 beads
[M::hk_bmap_gen] 214758 bin pairs
[M::hk_bmap_gen] generated 5266 beads
[M::hk_bmap_gen] 214758 bin pairs
[M::blind-gpu] prepared pair buffers: n_diploid=5266 n_pairs=219900 n_block_keys=429724 n_steps=100
[I::fdg-gpu] blocklist CSR ready: edges=429724 avg_deg=81.60 max_deg=182
[M::hk_bmap_gen] generated 5266 beads
[M::hk_bmap_gen] 214750 bin pairs
[M::hk_bmap_gen] generated 5266 beads
[M::hk_bmap_gen] 214750 bin pairs
[M::blind-gpu] prepared pair buffers: n_diploid=5266 n_pairs=219885 n_block_keys=429688 n_steps=100
[I::fdg-gpu] blocklist CSR ready: edges=429688 avg_deg=81.60 max_deg=183
[M::hk_bmap_gen] generated 5266 beads
[M::hk_bmap_gen] 214675 bin pairs
[M::hk_bmap_gen] generated 5266 beads
[M::hk_bmap_gen] 214675 bin pairs
[M::blind-gpu] prepared pair buffers: n_diploid=5266 n_pairs=219818 n_block_keys=429554 n_steps=100
[I::fdg-gpu] blocklist CSR ready: edges=429554 avg_deg=81.57 max_deg=183
[M::hk_bmap_gen] generated 5266 beads
[M::hk_bmap_gen] 214722 bin pairs
[M::hk_bmap_gen] generated 5266 beads
[M::hk_bmap_gen] 214722 bin pairs
[M::blind-gpu] prepared pair buffers: n_diploid=5266 n_pairs=219870 n_block_keys=429660 n_steps=100
[I::fdg-gpu] blocklist CSR ready: edges=429660 avg_deg=81.59 max_deg=184
[M::hk_bmap_gen] generated 5266 beads
[M::hk_bmap_gen] 214684 bin pairs
[M::hk_bmap_gen] generated 5266 beads
[M::hk_bmap_gen] 214684 bin pairs
[M::blind-gpu] prepared pair buffers: n_diploid=5266 n_pairs=219832 n_block_keys=429582 n_steps=100
[I::fdg-gpu] blocklist CSR ready: edges=429582 avg_deg=81.58 max_deg=185
[M::hk_bmap_gen] generated 5266 beads
[M::hk_bmap_gen] 214656 bin pairs
[M::hk_bmap_gen] generated 5266 beads
[M::hk_bmap_gen] 214656 bin pairs
[M::blind-gpu] prepared pair buffers: n_diploid=5266 n_pairs=219806 n_block_keys=429530 n_steps=100
[I::fdg-gpu] blocklist CSR ready: edges=429530 avg_deg=81.57 max_deg=184
[M::hk_bmap_gen] generated 5266 beads
[M::hk_bmap_gen] 214686 bin pairs
[M::hk_bmap_gen] generated 5266 beads
[M::hk_bmap_gen] 214686 bin pairs
[M::blind-gpu] prepared pair buffers: n_diploid=5266 n_pairs=219837 n_block_keys=429592 n_steps=100
[I::fdg-gpu] blocklist CSR ready: edges=429592 avg_deg=81.58 max_deg=182
[M::hk_bmap_gen] generated 5266 beads
[M::hk_bmap_gen] 214648 bin pairs
[M::hk_bmap_gen] generated 5266 beads
[M::hk_bmap_gen] 214648 bin pairs
[M::blind-gpu] prepared pair buffers: n_diploid=5266 n_pairs=219793 n_block_keys=429504 n_steps=100
[I::fdg-gpu] blocklist CSR ready: edges=429504 avg_deg=81.56 max_deg=182
[M::hk_bmap_gen] generated 5266 beads
[M::hk_bmap_gen] 214640 bin pairs
[M::hk_bmap_gen] generated 5266 beads
[M::hk_bmap_gen] 214640 bin pairs
[M::blind-gpu] prepared pair buffers: n_diploid=5266 n_pairs=219789 n_block_keys=429492 n_steps=100
[I::fdg-gpu] blocklist CSR ready: edges=429492 avg_deg=81.56 max_deg=183
[M::hk_bmap_gen] generated 5266 beads
[M::hk_bmap_gen] 214596 bin pairs
[M::hk_bmap_gen] generated 5266 beads
[M::hk_bmap_gen] 214596 bin pairs
[M::blind-gpu] prepared pair buffers: n_diploid=5266 n_pairs=219743 n_block_keys=429398 n_steps=100
[I::fdg-gpu] blocklist CSR ready: edges=429398 avg_deg=81.54 max_deg=183
[M::hk_bmap_gen] generated 5266 beads
[M::hk_bmap_gen] 214545 bin pairs
[M::hk_bmap_gen] generated 5266 beads
[M::hk_bmap_gen] 214545 bin pairs
[M::blind-gpu] prepared pair buffers: n_diploid=5266 n_pairs=219677 n_block_keys=429268 n_steps=100
[I::fdg-gpu] blocklist CSR ready: edges=429268 avg_deg=81.52 max_deg=184
[M::hk_bmap_gen] generated 5266 beads
[M::hk_bmap_gen] 214385 bin pairs
[M::hk_bmap_gen] generated 5266 beads
[M::hk_bmap_gen] 214385 bin pairs
[M::blind-gpu] prepared pair buffers: n_diploid=5266 n_pairs=219523 n_block_keys=428962 n_steps=100
[I::fdg-gpu] blocklist CSR ready: edges=428962 avg_deg=81.46 max_deg=183
[M::hk_bmap_gen] generated 5266 beads
[M::hk_bmap_gen] 214344 bin pairs
[M::hk_bmap_gen] generated 5266 beads
[M::hk_bmap_gen] 214344 bin pairs
[M::blind-gpu] prepared pair buffers: n_diploid=5266 n_pairs=219496 n_block_keys=428906 n_steps=100
[I::fdg-gpu] blocklist CSR ready: edges=428906 avg_deg=81.45 max_deg=183
[M::hk_bmap_gen] generated 5266 beads
[M::hk_bmap_gen] 214323 bin pairs
[M::hk_bmap_gen] generated 5266 beads
[M::hk_bmap_gen] 214323 bin pairs
[M::blind-gpu] prepared pair buffers: n_diploid=5266 n_pairs=219477 n_block_keys=428868 n_steps=100
[I::fdg-gpu] blocklist CSR ready: edges=428868 avg_deg=81.44 max_deg=183
[M::hk_bmap_gen] generated 5266 beads
[M::hk_bmap_gen] 214260 bin pairs
[M::hk_bmap_gen] generated 5266 beads
[M::hk_bmap_gen] 214260 bin pairs
[M::blind-gpu] prepared pair buffers: n_diploid=5266 n_pairs=219417 n_block_keys=428750 n_steps=100
[I::fdg-gpu] blocklist CSR ready: edges=428750 avg_deg=81.42 max_deg=184
[M::hk_bmap_gen] generated 5266 beads
[M::hk_bmap_gen] 214238 bin pairs
[M::hk_bmap_gen] generated 5266 beads
[M::hk_bmap_gen] 214238 bin pairs
[M::blind-gpu] prepared pair buffers: n_diploid=5266 n_pairs=219384 n_block_keys=428684 n_steps=100
[I::fdg-gpu] blocklist CSR ready: edges=428684 avg_deg=81.41 max_deg=184
[M::hk_bmap_gen] generated 5266 beads
[M::hk_bmap_gen] 214239 bin pairs
[M::hk_bmap_gen] generated 5266 beads
[M::hk_bmap_gen] 214239 bin pairs
[M::blind-gpu] prepared pair buffers: n_diploid=5266 n_pairs=219387 n_block_keys=428690 n_steps=100
[I::fdg-gpu] blocklist CSR ready: edges=428690 avg_deg=81.41 max_deg=184
[M::hk_bmap_gen] generated 5266 beads
[M::hk_bmap_gen] 214228 bin pairs
[M::hk_bmap_gen] generated 5266 beads
[M::hk_bmap_gen] 214228 bin pairs
[M::blind-gpu] prepared pair buffers: n_diploid=5266 n_pairs=219376 n_block_keys=428670 n_steps=100
[I::fdg-gpu] blocklist CSR ready: edges=428670 avg_deg=81.40 max_deg=184
[M::hk_bmap_gen] generated 5266 beads
[M::hk_bmap_gen] 214190 bin pairs
[M::hk_bmap_gen] generated 5266 beads
[M::hk_bmap_gen] 214190 bin pairs
[M::blind-gpu] prepared pair buffers: n_diploid=5266 n_pairs=219332 n_block_keys=428584 n_steps=100
[I::fdg-gpu] blocklist CSR ready: edges=428584 avg_deg=81.39 max_deg=184
[M::hk_bmap_gen] generated 5266 beads
[M::hk_bmap_gen] 214092 bin pairs
[M::hk_bmap_gen] generated 5266 beads
[M::hk_bmap_gen] 214092 bin pairs
[M::blind-gpu] prepared pair buffers: n_diploid=5266 n_pairs=219239 n_block_keys=428398 n_steps=100
[I::fdg-gpu] blocklist CSR ready: edges=428398 avg_deg=81.35 max_deg=184
[M::hk_bmap_gen] generated 5266 beads
[M::hk_bmap_gen] 214073 bin pairs
[M::hk_bmap_gen] generated 5266 beads
[M::hk_bmap_gen] 214073 bin pairs
[M::blind-gpu] prepared pair buffers: n_diploid=5266 n_pairs=219210 n_block_keys=428340 n_steps=100
[I::fdg-gpu] blocklist CSR ready: edges=428340 avg_deg=81.34 max_deg=184
[M::hk_bmap_gen] generated 5266 beads
[M::hk_bmap_gen] 214002 bin pairs
[M::hk_bmap_gen] generated 5266 beads
[M::hk_bmap_gen] 214002 bin pairs
[M::blind-gpu] prepared pair buffers: n_diploid=5266 n_pairs=219144 n_block_keys=428210 n_steps=100
[I::fdg-gpu] blocklist CSR ready: edges=428210 avg_deg=81.32 max_deg=185
[M::hk_bmap_gen] generated 5266 beads
[M::hk_bmap_gen] 214010 bin pairs
[M::hk_bmap_gen] generated 5266 beads
[M::hk_bmap_gen] 214010 bin pairs
[M::blind-gpu] prepared pair buffers: n_diploid=5266 n_pairs=219151 n_block_keys=428222 n_steps=100
[I::fdg-gpu] blocklist CSR ready: edges=428222 avg_deg=81.32 max_deg=185
[M::hk_bmap_gen] generated 5266 beads
[M::hk_bmap_gen] 213934 bin pairs
[M::hk_bmap_gen] generated 5266 beads
[M::hk_bmap_gen] 213934 bin pairs
[M::blind-gpu] prepared pair buffers: n_diploid=5266 n_pairs=219084 n_block_keys=428088 n_steps=100
[I::fdg-gpu] blocklist CSR ready: edges=428088 avg_deg=81.29 max_deg=185
[M::hk_bmap_gen] generated 5266 beads
[M::hk_bmap_gen] 213934 bin pairs
[M::hk_bmap_gen] generated 5266 beads
[M::hk_bmap_gen] 213934 bin pairs
[M::blind-gpu] prepared pair buffers: n_diploid=5266 n_pairs=219082 n_block_keys=428084 n_steps=100
[I::fdg-gpu] blocklist CSR ready: edges=428084 avg_deg=81.29 max_deg=186
[M::hk_bmap_gen] generated 5266 beads
[M::hk_bmap_gen] 213885 bin pairs
[M::hk_bmap_gen] generated 5266 beads
[M::hk_bmap_gen] 213885 bin pairs
[M::blind-gpu] prepared pair buffers: n_diploid=5266 n_pairs=219027 n_block_keys=427972 n_steps=100
[I::fdg-gpu] blocklist CSR ready: edges=427972 avg_deg=81.27 max_deg=186
[M::hk_bmap_gen] generated 5266 beads
[M::hk_bmap_gen] 213871 bin pairs
[M::hk_bmap_gen] generated 5266 beads
[M::hk_bmap_gen] 213871 bin pairs
[M::blind-gpu] prepared pair buffers: n_diploid=5266 n_pairs=219018 n_block_keys=427954 n_steps=100
[I::fdg-gpu] blocklist CSR ready: edges=427954 avg_deg=81.27 max_deg=186
[M::hk_bmap_gen] generated 5266 beads
[M::hk_bmap_gen] 213863 bin pairs
[M::hk_bmap_gen] generated 5266 beads
[M::hk_bmap_gen] 213863 bin pairs
[M::blind-gpu] prepared pair buffers: n_diploid=5266 n_pairs=219015 n_block_keys=427946 n_steps=100
[I::fdg-gpu] blocklist CSR ready: edges=427946 avg_deg=81.27 max_deg=186
[M::hk_bmap_gen] generated 5266 beads
[M::hk_bmap_gen] 213830 bin pairs
[M::hk_bmap_gen] generated 5266 beads
[M::hk_bmap_gen] 213830 bin pairs
[M::blind-gpu] prepared pair buffers: n_diploid=5266 n_pairs=218981 n_block_keys=427878 n_steps=100
[I::fdg-gpu] blocklist CSR ready: edges=427878 avg_deg=81.25 max_deg=186
[M::hk_bmap_gen] generated 5266 beads
[M::hk_bmap_gen] 213831 bin pairs
[M::hk_bmap_gen] generated 5266 beads
[M::hk_bmap_gen] 213831 bin pairs
[M::blind-gpu] prepared pair buffers: n_diploid=5266 n_pairs=218986 n_block_keys=427888 n_steps=100
[I::fdg-gpu] blocklist CSR ready: edges=427888 avg_deg=81.25 max_deg=186
[M::hk_bmap_gen] generated 5266 beads
[M::hk_bmap_gen] 213820 bin pairs
[M::hk_bmap_gen] generated 5266 beads
[M::hk_bmap_gen] 213820 bin pairs
[M::blind-gpu] prepared pair buffers: n_diploid=5266 n_pairs=218978 n_block_keys=427872 n_steps=100
[I::fdg-gpu] blocklist CSR ready: edges=427872 avg_deg=81.25 max_deg=186
[M::hk_bmap_gen] generated 5266 beads
[M::hk_bmap_gen] 213821 bin pairs
[M::hk_bmap_gen] generated 5266 beads
[M::hk_bmap_gen] 213821 bin pairs
[M::blind-gpu] prepared pair buffers: n_diploid=5266 n_pairs=218979 n_block_keys=427874 n_steps=100
[I::fdg-gpu] blocklist CSR ready: edges=427874 avg_deg=81.25 max_deg=186
[M::hk_bmap_gen] generated 5266 beads
[M::hk_bmap_gen] 213826 bin pairs
[M::hk_bmap_gen] generated 5266 beads
[M::hk_bmap_gen] 213826 bin pairs
[M::blind-gpu] prepared pair buffers: n_diploid=5266 n_pairs=218983 n_block_keys=427882 n_steps=100
[I::fdg-gpu] blocklist CSR ready: edges=427882 avg_deg=81.25 max_deg=186
[M::hk_bmap_gen] generated 5266 beads
[M::hk_bmap_gen] 213808 bin pairs
[M::hk_bmap_gen] generated 5266 beads
[M::hk_bmap_gen] 213808 bin pairs
[M::blind-gpu] prepared pair buffers: n_diploid=5266 n_pairs=218964 n_block_keys=427844 n_steps=100
[I::fdg-gpu] blocklist CSR ready: edges=427844 avg_deg=81.25 max_deg=186
[M::hk_bmap_gen] generated 5266 beads
[M::hk_bmap_gen] 213781 bin pairs
[M::hk_bmap_gen] generated 5266 beads
[M::hk_bmap_gen] 213781 bin pairs
[M::blind-gpu] prepared pair buffers: n_diploid=5266 n_pairs=218932 n_block_keys=427780 n_steps=100
[I::fdg-gpu] blocklist CSR ready: edges=427780 avg_deg=81.23 max_deg=186
[M::hk_bmap_gen] generated 5266 beads
[M::hk_bmap_gen] 213766 bin pairs
[M::hk_bmap_gen] generated 5266 beads
[M::hk_bmap_gen] 213766 bin pairs
[M::blind-gpu] prepared pair buffers: n_diploid=5266 n_pairs=218908 n_block_keys=427732 n_steps=100
[I::fdg-gpu] blocklist CSR ready: edges=427732 avg_deg=81.23 max_deg=186
[M::hk_bmap_gen] generated 5266 beads
[M::hk_bmap_gen] 213775 bin pairs
[M::hk_bmap_gen] generated 5266 beads
[M::hk_bmap_gen] 213775 bin pairs
[M::blind-gpu] prepared pair buffers: n_diploid=5266 n_pairs=218916 n_block_keys=427746 n_steps=100
[I::fdg-gpu] blocklist CSR ready: edges=427746 avg_deg=81.23 max_deg=186
[M::hk_bmap_gen] generated 5266 beads
[M::hk_bmap_gen] 213779 bin pairs
[M::hk_bmap_gen] generated 5266 beads
[M::hk_bmap_gen] 213779 bin pairs
[M::blind-gpu] prepared pair buffers: n_diploid=5266 n_pairs=218921 n_block_keys=427758 n_steps=100
[I::fdg-gpu] blocklist CSR ready: edges=427758 avg_deg=81.23 max_deg=186
[M::hk_bmap_gen] generated 5266 beads
[M::hk_bmap_gen] 213751 bin pairs
[M::hk_bmap_gen] generated 5266 beads
[M::hk_bmap_gen] 213751 bin pairs
[M::blind-gpu] prepared pair buffers: n_diploid=5266 n_pairs=218893 n_block_keys=427702 n_steps=100
[I::fdg-gpu] blocklist CSR ready: edges=427702 avg_deg=81.22 max_deg=186
[M::hk_bmap_gen] generated 5266 beads
[M::hk_bmap_gen] 213760 bin pairs
[M::hk_bmap_gen] generated 5266 beads
[M::hk_bmap_gen] 213760 bin pairs
[M::blind-gpu] prepared pair buffers: n_diploid=5266 n_pairs=218902 n_block_keys=427720 n_steps=100
[I::fdg-gpu] blocklist CSR ready: edges=427720 avg_deg=81.22 max_deg=186
[M::hk_bmap_gen] generated 5266 beads
[M::hk_bmap_gen] 213756 bin pairs
[M::hk_bmap_gen] generated 5266 beads
[M::hk_bmap_gen] 213756 bin pairs
[M::blind-gpu] prepared pair buffers: n_diploid=5266 n_pairs=218900 n_block_keys=427716 n_steps=100
[I::fdg-gpu] blocklist CSR ready: edges=427716 avg_deg=81.22 max_deg=186
[M::hk_bmap_gen] generated 5266 beads
[M::hk_bmap_gen] 213772 bin pairs
[M::hk_bmap_gen] generated 5266 beads
[M::hk_bmap_gen] 213772 bin pairs
[M::blind-gpu] prepared pair buffers: n_diploid=5266 n_pairs=218914 n_block_keys=427744 n_steps=100
[I::fdg-gpu] blocklist CSR ready: edges=427744 avg_deg=81.23 max_deg=186
[M::hk_bmap_gen] generated 5266 beads
[M::hk_bmap_gen] 213766 bin pairs
[M::hk_bmap_gen] generated 5266 beads
[M::hk_bmap_gen] 213766 bin pairs
[M::blind-gpu] prepared pair buffers: n_diploid=5266 n_pairs=218908 n_block_keys=427732 n_steps=100
[I::fdg-gpu] blocklist CSR ready: edges=427732 avg_deg=81.23 max_deg=186
[M::hk_bmap_gen] generated 5266 beads
[M::hk_bmap_gen] 213773 bin pairs
[M::hk_bmap_gen] generated 5266 beads
[M::hk_bmap_gen] 213773 bin pairs
[M::blind-gpu] prepared pair buffers: n_diploid=5266 n_pairs=218916 n_block_keys=427748 n_steps=100
[I::fdg-gpu] blocklist CSR ready: edges=427748 avg_deg=81.23 max_deg=186
[M::hk_bmap_gen] generated 5266 beads
[M::hk_bmap_gen] 213771 bin pairs
[M::hk_bmap_gen] generated 5266 beads
[M::hk_bmap_gen] 213771 bin pairs
[M::blind-gpu] prepared pair buffers: n_diploid=5266 n_pairs=218920 n_block_keys=427756 n_steps=100
[I::fdg-gpu] blocklist CSR ready: edges=427756 avg_deg=81.23 max_deg=186
[M::hk_bmap_gen] generated 5266 beads
[M::hk_bmap_gen] 213773 bin pairs
[M::hk_bmap_gen] generated 5266 beads
[M::hk_bmap_gen] 213773 bin pairs
[M::blind-gpu] prepared pair buffers: n_diploid=5266 n_pairs=218923 n_block_keys=427762 n_steps=100
[I::fdg-gpu] blocklist CSR ready: edges=427762 avg_deg=81.23 max_deg=186
[M::hk_bmap_gen] generated 5266 beads
[M::hk_bmap_gen] 213759 bin pairs
[M::hk_bmap_gen] generated 5266 beads
[M::hk_bmap_gen] 213759 bin pairs
[M::blind-gpu] prepared pair buffers: n_diploid=5266 n_pairs=218905 n_block_keys=427726 n_steps=100
[I::fdg-gpu] blocklist CSR ready: edges=427726 avg_deg=81.22 max_deg=186
[M::hk_bmap_gen] generated 5266 beads
[M::hk_bmap_gen] 213773 bin pairs
[M::hk_bmap_gen] generated 5266 beads
[M::hk_bmap_gen] 213773 bin pairs
[M::blind-gpu] prepared pair buffers: n_diploid=5266 n_pairs=218922 n_block_keys=427760 n_steps=100
[I::fdg-gpu] blocklist CSR ready: edges=427760 avg_deg=81.23 max_deg=185
[M::hk_bmap_gen] generated 5266 beads
[M::hk_bmap_gen] 213781 bin pairs
[M::hk_bmap_gen] generated 5266 beads
[M::hk_bmap_gen] 213781 bin pairs
[M::blind-gpu] prepared pair buffers: n_diploid=5266 n_pairs=218932 n_block_keys=427778 n_steps=100
[I::fdg-gpu] blocklist CSR ready: edges=427778 avg_deg=81.23 max_deg=185
[M::hk_bmap_gen] generated 5266 beads
[M::hk_bmap_gen] 213768 bin pairs
[M::hk_bmap_gen] generated 5266 beads
[M::hk_bmap_gen] 213768 bin pairs
[M::blind-gpu] prepared pair buffers: n_diploid=5266 n_pairs=218921 n_block_keys=427756 n_steps=100
[I::fdg-gpu] blocklist CSR ready: edges=427756 avg_deg=81.23 max_deg=185
[M::hk_bmap_gen] generated 5266 beads
[M::hk_bmap_gen] 213767 bin pairs
[M::hk_bmap_gen] generated 5266 beads
[M::hk_bmap_gen] 213767 bin pairs
[M::blind-gpu] prepared pair buffers: n_diploid=5266 n_pairs=218918 n_block_keys=427750 n_steps=100
[I::fdg-gpu] blocklist CSR ready: edges=427750 avg_deg=81.23 max_deg=185
[M::hk_bmap_gen] generated 5266 beads
[M::hk_bmap_gen] 213783 bin pairs
[M::hk_bmap_gen] generated 5266 beads
[M::hk_bmap_gen] 213783 bin pairs
[M::blind-gpu] prepared pair buffers: n_diploid=5266 n_pairs=218930 n_block_keys=427774 n_steps=100
[I::fdg-gpu] blocklist CSR ready: edges=427774 avg_deg=81.23 max_deg=185
[M::hk_bmap_gen] generated 5266 beads
[M::hk_bmap_gen] 213798 bin pairs
[M::hk_bmap_gen] generated 5266 beads
[M::hk_bmap_gen] 213798 bin pairs
[M::blind-gpu] prepared pair buffers: n_diploid=5266 n_pairs=218943 n_block_keys=427800 n_steps=100
[I::fdg-gpu] blocklist CSR ready: edges=427800 avg_deg=81.24 max_deg=185
[M::hk_bmap_gen] generated 5266 beads
[M::hk_bmap_gen] 213803 bin pairs
[M::hk_bmap_gen] generated 5266 beads
[M::hk_bmap_gen] 213803 bin pairs
[M::blind-gpu] prepared pair buffers: n_diploid=5266 n_pairs=218946 n_block_keys=427806 n_steps=100
[I::fdg-gpu] blocklist CSR ready: edges=427806 avg_deg=81.24 max_deg=185
[M::hk_bmap_gen] generated 5266 beads
[M::hk_bmap_gen] 213806 bin pairs
[M::hk_bmap_gen] generated 5266 beads
[M::hk_bmap_gen] 213806 bin pairs
[M::blind-gpu] prepared pair buffers: n_diploid=5266 n_pairs=218953 n_block_keys=427820 n_steps=100
[I::fdg-gpu] blocklist CSR ready: edges=427820 avg_deg=81.24 max_deg=185
[M::hk_bmap_gen] generated 5266 beads
[M::hk_bmap_gen] 213818 bin pairs
[M::hk_bmap_gen] generated 5266 beads
[M::hk_bmap_gen] 213818 bin pairs
[M::blind-gpu] prepared pair buffers: n_diploid=5266 n_pairs=218969 n_block_keys=427852 n_steps=100
[I::fdg-gpu] blocklist CSR ready: edges=427852 avg_deg=81.25 max_deg=185
[M::hk_bmap_gen] generated 5266 beads
[M::hk_bmap_gen] 213817 bin pairs
[M::hk_bmap_gen] generated 5266 beads
[M::hk_bmap_gen] 213817 bin pairs
[M::blind-gpu] prepared pair buffers: n_diploid=5266 n_pairs=218968 n_block_keys=427850 n_steps=100
[I::fdg-gpu] blocklist CSR ready: edges=427850 avg_deg=81.25 max_deg=185
[M::hk_bmap_gen] generated 5266 beads
[M::hk_bmap_gen] 213798 bin pairs
[M::hk_bmap_gen] generated 5266 beads
[M::hk_bmap_gen] 213798 bin pairs
[M::blind-gpu] prepared pair buffers: n_diploid=5266 n_pairs=218949 n_block_keys=427814 n_steps=100
[I::fdg-gpu] blocklist CSR ready: edges=427814 avg_deg=81.24 max_deg=185
[M::hk_bmap_gen] generated 5266 beads
[M::hk_bmap_gen] 213789 bin pairs
[M::hk_bmap_gen] generated 5266 beads
[M::hk_bmap_gen] 213789 bin pairs
[M::blind-gpu] prepared pair buffers: n_diploid=5266 n_pairs=218941 n_block_keys=427798 n_steps=100
[I::fdg-gpu] blocklist CSR ready: edges=427798 avg_deg=81.24 max_deg=185
[M::hk_bmap_gen] generated 5266 beads
[M::hk_bmap_gen] 213797 bin pairs
[M::hk_bmap_gen] generated 5266 beads
[M::hk_bmap_gen] 213797 bin pairs
[M::blind-gpu] prepared pair buffers: n_diploid=5266 n_pairs=218952 n_block_keys=427820 n_steps=100
[I::fdg-gpu] blocklist CSR ready: edges=427820 avg_deg=81.24 max_deg=185
[M::hk_bmap_gen] generated 5266 beads
[M::hk_bmap_gen] 213793 bin pairs
[M::hk_bmap_gen] generated 5266 beads
[M::hk_bmap_gen] 213793 bin pairs
[M::blind-gpu] prepared pair buffers: n_diploid=5266 n_pairs=218944 n_block_keys=427804 n_steps=100
[I::fdg-gpu] blocklist CSR ready: edges=427804 avg_deg=81.24 max_deg=185
[M::hk_bmap_gen] generated 5266 beads
[M::hk_bmap_gen] 213773 bin pairs
[M::hk_bmap_gen] generated 5266 beads
[M::hk_bmap_gen] 213773 bin pairs
[M::blind-gpu] prepared pair buffers: n_diploid=5266 n_pairs=218924 n_block_keys=427766 n_steps=100
[I::fdg-gpu] blocklist CSR ready: edges=427766 avg_deg=81.23 max_deg=185
[M::hk_bmap_gen] generated 5266 beads
[M::hk_bmap_gen] 213767 bin pairs
[M::hk_bmap_gen] generated 5266 beads
[M::hk_bmap_gen] 213767 bin pairs
[M::blind-gpu] prepared pair buffers: n_diploid=5266 n_pairs=218916 n_block_keys=427750 n_steps=100
[I::fdg-gpu] blocklist CSR ready: edges=427750 avg_deg=81.23 max_deg=185
[M::hk_bmap_gen] generated 5266 beads
[M::hk_bmap_gen] 213759 bin pairs
[M::hk_bmap_gen] generated 5266 beads
[M::hk_bmap_gen] 213759 bin pairs
[M::blind-gpu] prepared pair buffers: n_diploid=5266 n_pairs=218910 n_block_keys=427738 n_steps=100
[I::fdg-gpu] blocklist CSR ready: edges=427738 avg_deg=81.23 max_deg=185
[M::hk_bmap_gen] generated 5266 beads
[M::hk_bmap_gen] 213774 bin pairs
[M::hk_bmap_gen] generated 5266 beads
[M::hk_bmap_gen] 213774 bin pairs
[M::blind-gpu] prepared pair buffers: n_diploid=5266 n_pairs=218923 n_block_keys=427764 n_steps=100
[I::fdg-gpu] blocklist CSR ready: edges=427764 avg_deg=81.23 max_deg=185
[M::hk_bmap_gen] generated 5266 beads
[M::hk_bmap_gen] 213780 bin pairs
[M::hk_bmap_gen] generated 5266 beads
[M::hk_bmap_gen] 213780 bin pairs
[M::blind-gpu] prepared pair buffers: n_diploid=5266 n_pairs=218929 n_block_keys=427778 n_steps=100
[I::fdg-gpu] blocklist CSR ready: edges=427778 avg_deg=81.23 max_deg=185
[M::hk_bmap_gen] generated 5266 beads
[M::hk_bmap_gen] 213772 bin pairs
[M::hk_bmap_gen] generated 5266 beads
[M::hk_bmap_gen] 213772 bin pairs
[M::blind-gpu] prepared pair buffers: n_diploid=5266 n_pairs=218922 n_block_keys=427764 n_steps=100
[I::fdg-gpu] blocklist CSR ready: edges=427764 avg_deg=81.23 max_deg=185
[M::hk_bmap_gen] generated 5266 beads
[M::hk_bmap_gen] 213735 bin pairs
[M::hk_bmap_gen] generated 5266 beads
[M::hk_bmap_gen] 213735 bin pairs
[M::blind-gpu] prepared pair buffers: n_diploid=5266 n_pairs=218888 n_block_keys=427698 n_steps=100
[I::fdg-gpu] blocklist CSR ready: edges=427698 avg_deg=81.22 max_deg=185
[M::hk_bmap_gen] generated 5266 beads
[M::hk_bmap_gen] 213745 bin pairs
[M::hk_bmap_gen] generated 5266 beads
[M::hk_bmap_gen] 213745 bin pairs
[M::blind-gpu] prepared pair buffers: n_diploid=5266 n_pairs=218896 n_block_keys=427714 n_steps=100
[I::fdg-gpu] blocklist CSR ready: edges=427714 avg_deg=81.22 max_deg=185
[M::hk_bmap_gen] generated 5266 beads
[M::hk_bmap_gen] 213747 bin pairs
[M::hk_bmap_gen] generated 5266 beads
[M::hk_bmap_gen] 213747 bin pairs
[M::blind-gpu] prepared pair buffers: n_diploid=5266 n_pairs=218900 n_block_keys=427722 n_steps=100
[I::fdg-gpu] blocklist CSR ready: edges=427722 avg_deg=81.22 max_deg=185
[M::hk_bmap_gen] generated 5266 beads
[M::hk_bmap_gen] 213745 bin pairs
[M::hk_bmap_gen] generated 5266 beads
[M::hk_bmap_gen] 213745 bin pairs
[M::blind-gpu] prepared pair buffers: n_diploid=5266 n_pairs=218900 n_block_keys=427722 n_steps=100
[I::fdg-gpu] blocklist CSR ready: edges=427722 avg_deg=81.22 max_deg=185
[M::hk_bmap_gen] generated 5266 beads
[M::hk_bmap_gen] 213773 bin pairs
[M::hk_bmap_gen] generated 5266 beads
[M::hk_bmap_gen] 213773 bin pairs
[M::blind-gpu] prepared pair buffers: n_diploid=5266 n_pairs=218928 n_block_keys=427780 n_steps=100
[I::fdg-gpu] blocklist CSR ready: edges=427780 avg_deg=81.23 max_deg=185
minimal P9016[1m]: write outputs to /mnt/ssd/zliu/phase3/test_res/042-20260620_022516-p9016_trans_gate_mstep_1m/outputs/p9016_transgate_off_td1_baseline
[M::hk_bmap_gen] generated 5266 beads
[M::hk_bmap_gen] 213758 bin pairs
[M::hk_bmap_gen] generated 5266 beads
[M::hk_bmap_gen] 213758 bin pairs
minimal P9016[1m]: status=OK final_entropy=0.61167151 final_pU=0.44122773
minimal P9016: summary /mnt/ssd/zliu/phase3/test_res/042-20260620_022516-p9016_trans_gate_mstep_1m/outputs/matrix_summary.tsv
