minimal P9016: input=/shared/zliu/CHARM/CHARM_mesc/data/pairs/P9016.pairs.gz output_root=/mnt/ssd/zliu/phase3/test_res/042-20260620_022516-p9016_trans_gate_mstep_1m/outputs config=p9016_transgate_off_best035_td0p5_lct0p03_gct0p003 baseline=softall n_iter=100 relax_steps=100 relax_step=0.012 chain=0 init_mode=unphased_scaffold_split init_eps=0.5 init_noise=0 init_scale=10 init_seed=17 min_sep=0 lambda_sep=0 lambda_copytrack=0.029999999 lambda_global_copytrack=0.003 trans_chr_pair_prior_lambda=0 trans_chr_pair_prior_eps=0.001 trans_chr_pair_prior_power=1 trans_chr_pair_prior_warmup_iter=0 trans_chr_pair_mstep_lambda=0 trans_chr_pair_mstep_eps=0.001 trans_chr_pair_mstep_power=1 trans_chr_pair_mstep_warmup_iter=0 d_scale_mode=posterior_count d_scale_input=posterior_count d_scale_formula=n_raw*posterior_prob^1 d_scale_gamma=1 d_scale_eps=1e-06 trans_k_multiplier=1 trans_dscale_multiplier=0.5 trans_top1_mode=off trans_top1_min_pmax=1 trans_top1_min_margin=1 trans_top1_mix_weight=0 trans_gate_mode=off trans_gate_min_pmax=1 trans_gate_min_margin=1 trans_gate_min_neg_entropy=-1.3862944 readgroup_mode=off readgroup_max_segments=8 readgroup_eps=1e-06 relax_backend=gpu
minimal P9016: stage 1/1 name=1m bin_size_bp=1000000 parent=0
[M::hk_map_read] read 1703888 pairs
[M::hk_bmap_gen] generated 2633 beads
[M::hk_bmap_gen] 489556 bin pairs
minimal P9016[1m]: build binned contacts
minimal P9016[1m]: init mode=unphased_scaffold_split seed=17 scale=10
[M::hk_fdg] mid_dist:1000000 max_nei:69
[M::hk_fdg1_cpu] iter:10 elapsed:0.32s rep_coef:0.2092 RMS_force:367.1874 n_rep:43.0820 energy:25.1082,6.6566,0.0049 dist:5.6169,6.6204,1.4501
[M::hk_fdg1_cpu] iter:20 elapsed:0.78s rep_coef:0.6615 RMS_force:336.9308 n_rep:157.7303 energy:7.7515,3.4068,0.0177 dist:3.4076,4.2658,1.4016
[M::hk_fdg1_cpu] iter:30 elapsed:1.72s rep_coef:0.9352 RMS_force:226.0828 n_rep:592.3505 energy:1.8327,1.0566,0.0354 dist:1.9896,2.3234,1.2554
[M::hk_fdg1_cpu] iter:40 elapsed:3.08s rep_coef:0.9907 RMS_force:132.8226 n_rep:808.7839 energy:0.5357,0.4158,0.0366 dist:1.4081,1.7237,1.2560
[M::hk_fdg1_cpu] iter:50 elapsed:4.52s rep_coef:0.9987 RMS_force:99.3491 n_rep:815.5837 energy:0.1678,0.2703,0.0325 dist:1.0643,1.6062,1.3142
minimal P9016[1m]: run softall, n_iter=100 relax_steps=100 relax_step=0.012 relax_backend=gpu
[M::hk_bmap_gen] generated 5266 beads
[M::hk_bmap_gen] 287142 bin pairs
[M::hk_bmap_gen] generated 5266 beads
[M::hk_bmap_gen] 287142 bin pairs
[M::blind-gpu] prepared pair buffers: n_diploid=5266 n_pairs=292308 n_block_keys=574524 n_steps=100
[I::fdg-gpu] blocklist CSR ready: edges=574524 avg_deg=109.10 max_deg=193
[M::hk_bmap_gen] generated 5266 beads
[M::hk_bmap_gen] 286179 bin pairs
[M::hk_bmap_gen] generated 5266 beads
[M::hk_bmap_gen] 286179 bin pairs
[M::blind-gpu] prepared pair buffers: n_diploid=5266 n_pairs=291284 n_block_keys=572472 n_steps=100
[I::fdg-gpu] blocklist CSR ready: edges=572472 avg_deg=108.71 max_deg=198
[M::hk_bmap_gen] generated 5266 beads
[M::hk_bmap_gen] 271829 bin pairs
[M::hk_bmap_gen] generated 5266 beads
[M::hk_bmap_gen] 271829 bin pairs
[M::blind-gpu] prepared pair buffers: n_diploid=5266 n_pairs=276902 n_block_keys=543706 n_steps=100
[I::fdg-gpu] blocklist CSR ready: edges=543706 avg_deg=103.25 max_deg=212
[M::hk_bmap_gen] generated 5266 beads
[M::hk_bmap_gen] 259362 bin pairs
[M::hk_bmap_gen] generated 5266 beads
[M::hk_bmap_gen] 259362 bin pairs
[M::blind-gpu] prepared pair buffers: n_diploid=5266 n_pairs=264422 n_block_keys=518754 n_steps=100
[I::fdg-gpu] blocklist CSR ready: edges=518754 avg_deg=98.51 max_deg=204
[M::hk_bmap_gen] generated 5266 beads
[M::hk_bmap_gen] 249358 bin pairs
[M::hk_bmap_gen] generated 5266 beads
[M::hk_bmap_gen] 249358 bin pairs
[M::blind-gpu] prepared pair buffers: n_diploid=5266 n_pairs=254441 n_block_keys=498792 n_steps=100
[I::fdg-gpu] blocklist CSR ready: edges=498792 avg_deg=94.72 max_deg=206
[M::hk_bmap_gen] generated 5266 beads
[M::hk_bmap_gen] 241763 bin pairs
[M::hk_bmap_gen] generated 5266 beads
[M::hk_bmap_gen] 241763 bin pairs
[M::blind-gpu] prepared pair buffers: n_diploid=5266 n_pairs=246823 n_block_keys=483562 n_steps=100
[I::fdg-gpu] blocklist CSR ready: edges=483562 avg_deg=91.83 max_deg=200
[M::hk_bmap_gen] generated 5266 beads
[M::hk_bmap_gen] 236234 bin pairs
[M::hk_bmap_gen] generated 5266 beads
[M::hk_bmap_gen] 236234 bin pairs
[M::blind-gpu] prepared pair buffers: n_diploid=5266 n_pairs=241306 n_block_keys=472530 n_steps=100
[I::fdg-gpu] blocklist CSR ready: edges=472530 avg_deg=89.73 max_deg=205
[M::hk_bmap_gen] generated 5266 beads
[M::hk_bmap_gen] 231874 bin pairs
[M::hk_bmap_gen] generated 5266 beads
[M::hk_bmap_gen] 231874 bin pairs
[M::blind-gpu] prepared pair buffers: n_diploid=5266 n_pairs=236964 n_block_keys=463844 n_steps=100
[I::fdg-gpu] blocklist CSR ready: edges=463844 avg_deg=88.08 max_deg=204
[M::hk_bmap_gen] generated 5266 beads
[M::hk_bmap_gen] 229061 bin pairs
[M::hk_bmap_gen] generated 5266 beads
[M::hk_bmap_gen] 229061 bin pairs
[M::blind-gpu] prepared pair buffers: n_diploid=5266 n_pairs=234131 n_block_keys=458176 n_steps=100
[I::fdg-gpu] blocklist CSR ready: edges=458176 avg_deg=87.01 max_deg=205
[M::hk_bmap_gen] generated 5266 beads
[M::hk_bmap_gen] 226667 bin pairs
[M::hk_bmap_gen] generated 5266 beads
[M::hk_bmap_gen] 226667 bin pairs
[M::blind-gpu] prepared pair buffers: n_diploid=5266 n_pairs=231763 n_block_keys=453446 n_steps=100
[I::fdg-gpu] blocklist CSR ready: edges=453446 avg_deg=86.11 max_deg=214
[M::hk_bmap_gen] generated 5266 beads
[M::hk_bmap_gen] 224783 bin pairs
[M::hk_bmap_gen] generated 5266 beads
[M::hk_bmap_gen] 224783 bin pairs
[M::blind-gpu] prepared pair buffers: n_diploid=5266 n_pairs=229872 n_block_keys=449664 n_steps=100
[I::fdg-gpu] blocklist CSR ready: edges=449664 avg_deg=85.39 max_deg=215
[M::hk_bmap_gen] generated 5266 beads
[M::hk_bmap_gen] 223317 bin pairs
[M::hk_bmap_gen] generated 5266 beads
[M::hk_bmap_gen] 223317 bin pairs
[M::blind-gpu] prepared pair buffers: n_diploid=5266 n_pairs=228418 n_block_keys=446750 n_steps=100
[I::fdg-gpu] blocklist CSR ready: edges=446750 avg_deg=84.84 max_deg=215
[M::hk_bmap_gen] generated 5266 beads
[M::hk_bmap_gen] 222146 bin pairs
[M::hk_bmap_gen] generated 5266 beads
[M::hk_bmap_gen] 222146 bin pairs
[M::blind-gpu] prepared pair buffers: n_diploid=5266 n_pairs=227227 n_block_keys=444372 n_steps=100
[I::fdg-gpu] blocklist CSR ready: edges=444372 avg_deg=84.39 max_deg=212
[M::hk_bmap_gen] generated 5266 beads
[M::hk_bmap_gen] 221110 bin pairs
[M::hk_bmap_gen] generated 5266 beads
[M::hk_bmap_gen] 221110 bin pairs
[M::blind-gpu] prepared pair buffers: n_diploid=5266 n_pairs=226205 n_block_keys=442328 n_steps=100
[I::fdg-gpu] blocklist CSR ready: edges=442328 avg_deg=84.00 max_deg=207
[M::hk_bmap_gen] generated 5266 beads
[M::hk_bmap_gen] 220194 bin pairs
[M::hk_bmap_gen] generated 5266 beads
[M::hk_bmap_gen] 220194 bin pairs
[M::blind-gpu] prepared pair buffers: n_diploid=5266 n_pairs=225301 n_block_keys=440516 n_steps=100
[I::fdg-gpu] blocklist CSR ready: edges=440516 avg_deg=83.65 max_deg=211
[M::hk_bmap_gen] generated 5266 beads
[M::hk_bmap_gen] 219375 bin pairs
[M::hk_bmap_gen] generated 5266 beads
[M::hk_bmap_gen] 219375 bin pairs
[M::blind-gpu] prepared pair buffers: n_diploid=5266 n_pairs=224488 n_block_keys=438892 n_steps=100
[I::fdg-gpu] blocklist CSR ready: edges=438892 avg_deg=83.34 max_deg=207
[M::hk_bmap_gen] generated 5266 beads
[M::hk_bmap_gen] 218682 bin pairs
[M::hk_bmap_gen] generated 5266 beads
[M::hk_bmap_gen] 218682 bin pairs
[M::blind-gpu] prepared pair buffers: n_diploid=5266 n_pairs=223788 n_block_keys=437496 n_steps=100
[I::fdg-gpu] blocklist CSR ready: edges=437496 avg_deg=83.08 max_deg=211
[M::hk_bmap_gen] generated 5266 beads
[M::hk_bmap_gen] 217957 bin pairs
[M::hk_bmap_gen] generated 5266 beads
[M::hk_bmap_gen] 217957 bin pairs
[M::blind-gpu] prepared pair buffers: n_diploid=5266 n_pairs=223051 n_block_keys=436020 n_steps=100
[I::fdg-gpu] blocklist CSR ready: edges=436020 avg_deg=82.80 max_deg=208
[M::hk_bmap_gen] generated 5266 beads
[M::hk_bmap_gen] 217068 bin pairs
[M::hk_bmap_gen] generated 5266 beads
[M::hk_bmap_gen] 217068 bin pairs
[M::blind-gpu] prepared pair buffers: n_diploid=5266 n_pairs=222168 n_block_keys=434248 n_steps=100
[I::fdg-gpu] blocklist CSR ready: edges=434248 avg_deg=82.46 max_deg=208
[M::hk_bmap_gen] generated 5266 beads
[M::hk_bmap_gen] 216492 bin pairs
[M::hk_bmap_gen] generated 5266 beads
[M::hk_bmap_gen] 216492 bin pairs
[M::blind-gpu] prepared pair buffers: n_diploid=5266 n_pairs=221596 n_block_keys=433104 n_steps=100
[I::fdg-gpu] blocklist CSR ready: edges=433104 avg_deg=82.25 max_deg=207
[M::hk_bmap_gen] generated 5266 beads
[M::hk_bmap_gen] 216060 bin pairs
[M::hk_bmap_gen] generated 5266 beads
[M::hk_bmap_gen] 216060 bin pairs
[M::blind-gpu] prepared pair buffers: n_diploid=5266 n_pairs=221140 n_block_keys=432192 n_steps=100
[I::fdg-gpu] blocklist CSR ready: edges=432192 avg_deg=82.07 max_deg=204
[M::hk_bmap_gen] generated 5266 beads
[M::hk_bmap_gen] 215745 bin pairs
[M::hk_bmap_gen] generated 5266 beads
[M::hk_bmap_gen] 215745 bin pairs
[M::blind-gpu] prepared pair buffers: n_diploid=5266 n_pairs=220813 n_block_keys=431540 n_steps=100
[I::fdg-gpu] blocklist CSR ready: edges=431540 avg_deg=81.95 max_deg=202
[M::hk_bmap_gen] generated 5266 beads
[M::hk_bmap_gen] 215210 bin pairs
[M::hk_bmap_gen] generated 5266 beads
[M::hk_bmap_gen] 215210 bin pairs
[M::blind-gpu] prepared pair buffers: n_diploid=5266 n_pairs=220314 n_block_keys=430542 n_steps=100
[I::fdg-gpu] blocklist CSR ready: edges=430542 avg_deg=81.76 max_deg=201
[M::hk_bmap_gen] generated 5266 beads
[M::hk_bmap_gen] 214960 bin pairs
[M::hk_bmap_gen] generated 5266 beads
[M::hk_bmap_gen] 214960 bin pairs
[M::blind-gpu] prepared pair buffers: n_diploid=5266 n_pairs=220061 n_block_keys=430036 n_steps=100
[I::fdg-gpu] blocklist CSR ready: edges=430036 avg_deg=81.66 max_deg=201
[M::hk_bmap_gen] generated 5266 beads
[M::hk_bmap_gen] 214628 bin pairs
[M::hk_bmap_gen] generated 5266 beads
[M::hk_bmap_gen] 214628 bin pairs
[M::blind-gpu] prepared pair buffers: n_diploid=5266 n_pairs=219729 n_block_keys=429372 n_steps=100
[I::fdg-gpu] blocklist CSR ready: edges=429372 avg_deg=81.54 max_deg=200
[M::hk_bmap_gen] generated 5266 beads
[M::hk_bmap_gen] 214401 bin pairs
[M::hk_bmap_gen] generated 5266 beads
[M::hk_bmap_gen] 214401 bin pairs
[M::blind-gpu] prepared pair buffers: n_diploid=5266 n_pairs=219505 n_block_keys=428920 n_steps=100
[I::fdg-gpu] blocklist CSR ready: edges=428920 avg_deg=81.45 max_deg=199
[M::hk_bmap_gen] generated 5266 beads
[M::hk_bmap_gen] 214173 bin pairs
[M::hk_bmap_gen] generated 5266 beads
[M::hk_bmap_gen] 214173 bin pairs
[M::blind-gpu] prepared pair buffers: n_diploid=5266 n_pairs=219265 n_block_keys=428442 n_steps=100
[I::fdg-gpu] blocklist CSR ready: edges=428442 avg_deg=81.36 max_deg=199
[M::hk_bmap_gen] generated 5266 beads
[M::hk_bmap_gen] 214059 bin pairs
[M::hk_bmap_gen] generated 5266 beads
[M::hk_bmap_gen] 214059 bin pairs
[M::blind-gpu] prepared pair buffers: n_diploid=5266 n_pairs=219160 n_block_keys=428232 n_steps=100
[I::fdg-gpu] blocklist CSR ready: edges=428232 avg_deg=81.32 max_deg=199
[M::hk_bmap_gen] generated 5266 beads
[M::hk_bmap_gen] 213842 bin pairs
[M::hk_bmap_gen] generated 5266 beads
[M::hk_bmap_gen] 213842 bin pairs
[M::blind-gpu] prepared pair buffers: n_diploid=5266 n_pairs=218961 n_block_keys=427836 n_steps=100
[I::fdg-gpu] blocklist CSR ready: edges=427836 avg_deg=81.24 max_deg=197
[M::hk_bmap_gen] generated 5266 beads
[M::hk_bmap_gen] 213746 bin pairs
[M::hk_bmap_gen] generated 5266 beads
[M::hk_bmap_gen] 213746 bin pairs
[M::blind-gpu] prepared pair buffers: n_diploid=5266 n_pairs=218855 n_block_keys=427626 n_steps=100
[I::fdg-gpu] blocklist CSR ready: edges=427626 avg_deg=81.21 max_deg=197
[M::hk_bmap_gen] generated 5266 beads
[M::hk_bmap_gen] 213579 bin pairs
[M::hk_bmap_gen] generated 5266 beads
[M::hk_bmap_gen] 213579 bin pairs
[M::blind-gpu] prepared pair buffers: n_diploid=5266 n_pairs=218699 n_block_keys=427314 n_steps=100
[I::fdg-gpu] blocklist CSR ready: edges=427314 avg_deg=81.15 max_deg=196
[M::hk_bmap_gen] generated 5266 beads
[M::hk_bmap_gen] 213363 bin pairs
[M::hk_bmap_gen] generated 5266 beads
[M::hk_bmap_gen] 213363 bin pairs
[M::blind-gpu] prepared pair buffers: n_diploid=5266 n_pairs=218473 n_block_keys=426862 n_steps=100
[I::fdg-gpu] blocklist CSR ready: edges=426862 avg_deg=81.06 max_deg=196
[M::hk_bmap_gen] generated 5266 beads
[M::hk_bmap_gen] 213085 bin pairs
[M::hk_bmap_gen] generated 5266 beads
[M::hk_bmap_gen] 213085 bin pairs
[M::blind-gpu] prepared pair buffers: n_diploid=5266 n_pairs=218206 n_block_keys=426332 n_steps=100
[I::fdg-gpu] blocklist CSR ready: edges=426332 avg_deg=80.96 max_deg=198
[M::hk_bmap_gen] generated 5266 beads
[M::hk_bmap_gen] 212860 bin pairs
[M::hk_bmap_gen] generated 5266 beads
[M::hk_bmap_gen] 212860 bin pairs
[M::blind-gpu] prepared pair buffers: n_diploid=5266 n_pairs=217990 n_block_keys=425898 n_steps=100
[I::fdg-gpu] blocklist CSR ready: edges=425898 avg_deg=80.88 max_deg=197
[M::hk_bmap_gen] generated 5266 beads
[M::hk_bmap_gen] 212866 bin pairs
[M::hk_bmap_gen] generated 5266 beads
[M::hk_bmap_gen] 212866 bin pairs
[M::blind-gpu] prepared pair buffers: n_diploid=5266 n_pairs=217976 n_block_keys=425872 n_steps=100
[I::fdg-gpu] blocklist CSR ready: edges=425872 avg_deg=80.87 max_deg=196
[M::hk_bmap_gen] generated 5266 beads
[M::hk_bmap_gen] 212832 bin pairs
[M::hk_bmap_gen] generated 5266 beads
[M::hk_bmap_gen] 212832 bin pairs
[M::blind-gpu] prepared pair buffers: n_diploid=5266 n_pairs=217936 n_block_keys=425790 n_steps=100
[I::fdg-gpu] blocklist CSR ready: edges=425790 avg_deg=80.86 max_deg=196
[M::hk_bmap_gen] generated 5266 beads
[M::hk_bmap_gen] 212772 bin pairs
[M::hk_bmap_gen] generated 5266 beads
[M::hk_bmap_gen] 212772 bin pairs
[M::blind-gpu] prepared pair buffers: n_diploid=5266 n_pairs=217884 n_block_keys=425686 n_steps=100
[I::fdg-gpu] blocklist CSR ready: edges=425686 avg_deg=80.84 max_deg=197
[M::hk_bmap_gen] generated 5266 beads
[M::hk_bmap_gen] 212723 bin pairs
[M::hk_bmap_gen] generated 5266 beads
[M::hk_bmap_gen] 212723 bin pairs
[M::blind-gpu] prepared pair buffers: n_diploid=5266 n_pairs=217844 n_block_keys=425606 n_steps=100
[I::fdg-gpu] blocklist CSR ready: edges=425606 avg_deg=80.82 max_deg=197
[M::hk_bmap_gen] generated 5266 beads
[M::hk_bmap_gen] 212615 bin pairs
[M::hk_bmap_gen] generated 5266 beads
[M::hk_bmap_gen] 212615 bin pairs
[M::blind-gpu] prepared pair buffers: n_diploid=5266 n_pairs=217722 n_block_keys=425360 n_steps=100
[I::fdg-gpu] blocklist CSR ready: edges=425360 avg_deg=80.77 max_deg=197
[M::hk_bmap_gen] generated 5266 beads
[M::hk_bmap_gen] 212575 bin pairs
[M::hk_bmap_gen] generated 5266 beads
[M::hk_bmap_gen] 212575 bin pairs
[M::blind-gpu] prepared pair buffers: n_diploid=5266 n_pairs=217701 n_block_keys=425318 n_steps=100
[I::fdg-gpu] blocklist CSR ready: edges=425318 avg_deg=80.77 max_deg=198
[M::hk_bmap_gen] generated 5266 beads
[M::hk_bmap_gen] 212500 bin pairs
[M::hk_bmap_gen] generated 5266 beads
[M::hk_bmap_gen] 212500 bin pairs
[M::blind-gpu] prepared pair buffers: n_diploid=5266 n_pairs=217618 n_block_keys=425156 n_steps=100
[I::fdg-gpu] blocklist CSR ready: edges=425156 avg_deg=80.74 max_deg=198
[M::hk_bmap_gen] generated 5266 beads
[M::hk_bmap_gen] 212472 bin pairs
[M::hk_bmap_gen] generated 5266 beads
[M::hk_bmap_gen] 212472 bin pairs
[M::blind-gpu] prepared pair buffers: n_diploid=5266 n_pairs=217586 n_block_keys=425090 n_steps=100
[I::fdg-gpu] blocklist CSR ready: edges=425090 avg_deg=80.72 max_deg=197
[M::hk_bmap_gen] generated 5266 beads
[M::hk_bmap_gen] 212310 bin pairs
[M::hk_bmap_gen] generated 5266 beads
[M::hk_bmap_gen] 212310 bin pairs
[M::blind-gpu] prepared pair buffers: n_diploid=5266 n_pairs=217420 n_block_keys=424756 n_steps=100
[I::fdg-gpu] blocklist CSR ready: edges=424756 avg_deg=80.66 max_deg=195
[M::hk_bmap_gen] generated 5266 beads
[M::hk_bmap_gen] 212165 bin pairs
[M::hk_bmap_gen] generated 5266 beads
[M::hk_bmap_gen] 212165 bin pairs
[M::blind-gpu] prepared pair buffers: n_diploid=5266 n_pairs=217270 n_block_keys=424456 n_steps=100
[I::fdg-gpu] blocklist CSR ready: edges=424456 avg_deg=80.60 max_deg=194
[M::hk_bmap_gen] generated 5266 beads
[M::hk_bmap_gen] 212208 bin pairs
[M::hk_bmap_gen] generated 5266 beads
[M::hk_bmap_gen] 212208 bin pairs
[M::blind-gpu] prepared pair buffers: n_diploid=5266 n_pairs=217319 n_block_keys=424552 n_steps=100
[I::fdg-gpu] blocklist CSR ready: edges=424552 avg_deg=80.62 max_deg=195
[M::hk_bmap_gen] generated 5266 beads
[M::hk_bmap_gen] 212092 bin pairs
[M::hk_bmap_gen] generated 5266 beads
[M::hk_bmap_gen] 212092 bin pairs
[M::blind-gpu] prepared pair buffers: n_diploid=5266 n_pairs=217191 n_block_keys=424298 n_steps=100
[I::fdg-gpu] blocklist CSR ready: edges=424298 avg_deg=80.57 max_deg=194
[M::hk_bmap_gen] generated 5266 beads
[M::hk_bmap_gen] 212070 bin pairs
[M::hk_bmap_gen] generated 5266 beads
[M::hk_bmap_gen] 212070 bin pairs
[M::blind-gpu] prepared pair buffers: n_diploid=5266 n_pairs=217173 n_block_keys=424262 n_steps=100
[I::fdg-gpu] blocklist CSR ready: edges=424262 avg_deg=80.57 max_deg=195
[M::hk_bmap_gen] generated 5266 beads
[M::hk_bmap_gen] 212065 bin pairs
[M::hk_bmap_gen] generated 5266 beads
[M::hk_bmap_gen] 212065 bin pairs
[M::blind-gpu] prepared pair buffers: n_diploid=5266 n_pairs=217171 n_block_keys=424260 n_steps=100
[I::fdg-gpu] blocklist CSR ready: edges=424260 avg_deg=80.57 max_deg=196
[M::hk_bmap_gen] generated 5266 beads
[M::hk_bmap_gen] 212152 bin pairs
[M::hk_bmap_gen] generated 5266 beads
[M::hk_bmap_gen] 212152 bin pairs
[M::blind-gpu] prepared pair buffers: n_diploid=5266 n_pairs=217259 n_block_keys=424436 n_steps=100
[I::fdg-gpu] blocklist CSR ready: edges=424436 avg_deg=80.60 max_deg=196
[M::hk_bmap_gen] generated 5266 beads
[M::hk_bmap_gen] 212171 bin pairs
[M::hk_bmap_gen] generated 5266 beads
[M::hk_bmap_gen] 212171 bin pairs
[M::blind-gpu] prepared pair buffers: n_diploid=5266 n_pairs=217291 n_block_keys=424500 n_steps=100
[I::fdg-gpu] blocklist CSR ready: edges=424500 avg_deg=80.61 max_deg=196
[M::hk_bmap_gen] generated 5266 beads
[M::hk_bmap_gen] 212203 bin pairs
[M::hk_bmap_gen] generated 5266 beads
[M::hk_bmap_gen] 212203 bin pairs
[M::blind-gpu] prepared pair buffers: n_diploid=5266 n_pairs=217330 n_block_keys=424578 n_steps=100
[I::fdg-gpu] blocklist CSR ready: edges=424578 avg_deg=80.63 max_deg=195
[M::hk_bmap_gen] generated 5266 beads
[M::hk_bmap_gen] 212170 bin pairs
[M::hk_bmap_gen] generated 5266 beads
[M::hk_bmap_gen] 212170 bin pairs
[M::blind-gpu] prepared pair buffers: n_diploid=5266 n_pairs=217295 n_block_keys=424508 n_steps=100
[I::fdg-gpu] blocklist CSR ready: edges=424508 avg_deg=80.61 max_deg=195
[M::hk_bmap_gen] generated 5266 beads
[M::hk_bmap_gen] 212181 bin pairs
[M::hk_bmap_gen] generated 5266 beads
[M::hk_bmap_gen] 212181 bin pairs
[M::blind-gpu] prepared pair buffers: n_diploid=5266 n_pairs=217300 n_block_keys=424520 n_steps=100
[I::fdg-gpu] blocklist CSR ready: edges=424520 avg_deg=80.62 max_deg=194
[M::hk_bmap_gen] generated 5266 beads
[M::hk_bmap_gen] 212272 bin pairs
[M::hk_bmap_gen] generated 5266 beads
[M::hk_bmap_gen] 212272 bin pairs
[M::blind-gpu] prepared pair buffers: n_diploid=5266 n_pairs=217382 n_block_keys=424680 n_steps=100
[I::fdg-gpu] blocklist CSR ready: edges=424680 avg_deg=80.65 max_deg=194
[M::hk_bmap_gen] generated 5266 beads
[M::hk_bmap_gen] 212279 bin pairs
[M::hk_bmap_gen] generated 5266 beads
[M::hk_bmap_gen] 212279 bin pairs
[M::blind-gpu] prepared pair buffers: n_diploid=5266 n_pairs=217390 n_block_keys=424694 n_steps=100
[I::fdg-gpu] blocklist CSR ready: edges=424694 avg_deg=80.65 max_deg=195
[M::hk_bmap_gen] generated 5266 beads
[M::hk_bmap_gen] 212277 bin pairs
[M::hk_bmap_gen] generated 5266 beads
[M::hk_bmap_gen] 212277 bin pairs
[M::blind-gpu] prepared pair buffers: n_diploid=5266 n_pairs=217388 n_block_keys=424692 n_steps=100
[I::fdg-gpu] blocklist CSR ready: edges=424692 avg_deg=80.65 max_deg=195
[M::hk_bmap_gen] generated 5266 beads
[M::hk_bmap_gen] 212338 bin pairs
[M::hk_bmap_gen] generated 5266 beads
[M::hk_bmap_gen] 212338 bin pairs
[M::blind-gpu] prepared pair buffers: n_diploid=5266 n_pairs=217449 n_block_keys=424812 n_steps=100
[I::fdg-gpu] blocklist CSR ready: edges=424812 avg_deg=80.67 max_deg=196
[M::hk_bmap_gen] generated 5266 beads
[M::hk_bmap_gen] 212357 bin pairs
[M::hk_bmap_gen] generated 5266 beads
[M::hk_bmap_gen] 212357 bin pairs
[M::blind-gpu] prepared pair buffers: n_diploid=5266 n_pairs=217468 n_block_keys=424850 n_steps=100
[I::fdg-gpu] blocklist CSR ready: edges=424850 avg_deg=80.68 max_deg=197
[M::hk_bmap_gen] generated 5266 beads
[M::hk_bmap_gen] 212388 bin pairs
[M::hk_bmap_gen] generated 5266 beads
[M::hk_bmap_gen] 212388 bin pairs
[M::blind-gpu] prepared pair buffers: n_diploid=5266 n_pairs=217504 n_block_keys=424920 n_steps=100
[I::fdg-gpu] blocklist CSR ready: edges=424920 avg_deg=80.69 max_deg=198
[M::hk_bmap_gen] generated 5266 beads
[M::hk_bmap_gen] 212419 bin pairs
[M::hk_bmap_gen] generated 5266 beads
[M::hk_bmap_gen] 212419 bin pairs
[M::blind-gpu] prepared pair buffers: n_diploid=5266 n_pairs=217536 n_block_keys=424986 n_steps=100
[I::fdg-gpu] blocklist CSR ready: edges=424986 avg_deg=80.70 max_deg=198
[M::hk_bmap_gen] generated 5266 beads
[M::hk_bmap_gen] 212392 bin pairs
[M::hk_bmap_gen] generated 5266 beads
[M::hk_bmap_gen] 212392 bin pairs
[M::blind-gpu] prepared pair buffers: n_diploid=5266 n_pairs=217508 n_block_keys=424928 n_steps=100
[I::fdg-gpu] blocklist CSR ready: edges=424928 avg_deg=80.69 max_deg=196
[M::hk_bmap_gen] generated 5266 beads
[M::hk_bmap_gen] 212426 bin pairs
[M::hk_bmap_gen] generated 5266 beads
[M::hk_bmap_gen] 212426 bin pairs
[M::blind-gpu] prepared pair buffers: n_diploid=5266 n_pairs=217554 n_block_keys=425018 n_steps=100
[I::fdg-gpu] blocklist CSR ready: edges=425018 avg_deg=80.71 max_deg=196
[M::hk_bmap_gen] generated 5266 beads
[M::hk_bmap_gen] 212413 bin pairs
[M::hk_bmap_gen] generated 5266 beads
[M::hk_bmap_gen] 212413 bin pairs
[M::blind-gpu] prepared pair buffers: n_diploid=5266 n_pairs=217540 n_block_keys=424990 n_steps=100
[I::fdg-gpu] blocklist CSR ready: edges=424990 avg_deg=80.70 max_deg=196
[M::hk_bmap_gen] generated 5266 beads
[M::hk_bmap_gen] 212423 bin pairs
[M::hk_bmap_gen] generated 5266 beads
[M::hk_bmap_gen] 212423 bin pairs
[M::blind-gpu] prepared pair buffers: n_diploid=5266 n_pairs=217549 n_block_keys=425008 n_steps=100
[I::fdg-gpu] blocklist CSR ready: edges=425008 avg_deg=80.71 max_deg=197
[M::hk_bmap_gen] generated 5266 beads
[M::hk_bmap_gen] 212350 bin pairs
[M::hk_bmap_gen] generated 5266 beads
[M::hk_bmap_gen] 212350 bin pairs
[M::blind-gpu] prepared pair buffers: n_diploid=5266 n_pairs=217479 n_block_keys=424866 n_steps=100
[I::fdg-gpu] blocklist CSR ready: edges=424866 avg_deg=80.68 max_deg=196
[M::hk_bmap_gen] generated 5266 beads
[M::hk_bmap_gen] 212304 bin pairs
[M::hk_bmap_gen] generated 5266 beads
[M::hk_bmap_gen] 212304 bin pairs
[M::blind-gpu] prepared pair buffers: n_diploid=5266 n_pairs=217438 n_block_keys=424782 n_steps=100
[I::fdg-gpu] blocklist CSR ready: edges=424782 avg_deg=80.67 max_deg=196
[M::hk_bmap_gen] generated 5266 beads
[M::hk_bmap_gen] 212230 bin pairs
[M::hk_bmap_gen] generated 5266 beads
[M::hk_bmap_gen] 212230 bin pairs
[M::blind-gpu] prepared pair buffers: n_diploid=5266 n_pairs=217366 n_block_keys=424636 n_steps=100
[I::fdg-gpu] blocklist CSR ready: edges=424636 avg_deg=80.64 max_deg=196
[M::hk_bmap_gen] generated 5266 beads
[M::hk_bmap_gen] 212123 bin pairs
[M::hk_bmap_gen] generated 5266 beads
[M::hk_bmap_gen] 212123 bin pairs
[M::blind-gpu] prepared pair buffers: n_diploid=5266 n_pairs=217260 n_block_keys=424424 n_steps=100
[I::fdg-gpu] blocklist CSR ready: edges=424424 avg_deg=80.60 max_deg=195
[M::hk_bmap_gen] generated 5266 beads
[M::hk_bmap_gen] 212117 bin pairs
[M::hk_bmap_gen] generated 5266 beads
[M::hk_bmap_gen] 212117 bin pairs
[M::blind-gpu] prepared pair buffers: n_diploid=5266 n_pairs=217247 n_block_keys=424398 n_steps=100
[I::fdg-gpu] blocklist CSR ready: edges=424398 avg_deg=80.59 max_deg=195
[M::hk_bmap_gen] generated 5266 beads
[M::hk_bmap_gen] 212142 bin pairs
[M::hk_bmap_gen] generated 5266 beads
[M::hk_bmap_gen] 212142 bin pairs
[M::blind-gpu] prepared pair buffers: n_diploid=5266 n_pairs=217268 n_block_keys=424440 n_steps=100
[I::fdg-gpu] blocklist CSR ready: edges=424440 avg_deg=80.60 max_deg=195
[M::hk_bmap_gen] generated 5266 beads
[M::hk_bmap_gen] 212128 bin pairs
[M::hk_bmap_gen] generated 5266 beads
[M::hk_bmap_gen] 212128 bin pairs
[M::blind-gpu] prepared pair buffers: n_diploid=5266 n_pairs=217251 n_block_keys=424406 n_steps=100
[I::fdg-gpu] blocklist CSR ready: edges=424406 avg_deg=80.59 max_deg=194
[M::hk_bmap_gen] generated 5266 beads
[M::hk_bmap_gen] 212059 bin pairs
[M::hk_bmap_gen] generated 5266 beads
[M::hk_bmap_gen] 212059 bin pairs
[M::blind-gpu] prepared pair buffers: n_diploid=5266 n_pairs=217177 n_block_keys=424260 n_steps=100
[I::fdg-gpu] blocklist CSR ready: edges=424260 avg_deg=80.57 max_deg=194
[M::hk_bmap_gen] generated 5266 beads
[M::hk_bmap_gen] 212101 bin pairs
[M::hk_bmap_gen] generated 5266 beads
[M::hk_bmap_gen] 212101 bin pairs
[M::blind-gpu] prepared pair buffers: n_diploid=5266 n_pairs=217220 n_block_keys=424350 n_steps=100
[I::fdg-gpu] blocklist CSR ready: edges=424350 avg_deg=80.58 max_deg=194
[M::hk_bmap_gen] generated 5266 beads
[M::hk_bmap_gen] 212127 bin pairs
[M::hk_bmap_gen] generated 5266 beads
[M::hk_bmap_gen] 212127 bin pairs
[M::blind-gpu] prepared pair buffers: n_diploid=5266 n_pairs=217241 n_block_keys=424392 n_steps=100
[I::fdg-gpu] blocklist CSR ready: edges=424392 avg_deg=80.59 max_deg=195
[M::hk_bmap_gen] generated 5266 beads
[M::hk_bmap_gen] 212145 bin pairs
[M::hk_bmap_gen] generated 5266 beads
[M::hk_bmap_gen] 212145 bin pairs
[M::blind-gpu] prepared pair buffers: n_diploid=5266 n_pairs=217259 n_block_keys=424428 n_steps=100
[I::fdg-gpu] blocklist CSR ready: edges=424428 avg_deg=80.60 max_deg=195
[M::hk_bmap_gen] generated 5266 beads
[M::hk_bmap_gen] 212146 bin pairs
[M::hk_bmap_gen] generated 5266 beads
[M::hk_bmap_gen] 212146 bin pairs
[M::blind-gpu] prepared pair buffers: n_diploid=5266 n_pairs=217260 n_block_keys=424430 n_steps=100
[I::fdg-gpu] blocklist CSR ready: edges=424430 avg_deg=80.60 max_deg=195
[M::hk_bmap_gen] generated 5266 beads
[M::hk_bmap_gen] 212198 bin pairs
[M::hk_bmap_gen] generated 5266 beads
[M::hk_bmap_gen] 212198 bin pairs
[M::blind-gpu] prepared pair buffers: n_diploid=5266 n_pairs=217317 n_block_keys=424542 n_steps=100
[I::fdg-gpu] blocklist CSR ready: edges=424542 avg_deg=80.62 max_deg=196
[M::hk_bmap_gen] generated 5266 beads
[M::hk_bmap_gen] 212158 bin pairs
[M::hk_bmap_gen] generated 5266 beads
[M::hk_bmap_gen] 212158 bin pairs
[M::blind-gpu] prepared pair buffers: n_diploid=5266 n_pairs=217277 n_block_keys=424460 n_steps=100
[I::fdg-gpu] blocklist CSR ready: edges=424460 avg_deg=80.60 max_deg=196
[M::hk_bmap_gen] generated 5266 beads
[M::hk_bmap_gen] 212230 bin pairs
[M::hk_bmap_gen] generated 5266 beads
[M::hk_bmap_gen] 212230 bin pairs
[M::blind-gpu] prepared pair buffers: n_diploid=5266 n_pairs=217351 n_block_keys=424610 n_steps=100
[I::fdg-gpu] blocklist CSR ready: edges=424610 avg_deg=80.63 max_deg=196
[M::hk_bmap_gen] generated 5266 beads
[M::hk_bmap_gen] 212216 bin pairs
[M::hk_bmap_gen] generated 5266 beads
[M::hk_bmap_gen] 212216 bin pairs
[M::blind-gpu] prepared pair buffers: n_diploid=5266 n_pairs=217333 n_block_keys=424572 n_steps=100
[I::fdg-gpu] blocklist CSR ready: edges=424572 avg_deg=80.63 max_deg=196
[M::hk_bmap_gen] generated 5266 beads
[M::hk_bmap_gen] 212218 bin pairs
[M::hk_bmap_gen] generated 5266 beads
[M::hk_bmap_gen] 212218 bin pairs
[M::blind-gpu] prepared pair buffers: n_diploid=5266 n_pairs=217332 n_block_keys=424570 n_steps=100
[I::fdg-gpu] blocklist CSR ready: edges=424570 avg_deg=80.62 max_deg=199
[M::hk_bmap_gen] generated 5266 beads
[M::hk_bmap_gen] 212228 bin pairs
[M::hk_bmap_gen] generated 5266 beads
[M::hk_bmap_gen] 212228 bin pairs
[M::blind-gpu] prepared pair buffers: n_diploid=5266 n_pairs=217343 n_block_keys=424592 n_steps=100
[I::fdg-gpu] blocklist CSR ready: edges=424592 avg_deg=80.63 max_deg=199
[M::hk_bmap_gen] generated 5266 beads
[M::hk_bmap_gen] 212219 bin pairs
[M::hk_bmap_gen] generated 5266 beads
[M::hk_bmap_gen] 212219 bin pairs
[M::blind-gpu] prepared pair buffers: n_diploid=5266 n_pairs=217337 n_block_keys=424582 n_steps=100
[I::fdg-gpu] blocklist CSR ready: edges=424582 avg_deg=80.63 max_deg=199
[M::hk_bmap_gen] generated 5266 beads
[M::hk_bmap_gen] 212216 bin pairs
[M::hk_bmap_gen] generated 5266 beads
[M::hk_bmap_gen] 212216 bin pairs
[M::blind-gpu] prepared pair buffers: n_diploid=5266 n_pairs=217329 n_block_keys=424566 n_steps=100
[I::fdg-gpu] blocklist CSR ready: edges=424566 avg_deg=80.62 max_deg=198
[M::hk_bmap_gen] generated 5266 beads
[M::hk_bmap_gen] 212212 bin pairs
[M::hk_bmap_gen] generated 5266 beads
[M::hk_bmap_gen] 212212 bin pairs
[M::blind-gpu] prepared pair buffers: n_diploid=5266 n_pairs=217323 n_block_keys=424554 n_steps=100
[I::fdg-gpu] blocklist CSR ready: edges=424554 avg_deg=80.62 max_deg=198
[M::hk_bmap_gen] generated 5266 beads
[M::hk_bmap_gen] 212230 bin pairs
[M::hk_bmap_gen] generated 5266 beads
[M::hk_bmap_gen] 212230 bin pairs
[M::blind-gpu] prepared pair buffers: n_diploid=5266 n_pairs=217347 n_block_keys=424602 n_steps=100
[I::fdg-gpu] blocklist CSR ready: edges=424602 avg_deg=80.63 max_deg=198
[M::hk_bmap_gen] generated 5266 beads
[M::hk_bmap_gen] 212221 bin pairs
[M::hk_bmap_gen] generated 5266 beads
[M::hk_bmap_gen] 212221 bin pairs
[M::blind-gpu] prepared pair buffers: n_diploid=5266 n_pairs=217333 n_block_keys=424574 n_steps=100
[I::fdg-gpu] blocklist CSR ready: edges=424574 avg_deg=80.63 max_deg=198
[M::hk_bmap_gen] generated 5266 beads
[M::hk_bmap_gen] 212235 bin pairs
[M::hk_bmap_gen] generated 5266 beads
[M::hk_bmap_gen] 212235 bin pairs
[M::blind-gpu] prepared pair buffers: n_diploid=5266 n_pairs=217352 n_block_keys=424612 n_steps=100
[I::fdg-gpu] blocklist CSR ready: edges=424612 avg_deg=80.63 max_deg=198
[M::hk_bmap_gen] generated 5266 beads
[M::hk_bmap_gen] 212162 bin pairs
[M::hk_bmap_gen] generated 5266 beads
[M::hk_bmap_gen] 212162 bin pairs
[M::blind-gpu] prepared pair buffers: n_diploid=5266 n_pairs=217280 n_block_keys=424470 n_steps=100
[I::fdg-gpu] blocklist CSR ready: edges=424470 avg_deg=80.61 max_deg=198
[M::hk_bmap_gen] generated 5266 beads
[M::hk_bmap_gen] 212155 bin pairs
[M::hk_bmap_gen] generated 5266 beads
[M::hk_bmap_gen] 212155 bin pairs
[M::blind-gpu] prepared pair buffers: n_diploid=5266 n_pairs=217270 n_block_keys=424448 n_steps=100
[I::fdg-gpu] blocklist CSR ready: edges=424448 avg_deg=80.60 max_deg=197
[M::hk_bmap_gen] generated 5266 beads
[M::hk_bmap_gen] 212091 bin pairs
[M::hk_bmap_gen] generated 5266 beads
[M::hk_bmap_gen] 212091 bin pairs
[M::blind-gpu] prepared pair buffers: n_diploid=5266 n_pairs=217206 n_block_keys=424320 n_steps=100
[I::fdg-gpu] blocklist CSR ready: edges=424320 avg_deg=80.58 max_deg=196
[M::hk_bmap_gen] generated 5266 beads
[M::hk_bmap_gen] 212102 bin pairs
[M::hk_bmap_gen] generated 5266 beads
[M::hk_bmap_gen] 212102 bin pairs
[M::blind-gpu] prepared pair buffers: n_diploid=5266 n_pairs=217217 n_block_keys=424342 n_steps=100
[I::fdg-gpu] blocklist CSR ready: edges=424342 avg_deg=80.58 max_deg=196
[M::hk_bmap_gen] generated 5266 beads
[M::hk_bmap_gen] 212108 bin pairs
[M::hk_bmap_gen] generated 5266 beads
[M::hk_bmap_gen] 212108 bin pairs
[M::blind-gpu] prepared pair buffers: n_diploid=5266 n_pairs=217230 n_block_keys=424366 n_steps=100
[I::fdg-gpu] blocklist CSR ready: edges=424366 avg_deg=80.59 max_deg=196
[M::hk_bmap_gen] generated 5266 beads
[M::hk_bmap_gen] 212146 bin pairs
[M::hk_bmap_gen] generated 5266 beads
[M::hk_bmap_gen] 212146 bin pairs
[M::blind-gpu] prepared pair buffers: n_diploid=5266 n_pairs=217262 n_block_keys=424430 n_steps=100
[I::fdg-gpu] blocklist CSR ready: edges=424430 avg_deg=80.60 max_deg=195
[M::hk_bmap_gen] generated 5266 beads
[M::hk_bmap_gen] 212140 bin pairs
[M::hk_bmap_gen] generated 5266 beads
[M::hk_bmap_gen] 212140 bin pairs
[M::blind-gpu] prepared pair buffers: n_diploid=5266 n_pairs=217265 n_block_keys=424436 n_steps=100
[I::fdg-gpu] blocklist CSR ready: edges=424436 avg_deg=80.60 max_deg=195
[M::hk_bmap_gen] generated 5266 beads
[M::hk_bmap_gen] 212194 bin pairs
[M::hk_bmap_gen] generated 5266 beads
[M::hk_bmap_gen] 212194 bin pairs
[M::blind-gpu] prepared pair buffers: n_diploid=5266 n_pairs=217317 n_block_keys=424540 n_steps=100
[I::fdg-gpu] blocklist CSR ready: edges=424540 avg_deg=80.62 max_deg=196
[M::hk_bmap_gen] generated 5266 beads
[M::hk_bmap_gen] 212202 bin pairs
[M::hk_bmap_gen] generated 5266 beads
[M::hk_bmap_gen] 212202 bin pairs
[M::blind-gpu] prepared pair buffers: n_diploid=5266 n_pairs=217323 n_block_keys=424552 n_steps=100
[I::fdg-gpu] blocklist CSR ready: edges=424552 avg_deg=80.62 max_deg=196
[M::hk_bmap_gen] generated 5266 beads
[M::hk_bmap_gen] 212143 bin pairs
[M::hk_bmap_gen] generated 5266 beads
[M::hk_bmap_gen] 212143 bin pairs
[M::blind-gpu] prepared pair buffers: n_diploid=5266 n_pairs=217261 n_block_keys=424428 n_steps=100
[I::fdg-gpu] blocklist CSR ready: edges=424428 avg_deg=80.60 max_deg=195
[M::hk_bmap_gen] generated 5266 beads
[M::hk_bmap_gen] 212156 bin pairs
[M::hk_bmap_gen] generated 5266 beads
[M::hk_bmap_gen] 212156 bin pairs
[M::blind-gpu] prepared pair buffers: n_diploid=5266 n_pairs=217277 n_block_keys=424460 n_steps=100
[I::fdg-gpu] blocklist CSR ready: edges=424460 avg_deg=80.60 max_deg=195
[M::hk_bmap_gen] generated 5266 beads
[M::hk_bmap_gen] 212105 bin pairs
[M::hk_bmap_gen] generated 5266 beads
[M::hk_bmap_gen] 212105 bin pairs
[M::blind-gpu] prepared pair buffers: n_diploid=5266 n_pairs=217230 n_block_keys=424366 n_steps=100
[I::fdg-gpu] blocklist CSR ready: edges=424366 avg_deg=80.59 max_deg=193
minimal P9016[1m]: write outputs to /mnt/ssd/zliu/phase3/test_res/042-20260620_022516-p9016_trans_gate_mstep_1m/outputs/p9016_transgate_off_best035_td0p5_lct0p03_gct0p003
[M::hk_bmap_gen] generated 5266 beads
[M::hk_bmap_gen] 212090 bin pairs
[M::hk_bmap_gen] generated 5266 beads
[M::hk_bmap_gen] 212090 bin pairs
minimal P9016[1m]: status=OK final_entropy=0.69672054 final_pU=0.50257766
minimal P9016: summary /mnt/ssd/zliu/phase3/test_res/042-20260620_022516-p9016_trans_gate_mstep_1m/outputs/matrix_summary.tsv
