FULL_RESULT_ROOT=/mnt/ssd/zliu/phase3/test_res/042-20260620_022516-p9016_trans_gate_mstep_1m
LIGHT_RESULT_ROOT=/mnt/ssd/zliu/phase3/hickit/result/042-20260620_022516-p9016_trans_gate_mstep_1m
rm -rf /mnt/ssd/zliu/phase3/test_res/smoke/hk_blind_p9016_minimal_audit_smoke
mkdir -p /mnt/ssd/zliu/phase3/test_res/smoke
env -i PATH="$PATH" LD_LIBRARY_PATH="$LD_LIBRARY_PATH" \
HK_BLIND_P9016_PAIRS=testdata/p9016_blind_smoke.pairs \
HK_BLIND_P9016_ALLOW_CUSTOM_PAIRS=1 \
HK_BLIND_P9016_OUTPUT_ROOT=/mnt/ssd/zliu/phase3/test_res/smoke/hk_blind_p9016_minimal_audit_smoke \
HK_BLIND_P9016_CONFIG_NAME=minimal_soft_sep_off \
HK_BLIND_P9016_BIN_SIZE_BP=1000000 \
HK_BLIND_P9016_MINIMAL_N_ITER=1 \
HK_BLIND_P9016_MINIMAL_RELAX_STEPS=1 \
HK_BLIND_P9016_INIT_EPS=0.5 \
HK_BLIND_P9016_INIT_NOISE_SCALE=0.0 \
HK_BLIND_P9016_MIN_SEP_UNIT=0.0 \
HK_BLIND_P9016_LAMBDA_SEP=0.0 \
HK_BLIND_P9016_INIT_SEED=17 \
./run_blind_p9016_minimal.bin
HK_BLIND_AUDIT_ALLOW_CUSTOM_RAW_PAIRS=1 ./audit_blind_p9016_full_cpu_output.bin /mnt/ssd/zliu/phase3/test_res/smoke/hk_blind_p9016_minimal_audit_smoke/minimal_soft_sep_off
/usr/local/cuda/bin/nvcc -c -O3   fdg_gpu.cu -o fdg_gpu.o
cc -g -Wall -O2 -Wc++-compat -fno-fast-math -fno-unsafe-math-optimizations    run_blind_p9016_minimal.c sdict.o io.o pair.o count.o phase.o bin.o blind.o fdg.o image.o view3d.o fdg_gpu.o -o run_blind_p9016_minimal.bin -L/usr/local/cuda/targets/x86_64-linux/lib -Wl,-rpath,/usr/local/cuda/targets/x86_64-linux/lib -lm -lz -lcudart -lstdc++
make: 'audit_blind_p9016_full_cpu_output.bin' is up to date.
CONFIG_START=p9016_transgate_off_td1_baseline gate_mode=off min_neg_entropy=-1.38629436 min_pmax=1 min_margin=1 trans_dscale=1 lambda_copytrack=0 lambda_global=0 min_sep=0 lambda_sep=0
CONFIG_START=p9016_transgate_off_td0p5 gate_mode=off min_neg_entropy=-1.38629436 min_pmax=1 min_margin=1 trans_dscale=0.5 lambda_copytrack=0 lambda_global=0 min_sep=0 lambda_sep=0
CONFIG_START=p9016_transgate_off_best035_td0p5_lct0p03_gct0p003 gate_mode=off min_neg_entropy=-1.38629436 min_pmax=1 min_margin=1 trans_dscale=0.5 lambda_copytrack=0.03 lambda_global=0.003 min_sep=0 lambda_sep=0
CONFIG_START=p9016_transgate_ne0p20_best035 gate_mode=neg_entropy min_neg_entropy=-0.157075727 min_pmax=1 min_margin=1 trans_dscale=0.5 lambda_copytrack=0.03 lambda_global=0.003 min_sep=0 lambda_sep=0
CONFIG_START=p9016_transgate_ne0p30_best035 gate_mode=neg_entropy min_neg_entropy=-0.326260973 min_pmax=1 min_margin=1 trans_dscale=0.5 lambda_copytrack=0.03 lambda_global=0.003 min_sep=0 lambda_sep=0
CONFIG_START=p9016_transgate_ne0p10_best035 gate_mode=neg_entropy min_neg_entropy=-0.0116029604 min_pmax=1 min_margin=1 trans_dscale=0.5 lambda_copytrack=0.03 lambda_global=0.003 min_sep=0 lambda_sep=0
CONFIG_START=p9016_transgate_ne0p05_best035 gate_mode=neg_entropy min_neg_entropy=-0.000426874923 min_pmax=1 min_margin=1 trans_dscale=0.5 lambda_copytrack=0.03 lambda_global=0.003 min_sep=0 lambda_sep=0
CONFIG_START=p9016_transgate_ne0p20_td0p5_no_copytrack gate_mode=neg_entropy min_neg_entropy=-0.157075727 min_pmax=1 min_margin=1 trans_dscale=0.5 lambda_copytrack=0 lambda_global=0 min_sep=0 lambda_sep=0
CONFIG_START=p9016_transgate_ne0p30_td0p5_no_copytrack gate_mode=neg_entropy min_neg_entropy=-0.326260973 min_pmax=1 min_margin=1 trans_dscale=0.5 lambda_copytrack=0 lambda_global=0 min_sep=0 lambda_sep=0
CONFIG_START=p9016_transgate_ne0p20_td1_no_copytrack gate_mode=neg_entropy min_neg_entropy=-0.157075727 min_pmax=1 min_margin=1 trans_dscale=1 lambda_copytrack=0 lambda_global=0 min_sep=0 lambda_sep=0
CONFIG_DONE=p9016_transgate_ne0p05_best035
CONFIG_START=p9016_transgate_ne0p30_td1_no_copytrack gate_mode=neg_entropy min_neg_entropy=-0.326260973 min_pmax=1 min_margin=1 trans_dscale=1 lambda_copytrack=0 lambda_global=0 min_sep=0 lambda_sep=0
CONFIG_DONE=p9016_transgate_ne0p10_best035
CONFIG_START=p9016_transgate_pmax0p4_best035 gate_mode=pmax min_neg_entropy=-1.38629436 min_pmax=0.4 min_margin=1 trans_dscale=0.5 lambda_copytrack=0.03 lambda_global=0.003 min_sep=0 lambda_sep=0
CONFIG_DONE=p9016_transgate_ne0p20_best035
CONFIG_START=p9016_transgate_pmax0p5_best035 gate_mode=pmax min_neg_entropy=-1.38629436 min_pmax=0.5 min_margin=1 trans_dscale=0.5 lambda_copytrack=0.03 lambda_global=0.003 min_sep=0 lambda_sep=0
CONFIG_DONE=p9016_transgate_ne0p20_td1_no_copytrack
CONFIG_START=p9016_transgate_ne0p20_best035_msep1_lsep0p5 gate_mode=neg_entropy min_neg_entropy=-0.157075727 min_pmax=1 min_margin=1 trans_dscale=0.5 lambda_copytrack=0.03 lambda_global=0.003 min_sep=1 lambda_sep=0.5
CONFIG_DONE=p9016_transgate_ne0p20_td0p5_no_copytrack
FULL_RESULT_ROOT=/mnt/ssd/zliu/phase3/test_res/042-20260620_022516-p9016_trans_gate_mstep_1m
LIGHT_RESULT_ROOT=/mnt/ssd/zliu/phase3/hickit/result/042-20260620_022516-p9016_trans_gate_mstep_1m
cc -g -Wall -O2 -Wc++-compat -fno-fast-math -fno-unsafe-math-optimizations    run_blind_p9016_minimal.c sdict.o io.o pair.o count.o phase.o bin.o blind.o fdg.o image.o view3d.o fdg_gpu_stub.o -o run_blind_p9016_minimal.bin -L/usr/local/cuda/targets/x86_64-linux/lib -Wl,-rpath,/usr/local/cuda/targets/x86_64-linux/lib -lm -lz
rm -rf /mnt/ssd/zliu/phase3/test_res/smoke/hk_blind_p9016_minimal_audit_smoke
mkdir -p /mnt/ssd/zliu/phase3/test_res/smoke
env -i PATH="$PATH" LD_LIBRARY_PATH="$LD_LIBRARY_PATH" \
HK_BLIND_P9016_PAIRS=testdata/p9016_blind_smoke.pairs \
HK_BLIND_P9016_ALLOW_CUSTOM_PAIRS=1 \
HK_BLIND_P9016_OUTPUT_ROOT=/mnt/ssd/zliu/phase3/test_res/smoke/hk_blind_p9016_minimal_audit_smoke \
HK_BLIND_P9016_CONFIG_NAME=minimal_soft_sep_off \
HK_BLIND_P9016_BIN_SIZE_BP=1000000 \
HK_BLIND_P9016_MINIMAL_N_ITER=1 \
HK_BLIND_P9016_MINIMAL_RELAX_STEPS=1 \
HK_BLIND_P9016_INIT_EPS=0.5 \
HK_BLIND_P9016_INIT_NOISE_SCALE=0.0 \
HK_BLIND_P9016_MIN_SEP_UNIT=0.0 \
HK_BLIND_P9016_LAMBDA_SEP=0.0 \
HK_BLIND_P9016_INIT_SEED=17 \
./run_blind_p9016_minimal.bin
HK_BLIND_AUDIT_ALLOW_CUSTOM_RAW_PAIRS=1 ./audit_blind_p9016_full_cpu_output.bin /mnt/ssd/zliu/phase3/test_res/smoke/hk_blind_p9016_minimal_audit_smoke/minimal_soft_sep_off
cc -g -Wall -O2 -Wc++-compat -fno-fast-math -fno-unsafe-math-optimizations    run_blind_p9016_minimal.c sdict.o io.o pair.o count.o phase.o bin.o blind.o fdg.o image.o view3d.o fdg_gpu.o -o run_blind_p9016_minimal.bin -L/usr/local/cuda/targets/x86_64-linux/lib -Wl,-rpath,/usr/local/cuda/targets/x86_64-linux/lib -lm -lz -lcudart -lstdc++
make: 'audit_blind_p9016_full_cpu_output.bin' is up to date.
CONFIG_START=p9016_transgate_off_td1_baseline gate_mode=off min_neg_entropy=-1.38629436 min_pmax=1 min_margin=1 trans_dscale=1 lambda_copytrack=0 lambda_global=0 min_sep=0 lambda_sep=0
CONFIG_START=p9016_transgate_off_td0p5 gate_mode=off min_neg_entropy=-1.38629436 min_pmax=1 min_margin=1 trans_dscale=0.5 lambda_copytrack=0 lambda_global=0 min_sep=0 lambda_sep=0
CONFIG_START=p9016_transgate_off_best035_td0p5_lct0p03_gct0p003 gate_mode=off min_neg_entropy=-1.38629436 min_pmax=1 min_margin=1 trans_dscale=0.5 lambda_copytrack=0.03 lambda_global=0.003 min_sep=0 lambda_sep=0
CONFIG_START=p9016_transgate_ne0p20_best035 gate_mode=neg_entropy min_neg_entropy=-0.157075727 min_pmax=1 min_margin=1 trans_dscale=0.5 lambda_copytrack=0.03 lambda_global=0.003 min_sep=0 lambda_sep=0
CONFIG_RESUME_EXISTING_TRAINING=p9016_transgate_ne0p20_best035
CONFIG_START=p9016_transgate_ne0p30_best035 gate_mode=neg_entropy min_neg_entropy=-0.326260973 min_pmax=1 min_margin=1 trans_dscale=0.5 lambda_copytrack=0.03 lambda_global=0.003 min_sep=0 lambda_sep=0
CONFIG_START=p9016_transgate_ne0p10_best035 gate_mode=neg_entropy min_neg_entropy=-0.0116029604 min_pmax=1 min_margin=1 trans_dscale=0.5 lambda_copytrack=0.03 lambda_global=0.003 min_sep=0 lambda_sep=0
CONFIG_RESUME_EXISTING_TRAINING=p9016_transgate_ne0p10_best035
CONFIG_START=p9016_transgate_ne0p05_best035 gate_mode=neg_entropy min_neg_entropy=-0.000426874923 min_pmax=1 min_margin=1 trans_dscale=0.5 lambda_copytrack=0.03 lambda_global=0.003 min_sep=0 lambda_sep=0
CONFIG_RESUME_EXISTING_TRAINING=p9016_transgate_ne0p05_best035
CONFIG_START=p9016_transgate_ne0p20_td0p5_no_copytrack gate_mode=neg_entropy min_neg_entropy=-0.157075727 min_pmax=1 min_margin=1 trans_dscale=0.5 lambda_copytrack=0 lambda_global=0 min_sep=0 lambda_sep=0
CONFIG_RESUME_EXISTING_TRAINING=p9016_transgate_ne0p20_td0p5_no_copytrack
CONFIG_START=p9016_transgate_ne0p30_td0p5_no_copytrack gate_mode=neg_entropy min_neg_entropy=-0.326260973 min_pmax=1 min_margin=1 trans_dscale=0.5 lambda_copytrack=0 lambda_global=0 min_sep=0 lambda_sep=0
CONFIG_RESUME_EXISTING_TRAINING=p9016_transgate_ne0p30_td0p5_no_copytrack
CONFIG_START=p9016_transgate_ne0p20_td1_no_copytrack gate_mode=neg_entropy min_neg_entropy=-0.157075727 min_pmax=1 min_margin=1 trans_dscale=1 lambda_copytrack=0 lambda_global=0 min_sep=0 lambda_sep=0
CONFIG_RESUME_EXISTING_TRAINING=p9016_transgate_ne0p20_td1_no_copytrack
CONFIG_DONE=p9016_transgate_ne0p05_best035
CONFIG_START=p9016_transgate_ne0p30_td1_no_copytrack gate_mode=neg_entropy min_neg_entropy=-0.326260973 min_pmax=1 min_margin=1 trans_dscale=1 lambda_copytrack=0 lambda_global=0 min_sep=0 lambda_sep=0
CONFIG_DONE=p9016_transgate_ne0p20_td0p5_no_copytrack
CONFIG_START=p9016_transgate_pmax0p4_best035 gate_mode=pmax min_neg_entropy=-1.38629436 min_pmax=0.4 min_margin=1 trans_dscale=0.5 lambda_copytrack=0.03 lambda_global=0.003 min_sep=0 lambda_sep=0
CONFIG_DONE=p9016_transgate_ne0p20_best035
CONFIG_START=p9016_transgate_pmax0p5_best035 gate_mode=pmax min_neg_entropy=-1.38629436 min_pmax=0.5 min_margin=1 trans_dscale=0.5 lambda_copytrack=0.03 lambda_global=0.003 min_sep=0 lambda_sep=0
CONFIG_DONE=p9016_transgate_ne0p10_best035
CONFIG_START=p9016_transgate_ne0p20_best035_msep1_lsep0p5 gate_mode=neg_entropy min_neg_entropy=-0.157075727 min_pmax=1 min_margin=1 trans_dscale=0.5 lambda_copytrack=0.03 lambda_global=0.003 min_sep=1 lambda_sep=0.5
CONFIG_DONE=p9016_transgate_ne0p20_td1_no_copytrack
CONFIG_DONE=p9016_transgate_ne0p30_td0p5_no_copytrack
CONFIG_DONE=p9016_transgate_ne0p20_best035_msep1_lsep0p5
CONFIG_DONE=p9016_transgate_ne0p30_best035
CONFIG_DONE=p9016_transgate_ne0p30_td1_no_copytrack
CONFIG_DONE=p9016_transgate_off_td1_baseline
CONFIG_DONE=p9016_transgate_off_best035_td0p5_lct0p03_gct0p003
CONFIG_DONE=p9016_transgate_off_td0p5
CONFIG_DONE=p9016_transgate_pmax0p5_best035
CONFIG_DONE=p9016_transgate_pmax0p4_best035
