minimal P9016: input=/mnt/ssd/zliu/phase3/test_res/016-20260618_150851-p9016_charm_contacts_condition_sweep_1m/synthetic_pairs/p9016_charm3dg20k_1pr_contacts.pairs.gz output_root=/mnt/ssd/zliu/phase3/test_res/016-20260618_150851-p9016_charm_contacts_condition_sweep_1m/work_outputs/1pr/p9016_charm3dg20k_1pr_pcgamma0p5_msep1_lsep1_ieps0p5_noise0 config=p9016_charm3dg20k_1pr_pcgamma0p5_msep1_lsep1_ieps0p5_noise0 baseline=softall n_iter=100 relax_steps=100 relax_step=0.012 chain=0 init_mode=unphased_scaffold_split init_eps=0.5 init_noise=0 init_scale=10 init_seed=17 min_sep=1 lambda_sep=1 d_scale_mode=posterior_count d_scale_input=posterior_count d_scale_formula=n_raw*posterior_prob^0.5 d_scale_gamma=0.5 d_scale_eps=1e-06 relax_backend=gpu
minimal P9016: stage 1/1 name=1m bin_size_bp=1000000 parent=0
[M::hk_map_read] read 1265114 pairs
[M::hk_bmap_gen] generated 2629 beads
[M::hk_bmap_gen] 58703 bin pairs
minimal P9016[1m]: build binned contacts
minimal P9016[1m]: init mode=unphased_scaffold_split seed=17 scale=10
[M::hk_fdg] mid_dist:1000000 max_nei:2422
[M::hk_fdg1_cpu] iter:10 elapsed:0.09s rep_coef:0.2092 RMS_force:57.6141 n_rep:45.1948 energy:33.4130,14.2949,0.0044 dist:6.5074,12.9573,1.4848
[M::hk_fdg1_cpu] iter:20 elapsed:0.30s rep_coef:0.6615 RMS_force:44.4565 n_rep:161.4808 energy:9.5725,8.1119,0.0147 dist:3.7386,8.1890,1.4661
[M::hk_fdg1_cpu] iter:30 elapsed:0.81s rep_coef:0.9352 RMS_force:30.6015 n_rep:355.6698 energy:1.8459,4.1597,0.0226 dist:2.0825,5.0919,1.4352
[M::hk_fdg1_cpu] iter:40 elapsed:1.22s rep_coef:0.9907 RMS_force:23.8460 n_rep:90.4097 energy:0.3536,1.7976,0.0275 dist:1.2256,3.4605,1.3917
[M::hk_fdg1_cpu] iter:50 elapsed:1.43s rep_coef:0.9987 RMS_force:14.3544 n_rep:73.3682 energy:0.1024,0.9576,0.0323 dist:0.8004,2.6721,1.3439
minimal P9016[1m]: run softall, n_iter=100 relax_steps=100 relax_step=0.012 relax_backend=gpu
[M::hk_bmap_gen] generated 5258 beads
[M::hk_bmap_gen] 203555 bin pairs
[M::blind-gpu] prepared pair buffers: n_diploid=5258 n_pairs=208766 n_block_keys=407580 n_steps=100
[I::fdg-gpu] blocklist CSR ready: edges=407580 avg_deg=77.52 max_deg=164
[M::hk_bmap_gen] generated 5258 beads
[M::hk_bmap_gen] 200690 bin pairs
[M::blind-gpu] prepared pair buffers: n_diploid=5258 n_pairs=205903 n_block_keys=401856 n_steps=100
[I::fdg-gpu] blocklist CSR ready: edges=401856 avg_deg=76.43 max_deg=164
[M::hk_bmap_gen] generated 5258 beads
[M::hk_bmap_gen] 194751 bin pairs
[M::blind-gpu] prepared pair buffers: n_diploid=5258 n_pairs=199967 n_block_keys=389982 n_steps=100
[I::fdg-gpu] blocklist CSR ready: edges=389982 avg_deg=74.17 max_deg=163
[M::hk_bmap_gen] generated 5258 beads
[M::hk_bmap_gen] 189184 bin pairs
[M::blind-gpu] prepared pair buffers: n_diploid=5258 n_pairs=194389 n_block_keys=378828 n_steps=100
[I::fdg-gpu] blocklist CSR ready: edges=378828 avg_deg=72.05 max_deg=163
[M::hk_bmap_gen] generated 5258 beads
[M::hk_bmap_gen] 185049 bin pairs
[M::blind-gpu] prepared pair buffers: n_diploid=5258 n_pairs=190253 n_block_keys=370562 n_steps=100
[I::fdg-gpu] blocklist CSR ready: edges=370562 avg_deg=70.48 max_deg=164
[M::hk_bmap_gen] generated 5258 beads
[M::hk_bmap_gen] 181563 bin pairs
[M::blind-gpu] prepared pair buffers: n_diploid=5258 n_pairs=186776 n_block_keys=363620 n_steps=100
[I::fdg-gpu] blocklist CSR ready: edges=363620 avg_deg=69.16 max_deg=162
[M::hk_bmap_gen] generated 5258 beads
[M::hk_bmap_gen] 178840 bin pairs
[M::blind-gpu] prepared pair buffers: n_diploid=5258 n_pairs=184050 n_block_keys=358168 n_steps=100
[I::fdg-gpu] blocklist CSR ready: edges=358168 avg_deg=68.12 max_deg=162
[M::hk_bmap_gen] generated 5258 beads
[M::hk_bmap_gen] 176802 bin pairs
[M::blind-gpu] prepared pair buffers: n_diploid=5258 n_pairs=182015 n_block_keys=354106 n_steps=100
[I::fdg-gpu] blocklist CSR ready: edges=354106 avg_deg=67.35 max_deg=162
[M::hk_bmap_gen] generated 5258 beads
[M::hk_bmap_gen] 175156 bin pairs
[M::blind-gpu] prepared pair buffers: n_diploid=5258 n_pairs=180366 n_block_keys=350804 n_steps=100
[I::fdg-gpu] blocklist CSR ready: edges=350804 avg_deg=66.72 max_deg=161
[M::hk_bmap_gen] generated 5258 beads
[M::hk_bmap_gen] 173608 bin pairs
[M::blind-gpu] prepared pair buffers: n_diploid=5258 n_pairs=178816 n_block_keys=347702 n_steps=100
[I::fdg-gpu] blocklist CSR ready: edges=347702 avg_deg=66.13 max_deg=162
[M::hk_bmap_gen] generated 5258 beads
[M::hk_bmap_gen] 172426 bin pairs
[M::blind-gpu] prepared pair buffers: n_diploid=5258 n_pairs=177632 n_block_keys=345332 n_steps=100
[I::fdg-gpu] blocklist CSR ready: edges=345332 avg_deg=65.68 max_deg=163
[M::hk_bmap_gen] generated 5258 beads
[M::hk_bmap_gen] 171433 bin pairs
[M::blind-gpu] prepared pair buffers: n_diploid=5258 n_pairs=176641 n_block_keys=343358 n_steps=100
[I::fdg-gpu] blocklist CSR ready: edges=343358 avg_deg=65.30 max_deg=163
[M::hk_bmap_gen] generated 5258 beads
[M::hk_bmap_gen] 170527 bin pairs
[M::blind-gpu] prepared pair buffers: n_diploid=5258 n_pairs=175732 n_block_keys=341546 n_steps=100
[I::fdg-gpu] blocklist CSR ready: edges=341546 avg_deg=64.96 max_deg=162
[M::hk_bmap_gen] generated 5258 beads
[M::hk_bmap_gen] 169810 bin pairs
[M::blind-gpu] prepared pair buffers: n_diploid=5258 n_pairs=175017 n_block_keys=340118 n_steps=100
[I::fdg-gpu] blocklist CSR ready: edges=340118 avg_deg=64.69 max_deg=162
[M::hk_bmap_gen] generated 5258 beads
[M::hk_bmap_gen] 169135 bin pairs
[M::blind-gpu] prepared pair buffers: n_diploid=5258 n_pairs=174331 n_block_keys=338750 n_steps=100
[I::fdg-gpu] blocklist CSR ready: edges=338750 avg_deg=64.43 max_deg=162
[M::hk_bmap_gen] generated 5258 beads
[M::hk_bmap_gen] 168525 bin pairs
[M::blind-gpu] prepared pair buffers: n_diploid=5258 n_pairs=173727 n_block_keys=337548 n_steps=100
[I::fdg-gpu] blocklist CSR ready: edges=337548 avg_deg=64.20 max_deg=162
[M::hk_bmap_gen] generated 5258 beads
[M::hk_bmap_gen] 167912 bin pairs
[M::blind-gpu] prepared pair buffers: n_diploid=5258 n_pairs=173116 n_block_keys=336326 n_steps=100
[I::fdg-gpu] blocklist CSR ready: edges=336326 avg_deg=63.96 max_deg=161
[M::hk_bmap_gen] generated 5258 beads
[M::hk_bmap_gen] 167409 bin pairs
[M::blind-gpu] prepared pair buffers: n_diploid=5258 n_pairs=172618 n_block_keys=335332 n_steps=100
[I::fdg-gpu] blocklist CSR ready: edges=335332 avg_deg=63.78 max_deg=161
[M::hk_bmap_gen] generated 5258 beads
[M::hk_bmap_gen] 166954 bin pairs
[M::blind-gpu] prepared pair buffers: n_diploid=5258 n_pairs=172160 n_block_keys=334424 n_steps=100
[I::fdg-gpu] blocklist CSR ready: edges=334424 avg_deg=63.60 max_deg=161
[M::hk_bmap_gen] generated 5258 beads
[M::hk_bmap_gen] 166531 bin pairs
[M::blind-gpu] prepared pair buffers: n_diploid=5258 n_pairs=171735 n_block_keys=333574 n_steps=100
[I::fdg-gpu] blocklist CSR ready: edges=333574 avg_deg=63.44 max_deg=160
[M::hk_bmap_gen] generated 5258 beads
[M::hk_bmap_gen] 166152 bin pairs
[M::blind-gpu] prepared pair buffers: n_diploid=5258 n_pairs=171359 n_block_keys=332836 n_steps=100
[I::fdg-gpu] blocklist CSR ready: edges=332836 avg_deg=63.30 max_deg=160
[M::hk_bmap_gen] generated 5258 beads
[M::hk_bmap_gen] 165769 bin pairs
[M::blind-gpu] prepared pair buffers: n_diploid=5258 n_pairs=170977 n_block_keys=332068 n_steps=100
[I::fdg-gpu] blocklist CSR ready: edges=332068 avg_deg=63.15 max_deg=160
[M::hk_bmap_gen] generated 5258 beads
[M::hk_bmap_gen] 165446 bin pairs
[M::blind-gpu] prepared pair buffers: n_diploid=5258 n_pairs=170656 n_block_keys=331430 n_steps=100
[I::fdg-gpu] blocklist CSR ready: edges=331430 avg_deg=63.03 max_deg=159
[M::hk_bmap_gen] generated 5258 beads
[M::hk_bmap_gen] 165170 bin pairs
[M::blind-gpu] prepared pair buffers: n_diploid=5258 n_pairs=170378 n_block_keys=330870 n_steps=100
[I::fdg-gpu] blocklist CSR ready: edges=330870 avg_deg=62.93 max_deg=157
[M::hk_bmap_gen] generated 5258 beads
[M::hk_bmap_gen] 164857 bin pairs
[M::blind-gpu] prepared pair buffers: n_diploid=5258 n_pairs=170060 n_block_keys=330238 n_steps=100
[I::fdg-gpu] blocklist CSR ready: edges=330238 avg_deg=62.81 max_deg=157
[M::hk_bmap_gen] generated 5258 beads
[M::hk_bmap_gen] 164573 bin pairs
[M::blind-gpu] prepared pair buffers: n_diploid=5258 n_pairs=169773 n_block_keys=329664 n_steps=100
[I::fdg-gpu] blocklist CSR ready: edges=329664 avg_deg=62.70 max_deg=157
[M::hk_bmap_gen] generated 5258 beads
[M::hk_bmap_gen] 164340 bin pairs
[M::blind-gpu] prepared pair buffers: n_diploid=5258 n_pairs=169547 n_block_keys=329208 n_steps=100
[I::fdg-gpu] blocklist CSR ready: edges=329208 avg_deg=62.61 max_deg=157
[M::hk_bmap_gen] generated 5258 beads
[M::hk_bmap_gen] 164166 bin pairs
[M::blind-gpu] prepared pair buffers: n_diploid=5258 n_pairs=169371 n_block_keys=328856 n_steps=100
[I::fdg-gpu] blocklist CSR ready: edges=328856 avg_deg=62.54 max_deg=156
[M::hk_bmap_gen] generated 5258 beads
[M::hk_bmap_gen] 163950 bin pairs
[M::blind-gpu] prepared pair buffers: n_diploid=5258 n_pairs=169157 n_block_keys=328438 n_steps=100
[I::fdg-gpu] blocklist CSR ready: edges=328438 avg_deg=62.46 max_deg=157
[M::hk_bmap_gen] generated 5258 beads
[M::hk_bmap_gen] 163792 bin pairs
[M::blind-gpu] prepared pair buffers: n_diploid=5258 n_pairs=169002 n_block_keys=328116 n_steps=100
[I::fdg-gpu] blocklist CSR ready: edges=328116 avg_deg=62.40 max_deg=157
[M::hk_bmap_gen] generated 5258 beads
[M::hk_bmap_gen] 163647 bin pairs
[M::blind-gpu] prepared pair buffers: n_diploid=5258 n_pairs=168857 n_block_keys=327826 n_steps=100
[I::fdg-gpu] blocklist CSR ready: edges=327826 avg_deg=62.35 max_deg=157
[M::hk_bmap_gen] generated 5258 beads
[M::hk_bmap_gen] 163554 bin pairs
[M::blind-gpu] prepared pair buffers: n_diploid=5258 n_pairs=168759 n_block_keys=327628 n_steps=100
[I::fdg-gpu] blocklist CSR ready: edges=327628 avg_deg=62.31 max_deg=157
[M::hk_bmap_gen] generated 5258 beads
[M::hk_bmap_gen] 163417 bin pairs
[M::blind-gpu] prepared pair buffers: n_diploid=5258 n_pairs=168623 n_block_keys=327358 n_steps=100
[I::fdg-gpu] blocklist CSR ready: edges=327358 avg_deg=62.26 max_deg=157
[M::hk_bmap_gen] generated 5258 beads
[M::hk_bmap_gen] 163346 bin pairs
[M::blind-gpu] prepared pair buffers: n_diploid=5258 n_pairs=168553 n_block_keys=327220 n_steps=100
[I::fdg-gpu] blocklist CSR ready: edges=327220 avg_deg=62.23 max_deg=157
[M::hk_bmap_gen] generated 5258 beads
[M::hk_bmap_gen] 163278 bin pairs
[M::blind-gpu] prepared pair buffers: n_diploid=5258 n_pairs=168485 n_block_keys=327086 n_steps=100
[I::fdg-gpu] blocklist CSR ready: edges=327086 avg_deg=62.21 max_deg=157
[M::hk_bmap_gen] generated 5258 beads
[M::hk_bmap_gen] 163164 bin pairs
[M::blind-gpu] prepared pair buffers: n_diploid=5258 n_pairs=168367 n_block_keys=326852 n_steps=100
[I::fdg-gpu] blocklist CSR ready: edges=326852 avg_deg=62.16 max_deg=158
[M::hk_bmap_gen] generated 5258 beads
[M::hk_bmap_gen] 163110 bin pairs
[M::blind-gpu] prepared pair buffers: n_diploid=5258 n_pairs=168315 n_block_keys=326744 n_steps=100
[I::fdg-gpu] blocklist CSR ready: edges=326744 avg_deg=62.14 max_deg=158
[M::hk_bmap_gen] generated 5258 beads
[M::hk_bmap_gen] 163035 bin pairs
[M::blind-gpu] prepared pair buffers: n_diploid=5258 n_pairs=168239 n_block_keys=326596 n_steps=100
[I::fdg-gpu] blocklist CSR ready: edges=326596 avg_deg=62.11 max_deg=158
[M::hk_bmap_gen] generated 5258 beads
[M::hk_bmap_gen] 162997 bin pairs
[M::blind-gpu] prepared pair buffers: n_diploid=5258 n_pairs=168200 n_block_keys=326522 n_steps=100
[I::fdg-gpu] blocklist CSR ready: edges=326522 avg_deg=62.10 max_deg=158
[M::hk_bmap_gen] generated 5258 beads
[M::hk_bmap_gen] 163015 bin pairs
[M::blind-gpu] prepared pair buffers: n_diploid=5258 n_pairs=168218 n_block_keys=326554 n_steps=100
[I::fdg-gpu] blocklist CSR ready: edges=326554 avg_deg=62.11 max_deg=158
[M::hk_bmap_gen] generated 5258 beads
[M::hk_bmap_gen] 162988 bin pairs
[M::blind-gpu] prepared pair buffers: n_diploid=5258 n_pairs=168193 n_block_keys=326510 n_steps=100
[I::fdg-gpu] blocklist CSR ready: edges=326510 avg_deg=62.10 max_deg=158
[M::hk_bmap_gen] generated 5258 beads
[M::hk_bmap_gen] 162983 bin pairs
[M::blind-gpu] prepared pair buffers: n_diploid=5258 n_pairs=168187 n_block_keys=326494 n_steps=100
[I::fdg-gpu] blocklist CSR ready: edges=326494 avg_deg=62.09 max_deg=158
[M::hk_bmap_gen] generated 5258 beads
[M::hk_bmap_gen] 162970 bin pairs
[M::blind-gpu] prepared pair buffers: n_diploid=5258 n_pairs=168168 n_block_keys=326458 n_steps=100
[I::fdg-gpu] blocklist CSR ready: edges=326458 avg_deg=62.09 max_deg=158
[M::hk_bmap_gen] generated 5258 beads
[M::hk_bmap_gen] 162929 bin pairs
[M::blind-gpu] prepared pair buffers: n_diploid=5258 n_pairs=168135 n_block_keys=326394 n_steps=100
[I::fdg-gpu] blocklist CSR ready: edges=326394 avg_deg=62.08 max_deg=158
[M::hk_bmap_gen] generated 5258 beads
[M::hk_bmap_gen] 162909 bin pairs
[M::blind-gpu] prepared pair buffers: n_diploid=5258 n_pairs=168115 n_block_keys=326354 n_steps=100
[I::fdg-gpu] blocklist CSR ready: edges=326354 avg_deg=62.07 max_deg=157
[M::hk_bmap_gen] generated 5258 beads
[M::hk_bmap_gen] 162909 bin pairs
[M::blind-gpu] prepared pair buffers: n_diploid=5258 n_pairs=168116 n_block_keys=326356 n_steps=100
[I::fdg-gpu] blocklist CSR ready: edges=326356 avg_deg=62.07 max_deg=157
[M::hk_bmap_gen] generated 5258 beads
[M::hk_bmap_gen] 162859 bin pairs
[M::blind-gpu] prepared pair buffers: n_diploid=5258 n_pairs=168067 n_block_keys=326262 n_steps=100
[I::fdg-gpu] blocklist CSR ready: edges=326262 avg_deg=62.05 max_deg=157
[M::hk_bmap_gen] generated 5258 beads
[M::hk_bmap_gen] 162855 bin pairs
[M::blind-gpu] prepared pair buffers: n_diploid=5258 n_pairs=168065 n_block_keys=326260 n_steps=100
[I::fdg-gpu] blocklist CSR ready: edges=326260 avg_deg=62.05 max_deg=157
[M::hk_bmap_gen] generated 5258 beads
[M::hk_bmap_gen] 162836 bin pairs
[M::blind-gpu] prepared pair buffers: n_diploid=5258 n_pairs=168047 n_block_keys=326224 n_steps=100
[I::fdg-gpu] blocklist CSR ready: edges=326224 avg_deg=62.04 max_deg=157
[M::hk_bmap_gen] generated 5258 beads
[M::hk_bmap_gen] 162823 bin pairs
[M::blind-gpu] prepared pair buffers: n_diploid=5258 n_pairs=168034 n_block_keys=326198 n_steps=100
[I::fdg-gpu] blocklist CSR ready: edges=326198 avg_deg=62.04 max_deg=157
[M::hk_bmap_gen] generated 5258 beads
[M::hk_bmap_gen] 162790 bin pairs
[M::blind-gpu] prepared pair buffers: n_diploid=5258 n_pairs=168000 n_block_keys=326128 n_steps=100
[I::fdg-gpu] blocklist CSR ready: edges=326128 avg_deg=62.03 max_deg=157
[M::hk_bmap_gen] generated 5258 beads
[M::hk_bmap_gen] 162739 bin pairs
[M::blind-gpu] prepared pair buffers: n_diploid=5258 n_pairs=167950 n_block_keys=326026 n_steps=100
[I::fdg-gpu] blocklist CSR ready: edges=326026 avg_deg=62.01 max_deg=157
[M::hk_bmap_gen] generated 5258 beads
[M::hk_bmap_gen] 162682 bin pairs
[M::blind-gpu] prepared pair buffers: n_diploid=5258 n_pairs=167893 n_block_keys=325908 n_steps=100
[I::fdg-gpu] blocklist CSR ready: edges=325908 avg_deg=61.98 max_deg=157
[M::hk_bmap_gen] generated 5258 beads
[M::hk_bmap_gen] 162624 bin pairs
[M::blind-gpu] prepared pair buffers: n_diploid=5258 n_pairs=167839 n_block_keys=325800 n_steps=100
[I::fdg-gpu] blocklist CSR ready: edges=325800 avg_deg=61.96 max_deg=157
[M::hk_bmap_gen] generated 5258 beads
[M::hk_bmap_gen] 162601 bin pairs
[M::blind-gpu] prepared pair buffers: n_diploid=5258 n_pairs=167817 n_block_keys=325754 n_steps=100
[I::fdg-gpu] blocklist CSR ready: edges=325754 avg_deg=61.95 max_deg=157
[M::hk_bmap_gen] generated 5258 beads
[M::hk_bmap_gen] 162624 bin pairs
[M::blind-gpu] prepared pair buffers: n_diploid=5258 n_pairs=167839 n_block_keys=325798 n_steps=100
[I::fdg-gpu] blocklist CSR ready: edges=325798 avg_deg=61.96 max_deg=157
[M::hk_bmap_gen] generated 5258 beads
[M::hk_bmap_gen] 162615 bin pairs
[M::blind-gpu] prepared pair buffers: n_diploid=5258 n_pairs=167831 n_block_keys=325782 n_steps=100
[I::fdg-gpu] blocklist CSR ready: edges=325782 avg_deg=61.96 max_deg=157
[M::hk_bmap_gen] generated 5258 beads
[M::hk_bmap_gen] 162549 bin pairs
[M::blind-gpu] prepared pair buffers: n_diploid=5258 n_pairs=167764 n_block_keys=325646 n_steps=100
[I::fdg-gpu] blocklist CSR ready: edges=325646 avg_deg=61.93 max_deg=157
[M::hk_bmap_gen] generated 5258 beads
[M::hk_bmap_gen] 162512 bin pairs
[M::blind-gpu] prepared pair buffers: n_diploid=5258 n_pairs=167725 n_block_keys=325566 n_steps=100
[I::fdg-gpu] blocklist CSR ready: edges=325566 avg_deg=61.92 max_deg=157
[M::hk_bmap_gen] generated 5258 beads
[M::hk_bmap_gen] 162524 bin pairs
[M::blind-gpu] prepared pair buffers: n_diploid=5258 n_pairs=167737 n_block_keys=325594 n_steps=100
[I::fdg-gpu] blocklist CSR ready: edges=325594 avg_deg=61.92 max_deg=157
[M::hk_bmap_gen] generated 5258 beads
[M::hk_bmap_gen] 162473 bin pairs
[M::blind-gpu] prepared pair buffers: n_diploid=5258 n_pairs=167684 n_block_keys=325486 n_steps=100
[I::fdg-gpu] blocklist CSR ready: edges=325486 avg_deg=61.90 max_deg=157
[M::hk_bmap_gen] generated 5258 beads
[M::hk_bmap_gen] 162441 bin pairs
[M::blind-gpu] prepared pair buffers: n_diploid=5258 n_pairs=167652 n_block_keys=325424 n_steps=100
[I::fdg-gpu] blocklist CSR ready: edges=325424 avg_deg=61.89 max_deg=157
[M::hk_bmap_gen] generated 5258 beads
[M::hk_bmap_gen] 162405 bin pairs
[M::blind-gpu] prepared pair buffers: n_diploid=5258 n_pairs=167615 n_block_keys=325354 n_steps=100
[I::fdg-gpu] blocklist CSR ready: edges=325354 avg_deg=61.88 max_deg=157
[M::hk_bmap_gen] generated 5258 beads
[M::hk_bmap_gen] 162364 bin pairs
[M::blind-gpu] prepared pair buffers: n_diploid=5258 n_pairs=167576 n_block_keys=325278 n_steps=100
[I::fdg-gpu] blocklist CSR ready: edges=325278 avg_deg=61.86 max_deg=157
[M::hk_bmap_gen] generated 5258 beads
[M::hk_bmap_gen] 162328 bin pairs
[M::blind-gpu] prepared pair buffers: n_diploid=5258 n_pairs=167536 n_block_keys=325198 n_steps=100
[I::fdg-gpu] blocklist CSR ready: edges=325198 avg_deg=61.85 max_deg=157
[M::hk_bmap_gen] generated 5258 beads
[M::hk_bmap_gen] 162279 bin pairs
[M::blind-gpu] prepared pair buffers: n_diploid=5258 n_pairs=167492 n_block_keys=325110 n_steps=100
[I::fdg-gpu] blocklist CSR ready: edges=325110 avg_deg=61.83 max_deg=157
[M::hk_bmap_gen] generated 5258 beads
[M::hk_bmap_gen] 162239 bin pairs
[M::blind-gpu] prepared pair buffers: n_diploid=5258 n_pairs=167449 n_block_keys=325026 n_steps=100
[I::fdg-gpu] blocklist CSR ready: edges=325026 avg_deg=61.82 max_deg=157
[M::hk_bmap_gen] generated 5258 beads
[M::hk_bmap_gen] 162169 bin pairs
[M::blind-gpu] prepared pair buffers: n_diploid=5258 n_pairs=167378 n_block_keys=324882 n_steps=100
[I::fdg-gpu] blocklist CSR ready: edges=324882 avg_deg=61.79 max_deg=157
[M::hk_bmap_gen] generated 5258 beads
[M::hk_bmap_gen] 162142 bin pairs
[M::blind-gpu] prepared pair buffers: n_diploid=5258 n_pairs=167356 n_block_keys=324836 n_steps=100
[I::fdg-gpu] blocklist CSR ready: edges=324836 avg_deg=61.78 max_deg=157
[M::hk_bmap_gen] generated 5258 beads
[M::hk_bmap_gen] 162106 bin pairs
[M::blind-gpu] prepared pair buffers: n_diploid=5258 n_pairs=167314 n_block_keys=324752 n_steps=100
[I::fdg-gpu] blocklist CSR ready: edges=324752 avg_deg=61.76 max_deg=157
[M::hk_bmap_gen] generated 5258 beads
[M::hk_bmap_gen] 162101 bin pairs
[M::blind-gpu] prepared pair buffers: n_diploid=5258 n_pairs=167310 n_block_keys=324742 n_steps=100
[I::fdg-gpu] blocklist CSR ready: edges=324742 avg_deg=61.76 max_deg=157
[M::hk_bmap_gen] generated 5258 beads
[M::hk_bmap_gen] 162069 bin pairs
[M::blind-gpu] prepared pair buffers: n_diploid=5258 n_pairs=167282 n_block_keys=324690 n_steps=100
[I::fdg-gpu] blocklist CSR ready: edges=324690 avg_deg=61.75 max_deg=157
[M::hk_bmap_gen] generated 5258 beads
[M::hk_bmap_gen] 162021 bin pairs
[M::blind-gpu] prepared pair buffers: n_diploid=5258 n_pairs=167233 n_block_keys=324590 n_steps=100
[I::fdg-gpu] blocklist CSR ready: edges=324590 avg_deg=61.73 max_deg=157
[M::hk_bmap_gen] generated 5258 beads
[M::hk_bmap_gen] 161994 bin pairs
[M::blind-gpu] prepared pair buffers: n_diploid=5258 n_pairs=167207 n_block_keys=324540 n_steps=100
[I::fdg-gpu] blocklist CSR ready: edges=324540 avg_deg=61.72 max_deg=157
[M::hk_bmap_gen] generated 5258 beads
[M::hk_bmap_gen] 161914 bin pairs
[M::blind-gpu] prepared pair buffers: n_diploid=5258 n_pairs=167130 n_block_keys=324390 n_steps=100
[I::fdg-gpu] blocklist CSR ready: edges=324390 avg_deg=61.69 max_deg=157
[M::hk_bmap_gen] generated 5258 beads
[M::hk_bmap_gen] 161846 bin pairs
[M::blind-gpu] prepared pair buffers: n_diploid=5258 n_pairs=167062 n_block_keys=324250 n_steps=100
[I::fdg-gpu] blocklist CSR ready: edges=324250 avg_deg=61.67 max_deg=157
[M::hk_bmap_gen] generated 5258 beads
[M::hk_bmap_gen] 161790 bin pairs
[M::blind-gpu] prepared pair buffers: n_diploid=5258 n_pairs=167005 n_block_keys=324138 n_steps=100
[I::fdg-gpu] blocklist CSR ready: edges=324138 avg_deg=61.65 max_deg=157
[M::hk_bmap_gen] generated 5258 beads
[M::hk_bmap_gen] 161722 bin pairs
[M::blind-gpu] prepared pair buffers: n_diploid=5258 n_pairs=166936 n_block_keys=324000 n_steps=100
[I::fdg-gpu] blocklist CSR ready: edges=324000 avg_deg=61.62 max_deg=157
[M::hk_bmap_gen] generated 5258 beads
[M::hk_bmap_gen] 161662 bin pairs
[M::blind-gpu] prepared pair buffers: n_diploid=5258 n_pairs=166877 n_block_keys=323876 n_steps=100
[I::fdg-gpu] blocklist CSR ready: edges=323876 avg_deg=61.60 max_deg=157
[M::hk_bmap_gen] generated 5258 beads
[M::hk_bmap_gen] 161655 bin pairs
[M::blind-gpu] prepared pair buffers: n_diploid=5258 n_pairs=166870 n_block_keys=323862 n_steps=100
[I::fdg-gpu] blocklist CSR ready: edges=323862 avg_deg=61.59 max_deg=157
[M::hk_bmap_gen] generated 5258 beads
[M::hk_bmap_gen] 161589 bin pairs
[M::blind-gpu] prepared pair buffers: n_diploid=5258 n_pairs=166806 n_block_keys=323736 n_steps=100
[I::fdg-gpu] blocklist CSR ready: edges=323736 avg_deg=61.57 max_deg=157
[M::hk_bmap_gen] generated 5258 beads
[M::hk_bmap_gen] 161563 bin pairs
[M::blind-gpu] prepared pair buffers: n_diploid=5258 n_pairs=166780 n_block_keys=323682 n_steps=100
[I::fdg-gpu] blocklist CSR ready: edges=323682 avg_deg=61.56 max_deg=157
[M::hk_bmap_gen] generated 5258 beads
[M::hk_bmap_gen] 161532 bin pairs
[M::blind-gpu] prepared pair buffers: n_diploid=5258 n_pairs=166747 n_block_keys=323614 n_steps=100
[I::fdg-gpu] blocklist CSR ready: edges=323614 avg_deg=61.55 max_deg=157
[M::hk_bmap_gen] generated 5258 beads
[M::hk_bmap_gen] 161473 bin pairs
[M::blind-gpu] prepared pair buffers: n_diploid=5258 n_pairs=166689 n_block_keys=323498 n_steps=100
[I::fdg-gpu] blocklist CSR ready: edges=323498 avg_deg=61.52 max_deg=157
[M::hk_bmap_gen] generated 5258 beads
[M::hk_bmap_gen] 161421 bin pairs
[M::blind-gpu] prepared pair buffers: n_diploid=5258 n_pairs=166638 n_block_keys=323396 n_steps=100
[I::fdg-gpu] blocklist CSR ready: edges=323396 avg_deg=61.51 max_deg=157
[M::hk_bmap_gen] generated 5258 beads
[M::hk_bmap_gen] 161354 bin pairs
[M::blind-gpu] prepared pair buffers: n_diploid=5258 n_pairs=166571 n_block_keys=323264 n_steps=100
[I::fdg-gpu] blocklist CSR ready: edges=323264 avg_deg=61.48 max_deg=157
[M::hk_bmap_gen] generated 5258 beads
[M::hk_bmap_gen] 161301 bin pairs
[M::blind-gpu] prepared pair buffers: n_diploid=5258 n_pairs=166517 n_block_keys=323158 n_steps=100
[I::fdg-gpu] blocklist CSR ready: edges=323158 avg_deg=61.46 max_deg=157
[M::hk_bmap_gen] generated 5258 beads
[M::hk_bmap_gen] 161290 bin pairs
[M::blind-gpu] prepared pair buffers: n_diploid=5258 n_pairs=166503 n_block_keys=323134 n_steps=100
[I::fdg-gpu] blocklist CSR ready: edges=323134 avg_deg=61.46 max_deg=157
[M::hk_bmap_gen] generated 5258 beads
[M::hk_bmap_gen] 161226 bin pairs
[M::blind-gpu] prepared pair buffers: n_diploid=5258 n_pairs=166440 n_block_keys=323008 n_steps=100
[I::fdg-gpu] blocklist CSR ready: edges=323008 avg_deg=61.43 max_deg=157
[M::hk_bmap_gen] generated 5258 beads
[M::hk_bmap_gen] 161182 bin pairs
[M::blind-gpu] prepared pair buffers: n_diploid=5258 n_pairs=166394 n_block_keys=322916 n_steps=100
[I::fdg-gpu] blocklist CSR ready: edges=322916 avg_deg=61.41 max_deg=157
[M::hk_bmap_gen] generated 5258 beads
[M::hk_bmap_gen] 161151 bin pairs
[M::blind-gpu] prepared pair buffers: n_diploid=5258 n_pairs=166359 n_block_keys=322844 n_steps=100
[I::fdg-gpu] blocklist CSR ready: edges=322844 avg_deg=61.40 max_deg=157
[M::hk_bmap_gen] generated 5258 beads
[M::hk_bmap_gen] 161140 bin pairs
[M::blind-gpu] prepared pair buffers: n_diploid=5258 n_pairs=166349 n_block_keys=322824 n_steps=100
[I::fdg-gpu] blocklist CSR ready: edges=322824 avg_deg=61.40 max_deg=157
[M::hk_bmap_gen] generated 5258 beads
[M::hk_bmap_gen] 161120 bin pairs
[M::blind-gpu] prepared pair buffers: n_diploid=5258 n_pairs=166328 n_block_keys=322778 n_steps=100
[I::fdg-gpu] blocklist CSR ready: edges=322778 avg_deg=61.39 max_deg=156
[M::hk_bmap_gen] generated 5258 beads
[M::hk_bmap_gen] 161102 bin pairs
[M::blind-gpu] prepared pair buffers: n_diploid=5258 n_pairs=166311 n_block_keys=322746 n_steps=100
[I::fdg-gpu] blocklist CSR ready: edges=322746 avg_deg=61.38 max_deg=156
[M::hk_bmap_gen] generated 5258 beads
[M::hk_bmap_gen] 161082 bin pairs
[M::blind-gpu] prepared pair buffers: n_diploid=5258 n_pairs=166291 n_block_keys=322704 n_steps=100
[I::fdg-gpu] blocklist CSR ready: edges=322704 avg_deg=61.37 max_deg=156
[M::hk_bmap_gen] generated 5258 beads
[M::hk_bmap_gen] 161079 bin pairs
[M::blind-gpu] prepared pair buffers: n_diploid=5258 n_pairs=166286 n_block_keys=322698 n_steps=100
[I::fdg-gpu] blocklist CSR ready: edges=322698 avg_deg=61.37 max_deg=156
[M::hk_bmap_gen] generated 5258 beads
[M::hk_bmap_gen] 161041 bin pairs
[M::blind-gpu] prepared pair buffers: n_diploid=5258 n_pairs=166247 n_block_keys=322624 n_steps=100
[I::fdg-gpu] blocklist CSR ready: edges=322624 avg_deg=61.36 max_deg=156
[M::hk_bmap_gen] generated 5258 beads
[M::hk_bmap_gen] 161021 bin pairs
[M::blind-gpu] prepared pair buffers: n_diploid=5258 n_pairs=166231 n_block_keys=322592 n_steps=100
[I::fdg-gpu] blocklist CSR ready: edges=322592 avg_deg=61.35 max_deg=156
[M::hk_bmap_gen] generated 5258 beads
[M::hk_bmap_gen] 160965 bin pairs
[M::blind-gpu] prepared pair buffers: n_diploid=5258 n_pairs=166176 n_block_keys=322480 n_steps=100
[I::fdg-gpu] blocklist CSR ready: edges=322480 avg_deg=61.33 max_deg=155
[M::hk_bmap_gen] generated 5258 beads
[M::hk_bmap_gen] 160919 bin pairs
[M::blind-gpu] prepared pair buffers: n_diploid=5258 n_pairs=166131 n_block_keys=322390 n_steps=100
[I::fdg-gpu] blocklist CSR ready: edges=322390 avg_deg=61.31 max_deg=155
minimal P9016[1m]: write outputs to /mnt/ssd/zliu/phase3/test_res/016-20260618_150851-p9016_charm_contacts_condition_sweep_1m/work_outputs/1pr/p9016_charm3dg20k_1pr_pcgamma0p5_msep1_lsep1_ieps0p5_noise0/p9016_charm3dg20k_1pr_pcgamma0p5_msep1_lsep1_ieps0p5_noise0
[M::hk_bmap_gen] generated 5258 beads
[M::hk_bmap_gen] 160875 bin pairs
minimal P9016[1m]: status=OK final_entropy=0.92020905 final_pU=0.66379052
minimal P9016: summary /mnt/ssd/zliu/phase3/test_res/016-20260618_150851-p9016_charm_contacts_condition_sweep_1m/work_outputs/1pr/p9016_charm3dg20k_1pr_pcgamma0p5_msep1_lsep1_ieps0p5_noise0/matrix_summary.tsv
