minimal P9016: input=/mnt/ssd/zliu/phase3/test_res/016-20260618_150851-p9016_charm_contacts_condition_sweep_1m/synthetic_pairs/p9016_charm3dg20k_1pr_contacts.pairs.gz output_root=/mnt/ssd/zliu/phase3/test_res/016-20260618_150851-p9016_charm_contacts_condition_sweep_1m/work_outputs/1pr/p9016_charm3dg20k_1pr_expected_alias_gamma1_ieps0p5_noise0 config=p9016_charm3dg20k_1pr_expected_alias_gamma1_ieps0p5_noise0 baseline=softall n_iter=100 relax_steps=100 relax_step=0.012 chain=0 init_mode=unphased_scaffold_split init_eps=0.5 init_noise=0 init_scale=10 init_seed=17 min_sep=0 lambda_sep=0 d_scale_mode=posterior_count d_scale_input=expected_count d_scale_formula=n_raw*posterior_prob^1 d_scale_gamma=1 d_scale_eps=0.001 relax_backend=gpu
minimal P9016: stage 1/1 name=1m bin_size_bp=1000000 parent=0
[M::hk_map_read] read 1265114 pairs
[M::hk_bmap_gen] generated 2629 beads
[M::hk_bmap_gen] 58703 bin pairs
minimal P9016[1m]: build binned contacts
minimal P9016[1m]: init mode=unphased_scaffold_split seed=17 scale=10
[M::hk_fdg] mid_dist:1000000 max_nei:2422
[M::hk_fdg1_cpu] iter:10 elapsed:0.10s rep_coef:0.2092 RMS_force:57.6141 n_rep:45.1948 energy:33.4130,14.2949,0.0044 dist:6.5074,12.9573,1.4848
[M::hk_fdg1_cpu] iter:20 elapsed:0.30s rep_coef:0.6615 RMS_force:44.4565 n_rep:161.4808 energy:9.5725,8.1119,0.0147 dist:3.7386,8.1890,1.4661
[M::hk_fdg1_cpu] iter:30 elapsed:0.81s rep_coef:0.9352 RMS_force:30.6015 n_rep:355.6698 energy:1.8459,4.1597,0.0226 dist:2.0825,5.0919,1.4352
[M::hk_fdg1_cpu] iter:40 elapsed:1.22s rep_coef:0.9907 RMS_force:23.8460 n_rep:90.4097 energy:0.3536,1.7976,0.0275 dist:1.2256,3.4605,1.3917
[M::hk_fdg1_cpu] iter:50 elapsed:1.43s rep_coef:0.9987 RMS_force:14.3544 n_rep:73.3682 energy:0.1024,0.9576,0.0323 dist:0.8004,2.6721,1.3439
minimal P9016[1m]: run softall, n_iter=100 relax_steps=100 relax_step=0.012 relax_backend=gpu
[M::hk_bmap_gen] generated 5258 beads
[M::hk_bmap_gen] 203555 bin pairs
[M::blind-gpu] prepared pair buffers: n_diploid=5258 n_pairs=208766 n_block_keys=407580 n_steps=100
[I::fdg-gpu] blocklist CSR ready: edges=407580 avg_deg=77.52 max_deg=164
[M::hk_bmap_gen] generated 5258 beads
[M::hk_bmap_gen] 195019 bin pairs
[M::blind-gpu] prepared pair buffers: n_diploid=5258 n_pairs=200233 n_block_keys=390516 n_steps=100
[I::fdg-gpu] blocklist CSR ready: edges=390516 avg_deg=74.27 max_deg=161
[M::hk_bmap_gen] generated 5258 beads
[M::hk_bmap_gen] 180868 bin pairs
[M::blind-gpu] prepared pair buffers: n_diploid=5258 n_pairs=186077 n_block_keys=362202 n_steps=100
[I::fdg-gpu] blocklist CSR ready: edges=362202 avg_deg=68.89 max_deg=160
[M::hk_bmap_gen] generated 5258 beads
[M::hk_bmap_gen] 169285 bin pairs
[M::blind-gpu] prepared pair buffers: n_diploid=5258 n_pairs=174491 n_block_keys=339032 n_steps=100
[I::fdg-gpu] blocklist CSR ready: edges=339032 avg_deg=64.48 max_deg=153
[M::hk_bmap_gen] generated 5258 beads
[M::hk_bmap_gen] 161392 bin pairs
[M::blind-gpu] prepared pair buffers: n_diploid=5258 n_pairs=166602 n_block_keys=323260 n_steps=100
[I::fdg-gpu] blocklist CSR ready: edges=323260 avg_deg=61.48 max_deg=149
[M::hk_bmap_gen] generated 5258 beads
[M::hk_bmap_gen] 156092 bin pairs
[M::blind-gpu] prepared pair buffers: n_diploid=5258 n_pairs=161305 n_block_keys=312672 n_steps=100
[I::fdg-gpu] blocklist CSR ready: edges=312672 avg_deg=59.47 max_deg=148
[M::hk_bmap_gen] generated 5258 beads
[M::hk_bmap_gen] 152135 bin pairs
[M::blind-gpu] prepared pair buffers: n_diploid=5258 n_pairs=157343 n_block_keys=304760 n_steps=100
[I::fdg-gpu] blocklist CSR ready: edges=304760 avg_deg=57.96 max_deg=146
[M::hk_bmap_gen] generated 5258 beads
[M::hk_bmap_gen] 149010 bin pairs
[M::blind-gpu] prepared pair buffers: n_diploid=5258 n_pairs=154223 n_block_keys=298542 n_steps=100
[I::fdg-gpu] blocklist CSR ready: edges=298542 avg_deg=56.78 max_deg=145
[M::hk_bmap_gen] generated 5258 beads
[M::hk_bmap_gen] 146574 bin pairs
[M::blind-gpu] prepared pair buffers: n_diploid=5258 n_pairs=151782 n_block_keys=293684 n_steps=100
[I::fdg-gpu] blocklist CSR ready: edges=293684 avg_deg=55.85 max_deg=143
[M::hk_bmap_gen] generated 5258 beads
[M::hk_bmap_gen] 144713 bin pairs
[M::blind-gpu] prepared pair buffers: n_diploid=5258 n_pairs=149920 n_block_keys=289960 n_steps=100
[I::fdg-gpu] blocklist CSR ready: edges=289960 avg_deg=55.15 max_deg=143
[M::hk_bmap_gen] generated 5258 beads
[M::hk_bmap_gen] 143139 bin pairs
[M::blind-gpu] prepared pair buffers: n_diploid=5258 n_pairs=148349 n_block_keys=286816 n_steps=100
[I::fdg-gpu] blocklist CSR ready: edges=286816 avg_deg=54.55 max_deg=143
[M::hk_bmap_gen] generated 5258 beads
[M::hk_bmap_gen] 141657 bin pairs
[M::blind-gpu] prepared pair buffers: n_diploid=5258 n_pairs=146865 n_block_keys=283858 n_steps=100
[I::fdg-gpu] blocklist CSR ready: edges=283858 avg_deg=53.99 max_deg=142
[M::hk_bmap_gen] generated 5258 beads
[M::hk_bmap_gen] 140251 bin pairs
[M::blind-gpu] prepared pair buffers: n_diploid=5258 n_pairs=145464 n_block_keys=281050 n_steps=100
[I::fdg-gpu] blocklist CSR ready: edges=281050 avg_deg=53.45 max_deg=141
[M::hk_bmap_gen] generated 5258 beads
[M::hk_bmap_gen] 139136 bin pairs
[M::blind-gpu] prepared pair buffers: n_diploid=5258 n_pairs=144348 n_block_keys=278822 n_steps=100
[I::fdg-gpu] blocklist CSR ready: edges=278822 avg_deg=53.03 max_deg=140
[M::hk_bmap_gen] generated 5258 beads
[M::hk_bmap_gen] 137995 bin pairs
[M::blind-gpu] prepared pair buffers: n_diploid=5258 n_pairs=143201 n_block_keys=276536 n_steps=100
[I::fdg-gpu] blocklist CSR ready: edges=276536 avg_deg=52.59 max_deg=139
[M::hk_bmap_gen] generated 5258 beads
[M::hk_bmap_gen] 137157 bin pairs
[M::blind-gpu] prepared pair buffers: n_diploid=5258 n_pairs=142365 n_block_keys=274864 n_steps=100
[I::fdg-gpu] blocklist CSR ready: edges=274864 avg_deg=52.28 max_deg=139
[M::hk_bmap_gen] generated 5258 beads
[M::hk_bmap_gen] 136245 bin pairs
[M::blind-gpu] prepared pair buffers: n_diploid=5258 n_pairs=141453 n_block_keys=273040 n_steps=100
[I::fdg-gpu] blocklist CSR ready: edges=273040 avg_deg=51.93 max_deg=139
[M::hk_bmap_gen] generated 5258 beads
[M::hk_bmap_gen] 135456 bin pairs
[M::blind-gpu] prepared pair buffers: n_diploid=5258 n_pairs=140661 n_block_keys=271464 n_steps=100
[I::fdg-gpu] blocklist CSR ready: edges=271464 avg_deg=51.63 max_deg=139
[M::hk_bmap_gen] generated 5258 beads
[M::hk_bmap_gen] 134794 bin pairs
[M::blind-gpu] prepared pair buffers: n_diploid=5258 n_pairs=140003 n_block_keys=270146 n_steps=100
[I::fdg-gpu] blocklist CSR ready: edges=270146 avg_deg=51.38 max_deg=140
[M::hk_bmap_gen] generated 5258 beads
[M::hk_bmap_gen] 134122 bin pairs
[M::blind-gpu] prepared pair buffers: n_diploid=5258 n_pairs=139329 n_block_keys=268794 n_steps=100
[I::fdg-gpu] blocklist CSR ready: edges=268794 avg_deg=51.12 max_deg=140
[M::hk_bmap_gen] generated 5258 beads
[M::hk_bmap_gen] 133535 bin pairs
[M::blind-gpu] prepared pair buffers: n_diploid=5258 n_pairs=138738 n_block_keys=267614 n_steps=100
[I::fdg-gpu] blocklist CSR ready: edges=267614 avg_deg=50.90 max_deg=140
[M::hk_bmap_gen] generated 5258 beads
[M::hk_bmap_gen] 132973 bin pairs
[M::blind-gpu] prepared pair buffers: n_diploid=5258 n_pairs=138178 n_block_keys=266494 n_steps=100
[I::fdg-gpu] blocklist CSR ready: edges=266494 avg_deg=50.68 max_deg=138
[M::hk_bmap_gen] generated 5258 beads
[M::hk_bmap_gen] 132484 bin pairs
[M::blind-gpu] prepared pair buffers: n_diploid=5258 n_pairs=137692 n_block_keys=265516 n_steps=100
[I::fdg-gpu] blocklist CSR ready: edges=265516 avg_deg=50.50 max_deg=139
[M::hk_bmap_gen] generated 5258 beads
[M::hk_bmap_gen] 131985 bin pairs
[M::blind-gpu] prepared pair buffers: n_diploid=5258 n_pairs=137196 n_block_keys=264524 n_steps=100
[I::fdg-gpu] blocklist CSR ready: edges=264524 avg_deg=50.31 max_deg=139
[M::hk_bmap_gen] generated 5258 beads
[M::hk_bmap_gen] 131525 bin pairs
[M::blind-gpu] prepared pair buffers: n_diploid=5258 n_pairs=136737 n_block_keys=263596 n_steps=100
[I::fdg-gpu] blocklist CSR ready: edges=263596 avg_deg=50.13 max_deg=139
[M::hk_bmap_gen] generated 5258 beads
[M::hk_bmap_gen] 131186 bin pairs
[M::blind-gpu] prepared pair buffers: n_diploid=5258 n_pairs=136400 n_block_keys=262922 n_steps=100
[I::fdg-gpu] blocklist CSR ready: edges=262922 avg_deg=50.00 max_deg=139
[M::hk_bmap_gen] generated 5258 beads
[M::hk_bmap_gen] 130815 bin pairs
[M::blind-gpu] prepared pair buffers: n_diploid=5258 n_pairs=136029 n_block_keys=262180 n_steps=100
[I::fdg-gpu] blocklist CSR ready: edges=262180 avg_deg=49.86 max_deg=140
[M::hk_bmap_gen] generated 5258 beads
[M::hk_bmap_gen] 130536 bin pairs
[M::blind-gpu] prepared pair buffers: n_diploid=5258 n_pairs=135749 n_block_keys=261624 n_steps=100
[I::fdg-gpu] blocklist CSR ready: edges=261624 avg_deg=49.76 max_deg=140
[M::hk_bmap_gen] generated 5258 beads
[M::hk_bmap_gen] 130259 bin pairs
[M::blind-gpu] prepared pair buffers: n_diploid=5258 n_pairs=135470 n_block_keys=261070 n_steps=100
[I::fdg-gpu] blocklist CSR ready: edges=261070 avg_deg=49.65 max_deg=140
[M::hk_bmap_gen] generated 5258 beads
[M::hk_bmap_gen] 129958 bin pairs
[M::blind-gpu] prepared pair buffers: n_diploid=5258 n_pairs=135173 n_block_keys=260476 n_steps=100
[I::fdg-gpu] blocklist CSR ready: edges=260476 avg_deg=49.54 max_deg=140
[M::hk_bmap_gen] generated 5258 beads
[M::hk_bmap_gen] 129730 bin pairs
[M::blind-gpu] prepared pair buffers: n_diploid=5258 n_pairs=134945 n_block_keys=260026 n_steps=100
[I::fdg-gpu] blocklist CSR ready: edges=260026 avg_deg=49.45 max_deg=139
[M::hk_bmap_gen] generated 5258 beads
[M::hk_bmap_gen] 129490 bin pairs
[M::blind-gpu] prepared pair buffers: n_diploid=5258 n_pairs=134703 n_block_keys=259546 n_steps=100
[I::fdg-gpu] blocklist CSR ready: edges=259546 avg_deg=49.36 max_deg=140
[M::hk_bmap_gen] generated 5258 beads
[M::hk_bmap_gen] 129278 bin pairs
[M::blind-gpu] prepared pair buffers: n_diploid=5258 n_pairs=134490 n_block_keys=259116 n_steps=100
[I::fdg-gpu] blocklist CSR ready: edges=259116 avg_deg=49.28 max_deg=140
[M::hk_bmap_gen] generated 5258 beads
[M::hk_bmap_gen] 128993 bin pairs
[M::blind-gpu] prepared pair buffers: n_diploid=5258 n_pairs=134204 n_block_keys=258550 n_steps=100
[I::fdg-gpu] blocklist CSR ready: edges=258550 avg_deg=49.17 max_deg=141
[M::hk_bmap_gen] generated 5258 beads
[M::hk_bmap_gen] 128744 bin pairs
[M::blind-gpu] prepared pair buffers: n_diploid=5258 n_pairs=133956 n_block_keys=258060 n_steps=100
[I::fdg-gpu] blocklist CSR ready: edges=258060 avg_deg=49.08 max_deg=139
[M::hk_bmap_gen] generated 5258 beads
[M::hk_bmap_gen] 128463 bin pairs
[M::blind-gpu] prepared pair buffers: n_diploid=5258 n_pairs=133674 n_block_keys=257494 n_steps=100
[I::fdg-gpu] blocklist CSR ready: edges=257494 avg_deg=48.97 max_deg=139
[M::hk_bmap_gen] generated 5258 beads
[M::hk_bmap_gen] 128287 bin pairs
[M::blind-gpu] prepared pair buffers: n_diploid=5258 n_pairs=133495 n_block_keys=257132 n_steps=100
[I::fdg-gpu] blocklist CSR ready: edges=257132 avg_deg=48.90 max_deg=139
[M::hk_bmap_gen] generated 5258 beads
[M::hk_bmap_gen] 128121 bin pairs
[M::blind-gpu] prepared pair buffers: n_diploid=5258 n_pairs=133329 n_block_keys=256806 n_steps=100
[I::fdg-gpu] blocklist CSR ready: edges=256806 avg_deg=48.84 max_deg=139
[M::hk_bmap_gen] generated 5258 beads
[M::hk_bmap_gen] 127904 bin pairs
[M::blind-gpu] prepared pair buffers: n_diploid=5258 n_pairs=133116 n_block_keys=256380 n_steps=100
[I::fdg-gpu] blocklist CSR ready: edges=256380 avg_deg=48.76 max_deg=139
[M::hk_bmap_gen] generated 5258 beads
[M::hk_bmap_gen] 127687 bin pairs
[M::blind-gpu] prepared pair buffers: n_diploid=5258 n_pairs=132901 n_block_keys=255954 n_steps=100
[I::fdg-gpu] blocklist CSR ready: edges=255954 avg_deg=48.68 max_deg=139
[M::hk_bmap_gen] generated 5258 beads
[M::hk_bmap_gen] 127509 bin pairs
[M::blind-gpu] prepared pair buffers: n_diploid=5258 n_pairs=132724 n_block_keys=255604 n_steps=100
[I::fdg-gpu] blocklist CSR ready: edges=255604 avg_deg=48.61 max_deg=138
[M::hk_bmap_gen] generated 5258 beads
[M::hk_bmap_gen] 127333 bin pairs
[M::blind-gpu] prepared pair buffers: n_diploid=5258 n_pairs=132549 n_block_keys=255258 n_steps=100
[I::fdg-gpu] blocklist CSR ready: edges=255258 avg_deg=48.55 max_deg=138
[M::hk_bmap_gen] generated 5258 beads
[M::hk_bmap_gen] 127077 bin pairs
[M::blind-gpu] prepared pair buffers: n_diploid=5258 n_pairs=132288 n_block_keys=254740 n_steps=100
[I::fdg-gpu] blocklist CSR ready: edges=254740 avg_deg=48.45 max_deg=138
[M::hk_bmap_gen] generated 5258 beads
[M::hk_bmap_gen] 126887 bin pairs
[M::blind-gpu] prepared pair buffers: n_diploid=5258 n_pairs=132099 n_block_keys=254364 n_steps=100
[I::fdg-gpu] blocklist CSR ready: edges=254364 avg_deg=48.38 max_deg=138
[M::hk_bmap_gen] generated 5258 beads
[M::hk_bmap_gen] 126729 bin pairs
[M::blind-gpu] prepared pair buffers: n_diploid=5258 n_pairs=131943 n_block_keys=254054 n_steps=100
[I::fdg-gpu] blocklist CSR ready: edges=254054 avg_deg=48.32 max_deg=140
[M::hk_bmap_gen] generated 5258 beads
[M::hk_bmap_gen] 126493 bin pairs
[M::blind-gpu] prepared pair buffers: n_diploid=5258 n_pairs=131704 n_block_keys=253576 n_steps=100
[I::fdg-gpu] blocklist CSR ready: edges=253576 avg_deg=48.23 max_deg=141
[M::hk_bmap_gen] generated 5258 beads
[M::hk_bmap_gen] 126279 bin pairs
[M::blind-gpu] prepared pair buffers: n_diploid=5258 n_pairs=131492 n_block_keys=253152 n_steps=100
[I::fdg-gpu] blocklist CSR ready: edges=253152 avg_deg=48.15 max_deg=141
[M::hk_bmap_gen] generated 5258 beads
[M::hk_bmap_gen] 126141 bin pairs
[M::blind-gpu] prepared pair buffers: n_diploid=5258 n_pairs=131353 n_block_keys=252866 n_steps=100
[I::fdg-gpu] blocklist CSR ready: edges=252866 avg_deg=48.09 max_deg=141
[M::hk_bmap_gen] generated 5258 beads
[M::hk_bmap_gen] 126035 bin pairs
[M::blind-gpu] prepared pair buffers: n_diploid=5258 n_pairs=131245 n_block_keys=252650 n_steps=100
[I::fdg-gpu] blocklist CSR ready: edges=252650 avg_deg=48.05 max_deg=142
[M::hk_bmap_gen] generated 5258 beads
[M::hk_bmap_gen] 125894 bin pairs
[M::blind-gpu] prepared pair buffers: n_diploid=5258 n_pairs=131103 n_block_keys=252366 n_steps=100
[I::fdg-gpu] blocklist CSR ready: edges=252366 avg_deg=48.00 max_deg=142
[M::hk_bmap_gen] generated 5258 beads
[M::hk_bmap_gen] 125696 bin pairs
[M::blind-gpu] prepared pair buffers: n_diploid=5258 n_pairs=130906 n_block_keys=251972 n_steps=100
[I::fdg-gpu] blocklist CSR ready: edges=251972 avg_deg=47.92 max_deg=142
[M::hk_bmap_gen] generated 5258 beads
[M::hk_bmap_gen] 125457 bin pairs
[M::blind-gpu] prepared pair buffers: n_diploid=5258 n_pairs=130665 n_block_keys=251494 n_steps=100
[I::fdg-gpu] blocklist CSR ready: edges=251494 avg_deg=47.83 max_deg=141
[M::hk_bmap_gen] generated 5258 beads
[M::hk_bmap_gen] 125165 bin pairs
[M::blind-gpu] prepared pair buffers: n_diploid=5258 n_pairs=130375 n_block_keys=250916 n_steps=100
[I::fdg-gpu] blocklist CSR ready: edges=250916 avg_deg=47.72 max_deg=141
[M::hk_bmap_gen] generated 5258 beads
[M::hk_bmap_gen] 124900 bin pairs
[M::blind-gpu] prepared pair buffers: n_diploid=5258 n_pairs=130109 n_block_keys=250386 n_steps=100
[I::fdg-gpu] blocklist CSR ready: edges=250386 avg_deg=47.62 max_deg=141
[M::hk_bmap_gen] generated 5258 beads
[M::hk_bmap_gen] 124715 bin pairs
[M::blind-gpu] prepared pair buffers: n_diploid=5258 n_pairs=129922 n_block_keys=250014 n_steps=100
[I::fdg-gpu] blocklist CSR ready: edges=250014 avg_deg=47.55 max_deg=141
[M::hk_bmap_gen] generated 5258 beads
[M::hk_bmap_gen] 124619 bin pairs
[M::blind-gpu] prepared pair buffers: n_diploid=5258 n_pairs=129826 n_block_keys=249832 n_steps=100
[I::fdg-gpu] blocklist CSR ready: edges=249832 avg_deg=47.51 max_deg=141
[M::hk_bmap_gen] generated 5258 beads
[M::hk_bmap_gen] 124423 bin pairs
[M::blind-gpu] prepared pair buffers: n_diploid=5258 n_pairs=129629 n_block_keys=249442 n_steps=100
[I::fdg-gpu] blocklist CSR ready: edges=249442 avg_deg=47.44 max_deg=141
[M::hk_bmap_gen] generated 5258 beads
[M::hk_bmap_gen] 124280 bin pairs
[M::blind-gpu] prepared pair buffers: n_diploid=5258 n_pairs=129488 n_block_keys=249164 n_steps=100
[I::fdg-gpu] blocklist CSR ready: edges=249164 avg_deg=47.39 max_deg=141
[M::hk_bmap_gen] generated 5258 beads
[M::hk_bmap_gen] 124100 bin pairs
[M::blind-gpu] prepared pair buffers: n_diploid=5258 n_pairs=129306 n_block_keys=248802 n_steps=100
[I::fdg-gpu] blocklist CSR ready: edges=248802 avg_deg=47.32 max_deg=140
[M::hk_bmap_gen] generated 5258 beads
[M::hk_bmap_gen] 123958 bin pairs
[M::blind-gpu] prepared pair buffers: n_diploid=5258 n_pairs=129164 n_block_keys=248516 n_steps=100
[I::fdg-gpu] blocklist CSR ready: edges=248516 avg_deg=47.26 max_deg=140
[M::hk_bmap_gen] generated 5258 beads
[M::hk_bmap_gen] 123837 bin pairs
[M::blind-gpu] prepared pair buffers: n_diploid=5258 n_pairs=129042 n_block_keys=248276 n_steps=100
[I::fdg-gpu] blocklist CSR ready: edges=248276 avg_deg=47.22 max_deg=140
[M::hk_bmap_gen] generated 5258 beads
[M::hk_bmap_gen] 123730 bin pairs
[M::blind-gpu] prepared pair buffers: n_diploid=5258 n_pairs=128937 n_block_keys=248066 n_steps=100
[I::fdg-gpu] blocklist CSR ready: edges=248066 avg_deg=47.18 max_deg=140
[M::hk_bmap_gen] generated 5258 beads
[M::hk_bmap_gen] 123645 bin pairs
[M::blind-gpu] prepared pair buffers: n_diploid=5258 n_pairs=128852 n_block_keys=247896 n_steps=100
[I::fdg-gpu] blocklist CSR ready: edges=247896 avg_deg=47.15 max_deg=140
[M::hk_bmap_gen] generated 5258 beads
[M::hk_bmap_gen] 123595 bin pairs
[M::blind-gpu] prepared pair buffers: n_diploid=5258 n_pairs=128806 n_block_keys=247806 n_steps=100
[I::fdg-gpu] blocklist CSR ready: edges=247806 avg_deg=47.13 max_deg=138
[M::hk_bmap_gen] generated 5258 beads
[M::hk_bmap_gen] 123515 bin pairs
[M::blind-gpu] prepared pair buffers: n_diploid=5258 n_pairs=128725 n_block_keys=247644 n_steps=100
[I::fdg-gpu] blocklist CSR ready: edges=247644 avg_deg=47.10 max_deg=138
[M::hk_bmap_gen] generated 5258 beads
[M::hk_bmap_gen] 123435 bin pairs
[M::blind-gpu] prepared pair buffers: n_diploid=5258 n_pairs=128645 n_block_keys=247482 n_steps=100
[I::fdg-gpu] blocklist CSR ready: edges=247482 avg_deg=47.07 max_deg=138
[M::hk_bmap_gen] generated 5258 beads
[M::hk_bmap_gen] 123359 bin pairs
[M::blind-gpu] prepared pair buffers: n_diploid=5258 n_pairs=128571 n_block_keys=247332 n_steps=100
[I::fdg-gpu] blocklist CSR ready: edges=247332 avg_deg=47.04 max_deg=138
[M::hk_bmap_gen] generated 5258 beads
[M::hk_bmap_gen] 123281 bin pairs
[M::blind-gpu] prepared pair buffers: n_diploid=5258 n_pairs=128493 n_block_keys=247178 n_steps=100
[I::fdg-gpu] blocklist CSR ready: edges=247178 avg_deg=47.01 max_deg=138
[M::hk_bmap_gen] generated 5258 beads
[M::hk_bmap_gen] 123220 bin pairs
[M::blind-gpu] prepared pair buffers: n_diploid=5258 n_pairs=128431 n_block_keys=247054 n_steps=100
[I::fdg-gpu] blocklist CSR ready: edges=247054 avg_deg=46.99 max_deg=138
[M::hk_bmap_gen] generated 5258 beads
[M::hk_bmap_gen] 123156 bin pairs
[M::blind-gpu] prepared pair buffers: n_diploid=5258 n_pairs=128369 n_block_keys=246930 n_steps=100
[I::fdg-gpu] blocklist CSR ready: edges=246930 avg_deg=46.96 max_deg=137
[M::hk_bmap_gen] generated 5258 beads
[M::hk_bmap_gen] 123111 bin pairs
[M::blind-gpu] prepared pair buffers: n_diploid=5258 n_pairs=128324 n_block_keys=246840 n_steps=100
[I::fdg-gpu] blocklist CSR ready: edges=246840 avg_deg=46.95 max_deg=137
[M::hk_bmap_gen] generated 5258 beads
[M::hk_bmap_gen] 123034 bin pairs
[M::blind-gpu] prepared pair buffers: n_diploid=5258 n_pairs=128247 n_block_keys=246688 n_steps=100
[I::fdg-gpu] blocklist CSR ready: edges=246688 avg_deg=46.92 max_deg=137
[M::hk_bmap_gen] generated 5258 beads
[M::hk_bmap_gen] 122979 bin pairs
[M::blind-gpu] prepared pair buffers: n_diploid=5258 n_pairs=128190 n_block_keys=246572 n_steps=100
[I::fdg-gpu] blocklist CSR ready: edges=246572 avg_deg=46.89 max_deg=137
[M::hk_bmap_gen] generated 5258 beads
[M::hk_bmap_gen] 122894 bin pairs
[M::blind-gpu] prepared pair buffers: n_diploid=5258 n_pairs=128101 n_block_keys=246390 n_steps=100
[I::fdg-gpu] blocklist CSR ready: edges=246390 avg_deg=46.86 max_deg=137
[M::hk_bmap_gen] generated 5258 beads
[M::hk_bmap_gen] 122776 bin pairs
[M::blind-gpu] prepared pair buffers: n_diploid=5258 n_pairs=127987 n_block_keys=246164 n_steps=100
[I::fdg-gpu] blocklist CSR ready: edges=246164 avg_deg=46.82 max_deg=137
[M::hk_bmap_gen] generated 5258 beads
[M::hk_bmap_gen] 122672 bin pairs
[M::blind-gpu] prepared pair buffers: n_diploid=5258 n_pairs=127883 n_block_keys=245958 n_steps=100
[I::fdg-gpu] blocklist CSR ready: edges=245958 avg_deg=46.78 max_deg=137
[M::hk_bmap_gen] generated 5258 beads
[M::hk_bmap_gen] 122556 bin pairs
[M::blind-gpu] prepared pair buffers: n_diploid=5258 n_pairs=127766 n_block_keys=245728 n_steps=100
[I::fdg-gpu] blocklist CSR ready: edges=245728 avg_deg=46.73 max_deg=137
[M::hk_bmap_gen] generated 5258 beads
[M::hk_bmap_gen] 122453 bin pairs
[M::blind-gpu] prepared pair buffers: n_diploid=5258 n_pairs=127663 n_block_keys=245526 n_steps=100
[I::fdg-gpu] blocklist CSR ready: edges=245526 avg_deg=46.70 max_deg=137
[M::hk_bmap_gen] generated 5258 beads
[M::hk_bmap_gen] 122375 bin pairs
[M::blind-gpu] prepared pair buffers: n_diploid=5258 n_pairs=127587 n_block_keys=245376 n_steps=100
[I::fdg-gpu] blocklist CSR ready: edges=245376 avg_deg=46.67 max_deg=137
[M::hk_bmap_gen] generated 5258 beads
[M::hk_bmap_gen] 122214 bin pairs
[M::blind-gpu] prepared pair buffers: n_diploid=5258 n_pairs=127427 n_block_keys=245054 n_steps=100
[I::fdg-gpu] blocklist CSR ready: edges=245054 avg_deg=46.61 max_deg=136
[M::hk_bmap_gen] generated 5258 beads
[M::hk_bmap_gen] 122145 bin pairs
[M::blind-gpu] prepared pair buffers: n_diploid=5258 n_pairs=127358 n_block_keys=244914 n_steps=100
[I::fdg-gpu] blocklist CSR ready: edges=244914 avg_deg=46.58 max_deg=136
[M::hk_bmap_gen] generated 5258 beads
[M::hk_bmap_gen] 122066 bin pairs
[M::blind-gpu] prepared pair buffers: n_diploid=5258 n_pairs=127278 n_block_keys=244744 n_steps=100
[I::fdg-gpu] blocklist CSR ready: edges=244744 avg_deg=46.55 max_deg=136
[M::hk_bmap_gen] generated 5258 beads
[M::hk_bmap_gen] 121960 bin pairs
[M::blind-gpu] prepared pair buffers: n_diploid=5258 n_pairs=127171 n_block_keys=244530 n_steps=100
[I::fdg-gpu] blocklist CSR ready: edges=244530 avg_deg=46.51 max_deg=136
[M::hk_bmap_gen] generated 5258 beads
[M::hk_bmap_gen] 121844 bin pairs
[M::blind-gpu] prepared pair buffers: n_diploid=5258 n_pairs=127053 n_block_keys=244292 n_steps=100
[I::fdg-gpu] blocklist CSR ready: edges=244292 avg_deg=46.46 max_deg=136
[M::hk_bmap_gen] generated 5258 beads
[M::hk_bmap_gen] 121707 bin pairs
[M::blind-gpu] prepared pair buffers: n_diploid=5258 n_pairs=126914 n_block_keys=244012 n_steps=100
[I::fdg-gpu] blocklist CSR ready: edges=244012 avg_deg=46.41 max_deg=135
[M::hk_bmap_gen] generated 5258 beads
[M::hk_bmap_gen] 121594 bin pairs
[M::blind-gpu] prepared pair buffers: n_diploid=5258 n_pairs=126802 n_block_keys=243788 n_steps=100
[I::fdg-gpu] blocklist CSR ready: edges=243788 avg_deg=46.37 max_deg=133
[M::hk_bmap_gen] generated 5258 beads
[M::hk_bmap_gen] 121528 bin pairs
[M::blind-gpu] prepared pair buffers: n_diploid=5258 n_pairs=126738 n_block_keys=243658 n_steps=100
[I::fdg-gpu] blocklist CSR ready: edges=243658 avg_deg=46.34 max_deg=133
[M::hk_bmap_gen] generated 5258 beads
[M::hk_bmap_gen] 121423 bin pairs
[M::blind-gpu] prepared pair buffers: n_diploid=5258 n_pairs=126632 n_block_keys=243446 n_steps=100
[I::fdg-gpu] blocklist CSR ready: edges=243446 avg_deg=46.30 max_deg=133
[M::hk_bmap_gen] generated 5258 beads
[M::hk_bmap_gen] 121364 bin pairs
[M::blind-gpu] prepared pair buffers: n_diploid=5258 n_pairs=126571 n_block_keys=243324 n_steps=100
[I::fdg-gpu] blocklist CSR ready: edges=243324 avg_deg=46.28 max_deg=133
[M::hk_bmap_gen] generated 5258 beads
[M::hk_bmap_gen] 121295 bin pairs
[M::blind-gpu] prepared pair buffers: n_diploid=5258 n_pairs=126499 n_block_keys=243180 n_steps=100
[I::fdg-gpu] blocklist CSR ready: edges=243180 avg_deg=46.25 max_deg=133
[M::hk_bmap_gen] generated 5258 beads
[M::hk_bmap_gen] 121233 bin pairs
[M::blind-gpu] prepared pair buffers: n_diploid=5258 n_pairs=126437 n_block_keys=243056 n_steps=100
[I::fdg-gpu] blocklist CSR ready: edges=243056 avg_deg=46.23 max_deg=133
[M::hk_bmap_gen] generated 5258 beads
[M::hk_bmap_gen] 121138 bin pairs
[M::blind-gpu] prepared pair buffers: n_diploid=5258 n_pairs=126342 n_block_keys=242870 n_steps=100
[I::fdg-gpu] blocklist CSR ready: edges=242870 avg_deg=46.19 max_deg=133
[M::hk_bmap_gen] generated 5258 beads
[M::hk_bmap_gen] 121088 bin pairs
[M::blind-gpu] prepared pair buffers: n_diploid=5258 n_pairs=126293 n_block_keys=242774 n_steps=100
[I::fdg-gpu] blocklist CSR ready: edges=242774 avg_deg=46.17 max_deg=133
[M::hk_bmap_gen] generated 5258 beads
[M::hk_bmap_gen] 121028 bin pairs
[M::blind-gpu] prepared pair buffers: n_diploid=5258 n_pairs=126234 n_block_keys=242662 n_steps=100
[I::fdg-gpu] blocklist CSR ready: edges=242662 avg_deg=46.15 max_deg=133
[M::hk_bmap_gen] generated 5258 beads
[M::hk_bmap_gen] 121001 bin pairs
[M::blind-gpu] prepared pair buffers: n_diploid=5258 n_pairs=126207 n_block_keys=242606 n_steps=100
[I::fdg-gpu] blocklist CSR ready: edges=242606 avg_deg=46.14 max_deg=133
[M::hk_bmap_gen] generated 5258 beads
[M::hk_bmap_gen] 120940 bin pairs
[M::blind-gpu] prepared pair buffers: n_diploid=5258 n_pairs=126147 n_block_keys=242488 n_steps=100
[I::fdg-gpu] blocklist CSR ready: edges=242488 avg_deg=46.12 max_deg=133
[M::hk_bmap_gen] generated 5258 beads
[M::hk_bmap_gen] 120863 bin pairs
[M::blind-gpu] prepared pair buffers: n_diploid=5258 n_pairs=126072 n_block_keys=242334 n_steps=100
[I::fdg-gpu] blocklist CSR ready: edges=242334 avg_deg=46.09 max_deg=133
[M::hk_bmap_gen] generated 5258 beads
[M::hk_bmap_gen] 120806 bin pairs
[M::blind-gpu] prepared pair buffers: n_diploid=5258 n_pairs=126015 n_block_keys=242216 n_steps=100
[I::fdg-gpu] blocklist CSR ready: edges=242216 avg_deg=46.07 max_deg=130
[M::hk_bmap_gen] generated 5258 beads
[M::hk_bmap_gen] 120739 bin pairs
[M::blind-gpu] prepared pair buffers: n_diploid=5258 n_pairs=125949 n_block_keys=242084 n_steps=100
[I::fdg-gpu] blocklist CSR ready: edges=242084 avg_deg=46.04 max_deg=131
[M::hk_bmap_gen] generated 5258 beads
[M::hk_bmap_gen] 120676 bin pairs
[M::blind-gpu] prepared pair buffers: n_diploid=5258 n_pairs=125883 n_block_keys=241952 n_steps=100
[I::fdg-gpu] blocklist CSR ready: edges=241952 avg_deg=46.02 max_deg=131
minimal P9016[1m]: write outputs to /mnt/ssd/zliu/phase3/test_res/016-20260618_150851-p9016_charm_contacts_condition_sweep_1m/work_outputs/1pr/p9016_charm3dg20k_1pr_expected_alias_gamma1_ieps0p5_noise0/p9016_charm3dg20k_1pr_expected_alias_gamma1_ieps0p5_noise0
[M::hk_bmap_gen] generated 5258 beads
[M::hk_bmap_gen] 120632 bin pairs
minimal P9016[1m]: status=OK final_entropy=0.65783042 final_pU=0.47452435
minimal P9016: summary /mnt/ssd/zliu/phase3/test_res/016-20260618_150851-p9016_charm_contacts_condition_sweep_1m/work_outputs/1pr/p9016_charm3dg20k_1pr_expected_alias_gamma1_ieps0p5_noise0/matrix_summary.tsv
