minimal P9016: input=/mnt/ssd/zliu/phase3/test_res/016-20260618_150851-p9016_charm_contacts_condition_sweep_1m/synthetic_pairs/p9016_charm3dg20k_1pr_contacts.pairs.gz output_root=/mnt/ssd/zliu/phase3/test_res/016-20260618_150851-p9016_charm_contacts_condition_sweep_1m/work_outputs/1pr/p9016_charm3dg20k_1pr_expected_common_msep1p5_lsep0p5 config=p9016_charm3dg20k_1pr_expected_common_msep1p5_lsep0p5 baseline=softall n_iter=100 relax_steps=100 relax_step=0.012 chain=0 init_mode=unphased_scaffold_split init_eps=1 init_noise=0.050000001 init_scale=10 init_seed=17 min_sep=1.5 lambda_sep=0.5 d_scale_mode=posterior_count d_scale_input=expected_count d_scale_formula=n_raw*posterior_prob^1 d_scale_gamma=1 d_scale_eps=0.001 relax_backend=gpu
minimal P9016: stage 1/1 name=1m bin_size_bp=1000000 parent=0
[M::hk_map_read] read 1265114 pairs
[M::hk_bmap_gen] generated 2629 beads
[M::hk_bmap_gen] 58703 bin pairs
minimal P9016[1m]: build binned contacts
minimal P9016[1m]: init mode=unphased_scaffold_split seed=17 scale=10
[M::hk_fdg] mid_dist:1000000 max_nei:2422
[M::hk_fdg1_cpu] iter:10 elapsed:0.10s rep_coef:0.2092 RMS_force:57.6141 n_rep:45.1948 energy:33.4130,14.2949,0.0044 dist:6.5074,12.9573,1.4848
[M::hk_fdg1_cpu] iter:20 elapsed:0.30s rep_coef:0.6615 RMS_force:44.4565 n_rep:161.4808 energy:9.5725,8.1119,0.0147 dist:3.7386,8.1890,1.4661
[M::hk_fdg1_cpu] iter:30 elapsed:0.81s rep_coef:0.9352 RMS_force:30.6015 n_rep:355.6698 energy:1.8459,4.1597,0.0226 dist:2.0825,5.0919,1.4352
[M::hk_fdg1_cpu] iter:40 elapsed:1.22s rep_coef:0.9907 RMS_force:23.8460 n_rep:90.4097 energy:0.3536,1.7976,0.0275 dist:1.2256,3.4605,1.3917
[M::hk_fdg1_cpu] iter:50 elapsed:1.43s rep_coef:0.9987 RMS_force:14.3544 n_rep:73.3682 energy:0.1024,0.9576,0.0323 dist:0.8004,2.6721,1.3439
minimal P9016[1m]: run softall, n_iter=100 relax_steps=100 relax_step=0.012 relax_backend=gpu
[M::hk_bmap_gen] generated 5258 beads
[M::hk_bmap_gen] 133901 bin pairs
[M::blind-gpu] prepared pair buffers: n_diploid=5258 n_pairs=139102 n_block_keys=268248 n_steps=100
[I::fdg-gpu] blocklist CSR ready: edges=268248 avg_deg=51.02 max_deg=110
[M::hk_bmap_gen] generated 5258 beads
[M::hk_bmap_gen] 119675 bin pairs
[M::blind-gpu] prepared pair buffers: n_diploid=5258 n_pairs=124882 n_block_keys=239810 n_steps=100
[I::fdg-gpu] blocklist CSR ready: edges=239810 avg_deg=45.61 max_deg=104
[M::hk_bmap_gen] generated 5258 beads
[M::hk_bmap_gen] 112611 bin pairs
[M::blind-gpu] prepared pair buffers: n_diploid=5258 n_pairs=117818 n_block_keys=225682 n_steps=100
[I::fdg-gpu] blocklist CSR ready: edges=225682 avg_deg=42.92 max_deg=104
[M::hk_bmap_gen] generated 5258 beads
[M::hk_bmap_gen] 108928 bin pairs
[M::blind-gpu] prepared pair buffers: n_diploid=5258 n_pairs=114138 n_block_keys=218322 n_steps=100
[I::fdg-gpu] blocklist CSR ready: edges=218322 avg_deg=41.52 max_deg=103
[M::hk_bmap_gen] generated 5258 beads
[M::hk_bmap_gen] 106610 bin pairs
[M::blind-gpu] prepared pair buffers: n_diploid=5258 n_pairs=111811 n_block_keys=213670 n_steps=100
[I::fdg-gpu] blocklist CSR ready: edges=213670 avg_deg=40.64 max_deg=101
[M::hk_bmap_gen] generated 5258 beads
[M::hk_bmap_gen] 105006 bin pairs
[M::blind-gpu] prepared pair buffers: n_diploid=5258 n_pairs=110219 n_block_keys=210490 n_steps=100
[I::fdg-gpu] blocklist CSR ready: edges=210490 avg_deg=40.03 max_deg=96
[M::hk_bmap_gen] generated 5258 beads
[M::hk_bmap_gen] 103683 bin pairs
[M::blind-gpu] prepared pair buffers: n_diploid=5258 n_pairs=108893 n_block_keys=207842 n_steps=100
[I::fdg-gpu] blocklist CSR ready: edges=207842 avg_deg=39.53 max_deg=95
[M::hk_bmap_gen] generated 5258 beads
[M::hk_bmap_gen] 102687 bin pairs
[M::blind-gpu] prepared pair buffers: n_diploid=5258 n_pairs=107900 n_block_keys=205856 n_steps=100
[I::fdg-gpu] blocklist CSR ready: edges=205856 avg_deg=39.15 max_deg=92
[M::hk_bmap_gen] generated 5258 beads
[M::hk_bmap_gen] 101998 bin pairs
[M::blind-gpu] prepared pair buffers: n_diploid=5258 n_pairs=107211 n_block_keys=204480 n_steps=100
[I::fdg-gpu] blocklist CSR ready: edges=204480 avg_deg=38.89 max_deg=91
[M::hk_bmap_gen] generated 5258 beads
[M::hk_bmap_gen] 101518 bin pairs
[M::blind-gpu] prepared pair buffers: n_diploid=5258 n_pairs=106731 n_block_keys=203522 n_steps=100
[I::fdg-gpu] blocklist CSR ready: edges=203522 avg_deg=38.71 max_deg=91
[M::hk_bmap_gen] generated 5258 beads
[M::hk_bmap_gen] 101020 bin pairs
[M::blind-gpu] prepared pair buffers: n_diploid=5258 n_pairs=106230 n_block_keys=202520 n_steps=100
[I::fdg-gpu] blocklist CSR ready: edges=202520 avg_deg=38.52 max_deg=91
[M::hk_bmap_gen] generated 5258 beads
[M::hk_bmap_gen] 100530 bin pairs
[M::blind-gpu] prepared pair buffers: n_diploid=5258 n_pairs=105744 n_block_keys=201550 n_steps=100
[I::fdg-gpu] blocklist CSR ready: edges=201550 avg_deg=38.33 max_deg=90
[M::hk_bmap_gen] generated 5258 beads
[M::hk_bmap_gen] 100196 bin pairs
[M::blind-gpu] prepared pair buffers: n_diploid=5258 n_pairs=105405 n_block_keys=200870 n_steps=100
[I::fdg-gpu] blocklist CSR ready: edges=200870 avg_deg=38.20 max_deg=90
[M::hk_bmap_gen] generated 5258 beads
[M::hk_bmap_gen] 99817 bin pairs
[M::blind-gpu] prepared pair buffers: n_diploid=5258 n_pairs=105025 n_block_keys=200110 n_steps=100
[I::fdg-gpu] blocklist CSR ready: edges=200110 avg_deg=38.06 max_deg=90
[M::hk_bmap_gen] generated 5258 beads
[M::hk_bmap_gen] 99516 bin pairs
[M::blind-gpu] prepared pair buffers: n_diploid=5258 n_pairs=104729 n_block_keys=199520 n_steps=100
[I::fdg-gpu] blocklist CSR ready: edges=199520 avg_deg=37.95 max_deg=90
[M::hk_bmap_gen] generated 5258 beads
[M::hk_bmap_gen] 99251 bin pairs
[M::blind-gpu] prepared pair buffers: n_diploid=5258 n_pairs=104461 n_block_keys=198992 n_steps=100
[I::fdg-gpu] blocklist CSR ready: edges=198992 avg_deg=37.85 max_deg=89
[M::hk_bmap_gen] generated 5258 beads
[M::hk_bmap_gen] 99033 bin pairs
[M::blind-gpu] prepared pair buffers: n_diploid=5258 n_pairs=104239 n_block_keys=198556 n_steps=100
[I::fdg-gpu] blocklist CSR ready: edges=198556 avg_deg=37.76 max_deg=90
[M::hk_bmap_gen] generated 5258 beads
[M::hk_bmap_gen] 98839 bin pairs
[M::blind-gpu] prepared pair buffers: n_diploid=5258 n_pairs=104048 n_block_keys=198180 n_steps=100
[I::fdg-gpu] blocklist CSR ready: edges=198180 avg_deg=37.69 max_deg=90
[M::hk_bmap_gen] generated 5258 beads
[M::hk_bmap_gen] 98644 bin pairs
[M::blind-gpu] prepared pair buffers: n_diploid=5258 n_pairs=103852 n_block_keys=197784 n_steps=100
[I::fdg-gpu] blocklist CSR ready: edges=197784 avg_deg=37.62 max_deg=90
[M::hk_bmap_gen] generated 5258 beads
[M::hk_bmap_gen] 98455 bin pairs
[M::blind-gpu] prepared pair buffers: n_diploid=5258 n_pairs=103650 n_block_keys=197380 n_steps=100
[I::fdg-gpu] blocklist CSR ready: edges=197380 avg_deg=37.54 max_deg=89
[M::hk_bmap_gen] generated 5258 beads
[M::hk_bmap_gen] 98312 bin pairs
[M::blind-gpu] prepared pair buffers: n_diploid=5258 n_pairs=103513 n_block_keys=197106 n_steps=100
[I::fdg-gpu] blocklist CSR ready: edges=197106 avg_deg=37.49 max_deg=87
[M::hk_bmap_gen] generated 5258 beads
[M::hk_bmap_gen] 98176 bin pairs
[M::blind-gpu] prepared pair buffers: n_diploid=5258 n_pairs=103384 n_block_keys=196850 n_steps=100
[I::fdg-gpu] blocklist CSR ready: edges=196850 avg_deg=37.44 max_deg=86
[M::hk_bmap_gen] generated 5258 beads
[M::hk_bmap_gen] 98087 bin pairs
[M::blind-gpu] prepared pair buffers: n_diploid=5258 n_pairs=103295 n_block_keys=196674 n_steps=100
[I::fdg-gpu] blocklist CSR ready: edges=196674 avg_deg=37.40 max_deg=85
[M::hk_bmap_gen] generated 5258 beads
[M::hk_bmap_gen] 98005 bin pairs
[M::blind-gpu] prepared pair buffers: n_diploid=5258 n_pairs=103208 n_block_keys=196498 n_steps=100
[I::fdg-gpu] blocklist CSR ready: edges=196498 avg_deg=37.37 max_deg=85
[M::hk_bmap_gen] generated 5258 beads
[M::hk_bmap_gen] 97868 bin pairs
[M::blind-gpu] prepared pair buffers: n_diploid=5258 n_pairs=103073 n_block_keys=196224 n_steps=100
[I::fdg-gpu] blocklist CSR ready: edges=196224 avg_deg=37.32 max_deg=85
[M::hk_bmap_gen] generated 5258 beads
[M::hk_bmap_gen] 97716 bin pairs
[M::blind-gpu] prepared pair buffers: n_diploid=5258 n_pairs=102928 n_block_keys=195932 n_steps=100
[I::fdg-gpu] blocklist CSR ready: edges=195932 avg_deg=37.26 max_deg=85
[M::hk_bmap_gen] generated 5258 beads
[M::hk_bmap_gen] 97609 bin pairs
[M::blind-gpu] prepared pair buffers: n_diploid=5258 n_pairs=102823 n_block_keys=195722 n_steps=100
[I::fdg-gpu] blocklist CSR ready: edges=195722 avg_deg=37.22 max_deg=82
[M::hk_bmap_gen] generated 5258 beads
[M::hk_bmap_gen] 97518 bin pairs
[M::blind-gpu] prepared pair buffers: n_diploid=5258 n_pairs=102728 n_block_keys=195536 n_steps=100
[I::fdg-gpu] blocklist CSR ready: edges=195536 avg_deg=37.19 max_deg=81
[M::hk_bmap_gen] generated 5258 beads
[M::hk_bmap_gen] 97425 bin pairs
[M::blind-gpu] prepared pair buffers: n_diploid=5258 n_pairs=102636 n_block_keys=195352 n_steps=100
[I::fdg-gpu] blocklist CSR ready: edges=195352 avg_deg=37.15 max_deg=81
[M::hk_bmap_gen] generated 5258 beads
[M::hk_bmap_gen] 97341 bin pairs
[M::blind-gpu] prepared pair buffers: n_diploid=5258 n_pairs=102553 n_block_keys=195190 n_steps=100
[I::fdg-gpu] blocklist CSR ready: edges=195190 avg_deg=37.12 max_deg=81
[M::hk_bmap_gen] generated 5258 beads
[M::hk_bmap_gen] 97224 bin pairs
[M::blind-gpu] prepared pair buffers: n_diploid=5258 n_pairs=102434 n_block_keys=194952 n_steps=100
[I::fdg-gpu] blocklist CSR ready: edges=194952 avg_deg=37.08 max_deg=81
[M::hk_bmap_gen] generated 5258 beads
[M::hk_bmap_gen] 97079 bin pairs
[M::blind-gpu] prepared pair buffers: n_diploid=5258 n_pairs=102288 n_block_keys=194666 n_steps=100
[I::fdg-gpu] blocklist CSR ready: edges=194666 avg_deg=37.02 max_deg=81
[M::hk_bmap_gen] generated 5258 beads
[M::hk_bmap_gen] 97013 bin pairs
[M::blind-gpu] prepared pair buffers: n_diploid=5258 n_pairs=102222 n_block_keys=194534 n_steps=100
[I::fdg-gpu] blocklist CSR ready: edges=194534 avg_deg=37.00 max_deg=81
[M::hk_bmap_gen] generated 5258 beads
[M::hk_bmap_gen] 96977 bin pairs
[M::blind-gpu] prepared pair buffers: n_diploid=5258 n_pairs=102190 n_block_keys=194470 n_steps=100
[I::fdg-gpu] blocklist CSR ready: edges=194470 avg_deg=36.99 max_deg=81
[M::hk_bmap_gen] generated 5258 beads
[M::hk_bmap_gen] 96910 bin pairs
[M::blind-gpu] prepared pair buffers: n_diploid=5258 n_pairs=102121 n_block_keys=194332 n_steps=100
[I::fdg-gpu] blocklist CSR ready: edges=194332 avg_deg=36.96 max_deg=81
[M::hk_bmap_gen] generated 5258 beads
[M::hk_bmap_gen] 96867 bin pairs
[M::blind-gpu] prepared pair buffers: n_diploid=5258 n_pairs=102077 n_block_keys=194244 n_steps=100
[I::fdg-gpu] blocklist CSR ready: edges=194244 avg_deg=36.94 max_deg=81
[M::hk_bmap_gen] generated 5258 beads
[M::hk_bmap_gen] 96813 bin pairs
[M::blind-gpu] prepared pair buffers: n_diploid=5258 n_pairs=102023 n_block_keys=194136 n_steps=100
[I::fdg-gpu] blocklist CSR ready: edges=194136 avg_deg=36.92 max_deg=81
[M::hk_bmap_gen] generated 5258 beads
[M::hk_bmap_gen] 96731 bin pairs
[M::blind-gpu] prepared pair buffers: n_diploid=5258 n_pairs=101942 n_block_keys=193972 n_steps=100
[I::fdg-gpu] blocklist CSR ready: edges=193972 avg_deg=36.89 max_deg=80
[M::hk_bmap_gen] generated 5258 beads
[M::hk_bmap_gen] 96685 bin pairs
[M::blind-gpu] prepared pair buffers: n_diploid=5258 n_pairs=101897 n_block_keys=193880 n_steps=100
[I::fdg-gpu] blocklist CSR ready: edges=193880 avg_deg=36.87 max_deg=80
[M::hk_bmap_gen] generated 5258 beads
[M::hk_bmap_gen] 96665 bin pairs
[M::blind-gpu] prepared pair buffers: n_diploid=5258 n_pairs=101874 n_block_keys=193828 n_steps=100
[I::fdg-gpu] blocklist CSR ready: edges=193828 avg_deg=36.86 max_deg=80
[M::hk_bmap_gen] generated 5258 beads
[M::hk_bmap_gen] 96646 bin pairs
[M::blind-gpu] prepared pair buffers: n_diploid=5258 n_pairs=101856 n_block_keys=193790 n_steps=100
[I::fdg-gpu] blocklist CSR ready: edges=193790 avg_deg=36.86 max_deg=80
[M::hk_bmap_gen] generated 5258 beads
[M::hk_bmap_gen] 96608 bin pairs
[M::blind-gpu] prepared pair buffers: n_diploid=5258 n_pairs=101817 n_block_keys=193714 n_steps=100
[I::fdg-gpu] blocklist CSR ready: edges=193714 avg_deg=36.84 max_deg=80
[M::hk_bmap_gen] generated 5258 beads
[M::hk_bmap_gen] 96578 bin pairs
[M::blind-gpu] prepared pair buffers: n_diploid=5258 n_pairs=101787 n_block_keys=193654 n_steps=100
[I::fdg-gpu] blocklist CSR ready: edges=193654 avg_deg=36.83 max_deg=80
[M::hk_bmap_gen] generated 5258 beads
[M::hk_bmap_gen] 96546 bin pairs
[M::blind-gpu] prepared pair buffers: n_diploid=5258 n_pairs=101758 n_block_keys=193600 n_steps=100
[I::fdg-gpu] blocklist CSR ready: edges=193600 avg_deg=36.82 max_deg=80
[M::hk_bmap_gen] generated 5258 beads
[M::hk_bmap_gen] 96561 bin pairs
[M::blind-gpu] prepared pair buffers: n_diploid=5258 n_pairs=101774 n_block_keys=193632 n_steps=100
[I::fdg-gpu] blocklist CSR ready: edges=193632 avg_deg=36.83 max_deg=80
[M::hk_bmap_gen] generated 5258 beads
[M::hk_bmap_gen] 96583 bin pairs
[M::blind-gpu] prepared pair buffers: n_diploid=5258 n_pairs=101798 n_block_keys=193680 n_steps=100
[I::fdg-gpu] blocklist CSR ready: edges=193680 avg_deg=36.84 max_deg=80
[M::hk_bmap_gen] generated 5258 beads
[M::hk_bmap_gen] 96572 bin pairs
[M::blind-gpu] prepared pair buffers: n_diploid=5258 n_pairs=101783 n_block_keys=193650 n_steps=100
[I::fdg-gpu] blocklist CSR ready: edges=193650 avg_deg=36.83 max_deg=80
[M::hk_bmap_gen] generated 5258 beads
[M::hk_bmap_gen] 96585 bin pairs
[M::blind-gpu] prepared pair buffers: n_diploid=5258 n_pairs=101799 n_block_keys=193682 n_steps=100
[I::fdg-gpu] blocklist CSR ready: edges=193682 avg_deg=36.84 max_deg=80
[M::hk_bmap_gen] generated 5258 beads
[M::hk_bmap_gen] 96546 bin pairs
[M::blind-gpu] prepared pair buffers: n_diploid=5258 n_pairs=101761 n_block_keys=193606 n_steps=100
[I::fdg-gpu] blocklist CSR ready: edges=193606 avg_deg=36.82 max_deg=80
[M::hk_bmap_gen] generated 5258 beads
[M::hk_bmap_gen] 96529 bin pairs
[M::blind-gpu] prepared pair buffers: n_diploid=5258 n_pairs=101742 n_block_keys=193568 n_steps=100
[I::fdg-gpu] blocklist CSR ready: edges=193568 avg_deg=36.81 max_deg=80
[M::hk_bmap_gen] generated 5258 beads
[M::hk_bmap_gen] 96503 bin pairs
[M::blind-gpu] prepared pair buffers: n_diploid=5258 n_pairs=101717 n_block_keys=193518 n_steps=100
[I::fdg-gpu] blocklist CSR ready: edges=193518 avg_deg=36.80 max_deg=80
[M::hk_bmap_gen] generated 5258 beads
[M::hk_bmap_gen] 96506 bin pairs
[M::blind-gpu] prepared pair buffers: n_diploid=5258 n_pairs=101719 n_block_keys=193524 n_steps=100
[I::fdg-gpu] blocklist CSR ready: edges=193524 avg_deg=36.81 max_deg=80
[M::hk_bmap_gen] generated 5258 beads
[M::hk_bmap_gen] 96490 bin pairs
[M::blind-gpu] prepared pair buffers: n_diploid=5258 n_pairs=101705 n_block_keys=193496 n_steps=100
[I::fdg-gpu] blocklist CSR ready: edges=193496 avg_deg=36.80 max_deg=80
[M::hk_bmap_gen] generated 5258 beads
[M::hk_bmap_gen] 96457 bin pairs
[M::blind-gpu] prepared pair buffers: n_diploid=5258 n_pairs=101671 n_block_keys=193426 n_steps=100
[I::fdg-gpu] blocklist CSR ready: edges=193426 avg_deg=36.79 max_deg=80
[M::hk_bmap_gen] generated 5258 beads
[M::hk_bmap_gen] 96397 bin pairs
[M::blind-gpu] prepared pair buffers: n_diploid=5258 n_pairs=101603 n_block_keys=193294 n_steps=100
[I::fdg-gpu] blocklist CSR ready: edges=193294 avg_deg=36.76 max_deg=80
[M::hk_bmap_gen] generated 5258 beads
[M::hk_bmap_gen] 96378 bin pairs
[M::blind-gpu] prepared pair buffers: n_diploid=5258 n_pairs=101590 n_block_keys=193270 n_steps=100
[I::fdg-gpu] blocklist CSR ready: edges=193270 avg_deg=36.76 max_deg=80
[M::hk_bmap_gen] generated 5258 beads
[M::hk_bmap_gen] 96395 bin pairs
[M::blind-gpu] prepared pair buffers: n_diploid=5258 n_pairs=101606 n_block_keys=193304 n_steps=100
[I::fdg-gpu] blocklist CSR ready: edges=193304 avg_deg=36.76 max_deg=80
[M::hk_bmap_gen] generated 5258 beads
[M::hk_bmap_gen] 96378 bin pairs
[M::blind-gpu] prepared pair buffers: n_diploid=5258 n_pairs=101593 n_block_keys=193278 n_steps=100
[I::fdg-gpu] blocklist CSR ready: edges=193278 avg_deg=36.76 max_deg=80
[M::hk_bmap_gen] generated 5258 beads
[M::hk_bmap_gen] 96332 bin pairs
[M::blind-gpu] prepared pair buffers: n_diploid=5258 n_pairs=101548 n_block_keys=193188 n_steps=100
[I::fdg-gpu] blocklist CSR ready: edges=193188 avg_deg=36.74 max_deg=80
[M::hk_bmap_gen] generated 5258 beads
[M::hk_bmap_gen] 96264 bin pairs
[M::blind-gpu] prepared pair buffers: n_diploid=5258 n_pairs=101480 n_block_keys=193052 n_steps=100
[I::fdg-gpu] blocklist CSR ready: edges=193052 avg_deg=36.72 max_deg=80
[M::hk_bmap_gen] generated 5258 beads
[M::hk_bmap_gen] 96236 bin pairs
[M::blind-gpu] prepared pair buffers: n_diploid=5258 n_pairs=101450 n_block_keys=192994 n_steps=100
[I::fdg-gpu] blocklist CSR ready: edges=192994 avg_deg=36.70 max_deg=80
[M::hk_bmap_gen] generated 5258 beads
[M::hk_bmap_gen] 96215 bin pairs
[M::blind-gpu] prepared pair buffers: n_diploid=5258 n_pairs=101430 n_block_keys=192952 n_steps=100
[I::fdg-gpu] blocklist CSR ready: edges=192952 avg_deg=36.70 max_deg=80
[M::hk_bmap_gen] generated 5258 beads
[M::hk_bmap_gen] 96212 bin pairs
[M::blind-gpu] prepared pair buffers: n_diploid=5258 n_pairs=101426 n_block_keys=192944 n_steps=100
[I::fdg-gpu] blocklist CSR ready: edges=192944 avg_deg=36.70 max_deg=80
[M::hk_bmap_gen] generated 5258 beads
[M::hk_bmap_gen] 96184 bin pairs
[M::blind-gpu] prepared pair buffers: n_diploid=5258 n_pairs=101397 n_block_keys=192888 n_steps=100
[I::fdg-gpu] blocklist CSR ready: edges=192888 avg_deg=36.68 max_deg=80
[M::hk_bmap_gen] generated 5258 beads
[M::hk_bmap_gen] 96145 bin pairs
[M::blind-gpu] prepared pair buffers: n_diploid=5258 n_pairs=101356 n_block_keys=192804 n_steps=100
[I::fdg-gpu] blocklist CSR ready: edges=192804 avg_deg=36.67 max_deg=80
[M::hk_bmap_gen] generated 5258 beads
[M::hk_bmap_gen] 96111 bin pairs
[M::blind-gpu] prepared pair buffers: n_diploid=5258 n_pairs=101325 n_block_keys=192742 n_steps=100
[I::fdg-gpu] blocklist CSR ready: edges=192742 avg_deg=36.66 max_deg=80
[M::hk_bmap_gen] generated 5258 beads
[M::hk_bmap_gen] 96083 bin pairs
[M::blind-gpu] prepared pair buffers: n_diploid=5258 n_pairs=101294 n_block_keys=192678 n_steps=100
[I::fdg-gpu] blocklist CSR ready: edges=192678 avg_deg=36.64 max_deg=80
[M::hk_bmap_gen] generated 5258 beads
[M::hk_bmap_gen] 96074 bin pairs
[M::blind-gpu] prepared pair buffers: n_diploid=5258 n_pairs=101288 n_block_keys=192666 n_steps=100
[I::fdg-gpu] blocklist CSR ready: edges=192666 avg_deg=36.64 max_deg=80
[M::hk_bmap_gen] generated 5258 beads
[M::hk_bmap_gen] 96030 bin pairs
[M::blind-gpu] prepared pair buffers: n_diploid=5258 n_pairs=101240 n_block_keys=192570 n_steps=100
[I::fdg-gpu] blocklist CSR ready: edges=192570 avg_deg=36.62 max_deg=79
[M::hk_bmap_gen] generated 5258 beads
[M::hk_bmap_gen] 96016 bin pairs
[M::blind-gpu] prepared pair buffers: n_diploid=5258 n_pairs=101224 n_block_keys=192536 n_steps=100
[I::fdg-gpu] blocklist CSR ready: edges=192536 avg_deg=36.62 max_deg=79
[M::hk_bmap_gen] generated 5258 beads
[M::hk_bmap_gen] 96000 bin pairs
[M::blind-gpu] prepared pair buffers: n_diploid=5258 n_pairs=101213 n_block_keys=192514 n_steps=100
[I::fdg-gpu] blocklist CSR ready: edges=192514 avg_deg=36.61 max_deg=79
[M::hk_bmap_gen] generated 5258 beads
[M::hk_bmap_gen] 95976 bin pairs
[M::blind-gpu] prepared pair buffers: n_diploid=5258 n_pairs=101187 n_block_keys=192462 n_steps=100
[I::fdg-gpu] blocklist CSR ready: edges=192462 avg_deg=36.60 max_deg=79
[M::hk_bmap_gen] generated 5258 beads
[M::hk_bmap_gen] 95952 bin pairs
[M::blind-gpu] prepared pair buffers: n_diploid=5258 n_pairs=101160 n_block_keys=192406 n_steps=100
[I::fdg-gpu] blocklist CSR ready: edges=192406 avg_deg=36.59 max_deg=79
[M::hk_bmap_gen] generated 5258 beads
[M::hk_bmap_gen] 95904 bin pairs
[M::blind-gpu] prepared pair buffers: n_diploid=5258 n_pairs=101112 n_block_keys=192312 n_steps=100
[I::fdg-gpu] blocklist CSR ready: edges=192312 avg_deg=36.58 max_deg=79
[M::hk_bmap_gen] generated 5258 beads
[M::hk_bmap_gen] 95849 bin pairs
[M::blind-gpu] prepared pair buffers: n_diploid=5258 n_pairs=101057 n_block_keys=192202 n_steps=100
[I::fdg-gpu] blocklist CSR ready: edges=192202 avg_deg=36.55 max_deg=79
[M::hk_bmap_gen] generated 5258 beads
[M::hk_bmap_gen] 95814 bin pairs
[M::blind-gpu] prepared pair buffers: n_diploid=5258 n_pairs=101022 n_block_keys=192134 n_steps=100
[I::fdg-gpu] blocklist CSR ready: edges=192134 avg_deg=36.54 max_deg=79
[M::hk_bmap_gen] generated 5258 beads
[M::hk_bmap_gen] 95799 bin pairs
[M::blind-gpu] prepared pair buffers: n_diploid=5258 n_pairs=101008 n_block_keys=192102 n_steps=100
[I::fdg-gpu] blocklist CSR ready: edges=192102 avg_deg=36.54 max_deg=79
[M::hk_bmap_gen] generated 5258 beads
[M::hk_bmap_gen] 95778 bin pairs
[M::blind-gpu] prepared pair buffers: n_diploid=5258 n_pairs=100986 n_block_keys=192058 n_steps=100
[I::fdg-gpu] blocklist CSR ready: edges=192058 avg_deg=36.53 max_deg=79
[M::hk_bmap_gen] generated 5258 beads
[M::hk_bmap_gen] 95764 bin pairs
[M::blind-gpu] prepared pair buffers: n_diploid=5258 n_pairs=100973 n_block_keys=192032 n_steps=100
[I::fdg-gpu] blocklist CSR ready: edges=192032 avg_deg=36.52 max_deg=79
[M::hk_bmap_gen] generated 5258 beads
[M::hk_bmap_gen] 95774 bin pairs
[M::blind-gpu] prepared pair buffers: n_diploid=5258 n_pairs=100986 n_block_keys=192060 n_steps=100
[I::fdg-gpu] blocklist CSR ready: edges=192060 avg_deg=36.53 max_deg=79
[M::hk_bmap_gen] generated 5258 beads
[M::hk_bmap_gen] 95768 bin pairs
[M::blind-gpu] prepared pair buffers: n_diploid=5258 n_pairs=100981 n_block_keys=192050 n_steps=100
[I::fdg-gpu] blocklist CSR ready: edges=192050 avg_deg=36.53 max_deg=79
[M::hk_bmap_gen] generated 5258 beads
[M::hk_bmap_gen] 95760 bin pairs
[M::blind-gpu] prepared pair buffers: n_diploid=5258 n_pairs=100973 n_block_keys=192034 n_steps=100
[I::fdg-gpu] blocklist CSR ready: edges=192034 avg_deg=36.52 max_deg=79
[M::hk_bmap_gen] generated 5258 beads
[M::hk_bmap_gen] 95759 bin pairs
[M::blind-gpu] prepared pair buffers: n_diploid=5258 n_pairs=100972 n_block_keys=192032 n_steps=100
[I::fdg-gpu] blocklist CSR ready: edges=192032 avg_deg=36.52 max_deg=79
[M::hk_bmap_gen] generated 5258 beads
[M::hk_bmap_gen] 95746 bin pairs
[M::blind-gpu] prepared pair buffers: n_diploid=5258 n_pairs=100959 n_block_keys=192006 n_steps=100
[I::fdg-gpu] blocklist CSR ready: edges=192006 avg_deg=36.52 max_deg=79
[M::hk_bmap_gen] generated 5258 beads
[M::hk_bmap_gen] 95749 bin pairs
[M::blind-gpu] prepared pair buffers: n_diploid=5258 n_pairs=100962 n_block_keys=192010 n_steps=100
[I::fdg-gpu] blocklist CSR ready: edges=192010 avg_deg=36.52 max_deg=78
[M::hk_bmap_gen] generated 5258 beads
[M::hk_bmap_gen] 95730 bin pairs
[M::blind-gpu] prepared pair buffers: n_diploid=5258 n_pairs=100944 n_block_keys=191974 n_steps=100
[I::fdg-gpu] blocklist CSR ready: edges=191974 avg_deg=36.51 max_deg=78
[M::hk_bmap_gen] generated 5258 beads
[M::hk_bmap_gen] 95720 bin pairs
[M::blind-gpu] prepared pair buffers: n_diploid=5258 n_pairs=100934 n_block_keys=191952 n_steps=100
[I::fdg-gpu] blocklist CSR ready: edges=191952 avg_deg=36.51 max_deg=78
[M::hk_bmap_gen] generated 5258 beads
[M::hk_bmap_gen] 95698 bin pairs
[M::blind-gpu] prepared pair buffers: n_diploid=5258 n_pairs=100913 n_block_keys=191910 n_steps=100
[I::fdg-gpu] blocklist CSR ready: edges=191910 avg_deg=36.50 max_deg=78
[M::hk_bmap_gen] generated 5258 beads
[M::hk_bmap_gen] 95692 bin pairs
[M::blind-gpu] prepared pair buffers: n_diploid=5258 n_pairs=100907 n_block_keys=191898 n_steps=100
[I::fdg-gpu] blocklist CSR ready: edges=191898 avg_deg=36.50 max_deg=78
[M::hk_bmap_gen] generated 5258 beads
[M::hk_bmap_gen] 95681 bin pairs
[M::blind-gpu] prepared pair buffers: n_diploid=5258 n_pairs=100892 n_block_keys=191868 n_steps=100
[I::fdg-gpu] blocklist CSR ready: edges=191868 avg_deg=36.49 max_deg=78
[M::hk_bmap_gen] generated 5258 beads
[M::hk_bmap_gen] 95666 bin pairs
[M::blind-gpu] prepared pair buffers: n_diploid=5258 n_pairs=100880 n_block_keys=191846 n_steps=100
[I::fdg-gpu] blocklist CSR ready: edges=191846 avg_deg=36.49 max_deg=78
[M::hk_bmap_gen] generated 5258 beads
[M::hk_bmap_gen] 95665 bin pairs
[M::blind-gpu] prepared pair buffers: n_diploid=5258 n_pairs=100881 n_block_keys=191848 n_steps=100
[I::fdg-gpu] blocklist CSR ready: edges=191848 avg_deg=36.49 max_deg=78
[M::hk_bmap_gen] generated 5258 beads
[M::hk_bmap_gen] 95675 bin pairs
[M::blind-gpu] prepared pair buffers: n_diploid=5258 n_pairs=100891 n_block_keys=191868 n_steps=100
[I::fdg-gpu] blocklist CSR ready: edges=191868 avg_deg=36.49 max_deg=78
[M::hk_bmap_gen] generated 5258 beads
[M::hk_bmap_gen] 95631 bin pairs
[M::blind-gpu] prepared pair buffers: n_diploid=5258 n_pairs=100847 n_block_keys=191782 n_steps=100
[I::fdg-gpu] blocklist CSR ready: edges=191782 avg_deg=36.47 max_deg=78
[M::hk_bmap_gen] generated 5258 beads
[M::hk_bmap_gen] 95635 bin pairs
[M::blind-gpu] prepared pair buffers: n_diploid=5258 n_pairs=100851 n_block_keys=191790 n_steps=100
[I::fdg-gpu] blocklist CSR ready: edges=191790 avg_deg=36.48 max_deg=78
[M::hk_bmap_gen] generated 5258 beads
[M::hk_bmap_gen] 95633 bin pairs
[M::blind-gpu] prepared pair buffers: n_diploid=5258 n_pairs=100849 n_block_keys=191786 n_steps=100
[I::fdg-gpu] blocklist CSR ready: edges=191786 avg_deg=36.48 max_deg=78
[M::hk_bmap_gen] generated 5258 beads
[M::hk_bmap_gen] 95617 bin pairs
[M::blind-gpu] prepared pair buffers: n_diploid=5258 n_pairs=100832 n_block_keys=191752 n_steps=100
[I::fdg-gpu] blocklist CSR ready: edges=191752 avg_deg=36.47 max_deg=78
[M::hk_bmap_gen] generated 5258 beads
[M::hk_bmap_gen] 95586 bin pairs
[M::blind-gpu] prepared pair buffers: n_diploid=5258 n_pairs=100800 n_block_keys=191688 n_steps=100
[I::fdg-gpu] blocklist CSR ready: edges=191688 avg_deg=36.46 max_deg=78
[M::hk_bmap_gen] generated 5258 beads
[M::hk_bmap_gen] 95559 bin pairs
[M::blind-gpu] prepared pair buffers: n_diploid=5258 n_pairs=100773 n_block_keys=191636 n_steps=100
[I::fdg-gpu] blocklist CSR ready: edges=191636 avg_deg=36.45 max_deg=78
[M::hk_bmap_gen] generated 5258 beads
[M::hk_bmap_gen] 95566 bin pairs
[M::blind-gpu] prepared pair buffers: n_diploid=5258 n_pairs=100782 n_block_keys=191654 n_steps=100
[I::fdg-gpu] blocklist CSR ready: edges=191654 avg_deg=36.45 max_deg=78
minimal P9016[1m]: write outputs to /mnt/ssd/zliu/phase3/test_res/016-20260618_150851-p9016_charm_contacts_condition_sweep_1m/work_outputs/1pr/p9016_charm3dg20k_1pr_expected_common_msep1p5_lsep0p5/p9016_charm3dg20k_1pr_expected_common_msep1p5_lsep0p5
[M::hk_bmap_gen] generated 5258 beads
[M::hk_bmap_gen] 95563 bin pairs
minimal P9016[1m]: status=OK final_entropy=0.47998422 final_pU=0.34623542
minimal P9016: summary /mnt/ssd/zliu/phase3/test_res/016-20260618_150851-p9016_charm_contacts_condition_sweep_1m/work_outputs/1pr/p9016_charm3dg20k_1pr_expected_common_msep1p5_lsep0p5/matrix_summary.tsv
