minimal P9016: input=/mnt/ssd/zliu/phase3/test_res/016-20260618_150851-p9016_charm_contacts_condition_sweep_1m/synthetic_pairs/p9016_charm3dg20k_1pr_contacts.pairs.gz output_root=/mnt/ssd/zliu/phase3/test_res/016-20260618_150851-p9016_charm_contacts_condition_sweep_1m/work_outputs/1pr/p9016_charm3dg20k_1pr_pcgamma1_sep_off_ieps0p5_noise0 config=p9016_charm3dg20k_1pr_pcgamma1_sep_off_ieps0p5_noise0 baseline=softall n_iter=100 relax_steps=100 relax_step=0.012 chain=0 init_mode=unphased_scaffold_split init_eps=0.5 init_noise=0 init_scale=10 init_seed=17 min_sep=0 lambda_sep=0 d_scale_mode=posterior_count d_scale_input=posterior_count d_scale_formula=n_raw*posterior_prob^1 d_scale_gamma=1 d_scale_eps=1e-06 relax_backend=gpu
minimal P9016: stage 1/1 name=1m bin_size_bp=1000000 parent=0
[M::hk_map_read] read 1265114 pairs
[M::hk_bmap_gen] generated 2629 beads
[M::hk_bmap_gen] 58703 bin pairs
minimal P9016[1m]: build binned contacts
minimal P9016[1m]: init mode=unphased_scaffold_split seed=17 scale=10
[M::hk_fdg] mid_dist:1000000 max_nei:2422
[M::hk_fdg1_cpu] iter:10 elapsed:0.10s rep_coef:0.2092 RMS_force:57.6141 n_rep:45.1948 energy:33.4130,14.2949,0.0044 dist:6.5074,12.9573,1.4848
[M::hk_fdg1_cpu] iter:20 elapsed:0.31s rep_coef:0.6615 RMS_force:44.4565 n_rep:161.4808 energy:9.5725,8.1119,0.0147 dist:3.7386,8.1890,1.4661
[M::hk_fdg1_cpu] iter:30 elapsed:0.86s rep_coef:0.9352 RMS_force:30.6015 n_rep:355.6698 energy:1.8459,4.1597,0.0226 dist:2.0825,5.0919,1.4352
[M::hk_fdg1_cpu] iter:40 elapsed:1.29s rep_coef:0.9907 RMS_force:23.8460 n_rep:90.4097 energy:0.3536,1.7976,0.0275 dist:1.2256,3.4605,1.3917
[M::hk_fdg1_cpu] iter:50 elapsed:1.53s rep_coef:0.9987 RMS_force:14.3544 n_rep:73.3682 energy:0.1024,0.9576,0.0323 dist:0.8004,2.6721,1.3439
minimal P9016[1m]: run softall, n_iter=100 relax_steps=100 relax_step=0.012 relax_backend=gpu
[M::hk_bmap_gen] generated 5258 beads
[M::hk_bmap_gen] 203555 bin pairs
[M::blind-gpu] prepared pair buffers: n_diploid=5258 n_pairs=208766 n_block_keys=407580 n_steps=100
[I::fdg-gpu] blocklist CSR ready: edges=407580 avg_deg=77.52 max_deg=164
[M::hk_bmap_gen] generated 5258 beads
[M::hk_bmap_gen] 195019 bin pairs
[M::blind-gpu] prepared pair buffers: n_diploid=5258 n_pairs=200233 n_block_keys=390516 n_steps=100
[I::fdg-gpu] blocklist CSR ready: edges=390516 avg_deg=74.27 max_deg=161
[M::hk_bmap_gen] generated 5258 beads
[M::hk_bmap_gen] 180868 bin pairs
[M::blind-gpu] prepared pair buffers: n_diploid=5258 n_pairs=186077 n_block_keys=362202 n_steps=100
[I::fdg-gpu] blocklist CSR ready: edges=362202 avg_deg=68.89 max_deg=160
[M::hk_bmap_gen] generated 5258 beads
[M::hk_bmap_gen] 169285 bin pairs
[M::blind-gpu] prepared pair buffers: n_diploid=5258 n_pairs=174491 n_block_keys=339032 n_steps=100
[I::fdg-gpu] blocklist CSR ready: edges=339032 avg_deg=64.48 max_deg=153
[M::hk_bmap_gen] generated 5258 beads
[M::hk_bmap_gen] 161392 bin pairs
[M::blind-gpu] prepared pair buffers: n_diploid=5258 n_pairs=166602 n_block_keys=323260 n_steps=100
[I::fdg-gpu] blocklist CSR ready: edges=323260 avg_deg=61.48 max_deg=149
[M::hk_bmap_gen] generated 5258 beads
[M::hk_bmap_gen] 156092 bin pairs
[M::blind-gpu] prepared pair buffers: n_diploid=5258 n_pairs=161305 n_block_keys=312672 n_steps=100
[I::fdg-gpu] blocklist CSR ready: edges=312672 avg_deg=59.47 max_deg=148
[M::hk_bmap_gen] generated 5258 beads
[M::hk_bmap_gen] 152135 bin pairs
[M::blind-gpu] prepared pair buffers: n_diploid=5258 n_pairs=157343 n_block_keys=304760 n_steps=100
[I::fdg-gpu] blocklist CSR ready: edges=304760 avg_deg=57.96 max_deg=146
[M::hk_bmap_gen] generated 5258 beads
[M::hk_bmap_gen] 149010 bin pairs
[M::blind-gpu] prepared pair buffers: n_diploid=5258 n_pairs=154223 n_block_keys=298542 n_steps=100
[I::fdg-gpu] blocklist CSR ready: edges=298542 avg_deg=56.78 max_deg=145
[M::hk_bmap_gen] generated 5258 beads
[M::hk_bmap_gen] 146574 bin pairs
[M::blind-gpu] prepared pair buffers: n_diploid=5258 n_pairs=151782 n_block_keys=293684 n_steps=100
[I::fdg-gpu] blocklist CSR ready: edges=293684 avg_deg=55.85 max_deg=143
[M::hk_bmap_gen] generated 5258 beads
[M::hk_bmap_gen] 144714 bin pairs
[M::blind-gpu] prepared pair buffers: n_diploid=5258 n_pairs=149921 n_block_keys=289962 n_steps=100
[I::fdg-gpu] blocklist CSR ready: edges=289962 avg_deg=55.15 max_deg=143
[M::hk_bmap_gen] generated 5258 beads
[M::hk_bmap_gen] 143138 bin pairs
[M::blind-gpu] prepared pair buffers: n_diploid=5258 n_pairs=148348 n_block_keys=286814 n_steps=100
[I::fdg-gpu] blocklist CSR ready: edges=286814 avg_deg=54.55 max_deg=143
[M::hk_bmap_gen] generated 5258 beads
[M::hk_bmap_gen] 141657 bin pairs
[M::blind-gpu] prepared pair buffers: n_diploid=5258 n_pairs=146865 n_block_keys=283858 n_steps=100
[I::fdg-gpu] blocklist CSR ready: edges=283858 avg_deg=53.99 max_deg=142
[M::hk_bmap_gen] generated 5258 beads
[M::hk_bmap_gen] 140251 bin pairs
[M::blind-gpu] prepared pair buffers: n_diploid=5258 n_pairs=145464 n_block_keys=281050 n_steps=100
[I::fdg-gpu] blocklist CSR ready: edges=281050 avg_deg=53.45 max_deg=141
[M::hk_bmap_gen] generated 5258 beads
[M::hk_bmap_gen] 139136 bin pairs
[M::blind-gpu] prepared pair buffers: n_diploid=5258 n_pairs=144348 n_block_keys=278822 n_steps=100
[I::fdg-gpu] blocklist CSR ready: edges=278822 avg_deg=53.03 max_deg=140
[M::hk_bmap_gen] generated 5258 beads
[M::hk_bmap_gen] 137995 bin pairs
[M::blind-gpu] prepared pair buffers: n_diploid=5258 n_pairs=143201 n_block_keys=276536 n_steps=100
[I::fdg-gpu] blocklist CSR ready: edges=276536 avg_deg=52.59 max_deg=139
[M::hk_bmap_gen] generated 5258 beads
[M::hk_bmap_gen] 137156 bin pairs
[M::blind-gpu] prepared pair buffers: n_diploid=5258 n_pairs=142364 n_block_keys=274862 n_steps=100
[I::fdg-gpu] blocklist CSR ready: edges=274862 avg_deg=52.28 max_deg=139
[M::hk_bmap_gen] generated 5258 beads
[M::hk_bmap_gen] 136244 bin pairs
[M::blind-gpu] prepared pair buffers: n_diploid=5258 n_pairs=141452 n_block_keys=273038 n_steps=100
[I::fdg-gpu] blocklist CSR ready: edges=273038 avg_deg=51.93 max_deg=139
[M::hk_bmap_gen] generated 5258 beads
[M::hk_bmap_gen] 135456 bin pairs
[M::blind-gpu] prepared pair buffers: n_diploid=5258 n_pairs=140661 n_block_keys=271464 n_steps=100
[I::fdg-gpu] blocklist CSR ready: edges=271464 avg_deg=51.63 max_deg=139
[M::hk_bmap_gen] generated 5258 beads
[M::hk_bmap_gen] 134794 bin pairs
[M::blind-gpu] prepared pair buffers: n_diploid=5258 n_pairs=140003 n_block_keys=270146 n_steps=100
[I::fdg-gpu] blocklist CSR ready: edges=270146 avg_deg=51.38 max_deg=140
[M::hk_bmap_gen] generated 5258 beads
[M::hk_bmap_gen] 134121 bin pairs
[M::blind-gpu] prepared pair buffers: n_diploid=5258 n_pairs=139328 n_block_keys=268792 n_steps=100
[I::fdg-gpu] blocklist CSR ready: edges=268792 avg_deg=51.12 max_deg=140
[M::hk_bmap_gen] generated 5258 beads
[M::hk_bmap_gen] 133538 bin pairs
[M::blind-gpu] prepared pair buffers: n_diploid=5258 n_pairs=138741 n_block_keys=267620 n_steps=100
[I::fdg-gpu] blocklist CSR ready: edges=267620 avg_deg=50.90 max_deg=140
[M::hk_bmap_gen] generated 5258 beads
[M::hk_bmap_gen] 132970 bin pairs
[M::blind-gpu] prepared pair buffers: n_diploid=5258 n_pairs=138175 n_block_keys=266488 n_steps=100
[I::fdg-gpu] blocklist CSR ready: edges=266488 avg_deg=50.68 max_deg=138
[M::hk_bmap_gen] generated 5258 beads
[M::hk_bmap_gen] 132483 bin pairs
[M::blind-gpu] prepared pair buffers: n_diploid=5258 n_pairs=137691 n_block_keys=265514 n_steps=100
[I::fdg-gpu] blocklist CSR ready: edges=265514 avg_deg=50.50 max_deg=139
[M::hk_bmap_gen] generated 5258 beads
[M::hk_bmap_gen] 131986 bin pairs
[M::blind-gpu] prepared pair buffers: n_diploid=5258 n_pairs=137197 n_block_keys=264526 n_steps=100
[I::fdg-gpu] blocklist CSR ready: edges=264526 avg_deg=50.31 max_deg=139
[M::hk_bmap_gen] generated 5258 beads
[M::hk_bmap_gen] 131526 bin pairs
[M::blind-gpu] prepared pair buffers: n_diploid=5258 n_pairs=136738 n_block_keys=263598 n_steps=100
[I::fdg-gpu] blocklist CSR ready: edges=263598 avg_deg=50.13 max_deg=139
[M::hk_bmap_gen] generated 5258 beads
[M::hk_bmap_gen] 131186 bin pairs
[M::blind-gpu] prepared pair buffers: n_diploid=5258 n_pairs=136400 n_block_keys=262922 n_steps=100
[I::fdg-gpu] blocklist CSR ready: edges=262922 avg_deg=50.00 max_deg=139
[M::hk_bmap_gen] generated 5258 beads
[M::hk_bmap_gen] 130816 bin pairs
[M::blind-gpu] prepared pair buffers: n_diploid=5258 n_pairs=136030 n_block_keys=262182 n_steps=100
[I::fdg-gpu] blocklist CSR ready: edges=262182 avg_deg=49.86 max_deg=140
[M::hk_bmap_gen] generated 5258 beads
[M::hk_bmap_gen] 130538 bin pairs
[M::blind-gpu] prepared pair buffers: n_diploid=5258 n_pairs=135751 n_block_keys=261628 n_steps=100
[I::fdg-gpu] blocklist CSR ready: edges=261628 avg_deg=49.76 max_deg=140
[M::hk_bmap_gen] generated 5258 beads
[M::hk_bmap_gen] 130257 bin pairs
[M::blind-gpu] prepared pair buffers: n_diploid=5258 n_pairs=135468 n_block_keys=261066 n_steps=100
[I::fdg-gpu] blocklist CSR ready: edges=261066 avg_deg=49.65 max_deg=140
[M::hk_bmap_gen] generated 5258 beads
[M::hk_bmap_gen] 129959 bin pairs
[M::blind-gpu] prepared pair buffers: n_diploid=5258 n_pairs=135174 n_block_keys=260478 n_steps=100
[I::fdg-gpu] blocklist CSR ready: edges=260478 avg_deg=49.54 max_deg=140
[M::hk_bmap_gen] generated 5258 beads
[M::hk_bmap_gen] 129729 bin pairs
[M::blind-gpu] prepared pair buffers: n_diploid=5258 n_pairs=134944 n_block_keys=260024 n_steps=100
[I::fdg-gpu] blocklist CSR ready: edges=260024 avg_deg=49.45 max_deg=139
[M::hk_bmap_gen] generated 5258 beads
[M::hk_bmap_gen] 129489 bin pairs
[M::blind-gpu] prepared pair buffers: n_diploid=5258 n_pairs=134702 n_block_keys=259544 n_steps=100
[I::fdg-gpu] blocklist CSR ready: edges=259544 avg_deg=49.36 max_deg=140
[M::hk_bmap_gen] generated 5258 beads
[M::hk_bmap_gen] 129278 bin pairs
[M::blind-gpu] prepared pair buffers: n_diploid=5258 n_pairs=134490 n_block_keys=259116 n_steps=100
[I::fdg-gpu] blocklist CSR ready: edges=259116 avg_deg=49.28 max_deg=140
[M::hk_bmap_gen] generated 5258 beads
[M::hk_bmap_gen] 128991 bin pairs
[M::blind-gpu] prepared pair buffers: n_diploid=5258 n_pairs=134202 n_block_keys=258546 n_steps=100
[I::fdg-gpu] blocklist CSR ready: edges=258546 avg_deg=49.17 max_deg=141
[M::hk_bmap_gen] generated 5258 beads
[M::hk_bmap_gen] 128744 bin pairs
[M::blind-gpu] prepared pair buffers: n_diploid=5258 n_pairs=133956 n_block_keys=258060 n_steps=100
[I::fdg-gpu] blocklist CSR ready: edges=258060 avg_deg=49.08 max_deg=139
[M::hk_bmap_gen] generated 5258 beads
[M::hk_bmap_gen] 128463 bin pairs
[M::blind-gpu] prepared pair buffers: n_diploid=5258 n_pairs=133674 n_block_keys=257494 n_steps=100
[I::fdg-gpu] blocklist CSR ready: edges=257494 avg_deg=48.97 max_deg=139
[M::hk_bmap_gen] generated 5258 beads
[M::hk_bmap_gen] 128285 bin pairs
[M::blind-gpu] prepared pair buffers: n_diploid=5258 n_pairs=133493 n_block_keys=257128 n_steps=100
[I::fdg-gpu] blocklist CSR ready: edges=257128 avg_deg=48.90 max_deg=139
[M::hk_bmap_gen] generated 5258 beads
[M::hk_bmap_gen] 128121 bin pairs
[M::blind-gpu] prepared pair buffers: n_diploid=5258 n_pairs=133329 n_block_keys=256806 n_steps=100
[I::fdg-gpu] blocklist CSR ready: edges=256806 avg_deg=48.84 max_deg=139
[M::hk_bmap_gen] generated 5258 beads
[M::hk_bmap_gen] 127902 bin pairs
[M::blind-gpu] prepared pair buffers: n_diploid=5258 n_pairs=133114 n_block_keys=256376 n_steps=100
[I::fdg-gpu] blocklist CSR ready: edges=256376 avg_deg=48.76 max_deg=139
[M::hk_bmap_gen] generated 5258 beads
[M::hk_bmap_gen] 127683 bin pairs
[M::blind-gpu] prepared pair buffers: n_diploid=5258 n_pairs=132897 n_block_keys=255946 n_steps=100
[I::fdg-gpu] blocklist CSR ready: edges=255946 avg_deg=48.68 max_deg=139
[M::hk_bmap_gen] generated 5258 beads
[M::hk_bmap_gen] 127513 bin pairs
[M::blind-gpu] prepared pair buffers: n_diploid=5258 n_pairs=132728 n_block_keys=255612 n_steps=100
[I::fdg-gpu] blocklist CSR ready: edges=255612 avg_deg=48.61 max_deg=138
[M::hk_bmap_gen] generated 5258 beads
[M::hk_bmap_gen] 127334 bin pairs
[M::blind-gpu] prepared pair buffers: n_diploid=5258 n_pairs=132550 n_block_keys=255260 n_steps=100
[I::fdg-gpu] blocklist CSR ready: edges=255260 avg_deg=48.55 max_deg=138
[M::hk_bmap_gen] generated 5258 beads
[M::hk_bmap_gen] 127077 bin pairs
[M::blind-gpu] prepared pair buffers: n_diploid=5258 n_pairs=132288 n_block_keys=254740 n_steps=100
[I::fdg-gpu] blocklist CSR ready: edges=254740 avg_deg=48.45 max_deg=138
[M::hk_bmap_gen] generated 5258 beads
[M::hk_bmap_gen] 126885 bin pairs
[M::blind-gpu] prepared pair buffers: n_diploid=5258 n_pairs=132098 n_block_keys=254362 n_steps=100
[I::fdg-gpu] blocklist CSR ready: edges=254362 avg_deg=48.38 max_deg=138
[M::hk_bmap_gen] generated 5258 beads
[M::hk_bmap_gen] 126729 bin pairs
[M::blind-gpu] prepared pair buffers: n_diploid=5258 n_pairs=131943 n_block_keys=254054 n_steps=100
[I::fdg-gpu] blocklist CSR ready: edges=254054 avg_deg=48.32 max_deg=140
[M::hk_bmap_gen] generated 5258 beads
[M::hk_bmap_gen] 126494 bin pairs
[M::blind-gpu] prepared pair buffers: n_diploid=5258 n_pairs=131705 n_block_keys=253578 n_steps=100
[I::fdg-gpu] blocklist CSR ready: edges=253578 avg_deg=48.23 max_deg=141
[M::hk_bmap_gen] generated 5258 beads
[M::hk_bmap_gen] 126278 bin pairs
[M::blind-gpu] prepared pair buffers: n_diploid=5258 n_pairs=131491 n_block_keys=253150 n_steps=100
[I::fdg-gpu] blocklist CSR ready: edges=253150 avg_deg=48.15 max_deg=141
[M::hk_bmap_gen] generated 5258 beads
[M::hk_bmap_gen] 126142 bin pairs
[M::blind-gpu] prepared pair buffers: n_diploid=5258 n_pairs=131353 n_block_keys=252866 n_steps=100
[I::fdg-gpu] blocklist CSR ready: edges=252866 avg_deg=48.09 max_deg=141
[M::hk_bmap_gen] generated 5258 beads
[M::hk_bmap_gen] 126034 bin pairs
[M::blind-gpu] prepared pair buffers: n_diploid=5258 n_pairs=131244 n_block_keys=252648 n_steps=100
[I::fdg-gpu] blocklist CSR ready: edges=252648 avg_deg=48.05 max_deg=142
[M::hk_bmap_gen] generated 5258 beads
[M::hk_bmap_gen] 125892 bin pairs
[M::blind-gpu] prepared pair buffers: n_diploid=5258 n_pairs=131101 n_block_keys=252362 n_steps=100
[I::fdg-gpu] blocklist CSR ready: edges=252362 avg_deg=48.00 max_deg=142
[M::hk_bmap_gen] generated 5258 beads
[M::hk_bmap_gen] 125695 bin pairs
[M::blind-gpu] prepared pair buffers: n_diploid=5258 n_pairs=130905 n_block_keys=251970 n_steps=100
[I::fdg-gpu] blocklist CSR ready: edges=251970 avg_deg=47.92 max_deg=142
[M::hk_bmap_gen] generated 5258 beads
[M::hk_bmap_gen] 125459 bin pairs
[M::blind-gpu] prepared pair buffers: n_diploid=5258 n_pairs=130667 n_block_keys=251498 n_steps=100
[I::fdg-gpu] blocklist CSR ready: edges=251498 avg_deg=47.83 max_deg=141
[M::hk_bmap_gen] generated 5258 beads
[M::hk_bmap_gen] 125166 bin pairs
[M::blind-gpu] prepared pair buffers: n_diploid=5258 n_pairs=130376 n_block_keys=250918 n_steps=100
[I::fdg-gpu] blocklist CSR ready: edges=250918 avg_deg=47.72 max_deg=141
[M::hk_bmap_gen] generated 5258 beads
[M::hk_bmap_gen] 124898 bin pairs
[M::blind-gpu] prepared pair buffers: n_diploid=5258 n_pairs=130105 n_block_keys=250378 n_steps=100
[I::fdg-gpu] blocklist CSR ready: edges=250378 avg_deg=47.62 max_deg=141
[M::hk_bmap_gen] generated 5258 beads
[M::hk_bmap_gen] 124712 bin pairs
[M::blind-gpu] prepared pair buffers: n_diploid=5258 n_pairs=129919 n_block_keys=250008 n_steps=100
[I::fdg-gpu] blocklist CSR ready: edges=250008 avg_deg=47.55 max_deg=141
[M::hk_bmap_gen] generated 5258 beads
[M::hk_bmap_gen] 124616 bin pairs
[M::blind-gpu] prepared pair buffers: n_diploid=5258 n_pairs=129823 n_block_keys=249826 n_steps=100
[I::fdg-gpu] blocklist CSR ready: edges=249826 avg_deg=47.51 max_deg=141
[M::hk_bmap_gen] generated 5258 beads
[M::hk_bmap_gen] 124425 bin pairs
[M::blind-gpu] prepared pair buffers: n_diploid=5258 n_pairs=129631 n_block_keys=249446 n_steps=100
[I::fdg-gpu] blocklist CSR ready: edges=249446 avg_deg=47.44 max_deg=141
[M::hk_bmap_gen] generated 5258 beads
[M::hk_bmap_gen] 124280 bin pairs
[M::blind-gpu] prepared pair buffers: n_diploid=5258 n_pairs=129488 n_block_keys=249164 n_steps=100
[I::fdg-gpu] blocklist CSR ready: edges=249164 avg_deg=47.39 max_deg=141
[M::hk_bmap_gen] generated 5258 beads
[M::hk_bmap_gen] 124099 bin pairs
[M::blind-gpu] prepared pair buffers: n_diploid=5258 n_pairs=129305 n_block_keys=248800 n_steps=100
[I::fdg-gpu] blocklist CSR ready: edges=248800 avg_deg=47.32 max_deg=140
[M::hk_bmap_gen] generated 5258 beads
[M::hk_bmap_gen] 123959 bin pairs
[M::blind-gpu] prepared pair buffers: n_diploid=5258 n_pairs=129165 n_block_keys=248518 n_steps=100
[I::fdg-gpu] blocklist CSR ready: edges=248518 avg_deg=47.26 max_deg=140
[M::hk_bmap_gen] generated 5258 beads
[M::hk_bmap_gen] 123837 bin pairs
[M::blind-gpu] prepared pair buffers: n_diploid=5258 n_pairs=129042 n_block_keys=248276 n_steps=100
[I::fdg-gpu] blocklist CSR ready: edges=248276 avg_deg=47.22 max_deg=140
[M::hk_bmap_gen] generated 5258 beads
[M::hk_bmap_gen] 123730 bin pairs
[M::blind-gpu] prepared pair buffers: n_diploid=5258 n_pairs=128937 n_block_keys=248066 n_steps=100
[I::fdg-gpu] blocklist CSR ready: edges=248066 avg_deg=47.18 max_deg=140
[M::hk_bmap_gen] generated 5258 beads
[M::hk_bmap_gen] 123645 bin pairs
[M::blind-gpu] prepared pair buffers: n_diploid=5258 n_pairs=128852 n_block_keys=247896 n_steps=100
[I::fdg-gpu] blocklist CSR ready: edges=247896 avg_deg=47.15 max_deg=140
[M::hk_bmap_gen] generated 5258 beads
[M::hk_bmap_gen] 123593 bin pairs
[M::blind-gpu] prepared pair buffers: n_diploid=5258 n_pairs=128804 n_block_keys=247802 n_steps=100
[I::fdg-gpu] blocklist CSR ready: edges=247802 avg_deg=47.13 max_deg=138
[M::hk_bmap_gen] generated 5258 beads
[M::hk_bmap_gen] 123512 bin pairs
[M::blind-gpu] prepared pair buffers: n_diploid=5258 n_pairs=128722 n_block_keys=247638 n_steps=100
[I::fdg-gpu] blocklist CSR ready: edges=247638 avg_deg=47.10 max_deg=138
[M::hk_bmap_gen] generated 5258 beads
[M::hk_bmap_gen] 123436 bin pairs
[M::blind-gpu] prepared pair buffers: n_diploid=5258 n_pairs=128646 n_block_keys=247484 n_steps=100
[I::fdg-gpu] blocklist CSR ready: edges=247484 avg_deg=47.07 max_deg=138
[M::hk_bmap_gen] generated 5258 beads
[M::hk_bmap_gen] 123358 bin pairs
[M::blind-gpu] prepared pair buffers: n_diploid=5258 n_pairs=128570 n_block_keys=247330 n_steps=100
[I::fdg-gpu] blocklist CSR ready: edges=247330 avg_deg=47.04 max_deg=138
[M::hk_bmap_gen] generated 5258 beads
[M::hk_bmap_gen] 123281 bin pairs
[M::blind-gpu] prepared pair buffers: n_diploid=5258 n_pairs=128493 n_block_keys=247178 n_steps=100
[I::fdg-gpu] blocklist CSR ready: edges=247178 avg_deg=47.01 max_deg=138
[M::hk_bmap_gen] generated 5258 beads
[M::hk_bmap_gen] 123219 bin pairs
[M::blind-gpu] prepared pair buffers: n_diploid=5258 n_pairs=128430 n_block_keys=247052 n_steps=100
[I::fdg-gpu] blocklist CSR ready: edges=247052 avg_deg=46.99 max_deg=138
[M::hk_bmap_gen] generated 5258 beads
[M::hk_bmap_gen] 123159 bin pairs
[M::blind-gpu] prepared pair buffers: n_diploid=5258 n_pairs=128372 n_block_keys=246936 n_steps=100
[I::fdg-gpu] blocklist CSR ready: edges=246936 avg_deg=46.96 max_deg=137
[M::hk_bmap_gen] generated 5258 beads
[M::hk_bmap_gen] 123113 bin pairs
[M::blind-gpu] prepared pair buffers: n_diploid=5258 n_pairs=128326 n_block_keys=246844 n_steps=100
[I::fdg-gpu] blocklist CSR ready: edges=246844 avg_deg=46.95 max_deg=137
[M::hk_bmap_gen] generated 5258 beads
[M::hk_bmap_gen] 123034 bin pairs
[M::blind-gpu] prepared pair buffers: n_diploid=5258 n_pairs=128247 n_block_keys=246688 n_steps=100
[I::fdg-gpu] blocklist CSR ready: edges=246688 avg_deg=46.92 max_deg=137
[M::hk_bmap_gen] generated 5258 beads
[M::hk_bmap_gen] 122984 bin pairs
[M::blind-gpu] prepared pair buffers: n_diploid=5258 n_pairs=128195 n_block_keys=246582 n_steps=100
[I::fdg-gpu] blocklist CSR ready: edges=246582 avg_deg=46.90 max_deg=137
[M::hk_bmap_gen] generated 5258 beads
[M::hk_bmap_gen] 122894 bin pairs
[M::blind-gpu] prepared pair buffers: n_diploid=5258 n_pairs=128101 n_block_keys=246390 n_steps=100
[I::fdg-gpu] blocklist CSR ready: edges=246390 avg_deg=46.86 max_deg=137
[M::hk_bmap_gen] generated 5258 beads
[M::hk_bmap_gen] 122778 bin pairs
[M::blind-gpu] prepared pair buffers: n_diploid=5258 n_pairs=127989 n_block_keys=246168 n_steps=100
[I::fdg-gpu] blocklist CSR ready: edges=246168 avg_deg=46.82 max_deg=137
[M::hk_bmap_gen] generated 5258 beads
[M::hk_bmap_gen] 122670 bin pairs
[M::blind-gpu] prepared pair buffers: n_diploid=5258 n_pairs=127881 n_block_keys=245954 n_steps=100
[I::fdg-gpu] blocklist CSR ready: edges=245954 avg_deg=46.78 max_deg=137
[M::hk_bmap_gen] generated 5258 beads
[M::hk_bmap_gen] 122555 bin pairs
[M::blind-gpu] prepared pair buffers: n_diploid=5258 n_pairs=127765 n_block_keys=245726 n_steps=100
[I::fdg-gpu] blocklist CSR ready: edges=245726 avg_deg=46.73 max_deg=137
[M::hk_bmap_gen] generated 5258 beads
[M::hk_bmap_gen] 122452 bin pairs
[M::blind-gpu] prepared pair buffers: n_diploid=5258 n_pairs=127662 n_block_keys=245524 n_steps=100
[I::fdg-gpu] blocklist CSR ready: edges=245524 avg_deg=46.70 max_deg=137
[M::hk_bmap_gen] generated 5258 beads
[M::hk_bmap_gen] 122378 bin pairs
[M::blind-gpu] prepared pair buffers: n_diploid=5258 n_pairs=127590 n_block_keys=245382 n_steps=100
[I::fdg-gpu] blocklist CSR ready: edges=245382 avg_deg=46.67 max_deg=137
[M::hk_bmap_gen] generated 5258 beads
[M::hk_bmap_gen] 122215 bin pairs
[M::blind-gpu] prepared pair buffers: n_diploid=5258 n_pairs=127428 n_block_keys=245056 n_steps=100
[I::fdg-gpu] blocklist CSR ready: edges=245056 avg_deg=46.61 max_deg=136
[M::hk_bmap_gen] generated 5258 beads
[M::hk_bmap_gen] 122142 bin pairs
[M::blind-gpu] prepared pair buffers: n_diploid=5258 n_pairs=127355 n_block_keys=244908 n_steps=100
[I::fdg-gpu] blocklist CSR ready: edges=244908 avg_deg=46.58 max_deg=136
[M::hk_bmap_gen] generated 5258 beads
[M::hk_bmap_gen] 122067 bin pairs
[M::blind-gpu] prepared pair buffers: n_diploid=5258 n_pairs=127279 n_block_keys=244746 n_steps=100
[I::fdg-gpu] blocklist CSR ready: edges=244746 avg_deg=46.55 max_deg=136
[M::hk_bmap_gen] generated 5258 beads
[M::hk_bmap_gen] 121961 bin pairs
[M::blind-gpu] prepared pair buffers: n_diploid=5258 n_pairs=127172 n_block_keys=244532 n_steps=100
[I::fdg-gpu] blocklist CSR ready: edges=244532 avg_deg=46.51 max_deg=136
[M::hk_bmap_gen] generated 5258 beads
[M::hk_bmap_gen] 121841 bin pairs
[M::blind-gpu] prepared pair buffers: n_diploid=5258 n_pairs=127050 n_block_keys=244286 n_steps=100
[I::fdg-gpu] blocklist CSR ready: edges=244286 avg_deg=46.46 max_deg=136
[M::hk_bmap_gen] generated 5258 beads
[M::hk_bmap_gen] 121708 bin pairs
[M::blind-gpu] prepared pair buffers: n_diploid=5258 n_pairs=126915 n_block_keys=244012 n_steps=100
[I::fdg-gpu] blocklist CSR ready: edges=244012 avg_deg=46.41 max_deg=135
[M::hk_bmap_gen] generated 5258 beads
[M::hk_bmap_gen] 121597 bin pairs
[M::blind-gpu] prepared pair buffers: n_diploid=5258 n_pairs=126805 n_block_keys=243792 n_steps=100
[I::fdg-gpu] blocklist CSR ready: edges=243792 avg_deg=46.37 max_deg=133
[M::hk_bmap_gen] generated 5258 beads
[M::hk_bmap_gen] 121522 bin pairs
[M::blind-gpu] prepared pair buffers: n_diploid=5258 n_pairs=126732 n_block_keys=243646 n_steps=100
[I::fdg-gpu] blocklist CSR ready: edges=243646 avg_deg=46.34 max_deg=133
[M::hk_bmap_gen] generated 5258 beads
[M::hk_bmap_gen] 121413 bin pairs
[M::blind-gpu] prepared pair buffers: n_diploid=5258 n_pairs=126622 n_block_keys=243426 n_steps=100
[I::fdg-gpu] blocklist CSR ready: edges=243426 avg_deg=46.30 max_deg=133
[M::hk_bmap_gen] generated 5258 beads
[M::hk_bmap_gen] 121360 bin pairs
[M::blind-gpu] prepared pair buffers: n_diploid=5258 n_pairs=126567 n_block_keys=243314 n_steps=100
[I::fdg-gpu] blocklist CSR ready: edges=243314 avg_deg=46.28 max_deg=133
[M::hk_bmap_gen] generated 5258 beads
[M::hk_bmap_gen] 121294 bin pairs
[M::blind-gpu] prepared pair buffers: n_diploid=5258 n_pairs=126498 n_block_keys=243178 n_steps=100
[I::fdg-gpu] blocklist CSR ready: edges=243178 avg_deg=46.25 max_deg=133
[M::hk_bmap_gen] generated 5258 beads
[M::hk_bmap_gen] 121235 bin pairs
[M::blind-gpu] prepared pair buffers: n_diploid=5258 n_pairs=126439 n_block_keys=243060 n_steps=100
[I::fdg-gpu] blocklist CSR ready: edges=243060 avg_deg=46.23 max_deg=133
[M::hk_bmap_gen] generated 5258 beads
[M::hk_bmap_gen] 121140 bin pairs
[M::blind-gpu] prepared pair buffers: n_diploid=5258 n_pairs=126344 n_block_keys=242874 n_steps=100
[I::fdg-gpu] blocklist CSR ready: edges=242874 avg_deg=46.19 max_deg=133
[M::hk_bmap_gen] generated 5258 beads
[M::hk_bmap_gen] 121088 bin pairs
[M::blind-gpu] prepared pair buffers: n_diploid=5258 n_pairs=126293 n_block_keys=242774 n_steps=100
[I::fdg-gpu] blocklist CSR ready: edges=242774 avg_deg=46.17 max_deg=133
[M::hk_bmap_gen] generated 5258 beads
[M::hk_bmap_gen] 121027 bin pairs
[M::blind-gpu] prepared pair buffers: n_diploid=5258 n_pairs=126232 n_block_keys=242658 n_steps=100
[I::fdg-gpu] blocklist CSR ready: edges=242658 avg_deg=46.15 max_deg=133
[M::hk_bmap_gen] generated 5258 beads
[M::hk_bmap_gen] 120994 bin pairs
[M::blind-gpu] prepared pair buffers: n_diploid=5258 n_pairs=126200 n_block_keys=242592 n_steps=100
[I::fdg-gpu] blocklist CSR ready: edges=242592 avg_deg=46.14 max_deg=133
[M::hk_bmap_gen] generated 5258 beads
[M::hk_bmap_gen] 120942 bin pairs
[M::blind-gpu] prepared pair buffers: n_diploid=5258 n_pairs=126149 n_block_keys=242492 n_steps=100
[I::fdg-gpu] blocklist CSR ready: edges=242492 avg_deg=46.12 max_deg=133
[M::hk_bmap_gen] generated 5258 beads
[M::hk_bmap_gen] 120865 bin pairs
[M::blind-gpu] prepared pair buffers: n_diploid=5258 n_pairs=126074 n_block_keys=242338 n_steps=100
[I::fdg-gpu] blocklist CSR ready: edges=242338 avg_deg=46.09 max_deg=133
[M::hk_bmap_gen] generated 5258 beads
[M::hk_bmap_gen] 120808 bin pairs
[M::blind-gpu] prepared pair buffers: n_diploid=5258 n_pairs=126017 n_block_keys=242220 n_steps=100
[I::fdg-gpu] blocklist CSR ready: edges=242220 avg_deg=46.07 max_deg=130
[M::hk_bmap_gen] generated 5258 beads
[M::hk_bmap_gen] 120739 bin pairs
[M::blind-gpu] prepared pair buffers: n_diploid=5258 n_pairs=125949 n_block_keys=242084 n_steps=100
[I::fdg-gpu] blocklist CSR ready: edges=242084 avg_deg=46.04 max_deg=131
[M::hk_bmap_gen] generated 5258 beads
[M::hk_bmap_gen] 120676 bin pairs
[M::blind-gpu] prepared pair buffers: n_diploid=5258 n_pairs=125884 n_block_keys=241954 n_steps=100
[I::fdg-gpu] blocklist CSR ready: edges=241954 avg_deg=46.02 max_deg=131
minimal P9016[1m]: write outputs to /mnt/ssd/zliu/phase3/test_res/016-20260618_150851-p9016_charm_contacts_condition_sweep_1m/work_outputs/1pr/p9016_charm3dg20k_1pr_pcgamma1_sep_off_ieps0p5_noise0/p9016_charm3dg20k_1pr_pcgamma1_sep_off_ieps0p5_noise0
[M::hk_bmap_gen] generated 5258 beads
[M::hk_bmap_gen] 120626 bin pairs
minimal P9016[1m]: status=OK final_entropy=0.65783191 final_pU=0.47452539
minimal P9016: summary /mnt/ssd/zliu/phase3/test_res/016-20260618_150851-p9016_charm_contacts_condition_sweep_1m/work_outputs/1pr/p9016_charm3dg20k_1pr_pcgamma1_sep_off_ieps0p5_noise0/matrix_summary.tsv
