minimal P9016: input=/mnt/ssd/zliu/phase3/test_res/016-20260618_150851-p9016_charm_contacts_condition_sweep_1m/synthetic_pairs/p9016_charm3dg20k_1pr_contacts.pairs.gz output_root=/mnt/ssd/zliu/phase3/test_res/016-20260618_150851-p9016_charm_contacts_condition_sweep_1m/work_outputs/1pr/p9016_charm3dg20k_1pr_pcgamma0_sep_off_ieps0p5_noise0 config=p9016_charm3dg20k_1pr_pcgamma0_sep_off_ieps0p5_noise0 baseline=softall n_iter=100 relax_steps=100 relax_step=0.012 chain=0 init_mode=unphased_scaffold_split init_eps=0.5 init_noise=0 init_scale=10 init_seed=17 min_sep=0 lambda_sep=0 d_scale_mode=posterior_count d_scale_input=posterior_count d_scale_formula=n_raw*posterior_prob^0 d_scale_gamma=0 d_scale_eps=1e-06 relax_backend=gpu
minimal P9016: stage 1/1 name=1m bin_size_bp=1000000 parent=0
[M::hk_map_read] read 1265114 pairs
[M::hk_bmap_gen] generated 2629 beads
[M::hk_bmap_gen] 58703 bin pairs
minimal P9016[1m]: build binned contacts
minimal P9016[1m]: init mode=unphased_scaffold_split seed=17 scale=10
[M::hk_fdg] mid_dist:1000000 max_nei:2422
[M::hk_fdg1_cpu] iter:10 elapsed:0.10s rep_coef:0.2092 RMS_force:57.6141 n_rep:45.1948 energy:33.4130,14.2949,0.0044 dist:6.5074,12.9573,1.4848
[M::hk_fdg1_cpu] iter:20 elapsed:0.30s rep_coef:0.6615 RMS_force:44.4565 n_rep:161.4808 energy:9.5725,8.1119,0.0147 dist:3.7386,8.1890,1.4661
[M::hk_fdg1_cpu] iter:30 elapsed:0.83s rep_coef:0.9352 RMS_force:30.6015 n_rep:355.6698 energy:1.8459,4.1597,0.0226 dist:2.0825,5.0919,1.4352
[M::hk_fdg1_cpu] iter:40 elapsed:1.25s rep_coef:0.9907 RMS_force:23.8460 n_rep:90.4097 energy:0.3536,1.7976,0.0275 dist:1.2256,3.4605,1.3917
[M::hk_fdg1_cpu] iter:50 elapsed:1.47s rep_coef:0.9987 RMS_force:14.3544 n_rep:73.3682 energy:0.1024,0.9576,0.0323 dist:0.8004,2.6721,1.3439
minimal P9016[1m]: run softall, n_iter=100 relax_steps=100 relax_step=0.012 relax_backend=gpu
[M::hk_bmap_gen] generated 5258 beads
[M::hk_bmap_gen] 203555 bin pairs
[M::blind-gpu] prepared pair buffers: n_diploid=5258 n_pairs=208766 n_block_keys=407580 n_steps=100
[I::fdg-gpu] blocklist CSR ready: edges=407580 avg_deg=77.52 max_deg=164
[M::hk_bmap_gen] generated 5258 beads
[M::hk_bmap_gen] 205248 bin pairs
[M::blind-gpu] prepared pair buffers: n_diploid=5258 n_pairs=210458 n_block_keys=410966 n_steps=100
[I::fdg-gpu] blocklist CSR ready: edges=410966 avg_deg=78.16 max_deg=163
[M::hk_bmap_gen] generated 5258 beads
[M::hk_bmap_gen] 203572 bin pairs
[M::blind-gpu] prepared pair buffers: n_diploid=5258 n_pairs=208782 n_block_keys=407616 n_steps=100
[I::fdg-gpu] blocklist CSR ready: edges=407616 avg_deg=77.52 max_deg=163
[M::hk_bmap_gen] generated 5258 beads
[M::hk_bmap_gen] 201388 bin pairs
[M::blind-gpu] prepared pair buffers: n_diploid=5258 n_pairs=206602 n_block_keys=403260 n_steps=100
[I::fdg-gpu] blocklist CSR ready: edges=403260 avg_deg=76.69 max_deg=163
[M::hk_bmap_gen] generated 5258 beads
[M::hk_bmap_gen] 199319 bin pairs
[M::blind-gpu] prepared pair buffers: n_diploid=5258 n_pairs=204537 n_block_keys=399132 n_steps=100
[I::fdg-gpu] blocklist CSR ready: edges=399132 avg_deg=75.91 max_deg=163
[M::hk_bmap_gen] generated 5258 beads
[M::hk_bmap_gen] 197694 bin pairs
[M::blind-gpu] prepared pair buffers: n_diploid=5258 n_pairs=202908 n_block_keys=395876 n_steps=100
[I::fdg-gpu] blocklist CSR ready: edges=395876 avg_deg=75.29 max_deg=163
[M::hk_bmap_gen] generated 5258 beads
[M::hk_bmap_gen] 196325 bin pairs
[M::blind-gpu] prepared pair buffers: n_diploid=5258 n_pairs=201542 n_block_keys=393152 n_steps=100
[I::fdg-gpu] blocklist CSR ready: edges=393152 avg_deg=74.77 max_deg=163
[M::hk_bmap_gen] generated 5258 beads
[M::hk_bmap_gen] 195207 bin pairs
[M::blind-gpu] prepared pair buffers: n_diploid=5258 n_pairs=200416 n_block_keys=390904 n_steps=100
[I::fdg-gpu] blocklist CSR ready: edges=390904 avg_deg=74.34 max_deg=163
[M::hk_bmap_gen] generated 5258 beads
[M::hk_bmap_gen] 194366 bin pairs
[M::blind-gpu] prepared pair buffers: n_diploid=5258 n_pairs=199576 n_block_keys=389230 n_steps=100
[I::fdg-gpu] blocklist CSR ready: edges=389230 avg_deg=74.03 max_deg=164
[M::hk_bmap_gen] generated 5258 beads
[M::hk_bmap_gen] 193581 bin pairs
[M::blind-gpu] prepared pair buffers: n_diploid=5258 n_pairs=198795 n_block_keys=387670 n_steps=100
[I::fdg-gpu] blocklist CSR ready: edges=387670 avg_deg=73.73 max_deg=164
[M::hk_bmap_gen] generated 5258 beads
[M::hk_bmap_gen] 192823 bin pairs
[M::blind-gpu] prepared pair buffers: n_diploid=5258 n_pairs=198038 n_block_keys=386154 n_steps=100
[I::fdg-gpu] blocklist CSR ready: edges=386154 avg_deg=73.44 max_deg=164
[M::hk_bmap_gen] generated 5258 beads
[M::hk_bmap_gen] 192125 bin pairs
[M::blind-gpu] prepared pair buffers: n_diploid=5258 n_pairs=197339 n_block_keys=384754 n_steps=100
[I::fdg-gpu] blocklist CSR ready: edges=384754 avg_deg=73.17 max_deg=165
[M::hk_bmap_gen] generated 5258 beads
[M::hk_bmap_gen] 191583 bin pairs
[M::blind-gpu] prepared pair buffers: n_diploid=5258 n_pairs=196793 n_block_keys=383664 n_steps=100
[I::fdg-gpu] blocklist CSR ready: edges=383664 avg_deg=72.97 max_deg=165
[M::hk_bmap_gen] generated 5258 beads
[M::hk_bmap_gen] 191160 bin pairs
[M::blind-gpu] prepared pair buffers: n_diploid=5258 n_pairs=196370 n_block_keys=382818 n_steps=100
[I::fdg-gpu] blocklist CSR ready: edges=382818 avg_deg=72.81 max_deg=165
[M::hk_bmap_gen] generated 5258 beads
[M::hk_bmap_gen] 190861 bin pairs
[M::blind-gpu] prepared pair buffers: n_diploid=5258 n_pairs=196073 n_block_keys=382220 n_steps=100
[I::fdg-gpu] blocklist CSR ready: edges=382220 avg_deg=72.69 max_deg=165
[M::hk_bmap_gen] generated 5258 beads
[M::hk_bmap_gen] 190627 bin pairs
[M::blind-gpu] prepared pair buffers: n_diploid=5258 n_pairs=195839 n_block_keys=381754 n_steps=100
[I::fdg-gpu] blocklist CSR ready: edges=381754 avg_deg=72.60 max_deg=165
[M::hk_bmap_gen] generated 5258 beads
[M::hk_bmap_gen] 190478 bin pairs
[M::blind-gpu] prepared pair buffers: n_diploid=5258 n_pairs=195693 n_block_keys=381462 n_steps=100
[I::fdg-gpu] blocklist CSR ready: edges=381462 avg_deg=72.55 max_deg=166
[M::hk_bmap_gen] generated 5258 beads
[M::hk_bmap_gen] 190351 bin pairs
[M::blind-gpu] prepared pair buffers: n_diploid=5258 n_pairs=195567 n_block_keys=381214 n_steps=100
[I::fdg-gpu] blocklist CSR ready: edges=381214 avg_deg=72.50 max_deg=166
[M::hk_bmap_gen] generated 5258 beads
[M::hk_bmap_gen] 190212 bin pairs
[M::blind-gpu] prepared pair buffers: n_diploid=5258 n_pairs=195429 n_block_keys=380938 n_steps=100
[I::fdg-gpu] blocklist CSR ready: edges=380938 avg_deg=72.45 max_deg=166
[M::hk_bmap_gen] generated 5258 beads
[M::hk_bmap_gen] 190082 bin pairs
[M::blind-gpu] prepared pair buffers: n_diploid=5258 n_pairs=195297 n_block_keys=380670 n_steps=100
[I::fdg-gpu] blocklist CSR ready: edges=380670 avg_deg=72.40 max_deg=166
[M::hk_bmap_gen] generated 5258 beads
[M::hk_bmap_gen] 189962 bin pairs
[M::blind-gpu] prepared pair buffers: n_diploid=5258 n_pairs=195176 n_block_keys=380428 n_steps=100
[I::fdg-gpu] blocklist CSR ready: edges=380428 avg_deg=72.35 max_deg=166
[M::hk_bmap_gen] generated 5258 beads
[M::hk_bmap_gen] 189835 bin pairs
[M::blind-gpu] prepared pair buffers: n_diploid=5258 n_pairs=195046 n_block_keys=380172 n_steps=100
[I::fdg-gpu] blocklist CSR ready: edges=380172 avg_deg=72.30 max_deg=166
[M::hk_bmap_gen] generated 5258 beads
[M::hk_bmap_gen] 189681 bin pairs
[M::blind-gpu] prepared pair buffers: n_diploid=5258 n_pairs=194894 n_block_keys=379866 n_steps=100
[I::fdg-gpu] blocklist CSR ready: edges=379866 avg_deg=72.25 max_deg=166
[M::hk_bmap_gen] generated 5258 beads
[M::hk_bmap_gen] 189515 bin pairs
[M::blind-gpu] prepared pair buffers: n_diploid=5258 n_pairs=194729 n_block_keys=379538 n_steps=100
[I::fdg-gpu] blocklist CSR ready: edges=379538 avg_deg=72.18 max_deg=166
[M::hk_bmap_gen] generated 5258 beads
[M::hk_bmap_gen] 189351 bin pairs
[M::blind-gpu] prepared pair buffers: n_diploid=5258 n_pairs=194565 n_block_keys=379210 n_steps=100
[I::fdg-gpu] blocklist CSR ready: edges=379210 avg_deg=72.12 max_deg=166
[M::hk_bmap_gen] generated 5258 beads
[M::hk_bmap_gen] 189114 bin pairs
[M::blind-gpu] prepared pair buffers: n_diploid=5258 n_pairs=194328 n_block_keys=378732 n_steps=100
[I::fdg-gpu] blocklist CSR ready: edges=378732 avg_deg=72.03 max_deg=164
[M::hk_bmap_gen] generated 5258 beads
[M::hk_bmap_gen] 188873 bin pairs
[M::blind-gpu] prepared pair buffers: n_diploid=5258 n_pairs=194084 n_block_keys=378248 n_steps=100
[I::fdg-gpu] blocklist CSR ready: edges=378248 avg_deg=71.94 max_deg=164
[M::hk_bmap_gen] generated 5258 beads
[M::hk_bmap_gen] 188684 bin pairs
[M::blind-gpu] prepared pair buffers: n_diploid=5258 n_pairs=193898 n_block_keys=377878 n_steps=100
[I::fdg-gpu] blocklist CSR ready: edges=377878 avg_deg=71.87 max_deg=164
[M::hk_bmap_gen] generated 5258 beads
[M::hk_bmap_gen] 188508 bin pairs
[M::blind-gpu] prepared pair buffers: n_diploid=5258 n_pairs=193723 n_block_keys=377526 n_steps=100
[I::fdg-gpu] blocklist CSR ready: edges=377526 avg_deg=71.80 max_deg=164
[M::hk_bmap_gen] generated 5258 beads
[M::hk_bmap_gen] 188339 bin pairs
[M::blind-gpu] prepared pair buffers: n_diploid=5258 n_pairs=193551 n_block_keys=377182 n_steps=100
[I::fdg-gpu] blocklist CSR ready: edges=377182 avg_deg=71.73 max_deg=164
[M::hk_bmap_gen] generated 5258 beads
[M::hk_bmap_gen] 188233 bin pairs
[M::blind-gpu] prepared pair buffers: n_diploid=5258 n_pairs=193450 n_block_keys=376978 n_steps=100
[I::fdg-gpu] blocklist CSR ready: edges=376978 avg_deg=71.70 max_deg=164
[M::hk_bmap_gen] generated 5258 beads
[M::hk_bmap_gen] 188109 bin pairs
[M::blind-gpu] prepared pair buffers: n_diploid=5258 n_pairs=193327 n_block_keys=376730 n_steps=100
[I::fdg-gpu] blocklist CSR ready: edges=376730 avg_deg=71.65 max_deg=164
[M::hk_bmap_gen] generated 5258 beads
[M::hk_bmap_gen] 187994 bin pairs
[M::blind-gpu] prepared pair buffers: n_diploid=5258 n_pairs=193211 n_block_keys=376498 n_steps=100
[I::fdg-gpu] blocklist CSR ready: edges=376498 avg_deg=71.60 max_deg=164
[M::hk_bmap_gen] generated 5258 beads
[M::hk_bmap_gen] 187923 bin pairs
[M::blind-gpu] prepared pair buffers: n_diploid=5258 n_pairs=193139 n_block_keys=376356 n_steps=100
[I::fdg-gpu] blocklist CSR ready: edges=376356 avg_deg=71.58 max_deg=163
[M::hk_bmap_gen] generated 5258 beads
[M::hk_bmap_gen] 187817 bin pairs
[M::blind-gpu] prepared pair buffers: n_diploid=5258 n_pairs=193033 n_block_keys=376144 n_steps=100
[I::fdg-gpu] blocklist CSR ready: edges=376144 avg_deg=71.54 max_deg=163
[M::hk_bmap_gen] generated 5258 beads
[M::hk_bmap_gen] 187677 bin pairs
[M::blind-gpu] prepared pair buffers: n_diploid=5258 n_pairs=192893 n_block_keys=375866 n_steps=100
[I::fdg-gpu] blocklist CSR ready: edges=375866 avg_deg=71.48 max_deg=163
[M::hk_bmap_gen] generated 5258 beads
[M::hk_bmap_gen] 187594 bin pairs
[M::blind-gpu] prepared pair buffers: n_diploid=5258 n_pairs=192810 n_block_keys=375702 n_steps=100
[I::fdg-gpu] blocklist CSR ready: edges=375702 avg_deg=71.45 max_deg=163
[M::hk_bmap_gen] generated 5258 beads
[M::hk_bmap_gen] 187478 bin pairs
[M::blind-gpu] prepared pair buffers: n_diploid=5258 n_pairs=192693 n_block_keys=375470 n_steps=100
[I::fdg-gpu] blocklist CSR ready: edges=375470 avg_deg=71.41 max_deg=163
[M::hk_bmap_gen] generated 5258 beads
[M::hk_bmap_gen] 187373 bin pairs
[M::blind-gpu] prepared pair buffers: n_diploid=5258 n_pairs=192587 n_block_keys=375258 n_steps=100
[I::fdg-gpu] blocklist CSR ready: edges=375258 avg_deg=71.37 max_deg=163
[M::hk_bmap_gen] generated 5258 beads
[M::hk_bmap_gen] 187313 bin pairs
[M::blind-gpu] prepared pair buffers: n_diploid=5258 n_pairs=192527 n_block_keys=375144 n_steps=100
[I::fdg-gpu] blocklist CSR ready: edges=375144 avg_deg=71.35 max_deg=163
[M::hk_bmap_gen] generated 5258 beads
[M::hk_bmap_gen] 187234 bin pairs
[M::blind-gpu] prepared pair buffers: n_diploid=5258 n_pairs=192445 n_block_keys=374980 n_steps=100
[I::fdg-gpu] blocklist CSR ready: edges=374980 avg_deg=71.32 max_deg=163
[M::hk_bmap_gen] generated 5258 beads
[M::hk_bmap_gen] 187158 bin pairs
[M::blind-gpu] prepared pair buffers: n_diploid=5258 n_pairs=192369 n_block_keys=374826 n_steps=100
[I::fdg-gpu] blocklist CSR ready: edges=374826 avg_deg=71.29 max_deg=162
[M::hk_bmap_gen] generated 5258 beads
[M::hk_bmap_gen] 187115 bin pairs
[M::blind-gpu] prepared pair buffers: n_diploid=5258 n_pairs=192326 n_block_keys=374742 n_steps=100
[I::fdg-gpu] blocklist CSR ready: edges=374742 avg_deg=71.27 max_deg=162
[M::hk_bmap_gen] generated 5258 beads
[M::hk_bmap_gen] 187024 bin pairs
[M::blind-gpu] prepared pair buffers: n_diploid=5258 n_pairs=192235 n_block_keys=374562 n_steps=100
[I::fdg-gpu] blocklist CSR ready: edges=374562 avg_deg=71.24 max_deg=161
[M::hk_bmap_gen] generated 5258 beads
[M::hk_bmap_gen] 186956 bin pairs
[M::blind-gpu] prepared pair buffers: n_diploid=5258 n_pairs=192171 n_block_keys=374432 n_steps=100
[I::fdg-gpu] blocklist CSR ready: edges=374432 avg_deg=71.21 max_deg=161
[M::hk_bmap_gen] generated 5258 beads
[M::hk_bmap_gen] 186855 bin pairs
[M::blind-gpu] prepared pair buffers: n_diploid=5258 n_pairs=192069 n_block_keys=374230 n_steps=100
[I::fdg-gpu] blocklist CSR ready: edges=374230 avg_deg=71.17 max_deg=163
[M::hk_bmap_gen] generated 5258 beads
[M::hk_bmap_gen] 186739 bin pairs
[M::blind-gpu] prepared pair buffers: n_diploid=5258 n_pairs=191952 n_block_keys=373990 n_steps=100
[I::fdg-gpu] blocklist CSR ready: edges=373990 avg_deg=71.13 max_deg=163
[M::hk_bmap_gen] generated 5258 beads
[M::hk_bmap_gen] 186652 bin pairs
[M::blind-gpu] prepared pair buffers: n_diploid=5258 n_pairs=191867 n_block_keys=373818 n_steps=100
[I::fdg-gpu] blocklist CSR ready: edges=373818 avg_deg=71.10 max_deg=163
[M::hk_bmap_gen] generated 5258 beads
[M::hk_bmap_gen] 186564 bin pairs
[M::blind-gpu] prepared pair buffers: n_diploid=5258 n_pairs=191778 n_block_keys=373638 n_steps=100
[I::fdg-gpu] blocklist CSR ready: edges=373638 avg_deg=71.06 max_deg=163
[M::hk_bmap_gen] generated 5258 beads
[M::hk_bmap_gen] 186511 bin pairs
[M::blind-gpu] prepared pair buffers: n_diploid=5258 n_pairs=191726 n_block_keys=373536 n_steps=100
[I::fdg-gpu] blocklist CSR ready: edges=373536 avg_deg=71.04 max_deg=163
[M::hk_bmap_gen] generated 5258 beads
[M::hk_bmap_gen] 186413 bin pairs
[M::blind-gpu] prepared pair buffers: n_diploid=5258 n_pairs=191628 n_block_keys=373338 n_steps=100
[I::fdg-gpu] blocklist CSR ready: edges=373338 avg_deg=71.00 max_deg=163
[M::hk_bmap_gen] generated 5258 beads
[M::hk_bmap_gen] 186342 bin pairs
[M::blind-gpu] prepared pair buffers: n_diploid=5258 n_pairs=191557 n_block_keys=373196 n_steps=100
[I::fdg-gpu] blocklist CSR ready: edges=373196 avg_deg=70.98 max_deg=163
[M::hk_bmap_gen] generated 5258 beads
[M::hk_bmap_gen] 186265 bin pairs
[M::blind-gpu] prepared pair buffers: n_diploid=5258 n_pairs=191479 n_block_keys=373040 n_steps=100
[I::fdg-gpu] blocklist CSR ready: edges=373040 avg_deg=70.95 max_deg=163
[M::hk_bmap_gen] generated 5258 beads
[M::hk_bmap_gen] 186203 bin pairs
[M::blind-gpu] prepared pair buffers: n_diploid=5258 n_pairs=191416 n_block_keys=372914 n_steps=100
[I::fdg-gpu] blocklist CSR ready: edges=372914 avg_deg=70.92 max_deg=163
[M::hk_bmap_gen] generated 5258 beads
[M::hk_bmap_gen] 186145 bin pairs
[M::blind-gpu] prepared pair buffers: n_diploid=5258 n_pairs=191359 n_block_keys=372798 n_steps=100
[I::fdg-gpu] blocklist CSR ready: edges=372798 avg_deg=70.90 max_deg=163
[M::hk_bmap_gen] generated 5258 beads
[M::hk_bmap_gen] 186077 bin pairs
[M::blind-gpu] prepared pair buffers: n_diploid=5258 n_pairs=191290 n_block_keys=372658 n_steps=100
[I::fdg-gpu] blocklist CSR ready: edges=372658 avg_deg=70.87 max_deg=163
[M::hk_bmap_gen] generated 5258 beads
[M::hk_bmap_gen] 186025 bin pairs
[M::blind-gpu] prepared pair buffers: n_diploid=5258 n_pairs=191237 n_block_keys=372554 n_steps=100
[I::fdg-gpu] blocklist CSR ready: edges=372554 avg_deg=70.85 max_deg=163
[M::hk_bmap_gen] generated 5258 beads
[M::hk_bmap_gen] 185935 bin pairs
[M::blind-gpu] prepared pair buffers: n_diploid=5258 n_pairs=191149 n_block_keys=372380 n_steps=100
[I::fdg-gpu] blocklist CSR ready: edges=372380 avg_deg=70.82 max_deg=163
[M::hk_bmap_gen] generated 5258 beads
[M::hk_bmap_gen] 185878 bin pairs
[M::blind-gpu] prepared pair buffers: n_diploid=5258 n_pairs=191092 n_block_keys=372266 n_steps=100
[I::fdg-gpu] blocklist CSR ready: edges=372266 avg_deg=70.80 max_deg=163
[M::hk_bmap_gen] generated 5258 beads
[M::hk_bmap_gen] 185839 bin pairs
[M::blind-gpu] prepared pair buffers: n_diploid=5258 n_pairs=191053 n_block_keys=372188 n_steps=100
[I::fdg-gpu] blocklist CSR ready: edges=372188 avg_deg=70.79 max_deg=163
[M::hk_bmap_gen] generated 5258 beads
[M::hk_bmap_gen] 185795 bin pairs
[M::blind-gpu] prepared pair buffers: n_diploid=5258 n_pairs=191009 n_block_keys=372100 n_steps=100
[I::fdg-gpu] blocklist CSR ready: edges=372100 avg_deg=70.77 max_deg=163
[M::hk_bmap_gen] generated 5258 beads
[M::hk_bmap_gen] 185750 bin pairs
[M::blind-gpu] prepared pair buffers: n_diploid=5258 n_pairs=190964 n_block_keys=372008 n_steps=100
[I::fdg-gpu] blocklist CSR ready: edges=372008 avg_deg=70.75 max_deg=163
[M::hk_bmap_gen] generated 5258 beads
[M::hk_bmap_gen] 185692 bin pairs
[M::blind-gpu] prepared pair buffers: n_diploid=5258 n_pairs=190905 n_block_keys=371888 n_steps=100
[I::fdg-gpu] blocklist CSR ready: edges=371888 avg_deg=70.73 max_deg=163
[M::hk_bmap_gen] generated 5258 beads
[M::hk_bmap_gen] 185614 bin pairs
[M::blind-gpu] prepared pair buffers: n_diploid=5258 n_pairs=190829 n_block_keys=371736 n_steps=100
[I::fdg-gpu] blocklist CSR ready: edges=371736 avg_deg=70.70 max_deg=163
[M::hk_bmap_gen] generated 5258 beads
[M::hk_bmap_gen] 185549 bin pairs
[M::blind-gpu] prepared pair buffers: n_diploid=5258 n_pairs=190764 n_block_keys=371606 n_steps=100
[I::fdg-gpu] blocklist CSR ready: edges=371606 avg_deg=70.67 max_deg=163
[M::hk_bmap_gen] generated 5258 beads
[M::hk_bmap_gen] 185493 bin pairs
[M::blind-gpu] prepared pair buffers: n_diploid=5258 n_pairs=190704 n_block_keys=371492 n_steps=100
[I::fdg-gpu] blocklist CSR ready: edges=371492 avg_deg=70.65 max_deg=163
[M::hk_bmap_gen] generated 5258 beads
[M::hk_bmap_gen] 185445 bin pairs
[M::blind-gpu] prepared pair buffers: n_diploid=5258 n_pairs=190658 n_block_keys=371400 n_steps=100
[I::fdg-gpu] blocklist CSR ready: edges=371400 avg_deg=70.64 max_deg=163
[M::hk_bmap_gen] generated 5258 beads
[M::hk_bmap_gen] 185411 bin pairs
[M::blind-gpu] prepared pair buffers: n_diploid=5258 n_pairs=190624 n_block_keys=371330 n_steps=100
[I::fdg-gpu] blocklist CSR ready: edges=371330 avg_deg=70.62 max_deg=163
[M::hk_bmap_gen] generated 5258 beads
[M::hk_bmap_gen] 185372 bin pairs
[M::blind-gpu] prepared pair buffers: n_diploid=5258 n_pairs=190584 n_block_keys=371254 n_steps=100
[I::fdg-gpu] blocklist CSR ready: edges=371254 avg_deg=70.61 max_deg=163
[M::hk_bmap_gen] generated 5258 beads
[M::hk_bmap_gen] 185322 bin pairs
[M::blind-gpu] prepared pair buffers: n_diploid=5258 n_pairs=190534 n_block_keys=371154 n_steps=100
[I::fdg-gpu] blocklist CSR ready: edges=371154 avg_deg=70.59 max_deg=163
[M::hk_bmap_gen] generated 5258 beads
[M::hk_bmap_gen] 185247 bin pairs
[M::blind-gpu] prepared pair buffers: n_diploid=5258 n_pairs=190461 n_block_keys=371008 n_steps=100
[I::fdg-gpu] blocklist CSR ready: edges=371008 avg_deg=70.56 max_deg=163
[M::hk_bmap_gen] generated 5258 beads
[M::hk_bmap_gen] 185204 bin pairs
[M::blind-gpu] prepared pair buffers: n_diploid=5258 n_pairs=190420 n_block_keys=370926 n_steps=100
[I::fdg-gpu] blocklist CSR ready: edges=370926 avg_deg=70.55 max_deg=163
[M::hk_bmap_gen] generated 5258 beads
[M::hk_bmap_gen] 185170 bin pairs
[M::blind-gpu] prepared pair buffers: n_diploid=5258 n_pairs=190386 n_block_keys=370858 n_steps=100
[I::fdg-gpu] blocklist CSR ready: edges=370858 avg_deg=70.53 max_deg=163
[M::hk_bmap_gen] generated 5258 beads
[M::hk_bmap_gen] 185111 bin pairs
[M::blind-gpu] prepared pair buffers: n_diploid=5258 n_pairs=190325 n_block_keys=370736 n_steps=100
[I::fdg-gpu] blocklist CSR ready: edges=370736 avg_deg=70.51 max_deg=163
[M::hk_bmap_gen] generated 5258 beads
[M::hk_bmap_gen] 185054 bin pairs
[M::blind-gpu] prepared pair buffers: n_diploid=5258 n_pairs=190269 n_block_keys=370622 n_steps=100
[I::fdg-gpu] blocklist CSR ready: edges=370622 avg_deg=70.49 max_deg=163
[M::hk_bmap_gen] generated 5258 beads
[M::hk_bmap_gen] 184973 bin pairs
[M::blind-gpu] prepared pair buffers: n_diploid=5258 n_pairs=190188 n_block_keys=370462 n_steps=100
[I::fdg-gpu] blocklist CSR ready: edges=370462 avg_deg=70.46 max_deg=163
[M::hk_bmap_gen] generated 5258 beads
[M::hk_bmap_gen] 184917 bin pairs
[M::blind-gpu] prepared pair buffers: n_diploid=5258 n_pairs=190133 n_block_keys=370352 n_steps=100
[I::fdg-gpu] blocklist CSR ready: edges=370352 avg_deg=70.44 max_deg=163
[M::hk_bmap_gen] generated 5258 beads
[M::hk_bmap_gen] 184879 bin pairs
[M::blind-gpu] prepared pair buffers: n_diploid=5258 n_pairs=190095 n_block_keys=370276 n_steps=100
[I::fdg-gpu] blocklist CSR ready: edges=370276 avg_deg=70.42 max_deg=163
[M::hk_bmap_gen] generated 5258 beads
[M::hk_bmap_gen] 184844 bin pairs
[M::blind-gpu] prepared pair buffers: n_diploid=5258 n_pairs=190060 n_block_keys=370204 n_steps=100
[I::fdg-gpu] blocklist CSR ready: edges=370204 avg_deg=70.41 max_deg=163
[M::hk_bmap_gen] generated 5258 beads
[M::hk_bmap_gen] 184796 bin pairs
[M::blind-gpu] prepared pair buffers: n_diploid=5258 n_pairs=190012 n_block_keys=370108 n_steps=100
[I::fdg-gpu] blocklist CSR ready: edges=370108 avg_deg=70.39 max_deg=163
[M::hk_bmap_gen] generated 5258 beads
[M::hk_bmap_gen] 184752 bin pairs
[M::blind-gpu] prepared pair buffers: n_diploid=5258 n_pairs=189968 n_block_keys=370020 n_steps=100
[I::fdg-gpu] blocklist CSR ready: edges=370020 avg_deg=70.37 max_deg=163
[M::hk_bmap_gen] generated 5258 beads
[M::hk_bmap_gen] 184708 bin pairs
[M::blind-gpu] prepared pair buffers: n_diploid=5258 n_pairs=189924 n_block_keys=369932 n_steps=100
[I::fdg-gpu] blocklist CSR ready: edges=369932 avg_deg=70.36 max_deg=163
[M::hk_bmap_gen] generated 5258 beads
[M::hk_bmap_gen] 184662 bin pairs
[M::blind-gpu] prepared pair buffers: n_diploid=5258 n_pairs=189877 n_block_keys=369838 n_steps=100
[I::fdg-gpu] blocklist CSR ready: edges=369838 avg_deg=70.34 max_deg=163
[M::hk_bmap_gen] generated 5258 beads
[M::hk_bmap_gen] 184625 bin pairs
[M::blind-gpu] prepared pair buffers: n_diploid=5258 n_pairs=189841 n_block_keys=369766 n_steps=100
[I::fdg-gpu] blocklist CSR ready: edges=369766 avg_deg=70.32 max_deg=163
[M::hk_bmap_gen] generated 5258 beads
[M::hk_bmap_gen] 184618 bin pairs
[M::blind-gpu] prepared pair buffers: n_diploid=5258 n_pairs=189834 n_block_keys=369754 n_steps=100
[I::fdg-gpu] blocklist CSR ready: edges=369754 avg_deg=70.32 max_deg=163
[M::hk_bmap_gen] generated 5258 beads
[M::hk_bmap_gen] 184575 bin pairs
[M::blind-gpu] prepared pair buffers: n_diploid=5258 n_pairs=189791 n_block_keys=369668 n_steps=100
[I::fdg-gpu] blocklist CSR ready: edges=369668 avg_deg=70.31 max_deg=163
[M::hk_bmap_gen] generated 5258 beads
[M::hk_bmap_gen] 184543 bin pairs
[M::blind-gpu] prepared pair buffers: n_diploid=5258 n_pairs=189759 n_block_keys=369604 n_steps=100
[I::fdg-gpu] blocklist CSR ready: edges=369604 avg_deg=70.29 max_deg=163
[M::hk_bmap_gen] generated 5258 beads
[M::hk_bmap_gen] 184505 bin pairs
[M::blind-gpu] prepared pair buffers: n_diploid=5258 n_pairs=189721 n_block_keys=369528 n_steps=100
[I::fdg-gpu] blocklist CSR ready: edges=369528 avg_deg=70.28 max_deg=163
[M::hk_bmap_gen] generated 5258 beads
[M::hk_bmap_gen] 184484 bin pairs
[M::blind-gpu] prepared pair buffers: n_diploid=5258 n_pairs=189700 n_block_keys=369486 n_steps=100
[I::fdg-gpu] blocklist CSR ready: edges=369486 avg_deg=70.27 max_deg=163
[M::hk_bmap_gen] generated 5258 beads
[M::hk_bmap_gen] 184455 bin pairs
[M::blind-gpu] prepared pair buffers: n_diploid=5258 n_pairs=189670 n_block_keys=369424 n_steps=100
[I::fdg-gpu] blocklist CSR ready: edges=369424 avg_deg=70.26 max_deg=163
[M::hk_bmap_gen] generated 5258 beads
[M::hk_bmap_gen] 184421 bin pairs
[M::blind-gpu] prepared pair buffers: n_diploid=5258 n_pairs=189635 n_block_keys=369354 n_steps=100
[I::fdg-gpu] blocklist CSR ready: edges=369354 avg_deg=70.25 max_deg=163
[M::hk_bmap_gen] generated 5258 beads
[M::hk_bmap_gen] 184404 bin pairs
[M::blind-gpu] prepared pair buffers: n_diploid=5258 n_pairs=189619 n_block_keys=369322 n_steps=100
[I::fdg-gpu] blocklist CSR ready: edges=369322 avg_deg=70.24 max_deg=163
[M::hk_bmap_gen] generated 5258 beads
[M::hk_bmap_gen] 184382 bin pairs
[M::blind-gpu] prepared pair buffers: n_diploid=5258 n_pairs=189596 n_block_keys=369276 n_steps=100
[I::fdg-gpu] blocklist CSR ready: edges=369276 avg_deg=70.23 max_deg=163
[M::hk_bmap_gen] generated 5258 beads
[M::hk_bmap_gen] 184350 bin pairs
[M::blind-gpu] prepared pair buffers: n_diploid=5258 n_pairs=189564 n_block_keys=369212 n_steps=100
[I::fdg-gpu] blocklist CSR ready: edges=369212 avg_deg=70.22 max_deg=163
[M::hk_bmap_gen] generated 5258 beads
[M::hk_bmap_gen] 184308 bin pairs
[M::blind-gpu] prepared pair buffers: n_diploid=5258 n_pairs=189523 n_block_keys=369130 n_steps=100
[I::fdg-gpu] blocklist CSR ready: edges=369130 avg_deg=70.20 max_deg=163
[M::hk_bmap_gen] generated 5258 beads
[M::hk_bmap_gen] 184287 bin pairs
[M::blind-gpu] prepared pair buffers: n_diploid=5258 n_pairs=189502 n_block_keys=369086 n_steps=100
[I::fdg-gpu] blocklist CSR ready: edges=369086 avg_deg=70.20 max_deg=163
[M::hk_bmap_gen] generated 5258 beads
[M::hk_bmap_gen] 184244 bin pairs
[M::blind-gpu] prepared pair buffers: n_diploid=5258 n_pairs=189459 n_block_keys=369000 n_steps=100
[I::fdg-gpu] blocklist CSR ready: edges=369000 avg_deg=70.18 max_deg=163
[M::hk_bmap_gen] generated 5258 beads
[M::hk_bmap_gen] 184195 bin pairs
[M::blind-gpu] prepared pair buffers: n_diploid=5258 n_pairs=189410 n_block_keys=368902 n_steps=100
[I::fdg-gpu] blocklist CSR ready: edges=368902 avg_deg=70.16 max_deg=163
[M::hk_bmap_gen] generated 5258 beads
[M::hk_bmap_gen] 184139 bin pairs
[M::blind-gpu] prepared pair buffers: n_diploid=5258 n_pairs=189354 n_block_keys=368790 n_steps=100
[I::fdg-gpu] blocklist CSR ready: edges=368790 avg_deg=70.14 max_deg=163
[M::hk_bmap_gen] generated 5258 beads
[M::hk_bmap_gen] 184106 bin pairs
[M::blind-gpu] prepared pair buffers: n_diploid=5258 n_pairs=189320 n_block_keys=368724 n_steps=100
[I::fdg-gpu] blocklist CSR ready: edges=368724 avg_deg=70.13 max_deg=163
minimal P9016[1m]: write outputs to /mnt/ssd/zliu/phase3/test_res/016-20260618_150851-p9016_charm_contacts_condition_sweep_1m/work_outputs/1pr/p9016_charm3dg20k_1pr_pcgamma0_sep_off_ieps0p5_noise0/p9016_charm3dg20k_1pr_pcgamma0_sep_off_ieps0p5_noise0
[M::hk_bmap_gen] generated 5258 beads
[M::hk_bmap_gen] 184061 bin pairs
minimal P9016[1m]: status=OK final_entropy=1.1369041 final_pU=0.82010299
minimal P9016: summary /mnt/ssd/zliu/phase3/test_res/016-20260618_150851-p9016_charm_contacts_condition_sweep_1m/work_outputs/1pr/p9016_charm3dg20k_1pr_pcgamma0_sep_off_ieps0p5_noise0/matrix_summary.tsv
