minimal P9016: input=/mnt/ssd/zliu/phase3/test_res/016-20260618_150851-p9016_charm_contacts_condition_sweep_1m/synthetic_pairs/p9016_charm3dg20k_1pr_contacts.pairs.gz output_root=/mnt/ssd/zliu/phase3/test_res/016-20260618_150851-p9016_charm_contacts_condition_sweep_1m/work_outputs/1pr/p9016_charm3dg20k_1pr_legacy_raw_ieps0p5_noise0_gpu config=p9016_charm3dg20k_1pr_legacy_raw_ieps0p5_noise0_gpu baseline=softall n_iter=100 relax_steps=100 relax_step=0.012 chain=0 init_mode=unphased_scaffold_split init_eps=0.5 init_noise=0 init_scale=10 init_seed=17 min_sep=0 lambda_sep=0 d_scale_mode=raw_count d_scale_input=raw_count d_scale_formula=n_raw d_scale_gamma=1 d_scale_eps=1e-06 relax_backend=gpu
minimal P9016: stage 1/1 name=1m bin_size_bp=1000000 parent=0
[M::hk_map_read] read 1265114 pairs
[M::hk_bmap_gen] generated 2629 beads
[M::hk_bmap_gen] 58703 bin pairs
minimal P9016[1m]: build binned contacts
minimal P9016[1m]: init mode=unphased_scaffold_split seed=17 scale=10
[M::hk_fdg] mid_dist:1000000 max_nei:2422
[M::hk_fdg1_cpu] iter:10 elapsed:0.10s rep_coef:0.2092 RMS_force:57.6141 n_rep:45.1948 energy:33.4130,14.2949,0.0044 dist:6.5074,12.9573,1.4848
[M::hk_fdg1_cpu] iter:20 elapsed:0.30s rep_coef:0.6615 RMS_force:44.4565 n_rep:161.4808 energy:9.5725,8.1119,0.0147 dist:3.7386,8.1890,1.4661
[M::hk_fdg1_cpu] iter:30 elapsed:0.82s rep_coef:0.9352 RMS_force:30.6015 n_rep:355.6698 energy:1.8459,4.1597,0.0226 dist:2.0825,5.0919,1.4352
[M::hk_fdg1_cpu] iter:40 elapsed:1.23s rep_coef:0.9907 RMS_force:23.8460 n_rep:90.4097 energy:0.3536,1.7976,0.0275 dist:1.2256,3.4605,1.3917
[M::hk_fdg1_cpu] iter:50 elapsed:1.44s rep_coef:0.9987 RMS_force:14.3544 n_rep:73.3682 energy:0.1024,0.9576,0.0323 dist:0.8004,2.6721,1.3439
minimal P9016[1m]: run softall, n_iter=100 relax_steps=100 relax_step=0.012 relax_backend=gpu
[M::hk_bmap_gen] generated 5258 beads
[M::hk_bmap_gen] 203555 bin pairs
[M::blind-gpu] prepared pair buffers: n_diploid=5258 n_pairs=208766 n_block_keys=407580 n_steps=100
[I::fdg-gpu] blocklist CSR ready: edges=407580 avg_deg=77.52 max_deg=164
[M::hk_bmap_gen] generated 5258 beads
[M::hk_bmap_gen] 205248 bin pairs
[M::blind-gpu] prepared pair buffers: n_diploid=5258 n_pairs=210458 n_block_keys=410966 n_steps=100
[I::fdg-gpu] blocklist CSR ready: edges=410966 avg_deg=78.16 max_deg=163
[M::hk_bmap_gen] generated 5258 beads
[M::hk_bmap_gen] 203572 bin pairs
[M::blind-gpu] prepared pair buffers: n_diploid=5258 n_pairs=208782 n_block_keys=407616 n_steps=100
[I::fdg-gpu] blocklist CSR ready: edges=407616 avg_deg=77.52 max_deg=163
[M::hk_bmap_gen] generated 5258 beads
[M::hk_bmap_gen] 201388 bin pairs
[M::blind-gpu] prepared pair buffers: n_diploid=5258 n_pairs=206602 n_block_keys=403260 n_steps=100
[I::fdg-gpu] blocklist CSR ready: edges=403260 avg_deg=76.69 max_deg=163
[M::hk_bmap_gen] generated 5258 beads
[M::hk_bmap_gen] 199319 bin pairs
[M::blind-gpu] prepared pair buffers: n_diploid=5258 n_pairs=204537 n_block_keys=399132 n_steps=100
[I::fdg-gpu] blocklist CSR ready: edges=399132 avg_deg=75.91 max_deg=163
[M::hk_bmap_gen] generated 5258 beads
[M::hk_bmap_gen] 197695 bin pairs
[M::blind-gpu] prepared pair buffers: n_diploid=5258 n_pairs=202909 n_block_keys=395878 n_steps=100
[I::fdg-gpu] blocklist CSR ready: edges=395878 avg_deg=75.29 max_deg=163
[M::hk_bmap_gen] generated 5258 beads
[M::hk_bmap_gen] 196324 bin pairs
[M::blind-gpu] prepared pair buffers: n_diploid=5258 n_pairs=201541 n_block_keys=393150 n_steps=100
[I::fdg-gpu] blocklist CSR ready: edges=393150 avg_deg=74.77 max_deg=163
[M::hk_bmap_gen] generated 5258 beads
[M::hk_bmap_gen] 195212 bin pairs
[M::blind-gpu] prepared pair buffers: n_diploid=5258 n_pairs=200421 n_block_keys=390914 n_steps=100
[I::fdg-gpu] blocklist CSR ready: edges=390914 avg_deg=74.35 max_deg=163
[M::hk_bmap_gen] generated 5258 beads
[M::hk_bmap_gen] 194366 bin pairs
[M::blind-gpu] prepared pair buffers: n_diploid=5258 n_pairs=199576 n_block_keys=389230 n_steps=100
[I::fdg-gpu] blocklist CSR ready: edges=389230 avg_deg=74.03 max_deg=164
[M::hk_bmap_gen] generated 5258 beads
[M::hk_bmap_gen] 193586 bin pairs
[M::blind-gpu] prepared pair buffers: n_diploid=5258 n_pairs=198800 n_block_keys=387680 n_steps=100
[I::fdg-gpu] blocklist CSR ready: edges=387680 avg_deg=73.73 max_deg=164
[M::hk_bmap_gen] generated 5258 beads
[M::hk_bmap_gen] 192825 bin pairs
[M::blind-gpu] prepared pair buffers: n_diploid=5258 n_pairs=198040 n_block_keys=386158 n_steps=100
[I::fdg-gpu] blocklist CSR ready: edges=386158 avg_deg=73.44 max_deg=164
[M::hk_bmap_gen] generated 5258 beads
[M::hk_bmap_gen] 192124 bin pairs
[M::blind-gpu] prepared pair buffers: n_diploid=5258 n_pairs=197338 n_block_keys=384752 n_steps=100
[I::fdg-gpu] blocklist CSR ready: edges=384752 avg_deg=73.17 max_deg=165
[M::hk_bmap_gen] generated 5258 beads
[M::hk_bmap_gen] 191584 bin pairs
[M::blind-gpu] prepared pair buffers: n_diploid=5258 n_pairs=196794 n_block_keys=383666 n_steps=100
[I::fdg-gpu] blocklist CSR ready: edges=383666 avg_deg=72.97 max_deg=165
[M::hk_bmap_gen] generated 5258 beads
[M::hk_bmap_gen] 191155 bin pairs
[M::blind-gpu] prepared pair buffers: n_diploid=5258 n_pairs=196365 n_block_keys=382808 n_steps=100
[I::fdg-gpu] blocklist CSR ready: edges=382808 avg_deg=72.80 max_deg=165
[M::hk_bmap_gen] generated 5258 beads
[M::hk_bmap_gen] 190855 bin pairs
[M::blind-gpu] prepared pair buffers: n_diploid=5258 n_pairs=196067 n_block_keys=382208 n_steps=100
[I::fdg-gpu] blocklist CSR ready: edges=382208 avg_deg=72.69 max_deg=165
[M::hk_bmap_gen] generated 5258 beads
[M::hk_bmap_gen] 190623 bin pairs
[M::blind-gpu] prepared pair buffers: n_diploid=5258 n_pairs=195835 n_block_keys=381746 n_steps=100
[I::fdg-gpu] blocklist CSR ready: edges=381746 avg_deg=72.60 max_deg=165
[M::hk_bmap_gen] generated 5258 beads
[M::hk_bmap_gen] 190477 bin pairs
[M::blind-gpu] prepared pair buffers: n_diploid=5258 n_pairs=195692 n_block_keys=381460 n_steps=100
[I::fdg-gpu] blocklist CSR ready: edges=381460 avg_deg=72.55 max_deg=166
[M::hk_bmap_gen] generated 5258 beads
[M::hk_bmap_gen] 190349 bin pairs
[M::blind-gpu] prepared pair buffers: n_diploid=5258 n_pairs=195565 n_block_keys=381210 n_steps=100
[I::fdg-gpu] blocklist CSR ready: edges=381210 avg_deg=72.50 max_deg=166
[M::hk_bmap_gen] generated 5258 beads
[M::hk_bmap_gen] 190207 bin pairs
[M::blind-gpu] prepared pair buffers: n_diploid=5258 n_pairs=195424 n_block_keys=380928 n_steps=100
[I::fdg-gpu] blocklist CSR ready: edges=380928 avg_deg=72.45 max_deg=166
[M::hk_bmap_gen] generated 5258 beads
[M::hk_bmap_gen] 190083 bin pairs
[M::blind-gpu] prepared pair buffers: n_diploid=5258 n_pairs=195298 n_block_keys=380672 n_steps=100
[I::fdg-gpu] blocklist CSR ready: edges=380672 avg_deg=72.40 max_deg=166
[M::hk_bmap_gen] generated 5258 beads
[M::hk_bmap_gen] 189959 bin pairs
[M::blind-gpu] prepared pair buffers: n_diploid=5258 n_pairs=195173 n_block_keys=380422 n_steps=100
[I::fdg-gpu] blocklist CSR ready: edges=380422 avg_deg=72.35 max_deg=166
[M::hk_bmap_gen] generated 5258 beads
[M::hk_bmap_gen] 189832 bin pairs
[M::blind-gpu] prepared pair buffers: n_diploid=5258 n_pairs=195043 n_block_keys=380166 n_steps=100
[I::fdg-gpu] blocklist CSR ready: edges=380166 avg_deg=72.30 max_deg=166
[M::hk_bmap_gen] generated 5258 beads
[M::hk_bmap_gen] 189678 bin pairs
[M::blind-gpu] prepared pair buffers: n_diploid=5258 n_pairs=194891 n_block_keys=379860 n_steps=100
[I::fdg-gpu] blocklist CSR ready: edges=379860 avg_deg=72.24 max_deg=166
[M::hk_bmap_gen] generated 5258 beads
[M::hk_bmap_gen] 189521 bin pairs
[M::blind-gpu] prepared pair buffers: n_diploid=5258 n_pairs=194735 n_block_keys=379550 n_steps=100
[I::fdg-gpu] blocklist CSR ready: edges=379550 avg_deg=72.19 max_deg=166
[M::hk_bmap_gen] generated 5258 beads
[M::hk_bmap_gen] 189352 bin pairs
[M::blind-gpu] prepared pair buffers: n_diploid=5258 n_pairs=194566 n_block_keys=379212 n_steps=100
[I::fdg-gpu] blocklist CSR ready: edges=379212 avg_deg=72.12 max_deg=166
[M::hk_bmap_gen] generated 5258 beads
[M::hk_bmap_gen] 189113 bin pairs
[M::blind-gpu] prepared pair buffers: n_diploid=5258 n_pairs=194327 n_block_keys=378730 n_steps=100
[I::fdg-gpu] blocklist CSR ready: edges=378730 avg_deg=72.03 max_deg=164
[M::hk_bmap_gen] generated 5258 beads
[M::hk_bmap_gen] 188870 bin pairs
[M::blind-gpu] prepared pair buffers: n_diploid=5258 n_pairs=194081 n_block_keys=378242 n_steps=100
[I::fdg-gpu] blocklist CSR ready: edges=378242 avg_deg=71.94 max_deg=164
[M::hk_bmap_gen] generated 5258 beads
[M::hk_bmap_gen] 188685 bin pairs
[M::blind-gpu] prepared pair buffers: n_diploid=5258 n_pairs=193899 n_block_keys=377880 n_steps=100
[I::fdg-gpu] blocklist CSR ready: edges=377880 avg_deg=71.87 max_deg=164
[M::hk_bmap_gen] generated 5258 beads
[M::hk_bmap_gen] 188514 bin pairs
[M::blind-gpu] prepared pair buffers: n_diploid=5258 n_pairs=193729 n_block_keys=377538 n_steps=100
[I::fdg-gpu] blocklist CSR ready: edges=377538 avg_deg=71.80 max_deg=164
[M::hk_bmap_gen] generated 5258 beads
[M::hk_bmap_gen] 188340 bin pairs
[M::blind-gpu] prepared pair buffers: n_diploid=5258 n_pairs=193552 n_block_keys=377184 n_steps=100
[I::fdg-gpu] blocklist CSR ready: edges=377184 avg_deg=71.74 max_deg=164
[M::hk_bmap_gen] generated 5258 beads
[M::hk_bmap_gen] 188234 bin pairs
[M::blind-gpu] prepared pair buffers: n_diploid=5258 n_pairs=193451 n_block_keys=376980 n_steps=100
[I::fdg-gpu] blocklist CSR ready: edges=376980 avg_deg=71.70 max_deg=164
[M::hk_bmap_gen] generated 5258 beads
[M::hk_bmap_gen] 188111 bin pairs
[M::blind-gpu] prepared pair buffers: n_diploid=5258 n_pairs=193329 n_block_keys=376734 n_steps=100
[I::fdg-gpu] blocklist CSR ready: edges=376734 avg_deg=71.65 max_deg=164
[M::hk_bmap_gen] generated 5258 beads
[M::hk_bmap_gen] 187990 bin pairs
[M::blind-gpu] prepared pair buffers: n_diploid=5258 n_pairs=193207 n_block_keys=376490 n_steps=100
[I::fdg-gpu] blocklist CSR ready: edges=376490 avg_deg=71.60 max_deg=164
[M::hk_bmap_gen] generated 5258 beads
[M::hk_bmap_gen] 187928 bin pairs
[M::blind-gpu] prepared pair buffers: n_diploid=5258 n_pairs=193144 n_block_keys=376366 n_steps=100
[I::fdg-gpu] blocklist CSR ready: edges=376366 avg_deg=71.58 max_deg=163
[M::hk_bmap_gen] generated 5258 beads
[M::hk_bmap_gen] 187819 bin pairs
[M::blind-gpu] prepared pair buffers: n_diploid=5258 n_pairs=193035 n_block_keys=376148 n_steps=100
[I::fdg-gpu] blocklist CSR ready: edges=376148 avg_deg=71.54 max_deg=163
[M::hk_bmap_gen] generated 5258 beads
[M::hk_bmap_gen] 187680 bin pairs
[M::blind-gpu] prepared pair buffers: n_diploid=5258 n_pairs=192896 n_block_keys=375872 n_steps=100
[I::fdg-gpu] blocklist CSR ready: edges=375872 avg_deg=71.49 max_deg=163
[M::hk_bmap_gen] generated 5258 beads
[M::hk_bmap_gen] 187592 bin pairs
[M::blind-gpu] prepared pair buffers: n_diploid=5258 n_pairs=192808 n_block_keys=375698 n_steps=100
[I::fdg-gpu] blocklist CSR ready: edges=375698 avg_deg=71.45 max_deg=163
[M::hk_bmap_gen] generated 5258 beads
[M::hk_bmap_gen] 187480 bin pairs
[M::blind-gpu] prepared pair buffers: n_diploid=5258 n_pairs=192695 n_block_keys=375474 n_steps=100
[I::fdg-gpu] blocklist CSR ready: edges=375474 avg_deg=71.41 max_deg=163
[M::hk_bmap_gen] generated 5258 beads
[M::hk_bmap_gen] 187375 bin pairs
[M::blind-gpu] prepared pair buffers: n_diploid=5258 n_pairs=192589 n_block_keys=375262 n_steps=100
[I::fdg-gpu] blocklist CSR ready: edges=375262 avg_deg=71.37 max_deg=163
[M::hk_bmap_gen] generated 5258 beads
[M::hk_bmap_gen] 187312 bin pairs
[M::blind-gpu] prepared pair buffers: n_diploid=5258 n_pairs=192526 n_block_keys=375142 n_steps=100
[I::fdg-gpu] blocklist CSR ready: edges=375142 avg_deg=71.35 max_deg=163
[M::hk_bmap_gen] generated 5258 beads
[M::hk_bmap_gen] 187234 bin pairs
[M::blind-gpu] prepared pair buffers: n_diploid=5258 n_pairs=192445 n_block_keys=374980 n_steps=100
[I::fdg-gpu] blocklist CSR ready: edges=374980 avg_deg=71.32 max_deg=163
[M::hk_bmap_gen] generated 5258 beads
[M::hk_bmap_gen] 187160 bin pairs
[M::blind-gpu] prepared pair buffers: n_diploid=5258 n_pairs=192371 n_block_keys=374830 n_steps=100
[I::fdg-gpu] blocklist CSR ready: edges=374830 avg_deg=71.29 max_deg=162
[M::hk_bmap_gen] generated 5258 beads
[M::hk_bmap_gen] 187112 bin pairs
[M::blind-gpu] prepared pair buffers: n_diploid=5258 n_pairs=192323 n_block_keys=374736 n_steps=100
[I::fdg-gpu] blocklist CSR ready: edges=374736 avg_deg=71.27 max_deg=162
[M::hk_bmap_gen] generated 5258 beads
[M::hk_bmap_gen] 187022 bin pairs
[M::blind-gpu] prepared pair buffers: n_diploid=5258 n_pairs=192233 n_block_keys=374558 n_steps=100
[I::fdg-gpu] blocklist CSR ready: edges=374558 avg_deg=71.24 max_deg=161
[M::hk_bmap_gen] generated 5258 beads
[M::hk_bmap_gen] 186954 bin pairs
[M::blind-gpu] prepared pair buffers: n_diploid=5258 n_pairs=192169 n_block_keys=374428 n_steps=100
[I::fdg-gpu] blocklist CSR ready: edges=374428 avg_deg=71.21 max_deg=161
[M::hk_bmap_gen] generated 5258 beads
[M::hk_bmap_gen] 186855 bin pairs
[M::blind-gpu] prepared pair buffers: n_diploid=5258 n_pairs=192069 n_block_keys=374230 n_steps=100
[I::fdg-gpu] blocklist CSR ready: edges=374230 avg_deg=71.17 max_deg=163
[M::hk_bmap_gen] generated 5258 beads
[M::hk_bmap_gen] 186739 bin pairs
[M::blind-gpu] prepared pair buffers: n_diploid=5258 n_pairs=191952 n_block_keys=373990 n_steps=100
[I::fdg-gpu] blocklist CSR ready: edges=373990 avg_deg=71.13 max_deg=163
[M::hk_bmap_gen] generated 5258 beads
[M::hk_bmap_gen] 186654 bin pairs
[M::blind-gpu] prepared pair buffers: n_diploid=5258 n_pairs=191869 n_block_keys=373822 n_steps=100
[I::fdg-gpu] blocklist CSR ready: edges=373822 avg_deg=71.10 max_deg=163
[M::hk_bmap_gen] generated 5258 beads
[M::hk_bmap_gen] 186568 bin pairs
[M::blind-gpu] prepared pair buffers: n_diploid=5258 n_pairs=191782 n_block_keys=373646 n_steps=100
[I::fdg-gpu] blocklist CSR ready: edges=373646 avg_deg=71.06 max_deg=163
[M::hk_bmap_gen] generated 5258 beads
[M::hk_bmap_gen] 186510 bin pairs
[M::blind-gpu] prepared pair buffers: n_diploid=5258 n_pairs=191725 n_block_keys=373534 n_steps=100
[I::fdg-gpu] blocklist CSR ready: edges=373534 avg_deg=71.04 max_deg=163
[M::hk_bmap_gen] generated 5258 beads
[M::hk_bmap_gen] 186414 bin pairs
[M::blind-gpu] prepared pair buffers: n_diploid=5258 n_pairs=191629 n_block_keys=373340 n_steps=100
[I::fdg-gpu] blocklist CSR ready: edges=373340 avg_deg=71.00 max_deg=163
[M::hk_bmap_gen] generated 5258 beads
[M::hk_bmap_gen] 186343 bin pairs
[M::blind-gpu] prepared pair buffers: n_diploid=5258 n_pairs=191558 n_block_keys=373198 n_steps=100
[I::fdg-gpu] blocklist CSR ready: edges=373198 avg_deg=70.98 max_deg=163
[M::hk_bmap_gen] generated 5258 beads
[M::hk_bmap_gen] 186262 bin pairs
[M::blind-gpu] prepared pair buffers: n_diploid=5258 n_pairs=191476 n_block_keys=373034 n_steps=100
[I::fdg-gpu] blocklist CSR ready: edges=373034 avg_deg=70.95 max_deg=163
[M::hk_bmap_gen] generated 5258 beads
[M::hk_bmap_gen] 186201 bin pairs
[M::blind-gpu] prepared pair buffers: n_diploid=5258 n_pairs=191414 n_block_keys=372910 n_steps=100
[I::fdg-gpu] blocklist CSR ready: edges=372910 avg_deg=70.92 max_deg=163
[M::hk_bmap_gen] generated 5258 beads
[M::hk_bmap_gen] 186146 bin pairs
[M::blind-gpu] prepared pair buffers: n_diploid=5258 n_pairs=191360 n_block_keys=372800 n_steps=100
[I::fdg-gpu] blocklist CSR ready: edges=372800 avg_deg=70.90 max_deg=163
[M::hk_bmap_gen] generated 5258 beads
[M::hk_bmap_gen] 186077 bin pairs
[M::blind-gpu] prepared pair buffers: n_diploid=5258 n_pairs=191290 n_block_keys=372658 n_steps=100
[I::fdg-gpu] blocklist CSR ready: edges=372658 avg_deg=70.87 max_deg=163
[M::hk_bmap_gen] generated 5258 beads
[M::hk_bmap_gen] 186028 bin pairs
[M::blind-gpu] prepared pair buffers: n_diploid=5258 n_pairs=191240 n_block_keys=372560 n_steps=100
[I::fdg-gpu] blocklist CSR ready: edges=372560 avg_deg=70.86 max_deg=163
[M::hk_bmap_gen] generated 5258 beads
[M::hk_bmap_gen] 185943 bin pairs
[M::blind-gpu] prepared pair buffers: n_diploid=5258 n_pairs=191157 n_block_keys=372396 n_steps=100
[I::fdg-gpu] blocklist CSR ready: edges=372396 avg_deg=70.82 max_deg=163
[M::hk_bmap_gen] generated 5258 beads
[M::hk_bmap_gen] 185888 bin pairs
[M::blind-gpu] prepared pair buffers: n_diploid=5258 n_pairs=191102 n_block_keys=372286 n_steps=100
[I::fdg-gpu] blocklist CSR ready: edges=372286 avg_deg=70.80 max_deg=163
[M::hk_bmap_gen] generated 5258 beads
[M::hk_bmap_gen] 185840 bin pairs
[M::blind-gpu] prepared pair buffers: n_diploid=5258 n_pairs=191054 n_block_keys=372190 n_steps=100
[I::fdg-gpu] blocklist CSR ready: edges=372190 avg_deg=70.79 max_deg=163
[M::hk_bmap_gen] generated 5258 beads
[M::hk_bmap_gen] 185799 bin pairs
[M::blind-gpu] prepared pair buffers: n_diploid=5258 n_pairs=191013 n_block_keys=372108 n_steps=100
[I::fdg-gpu] blocklist CSR ready: edges=372108 avg_deg=70.77 max_deg=163
[M::hk_bmap_gen] generated 5258 beads
[M::hk_bmap_gen] 185751 bin pairs
[M::blind-gpu] prepared pair buffers: n_diploid=5258 n_pairs=190965 n_block_keys=372010 n_steps=100
[I::fdg-gpu] blocklist CSR ready: edges=372010 avg_deg=70.75 max_deg=163
[M::hk_bmap_gen] generated 5258 beads
[M::hk_bmap_gen] 185696 bin pairs
[M::blind-gpu] prepared pair buffers: n_diploid=5258 n_pairs=190909 n_block_keys=371896 n_steps=100
[I::fdg-gpu] blocklist CSR ready: edges=371896 avg_deg=70.73 max_deg=163
[M::hk_bmap_gen] generated 5258 beads
[M::hk_bmap_gen] 185625 bin pairs
[M::blind-gpu] prepared pair buffers: n_diploid=5258 n_pairs=190840 n_block_keys=371758 n_steps=100
[I::fdg-gpu] blocklist CSR ready: edges=371758 avg_deg=70.70 max_deg=163
[M::hk_bmap_gen] generated 5258 beads
[M::hk_bmap_gen] 185556 bin pairs
[M::blind-gpu] prepared pair buffers: n_diploid=5258 n_pairs=190771 n_block_keys=371620 n_steps=100
[I::fdg-gpu] blocklist CSR ready: edges=371620 avg_deg=70.68 max_deg=163
[M::hk_bmap_gen] generated 5258 beads
[M::hk_bmap_gen] 185498 bin pairs
[M::blind-gpu] prepared pair buffers: n_diploid=5258 n_pairs=190709 n_block_keys=371502 n_steps=100
[I::fdg-gpu] blocklist CSR ready: edges=371502 avg_deg=70.65 max_deg=163
[M::hk_bmap_gen] generated 5258 beads
[M::hk_bmap_gen] 185449 bin pairs
[M::blind-gpu] prepared pair buffers: n_diploid=5258 n_pairs=190662 n_block_keys=371408 n_steps=100
[I::fdg-gpu] blocklist CSR ready: edges=371408 avg_deg=70.64 max_deg=163
[M::hk_bmap_gen] generated 5258 beads
[M::hk_bmap_gen] 185411 bin pairs
[M::blind-gpu] prepared pair buffers: n_diploid=5258 n_pairs=190622 n_block_keys=371326 n_steps=100
[I::fdg-gpu] blocklist CSR ready: edges=371326 avg_deg=70.62 max_deg=163
[M::hk_bmap_gen] generated 5258 beads
[M::hk_bmap_gen] 185376 bin pairs
[M::blind-gpu] prepared pair buffers: n_diploid=5258 n_pairs=190589 n_block_keys=371264 n_steps=100
[I::fdg-gpu] blocklist CSR ready: edges=371264 avg_deg=70.61 max_deg=163
[M::hk_bmap_gen] generated 5258 beads
[M::hk_bmap_gen] 185327 bin pairs
[M::blind-gpu] prepared pair buffers: n_diploid=5258 n_pairs=190540 n_block_keys=371166 n_steps=100
[I::fdg-gpu] blocklist CSR ready: edges=371166 avg_deg=70.59 max_deg=163
[M::hk_bmap_gen] generated 5258 beads
[M::hk_bmap_gen] 185253 bin pairs
[M::blind-gpu] prepared pair buffers: n_diploid=5258 n_pairs=190467 n_block_keys=371020 n_steps=100
[I::fdg-gpu] blocklist CSR ready: edges=371020 avg_deg=70.56 max_deg=163
[M::hk_bmap_gen] generated 5258 beads
[M::hk_bmap_gen] 185208 bin pairs
[M::blind-gpu] prepared pair buffers: n_diploid=5258 n_pairs=190424 n_block_keys=370934 n_steps=100
[I::fdg-gpu] blocklist CSR ready: edges=370934 avg_deg=70.55 max_deg=163
[M::hk_bmap_gen] generated 5258 beads
[M::hk_bmap_gen] 185176 bin pairs
[M::blind-gpu] prepared pair buffers: n_diploid=5258 n_pairs=190392 n_block_keys=370870 n_steps=100
[I::fdg-gpu] blocklist CSR ready: edges=370870 avg_deg=70.53 max_deg=163
[M::hk_bmap_gen] generated 5258 beads
[M::hk_bmap_gen] 185111 bin pairs
[M::blind-gpu] prepared pair buffers: n_diploid=5258 n_pairs=190325 n_block_keys=370736 n_steps=100
[I::fdg-gpu] blocklist CSR ready: edges=370736 avg_deg=70.51 max_deg=163
[M::hk_bmap_gen] generated 5258 beads
[M::hk_bmap_gen] 185055 bin pairs
[M::blind-gpu] prepared pair buffers: n_diploid=5258 n_pairs=190270 n_block_keys=370624 n_steps=100
[I::fdg-gpu] blocklist CSR ready: edges=370624 avg_deg=70.49 max_deg=163
[M::hk_bmap_gen] generated 5258 beads
[M::hk_bmap_gen] 184979 bin pairs
[M::blind-gpu] prepared pair buffers: n_diploid=5258 n_pairs=190194 n_block_keys=370474 n_steps=100
[I::fdg-gpu] blocklist CSR ready: edges=370474 avg_deg=70.46 max_deg=163
[M::hk_bmap_gen] generated 5258 beads
[M::hk_bmap_gen] 184917 bin pairs
[M::blind-gpu] prepared pair buffers: n_diploid=5258 n_pairs=190133 n_block_keys=370352 n_steps=100
[I::fdg-gpu] blocklist CSR ready: edges=370352 avg_deg=70.44 max_deg=163
[M::hk_bmap_gen] generated 5258 beads
[M::hk_bmap_gen] 184885 bin pairs
[M::blind-gpu] prepared pair buffers: n_diploid=5258 n_pairs=190101 n_block_keys=370288 n_steps=100
[I::fdg-gpu] blocklist CSR ready: edges=370288 avg_deg=70.42 max_deg=163
[M::hk_bmap_gen] generated 5258 beads
[M::hk_bmap_gen] 184848 bin pairs
[M::blind-gpu] prepared pair buffers: n_diploid=5258 n_pairs=190064 n_block_keys=370212 n_steps=100
[I::fdg-gpu] blocklist CSR ready: edges=370212 avg_deg=70.41 max_deg=163
[M::hk_bmap_gen] generated 5258 beads
[M::hk_bmap_gen] 184793 bin pairs
[M::blind-gpu] prepared pair buffers: n_diploid=5258 n_pairs=190009 n_block_keys=370102 n_steps=100
[I::fdg-gpu] blocklist CSR ready: edges=370102 avg_deg=70.39 max_deg=163
[M::hk_bmap_gen] generated 5258 beads
[M::hk_bmap_gen] 184750 bin pairs
[M::blind-gpu] prepared pair buffers: n_diploid=5258 n_pairs=189966 n_block_keys=370016 n_steps=100
[I::fdg-gpu] blocklist CSR ready: edges=370016 avg_deg=70.37 max_deg=163
[M::hk_bmap_gen] generated 5258 beads
[M::hk_bmap_gen] 184715 bin pairs
[M::blind-gpu] prepared pair buffers: n_diploid=5258 n_pairs=189931 n_block_keys=369946 n_steps=100
[I::fdg-gpu] blocklist CSR ready: edges=369946 avg_deg=70.36 max_deg=163
[M::hk_bmap_gen] generated 5258 beads
[M::hk_bmap_gen] 184661 bin pairs
[M::blind-gpu] prepared pair buffers: n_diploid=5258 n_pairs=189876 n_block_keys=369836 n_steps=100
[I::fdg-gpu] blocklist CSR ready: edges=369836 avg_deg=70.34 max_deg=163
[M::hk_bmap_gen] generated 5258 beads
[M::hk_bmap_gen] 184621 bin pairs
[M::blind-gpu] prepared pair buffers: n_diploid=5258 n_pairs=189837 n_block_keys=369758 n_steps=100
[I::fdg-gpu] blocklist CSR ready: edges=369758 avg_deg=70.32 max_deg=163
[M::hk_bmap_gen] generated 5258 beads
[M::hk_bmap_gen] 184615 bin pairs
[M::blind-gpu] prepared pair buffers: n_diploid=5258 n_pairs=189831 n_block_keys=369748 n_steps=100
[I::fdg-gpu] blocklist CSR ready: edges=369748 avg_deg=70.32 max_deg=163
[M::hk_bmap_gen] generated 5258 beads
[M::hk_bmap_gen] 184580 bin pairs
[M::blind-gpu] prepared pair buffers: n_diploid=5258 n_pairs=189796 n_block_keys=369678 n_steps=100
[I::fdg-gpu] blocklist CSR ready: edges=369678 avg_deg=70.31 max_deg=163
[M::hk_bmap_gen] generated 5258 beads
[M::hk_bmap_gen] 184543 bin pairs
[M::blind-gpu] prepared pair buffers: n_diploid=5258 n_pairs=189759 n_block_keys=369604 n_steps=100
[I::fdg-gpu] blocklist CSR ready: edges=369604 avg_deg=70.29 max_deg=163
[M::hk_bmap_gen] generated 5258 beads
[M::hk_bmap_gen] 184510 bin pairs
[M::blind-gpu] prepared pair buffers: n_diploid=5258 n_pairs=189726 n_block_keys=369538 n_steps=100
[I::fdg-gpu] blocklist CSR ready: edges=369538 avg_deg=70.28 max_deg=163
[M::hk_bmap_gen] generated 5258 beads
[M::hk_bmap_gen] 184491 bin pairs
[M::blind-gpu] prepared pair buffers: n_diploid=5258 n_pairs=189707 n_block_keys=369500 n_steps=100
[I::fdg-gpu] blocklist CSR ready: edges=369500 avg_deg=70.27 max_deg=163
[M::hk_bmap_gen] generated 5258 beads
[M::hk_bmap_gen] 184456 bin pairs
[M::blind-gpu] prepared pair buffers: n_diploid=5258 n_pairs=189671 n_block_keys=369428 n_steps=100
[I::fdg-gpu] blocklist CSR ready: edges=369428 avg_deg=70.26 max_deg=163
[M::hk_bmap_gen] generated 5258 beads
[M::hk_bmap_gen] 184424 bin pairs
[M::blind-gpu] prepared pair buffers: n_diploid=5258 n_pairs=189638 n_block_keys=369360 n_steps=100
[I::fdg-gpu] blocklist CSR ready: edges=369360 avg_deg=70.25 max_deg=163
[M::hk_bmap_gen] generated 5258 beads
[M::hk_bmap_gen] 184402 bin pairs
[M::blind-gpu] prepared pair buffers: n_diploid=5258 n_pairs=189617 n_block_keys=369318 n_steps=100
[I::fdg-gpu] blocklist CSR ready: edges=369318 avg_deg=70.24 max_deg=163
[M::hk_bmap_gen] generated 5258 beads
[M::hk_bmap_gen] 184386 bin pairs
[M::blind-gpu] prepared pair buffers: n_diploid=5258 n_pairs=189599 n_block_keys=369282 n_steps=100
[I::fdg-gpu] blocklist CSR ready: edges=369282 avg_deg=70.23 max_deg=163
[M::hk_bmap_gen] generated 5258 beads
[M::hk_bmap_gen] 184355 bin pairs
[M::blind-gpu] prepared pair buffers: n_diploid=5258 n_pairs=189569 n_block_keys=369222 n_steps=100
[I::fdg-gpu] blocklist CSR ready: edges=369222 avg_deg=70.22 max_deg=163
[M::hk_bmap_gen] generated 5258 beads
[M::hk_bmap_gen] 184313 bin pairs
[M::blind-gpu] prepared pair buffers: n_diploid=5258 n_pairs=189528 n_block_keys=369140 n_steps=100
[I::fdg-gpu] blocklist CSR ready: edges=369140 avg_deg=70.21 max_deg=163
[M::hk_bmap_gen] generated 5258 beads
[M::hk_bmap_gen] 184291 bin pairs
[M::blind-gpu] prepared pair buffers: n_diploid=5258 n_pairs=189506 n_block_keys=369094 n_steps=100
[I::fdg-gpu] blocklist CSR ready: edges=369094 avg_deg=70.20 max_deg=163
[M::hk_bmap_gen] generated 5258 beads
[M::hk_bmap_gen] 184246 bin pairs
[M::blind-gpu] prepared pair buffers: n_diploid=5258 n_pairs=189461 n_block_keys=369004 n_steps=100
[I::fdg-gpu] blocklist CSR ready: edges=369004 avg_deg=70.18 max_deg=163
[M::hk_bmap_gen] generated 5258 beads
[M::hk_bmap_gen] 184190 bin pairs
[M::blind-gpu] prepared pair buffers: n_diploid=5258 n_pairs=189405 n_block_keys=368892 n_steps=100
[I::fdg-gpu] blocklist CSR ready: edges=368892 avg_deg=70.16 max_deg=163
[M::hk_bmap_gen] generated 5258 beads
[M::hk_bmap_gen] 184132 bin pairs
[M::blind-gpu] prepared pair buffers: n_diploid=5258 n_pairs=189347 n_block_keys=368776 n_steps=100
[I::fdg-gpu] blocklist CSR ready: edges=368776 avg_deg=70.14 max_deg=163
[M::hk_bmap_gen] generated 5258 beads
[M::hk_bmap_gen] 184097 bin pairs
[M::blind-gpu] prepared pair buffers: n_diploid=5258 n_pairs=189311 n_block_keys=368706 n_steps=100
[I::fdg-gpu] blocklist CSR ready: edges=368706 avg_deg=70.12 max_deg=163
minimal P9016[1m]: write outputs to /mnt/ssd/zliu/phase3/test_res/016-20260618_150851-p9016_charm_contacts_condition_sweep_1m/work_outputs/1pr/p9016_charm3dg20k_1pr_legacy_raw_ieps0p5_noise0_gpu/p9016_charm3dg20k_1pr_legacy_raw_ieps0p5_noise0_gpu
[M::hk_bmap_gen] generated 5258 beads
[M::hk_bmap_gen] 184055 bin pairs
minimal P9016[1m]: status=OK final_entropy=1.1368836 final_pU=0.82008815
minimal P9016: summary /mnt/ssd/zliu/phase3/test_res/016-20260618_150851-p9016_charm_contacts_condition_sweep_1m/work_outputs/1pr/p9016_charm3dg20k_1pr_legacy_raw_ieps0p5_noise0_gpu/matrix_summary.tsv
