minimal P9016: input=/mnt/ssd/zliu/phase3/test_res/016-20260618_150851-p9016_charm_contacts_condition_sweep_1m/synthetic_pairs/p9016_charm3dg20k_1pr_contacts.pairs.gz output_root=/mnt/ssd/zliu/phase3/test_res/016-20260618_150851-p9016_charm_contacts_condition_sweep_1m/work_outputs/1pr/p9016_charm3dg20k_1pr_tempered_pcgamma0p25_sep_off_ieps0p5_noise0 config=p9016_charm3dg20k_1pr_tempered_pcgamma0p25_sep_off_ieps0p5_noise0 baseline=softall n_iter=100 relax_steps=100 relax_step=0.012 chain=0 init_mode=unphased_scaffold_split init_eps=0.5 init_noise=0 init_scale=10 init_seed=17 min_sep=0 lambda_sep=0 d_scale_mode=tempered_posterior_count d_scale_input=tempered_posterior_count d_scale_formula=n_raw*posterior_prob^0.25 d_scale_gamma=0.25 d_scale_eps=1e-06 relax_backend=gpu
minimal P9016: stage 1/1 name=1m bin_size_bp=1000000 parent=0
[M::hk_map_read] read 1265114 pairs
[M::hk_bmap_gen] generated 2629 beads
[M::hk_bmap_gen] 58703 bin pairs
minimal P9016[1m]: build binned contacts
minimal P9016[1m]: init mode=unphased_scaffold_split seed=17 scale=10
[M::hk_fdg] mid_dist:1000000 max_nei:2422
[M::hk_fdg1_cpu] iter:10 elapsed:0.09s rep_coef:0.2092 RMS_force:57.6141 n_rep:45.1948 energy:33.4130,14.2949,0.0044 dist:6.5074,12.9573,1.4848
[M::hk_fdg1_cpu] iter:20 elapsed:0.30s rep_coef:0.6615 RMS_force:44.4565 n_rep:161.4808 energy:9.5725,8.1119,0.0147 dist:3.7386,8.1890,1.4661
[M::hk_fdg1_cpu] iter:30 elapsed:0.81s rep_coef:0.9352 RMS_force:30.6015 n_rep:355.6698 energy:1.8459,4.1597,0.0226 dist:2.0825,5.0919,1.4352
[M::hk_fdg1_cpu] iter:40 elapsed:1.22s rep_coef:0.9907 RMS_force:23.8460 n_rep:90.4097 energy:0.3536,1.7976,0.0275 dist:1.2256,3.4605,1.3917
[M::hk_fdg1_cpu] iter:50 elapsed:1.43s rep_coef:0.9987 RMS_force:14.3544 n_rep:73.3682 energy:0.1024,0.9576,0.0323 dist:0.8004,2.6721,1.3439
minimal P9016[1m]: run softall, n_iter=100 relax_steps=100 relax_step=0.012 relax_backend=gpu
[M::hk_bmap_gen] generated 5258 beads
[M::hk_bmap_gen] 203555 bin pairs
[M::blind-gpu] prepared pair buffers: n_diploid=5258 n_pairs=208766 n_block_keys=407580 n_steps=100
[I::fdg-gpu] blocklist CSR ready: edges=407580 avg_deg=77.52 max_deg=164
[M::hk_bmap_gen] generated 5258 beads
[M::hk_bmap_gen] 204149 bin pairs
[M::blind-gpu] prepared pair buffers: n_diploid=5258 n_pairs=209365 n_block_keys=408780 n_steps=100
[I::fdg-gpu] blocklist CSR ready: edges=408780 avg_deg=77.74 max_deg=163
[M::hk_bmap_gen] generated 5258 beads
[M::hk_bmap_gen] 201488 bin pairs
[M::blind-gpu] prepared pair buffers: n_diploid=5258 n_pairs=206699 n_block_keys=403450 n_steps=100
[I::fdg-gpu] blocklist CSR ready: edges=403450 avg_deg=76.73 max_deg=163
[M::hk_bmap_gen] generated 5258 beads
[M::hk_bmap_gen] 198273 bin pairs
[M::blind-gpu] prepared pair buffers: n_diploid=5258 n_pairs=203485 n_block_keys=397024 n_steps=100
[I::fdg-gpu] blocklist CSR ready: edges=397024 avg_deg=75.51 max_deg=163
[M::hk_bmap_gen] generated 5258 beads
[M::hk_bmap_gen] 195534 bin pairs
[M::blind-gpu] prepared pair buffers: n_diploid=5258 n_pairs=200741 n_block_keys=391540 n_steps=100
[I::fdg-gpu] blocklist CSR ready: edges=391540 avg_deg=74.47 max_deg=163
[M::hk_bmap_gen] generated 5258 beads
[M::hk_bmap_gen] 193386 bin pairs
[M::blind-gpu] prepared pair buffers: n_diploid=5258 n_pairs=198591 n_block_keys=387242 n_steps=100
[I::fdg-gpu] blocklist CSR ready: edges=387242 avg_deg=73.65 max_deg=164
[M::hk_bmap_gen] generated 5258 beads
[M::hk_bmap_gen] 191778 bin pairs
[M::blind-gpu] prepared pair buffers: n_diploid=5258 n_pairs=196988 n_block_keys=384050 n_steps=100
[I::fdg-gpu] blocklist CSR ready: edges=384050 avg_deg=73.04 max_deg=164
[M::hk_bmap_gen] generated 5258 beads
[M::hk_bmap_gen] 190388 bin pairs
[M::blind-gpu] prepared pair buffers: n_diploid=5258 n_pairs=195595 n_block_keys=381268 n_steps=100
[I::fdg-gpu] blocklist CSR ready: edges=381268 avg_deg=72.51 max_deg=165
[M::hk_bmap_gen] generated 5258 beads
[M::hk_bmap_gen] 189232 bin pairs
[M::blind-gpu] prepared pair buffers: n_diploid=5258 n_pairs=194438 n_block_keys=378954 n_steps=100
[I::fdg-gpu] blocklist CSR ready: edges=378954 avg_deg=72.07 max_deg=166
[M::hk_bmap_gen] generated 5258 beads
[M::hk_bmap_gen] 188376 bin pairs
[M::blind-gpu] prepared pair buffers: n_diploid=5258 n_pairs=193584 n_block_keys=377242 n_steps=100
[I::fdg-gpu] blocklist CSR ready: edges=377242 avg_deg=71.75 max_deg=166
[M::hk_bmap_gen] generated 5258 beads
[M::hk_bmap_gen] 187681 bin pairs
[M::blind-gpu] prepared pair buffers: n_diploid=5258 n_pairs=192889 n_block_keys=375852 n_steps=100
[I::fdg-gpu] blocklist CSR ready: edges=375852 avg_deg=71.48 max_deg=166
[M::hk_bmap_gen] generated 5258 beads
[M::hk_bmap_gen] 187027 bin pairs
[M::blind-gpu] prepared pair buffers: n_diploid=5258 n_pairs=192238 n_block_keys=374548 n_steps=100
[I::fdg-gpu] blocklist CSR ready: edges=374548 avg_deg=71.23 max_deg=166
[M::hk_bmap_gen] generated 5258 beads
[M::hk_bmap_gen] 186547 bin pairs
[M::blind-gpu] prepared pair buffers: n_diploid=5258 n_pairs=191755 n_block_keys=373580 n_steps=100
[I::fdg-gpu] blocklist CSR ready: edges=373580 avg_deg=71.05 max_deg=164
[M::hk_bmap_gen] generated 5258 beads
[M::hk_bmap_gen] 186055 bin pairs
[M::blind-gpu] prepared pair buffers: n_diploid=5258 n_pairs=191267 n_block_keys=372600 n_steps=100
[I::fdg-gpu] blocklist CSR ready: edges=372600 avg_deg=70.86 max_deg=164
[M::hk_bmap_gen] generated 5258 beads
[M::hk_bmap_gen] 185617 bin pairs
[M::blind-gpu] prepared pair buffers: n_diploid=5258 n_pairs=190825 n_block_keys=371716 n_steps=100
[I::fdg-gpu] blocklist CSR ready: edges=371716 avg_deg=70.70 max_deg=164
[M::hk_bmap_gen] generated 5258 beads
[M::hk_bmap_gen] 185213 bin pairs
[M::blind-gpu] prepared pair buffers: n_diploid=5258 n_pairs=190421 n_block_keys=370918 n_steps=100
[I::fdg-gpu] blocklist CSR ready: edges=370918 avg_deg=70.54 max_deg=164
[M::hk_bmap_gen] generated 5258 beads
[M::hk_bmap_gen] 184853 bin pairs
[M::blind-gpu] prepared pair buffers: n_diploid=5258 n_pairs=190066 n_block_keys=370218 n_steps=100
[I::fdg-gpu] blocklist CSR ready: edges=370218 avg_deg=70.41 max_deg=164
[M::hk_bmap_gen] generated 5258 beads
[M::hk_bmap_gen] 184577 bin pairs
[M::blind-gpu] prepared pair buffers: n_diploid=5258 n_pairs=189787 n_block_keys=369660 n_steps=100
[I::fdg-gpu] blocklist CSR ready: edges=369660 avg_deg=70.30 max_deg=164
[M::hk_bmap_gen] generated 5258 beads
[M::hk_bmap_gen] 184272 bin pairs
[M::blind-gpu] prepared pair buffers: n_diploid=5258 n_pairs=189480 n_block_keys=369044 n_steps=100
[I::fdg-gpu] blocklist CSR ready: edges=369044 avg_deg=70.19 max_deg=164
[M::hk_bmap_gen] generated 5258 beads
[M::hk_bmap_gen] 184047 bin pairs
[M::blind-gpu] prepared pair buffers: n_diploid=5258 n_pairs=189257 n_block_keys=368594 n_steps=100
[I::fdg-gpu] blocklist CSR ready: edges=368594 avg_deg=70.10 max_deg=163
[M::hk_bmap_gen] generated 5258 beads
[M::hk_bmap_gen] 183784 bin pairs
[M::blind-gpu] prepared pair buffers: n_diploid=5258 n_pairs=188996 n_block_keys=368078 n_steps=100
[I::fdg-gpu] blocklist CSR ready: edges=368078 avg_deg=70.00 max_deg=163
[M::hk_bmap_gen] generated 5258 beads
[M::hk_bmap_gen] 183540 bin pairs
[M::blind-gpu] prepared pair buffers: n_diploid=5258 n_pairs=188750 n_block_keys=367586 n_steps=100
[I::fdg-gpu] blocklist CSR ready: edges=367586 avg_deg=69.91 max_deg=163
[M::hk_bmap_gen] generated 5258 beads
[M::hk_bmap_gen] 183286 bin pairs
[M::blind-gpu] prepared pair buffers: n_diploid=5258 n_pairs=188498 n_block_keys=367086 n_steps=100
[I::fdg-gpu] blocklist CSR ready: edges=367086 avg_deg=69.81 max_deg=164
[M::hk_bmap_gen] generated 5258 beads
[M::hk_bmap_gen] 182990 bin pairs
[M::blind-gpu] prepared pair buffers: n_diploid=5258 n_pairs=188200 n_block_keys=366496 n_steps=100
[I::fdg-gpu] blocklist CSR ready: edges=366496 avg_deg=69.70 max_deg=164
[M::hk_bmap_gen] generated 5258 beads
[M::hk_bmap_gen] 182811 bin pairs
[M::blind-gpu] prepared pair buffers: n_diploid=5258 n_pairs=188019 n_block_keys=366136 n_steps=100
[I::fdg-gpu] blocklist CSR ready: edges=366136 avg_deg=69.63 max_deg=164
[M::hk_bmap_gen] generated 5258 beads
[M::hk_bmap_gen] 182576 bin pairs
[M::blind-gpu] prepared pair buffers: n_diploid=5258 n_pairs=187785 n_block_keys=365670 n_steps=100
[I::fdg-gpu] blocklist CSR ready: edges=365670 avg_deg=69.55 max_deg=165
[M::hk_bmap_gen] generated 5258 beads
[M::hk_bmap_gen] 182338 bin pairs
[M::blind-gpu] prepared pair buffers: n_diploid=5258 n_pairs=187545 n_block_keys=365190 n_steps=100
[I::fdg-gpu] blocklist CSR ready: edges=365190 avg_deg=69.45 max_deg=165
[M::hk_bmap_gen] generated 5258 beads
[M::hk_bmap_gen] 182063 bin pairs
[M::blind-gpu] prepared pair buffers: n_diploid=5258 n_pairs=187274 n_block_keys=364646 n_steps=100
[I::fdg-gpu] blocklist CSR ready: edges=364646 avg_deg=69.35 max_deg=165
[M::hk_bmap_gen] generated 5258 beads
[M::hk_bmap_gen] 181789 bin pairs
[M::blind-gpu] prepared pair buffers: n_diploid=5258 n_pairs=187002 n_block_keys=364104 n_steps=100
[I::fdg-gpu] blocklist CSR ready: edges=364104 avg_deg=69.25 max_deg=165
[M::hk_bmap_gen] generated 5258 beads
[M::hk_bmap_gen] 181460 bin pairs
[M::blind-gpu] prepared pair buffers: n_diploid=5258 n_pairs=186674 n_block_keys=363458 n_steps=100
[I::fdg-gpu] blocklist CSR ready: edges=363458 avg_deg=69.12 max_deg=165
[M::hk_bmap_gen] generated 5258 beads
[M::hk_bmap_gen] 181213 bin pairs
[M::blind-gpu] prepared pair buffers: n_diploid=5258 n_pairs=186425 n_block_keys=362964 n_steps=100
[I::fdg-gpu] blocklist CSR ready: edges=362964 avg_deg=69.03 max_deg=165
[M::hk_bmap_gen] generated 5258 beads
[M::hk_bmap_gen] 181023 bin pairs
[M::blind-gpu] prepared pair buffers: n_diploid=5258 n_pairs=186237 n_block_keys=362592 n_steps=100
[I::fdg-gpu] blocklist CSR ready: edges=362592 avg_deg=68.96 max_deg=165
[M::hk_bmap_gen] generated 5258 beads
[M::hk_bmap_gen] 180862 bin pairs
[M::blind-gpu] prepared pair buffers: n_diploid=5258 n_pairs=186075 n_block_keys=362270 n_steps=100
[I::fdg-gpu] blocklist CSR ready: edges=362270 avg_deg=68.90 max_deg=165
[M::hk_bmap_gen] generated 5258 beads
[M::hk_bmap_gen] 180718 bin pairs
[M::blind-gpu] prepared pair buffers: n_diploid=5258 n_pairs=185931 n_block_keys=361976 n_steps=100
[I::fdg-gpu] blocklist CSR ready: edges=361976 avg_deg=68.84 max_deg=165
[M::hk_bmap_gen] generated 5258 beads
[M::hk_bmap_gen] 180588 bin pairs
[M::blind-gpu] prepared pair buffers: n_diploid=5258 n_pairs=185801 n_block_keys=361714 n_steps=100
[I::fdg-gpu] blocklist CSR ready: edges=361714 avg_deg=68.79 max_deg=165
[M::hk_bmap_gen] generated 5258 beads
[M::hk_bmap_gen] 180491 bin pairs
[M::blind-gpu] prepared pair buffers: n_diploid=5258 n_pairs=185704 n_block_keys=361520 n_steps=100
[I::fdg-gpu] blocklist CSR ready: edges=361520 avg_deg=68.76 max_deg=165
[M::hk_bmap_gen] generated 5258 beads
[M::hk_bmap_gen] 180385 bin pairs
[M::blind-gpu] prepared pair buffers: n_diploid=5258 n_pairs=185598 n_block_keys=361310 n_steps=100
[I::fdg-gpu] blocklist CSR ready: edges=361310 avg_deg=68.72 max_deg=165
[M::hk_bmap_gen] generated 5258 beads
[M::hk_bmap_gen] 180248 bin pairs
[M::blind-gpu] prepared pair buffers: n_diploid=5258 n_pairs=185461 n_block_keys=361036 n_steps=100
[I::fdg-gpu] blocklist CSR ready: edges=361036 avg_deg=68.66 max_deg=165
[M::hk_bmap_gen] generated 5258 beads
[M::hk_bmap_gen] 180142 bin pairs
[M::blind-gpu] prepared pair buffers: n_diploid=5258 n_pairs=185358 n_block_keys=360826 n_steps=100
[I::fdg-gpu] blocklist CSR ready: edges=360826 avg_deg=68.62 max_deg=165
[M::hk_bmap_gen] generated 5258 beads
[M::hk_bmap_gen] 180085 bin pairs
[M::blind-gpu] prepared pair buffers: n_diploid=5258 n_pairs=185301 n_block_keys=360712 n_steps=100
[I::fdg-gpu] blocklist CSR ready: edges=360712 avg_deg=68.60 max_deg=165
[M::hk_bmap_gen] generated 5258 beads
[M::hk_bmap_gen] 179959 bin pairs
[M::blind-gpu] prepared pair buffers: n_diploid=5258 n_pairs=185175 n_block_keys=360458 n_steps=100
[I::fdg-gpu] blocklist CSR ready: edges=360458 avg_deg=68.55 max_deg=165
[M::hk_bmap_gen] generated 5258 beads
[M::hk_bmap_gen] 179881 bin pairs
[M::blind-gpu] prepared pair buffers: n_diploid=5258 n_pairs=185096 n_block_keys=360300 n_steps=100
[I::fdg-gpu] blocklist CSR ready: edges=360300 avg_deg=68.52 max_deg=165
[M::hk_bmap_gen] generated 5258 beads
[M::hk_bmap_gen] 179835 bin pairs
[M::blind-gpu] prepared pair buffers: n_diploid=5258 n_pairs=185050 n_block_keys=360206 n_steps=100
[I::fdg-gpu] blocklist CSR ready: edges=360206 avg_deg=68.51 max_deg=165
[M::hk_bmap_gen] generated 5258 beads
[M::hk_bmap_gen] 179777 bin pairs
[M::blind-gpu] prepared pair buffers: n_diploid=5258 n_pairs=184991 n_block_keys=360088 n_steps=100
[I::fdg-gpu] blocklist CSR ready: edges=360088 avg_deg=68.48 max_deg=165
[M::hk_bmap_gen] generated 5258 beads
[M::hk_bmap_gen] 179705 bin pairs
[M::blind-gpu] prepared pair buffers: n_diploid=5258 n_pairs=184919 n_block_keys=359940 n_steps=100
[I::fdg-gpu] blocklist CSR ready: edges=359940 avg_deg=68.46 max_deg=165
[M::hk_bmap_gen] generated 5258 beads
[M::hk_bmap_gen] 179603 bin pairs
[M::blind-gpu] prepared pair buffers: n_diploid=5258 n_pairs=184816 n_block_keys=359732 n_steps=100
[I::fdg-gpu] blocklist CSR ready: edges=359732 avg_deg=68.42 max_deg=165
[M::hk_bmap_gen] generated 5258 beads
[M::hk_bmap_gen] 179523 bin pairs
[M::blind-gpu] prepared pair buffers: n_diploid=5258 n_pairs=184736 n_block_keys=359570 n_steps=100
[I::fdg-gpu] blocklist CSR ready: edges=359570 avg_deg=68.39 max_deg=165
[M::hk_bmap_gen] generated 5258 beads
[M::hk_bmap_gen] 179476 bin pairs
[M::blind-gpu] prepared pair buffers: n_diploid=5258 n_pairs=184691 n_block_keys=359480 n_steps=100
[I::fdg-gpu] blocklist CSR ready: edges=359480 avg_deg=68.37 max_deg=165
[M::hk_bmap_gen] generated 5258 beads
[M::hk_bmap_gen] 179456 bin pairs
[M::blind-gpu] prepared pair buffers: n_diploid=5258 n_pairs=184670 n_block_keys=359436 n_steps=100
[I::fdg-gpu] blocklist CSR ready: edges=359436 avg_deg=68.36 max_deg=164
[M::hk_bmap_gen] generated 5258 beads
[M::hk_bmap_gen] 179456 bin pairs
[M::blind-gpu] prepared pair buffers: n_diploid=5258 n_pairs=184667 n_block_keys=359430 n_steps=100
[I::fdg-gpu] blocklist CSR ready: edges=359430 avg_deg=68.36 max_deg=164
[M::hk_bmap_gen] generated 5258 beads
[M::hk_bmap_gen] 179418 bin pairs
[M::blind-gpu] prepared pair buffers: n_diploid=5258 n_pairs=184630 n_block_keys=359356 n_steps=100
[I::fdg-gpu] blocklist CSR ready: edges=359356 avg_deg=68.34 max_deg=164
[M::hk_bmap_gen] generated 5258 beads
[M::hk_bmap_gen] 179391 bin pairs
[M::blind-gpu] prepared pair buffers: n_diploid=5258 n_pairs=184606 n_block_keys=359306 n_steps=100
[I::fdg-gpu] blocklist CSR ready: edges=359306 avg_deg=68.34 max_deg=164
[M::hk_bmap_gen] generated 5258 beads
[M::hk_bmap_gen] 179320 bin pairs
[M::blind-gpu] prepared pair buffers: n_diploid=5258 n_pairs=184535 n_block_keys=359164 n_steps=100
[I::fdg-gpu] blocklist CSR ready: edges=359164 avg_deg=68.31 max_deg=164
[M::hk_bmap_gen] generated 5258 beads
[M::hk_bmap_gen] 179206 bin pairs
[M::blind-gpu] prepared pair buffers: n_diploid=5258 n_pairs=184411 n_block_keys=358918 n_steps=100
[I::fdg-gpu] blocklist CSR ready: edges=358918 avg_deg=68.26 max_deg=164
[M::hk_bmap_gen] generated 5258 beads
[M::hk_bmap_gen] 179115 bin pairs
[M::blind-gpu] prepared pair buffers: n_diploid=5258 n_pairs=184329 n_block_keys=358754 n_steps=100
[I::fdg-gpu] blocklist CSR ready: edges=358754 avg_deg=68.23 max_deg=164
[M::hk_bmap_gen] generated 5258 beads
[M::hk_bmap_gen] 179057 bin pairs
[M::blind-gpu] prepared pair buffers: n_diploid=5258 n_pairs=184271 n_block_keys=358640 n_steps=100
[I::fdg-gpu] blocklist CSR ready: edges=358640 avg_deg=68.21 max_deg=164
[M::hk_bmap_gen] generated 5258 beads
[M::hk_bmap_gen] 178952 bin pairs
[M::blind-gpu] prepared pair buffers: n_diploid=5258 n_pairs=184165 n_block_keys=358424 n_steps=100
[I::fdg-gpu] blocklist CSR ready: edges=358424 avg_deg=68.17 max_deg=164
[M::hk_bmap_gen] generated 5258 beads
[M::hk_bmap_gen] 178905 bin pairs
[M::blind-gpu] prepared pair buffers: n_diploid=5258 n_pairs=184116 n_block_keys=358326 n_steps=100
[I::fdg-gpu] blocklist CSR ready: edges=358326 avg_deg=68.15 max_deg=164
[M::hk_bmap_gen] generated 5258 beads
[M::hk_bmap_gen] 178873 bin pairs
[M::blind-gpu] prepared pair buffers: n_diploid=5258 n_pairs=184085 n_block_keys=358266 n_steps=100
[I::fdg-gpu] blocklist CSR ready: edges=358266 avg_deg=68.14 max_deg=164
[M::hk_bmap_gen] generated 5258 beads
[M::hk_bmap_gen] 178826 bin pairs
[M::blind-gpu] prepared pair buffers: n_diploid=5258 n_pairs=184037 n_block_keys=358170 n_steps=100
[I::fdg-gpu] blocklist CSR ready: edges=358170 avg_deg=68.12 max_deg=164
[M::hk_bmap_gen] generated 5258 beads
[M::hk_bmap_gen] 178782 bin pairs
[M::blind-gpu] prepared pair buffers: n_diploid=5258 n_pairs=183994 n_block_keys=358084 n_steps=100
[I::fdg-gpu] blocklist CSR ready: edges=358084 avg_deg=68.10 max_deg=164
[M::hk_bmap_gen] generated 5258 beads
[M::hk_bmap_gen] 178762 bin pairs
[M::blind-gpu] prepared pair buffers: n_diploid=5258 n_pairs=183974 n_block_keys=358046 n_steps=100
[I::fdg-gpu] blocklist CSR ready: edges=358046 avg_deg=68.10 max_deg=164
[M::hk_bmap_gen] generated 5258 beads
[M::hk_bmap_gen] 178686 bin pairs
[M::blind-gpu] prepared pair buffers: n_diploid=5258 n_pairs=183900 n_block_keys=357898 n_steps=100
[I::fdg-gpu] blocklist CSR ready: edges=357898 avg_deg=68.07 max_deg=164
[M::hk_bmap_gen] generated 5258 beads
[M::hk_bmap_gen] 178637 bin pairs
[M::blind-gpu] prepared pair buffers: n_diploid=5258 n_pairs=183852 n_block_keys=357806 n_steps=100
[I::fdg-gpu] blocklist CSR ready: edges=357806 avg_deg=68.05 max_deg=165
[M::hk_bmap_gen] generated 5258 beads
[M::hk_bmap_gen] 178572 bin pairs
[M::blind-gpu] prepared pair buffers: n_diploid=5258 n_pairs=183785 n_block_keys=357672 n_steps=100
[I::fdg-gpu] blocklist CSR ready: edges=357672 avg_deg=68.02 max_deg=165
[M::hk_bmap_gen] generated 5258 beads
[M::hk_bmap_gen] 178515 bin pairs
[M::blind-gpu] prepared pair buffers: n_diploid=5258 n_pairs=183730 n_block_keys=357568 n_steps=100
[I::fdg-gpu] blocklist CSR ready: edges=357568 avg_deg=68.00 max_deg=164
[M::hk_bmap_gen] generated 5258 beads
[M::hk_bmap_gen] 178463 bin pairs
[M::blind-gpu] prepared pair buffers: n_diploid=5258 n_pairs=183678 n_block_keys=357462 n_steps=100
[I::fdg-gpu] blocklist CSR ready: edges=357462 avg_deg=67.98 max_deg=164
[M::hk_bmap_gen] generated 5258 beads
[M::hk_bmap_gen] 178399 bin pairs
[M::blind-gpu] prepared pair buffers: n_diploid=5258 n_pairs=183612 n_block_keys=357328 n_steps=100
[I::fdg-gpu] blocklist CSR ready: edges=357328 avg_deg=67.96 max_deg=164
[M::hk_bmap_gen] generated 5258 beads
[M::hk_bmap_gen] 178330 bin pairs
[M::blind-gpu] prepared pair buffers: n_diploid=5258 n_pairs=183544 n_block_keys=357192 n_steps=100
[I::fdg-gpu] blocklist CSR ready: edges=357192 avg_deg=67.93 max_deg=163
[M::hk_bmap_gen] generated 5258 beads
[M::hk_bmap_gen] 178288 bin pairs
[M::blind-gpu] prepared pair buffers: n_diploid=5258 n_pairs=183501 n_block_keys=357108 n_steps=100
[I::fdg-gpu] blocklist CSR ready: edges=357108 avg_deg=67.92 max_deg=163
[M::hk_bmap_gen] generated 5258 beads
[M::hk_bmap_gen] 178226 bin pairs
[M::blind-gpu] prepared pair buffers: n_diploid=5258 n_pairs=183440 n_block_keys=356992 n_steps=100
[I::fdg-gpu] blocklist CSR ready: edges=356992 avg_deg=67.90 max_deg=163
[M::hk_bmap_gen] generated 5258 beads
[M::hk_bmap_gen] 178147 bin pairs
[M::blind-gpu] prepared pair buffers: n_diploid=5258 n_pairs=183359 n_block_keys=356830 n_steps=100
[I::fdg-gpu] blocklist CSR ready: edges=356830 avg_deg=67.86 max_deg=163
[M::hk_bmap_gen] generated 5258 beads
[M::hk_bmap_gen] 178059 bin pairs
[M::blind-gpu] prepared pair buffers: n_diploid=5258 n_pairs=183271 n_block_keys=356652 n_steps=100
[I::fdg-gpu] blocklist CSR ready: edges=356652 avg_deg=67.83 max_deg=163
[M::hk_bmap_gen] generated 5258 beads
[M::hk_bmap_gen] 177993 bin pairs
[M::blind-gpu] prepared pair buffers: n_diploid=5258 n_pairs=183204 n_block_keys=356518 n_steps=100
[I::fdg-gpu] blocklist CSR ready: edges=356518 avg_deg=67.80 max_deg=163
[M::hk_bmap_gen] generated 5258 beads
[M::hk_bmap_gen] 177954 bin pairs
[M::blind-gpu] prepared pair buffers: n_diploid=5258 n_pairs=183162 n_block_keys=356428 n_steps=100
[I::fdg-gpu] blocklist CSR ready: edges=356428 avg_deg=67.79 max_deg=163
[M::hk_bmap_gen] generated 5258 beads
[M::hk_bmap_gen] 177873 bin pairs
[M::blind-gpu] prepared pair buffers: n_diploid=5258 n_pairs=183080 n_block_keys=356264 n_steps=100
[I::fdg-gpu] blocklist CSR ready: edges=356264 avg_deg=67.76 max_deg=163
[M::hk_bmap_gen] generated 5258 beads
[M::hk_bmap_gen] 177803 bin pairs
[M::blind-gpu] prepared pair buffers: n_diploid=5258 n_pairs=183012 n_block_keys=356124 n_steps=100
[I::fdg-gpu] blocklist CSR ready: edges=356124 avg_deg=67.73 max_deg=163
[M::hk_bmap_gen] generated 5258 beads
[M::hk_bmap_gen] 177738 bin pairs
[M::blind-gpu] prepared pair buffers: n_diploid=5258 n_pairs=182948 n_block_keys=355994 n_steps=100
[I::fdg-gpu] blocklist CSR ready: edges=355994 avg_deg=67.71 max_deg=163
[M::hk_bmap_gen] generated 5258 beads
[M::hk_bmap_gen] 177667 bin pairs
[M::blind-gpu] prepared pair buffers: n_diploid=5258 n_pairs=182872 n_block_keys=355846 n_steps=100
[I::fdg-gpu] blocklist CSR ready: edges=355846 avg_deg=67.68 max_deg=163
[M::hk_bmap_gen] generated 5258 beads
[M::hk_bmap_gen] 177599 bin pairs
[M::blind-gpu] prepared pair buffers: n_diploid=5258 n_pairs=182809 n_block_keys=355720 n_steps=100
[I::fdg-gpu] blocklist CSR ready: edges=355720 avg_deg=67.65 max_deg=163
[M::hk_bmap_gen] generated 5258 beads
[M::hk_bmap_gen] 177550 bin pairs
[M::blind-gpu] prepared pair buffers: n_diploid=5258 n_pairs=182759 n_block_keys=355620 n_steps=100
[I::fdg-gpu] blocklist CSR ready: edges=355620 avg_deg=67.63 max_deg=163
[M::hk_bmap_gen] generated 5258 beads
[M::hk_bmap_gen] 177486 bin pairs
[M::blind-gpu] prepared pair buffers: n_diploid=5258 n_pairs=182693 n_block_keys=355488 n_steps=100
[I::fdg-gpu] blocklist CSR ready: edges=355488 avg_deg=67.61 max_deg=163
[M::hk_bmap_gen] generated 5258 beads
[M::hk_bmap_gen] 177372 bin pairs
[M::blind-gpu] prepared pair buffers: n_diploid=5258 n_pairs=182580 n_block_keys=355260 n_steps=100
[I::fdg-gpu] blocklist CSR ready: edges=355260 avg_deg=67.57 max_deg=163
[M::hk_bmap_gen] generated 5258 beads
[M::hk_bmap_gen] 177291 bin pairs
[M::blind-gpu] prepared pair buffers: n_diploid=5258 n_pairs=182501 n_block_keys=355098 n_steps=100
[I::fdg-gpu] blocklist CSR ready: edges=355098 avg_deg=67.53 max_deg=163
[M::hk_bmap_gen] generated 5258 beads
[M::hk_bmap_gen] 177223 bin pairs
[M::blind-gpu] prepared pair buffers: n_diploid=5258 n_pairs=182432 n_block_keys=354960 n_steps=100
[I::fdg-gpu] blocklist CSR ready: edges=354960 avg_deg=67.51 max_deg=163
[M::hk_bmap_gen] generated 5258 beads
[M::hk_bmap_gen] 177127 bin pairs
[M::blind-gpu] prepared pair buffers: n_diploid=5258 n_pairs=182337 n_block_keys=354770 n_steps=100
[I::fdg-gpu] blocklist CSR ready: edges=354770 avg_deg=67.47 max_deg=164
[M::hk_bmap_gen] generated 5258 beads
[M::hk_bmap_gen] 176993 bin pairs
[M::blind-gpu] prepared pair buffers: n_diploid=5258 n_pairs=182202 n_block_keys=354504 n_steps=100
[I::fdg-gpu] blocklist CSR ready: edges=354504 avg_deg=67.42 max_deg=163
[M::hk_bmap_gen] generated 5258 beads
[M::hk_bmap_gen] 176925 bin pairs
[M::blind-gpu] prepared pair buffers: n_diploid=5258 n_pairs=182136 n_block_keys=354374 n_steps=100
[I::fdg-gpu] blocklist CSR ready: edges=354374 avg_deg=67.40 max_deg=163
[M::hk_bmap_gen] generated 5258 beads
[M::hk_bmap_gen] 176846 bin pairs
[M::blind-gpu] prepared pair buffers: n_diploid=5258 n_pairs=182056 n_block_keys=354220 n_steps=100
[I::fdg-gpu] blocklist CSR ready: edges=354220 avg_deg=67.37 max_deg=163
[M::hk_bmap_gen] generated 5258 beads
[M::hk_bmap_gen] 176753 bin pairs
[M::blind-gpu] prepared pair buffers: n_diploid=5258 n_pairs=181968 n_block_keys=354046 n_steps=100
[I::fdg-gpu] blocklist CSR ready: edges=354046 avg_deg=67.33 max_deg=163
[M::hk_bmap_gen] generated 5258 beads
[M::hk_bmap_gen] 176647 bin pairs
[M::blind-gpu] prepared pair buffers: n_diploid=5258 n_pairs=181860 n_block_keys=353828 n_steps=100
[I::fdg-gpu] blocklist CSR ready: edges=353828 avg_deg=67.29 max_deg=163
[M::hk_bmap_gen] generated 5258 beads
[M::hk_bmap_gen] 176592 bin pairs
[M::blind-gpu] prepared pair buffers: n_diploid=5258 n_pairs=181806 n_block_keys=353720 n_steps=100
[I::fdg-gpu] blocklist CSR ready: edges=353720 avg_deg=67.27 max_deg=163
[M::hk_bmap_gen] generated 5258 beads
[M::hk_bmap_gen] 176532 bin pairs
[M::blind-gpu] prepared pair buffers: n_diploid=5258 n_pairs=181745 n_block_keys=353598 n_steps=100
[I::fdg-gpu] blocklist CSR ready: edges=353598 avg_deg=67.25 max_deg=163
[M::hk_bmap_gen] generated 5258 beads
[M::hk_bmap_gen] 176526 bin pairs
[M::blind-gpu] prepared pair buffers: n_diploid=5258 n_pairs=181740 n_block_keys=353588 n_steps=100
[I::fdg-gpu] blocklist CSR ready: edges=353588 avg_deg=67.25 max_deg=163
[M::hk_bmap_gen] generated 5258 beads
[M::hk_bmap_gen] 176510 bin pairs
[M::blind-gpu] prepared pair buffers: n_diploid=5258 n_pairs=181723 n_block_keys=353554 n_steps=100
[I::fdg-gpu] blocklist CSR ready: edges=353554 avg_deg=67.24 max_deg=163
[M::hk_bmap_gen] generated 5258 beads
[M::hk_bmap_gen] 176475 bin pairs
[M::blind-gpu] prepared pair buffers: n_diploid=5258 n_pairs=181685 n_block_keys=353476 n_steps=100
[I::fdg-gpu] blocklist CSR ready: edges=353476 avg_deg=67.23 max_deg=163
[M::hk_bmap_gen] generated 5258 beads
[M::hk_bmap_gen] 176420 bin pairs
[M::blind-gpu] prepared pair buffers: n_diploid=5258 n_pairs=181630 n_block_keys=353366 n_steps=100
[I::fdg-gpu] blocklist CSR ready: edges=353366 avg_deg=67.21 max_deg=163
[M::hk_bmap_gen] generated 5258 beads
[M::hk_bmap_gen] 176394 bin pairs
[M::blind-gpu] prepared pair buffers: n_diploid=5258 n_pairs=181601 n_block_keys=353308 n_steps=100
[I::fdg-gpu] blocklist CSR ready: edges=353308 avg_deg=67.19 max_deg=163
[M::hk_bmap_gen] generated 5258 beads
[M::hk_bmap_gen] 176320 bin pairs
[M::blind-gpu] prepared pair buffers: n_diploid=5258 n_pairs=181528 n_block_keys=353164 n_steps=100
[I::fdg-gpu] blocklist CSR ready: edges=353164 avg_deg=67.17 max_deg=163
[M::hk_bmap_gen] generated 5258 beads
[M::hk_bmap_gen] 176255 bin pairs
[M::blind-gpu] prepared pair buffers: n_diploid=5258 n_pairs=181465 n_block_keys=353038 n_steps=100
[I::fdg-gpu] blocklist CSR ready: edges=353038 avg_deg=67.14 max_deg=163
minimal P9016[1m]: write outputs to /mnt/ssd/zliu/phase3/test_res/016-20260618_150851-p9016_charm_contacts_condition_sweep_1m/work_outputs/1pr/p9016_charm3dg20k_1pr_tempered_pcgamma0p25_sep_off_ieps0p5_noise0/p9016_charm3dg20k_1pr_tempered_pcgamma0p25_sep_off_ieps0p5_noise0
[M::hk_bmap_gen] generated 5258 beads
[M::hk_bmap_gen] 176170 bin pairs
minimal P9016[1m]: status=OK final_entropy=1.0629923 final_pU=0.76678687
minimal P9016: summary /mnt/ssd/zliu/phase3/test_res/016-20260618_150851-p9016_charm_contacts_condition_sweep_1m/work_outputs/1pr/p9016_charm3dg20k_1pr_tempered_pcgamma0p25_sep_off_ieps0p5_noise0/matrix_summary.tsv
