minimal P9016: input=/mnt/ssd/zliu/phase3/test_res/016-20260618_150851-p9016_charm_contacts_condition_sweep_1m/synthetic_pairs/p9016_charm3dg20k_1pr_contacts.pairs.gz output_root=/mnt/ssd/zliu/phase3/test_res/016-20260618_150851-p9016_charm_contacts_condition_sweep_1m/work_outputs/1pr/p9016_charm3dg20k_1pr_random_diploid_pcgamma1_sep_off config=p9016_charm3dg20k_1pr_random_diploid_pcgamma1_sep_off baseline=softall n_iter=100 relax_steps=100 relax_step=0.012 chain=0 init_mode=random_diploid init_eps=0.5 init_noise=0 init_scale=10 init_seed=17 min_sep=0 lambda_sep=0 d_scale_mode=posterior_count d_scale_input=posterior_count d_scale_formula=n_raw*posterior_prob^1 d_scale_gamma=1 d_scale_eps=1e-06 relax_backend=gpu
minimal P9016: stage 1/1 name=1m bin_size_bp=1000000 parent=0
[M::hk_map_read] read 1265114 pairs
[M::hk_bmap_gen] generated 2629 beads
[M::hk_bmap_gen] 58703 bin pairs
minimal P9016[1m]: build binned contacts
minimal P9016[1m]: init mode=random_diploid seed=17 scale=10
minimal P9016[1m]: run softall, n_iter=100 relax_steps=100 relax_step=0.012 relax_backend=gpu
[M::hk_bmap_gen] generated 5258 beads
[M::hk_bmap_gen] 149915 bin pairs
[M::blind-gpu] prepared pair buffers: n_diploid=5258 n_pairs=155044 n_block_keys=302484 n_steps=100
[I::fdg-gpu] blocklist CSR ready: edges=302484 avg_deg=57.53 max_deg=128
[M::hk_bmap_gen] generated 5258 beads
[M::hk_bmap_gen] 194465 bin pairs
[M::blind-gpu] prepared pair buffers: n_diploid=5258 n_pairs=199678 n_block_keys=389614 n_steps=100
[I::fdg-gpu] blocklist CSR ready: edges=389614 avg_deg=74.10 max_deg=160
[M::hk_bmap_gen] generated 5258 beads
[M::hk_bmap_gen] 192743 bin pairs
[M::blind-gpu] prepared pair buffers: n_diploid=5258 n_pairs=197956 n_block_keys=386132 n_steps=100
[I::fdg-gpu] blocklist CSR ready: edges=386132 avg_deg=73.44 max_deg=158
[M::hk_bmap_gen] generated 5258 beads
[M::hk_bmap_gen] 189297 bin pairs
[M::blind-gpu] prepared pair buffers: n_diploid=5258 n_pairs=194511 n_block_keys=379256 n_steps=100
[I::fdg-gpu] blocklist CSR ready: edges=379256 avg_deg=72.13 max_deg=153
[M::hk_bmap_gen] generated 5258 beads
[M::hk_bmap_gen] 186090 bin pairs
[M::blind-gpu] prepared pair buffers: n_diploid=5258 n_pairs=191305 n_block_keys=372854 n_steps=100
[I::fdg-gpu] blocklist CSR ready: edges=372854 avg_deg=70.91 max_deg=154
[M::hk_bmap_gen] generated 5258 beads
[M::hk_bmap_gen] 183524 bin pairs
[M::blind-gpu] prepared pair buffers: n_diploid=5258 n_pairs=188737 n_block_keys=367734 n_steps=100
[I::fdg-gpu] blocklist CSR ready: edges=367734 avg_deg=69.94 max_deg=153
[M::hk_bmap_gen] generated 5258 beads
[M::hk_bmap_gen] 181632 bin pairs
[M::blind-gpu] prepared pair buffers: n_diploid=5258 n_pairs=186848 n_block_keys=363962 n_steps=100
[I::fdg-gpu] blocklist CSR ready: edges=363962 avg_deg=69.22 max_deg=149
[M::hk_bmap_gen] generated 5258 beads
[M::hk_bmap_gen] 179920 bin pairs
[M::blind-gpu] prepared pair buffers: n_diploid=5258 n_pairs=185131 n_block_keys=360538 n_steps=100
[I::fdg-gpu] blocklist CSR ready: edges=360538 avg_deg=68.57 max_deg=148
[M::hk_bmap_gen] generated 5258 beads
[M::hk_bmap_gen] 178403 bin pairs
[M::blind-gpu] prepared pair buffers: n_diploid=5258 n_pairs=183617 n_block_keys=357526 n_steps=100
[I::fdg-gpu] blocklist CSR ready: edges=357526 avg_deg=68.00 max_deg=148
[M::hk_bmap_gen] generated 5258 beads
[M::hk_bmap_gen] 176989 bin pairs
[M::blind-gpu] prepared pair buffers: n_diploid=5258 n_pairs=182202 n_block_keys=354684 n_steps=100
[I::fdg-gpu] blocklist CSR ready: edges=354684 avg_deg=67.46 max_deg=147
[M::hk_bmap_gen] generated 5258 beads
[M::hk_bmap_gen] 175981 bin pairs
[M::blind-gpu] prepared pair buffers: n_diploid=5258 n_pairs=181196 n_block_keys=352692 n_steps=100
[I::fdg-gpu] blocklist CSR ready: edges=352692 avg_deg=67.08 max_deg=146
[M::hk_bmap_gen] generated 5258 beads
[M::hk_bmap_gen] 175063 bin pairs
[M::blind-gpu] prepared pair buffers: n_diploid=5258 n_pairs=180274 n_block_keys=350852 n_steps=100
[I::fdg-gpu] blocklist CSR ready: edges=350852 avg_deg=66.73 max_deg=144
[M::hk_bmap_gen] generated 5258 beads
[M::hk_bmap_gen] 174320 bin pairs
[M::blind-gpu] prepared pair buffers: n_diploid=5258 n_pairs=179531 n_block_keys=349380 n_steps=100
[I::fdg-gpu] blocklist CSR ready: edges=349380 avg_deg=66.45 max_deg=143
[M::hk_bmap_gen] generated 5258 beads
[M::hk_bmap_gen] 173534 bin pairs
[M::blind-gpu] prepared pair buffers: n_diploid=5258 n_pairs=178746 n_block_keys=347818 n_steps=100
[I::fdg-gpu] blocklist CSR ready: edges=347818 avg_deg=66.15 max_deg=144
[M::hk_bmap_gen] generated 5258 beads
[M::hk_bmap_gen] 172879 bin pairs
[M::blind-gpu] prepared pair buffers: n_diploid=5258 n_pairs=178089 n_block_keys=346508 n_steps=100
[I::fdg-gpu] blocklist CSR ready: edges=346508 avg_deg=65.90 max_deg=144
[M::hk_bmap_gen] generated 5258 beads
[M::hk_bmap_gen] 172079 bin pairs
[M::blind-gpu] prepared pair buffers: n_diploid=5258 n_pairs=177291 n_block_keys=344908 n_steps=100
[I::fdg-gpu] blocklist CSR ready: edges=344908 avg_deg=65.60 max_deg=142
[M::hk_bmap_gen] generated 5258 beads
[M::hk_bmap_gen] 171476 bin pairs
[M::blind-gpu] prepared pair buffers: n_diploid=5258 n_pairs=176683 n_block_keys=343704 n_steps=100
[I::fdg-gpu] blocklist CSR ready: edges=343704 avg_deg=65.37 max_deg=138
[M::hk_bmap_gen] generated 5258 beads
[M::hk_bmap_gen] 170879 bin pairs
[M::blind-gpu] prepared pair buffers: n_diploid=5258 n_pairs=176091 n_block_keys=342518 n_steps=100
[I::fdg-gpu] blocklist CSR ready: edges=342518 avg_deg=65.14 max_deg=138
[M::hk_bmap_gen] generated 5258 beads
[M::hk_bmap_gen] 170377 bin pairs
[M::blind-gpu] prepared pair buffers: n_diploid=5258 n_pairs=175588 n_block_keys=341520 n_steps=100
[I::fdg-gpu] blocklist CSR ready: edges=341520 avg_deg=64.95 max_deg=137
[M::hk_bmap_gen] generated 5258 beads
[M::hk_bmap_gen] 169779 bin pairs
[M::blind-gpu] prepared pair buffers: n_diploid=5258 n_pairs=174989 n_block_keys=340316 n_steps=100
[I::fdg-gpu] blocklist CSR ready: edges=340316 avg_deg=64.72 max_deg=137
[M::hk_bmap_gen] generated 5258 beads
[M::hk_bmap_gen] 169288 bin pairs
[M::blind-gpu] prepared pair buffers: n_diploid=5258 n_pairs=174494 n_block_keys=339322 n_steps=100
[I::fdg-gpu] blocklist CSR ready: edges=339322 avg_deg=64.53 max_deg=136
[M::hk_bmap_gen] generated 5258 beads
[M::hk_bmap_gen] 168757 bin pairs
[M::blind-gpu] prepared pair buffers: n_diploid=5258 n_pairs=173968 n_block_keys=338284 n_steps=100
[I::fdg-gpu] blocklist CSR ready: edges=338284 avg_deg=64.34 max_deg=136
[M::hk_bmap_gen] generated 5258 beads
[M::hk_bmap_gen] 168287 bin pairs
[M::blind-gpu] prepared pair buffers: n_diploid=5258 n_pairs=173497 n_block_keys=337342 n_steps=100
[I::fdg-gpu] blocklist CSR ready: edges=337342 avg_deg=64.16 max_deg=136
[M::hk_bmap_gen] generated 5258 beads
[M::hk_bmap_gen] 167996 bin pairs
[M::blind-gpu] prepared pair buffers: n_diploid=5258 n_pairs=173211 n_block_keys=336772 n_steps=100
[I::fdg-gpu] blocklist CSR ready: edges=336772 avg_deg=64.05 max_deg=136
[M::hk_bmap_gen] generated 5258 beads
[M::hk_bmap_gen] 167682 bin pairs
[M::blind-gpu] prepared pair buffers: n_diploid=5258 n_pairs=172894 n_block_keys=336146 n_steps=100
[I::fdg-gpu] blocklist CSR ready: edges=336146 avg_deg=63.93 max_deg=136
[M::hk_bmap_gen] generated 5258 beads
[M::hk_bmap_gen] 167354 bin pairs
[M::blind-gpu] prepared pair buffers: n_diploid=5258 n_pairs=172567 n_block_keys=335512 n_steps=100
[I::fdg-gpu] blocklist CSR ready: edges=335512 avg_deg=63.81 max_deg=136
[M::hk_bmap_gen] generated 5258 beads
[M::hk_bmap_gen] 167050 bin pairs
[M::blind-gpu] prepared pair buffers: n_diploid=5258 n_pairs=172264 n_block_keys=334906 n_steps=100
[I::fdg-gpu] blocklist CSR ready: edges=334906 avg_deg=63.69 max_deg=136
[M::hk_bmap_gen] generated 5258 beads
[M::hk_bmap_gen] 166768 bin pairs
[M::blind-gpu] prepared pair buffers: n_diploid=5258 n_pairs=171982 n_block_keys=334334 n_steps=100
[I::fdg-gpu] blocklist CSR ready: edges=334334 avg_deg=63.59 max_deg=136
[M::hk_bmap_gen] generated 5258 beads
[M::hk_bmap_gen] 166486 bin pairs
[M::blind-gpu] prepared pair buffers: n_diploid=5258 n_pairs=171700 n_block_keys=333772 n_steps=100
[I::fdg-gpu] blocklist CSR ready: edges=333772 avg_deg=63.48 max_deg=136
[M::hk_bmap_gen] generated 5258 beads
[M::hk_bmap_gen] 166251 bin pairs
[M::blind-gpu] prepared pair buffers: n_diploid=5258 n_pairs=171465 n_block_keys=333296 n_steps=100
[I::fdg-gpu] blocklist CSR ready: edges=333296 avg_deg=63.39 max_deg=135
[M::hk_bmap_gen] generated 5258 beads
[M::hk_bmap_gen] 165929 bin pairs
[M::blind-gpu] prepared pair buffers: n_diploid=5258 n_pairs=171142 n_block_keys=332652 n_steps=100
[I::fdg-gpu] blocklist CSR ready: edges=332652 avg_deg=63.27 max_deg=135
[M::hk_bmap_gen] generated 5258 beads
[M::hk_bmap_gen] 165623 bin pairs
[M::blind-gpu] prepared pair buffers: n_diploid=5258 n_pairs=170837 n_block_keys=332048 n_steps=100
[I::fdg-gpu] blocklist CSR ready: edges=332048 avg_deg=63.15 max_deg=135
[M::hk_bmap_gen] generated 5258 beads
[M::hk_bmap_gen] 165323 bin pairs
[M::blind-gpu] prepared pair buffers: n_diploid=5258 n_pairs=170536 n_block_keys=331456 n_steps=100
[I::fdg-gpu] blocklist CSR ready: edges=331456 avg_deg=63.04 max_deg=135
[M::hk_bmap_gen] generated 5258 beads
[M::hk_bmap_gen] 165075 bin pairs
[M::blind-gpu] prepared pair buffers: n_diploid=5258 n_pairs=170289 n_block_keys=330966 n_steps=100
[I::fdg-gpu] blocklist CSR ready: edges=330966 avg_deg=62.95 max_deg=134
[M::hk_bmap_gen] generated 5258 beads
[M::hk_bmap_gen] 164902 bin pairs
[M::blind-gpu] prepared pair buffers: n_diploid=5258 n_pairs=170116 n_block_keys=330622 n_steps=100
[I::fdg-gpu] blocklist CSR ready: edges=330622 avg_deg=62.88 max_deg=134
[M::hk_bmap_gen] generated 5258 beads
[M::hk_bmap_gen] 164724 bin pairs
[M::blind-gpu] prepared pair buffers: n_diploid=5258 n_pairs=169938 n_block_keys=330270 n_steps=100
[I::fdg-gpu] blocklist CSR ready: edges=330270 avg_deg=62.81 max_deg=134
[M::hk_bmap_gen] generated 5258 beads
[M::hk_bmap_gen] 164509 bin pairs
[M::blind-gpu] prepared pair buffers: n_diploid=5258 n_pairs=169722 n_block_keys=329840 n_steps=100
[I::fdg-gpu] blocklist CSR ready: edges=329840 avg_deg=62.73 max_deg=134
[M::hk_bmap_gen] generated 5258 beads
[M::hk_bmap_gen] 164335 bin pairs
[M::blind-gpu] prepared pair buffers: n_diploid=5258 n_pairs=169546 n_block_keys=329480 n_steps=100
[I::fdg-gpu] blocklist CSR ready: edges=329480 avg_deg=62.66 max_deg=133
[M::hk_bmap_gen] generated 5258 beads
[M::hk_bmap_gen] 164180 bin pairs
[M::blind-gpu] prepared pair buffers: n_diploid=5258 n_pairs=169392 n_block_keys=329174 n_steps=100
[I::fdg-gpu] blocklist CSR ready: edges=329174 avg_deg=62.60 max_deg=132
[M::hk_bmap_gen] generated 5258 beads
[M::hk_bmap_gen] 163904 bin pairs
[M::blind-gpu] prepared pair buffers: n_diploid=5258 n_pairs=169116 n_block_keys=328624 n_steps=100
[I::fdg-gpu] blocklist CSR ready: edges=328624 avg_deg=62.50 max_deg=133
[M::hk_bmap_gen] generated 5258 beads
[M::hk_bmap_gen] 163713 bin pairs
[M::blind-gpu] prepared pair buffers: n_diploid=5258 n_pairs=168923 n_block_keys=328246 n_steps=100
[I::fdg-gpu] blocklist CSR ready: edges=328246 avg_deg=62.43 max_deg=133
[M::hk_bmap_gen] generated 5258 beads
[M::hk_bmap_gen] 163557 bin pairs
[M::blind-gpu] prepared pair buffers: n_diploid=5258 n_pairs=168774 n_block_keys=327944 n_steps=100
[I::fdg-gpu] blocklist CSR ready: edges=327944 avg_deg=62.37 max_deg=133
[M::hk_bmap_gen] generated 5258 beads
[M::hk_bmap_gen] 163451 bin pairs
[M::blind-gpu] prepared pair buffers: n_diploid=5258 n_pairs=168666 n_block_keys=327732 n_steps=100
[I::fdg-gpu] blocklist CSR ready: edges=327732 avg_deg=62.33 max_deg=133
[M::hk_bmap_gen] generated 5258 beads
[M::hk_bmap_gen] 163297 bin pairs
[M::blind-gpu] prepared pair buffers: n_diploid=5258 n_pairs=168511 n_block_keys=327422 n_steps=100
[I::fdg-gpu] blocklist CSR ready: edges=327422 avg_deg=62.27 max_deg=133
[M::hk_bmap_gen] generated 5258 beads
[M::hk_bmap_gen] 163233 bin pairs
[M::blind-gpu] prepared pair buffers: n_diploid=5258 n_pairs=168448 n_block_keys=327294 n_steps=100
[I::fdg-gpu] blocklist CSR ready: edges=327294 avg_deg=62.25 max_deg=133
[M::hk_bmap_gen] generated 5258 beads
[M::hk_bmap_gen] 163134 bin pairs
[M::blind-gpu] prepared pair buffers: n_diploid=5258 n_pairs=168349 n_block_keys=327096 n_steps=100
[I::fdg-gpu] blocklist CSR ready: edges=327096 avg_deg=62.21 max_deg=133
[M::hk_bmap_gen] generated 5258 beads
[M::hk_bmap_gen] 163045 bin pairs
[M::blind-gpu] prepared pair buffers: n_diploid=5258 n_pairs=168253 n_block_keys=326906 n_steps=100
[I::fdg-gpu] blocklist CSR ready: edges=326906 avg_deg=62.17 max_deg=133
[M::hk_bmap_gen] generated 5258 beads
[M::hk_bmap_gen] 162941 bin pairs
[M::blind-gpu] prepared pair buffers: n_diploid=5258 n_pairs=168153 n_block_keys=326708 n_steps=100
[I::fdg-gpu] blocklist CSR ready: edges=326708 avg_deg=62.14 max_deg=133
[M::hk_bmap_gen] generated 5258 beads
[M::hk_bmap_gen] 162877 bin pairs
[M::blind-gpu] prepared pair buffers: n_diploid=5258 n_pairs=168088 n_block_keys=326578 n_steps=100
[I::fdg-gpu] blocklist CSR ready: edges=326578 avg_deg=62.11 max_deg=133
[M::hk_bmap_gen] generated 5258 beads
[M::hk_bmap_gen] 162826 bin pairs
[M::blind-gpu] prepared pair buffers: n_diploid=5258 n_pairs=168038 n_block_keys=326480 n_steps=100
[I::fdg-gpu] blocklist CSR ready: edges=326480 avg_deg=62.09 max_deg=133
[M::hk_bmap_gen] generated 5258 beads
[M::hk_bmap_gen] 162787 bin pairs
[M::blind-gpu] prepared pair buffers: n_diploid=5258 n_pairs=167996 n_block_keys=326394 n_steps=100
[I::fdg-gpu] blocklist CSR ready: edges=326394 avg_deg=62.08 max_deg=133
[M::hk_bmap_gen] generated 5258 beads
[M::hk_bmap_gen] 162738 bin pairs
[M::blind-gpu] prepared pair buffers: n_diploid=5258 n_pairs=167945 n_block_keys=326284 n_steps=100
[I::fdg-gpu] blocklist CSR ready: edges=326284 avg_deg=62.05 max_deg=133
[M::hk_bmap_gen] generated 5258 beads
[M::hk_bmap_gen] 162666 bin pairs
[M::blind-gpu] prepared pair buffers: n_diploid=5258 n_pairs=167874 n_block_keys=326144 n_steps=100
[I::fdg-gpu] blocklist CSR ready: edges=326144 avg_deg=62.03 max_deg=133
[M::hk_bmap_gen] generated 5258 beads
[M::hk_bmap_gen] 162643 bin pairs
[M::blind-gpu] prepared pair buffers: n_diploid=5258 n_pairs=167850 n_block_keys=326096 n_steps=100
[I::fdg-gpu] blocklist CSR ready: edges=326096 avg_deg=62.02 max_deg=133
[M::hk_bmap_gen] generated 5258 beads
[M::hk_bmap_gen] 162573 bin pairs
[M::blind-gpu] prepared pair buffers: n_diploid=5258 n_pairs=167779 n_block_keys=325962 n_steps=100
[I::fdg-gpu] blocklist CSR ready: edges=325962 avg_deg=61.99 max_deg=133
[M::hk_bmap_gen] generated 5258 beads
[M::hk_bmap_gen] 162491 bin pairs
[M::blind-gpu] prepared pair buffers: n_diploid=5258 n_pairs=167701 n_block_keys=325808 n_steps=100
[I::fdg-gpu] blocklist CSR ready: edges=325808 avg_deg=61.96 max_deg=133
[M::hk_bmap_gen] generated 5258 beads
[M::hk_bmap_gen] 162427 bin pairs
[M::blind-gpu] prepared pair buffers: n_diploid=5258 n_pairs=167639 n_block_keys=325680 n_steps=100
[I::fdg-gpu] blocklist CSR ready: edges=325680 avg_deg=61.94 max_deg=133
[M::hk_bmap_gen] generated 5258 beads
[M::hk_bmap_gen] 162342 bin pairs
[M::blind-gpu] prepared pair buffers: n_diploid=5258 n_pairs=167555 n_block_keys=325508 n_steps=100
[I::fdg-gpu] blocklist CSR ready: edges=325508 avg_deg=61.91 max_deg=133
[M::hk_bmap_gen] generated 5258 beads
[M::hk_bmap_gen] 162266 bin pairs
[M::blind-gpu] prepared pair buffers: n_diploid=5258 n_pairs=167479 n_block_keys=325352 n_steps=100
[I::fdg-gpu] blocklist CSR ready: edges=325352 avg_deg=61.88 max_deg=133
[M::hk_bmap_gen] generated 5258 beads
[M::hk_bmap_gen] 162199 bin pairs
[M::blind-gpu] prepared pair buffers: n_diploid=5258 n_pairs=167407 n_block_keys=325208 n_steps=100
[I::fdg-gpu] blocklist CSR ready: edges=325208 avg_deg=61.85 max_deg=133
[M::hk_bmap_gen] generated 5258 beads
[M::hk_bmap_gen] 162148 bin pairs
[M::blind-gpu] prepared pair buffers: n_diploid=5258 n_pairs=167356 n_block_keys=325100 n_steps=100
[I::fdg-gpu] blocklist CSR ready: edges=325100 avg_deg=61.83 max_deg=133
[M::hk_bmap_gen] generated 5258 beads
[M::hk_bmap_gen] 162065 bin pairs
[M::blind-gpu] prepared pair buffers: n_diploid=5258 n_pairs=167274 n_block_keys=324942 n_steps=100
[I::fdg-gpu] blocklist CSR ready: edges=324942 avg_deg=61.80 max_deg=132
[M::hk_bmap_gen] generated 5258 beads
[M::hk_bmap_gen] 161993 bin pairs
[M::blind-gpu] prepared pair buffers: n_diploid=5258 n_pairs=167203 n_block_keys=324800 n_steps=100
[I::fdg-gpu] blocklist CSR ready: edges=324800 avg_deg=61.77 max_deg=132
[M::hk_bmap_gen] generated 5258 beads
[M::hk_bmap_gen] 161913 bin pairs
[M::blind-gpu] prepared pair buffers: n_diploid=5258 n_pairs=167123 n_block_keys=324636 n_steps=100
[I::fdg-gpu] blocklist CSR ready: edges=324636 avg_deg=61.74 max_deg=132
[M::hk_bmap_gen] generated 5258 beads
[M::hk_bmap_gen] 161854 bin pairs
[M::blind-gpu] prepared pair buffers: n_diploid=5258 n_pairs=167061 n_block_keys=324512 n_steps=100
[I::fdg-gpu] blocklist CSR ready: edges=324512 avg_deg=61.72 max_deg=132
[M::hk_bmap_gen] generated 5258 beads
[M::hk_bmap_gen] 161791 bin pairs
[M::blind-gpu] prepared pair buffers: n_diploid=5258 n_pairs=166996 n_block_keys=324382 n_steps=100
[I::fdg-gpu] blocklist CSR ready: edges=324382 avg_deg=61.69 max_deg=132
[M::hk_bmap_gen] generated 5258 beads
[M::hk_bmap_gen] 161745 bin pairs
[M::blind-gpu] prepared pair buffers: n_diploid=5258 n_pairs=166951 n_block_keys=324288 n_steps=100
[I::fdg-gpu] blocklist CSR ready: edges=324288 avg_deg=61.68 max_deg=132
[M::hk_bmap_gen] generated 5258 beads
[M::hk_bmap_gen] 161681 bin pairs
[M::blind-gpu] prepared pair buffers: n_diploid=5258 n_pairs=166886 n_block_keys=324156 n_steps=100
[I::fdg-gpu] blocklist CSR ready: edges=324156 avg_deg=61.65 max_deg=132
[M::hk_bmap_gen] generated 5258 beads
[M::hk_bmap_gen] 161621 bin pairs
[M::blind-gpu] prepared pair buffers: n_diploid=5258 n_pairs=166825 n_block_keys=324032 n_steps=100
[I::fdg-gpu] blocklist CSR ready: edges=324032 avg_deg=61.63 max_deg=132
[M::hk_bmap_gen] generated 5258 beads
[M::hk_bmap_gen] 161547 bin pairs
[M::blind-gpu] prepared pair buffers: n_diploid=5258 n_pairs=166757 n_block_keys=323898 n_steps=100
[I::fdg-gpu] blocklist CSR ready: edges=323898 avg_deg=61.60 max_deg=132
[M::hk_bmap_gen] generated 5258 beads
[M::hk_bmap_gen] 161472 bin pairs
[M::blind-gpu] prepared pair buffers: n_diploid=5258 n_pairs=166681 n_block_keys=323746 n_steps=100
[I::fdg-gpu] blocklist CSR ready: edges=323746 avg_deg=61.57 max_deg=132
[M::hk_bmap_gen] generated 5258 beads
[M::hk_bmap_gen] 161428 bin pairs
[M::blind-gpu] prepared pair buffers: n_diploid=5258 n_pairs=166639 n_block_keys=323658 n_steps=100
[I::fdg-gpu] blocklist CSR ready: edges=323658 avg_deg=61.56 max_deg=132
[M::hk_bmap_gen] generated 5258 beads
[M::hk_bmap_gen] 161342 bin pairs
[M::blind-gpu] prepared pair buffers: n_diploid=5258 n_pairs=166550 n_block_keys=323476 n_steps=100
[I::fdg-gpu] blocklist CSR ready: edges=323476 avg_deg=61.52 max_deg=132
[M::hk_bmap_gen] generated 5258 beads
[M::hk_bmap_gen] 161280 bin pairs
[M::blind-gpu] prepared pair buffers: n_diploid=5258 n_pairs=166490 n_block_keys=323358 n_steps=100
[I::fdg-gpu] blocklist CSR ready: edges=323358 avg_deg=61.50 max_deg=132
[M::hk_bmap_gen] generated 5258 beads
[M::hk_bmap_gen] 161230 bin pairs
[M::blind-gpu] prepared pair buffers: n_diploid=5258 n_pairs=166441 n_block_keys=323262 n_steps=100
[I::fdg-gpu] blocklist CSR ready: edges=323262 avg_deg=61.48 max_deg=132
[M::hk_bmap_gen] generated 5258 beads
[M::hk_bmap_gen] 161154 bin pairs
[M::blind-gpu] prepared pair buffers: n_diploid=5258 n_pairs=166368 n_block_keys=323108 n_steps=100
[I::fdg-gpu] blocklist CSR ready: edges=323108 avg_deg=61.45 max_deg=132
[M::hk_bmap_gen] generated 5258 beads
[M::hk_bmap_gen] 161095 bin pairs
[M::blind-gpu] prepared pair buffers: n_diploid=5258 n_pairs=166309 n_block_keys=322992 n_steps=100
[I::fdg-gpu] blocklist CSR ready: edges=322992 avg_deg=61.43 max_deg=132
[M::hk_bmap_gen] generated 5258 beads
[M::hk_bmap_gen] 161061 bin pairs
[M::blind-gpu] prepared pair buffers: n_diploid=5258 n_pairs=166272 n_block_keys=322922 n_steps=100
[I::fdg-gpu] blocklist CSR ready: edges=322922 avg_deg=61.42 max_deg=132
[M::hk_bmap_gen] generated 5258 beads
[M::hk_bmap_gen] 161042 bin pairs
[M::blind-gpu] prepared pair buffers: n_diploid=5258 n_pairs=166253 n_block_keys=322880 n_steps=100
[I::fdg-gpu] blocklist CSR ready: edges=322880 avg_deg=61.41 max_deg=132
[M::hk_bmap_gen] generated 5258 beads
[M::hk_bmap_gen] 160962 bin pairs
[M::blind-gpu] prepared pair buffers: n_diploid=5258 n_pairs=166175 n_block_keys=322726 n_steps=100
[I::fdg-gpu] blocklist CSR ready: edges=322726 avg_deg=61.38 max_deg=132
[M::hk_bmap_gen] generated 5258 beads
[M::hk_bmap_gen] 160918 bin pairs
[M::blind-gpu] prepared pair buffers: n_diploid=5258 n_pairs=166131 n_block_keys=322644 n_steps=100
[I::fdg-gpu] blocklist CSR ready: edges=322644 avg_deg=61.36 max_deg=132
[M::hk_bmap_gen] generated 5258 beads
[M::hk_bmap_gen] 160887 bin pairs
[M::blind-gpu] prepared pair buffers: n_diploid=5258 n_pairs=166098 n_block_keys=322584 n_steps=100
[I::fdg-gpu] blocklist CSR ready: edges=322584 avg_deg=61.35 max_deg=132
[M::hk_bmap_gen] generated 5258 beads
[M::hk_bmap_gen] 160848 bin pairs
[M::blind-gpu] prepared pair buffers: n_diploid=5258 n_pairs=166060 n_block_keys=322506 n_steps=100
[I::fdg-gpu] blocklist CSR ready: edges=322506 avg_deg=61.34 max_deg=132
[M::hk_bmap_gen] generated 5258 beads
[M::hk_bmap_gen] 160783 bin pairs
[M::blind-gpu] prepared pair buffers: n_diploid=5258 n_pairs=165990 n_block_keys=322364 n_steps=100
[I::fdg-gpu] blocklist CSR ready: edges=322364 avg_deg=61.31 max_deg=132
[M::hk_bmap_gen] generated 5258 beads
[M::hk_bmap_gen] 160724 bin pairs
[M::blind-gpu] prepared pair buffers: n_diploid=5258 n_pairs=165936 n_block_keys=322260 n_steps=100
[I::fdg-gpu] blocklist CSR ready: edges=322260 avg_deg=61.29 max_deg=132
[M::hk_bmap_gen] generated 5258 beads
[M::hk_bmap_gen] 160694 bin pairs
[M::blind-gpu] prepared pair buffers: n_diploid=5258 n_pairs=165904 n_block_keys=322192 n_steps=100
[I::fdg-gpu] blocklist CSR ready: edges=322192 avg_deg=61.28 max_deg=132
[M::hk_bmap_gen] generated 5258 beads
[M::hk_bmap_gen] 160662 bin pairs
[M::blind-gpu] prepared pair buffers: n_diploid=5258 n_pairs=165874 n_block_keys=322132 n_steps=100
[I::fdg-gpu] blocklist CSR ready: edges=322132 avg_deg=61.27 max_deg=132
[M::hk_bmap_gen] generated 5258 beads
[M::hk_bmap_gen] 160618 bin pairs
[M::blind-gpu] prepared pair buffers: n_diploid=5258 n_pairs=165826 n_block_keys=322034 n_steps=100
[I::fdg-gpu] blocklist CSR ready: edges=322034 avg_deg=61.25 max_deg=132
[M::hk_bmap_gen] generated 5258 beads
[M::hk_bmap_gen] 160596 bin pairs
[M::blind-gpu] prepared pair buffers: n_diploid=5258 n_pairs=165808 n_block_keys=321996 n_steps=100
[I::fdg-gpu] blocklist CSR ready: edges=321996 avg_deg=61.24 max_deg=132
[M::hk_bmap_gen] generated 5258 beads
[M::hk_bmap_gen] 160539 bin pairs
[M::blind-gpu] prepared pair buffers: n_diploid=5258 n_pairs=165753 n_block_keys=321880 n_steps=100
[I::fdg-gpu] blocklist CSR ready: edges=321880 avg_deg=61.22 max_deg=132
[M::hk_bmap_gen] generated 5258 beads
[M::hk_bmap_gen] 160521 bin pairs
[M::blind-gpu] prepared pair buffers: n_diploid=5258 n_pairs=165734 n_block_keys=321838 n_steps=100
[I::fdg-gpu] blocklist CSR ready: edges=321838 avg_deg=61.21 max_deg=132
[M::hk_bmap_gen] generated 5258 beads
[M::hk_bmap_gen] 160521 bin pairs
[M::blind-gpu] prepared pair buffers: n_diploid=5258 n_pairs=165731 n_block_keys=321832 n_steps=100
[I::fdg-gpu] blocklist CSR ready: edges=321832 avg_deg=61.21 max_deg=132
[M::hk_bmap_gen] generated 5258 beads
[M::hk_bmap_gen] 160486 bin pairs
[M::blind-gpu] prepared pair buffers: n_diploid=5258 n_pairs=165694 n_block_keys=321768 n_steps=100
[I::fdg-gpu] blocklist CSR ready: edges=321768 avg_deg=61.20 max_deg=132
[M::hk_bmap_gen] generated 5258 beads
[M::hk_bmap_gen] 160432 bin pairs
[M::blind-gpu] prepared pair buffers: n_diploid=5258 n_pairs=165640 n_block_keys=321660 n_steps=100
[I::fdg-gpu] blocklist CSR ready: edges=321660 avg_deg=61.18 max_deg=132
[M::hk_bmap_gen] generated 5258 beads
[M::hk_bmap_gen] 160407 bin pairs
[M::blind-gpu] prepared pair buffers: n_diploid=5258 n_pairs=165617 n_block_keys=321622 n_steps=100
[I::fdg-gpu] blocklist CSR ready: edges=321622 avg_deg=61.17 max_deg=132
[M::hk_bmap_gen] generated 5258 beads
[M::hk_bmap_gen] 160370 bin pairs
[M::blind-gpu] prepared pair buffers: n_diploid=5258 n_pairs=165583 n_block_keys=321556 n_steps=100
[I::fdg-gpu] blocklist CSR ready: edges=321556 avg_deg=61.16 max_deg=132
[M::hk_bmap_gen] generated 5258 beads
[M::hk_bmap_gen] 160337 bin pairs
[M::blind-gpu] prepared pair buffers: n_diploid=5258 n_pairs=165548 n_block_keys=321484 n_steps=100
[I::fdg-gpu] blocklist CSR ready: edges=321484 avg_deg=61.14 max_deg=132
[M::hk_bmap_gen] generated 5258 beads
[M::hk_bmap_gen] 160283 bin pairs
[M::blind-gpu] prepared pair buffers: n_diploid=5258 n_pairs=165493 n_block_keys=321372 n_steps=100
[I::fdg-gpu] blocklist CSR ready: edges=321372 avg_deg=61.12 max_deg=132
[M::hk_bmap_gen] generated 5258 beads
[M::hk_bmap_gen] 160218 bin pairs
[M::blind-gpu] prepared pair buffers: n_diploid=5258 n_pairs=165430 n_block_keys=321248 n_steps=100
[I::fdg-gpu] blocklist CSR ready: edges=321248 avg_deg=61.10 max_deg=132
[M::hk_bmap_gen] generated 5258 beads
[M::hk_bmap_gen] 160138 bin pairs
[M::blind-gpu] prepared pair buffers: n_diploid=5258 n_pairs=165350 n_block_keys=321090 n_steps=100
[I::fdg-gpu] blocklist CSR ready: edges=321090 avg_deg=61.07 max_deg=132
minimal P9016[1m]: write outputs to /mnt/ssd/zliu/phase3/test_res/016-20260618_150851-p9016_charm_contacts_condition_sweep_1m/work_outputs/1pr/p9016_charm3dg20k_1pr_random_diploid_pcgamma1_sep_off/p9016_charm3dg20k_1pr_random_diploid_pcgamma1_sep_off
[M::hk_bmap_gen] generated 5258 beads
[M::hk_bmap_gen] 160026 bin pairs
minimal P9016[1m]: status=OK final_entropy=0.79964292 final_pU=0.57682043
minimal P9016: summary /mnt/ssd/zliu/phase3/test_res/016-20260618_150851-p9016_charm_contacts_condition_sweep_1m/work_outputs/1pr/p9016_charm3dg20k_1pr_random_diploid_pcgamma1_sep_off/matrix_summary.tsv
