minimal P9016: input=/mnt/ssd/zliu/phase3/test_res/016-20260618_150851-p9016_charm_contacts_condition_sweep_1m/synthetic_pairs/p9016_charm3dg20k_1pr_contacts.pairs.gz output_root=/mnt/ssd/zliu/phase3/test_res/016-20260618_150851-p9016_charm_contacts_condition_sweep_1m/work_outputs/1pr/p9016_charm3dg20k_1pr_pcgamma1_common_ieps1_noise0p05 config=p9016_charm3dg20k_1pr_pcgamma1_common_ieps1_noise0p05 baseline=softall n_iter=100 relax_steps=100 relax_step=0.012 chain=0 init_mode=unphased_scaffold_split init_eps=1 init_noise=0.050000001 init_scale=10 init_seed=17 min_sep=0 lambda_sep=0 d_scale_mode=posterior_count d_scale_input=posterior_count d_scale_formula=n_raw*posterior_prob^1 d_scale_gamma=1 d_scale_eps=1e-06 relax_backend=gpu
minimal P9016: stage 1/1 name=1m bin_size_bp=1000000 parent=0
[M::hk_map_read] read 1265114 pairs
[M::hk_bmap_gen] generated 2629 beads
[M::hk_bmap_gen] 58703 bin pairs
minimal P9016[1m]: build binned contacts
minimal P9016[1m]: init mode=unphased_scaffold_split seed=17 scale=10
[M::hk_fdg] mid_dist:1000000 max_nei:2422
[M::hk_fdg1_cpu] iter:10 elapsed:0.10s rep_coef:0.2092 RMS_force:57.6141 n_rep:45.1948 energy:33.4130,14.2949,0.0044 dist:6.5074,12.9573,1.4848
[M::hk_fdg1_cpu] iter:20 elapsed:0.30s rep_coef:0.6615 RMS_force:44.4565 n_rep:161.4808 energy:9.5725,8.1119,0.0147 dist:3.7386,8.1890,1.4661
[M::hk_fdg1_cpu] iter:30 elapsed:0.81s rep_coef:0.9352 RMS_force:30.6015 n_rep:355.6698 energy:1.8459,4.1597,0.0226 dist:2.0825,5.0919,1.4352
[M::hk_fdg1_cpu] iter:40 elapsed:1.22s rep_coef:0.9907 RMS_force:23.8460 n_rep:90.4097 energy:0.3536,1.7976,0.0275 dist:1.2256,3.4605,1.3917
[M::hk_fdg1_cpu] iter:50 elapsed:1.43s rep_coef:0.9987 RMS_force:14.3544 n_rep:73.3682 energy:0.1024,0.9576,0.0323 dist:0.8004,2.6721,1.3439
minimal P9016[1m]: run softall, n_iter=100 relax_steps=100 relax_step=0.012 relax_backend=gpu
[M::hk_bmap_gen] generated 5258 beads
[M::hk_bmap_gen] 133901 bin pairs
[M::blind-gpu] prepared pair buffers: n_diploid=5258 n_pairs=139102 n_block_keys=268248 n_steps=100
[I::fdg-gpu] blocklist CSR ready: edges=268248 avg_deg=51.02 max_deg=110
[M::hk_bmap_gen] generated 5258 beads
[M::hk_bmap_gen] 119731 bin pairs
[M::blind-gpu] prepared pair buffers: n_diploid=5258 n_pairs=124939 n_block_keys=239924 n_steps=100
[I::fdg-gpu] blocklist CSR ready: edges=239924 avg_deg=45.63 max_deg=104
[M::hk_bmap_gen] generated 5258 beads
[M::hk_bmap_gen] 112697 bin pairs
[M::blind-gpu] prepared pair buffers: n_diploid=5258 n_pairs=117904 n_block_keys=225854 n_steps=100
[I::fdg-gpu] blocklist CSR ready: edges=225854 avg_deg=42.95 max_deg=106
[M::hk_bmap_gen] generated 5258 beads
[M::hk_bmap_gen] 108988 bin pairs
[M::blind-gpu] prepared pair buffers: n_diploid=5258 n_pairs=114198 n_block_keys=218442 n_steps=100
[I::fdg-gpu] blocklist CSR ready: edges=218442 avg_deg=41.54 max_deg=103
[M::hk_bmap_gen] generated 5258 beads
[M::hk_bmap_gen] 106714 bin pairs
[M::blind-gpu] prepared pair buffers: n_diploid=5258 n_pairs=111913 n_block_keys=213874 n_steps=100
[I::fdg-gpu] blocklist CSR ready: edges=213874 avg_deg=40.68 max_deg=101
[M::hk_bmap_gen] generated 5258 beads
[M::hk_bmap_gen] 105089 bin pairs
[M::blind-gpu] prepared pair buffers: n_diploid=5258 n_pairs=110306 n_block_keys=210664 n_steps=100
[I::fdg-gpu] blocklist CSR ready: edges=210664 avg_deg=40.07 max_deg=96
[M::hk_bmap_gen] generated 5258 beads
[M::hk_bmap_gen] 103799 bin pairs
[M::blind-gpu] prepared pair buffers: n_diploid=5258 n_pairs=109010 n_block_keys=208076 n_steps=100
[I::fdg-gpu] blocklist CSR ready: edges=208076 avg_deg=39.57 max_deg=94
[M::hk_bmap_gen] generated 5258 beads
[M::hk_bmap_gen] 102775 bin pairs
[M::blind-gpu] prepared pair buffers: n_diploid=5258 n_pairs=107990 n_block_keys=206038 n_steps=100
[I::fdg-gpu] blocklist CSR ready: edges=206038 avg_deg=39.19 max_deg=91
[M::hk_bmap_gen] generated 5258 beads
[M::hk_bmap_gen] 102086 bin pairs
[M::blind-gpu] prepared pair buffers: n_diploid=5258 n_pairs=107299 n_block_keys=204656 n_steps=100
[I::fdg-gpu] blocklist CSR ready: edges=204656 avg_deg=38.92 max_deg=91
[M::hk_bmap_gen] generated 5258 beads
[M::hk_bmap_gen] 101590 bin pairs
[M::blind-gpu] prepared pair buffers: n_diploid=5258 n_pairs=106802 n_block_keys=203664 n_steps=100
[I::fdg-gpu] blocklist CSR ready: edges=203664 avg_deg=38.73 max_deg=91
[M::hk_bmap_gen] generated 5258 beads
[M::hk_bmap_gen] 101075 bin pairs
[M::blind-gpu] prepared pair buffers: n_diploid=5258 n_pairs=106285 n_block_keys=202634 n_steps=100
[I::fdg-gpu] blocklist CSR ready: edges=202634 avg_deg=38.54 max_deg=91
[M::hk_bmap_gen] generated 5258 beads
[M::hk_bmap_gen] 100626 bin pairs
[M::blind-gpu] prepared pair buffers: n_diploid=5258 n_pairs=105842 n_block_keys=201748 n_steps=100
[I::fdg-gpu] blocklist CSR ready: edges=201748 avg_deg=38.37 max_deg=91
[M::hk_bmap_gen] generated 5258 beads
[M::hk_bmap_gen] 100268 bin pairs
[M::blind-gpu] prepared pair buffers: n_diploid=5258 n_pairs=105480 n_block_keys=201024 n_steps=100
[I::fdg-gpu] blocklist CSR ready: edges=201024 avg_deg=38.23 max_deg=91
[M::hk_bmap_gen] generated 5258 beads
[M::hk_bmap_gen] 99908 bin pairs
[M::blind-gpu] prepared pair buffers: n_diploid=5258 n_pairs=105118 n_block_keys=200302 n_steps=100
[I::fdg-gpu] blocklist CSR ready: edges=200302 avg_deg=38.09 max_deg=90
[M::hk_bmap_gen] generated 5258 beads
[M::hk_bmap_gen] 99539 bin pairs
[M::blind-gpu] prepared pair buffers: n_diploid=5258 n_pairs=104751 n_block_keys=199570 n_steps=100
[I::fdg-gpu] blocklist CSR ready: edges=199570 avg_deg=37.96 max_deg=90
[M::hk_bmap_gen] generated 5258 beads
[M::hk_bmap_gen] 99258 bin pairs
[M::blind-gpu] prepared pair buffers: n_diploid=5258 n_pairs=104469 n_block_keys=199012 n_steps=100
[I::fdg-gpu] blocklist CSR ready: edges=199012 avg_deg=37.85 max_deg=90
[M::hk_bmap_gen] generated 5258 beads
[M::hk_bmap_gen] 99031 bin pairs
[M::blind-gpu] prepared pair buffers: n_diploid=5258 n_pairs=104239 n_block_keys=198560 n_steps=100
[I::fdg-gpu] blocklist CSR ready: edges=198560 avg_deg=37.76 max_deg=89
[M::hk_bmap_gen] generated 5258 beads
[M::hk_bmap_gen] 98854 bin pairs
[M::blind-gpu] prepared pair buffers: n_diploid=5258 n_pairs=104062 n_block_keys=198206 n_steps=100
[I::fdg-gpu] blocklist CSR ready: edges=198206 avg_deg=37.70 max_deg=90
[M::hk_bmap_gen] generated 5258 beads
[M::hk_bmap_gen] 98680 bin pairs
[M::blind-gpu] prepared pair buffers: n_diploid=5258 n_pairs=103889 n_block_keys=197860 n_steps=100
[I::fdg-gpu] blocklist CSR ready: edges=197860 avg_deg=37.63 max_deg=90
[M::hk_bmap_gen] generated 5258 beads
[M::hk_bmap_gen] 98514 bin pairs
[M::blind-gpu] prepared pair buffers: n_diploid=5258 n_pairs=103720 n_block_keys=197522 n_steps=100
[I::fdg-gpu] blocklist CSR ready: edges=197522 avg_deg=37.57 max_deg=90
[M::hk_bmap_gen] generated 5258 beads
[M::hk_bmap_gen] 98360 bin pairs
[M::blind-gpu] prepared pair buffers: n_diploid=5258 n_pairs=103557 n_block_keys=197194 n_steps=100
[I::fdg-gpu] blocklist CSR ready: edges=197194 avg_deg=37.50 max_deg=90
[M::hk_bmap_gen] generated 5258 beads
[M::hk_bmap_gen] 98187 bin pairs
[M::blind-gpu] prepared pair buffers: n_diploid=5258 n_pairs=103390 n_block_keys=196860 n_steps=100
[I::fdg-gpu] blocklist CSR ready: edges=196860 avg_deg=37.44 max_deg=89
[M::hk_bmap_gen] generated 5258 beads
[M::hk_bmap_gen] 98079 bin pairs
[M::blind-gpu] prepared pair buffers: n_diploid=5258 n_pairs=103284 n_block_keys=196650 n_steps=100
[I::fdg-gpu] blocklist CSR ready: edges=196650 avg_deg=37.40 max_deg=89
[M::hk_bmap_gen] generated 5258 beads
[M::hk_bmap_gen] 98006 bin pairs
[M::blind-gpu] prepared pair buffers: n_diploid=5258 n_pairs=103215 n_block_keys=196514 n_steps=100
[I::fdg-gpu] blocklist CSR ready: edges=196514 avg_deg=37.37 max_deg=87
[M::hk_bmap_gen] generated 5258 beads
[M::hk_bmap_gen] 97881 bin pairs
[M::blind-gpu] prepared pair buffers: n_diploid=5258 n_pairs=103089 n_block_keys=196256 n_steps=100
[I::fdg-gpu] blocklist CSR ready: edges=196256 avg_deg=37.33 max_deg=87
[M::hk_bmap_gen] generated 5258 beads
[M::hk_bmap_gen] 97775 bin pairs
[M::blind-gpu] prepared pair buffers: n_diploid=5258 n_pairs=102987 n_block_keys=196050 n_steps=100
[I::fdg-gpu] blocklist CSR ready: edges=196050 avg_deg=37.29 max_deg=87
[M::hk_bmap_gen] generated 5258 beads
[M::hk_bmap_gen] 97625 bin pairs
[M::blind-gpu] prepared pair buffers: n_diploid=5258 n_pairs=102833 n_block_keys=195742 n_steps=100
[I::fdg-gpu] blocklist CSR ready: edges=195742 avg_deg=37.23 max_deg=87
[M::hk_bmap_gen] generated 5258 beads
[M::hk_bmap_gen] 97534 bin pairs
[M::blind-gpu] prepared pair buffers: n_diploid=5258 n_pairs=102746 n_block_keys=195570 n_steps=100
[I::fdg-gpu] blocklist CSR ready: edges=195570 avg_deg=37.19 max_deg=85
[M::hk_bmap_gen] generated 5258 beads
[M::hk_bmap_gen] 97437 bin pairs
[M::blind-gpu] prepared pair buffers: n_diploid=5258 n_pairs=102648 n_block_keys=195374 n_steps=100
[I::fdg-gpu] blocklist CSR ready: edges=195374 avg_deg=37.16 max_deg=85
[M::hk_bmap_gen] generated 5258 beads
[M::hk_bmap_gen] 97370 bin pairs
[M::blind-gpu] prepared pair buffers: n_diploid=5258 n_pairs=102582 n_block_keys=195244 n_steps=100
[I::fdg-gpu] blocklist CSR ready: edges=195244 avg_deg=37.13 max_deg=85
[M::hk_bmap_gen] generated 5258 beads
[M::hk_bmap_gen] 97280 bin pairs
[M::blind-gpu] prepared pair buffers: n_diploid=5258 n_pairs=102493 n_block_keys=195068 n_steps=100
[I::fdg-gpu] blocklist CSR ready: edges=195068 avg_deg=37.10 max_deg=83
[M::hk_bmap_gen] generated 5258 beads
[M::hk_bmap_gen] 97160 bin pairs
[M::blind-gpu] prepared pair buffers: n_diploid=5258 n_pairs=102368 n_block_keys=194820 n_steps=100
[I::fdg-gpu] blocklist CSR ready: edges=194820 avg_deg=37.05 max_deg=84
[M::hk_bmap_gen] generated 5258 beads
[M::hk_bmap_gen] 97076 bin pairs
[M::blind-gpu] prepared pair buffers: n_diploid=5258 n_pairs=102284 n_block_keys=194652 n_steps=100
[I::fdg-gpu] blocklist CSR ready: edges=194652 avg_deg=37.02 max_deg=84
[M::hk_bmap_gen] generated 5258 beads
[M::hk_bmap_gen] 97083 bin pairs
[M::blind-gpu] prepared pair buffers: n_diploid=5258 n_pairs=102292 n_block_keys=194670 n_steps=100
[I::fdg-gpu] blocklist CSR ready: edges=194670 avg_deg=37.02 max_deg=84
[M::hk_bmap_gen] generated 5258 beads
[M::hk_bmap_gen] 97022 bin pairs
[M::blind-gpu] prepared pair buffers: n_diploid=5258 n_pairs=102233 n_block_keys=194548 n_steps=100
[I::fdg-gpu] blocklist CSR ready: edges=194548 avg_deg=37.00 max_deg=83
[M::hk_bmap_gen] generated 5258 beads
[M::hk_bmap_gen] 96915 bin pairs
[M::blind-gpu] prepared pair buffers: n_diploid=5258 n_pairs=102127 n_block_keys=194336 n_steps=100
[I::fdg-gpu] blocklist CSR ready: edges=194336 avg_deg=36.96 max_deg=81
[M::hk_bmap_gen] generated 5258 beads
[M::hk_bmap_gen] 96825 bin pairs
[M::blind-gpu] prepared pair buffers: n_diploid=5258 n_pairs=102037 n_block_keys=194156 n_steps=100
[I::fdg-gpu] blocklist CSR ready: edges=194156 avg_deg=36.93 max_deg=81
[M::hk_bmap_gen] generated 5258 beads
[M::hk_bmap_gen] 96814 bin pairs
[M::blind-gpu] prepared pair buffers: n_diploid=5258 n_pairs=102023 n_block_keys=194126 n_steps=100
[I::fdg-gpu] blocklist CSR ready: edges=194126 avg_deg=36.92 max_deg=81
[M::hk_bmap_gen] generated 5258 beads
[M::hk_bmap_gen] 96768 bin pairs
[M::blind-gpu] prepared pair buffers: n_diploid=5258 n_pairs=101979 n_block_keys=194038 n_steps=100
[I::fdg-gpu] blocklist CSR ready: edges=194038 avg_deg=36.90 max_deg=81
[M::hk_bmap_gen] generated 5258 beads
[M::hk_bmap_gen] 96739 bin pairs
[M::blind-gpu] prepared pair buffers: n_diploid=5258 n_pairs=101948 n_block_keys=193976 n_steps=100
[I::fdg-gpu] blocklist CSR ready: edges=193976 avg_deg=36.89 max_deg=81
[M::hk_bmap_gen] generated 5258 beads
[M::hk_bmap_gen] 96723 bin pairs
[M::blind-gpu] prepared pair buffers: n_diploid=5258 n_pairs=101931 n_block_keys=193946 n_steps=100
[I::fdg-gpu] blocklist CSR ready: edges=193946 avg_deg=36.89 max_deg=81
[M::hk_bmap_gen] generated 5258 beads
[M::hk_bmap_gen] 96722 bin pairs
[M::blind-gpu] prepared pair buffers: n_diploid=5258 n_pairs=101931 n_block_keys=193946 n_steps=100
[I::fdg-gpu] blocklist CSR ready: edges=193946 avg_deg=36.89 max_deg=81
[M::hk_bmap_gen] generated 5258 beads
[M::hk_bmap_gen] 96702 bin pairs
[M::blind-gpu] prepared pair buffers: n_diploid=5258 n_pairs=101915 n_block_keys=193914 n_steps=100
[I::fdg-gpu] blocklist CSR ready: edges=193914 avg_deg=36.88 max_deg=81
[M::hk_bmap_gen] generated 5258 beads
[M::hk_bmap_gen] 96695 bin pairs
[M::blind-gpu] prepared pair buffers: n_diploid=5258 n_pairs=101909 n_block_keys=193902 n_steps=100
[I::fdg-gpu] blocklist CSR ready: edges=193902 avg_deg=36.88 max_deg=81
[M::hk_bmap_gen] generated 5258 beads
[M::hk_bmap_gen] 96688 bin pairs
[M::blind-gpu] prepared pair buffers: n_diploid=5258 n_pairs=101902 n_block_keys=193888 n_steps=100
[I::fdg-gpu] blocklist CSR ready: edges=193888 avg_deg=36.87 max_deg=80
[M::hk_bmap_gen] generated 5258 beads
[M::hk_bmap_gen] 96662 bin pairs
[M::blind-gpu] prepared pair buffers: n_diploid=5258 n_pairs=101872 n_block_keys=193826 n_steps=100
[I::fdg-gpu] blocklist CSR ready: edges=193826 avg_deg=36.86 max_deg=80
[M::hk_bmap_gen] generated 5258 beads
[M::hk_bmap_gen] 96651 bin pairs
[M::blind-gpu] prepared pair buffers: n_diploid=5258 n_pairs=101863 n_block_keys=193808 n_steps=100
[I::fdg-gpu] blocklist CSR ready: edges=193808 avg_deg=36.86 max_deg=80
[M::hk_bmap_gen] generated 5258 beads
[M::hk_bmap_gen] 96609 bin pairs
[M::blind-gpu] prepared pair buffers: n_diploid=5258 n_pairs=101813 n_block_keys=193710 n_steps=100
[I::fdg-gpu] blocklist CSR ready: edges=193710 avg_deg=36.84 max_deg=80
[M::hk_bmap_gen] generated 5258 beads
[M::hk_bmap_gen] 96626 bin pairs
[M::blind-gpu] prepared pair buffers: n_diploid=5258 n_pairs=101839 n_block_keys=193762 n_steps=100
[I::fdg-gpu] blocklist CSR ready: edges=193762 avg_deg=36.85 max_deg=80
[M::hk_bmap_gen] generated 5258 beads
[M::hk_bmap_gen] 96577 bin pairs
[M::blind-gpu] prepared pair buffers: n_diploid=5258 n_pairs=101789 n_block_keys=193664 n_steps=100
[I::fdg-gpu] blocklist CSR ready: edges=193664 avg_deg=36.83 max_deg=80
[M::hk_bmap_gen] generated 5258 beads
[M::hk_bmap_gen] 96542 bin pairs
[M::blind-gpu] prepared pair buffers: n_diploid=5258 n_pairs=101755 n_block_keys=193596 n_steps=100
[I::fdg-gpu] blocklist CSR ready: edges=193596 avg_deg=36.82 max_deg=80
[M::hk_bmap_gen] generated 5258 beads
[M::hk_bmap_gen] 96491 bin pairs
[M::blind-gpu] prepared pair buffers: n_diploid=5258 n_pairs=101705 n_block_keys=193498 n_steps=100
[I::fdg-gpu] blocklist CSR ready: edges=193498 avg_deg=36.80 max_deg=80
[M::hk_bmap_gen] generated 5258 beads
[M::hk_bmap_gen] 96445 bin pairs
[M::blind-gpu] prepared pair buffers: n_diploid=5258 n_pairs=101659 n_block_keys=193406 n_steps=100
[I::fdg-gpu] blocklist CSR ready: edges=193406 avg_deg=36.78 max_deg=80
[M::hk_bmap_gen] generated 5258 beads
[M::hk_bmap_gen] 96420 bin pairs
[M::blind-gpu] prepared pair buffers: n_diploid=5258 n_pairs=101635 n_block_keys=193354 n_steps=100
[I::fdg-gpu] blocklist CSR ready: edges=193354 avg_deg=36.77 max_deg=80
[M::hk_bmap_gen] generated 5258 beads
[M::hk_bmap_gen] 96415 bin pairs
[M::blind-gpu] prepared pair buffers: n_diploid=5258 n_pairs=101628 n_block_keys=193344 n_steps=100
[I::fdg-gpu] blocklist CSR ready: edges=193344 avg_deg=36.77 max_deg=80
[M::hk_bmap_gen] generated 5258 beads
[M::hk_bmap_gen] 96421 bin pairs
[M::blind-gpu] prepared pair buffers: n_diploid=5258 n_pairs=101631 n_block_keys=193350 n_steps=100
[I::fdg-gpu] blocklist CSR ready: edges=193350 avg_deg=36.77 max_deg=80
[M::hk_bmap_gen] generated 5258 beads
[M::hk_bmap_gen] 96398 bin pairs
[M::blind-gpu] prepared pair buffers: n_diploid=5258 n_pairs=101610 n_block_keys=193308 n_steps=100
[I::fdg-gpu] blocklist CSR ready: edges=193308 avg_deg=36.76 max_deg=80
[M::hk_bmap_gen] generated 5258 beads
[M::hk_bmap_gen] 96376 bin pairs
[M::blind-gpu] prepared pair buffers: n_diploid=5258 n_pairs=101589 n_block_keys=193268 n_steps=100
[I::fdg-gpu] blocklist CSR ready: edges=193268 avg_deg=36.76 max_deg=80
[M::hk_bmap_gen] generated 5258 beads
[M::hk_bmap_gen] 96357 bin pairs
[M::blind-gpu] prepared pair buffers: n_diploid=5258 n_pairs=101569 n_block_keys=193230 n_steps=100
[I::fdg-gpu] blocklist CSR ready: edges=193230 avg_deg=36.75 max_deg=80
[M::hk_bmap_gen] generated 5258 beads
[M::hk_bmap_gen] 96341 bin pairs
[M::blind-gpu] prepared pair buffers: n_diploid=5258 n_pairs=101551 n_block_keys=193194 n_steps=100
[I::fdg-gpu] blocklist CSR ready: edges=193194 avg_deg=36.74 max_deg=80
[M::hk_bmap_gen] generated 5258 beads
[M::hk_bmap_gen] 96325 bin pairs
[M::blind-gpu] prepared pair buffers: n_diploid=5258 n_pairs=101533 n_block_keys=193164 n_steps=100
[I::fdg-gpu] blocklist CSR ready: edges=193164 avg_deg=36.74 max_deg=80
[M::hk_bmap_gen] generated 5258 beads
[M::hk_bmap_gen] 96321 bin pairs
[M::blind-gpu] prepared pair buffers: n_diploid=5258 n_pairs=101533 n_block_keys=193162 n_steps=100
[I::fdg-gpu] blocklist CSR ready: edges=193162 avg_deg=36.74 max_deg=80
[M::hk_bmap_gen] generated 5258 beads
[M::hk_bmap_gen] 96279 bin pairs
[M::blind-gpu] prepared pair buffers: n_diploid=5258 n_pairs=101491 n_block_keys=193078 n_steps=100
[I::fdg-gpu] blocklist CSR ready: edges=193078 avg_deg=36.72 max_deg=80
[M::hk_bmap_gen] generated 5258 beads
[M::hk_bmap_gen] 96266 bin pairs
[M::blind-gpu] prepared pair buffers: n_diploid=5258 n_pairs=101478 n_block_keys=193052 n_steps=100
[I::fdg-gpu] blocklist CSR ready: edges=193052 avg_deg=36.72 max_deg=80
[M::hk_bmap_gen] generated 5258 beads
[M::hk_bmap_gen] 96265 bin pairs
[M::blind-gpu] prepared pair buffers: n_diploid=5258 n_pairs=101474 n_block_keys=193042 n_steps=100
[I::fdg-gpu] blocklist CSR ready: edges=193042 avg_deg=36.71 max_deg=79
[M::hk_bmap_gen] generated 5258 beads
[M::hk_bmap_gen] 96221 bin pairs
[M::blind-gpu] prepared pair buffers: n_diploid=5258 n_pairs=101429 n_block_keys=192948 n_steps=100
[I::fdg-gpu] blocklist CSR ready: edges=192948 avg_deg=36.70 max_deg=79
[M::hk_bmap_gen] generated 5258 beads
[M::hk_bmap_gen] 96144 bin pairs
[M::blind-gpu] prepared pair buffers: n_diploid=5258 n_pairs=101355 n_block_keys=192800 n_steps=100
[I::fdg-gpu] blocklist CSR ready: edges=192800 avg_deg=36.67 max_deg=79
[M::hk_bmap_gen] generated 5258 beads
[M::hk_bmap_gen] 96096 bin pairs
[M::blind-gpu] prepared pair buffers: n_diploid=5258 n_pairs=101301 n_block_keys=192692 n_steps=100
[I::fdg-gpu] blocklist CSR ready: edges=192692 avg_deg=36.65 max_deg=79
[M::hk_bmap_gen] generated 5258 beads
[M::hk_bmap_gen] 96060 bin pairs
[M::blind-gpu] prepared pair buffers: n_diploid=5258 n_pairs=101269 n_block_keys=192630 n_steps=100
[I::fdg-gpu] blocklist CSR ready: edges=192630 avg_deg=36.64 max_deg=79
[M::hk_bmap_gen] generated 5258 beads
[M::hk_bmap_gen] 96023 bin pairs
[M::blind-gpu] prepared pair buffers: n_diploid=5258 n_pairs=101231 n_block_keys=192552 n_steps=100
[I::fdg-gpu] blocklist CSR ready: edges=192552 avg_deg=36.62 max_deg=79
[M::hk_bmap_gen] generated 5258 beads
[M::hk_bmap_gen] 95999 bin pairs
[M::blind-gpu] prepared pair buffers: n_diploid=5258 n_pairs=101203 n_block_keys=192496 n_steps=100
[I::fdg-gpu] blocklist CSR ready: edges=192496 avg_deg=36.61 max_deg=79
[M::hk_bmap_gen] generated 5258 beads
[M::hk_bmap_gen] 95973 bin pairs
[M::blind-gpu] prepared pair buffers: n_diploid=5258 n_pairs=101184 n_block_keys=192458 n_steps=100
[I::fdg-gpu] blocklist CSR ready: edges=192458 avg_deg=36.60 max_deg=79
[M::hk_bmap_gen] generated 5258 beads
[M::hk_bmap_gen] 95979 bin pairs
[M::blind-gpu] prepared pair buffers: n_diploid=5258 n_pairs=101190 n_block_keys=192472 n_steps=100
[I::fdg-gpu] blocklist CSR ready: edges=192472 avg_deg=36.61 max_deg=79
[M::hk_bmap_gen] generated 5258 beads
[M::hk_bmap_gen] 95959 bin pairs
[M::blind-gpu] prepared pair buffers: n_diploid=5258 n_pairs=101171 n_block_keys=192436 n_steps=100
[I::fdg-gpu] blocklist CSR ready: edges=192436 avg_deg=36.60 max_deg=79
[M::hk_bmap_gen] generated 5258 beads
[M::hk_bmap_gen] 95950 bin pairs
[M::blind-gpu] prepared pair buffers: n_diploid=5258 n_pairs=101162 n_block_keys=192418 n_steps=100
[I::fdg-gpu] blocklist CSR ready: edges=192418 avg_deg=36.60 max_deg=79
[M::hk_bmap_gen] generated 5258 beads
[M::hk_bmap_gen] 95893 bin pairs
[M::blind-gpu] prepared pair buffers: n_diploid=5258 n_pairs=101107 n_block_keys=192308 n_steps=100
[I::fdg-gpu] blocklist CSR ready: edges=192308 avg_deg=36.57 max_deg=79
[M::hk_bmap_gen] generated 5258 beads
[M::hk_bmap_gen] 95858 bin pairs
[M::blind-gpu] prepared pair buffers: n_diploid=5258 n_pairs=101072 n_block_keys=192236 n_steps=100
[I::fdg-gpu] blocklist CSR ready: edges=192236 avg_deg=36.56 max_deg=79
[M::hk_bmap_gen] generated 5258 beads
[M::hk_bmap_gen] 95846 bin pairs
[M::blind-gpu] prepared pair buffers: n_diploid=5258 n_pairs=101060 n_block_keys=192208 n_steps=100
[I::fdg-gpu] blocklist CSR ready: edges=192208 avg_deg=36.56 max_deg=78
[M::hk_bmap_gen] generated 5258 beads
[M::hk_bmap_gen] 95821 bin pairs
[M::blind-gpu] prepared pair buffers: n_diploid=5258 n_pairs=101034 n_block_keys=192156 n_steps=100
[I::fdg-gpu] blocklist CSR ready: edges=192156 avg_deg=36.55 max_deg=78
[M::hk_bmap_gen] generated 5258 beads
[M::hk_bmap_gen] 95808 bin pairs
[M::blind-gpu] prepared pair buffers: n_diploid=5258 n_pairs=101022 n_block_keys=192132 n_steps=100
[I::fdg-gpu] blocklist CSR ready: edges=192132 avg_deg=36.54 max_deg=78
[M::hk_bmap_gen] generated 5258 beads
[M::hk_bmap_gen] 95793 bin pairs
[M::blind-gpu] prepared pair buffers: n_diploid=5258 n_pairs=101006 n_block_keys=192098 n_steps=100
[I::fdg-gpu] blocklist CSR ready: edges=192098 avg_deg=36.53 max_deg=78
[M::hk_bmap_gen] generated 5258 beads
[M::hk_bmap_gen] 95742 bin pairs
[M::blind-gpu] prepared pair buffers: n_diploid=5258 n_pairs=100954 n_block_keys=191992 n_steps=100
[I::fdg-gpu] blocklist CSR ready: edges=191992 avg_deg=36.51 max_deg=78
[M::hk_bmap_gen] generated 5258 beads
[M::hk_bmap_gen] 95687 bin pairs
[M::blind-gpu] prepared pair buffers: n_diploid=5258 n_pairs=100901 n_block_keys=191886 n_steps=100
[I::fdg-gpu] blocklist CSR ready: edges=191886 avg_deg=36.49 max_deg=78
[M::hk_bmap_gen] generated 5258 beads
[M::hk_bmap_gen] 95622 bin pairs
[M::blind-gpu] prepared pair buffers: n_diploid=5258 n_pairs=100836 n_block_keys=191754 n_steps=100
[I::fdg-gpu] blocklist CSR ready: edges=191754 avg_deg=36.47 max_deg=78
[M::hk_bmap_gen] generated 5258 beads
[M::hk_bmap_gen] 95630 bin pairs
[M::blind-gpu] prepared pair buffers: n_diploid=5258 n_pairs=100844 n_block_keys=191770 n_steps=100
[I::fdg-gpu] blocklist CSR ready: edges=191770 avg_deg=36.47 max_deg=78
[M::hk_bmap_gen] generated 5258 beads
[M::hk_bmap_gen] 95615 bin pairs
[M::blind-gpu] prepared pair buffers: n_diploid=5258 n_pairs=100829 n_block_keys=191740 n_steps=100
[I::fdg-gpu] blocklist CSR ready: edges=191740 avg_deg=36.47 max_deg=78
[M::hk_bmap_gen] generated 5258 beads
[M::hk_bmap_gen] 95546 bin pairs
[M::blind-gpu] prepared pair buffers: n_diploid=5258 n_pairs=100760 n_block_keys=191602 n_steps=100
[I::fdg-gpu] blocklist CSR ready: edges=191602 avg_deg=36.44 max_deg=78
[M::hk_bmap_gen] generated 5258 beads
[M::hk_bmap_gen] 95527 bin pairs
[M::blind-gpu] prepared pair buffers: n_diploid=5258 n_pairs=100740 n_block_keys=191562 n_steps=100
[I::fdg-gpu] blocklist CSR ready: edges=191562 avg_deg=36.43 max_deg=79
[M::hk_bmap_gen] generated 5258 beads
[M::hk_bmap_gen] 95523 bin pairs
[M::blind-gpu] prepared pair buffers: n_diploid=5258 n_pairs=100737 n_block_keys=191558 n_steps=100
[I::fdg-gpu] blocklist CSR ready: edges=191558 avg_deg=36.43 max_deg=79
[M::hk_bmap_gen] generated 5258 beads
[M::hk_bmap_gen] 95508 bin pairs
[M::blind-gpu] prepared pair buffers: n_diploid=5258 n_pairs=100721 n_block_keys=191526 n_steps=100
[I::fdg-gpu] blocklist CSR ready: edges=191526 avg_deg=36.43 max_deg=79
[M::hk_bmap_gen] generated 5258 beads
[M::hk_bmap_gen] 95509 bin pairs
[M::blind-gpu] prepared pair buffers: n_diploid=5258 n_pairs=100722 n_block_keys=191528 n_steps=100
[I::fdg-gpu] blocklist CSR ready: edges=191528 avg_deg=36.43 max_deg=79
[M::hk_bmap_gen] generated 5258 beads
[M::hk_bmap_gen] 95487 bin pairs
[M::blind-gpu] prepared pair buffers: n_diploid=5258 n_pairs=100695 n_block_keys=191474 n_steps=100
[I::fdg-gpu] blocklist CSR ready: edges=191474 avg_deg=36.42 max_deg=79
[M::hk_bmap_gen] generated 5258 beads
[M::hk_bmap_gen] 95469 bin pairs
[M::blind-gpu] prepared pair buffers: n_diploid=5258 n_pairs=100677 n_block_keys=191438 n_steps=100
[I::fdg-gpu] blocklist CSR ready: edges=191438 avg_deg=36.41 max_deg=79
[M::hk_bmap_gen] generated 5258 beads
[M::hk_bmap_gen] 95444 bin pairs
[M::blind-gpu] prepared pair buffers: n_diploid=5258 n_pairs=100651 n_block_keys=191386 n_steps=100
[I::fdg-gpu] blocklist CSR ready: edges=191386 avg_deg=36.40 max_deg=79
[M::hk_bmap_gen] generated 5258 beads
[M::hk_bmap_gen] 95403 bin pairs
[M::blind-gpu] prepared pair buffers: n_diploid=5258 n_pairs=100613 n_block_keys=191312 n_steps=100
[I::fdg-gpu] blocklist CSR ready: edges=191312 avg_deg=36.38 max_deg=79
[M::hk_bmap_gen] generated 5258 beads
[M::hk_bmap_gen] 95404 bin pairs
[M::blind-gpu] prepared pair buffers: n_diploid=5258 n_pairs=100615 n_block_keys=191316 n_steps=100
[I::fdg-gpu] blocklist CSR ready: edges=191316 avg_deg=36.39 max_deg=79
[M::hk_bmap_gen] generated 5258 beads
[M::hk_bmap_gen] 95390 bin pairs
[M::blind-gpu] prepared pair buffers: n_diploid=5258 n_pairs=100602 n_block_keys=191290 n_steps=100
[I::fdg-gpu] blocklist CSR ready: edges=191290 avg_deg=36.38 max_deg=79
[M::hk_bmap_gen] generated 5258 beads
[M::hk_bmap_gen] 95378 bin pairs
[M::blind-gpu] prepared pair buffers: n_diploid=5258 n_pairs=100588 n_block_keys=191260 n_steps=100
[I::fdg-gpu] blocklist CSR ready: edges=191260 avg_deg=36.38 max_deg=79
[M::hk_bmap_gen] generated 5258 beads
[M::hk_bmap_gen] 95343 bin pairs
[M::blind-gpu] prepared pair buffers: n_diploid=5258 n_pairs=100557 n_block_keys=191198 n_steps=100
[I::fdg-gpu] blocklist CSR ready: edges=191198 avg_deg=36.36 max_deg=79
[M::hk_bmap_gen] generated 5258 beads
[M::hk_bmap_gen] 95334 bin pairs
[M::blind-gpu] prepared pair buffers: n_diploid=5258 n_pairs=100548 n_block_keys=191180 n_steps=100
[I::fdg-gpu] blocklist CSR ready: edges=191180 avg_deg=36.36 max_deg=79
minimal P9016[1m]: write outputs to /mnt/ssd/zliu/phase3/test_res/016-20260618_150851-p9016_charm_contacts_condition_sweep_1m/work_outputs/1pr/p9016_charm3dg20k_1pr_pcgamma1_common_ieps1_noise0p05/p9016_charm3dg20k_1pr_pcgamma1_common_ieps1_noise0p05
[M::hk_bmap_gen] generated 5258 beads
[M::hk_bmap_gen] 95331 bin pairs
minimal P9016[1m]: status=OK final_entropy=0.47875687 final_pU=0.34535009
minimal P9016: summary /mnt/ssd/zliu/phase3/test_res/016-20260618_150851-p9016_charm_contacts_condition_sweep_1m/work_outputs/1pr/p9016_charm3dg20k_1pr_pcgamma1_common_ieps1_noise0p05/matrix_summary.tsv
