minimal P9016: input=/mnt/ssd/zliu/phase3/test_res/016-20260618_150851-p9016_charm_contacts_condition_sweep_1m/synthetic_pairs/p9016_charm3dg20k_2pr_contacts.pairs.gz output_root=/mnt/ssd/zliu/phase3/test_res/016-20260618_150851-p9016_charm_contacts_condition_sweep_1m/work_outputs/2pr/p9016_charm3dg20k_2pr_pcgamma1_common_ieps1_noise0p05 config=p9016_charm3dg20k_2pr_pcgamma1_common_ieps1_noise0p05 baseline=softall n_iter=100 relax_steps=100 relax_step=0.012 chain=0 init_mode=unphased_scaffold_split init_eps=1 init_noise=0.050000001 init_scale=10 init_seed=17 min_sep=0 lambda_sep=0 d_scale_mode=posterior_count d_scale_input=posterior_count d_scale_formula=n_raw*posterior_prob^1 d_scale_gamma=1 d_scale_eps=1e-06 relax_backend=gpu
minimal P9016: stage 1/1 name=1m bin_size_bp=1000000 parent=0
[M::hk_map_read] read 1265114 pairs
[M::hk_bmap_gen] generated 2629 beads
[M::hk_bmap_gen] 86507 bin pairs
minimal P9016[1m]: build binned contacts
minimal P9016[1m]: init mode=unphased_scaffold_split seed=17 scale=10
[M::hk_fdg] mid_dist:1000000 max_nei:2113
[M::hk_fdg1_cpu] iter:10 elapsed:0.13s rep_coef:0.2092 RMS_force:72.7566 n_rep:47.4264 energy:30.4455,12.2182,0.0044 dist:6.2058,11.4957,1.4803
[M::hk_fdg1_cpu] iter:20 elapsed:0.40s rep_coef:0.6615 RMS_force:59.1740 n_rep:171.8923 energy:7.7786,6.7845,0.0148 dist:3.4154,7.2154,1.4629
[M::hk_fdg1_cpu] iter:30 elapsed:1.10s rep_coef:0.9352 RMS_force:41.2076 n_rep:422.1031 energy:1.5712,3.2326,0.0237 dist:1.9826,4.3717,1.4185
[M::hk_fdg1_cpu] iter:40 elapsed:1.63s rep_coef:0.9907 RMS_force:31.7401 n_rep:101.1096 energy:0.3011,1.4410,0.0253 dist:1.1510,3.1542,1.4251
[M::hk_fdg1_cpu] iter:50 elapsed:2.05s rep_coef:0.9987 RMS_force:18.7176 n_rep:228.0190 energy:0.0859,0.5543,0.0220 dist:0.7443,2.0938,1.4739
minimal P9016[1m]: run softall, n_iter=100 relax_steps=100 relax_step=0.012 relax_backend=gpu
[M::hk_bmap_gen] generated 5258 beads
[M::hk_bmap_gen] 204290 bin pairs
[M::blind-gpu] prepared pair buffers: n_diploid=5258 n_pairs=209487 n_block_keys=409018 n_steps=100
[I::fdg-gpu] blocklist CSR ready: edges=409018 avg_deg=77.79 max_deg=153
[M::hk_bmap_gen] generated 5258 beads
[M::hk_bmap_gen] 165410 bin pairs
[M::blind-gpu] prepared pair buffers: n_diploid=5258 n_pairs=170612 n_block_keys=331268 n_steps=100
[I::fdg-gpu] blocklist CSR ready: edges=331268 avg_deg=63.00 max_deg=130
[M::hk_bmap_gen] generated 5258 beads
[M::hk_bmap_gen] 157800 bin pairs
[M::blind-gpu] prepared pair buffers: n_diploid=5258 n_pairs=163000 n_block_keys=316044 n_steps=100
[I::fdg-gpu] blocklist CSR ready: edges=316044 avg_deg=60.11 max_deg=128
[M::hk_bmap_gen] generated 5258 beads
[M::hk_bmap_gen] 154205 bin pairs
[M::blind-gpu] prepared pair buffers: n_diploid=5258 n_pairs=159407 n_block_keys=308858 n_steps=100
[I::fdg-gpu] blocklist CSR ready: edges=308858 avg_deg=58.74 max_deg=127
[M::hk_bmap_gen] generated 5258 beads
[M::hk_bmap_gen] 151784 bin pairs
[M::blind-gpu] prepared pair buffers: n_diploid=5258 n_pairs=156987 n_block_keys=304018 n_steps=100
[I::fdg-gpu] blocklist CSR ready: edges=304018 avg_deg=57.82 max_deg=127
[M::hk_bmap_gen] generated 5258 beads
[M::hk_bmap_gen] 150483 bin pairs
[M::blind-gpu] prepared pair buffers: n_diploid=5258 n_pairs=155685 n_block_keys=301414 n_steps=100
[I::fdg-gpu] blocklist CSR ready: edges=301414 avg_deg=57.32 max_deg=126
[M::hk_bmap_gen] generated 5258 beads
[M::hk_bmap_gen] 149499 bin pairs
[M::blind-gpu] prepared pair buffers: n_diploid=5258 n_pairs=154695 n_block_keys=299434 n_steps=100
[I::fdg-gpu] blocklist CSR ready: edges=299434 avg_deg=56.95 max_deg=126
[M::hk_bmap_gen] generated 5258 beads
[M::hk_bmap_gen] 148790 bin pairs
[M::blind-gpu] prepared pair buffers: n_diploid=5258 n_pairs=153999 n_block_keys=298042 n_steps=100
[I::fdg-gpu] blocklist CSR ready: edges=298042 avg_deg=56.68 max_deg=125
[M::hk_bmap_gen] generated 5258 beads
[M::hk_bmap_gen] 148273 bin pairs
[M::blind-gpu] prepared pair buffers: n_diploid=5258 n_pairs=153476 n_block_keys=296996 n_steps=100
[I::fdg-gpu] blocklist CSR ready: edges=296996 avg_deg=56.48 max_deg=125
[M::hk_bmap_gen] generated 5258 beads
[M::hk_bmap_gen] 147798 bin pairs
[M::blind-gpu] prepared pair buffers: n_diploid=5258 n_pairs=153000 n_block_keys=296046 n_steps=100
[I::fdg-gpu] blocklist CSR ready: edges=296046 avg_deg=56.30 max_deg=125
[M::hk_bmap_gen] generated 5258 beads
[M::hk_bmap_gen] 147272 bin pairs
[M::blind-gpu] prepared pair buffers: n_diploid=5258 n_pairs=152479 n_block_keys=295002 n_steps=100
[I::fdg-gpu] blocklist CSR ready: edges=295002 avg_deg=56.11 max_deg=125
[M::hk_bmap_gen] generated 5258 beads
[M::hk_bmap_gen] 146791 bin pairs
[M::blind-gpu] prepared pair buffers: n_diploid=5258 n_pairs=151994 n_block_keys=294032 n_steps=100
[I::fdg-gpu] blocklist CSR ready: edges=294032 avg_deg=55.92 max_deg=125
[M::hk_bmap_gen] generated 5258 beads
[M::hk_bmap_gen] 146461 bin pairs
[M::blind-gpu] prepared pair buffers: n_diploid=5258 n_pairs=151665 n_block_keys=293376 n_steps=100
[I::fdg-gpu] blocklist CSR ready: edges=293376 avg_deg=55.80 max_deg=124
[M::hk_bmap_gen] generated 5258 beads
[M::hk_bmap_gen] 146150 bin pairs
[M::blind-gpu] prepared pair buffers: n_diploid=5258 n_pairs=151356 n_block_keys=292762 n_steps=100
[I::fdg-gpu] blocklist CSR ready: edges=292762 avg_deg=55.68 max_deg=124
[M::hk_bmap_gen] generated 5258 beads
[M::hk_bmap_gen] 145774 bin pairs
[M::blind-gpu] prepared pair buffers: n_diploid=5258 n_pairs=150985 n_block_keys=292020 n_steps=100
[I::fdg-gpu] blocklist CSR ready: edges=292020 avg_deg=55.54 max_deg=124
[M::hk_bmap_gen] generated 5258 beads
[M::hk_bmap_gen] 145591 bin pairs
[M::blind-gpu] prepared pair buffers: n_diploid=5258 n_pairs=150801 n_block_keys=291652 n_steps=100
[I::fdg-gpu] blocklist CSR ready: edges=291652 avg_deg=55.47 max_deg=124
[M::hk_bmap_gen] generated 5258 beads
[M::hk_bmap_gen] 145420 bin pairs
[M::blind-gpu] prepared pair buffers: n_diploid=5258 n_pairs=150631 n_block_keys=291310 n_steps=100
[I::fdg-gpu] blocklist CSR ready: edges=291310 avg_deg=55.40 max_deg=126
[M::hk_bmap_gen] generated 5258 beads
[M::hk_bmap_gen] 145261 bin pairs
[M::blind-gpu] prepared pair buffers: n_diploid=5258 n_pairs=150467 n_block_keys=290984 n_steps=100
[I::fdg-gpu] blocklist CSR ready: edges=290984 avg_deg=55.34 max_deg=127
[M::hk_bmap_gen] generated 5258 beads
[M::hk_bmap_gen] 145052 bin pairs
[M::blind-gpu] prepared pair buffers: n_diploid=5258 n_pairs=150264 n_block_keys=290578 n_steps=100
[I::fdg-gpu] blocklist CSR ready: edges=290578 avg_deg=55.26 max_deg=127
[M::hk_bmap_gen] generated 5258 beads
[M::hk_bmap_gen] 144849 bin pairs
[M::blind-gpu] prepared pair buffers: n_diploid=5258 n_pairs=150062 n_block_keys=290174 n_steps=100
[I::fdg-gpu] blocklist CSR ready: edges=290174 avg_deg=55.19 max_deg=127
[M::hk_bmap_gen] generated 5258 beads
[M::hk_bmap_gen] 144606 bin pairs
[M::blind-gpu] prepared pair buffers: n_diploid=5258 n_pairs=149802 n_block_keys=289656 n_steps=100
[I::fdg-gpu] blocklist CSR ready: edges=289656 avg_deg=55.09 max_deg=126
[M::hk_bmap_gen] generated 5258 beads
[M::hk_bmap_gen] 144476 bin pairs
[M::blind-gpu] prepared pair buffers: n_diploid=5258 n_pairs=149676 n_block_keys=289404 n_steps=100
[I::fdg-gpu] blocklist CSR ready: edges=289404 avg_deg=55.04 max_deg=126
[M::hk_bmap_gen] generated 5258 beads
[M::hk_bmap_gen] 144359 bin pairs
[M::blind-gpu] prepared pair buffers: n_diploid=5258 n_pairs=149562 n_block_keys=289178 n_steps=100
[I::fdg-gpu] blocklist CSR ready: edges=289178 avg_deg=55.00 max_deg=128
[M::hk_bmap_gen] generated 5258 beads
[M::hk_bmap_gen] 144228 bin pairs
[M::blind-gpu] prepared pair buffers: n_diploid=5258 n_pairs=149438 n_block_keys=288930 n_steps=100
[I::fdg-gpu] blocklist CSR ready: edges=288930 avg_deg=54.95 max_deg=127
[M::hk_bmap_gen] generated 5258 beads
[M::hk_bmap_gen] 144087 bin pairs
[M::blind-gpu] prepared pair buffers: n_diploid=5258 n_pairs=149298 n_block_keys=288652 n_steps=100
[I::fdg-gpu] blocklist CSR ready: edges=288652 avg_deg=54.90 max_deg=130
[M::hk_bmap_gen] generated 5258 beads
[M::hk_bmap_gen] 143964 bin pairs
[M::blind-gpu] prepared pair buffers: n_diploid=5258 n_pairs=149169 n_block_keys=288392 n_steps=100
[I::fdg-gpu] blocklist CSR ready: edges=288392 avg_deg=54.85 max_deg=130
[M::hk_bmap_gen] generated 5258 beads
[M::hk_bmap_gen] 143837 bin pairs
[M::blind-gpu] prepared pair buffers: n_diploid=5258 n_pairs=149040 n_block_keys=288132 n_steps=100
[I::fdg-gpu] blocklist CSR ready: edges=288132 avg_deg=54.80 max_deg=131
[M::hk_bmap_gen] generated 5258 beads
[M::hk_bmap_gen] 143686 bin pairs
[M::blind-gpu] prepared pair buffers: n_diploid=5258 n_pairs=148891 n_block_keys=287834 n_steps=100
[I::fdg-gpu] blocklist CSR ready: edges=287834 avg_deg=54.74 max_deg=131
[M::hk_bmap_gen] generated 5258 beads
[M::hk_bmap_gen] 143591 bin pairs
[M::blind-gpu] prepared pair buffers: n_diploid=5258 n_pairs=148795 n_block_keys=287642 n_steps=100
[I::fdg-gpu] blocklist CSR ready: edges=287642 avg_deg=54.71 max_deg=132
[M::hk_bmap_gen] generated 5258 beads
[M::hk_bmap_gen] 143469 bin pairs
[M::blind-gpu] prepared pair buffers: n_diploid=5258 n_pairs=148667 n_block_keys=287386 n_steps=100
[I::fdg-gpu] blocklist CSR ready: edges=287386 avg_deg=54.66 max_deg=134
[M::hk_bmap_gen] generated 5258 beads
[M::hk_bmap_gen] 143327 bin pairs
[M::blind-gpu] prepared pair buffers: n_diploid=5258 n_pairs=148533 n_block_keys=287120 n_steps=100
[I::fdg-gpu] blocklist CSR ready: edges=287120 avg_deg=54.61 max_deg=135
[M::hk_bmap_gen] generated 5258 beads
[M::hk_bmap_gen] 143273 bin pairs
[M::blind-gpu] prepared pair buffers: n_diploid=5258 n_pairs=148476 n_block_keys=287006 n_steps=100
[I::fdg-gpu] blocklist CSR ready: edges=287006 avg_deg=54.58 max_deg=134
[M::hk_bmap_gen] generated 5258 beads
[M::hk_bmap_gen] 143160 bin pairs
[M::blind-gpu] prepared pair buffers: n_diploid=5258 n_pairs=148368 n_block_keys=286792 n_steps=100
[I::fdg-gpu] blocklist CSR ready: edges=286792 avg_deg=54.54 max_deg=136
[M::hk_bmap_gen] generated 5258 beads
[M::hk_bmap_gen] 143032 bin pairs
[M::blind-gpu] prepared pair buffers: n_diploid=5258 n_pairs=148240 n_block_keys=286534 n_steps=100
[I::fdg-gpu] blocklist CSR ready: edges=286534 avg_deg=54.49 max_deg=136
[M::hk_bmap_gen] generated 5258 beads
[M::hk_bmap_gen] 142909 bin pairs
[M::blind-gpu] prepared pair buffers: n_diploid=5258 n_pairs=148106 n_block_keys=286266 n_steps=100
[I::fdg-gpu] blocklist CSR ready: edges=286266 avg_deg=54.44 max_deg=137
[M::hk_bmap_gen] generated 5258 beads
[M::hk_bmap_gen] 142783 bin pairs
[M::blind-gpu] prepared pair buffers: n_diploid=5258 n_pairs=147983 n_block_keys=286018 n_steps=100
[I::fdg-gpu] blocklist CSR ready: edges=286018 avg_deg=54.40 max_deg=137
[M::hk_bmap_gen] generated 5258 beads
[M::hk_bmap_gen] 142689 bin pairs
[M::blind-gpu] prepared pair buffers: n_diploid=5258 n_pairs=147891 n_block_keys=285834 n_steps=100
[I::fdg-gpu] blocklist CSR ready: edges=285834 avg_deg=54.36 max_deg=135
[M::hk_bmap_gen] generated 5258 beads
[M::hk_bmap_gen] 142575 bin pairs
[M::blind-gpu] prepared pair buffers: n_diploid=5258 n_pairs=147773 n_block_keys=285598 n_steps=100
[I::fdg-gpu] blocklist CSR ready: edges=285598 avg_deg=54.32 max_deg=134
[M::hk_bmap_gen] generated 5258 beads
[M::hk_bmap_gen] 142466 bin pairs
[M::blind-gpu] prepared pair buffers: n_diploid=5258 n_pairs=147659 n_block_keys=285374 n_steps=100
[I::fdg-gpu] blocklist CSR ready: edges=285374 avg_deg=54.27 max_deg=134
[M::hk_bmap_gen] generated 5258 beads
[M::hk_bmap_gen] 142374 bin pairs
[M::blind-gpu] prepared pair buffers: n_diploid=5258 n_pairs=147574 n_block_keys=285202 n_steps=100
[I::fdg-gpu] blocklist CSR ready: edges=285202 avg_deg=54.24 max_deg=134
[M::hk_bmap_gen] generated 5258 beads
[M::hk_bmap_gen] 142281 bin pairs
[M::blind-gpu] prepared pair buffers: n_diploid=5258 n_pairs=147486 n_block_keys=285026 n_steps=100
[I::fdg-gpu] blocklist CSR ready: edges=285026 avg_deg=54.21 max_deg=134
[M::hk_bmap_gen] generated 5258 beads
[M::hk_bmap_gen] 142167 bin pairs
[M::blind-gpu] prepared pair buffers: n_diploid=5258 n_pairs=147375 n_block_keys=284804 n_steps=100
[I::fdg-gpu] blocklist CSR ready: edges=284804 avg_deg=54.17 max_deg=133
[M::hk_bmap_gen] generated 5258 beads
[M::hk_bmap_gen] 142106 bin pairs
[M::blind-gpu] prepared pair buffers: n_diploid=5258 n_pairs=147315 n_block_keys=284684 n_steps=100
[I::fdg-gpu] blocklist CSR ready: edges=284684 avg_deg=54.14 max_deg=133
[M::hk_bmap_gen] generated 5258 beads
[M::hk_bmap_gen] 142060 bin pairs
[M::blind-gpu] prepared pair buffers: n_diploid=5258 n_pairs=147273 n_block_keys=284600 n_steps=100
[I::fdg-gpu] blocklist CSR ready: edges=284600 avg_deg=54.13 max_deg=133
[M::hk_bmap_gen] generated 5258 beads
[M::hk_bmap_gen] 141979 bin pairs
[M::blind-gpu] prepared pair buffers: n_diploid=5258 n_pairs=147193 n_block_keys=284440 n_steps=100
[I::fdg-gpu] blocklist CSR ready: edges=284440 avg_deg=54.10 max_deg=132
[M::hk_bmap_gen] generated 5258 beads
[M::hk_bmap_gen] 141910 bin pairs
[M::blind-gpu] prepared pair buffers: n_diploid=5258 n_pairs=147124 n_block_keys=284302 n_steps=100
[I::fdg-gpu] blocklist CSR ready: edges=284302 avg_deg=54.07 max_deg=130
[M::hk_bmap_gen] generated 5258 beads
[M::hk_bmap_gen] 141802 bin pairs
[M::blind-gpu] prepared pair buffers: n_diploid=5258 n_pairs=147016 n_block_keys=284086 n_steps=100
[I::fdg-gpu] blocklist CSR ready: edges=284086 avg_deg=54.03 max_deg=130
[M::hk_bmap_gen] generated 5258 beads
[M::hk_bmap_gen] 141728 bin pairs
[M::blind-gpu] prepared pair buffers: n_diploid=5258 n_pairs=146940 n_block_keys=283932 n_steps=100
[I::fdg-gpu] blocklist CSR ready: edges=283932 avg_deg=54.00 max_deg=129
[M::hk_bmap_gen] generated 5258 beads
[M::hk_bmap_gen] 141647 bin pairs
[M::blind-gpu] prepared pair buffers: n_diploid=5258 n_pairs=146861 n_block_keys=283774 n_steps=100
[I::fdg-gpu] blocklist CSR ready: edges=283774 avg_deg=53.97 max_deg=129
[M::hk_bmap_gen] generated 5258 beads
[M::hk_bmap_gen] 141606 bin pairs
[M::blind-gpu] prepared pair buffers: n_diploid=5258 n_pairs=146818 n_block_keys=283688 n_steps=100
[I::fdg-gpu] blocklist CSR ready: edges=283688 avg_deg=53.95 max_deg=129
[M::hk_bmap_gen] generated 5258 beads
[M::hk_bmap_gen] 141553 bin pairs
[M::blind-gpu] prepared pair buffers: n_diploid=5258 n_pairs=146762 n_block_keys=283576 n_steps=100
[I::fdg-gpu] blocklist CSR ready: edges=283576 avg_deg=53.93 max_deg=129
[M::hk_bmap_gen] generated 5258 beads
[M::hk_bmap_gen] 141527 bin pairs
[M::blind-gpu] prepared pair buffers: n_diploid=5258 n_pairs=146737 n_block_keys=283526 n_steps=100
[I::fdg-gpu] blocklist CSR ready: edges=283526 avg_deg=53.92 max_deg=128
[M::hk_bmap_gen] generated 5258 beads
[M::hk_bmap_gen] 141458 bin pairs
[M::blind-gpu] prepared pair buffers: n_diploid=5258 n_pairs=146670 n_block_keys=283392 n_steps=100
[I::fdg-gpu] blocklist CSR ready: edges=283392 avg_deg=53.90 max_deg=127
[M::hk_bmap_gen] generated 5258 beads
[M::hk_bmap_gen] 141405 bin pairs
[M::blind-gpu] prepared pair buffers: n_diploid=5258 n_pairs=146614 n_block_keys=283282 n_steps=100
[I::fdg-gpu] blocklist CSR ready: edges=283282 avg_deg=53.88 max_deg=125
[M::hk_bmap_gen] generated 5258 beads
[M::hk_bmap_gen] 141334 bin pairs
[M::blind-gpu] prepared pair buffers: n_diploid=5258 n_pairs=146544 n_block_keys=283144 n_steps=100
[I::fdg-gpu] blocklist CSR ready: edges=283144 avg_deg=53.85 max_deg=124
[M::hk_bmap_gen] generated 5258 beads
[M::hk_bmap_gen] 141273 bin pairs
[M::blind-gpu] prepared pair buffers: n_diploid=5258 n_pairs=146487 n_block_keys=283032 n_steps=100
[I::fdg-gpu] blocklist CSR ready: edges=283032 avg_deg=53.83 max_deg=123
[M::hk_bmap_gen] generated 5258 beads
[M::hk_bmap_gen] 141239 bin pairs
[M::blind-gpu] prepared pair buffers: n_diploid=5258 n_pairs=146450 n_block_keys=282958 n_steps=100
[I::fdg-gpu] blocklist CSR ready: edges=282958 avg_deg=53.81 max_deg=123
[M::hk_bmap_gen] generated 5258 beads
[M::hk_bmap_gen] 141205 bin pairs
[M::blind-gpu] prepared pair buffers: n_diploid=5258 n_pairs=146417 n_block_keys=282890 n_steps=100
[I::fdg-gpu] blocklist CSR ready: edges=282890 avg_deg=53.80 max_deg=123
[M::hk_bmap_gen] generated 5258 beads
[M::hk_bmap_gen] 141150 bin pairs
[M::blind-gpu] prepared pair buffers: n_diploid=5258 n_pairs=146361 n_block_keys=282780 n_steps=100
[I::fdg-gpu] blocklist CSR ready: edges=282780 avg_deg=53.78 max_deg=123
[M::hk_bmap_gen] generated 5258 beads
[M::hk_bmap_gen] 141098 bin pairs
[M::blind-gpu] prepared pair buffers: n_diploid=5258 n_pairs=146311 n_block_keys=282680 n_steps=100
[I::fdg-gpu] blocklist CSR ready: edges=282680 avg_deg=53.76 max_deg=123
[M::hk_bmap_gen] generated 5258 beads
[M::hk_bmap_gen] 141065 bin pairs
[M::blind-gpu] prepared pair buffers: n_diploid=5258 n_pairs=146277 n_block_keys=282612 n_steps=100
[I::fdg-gpu] blocklist CSR ready: edges=282612 avg_deg=53.75 max_deg=123
[M::hk_bmap_gen] generated 5258 beads
[M::hk_bmap_gen] 141040 bin pairs
[M::blind-gpu] prepared pair buffers: n_diploid=5258 n_pairs=146254 n_block_keys=282566 n_steps=100
[I::fdg-gpu] blocklist CSR ready: edges=282566 avg_deg=53.74 max_deg=123
[M::hk_bmap_gen] generated 5258 beads
[M::hk_bmap_gen] 140991 bin pairs
[M::blind-gpu] prepared pair buffers: n_diploid=5258 n_pairs=146205 n_block_keys=282468 n_steps=100
[I::fdg-gpu] blocklist CSR ready: edges=282468 avg_deg=53.72 max_deg=124
[M::hk_bmap_gen] generated 5258 beads
[M::hk_bmap_gen] 140935 bin pairs
[M::blind-gpu] prepared pair buffers: n_diploid=5258 n_pairs=146148 n_block_keys=282352 n_steps=100
[I::fdg-gpu] blocklist CSR ready: edges=282352 avg_deg=53.70 max_deg=124
[M::hk_bmap_gen] generated 5258 beads
[M::hk_bmap_gen] 140909 bin pairs
[M::blind-gpu] prepared pair buffers: n_diploid=5258 n_pairs=146120 n_block_keys=282296 n_steps=100
[I::fdg-gpu] blocklist CSR ready: edges=282296 avg_deg=53.69 max_deg=124
[M::hk_bmap_gen] generated 5258 beads
[M::hk_bmap_gen] 140875 bin pairs
[M::blind-gpu] prepared pair buffers: n_diploid=5258 n_pairs=146085 n_block_keys=282226 n_steps=100
[I::fdg-gpu] blocklist CSR ready: edges=282226 avg_deg=53.68 max_deg=124
[M::hk_bmap_gen] generated 5258 beads
[M::hk_bmap_gen] 140841 bin pairs
[M::blind-gpu] prepared pair buffers: n_diploid=5258 n_pairs=146051 n_block_keys=282158 n_steps=100
[I::fdg-gpu] blocklist CSR ready: edges=282158 avg_deg=53.66 max_deg=124
[M::hk_bmap_gen] generated 5258 beads
[M::hk_bmap_gen] 140787 bin pairs
[M::blind-gpu] prepared pair buffers: n_diploid=5258 n_pairs=145997 n_block_keys=282050 n_steps=100
[I::fdg-gpu] blocklist CSR ready: edges=282050 avg_deg=53.64 max_deg=125
[M::hk_bmap_gen] generated 5258 beads
[M::hk_bmap_gen] 140757 bin pairs
[M::blind-gpu] prepared pair buffers: n_diploid=5258 n_pairs=145966 n_block_keys=281988 n_steps=100
[I::fdg-gpu] blocklist CSR ready: edges=281988 avg_deg=53.63 max_deg=125
[M::hk_bmap_gen] generated 5258 beads
[M::hk_bmap_gen] 140730 bin pairs
[M::blind-gpu] prepared pair buffers: n_diploid=5258 n_pairs=145934 n_block_keys=281924 n_steps=100
[I::fdg-gpu] blocklist CSR ready: edges=281924 avg_deg=53.62 max_deg=125
[M::hk_bmap_gen] generated 5258 beads
[M::hk_bmap_gen] 140658 bin pairs
[M::blind-gpu] prepared pair buffers: n_diploid=5258 n_pairs=145864 n_block_keys=281786 n_steps=100
[I::fdg-gpu] blocklist CSR ready: edges=281786 avg_deg=53.59 max_deg=125
[M::hk_bmap_gen] generated 5258 beads
[M::hk_bmap_gen] 140610 bin pairs
[M::blind-gpu] prepared pair buffers: n_diploid=5258 n_pairs=145816 n_block_keys=281692 n_steps=100
[I::fdg-gpu] blocklist CSR ready: edges=281692 avg_deg=53.57 max_deg=125
[M::hk_bmap_gen] generated 5258 beads
[M::hk_bmap_gen] 140579 bin pairs
[M::blind-gpu] prepared pair buffers: n_diploid=5258 n_pairs=145782 n_block_keys=281624 n_steps=100
[I::fdg-gpu] blocklist CSR ready: edges=281624 avg_deg=53.56 max_deg=123
[M::hk_bmap_gen] generated 5258 beads
[M::hk_bmap_gen] 140542 bin pairs
[M::blind-gpu] prepared pair buffers: n_diploid=5258 n_pairs=145743 n_block_keys=281546 n_steps=100
[I::fdg-gpu] blocklist CSR ready: edges=281546 avg_deg=53.55 max_deg=122
[M::hk_bmap_gen] generated 5258 beads
[M::hk_bmap_gen] 140510 bin pairs
[M::blind-gpu] prepared pair buffers: n_diploid=5258 n_pairs=145710 n_block_keys=281482 n_steps=100
[I::fdg-gpu] blocklist CSR ready: edges=281482 avg_deg=53.53 max_deg=122
[M::hk_bmap_gen] generated 5258 beads
[M::hk_bmap_gen] 140468 bin pairs
[M::blind-gpu] prepared pair buffers: n_diploid=5258 n_pairs=145670 n_block_keys=281402 n_steps=100
[I::fdg-gpu] blocklist CSR ready: edges=281402 avg_deg=53.52 max_deg=122
[M::hk_bmap_gen] generated 5258 beads
[M::hk_bmap_gen] 140424 bin pairs
[M::blind-gpu] prepared pair buffers: n_diploid=5258 n_pairs=145624 n_block_keys=281310 n_steps=100
[I::fdg-gpu] blocklist CSR ready: edges=281310 avg_deg=53.50 max_deg=122
[M::hk_bmap_gen] generated 5258 beads
[M::hk_bmap_gen] 140407 bin pairs
[M::blind-gpu] prepared pair buffers: n_diploid=5258 n_pairs=145614 n_block_keys=281290 n_steps=100
[I::fdg-gpu] blocklist CSR ready: edges=281290 avg_deg=53.50 max_deg=122
[M::hk_bmap_gen] generated 5258 beads
[M::hk_bmap_gen] 140398 bin pairs
[M::blind-gpu] prepared pair buffers: n_diploid=5258 n_pairs=145607 n_block_keys=281276 n_steps=100
[I::fdg-gpu] blocklist CSR ready: edges=281276 avg_deg=53.49 max_deg=122
[M::hk_bmap_gen] generated 5258 beads
[M::hk_bmap_gen] 140382 bin pairs
[M::blind-gpu] prepared pair buffers: n_diploid=5258 n_pairs=145590 n_block_keys=281242 n_steps=100
[I::fdg-gpu] blocklist CSR ready: edges=281242 avg_deg=53.49 max_deg=122
[M::hk_bmap_gen] generated 5258 beads
[M::hk_bmap_gen] 140360 bin pairs
[M::blind-gpu] prepared pair buffers: n_diploid=5258 n_pairs=145566 n_block_keys=281196 n_steps=100
[I::fdg-gpu] blocklist CSR ready: edges=281196 avg_deg=53.48 max_deg=123
[M::hk_bmap_gen] generated 5258 beads
[M::hk_bmap_gen] 140293 bin pairs
[M::blind-gpu] prepared pair buffers: n_diploid=5258 n_pairs=145499 n_block_keys=281062 n_steps=100
[I::fdg-gpu] blocklist CSR ready: edges=281062 avg_deg=53.45 max_deg=123
[M::hk_bmap_gen] generated 5258 beads
[M::hk_bmap_gen] 140252 bin pairs
[M::blind-gpu] prepared pair buffers: n_diploid=5258 n_pairs=145461 n_block_keys=280986 n_steps=100
[I::fdg-gpu] blocklist CSR ready: edges=280986 avg_deg=53.44 max_deg=123
[M::hk_bmap_gen] generated 5258 beads
[M::hk_bmap_gen] 140228 bin pairs
[M::blind-gpu] prepared pair buffers: n_diploid=5258 n_pairs=145434 n_block_keys=280930 n_steps=100
[I::fdg-gpu] blocklist CSR ready: edges=280930 avg_deg=53.43 max_deg=123
[M::hk_bmap_gen] generated 5258 beads
[M::hk_bmap_gen] 140183 bin pairs
[M::blind-gpu] prepared pair buffers: n_diploid=5258 n_pairs=145390 n_block_keys=280842 n_steps=100
[I::fdg-gpu] blocklist CSR ready: edges=280842 avg_deg=53.41 max_deg=123
[M::hk_bmap_gen] generated 5258 beads
[M::hk_bmap_gen] 140174 bin pairs
[M::blind-gpu] prepared pair buffers: n_diploid=5258 n_pairs=145385 n_block_keys=280832 n_steps=100
[I::fdg-gpu] blocklist CSR ready: edges=280832 avg_deg=53.41 max_deg=122
[M::hk_bmap_gen] generated 5258 beads
[M::hk_bmap_gen] 140140 bin pairs
[M::blind-gpu] prepared pair buffers: n_diploid=5258 n_pairs=145350 n_block_keys=280762 n_steps=100
[I::fdg-gpu] blocklist CSR ready: edges=280762 avg_deg=53.40 max_deg=118
[M::hk_bmap_gen] generated 5258 beads
[M::hk_bmap_gen] 140115 bin pairs
[M::blind-gpu] prepared pair buffers: n_diploid=5258 n_pairs=145324 n_block_keys=280712 n_steps=100
[I::fdg-gpu] blocklist CSR ready: edges=280712 avg_deg=53.39 max_deg=117
[M::hk_bmap_gen] generated 5258 beads
[M::hk_bmap_gen] 140088 bin pairs
[M::blind-gpu] prepared pair buffers: n_diploid=5258 n_pairs=145292 n_block_keys=280648 n_steps=100
[I::fdg-gpu] blocklist CSR ready: edges=280648 avg_deg=53.38 max_deg=117
[M::hk_bmap_gen] generated 5258 beads
[M::hk_bmap_gen] 140071 bin pairs
[M::blind-gpu] prepared pair buffers: n_diploid=5258 n_pairs=145280 n_block_keys=280624 n_steps=100
[I::fdg-gpu] blocklist CSR ready: edges=280624 avg_deg=53.37 max_deg=117
[M::hk_bmap_gen] generated 5258 beads
[M::hk_bmap_gen] 140044 bin pairs
[M::blind-gpu] prepared pair buffers: n_diploid=5258 n_pairs=145243 n_block_keys=280550 n_steps=100
[I::fdg-gpu] blocklist CSR ready: edges=280550 avg_deg=53.36 max_deg=117
[M::hk_bmap_gen] generated 5258 beads
[M::hk_bmap_gen] 140030 bin pairs
[M::blind-gpu] prepared pair buffers: n_diploid=5258 n_pairs=145233 n_block_keys=280528 n_steps=100
[I::fdg-gpu] blocklist CSR ready: edges=280528 avg_deg=53.35 max_deg=117
[M::hk_bmap_gen] generated 5258 beads
[M::hk_bmap_gen] 140009 bin pairs
[M::blind-gpu] prepared pair buffers: n_diploid=5258 n_pairs=145215 n_block_keys=280492 n_steps=100
[I::fdg-gpu] blocklist CSR ready: edges=280492 avg_deg=53.35 max_deg=116
[M::hk_bmap_gen] generated 5258 beads
[M::hk_bmap_gen] 139984 bin pairs
[M::blind-gpu] prepared pair buffers: n_diploid=5258 n_pairs=145194 n_block_keys=280448 n_steps=100
[I::fdg-gpu] blocklist CSR ready: edges=280448 avg_deg=53.34 max_deg=116
[M::hk_bmap_gen] generated 5258 beads
[M::hk_bmap_gen] 139974 bin pairs
[M::blind-gpu] prepared pair buffers: n_diploid=5258 n_pairs=145181 n_block_keys=280422 n_steps=100
[I::fdg-gpu] blocklist CSR ready: edges=280422 avg_deg=53.33 max_deg=111
[M::hk_bmap_gen] generated 5258 beads
[M::hk_bmap_gen] 139916 bin pairs
[M::blind-gpu] prepared pair buffers: n_diploid=5258 n_pairs=145124 n_block_keys=280302 n_steps=100
[I::fdg-gpu] blocklist CSR ready: edges=280302 avg_deg=53.31 max_deg=113
[M::hk_bmap_gen] generated 5258 beads
[M::hk_bmap_gen] 139885 bin pairs
[M::blind-gpu] prepared pair buffers: n_diploid=5258 n_pairs=145093 n_block_keys=280240 n_steps=100
[I::fdg-gpu] blocklist CSR ready: edges=280240 avg_deg=53.30 max_deg=115
[M::hk_bmap_gen] generated 5258 beads
[M::hk_bmap_gen] 139862 bin pairs
[M::blind-gpu] prepared pair buffers: n_diploid=5258 n_pairs=145068 n_block_keys=280190 n_steps=100
[I::fdg-gpu] blocklist CSR ready: edges=280190 avg_deg=53.29 max_deg=115
[M::hk_bmap_gen] generated 5258 beads
[M::hk_bmap_gen] 139846 bin pairs
[M::blind-gpu] prepared pair buffers: n_diploid=5258 n_pairs=145053 n_block_keys=280160 n_steps=100
[I::fdg-gpu] blocklist CSR ready: edges=280160 avg_deg=53.28 max_deg=116
[M::hk_bmap_gen] generated 5258 beads
[M::hk_bmap_gen] 139843 bin pairs
[M::blind-gpu] prepared pair buffers: n_diploid=5258 n_pairs=145050 n_block_keys=280154 n_steps=100
[I::fdg-gpu] blocklist CSR ready: edges=280154 avg_deg=53.28 max_deg=118
minimal P9016[1m]: write outputs to /mnt/ssd/zliu/phase3/test_res/016-20260618_150851-p9016_charm_contacts_condition_sweep_1m/work_outputs/2pr/p9016_charm3dg20k_2pr_pcgamma1_common_ieps1_noise0p05/p9016_charm3dg20k_2pr_pcgamma1_common_ieps1_noise0p05
[M::hk_bmap_gen] generated 5258 beads
[M::hk_bmap_gen] 139845 bin pairs
minimal P9016[1m]: status=OK final_entropy=0.5387376 final_pU=0.38861704
minimal P9016: summary /mnt/ssd/zliu/phase3/test_res/016-20260618_150851-p9016_charm_contacts_condition_sweep_1m/work_outputs/2pr/p9016_charm3dg20k_2pr_pcgamma1_common_ieps1_noise0p05/matrix_summary.tsv
