minimal P9016: input=/mnt/ssd/zliu/phase3/test_res/016-20260618_150851-p9016_charm_contacts_condition_sweep_1m/synthetic_pairs/p9016_charm3dg20k_2pr_contacts.pairs.gz output_root=/mnt/ssd/zliu/phase3/test_res/016-20260618_150851-p9016_charm_contacts_condition_sweep_1m/work_outputs/2pr/p9016_charm3dg20k_2pr_legacy_raw_ieps0p5_noise0_gpu config=p9016_charm3dg20k_2pr_legacy_raw_ieps0p5_noise0_gpu baseline=softall n_iter=100 relax_steps=100 relax_step=0.012 chain=0 init_mode=unphased_scaffold_split init_eps=0.5 init_noise=0 init_scale=10 init_seed=17 min_sep=0 lambda_sep=0 d_scale_mode=raw_count d_scale_input=raw_count d_scale_formula=n_raw d_scale_gamma=1 d_scale_eps=1e-06 relax_backend=gpu
minimal P9016: stage 1/1 name=1m bin_size_bp=1000000 parent=0
[M::hk_map_read] read 1265114 pairs
[M::hk_bmap_gen] generated 2629 beads
[M::hk_bmap_gen] 86507 bin pairs
minimal P9016[1m]: build binned contacts
minimal P9016[1m]: init mode=unphased_scaffold_split seed=17 scale=10
[M::hk_fdg] mid_dist:1000000 max_nei:2113
[M::hk_fdg1_cpu] iter:10 elapsed:0.13s rep_coef:0.2092 RMS_force:72.7566 n_rep:47.4264 energy:30.4455,12.2182,0.0044 dist:6.2058,11.4957,1.4803
[M::hk_fdg1_cpu] iter:20 elapsed:0.40s rep_coef:0.6615 RMS_force:59.1740 n_rep:171.8923 energy:7.7786,6.7845,0.0148 dist:3.4154,7.2154,1.4629
[M::hk_fdg1_cpu] iter:30 elapsed:1.09s rep_coef:0.9352 RMS_force:41.2076 n_rep:422.1031 energy:1.5712,3.2326,0.0237 dist:1.9826,4.3717,1.4185
[M::hk_fdg1_cpu] iter:40 elapsed:1.62s rep_coef:0.9907 RMS_force:31.7401 n_rep:101.1096 energy:0.3011,1.4410,0.0253 dist:1.1510,3.1542,1.4251
[M::hk_fdg1_cpu] iter:50 elapsed:2.03s rep_coef:0.9987 RMS_force:18.7176 n_rep:228.0190 energy:0.0859,0.5543,0.0220 dist:0.7443,2.0938,1.4739
minimal P9016[1m]: run softall, n_iter=100 relax_steps=100 relax_step=0.012 relax_backend=gpu
[M::hk_bmap_gen] generated 5258 beads
[M::hk_bmap_gen] 298644 bin pairs
[M::blind-gpu] prepared pair buffers: n_diploid=5258 n_pairs=303856 n_block_keys=597756 n_steps=100
[I::fdg-gpu] blocklist CSR ready: edges=597756 avg_deg=113.69 max_deg=202
[M::hk_bmap_gen] generated 5258 beads
[M::hk_bmap_gen] 301036 bin pairs
[M::blind-gpu] prepared pair buffers: n_diploid=5258 n_pairs=306248 n_block_keys=602540 n_steps=100
[I::fdg-gpu] blocklist CSR ready: edges=602540 avg_deg=114.59 max_deg=203
[M::hk_bmap_gen] generated 5258 beads
[M::hk_bmap_gen] 299112 bin pairs
[M::blind-gpu] prepared pair buffers: n_diploid=5258 n_pairs=304321 n_block_keys=598688 n_steps=100
[I::fdg-gpu] blocklist CSR ready: edges=598688 avg_deg=113.86 max_deg=203
[M::hk_bmap_gen] generated 5258 beads
[M::hk_bmap_gen] 296764 bin pairs
[M::blind-gpu] prepared pair buffers: n_diploid=5258 n_pairs=301974 n_block_keys=593996 n_steps=100
[I::fdg-gpu] blocklist CSR ready: edges=593996 avg_deg=112.97 max_deg=203
[M::hk_bmap_gen] generated 5258 beads
[M::hk_bmap_gen] 294793 bin pairs
[M::blind-gpu] prepared pair buffers: n_diploid=5258 n_pairs=300002 n_block_keys=590052 n_steps=100
[I::fdg-gpu] blocklist CSR ready: edges=590052 avg_deg=112.22 max_deg=202
[M::hk_bmap_gen] generated 5258 beads
[M::hk_bmap_gen] 293090 bin pairs
[M::blind-gpu] prepared pair buffers: n_diploid=5258 n_pairs=298300 n_block_keys=586650 n_steps=100
[I::fdg-gpu] blocklist CSR ready: edges=586650 avg_deg=111.57 max_deg=201
[M::hk_bmap_gen] generated 5258 beads
[M::hk_bmap_gen] 291574 bin pairs
[M::blind-gpu] prepared pair buffers: n_diploid=5258 n_pairs=296784 n_block_keys=583620 n_steps=100
[I::fdg-gpu] blocklist CSR ready: edges=583620 avg_deg=111.00 max_deg=201
[M::hk_bmap_gen] generated 5258 beads
[M::hk_bmap_gen] 290290 bin pairs
[M::blind-gpu] prepared pair buffers: n_diploid=5258 n_pairs=295499 n_block_keys=581052 n_steps=100
[I::fdg-gpu] blocklist CSR ready: edges=581052 avg_deg=110.51 max_deg=201
[M::hk_bmap_gen] generated 5258 beads
[M::hk_bmap_gen] 289151 bin pairs
[M::blind-gpu] prepared pair buffers: n_diploid=5258 n_pairs=294360 n_block_keys=578776 n_steps=100
[I::fdg-gpu] blocklist CSR ready: edges=578776 avg_deg=110.08 max_deg=201
[M::hk_bmap_gen] generated 5258 beads
[M::hk_bmap_gen] 288078 bin pairs
[M::blind-gpu] prepared pair buffers: n_diploid=5258 n_pairs=293288 n_block_keys=576630 n_steps=100
[I::fdg-gpu] blocklist CSR ready: edges=576630 avg_deg=109.67 max_deg=201
[M::hk_bmap_gen] generated 5258 beads
[M::hk_bmap_gen] 287158 bin pairs
[M::blind-gpu] prepared pair buffers: n_diploid=5258 n_pairs=292368 n_block_keys=574788 n_steps=100
[I::fdg-gpu] blocklist CSR ready: edges=574788 avg_deg=109.32 max_deg=200
[M::hk_bmap_gen] generated 5258 beads
[M::hk_bmap_gen] 286364 bin pairs
[M::blind-gpu] prepared pair buffers: n_diploid=5258 n_pairs=291568 n_block_keys=573188 n_steps=100
[I::fdg-gpu] blocklist CSR ready: edges=573188 avg_deg=109.01 max_deg=200
[M::hk_bmap_gen] generated 5258 beads
[M::hk_bmap_gen] 285661 bin pairs
[M::blind-gpu] prepared pair buffers: n_diploid=5258 n_pairs=290866 n_block_keys=571786 n_steps=100
[I::fdg-gpu] blocklist CSR ready: edges=571786 avg_deg=108.75 max_deg=200
[M::hk_bmap_gen] generated 5258 beads
[M::hk_bmap_gen] 285134 bin pairs
[M::blind-gpu] prepared pair buffers: n_diploid=5258 n_pairs=290343 n_block_keys=570736 n_steps=100
[I::fdg-gpu] blocklist CSR ready: edges=570736 avg_deg=108.55 max_deg=200
[M::hk_bmap_gen] generated 5258 beads
[M::hk_bmap_gen] 284651 bin pairs
[M::blind-gpu] prepared pair buffers: n_diploid=5258 n_pairs=289861 n_block_keys=569772 n_steps=100
[I::fdg-gpu] blocklist CSR ready: edges=569772 avg_deg=108.36 max_deg=200
[M::hk_bmap_gen] generated 5258 beads
[M::hk_bmap_gen] 284280 bin pairs
[M::blind-gpu] prepared pair buffers: n_diploid=5258 n_pairs=289489 n_block_keys=569032 n_steps=100
[I::fdg-gpu] blocklist CSR ready: edges=569032 avg_deg=108.22 max_deg=200
[M::hk_bmap_gen] generated 5258 beads
[M::hk_bmap_gen] 283962 bin pairs
[M::blind-gpu] prepared pair buffers: n_diploid=5258 n_pairs=289170 n_block_keys=568392 n_steps=100
[I::fdg-gpu] blocklist CSR ready: edges=568392 avg_deg=108.10 max_deg=200
[M::hk_bmap_gen] generated 5258 beads
[M::hk_bmap_gen] 283658 bin pairs
[M::blind-gpu] prepared pair buffers: n_diploid=5258 n_pairs=288866 n_block_keys=567784 n_steps=100
[I::fdg-gpu] blocklist CSR ready: edges=567784 avg_deg=107.98 max_deg=200
[M::hk_bmap_gen] generated 5258 beads
[M::hk_bmap_gen] 283426 bin pairs
[M::blind-gpu] prepared pair buffers: n_diploid=5258 n_pairs=288634 n_block_keys=567320 n_steps=100
[I::fdg-gpu] blocklist CSR ready: edges=567320 avg_deg=107.90 max_deg=200
[M::hk_bmap_gen] generated 5258 beads
[M::hk_bmap_gen] 283150 bin pairs
[M::blind-gpu] prepared pair buffers: n_diploid=5258 n_pairs=288359 n_block_keys=566770 n_steps=100
[I::fdg-gpu] blocklist CSR ready: edges=566770 avg_deg=107.79 max_deg=200
[M::hk_bmap_gen] generated 5258 beads
[M::hk_bmap_gen] 282877 bin pairs
[M::blind-gpu] prepared pair buffers: n_diploid=5258 n_pairs=288085 n_block_keys=566222 n_steps=100
[I::fdg-gpu] blocklist CSR ready: edges=566222 avg_deg=107.69 max_deg=200
[M::hk_bmap_gen] generated 5258 beads
[M::hk_bmap_gen] 282554 bin pairs
[M::blind-gpu] prepared pair buffers: n_diploid=5258 n_pairs=287763 n_block_keys=565578 n_steps=100
[I::fdg-gpu] blocklist CSR ready: edges=565578 avg_deg=107.57 max_deg=200
[M::hk_bmap_gen] generated 5258 beads
[M::hk_bmap_gen] 282157 bin pairs
[M::blind-gpu] prepared pair buffers: n_diploid=5258 n_pairs=287368 n_block_keys=564788 n_steps=100
[I::fdg-gpu] blocklist CSR ready: edges=564788 avg_deg=107.41 max_deg=200
[M::hk_bmap_gen] generated 5258 beads
[M::hk_bmap_gen] 281785 bin pairs
[M::blind-gpu] prepared pair buffers: n_diploid=5258 n_pairs=286996 n_block_keys=564044 n_steps=100
[I::fdg-gpu] blocklist CSR ready: edges=564044 avg_deg=107.27 max_deg=200
[M::hk_bmap_gen] generated 5258 beads
[M::hk_bmap_gen] 281467 bin pairs
[M::blind-gpu] prepared pair buffers: n_diploid=5258 n_pairs=286679 n_block_keys=563412 n_steps=100
[I::fdg-gpu] blocklist CSR ready: edges=563412 avg_deg=107.15 max_deg=200
[M::hk_bmap_gen] generated 5258 beads
[M::hk_bmap_gen] 281195 bin pairs
[M::blind-gpu] prepared pair buffers: n_diploid=5258 n_pairs=286405 n_block_keys=562860 n_steps=100
[I::fdg-gpu] blocklist CSR ready: edges=562860 avg_deg=107.05 max_deg=200
[M::hk_bmap_gen] generated 5258 beads
[M::hk_bmap_gen] 280963 bin pairs
[M::blind-gpu] prepared pair buffers: n_diploid=5258 n_pairs=286169 n_block_keys=562386 n_steps=100
[I::fdg-gpu] blocklist CSR ready: edges=562386 avg_deg=106.96 max_deg=200
[M::hk_bmap_gen] generated 5258 beads
[M::hk_bmap_gen] 280830 bin pairs
[M::blind-gpu] prepared pair buffers: n_diploid=5258 n_pairs=286032 n_block_keys=562114 n_steps=100
[I::fdg-gpu] blocklist CSR ready: edges=562114 avg_deg=106.91 max_deg=200
[M::hk_bmap_gen] generated 5258 beads
[M::hk_bmap_gen] 280638 bin pairs
[M::blind-gpu] prepared pair buffers: n_diploid=5258 n_pairs=285844 n_block_keys=561740 n_steps=100
[I::fdg-gpu] blocklist CSR ready: edges=561740 avg_deg=106.84 max_deg=200
[M::hk_bmap_gen] generated 5258 beads
[M::hk_bmap_gen] 280480 bin pairs
[M::blind-gpu] prepared pair buffers: n_diploid=5258 n_pairs=285688 n_block_keys=561432 n_steps=100
[I::fdg-gpu] blocklist CSR ready: edges=561432 avg_deg=106.78 max_deg=200
[M::hk_bmap_gen] generated 5258 beads
[M::hk_bmap_gen] 280337 bin pairs
[M::blind-gpu] prepared pair buffers: n_diploid=5258 n_pairs=285538 n_block_keys=561134 n_steps=100
[I::fdg-gpu] blocklist CSR ready: edges=561134 avg_deg=106.72 max_deg=200
[M::hk_bmap_gen] generated 5258 beads
[M::hk_bmap_gen] 280242 bin pairs
[M::blind-gpu] prepared pair buffers: n_diploid=5258 n_pairs=285443 n_block_keys=560942 n_steps=100
[I::fdg-gpu] blocklist CSR ready: edges=560942 avg_deg=106.68 max_deg=200
[M::hk_bmap_gen] generated 5258 beads
[M::hk_bmap_gen] 280164 bin pairs
[M::blind-gpu] prepared pair buffers: n_diploid=5258 n_pairs=285371 n_block_keys=560798 n_steps=100
[I::fdg-gpu] blocklist CSR ready: edges=560798 avg_deg=106.66 max_deg=200
[M::hk_bmap_gen] generated 5258 beads
[M::hk_bmap_gen] 280061 bin pairs
[M::blind-gpu] prepared pair buffers: n_diploid=5258 n_pairs=285269 n_block_keys=560594 n_steps=100
[I::fdg-gpu] blocklist CSR ready: edges=560594 avg_deg=106.62 max_deg=200
[M::hk_bmap_gen] generated 5258 beads
[M::hk_bmap_gen] 280039 bin pairs
[M::blind-gpu] prepared pair buffers: n_diploid=5258 n_pairs=285244 n_block_keys=560548 n_steps=100
[I::fdg-gpu] blocklist CSR ready: edges=560548 avg_deg=106.61 max_deg=200
[M::hk_bmap_gen] generated 5258 beads
[M::hk_bmap_gen] 279952 bin pairs
[M::blind-gpu] prepared pair buffers: n_diploid=5258 n_pairs=285156 n_block_keys=560374 n_steps=100
[I::fdg-gpu] blocklist CSR ready: edges=560374 avg_deg=106.58 max_deg=200
[M::hk_bmap_gen] generated 5258 beads
[M::hk_bmap_gen] 279886 bin pairs
[M::blind-gpu] prepared pair buffers: n_diploid=5258 n_pairs=285093 n_block_keys=560248 n_steps=100
[I::fdg-gpu] blocklist CSR ready: edges=560248 avg_deg=106.55 max_deg=200
[M::hk_bmap_gen] generated 5258 beads
[M::hk_bmap_gen] 279821 bin pairs
[M::blind-gpu] prepared pair buffers: n_diploid=5258 n_pairs=285030 n_block_keys=560122 n_steps=100
[I::fdg-gpu] blocklist CSR ready: edges=560122 avg_deg=106.53 max_deg=200
[M::hk_bmap_gen] generated 5258 beads
[M::hk_bmap_gen] 279793 bin pairs
[M::blind-gpu] prepared pair buffers: n_diploid=5258 n_pairs=285002 n_block_keys=560066 n_steps=100
[I::fdg-gpu] blocklist CSR ready: edges=560066 avg_deg=106.52 max_deg=200
[M::hk_bmap_gen] generated 5258 beads
[M::hk_bmap_gen] 279757 bin pairs
[M::blind-gpu] prepared pair buffers: n_diploid=5258 n_pairs=284966 n_block_keys=559994 n_steps=100
[I::fdg-gpu] blocklist CSR ready: edges=559994 avg_deg=106.50 max_deg=200
[M::hk_bmap_gen] generated 5258 beads
[M::hk_bmap_gen] 279683 bin pairs
[M::blind-gpu] prepared pair buffers: n_diploid=5258 n_pairs=284892 n_block_keys=559846 n_steps=100
[I::fdg-gpu] blocklist CSR ready: edges=559846 avg_deg=106.48 max_deg=200
[M::hk_bmap_gen] generated 5258 beads
[M::hk_bmap_gen] 279630 bin pairs
[M::blind-gpu] prepared pair buffers: n_diploid=5258 n_pairs=284838 n_block_keys=559738 n_steps=100
[I::fdg-gpu] blocklist CSR ready: edges=559738 avg_deg=106.45 max_deg=200
[M::hk_bmap_gen] generated 5258 beads
[M::hk_bmap_gen] 279580 bin pairs
[M::blind-gpu] prepared pair buffers: n_diploid=5258 n_pairs=284786 n_block_keys=559634 n_steps=100
[I::fdg-gpu] blocklist CSR ready: edges=559634 avg_deg=106.43 max_deg=200
[M::hk_bmap_gen] generated 5258 beads
[M::hk_bmap_gen] 279514 bin pairs
[M::blind-gpu] prepared pair buffers: n_diploid=5258 n_pairs=284719 n_block_keys=559500 n_steps=100
[I::fdg-gpu] blocklist CSR ready: edges=559500 avg_deg=106.41 max_deg=200
[M::hk_bmap_gen] generated 5258 beads
[M::hk_bmap_gen] 279466 bin pairs
[M::blind-gpu] prepared pair buffers: n_diploid=5258 n_pairs=284672 n_block_keys=559406 n_steps=100
[I::fdg-gpu] blocklist CSR ready: edges=559406 avg_deg=106.39 max_deg=200
[M::hk_bmap_gen] generated 5258 beads
[M::hk_bmap_gen] 279442 bin pairs
[M::blind-gpu] prepared pair buffers: n_diploid=5258 n_pairs=284651 n_block_keys=559364 n_steps=100
[I::fdg-gpu] blocklist CSR ready: edges=559364 avg_deg=106.38 max_deg=200
[M::hk_bmap_gen] generated 5258 beads
[M::hk_bmap_gen] 279433 bin pairs
[M::blind-gpu] prepared pair buffers: n_diploid=5258 n_pairs=284641 n_block_keys=559346 n_steps=100
[I::fdg-gpu] blocklist CSR ready: edges=559346 avg_deg=106.38 max_deg=200
[M::hk_bmap_gen] generated 5258 beads
[M::hk_bmap_gen] 279399 bin pairs
[M::blind-gpu] prepared pair buffers: n_diploid=5258 n_pairs=284607 n_block_keys=559278 n_steps=100
[I::fdg-gpu] blocklist CSR ready: edges=559278 avg_deg=106.37 max_deg=200
[M::hk_bmap_gen] generated 5258 beads
[M::hk_bmap_gen] 279390 bin pairs
[M::blind-gpu] prepared pair buffers: n_diploid=5258 n_pairs=284601 n_block_keys=559266 n_steps=100
[I::fdg-gpu] blocklist CSR ready: edges=559266 avg_deg=106.36 max_deg=200
[M::hk_bmap_gen] generated 5258 beads
[M::hk_bmap_gen] 279358 bin pairs
[M::blind-gpu] prepared pair buffers: n_diploid=5258 n_pairs=284570 n_block_keys=559204 n_steps=100
[I::fdg-gpu] blocklist CSR ready: edges=559204 avg_deg=106.35 max_deg=200
[M::hk_bmap_gen] generated 5258 beads
[M::hk_bmap_gen] 279334 bin pairs
[M::blind-gpu] prepared pair buffers: n_diploid=5258 n_pairs=284546 n_block_keys=559156 n_steps=100
[I::fdg-gpu] blocklist CSR ready: edges=559156 avg_deg=106.34 max_deg=200
[M::hk_bmap_gen] generated 5258 beads
[M::hk_bmap_gen] 279333 bin pairs
[M::blind-gpu] prepared pair buffers: n_diploid=5258 n_pairs=284545 n_block_keys=559154 n_steps=100
[I::fdg-gpu] blocklist CSR ready: edges=559154 avg_deg=106.34 max_deg=200
[M::hk_bmap_gen] generated 5258 beads
[M::hk_bmap_gen] 279335 bin pairs
[M::blind-gpu] prepared pair buffers: n_diploid=5258 n_pairs=284547 n_block_keys=559158 n_steps=100
[I::fdg-gpu] blocklist CSR ready: edges=559158 avg_deg=106.34 max_deg=200
[M::hk_bmap_gen] generated 5258 beads
[M::hk_bmap_gen] 279292 bin pairs
[M::blind-gpu] prepared pair buffers: n_diploid=5258 n_pairs=284501 n_block_keys=559066 n_steps=100
[I::fdg-gpu] blocklist CSR ready: edges=559066 avg_deg=106.33 max_deg=200
[M::hk_bmap_gen] generated 5258 beads
[M::hk_bmap_gen] 279268 bin pairs
[M::blind-gpu] prepared pair buffers: n_diploid=5258 n_pairs=284476 n_block_keys=559016 n_steps=100
[I::fdg-gpu] blocklist CSR ready: edges=559016 avg_deg=106.32 max_deg=200
[M::hk_bmap_gen] generated 5258 beads
[M::hk_bmap_gen] 279227 bin pairs
[M::blind-gpu] prepared pair buffers: n_diploid=5258 n_pairs=284439 n_block_keys=558942 n_steps=100
[I::fdg-gpu] blocklist CSR ready: edges=558942 avg_deg=106.30 max_deg=200
[M::hk_bmap_gen] generated 5258 beads
[M::hk_bmap_gen] 279162 bin pairs
[M::blind-gpu] prepared pair buffers: n_diploid=5258 n_pairs=284376 n_block_keys=558818 n_steps=100
[I::fdg-gpu] blocklist CSR ready: edges=558818 avg_deg=106.28 max_deg=200
[M::hk_bmap_gen] generated 5258 beads
[M::hk_bmap_gen] 279108 bin pairs
[M::blind-gpu] prepared pair buffers: n_diploid=5258 n_pairs=284321 n_block_keys=558708 n_steps=100
[I::fdg-gpu] blocklist CSR ready: edges=558708 avg_deg=106.26 max_deg=200
[M::hk_bmap_gen] generated 5258 beads
[M::hk_bmap_gen] 279064 bin pairs
[M::blind-gpu] prepared pair buffers: n_diploid=5258 n_pairs=284277 n_block_keys=558620 n_steps=100
[I::fdg-gpu] blocklist CSR ready: edges=558620 avg_deg=106.24 max_deg=200
[M::hk_bmap_gen] generated 5258 beads
[M::hk_bmap_gen] 279012 bin pairs
[M::blind-gpu] prepared pair buffers: n_diploid=5258 n_pairs=284224 n_block_keys=558514 n_steps=100
[I::fdg-gpu] blocklist CSR ready: edges=558514 avg_deg=106.22 max_deg=200
[M::hk_bmap_gen] generated 5258 beads
[M::hk_bmap_gen] 278953 bin pairs
[M::blind-gpu] prepared pair buffers: n_diploid=5258 n_pairs=284165 n_block_keys=558396 n_steps=100
[I::fdg-gpu] blocklist CSR ready: edges=558396 avg_deg=106.20 max_deg=200
[M::hk_bmap_gen] generated 5258 beads
[M::hk_bmap_gen] 278888 bin pairs
[M::blind-gpu] prepared pair buffers: n_diploid=5258 n_pairs=284098 n_block_keys=558262 n_steps=100
[I::fdg-gpu] blocklist CSR ready: edges=558262 avg_deg=106.17 max_deg=200
[M::hk_bmap_gen] generated 5258 beads
[M::hk_bmap_gen] 278873 bin pairs
[M::blind-gpu] prepared pair buffers: n_diploid=5258 n_pairs=284080 n_block_keys=558226 n_steps=100
[I::fdg-gpu] blocklist CSR ready: edges=558226 avg_deg=106.17 max_deg=200
[M::hk_bmap_gen] generated 5258 beads
[M::hk_bmap_gen] 278819 bin pairs
[M::blind-gpu] prepared pair buffers: n_diploid=5258 n_pairs=284025 n_block_keys=558116 n_steps=100
[I::fdg-gpu] blocklist CSR ready: edges=558116 avg_deg=106.15 max_deg=200
[M::hk_bmap_gen] generated 5258 beads
[M::hk_bmap_gen] 278733 bin pairs
[M::blind-gpu] prepared pair buffers: n_diploid=5258 n_pairs=283937 n_block_keys=557940 n_steps=100
[I::fdg-gpu] blocklist CSR ready: edges=557940 avg_deg=106.11 max_deg=200
[M::hk_bmap_gen] generated 5258 beads
[M::hk_bmap_gen] 278677 bin pairs
[M::blind-gpu] prepared pair buffers: n_diploid=5258 n_pairs=283879 n_block_keys=557824 n_steps=100
[I::fdg-gpu] blocklist CSR ready: edges=557824 avg_deg=106.09 max_deg=200
[M::hk_bmap_gen] generated 5258 beads
[M::hk_bmap_gen] 278636 bin pairs
[M::blind-gpu] prepared pair buffers: n_diploid=5258 n_pairs=283839 n_block_keys=557744 n_steps=100
[I::fdg-gpu] blocklist CSR ready: edges=557744 avg_deg=106.08 max_deg=200
[M::hk_bmap_gen] generated 5258 beads
[M::hk_bmap_gen] 278576 bin pairs
[M::blind-gpu] prepared pair buffers: n_diploid=5258 n_pairs=283781 n_block_keys=557628 n_steps=100
[I::fdg-gpu] blocklist CSR ready: edges=557628 avg_deg=106.05 max_deg=200
[M::hk_bmap_gen] generated 5258 beads
[M::hk_bmap_gen] 278541 bin pairs
[M::blind-gpu] prepared pair buffers: n_diploid=5258 n_pairs=283747 n_block_keys=557560 n_steps=100
[I::fdg-gpu] blocklist CSR ready: edges=557560 avg_deg=106.04 max_deg=200
[M::hk_bmap_gen] generated 5258 beads
[M::hk_bmap_gen] 278505 bin pairs
[M::blind-gpu] prepared pair buffers: n_diploid=5258 n_pairs=283711 n_block_keys=557488 n_steps=100
[I::fdg-gpu] blocklist CSR ready: edges=557488 avg_deg=106.03 max_deg=200
[M::hk_bmap_gen] generated 5258 beads
[M::hk_bmap_gen] 278465 bin pairs
[M::blind-gpu] prepared pair buffers: n_diploid=5258 n_pairs=283670 n_block_keys=557406 n_steps=100
[I::fdg-gpu] blocklist CSR ready: edges=557406 avg_deg=106.01 max_deg=200
[M::hk_bmap_gen] generated 5258 beads
[M::hk_bmap_gen] 278431 bin pairs
[M::blind-gpu] prepared pair buffers: n_diploid=5258 n_pairs=283635 n_block_keys=557336 n_steps=100
[I::fdg-gpu] blocklist CSR ready: edges=557336 avg_deg=106.00 max_deg=200
[M::hk_bmap_gen] generated 5258 beads
[M::hk_bmap_gen] 278385 bin pairs
[M::blind-gpu] prepared pair buffers: n_diploid=5258 n_pairs=283590 n_block_keys=557248 n_steps=100
[I::fdg-gpu] blocklist CSR ready: edges=557248 avg_deg=105.98 max_deg=200
[M::hk_bmap_gen] generated 5258 beads
[M::hk_bmap_gen] 278307 bin pairs
[M::blind-gpu] prepared pair buffers: n_diploid=5258 n_pairs=283512 n_block_keys=557092 n_steps=100
[I::fdg-gpu] blocklist CSR ready: edges=557092 avg_deg=105.95 max_deg=200
[M::hk_bmap_gen] generated 5258 beads
[M::hk_bmap_gen] 278254 bin pairs
[M::blind-gpu] prepared pair buffers: n_diploid=5258 n_pairs=283460 n_block_keys=556988 n_steps=100
[I::fdg-gpu] blocklist CSR ready: edges=556988 avg_deg=105.93 max_deg=200
[M::hk_bmap_gen] generated 5258 beads
[M::hk_bmap_gen] 278202 bin pairs
[M::blind-gpu] prepared pair buffers: n_diploid=5258 n_pairs=283408 n_block_keys=556884 n_steps=100
[I::fdg-gpu] blocklist CSR ready: edges=556884 avg_deg=105.91 max_deg=200
[M::hk_bmap_gen] generated 5258 beads
[M::hk_bmap_gen] 278115 bin pairs
[M::blind-gpu] prepared pair buffers: n_diploid=5258 n_pairs=283320 n_block_keys=556708 n_steps=100
[I::fdg-gpu] blocklist CSR ready: edges=556708 avg_deg=105.88 max_deg=200
[M::hk_bmap_gen] generated 5258 beads
[M::hk_bmap_gen] 278024 bin pairs
[M::blind-gpu] prepared pair buffers: n_diploid=5258 n_pairs=283230 n_block_keys=556528 n_steps=100
[I::fdg-gpu] blocklist CSR ready: edges=556528 avg_deg=105.84 max_deg=200
[M::hk_bmap_gen] generated 5258 beads
[M::hk_bmap_gen] 277955 bin pairs
[M::blind-gpu] prepared pair buffers: n_diploid=5258 n_pairs=283161 n_block_keys=556390 n_steps=100
[I::fdg-gpu] blocklist CSR ready: edges=556390 avg_deg=105.82 max_deg=200
[M::hk_bmap_gen] generated 5258 beads
[M::hk_bmap_gen] 277891 bin pairs
[M::blind-gpu] prepared pair buffers: n_diploid=5258 n_pairs=283096 n_block_keys=556260 n_steps=100
[I::fdg-gpu] blocklist CSR ready: edges=556260 avg_deg=105.79 max_deg=200
[M::hk_bmap_gen] generated 5258 beads
[M::hk_bmap_gen] 277868 bin pairs
[M::blind-gpu] prepared pair buffers: n_diploid=5258 n_pairs=283069 n_block_keys=556206 n_steps=100
[I::fdg-gpu] blocklist CSR ready: edges=556206 avg_deg=105.78 max_deg=200
[M::hk_bmap_gen] generated 5258 beads
[M::hk_bmap_gen] 277808 bin pairs
[M::blind-gpu] prepared pair buffers: n_diploid=5258 n_pairs=283013 n_block_keys=556094 n_steps=100
[I::fdg-gpu] blocklist CSR ready: edges=556094 avg_deg=105.76 max_deg=200
[M::hk_bmap_gen] generated 5258 beads
[M::hk_bmap_gen] 277725 bin pairs
[M::blind-gpu] prepared pair buffers: n_diploid=5258 n_pairs=282928 n_block_keys=555926 n_steps=100
[I::fdg-gpu] blocklist CSR ready: edges=555926 avg_deg=105.73 max_deg=200
[M::hk_bmap_gen] generated 5258 beads
[M::hk_bmap_gen] 277648 bin pairs
[M::blind-gpu] prepared pair buffers: n_diploid=5258 n_pairs=282856 n_block_keys=555782 n_steps=100
[I::fdg-gpu] blocklist CSR ready: edges=555782 avg_deg=105.70 max_deg=200
[M::hk_bmap_gen] generated 5258 beads
[M::hk_bmap_gen] 277642 bin pairs
[M::blind-gpu] prepared pair buffers: n_diploid=5258 n_pairs=282850 n_block_keys=555770 n_steps=100
[I::fdg-gpu] blocklist CSR ready: edges=555770 avg_deg=105.70 max_deg=200
[M::hk_bmap_gen] generated 5258 beads
[M::hk_bmap_gen] 277619 bin pairs
[M::blind-gpu] prepared pair buffers: n_diploid=5258 n_pairs=282827 n_block_keys=555724 n_steps=100
[I::fdg-gpu] blocklist CSR ready: edges=555724 avg_deg=105.69 max_deg=200
[M::hk_bmap_gen] generated 5258 beads
[M::hk_bmap_gen] 277588 bin pairs
[M::blind-gpu] prepared pair buffers: n_diploid=5258 n_pairs=282797 n_block_keys=555664 n_steps=100
[I::fdg-gpu] blocklist CSR ready: edges=555664 avg_deg=105.68 max_deg=200
[M::hk_bmap_gen] generated 5258 beads
[M::hk_bmap_gen] 277552 bin pairs
[M::blind-gpu] prepared pair buffers: n_diploid=5258 n_pairs=282760 n_block_keys=555588 n_steps=100
[I::fdg-gpu] blocklist CSR ready: edges=555588 avg_deg=105.67 max_deg=200
[M::hk_bmap_gen] generated 5258 beads
[M::hk_bmap_gen] 277529 bin pairs
[M::blind-gpu] prepared pair buffers: n_diploid=5258 n_pairs=282735 n_block_keys=555540 n_steps=100
[I::fdg-gpu] blocklist CSR ready: edges=555540 avg_deg=105.66 max_deg=200
[M::hk_bmap_gen] generated 5258 beads
[M::hk_bmap_gen] 277500 bin pairs
[M::blind-gpu] prepared pair buffers: n_diploid=5258 n_pairs=282702 n_block_keys=555474 n_steps=100
[I::fdg-gpu] blocklist CSR ready: edges=555474 avg_deg=105.64 max_deg=200
[M::hk_bmap_gen] generated 5258 beads
[M::hk_bmap_gen] 277458 bin pairs
[M::blind-gpu] prepared pair buffers: n_diploid=5258 n_pairs=282660 n_block_keys=555390 n_steps=100
[I::fdg-gpu] blocklist CSR ready: edges=555390 avg_deg=105.63 max_deg=200
[M::hk_bmap_gen] generated 5258 beads
[M::hk_bmap_gen] 277432 bin pairs
[M::blind-gpu] prepared pair buffers: n_diploid=5258 n_pairs=282633 n_block_keys=555336 n_steps=100
[I::fdg-gpu] blocklist CSR ready: edges=555336 avg_deg=105.62 max_deg=200
[M::hk_bmap_gen] generated 5258 beads
[M::hk_bmap_gen] 277396 bin pairs
[M::blind-gpu] prepared pair buffers: n_diploid=5258 n_pairs=282596 n_block_keys=555262 n_steps=100
[I::fdg-gpu] blocklist CSR ready: edges=555262 avg_deg=105.60 max_deg=200
[M::hk_bmap_gen] generated 5258 beads
[M::hk_bmap_gen] 277355 bin pairs
[M::blind-gpu] prepared pair buffers: n_diploid=5258 n_pairs=282554 n_block_keys=555178 n_steps=100
[I::fdg-gpu] blocklist CSR ready: edges=555178 avg_deg=105.59 max_deg=200
[M::hk_bmap_gen] generated 5258 beads
[M::hk_bmap_gen] 277316 bin pairs
[M::blind-gpu] prepared pair buffers: n_diploid=5258 n_pairs=282516 n_block_keys=555102 n_steps=100
[I::fdg-gpu] blocklist CSR ready: edges=555102 avg_deg=105.57 max_deg=200
[M::hk_bmap_gen] generated 5258 beads
[M::hk_bmap_gen] 277300 bin pairs
[M::blind-gpu] prepared pair buffers: n_diploid=5258 n_pairs=282500 n_block_keys=555070 n_steps=100
[I::fdg-gpu] blocklist CSR ready: edges=555070 avg_deg=105.57 max_deg=200
[M::hk_bmap_gen] generated 5258 beads
[M::hk_bmap_gen] 277271 bin pairs
[M::blind-gpu] prepared pair buffers: n_diploid=5258 n_pairs=282472 n_block_keys=555014 n_steps=100
[I::fdg-gpu] blocklist CSR ready: edges=555014 avg_deg=105.56 max_deg=200
[M::hk_bmap_gen] generated 5258 beads
[M::hk_bmap_gen] 277243 bin pairs
[M::blind-gpu] prepared pair buffers: n_diploid=5258 n_pairs=282443 n_block_keys=554956 n_steps=100
[I::fdg-gpu] blocklist CSR ready: edges=554956 avg_deg=105.55 max_deg=200
[M::hk_bmap_gen] generated 5258 beads
[M::hk_bmap_gen] 277218 bin pairs
[M::blind-gpu] prepared pair buffers: n_diploid=5258 n_pairs=282418 n_block_keys=554908 n_steps=100
[I::fdg-gpu] blocklist CSR ready: edges=554908 avg_deg=105.54 max_deg=200
[M::hk_bmap_gen] generated 5258 beads
[M::hk_bmap_gen] 277212 bin pairs
[M::blind-gpu] prepared pair buffers: n_diploid=5258 n_pairs=282412 n_block_keys=554896 n_steps=100
[I::fdg-gpu] blocklist CSR ready: edges=554896 avg_deg=105.53 max_deg=200
minimal P9016[1m]: write outputs to /mnt/ssd/zliu/phase3/test_res/016-20260618_150851-p9016_charm_contacts_condition_sweep_1m/work_outputs/2pr/p9016_charm3dg20k_2pr_legacy_raw_ieps0p5_noise0_gpu/p9016_charm3dg20k_2pr_legacy_raw_ieps0p5_noise0_gpu
[M::hk_bmap_gen] generated 5258 beads
[M::hk_bmap_gen] 277191 bin pairs
minimal P9016[1m]: status=OK final_entropy=1.222519 final_pU=0.88186103
minimal P9016: summary /mnt/ssd/zliu/phase3/test_res/016-20260618_150851-p9016_charm_contacts_condition_sweep_1m/work_outputs/2pr/p9016_charm3dg20k_2pr_legacy_raw_ieps0p5_noise0_gpu/matrix_summary.tsv
