minimal P9016: input=/mnt/ssd/zliu/phase3/test_res/016-20260618_150851-p9016_charm_contacts_condition_sweep_1m/synthetic_pairs/p9016_charm3dg20k_2pr_contacts.pairs.gz output_root=/mnt/ssd/zliu/phase3/test_res/016-20260618_150851-p9016_charm_contacts_condition_sweep_1m/work_outputs/2pr/p9016_charm3dg20k_2pr_pcgamma0_sep_off_ieps0p5_noise0 config=p9016_charm3dg20k_2pr_pcgamma0_sep_off_ieps0p5_noise0 baseline=softall n_iter=100 relax_steps=100 relax_step=0.012 chain=0 init_mode=unphased_scaffold_split init_eps=0.5 init_noise=0 init_scale=10 init_seed=17 min_sep=0 lambda_sep=0 d_scale_mode=posterior_count d_scale_input=posterior_count d_scale_formula=n_raw*posterior_prob^0 d_scale_gamma=0 d_scale_eps=1e-06 relax_backend=gpu
minimal P9016: stage 1/1 name=1m bin_size_bp=1000000 parent=0
[M::hk_map_read] read 1265114 pairs
[M::hk_bmap_gen] generated 2629 beads
[M::hk_bmap_gen] 86507 bin pairs
minimal P9016[1m]: build binned contacts
minimal P9016[1m]: init mode=unphased_scaffold_split seed=17 scale=10
[M::hk_fdg] mid_dist:1000000 max_nei:2113
[M::hk_fdg1_cpu] iter:10 elapsed:0.13s rep_coef:0.2092 RMS_force:72.7566 n_rep:47.4264 energy:30.4455,12.2182,0.0044 dist:6.2058,11.4957,1.4803
[M::hk_fdg1_cpu] iter:20 elapsed:0.41s rep_coef:0.6615 RMS_force:59.1740 n_rep:171.8923 energy:7.7786,6.7845,0.0148 dist:3.4154,7.2154,1.4629
[M::hk_fdg1_cpu] iter:30 elapsed:1.12s rep_coef:0.9352 RMS_force:41.2076 n_rep:422.1031 energy:1.5712,3.2326,0.0237 dist:1.9826,4.3717,1.4185
[M::hk_fdg1_cpu] iter:40 elapsed:1.65s rep_coef:0.9907 RMS_force:31.7401 n_rep:101.1096 energy:0.3011,1.4410,0.0253 dist:1.1510,3.1542,1.4251
[M::hk_fdg1_cpu] iter:50 elapsed:2.06s rep_coef:0.9987 RMS_force:18.7176 n_rep:228.0190 energy:0.0859,0.5543,0.0220 dist:0.7443,2.0938,1.4739
minimal P9016[1m]: run softall, n_iter=100 relax_steps=100 relax_step=0.012 relax_backend=gpu
[M::hk_bmap_gen] generated 5258 beads
[M::hk_bmap_gen] 298644 bin pairs
[M::blind-gpu] prepared pair buffers: n_diploid=5258 n_pairs=303856 n_block_keys=597756 n_steps=100
[I::fdg-gpu] blocklist CSR ready: edges=597756 avg_deg=113.69 max_deg=202
[M::hk_bmap_gen] generated 5258 beads
[M::hk_bmap_gen] 301036 bin pairs
[M::blind-gpu] prepared pair buffers: n_diploid=5258 n_pairs=306248 n_block_keys=602540 n_steps=100
[I::fdg-gpu] blocklist CSR ready: edges=602540 avg_deg=114.59 max_deg=203
[M::hk_bmap_gen] generated 5258 beads
[M::hk_bmap_gen] 299110 bin pairs
[M::blind-gpu] prepared pair buffers: n_diploid=5258 n_pairs=304319 n_block_keys=598684 n_steps=100
[I::fdg-gpu] blocklist CSR ready: edges=598684 avg_deg=113.86 max_deg=203
[M::hk_bmap_gen] generated 5258 beads
[M::hk_bmap_gen] 296761 bin pairs
[M::blind-gpu] prepared pair buffers: n_diploid=5258 n_pairs=301971 n_block_keys=593990 n_steps=100
[I::fdg-gpu] blocklist CSR ready: edges=593990 avg_deg=112.97 max_deg=203
[M::hk_bmap_gen] generated 5258 beads
[M::hk_bmap_gen] 294796 bin pairs
[M::blind-gpu] prepared pair buffers: n_diploid=5258 n_pairs=300005 n_block_keys=590058 n_steps=100
[I::fdg-gpu] blocklist CSR ready: edges=590058 avg_deg=112.22 max_deg=202
[M::hk_bmap_gen] generated 5258 beads
[M::hk_bmap_gen] 293090 bin pairs
[M::blind-gpu] prepared pair buffers: n_diploid=5258 n_pairs=298300 n_block_keys=586650 n_steps=100
[I::fdg-gpu] blocklist CSR ready: edges=586650 avg_deg=111.57 max_deg=201
[M::hk_bmap_gen] generated 5258 beads
[M::hk_bmap_gen] 291571 bin pairs
[M::blind-gpu] prepared pair buffers: n_diploid=5258 n_pairs=296782 n_block_keys=583616 n_steps=100
[I::fdg-gpu] blocklist CSR ready: edges=583616 avg_deg=111.00 max_deg=201
[M::hk_bmap_gen] generated 5258 beads
[M::hk_bmap_gen] 290292 bin pairs
[M::blind-gpu] prepared pair buffers: n_diploid=5258 n_pairs=295502 n_block_keys=581058 n_steps=100
[I::fdg-gpu] blocklist CSR ready: edges=581058 avg_deg=110.51 max_deg=201
[M::hk_bmap_gen] generated 5258 beads
[M::hk_bmap_gen] 289154 bin pairs
[M::blind-gpu] prepared pair buffers: n_diploid=5258 n_pairs=294363 n_block_keys=578780 n_steps=100
[I::fdg-gpu] blocklist CSR ready: edges=578780 avg_deg=110.08 max_deg=201
[M::hk_bmap_gen] generated 5258 beads
[M::hk_bmap_gen] 288081 bin pairs
[M::blind-gpu] prepared pair buffers: n_diploid=5258 n_pairs=293291 n_block_keys=576636 n_steps=100
[I::fdg-gpu] blocklist CSR ready: edges=576636 avg_deg=109.67 max_deg=201
[M::hk_bmap_gen] generated 5258 beads
[M::hk_bmap_gen] 287161 bin pairs
[M::blind-gpu] prepared pair buffers: n_diploid=5258 n_pairs=292369 n_block_keys=574790 n_steps=100
[I::fdg-gpu] blocklist CSR ready: edges=574790 avg_deg=109.32 max_deg=200
[M::hk_bmap_gen] generated 5258 beads
[M::hk_bmap_gen] 286363 bin pairs
[M::blind-gpu] prepared pair buffers: n_diploid=5258 n_pairs=291567 n_block_keys=573186 n_steps=100
[I::fdg-gpu] blocklist CSR ready: edges=573186 avg_deg=109.01 max_deg=200
[M::hk_bmap_gen] generated 5258 beads
[M::hk_bmap_gen] 285658 bin pairs
[M::blind-gpu] prepared pair buffers: n_diploid=5258 n_pairs=290863 n_block_keys=571780 n_steps=100
[I::fdg-gpu] blocklist CSR ready: edges=571780 avg_deg=108.74 max_deg=200
[M::hk_bmap_gen] generated 5258 beads
[M::hk_bmap_gen] 285134 bin pairs
[M::blind-gpu] prepared pair buffers: n_diploid=5258 n_pairs=290343 n_block_keys=570736 n_steps=100
[I::fdg-gpu] blocklist CSR ready: edges=570736 avg_deg=108.55 max_deg=200
[M::hk_bmap_gen] generated 5258 beads
[M::hk_bmap_gen] 284659 bin pairs
[M::blind-gpu] prepared pair buffers: n_diploid=5258 n_pairs=289869 n_block_keys=569788 n_steps=100
[I::fdg-gpu] blocklist CSR ready: edges=569788 avg_deg=108.37 max_deg=200
[M::hk_bmap_gen] generated 5258 beads
[M::hk_bmap_gen] 284281 bin pairs
[M::blind-gpu] prepared pair buffers: n_diploid=5258 n_pairs=289490 n_block_keys=569034 n_steps=100
[I::fdg-gpu] blocklist CSR ready: edges=569034 avg_deg=108.22 max_deg=200
[M::hk_bmap_gen] generated 5258 beads
[M::hk_bmap_gen] 283961 bin pairs
[M::blind-gpu] prepared pair buffers: n_diploid=5258 n_pairs=289169 n_block_keys=568390 n_steps=100
[I::fdg-gpu] blocklist CSR ready: edges=568390 avg_deg=108.10 max_deg=200
[M::hk_bmap_gen] generated 5258 beads
[M::hk_bmap_gen] 283646 bin pairs
[M::blind-gpu] prepared pair buffers: n_diploid=5258 n_pairs=288854 n_block_keys=567760 n_steps=100
[I::fdg-gpu] blocklist CSR ready: edges=567760 avg_deg=107.98 max_deg=200
[M::hk_bmap_gen] generated 5258 beads
[M::hk_bmap_gen] 283430 bin pairs
[M::blind-gpu] prepared pair buffers: n_diploid=5258 n_pairs=288638 n_block_keys=567328 n_steps=100
[I::fdg-gpu] blocklist CSR ready: edges=567328 avg_deg=107.90 max_deg=200
[M::hk_bmap_gen] generated 5258 beads
[M::hk_bmap_gen] 283149 bin pairs
[M::blind-gpu] prepared pair buffers: n_diploid=5258 n_pairs=288358 n_block_keys=566768 n_steps=100
[I::fdg-gpu] blocklist CSR ready: edges=566768 avg_deg=107.79 max_deg=200
[M::hk_bmap_gen] generated 5258 beads
[M::hk_bmap_gen] 282877 bin pairs
[M::blind-gpu] prepared pair buffers: n_diploid=5258 n_pairs=288085 n_block_keys=566222 n_steps=100
[I::fdg-gpu] blocklist CSR ready: edges=566222 avg_deg=107.69 max_deg=200
[M::hk_bmap_gen] generated 5258 beads
[M::hk_bmap_gen] 282549 bin pairs
[M::blind-gpu] prepared pair buffers: n_diploid=5258 n_pairs=287758 n_block_keys=565568 n_steps=100
[I::fdg-gpu] blocklist CSR ready: edges=565568 avg_deg=107.56 max_deg=200
[M::hk_bmap_gen] generated 5258 beads
[M::hk_bmap_gen] 282156 bin pairs
[M::blind-gpu] prepared pair buffers: n_diploid=5258 n_pairs=287367 n_block_keys=564786 n_steps=100
[I::fdg-gpu] blocklist CSR ready: edges=564786 avg_deg=107.41 max_deg=200
[M::hk_bmap_gen] generated 5258 beads
[M::hk_bmap_gen] 281786 bin pairs
[M::blind-gpu] prepared pair buffers: n_diploid=5258 n_pairs=286997 n_block_keys=564046 n_steps=100
[I::fdg-gpu] blocklist CSR ready: edges=564046 avg_deg=107.27 max_deg=200
[M::hk_bmap_gen] generated 5258 beads
[M::hk_bmap_gen] 281465 bin pairs
[M::blind-gpu] prepared pair buffers: n_diploid=5258 n_pairs=286677 n_block_keys=563408 n_steps=100
[I::fdg-gpu] blocklist CSR ready: edges=563408 avg_deg=107.15 max_deg=200
[M::hk_bmap_gen] generated 5258 beads
[M::hk_bmap_gen] 281205 bin pairs
[M::blind-gpu] prepared pair buffers: n_diploid=5258 n_pairs=286415 n_block_keys=562880 n_steps=100
[I::fdg-gpu] blocklist CSR ready: edges=562880 avg_deg=107.05 max_deg=200
[M::hk_bmap_gen] generated 5258 beads
[M::hk_bmap_gen] 280965 bin pairs
[M::blind-gpu] prepared pair buffers: n_diploid=5258 n_pairs=286171 n_block_keys=562390 n_steps=100
[I::fdg-gpu] blocklist CSR ready: edges=562390 avg_deg=106.96 max_deg=200
[M::hk_bmap_gen] generated 5258 beads
[M::hk_bmap_gen] 280826 bin pairs
[M::blind-gpu] prepared pair buffers: n_diploid=5258 n_pairs=286028 n_block_keys=562106 n_steps=100
[I::fdg-gpu] blocklist CSR ready: edges=562106 avg_deg=106.90 max_deg=200
[M::hk_bmap_gen] generated 5258 beads
[M::hk_bmap_gen] 280646 bin pairs
[M::blind-gpu] prepared pair buffers: n_diploid=5258 n_pairs=285852 n_block_keys=561756 n_steps=100
[I::fdg-gpu] blocklist CSR ready: edges=561756 avg_deg=106.84 max_deg=200
[M::hk_bmap_gen] generated 5258 beads
[M::hk_bmap_gen] 280471 bin pairs
[M::blind-gpu] prepared pair buffers: n_diploid=5258 n_pairs=285679 n_block_keys=561414 n_steps=100
[I::fdg-gpu] blocklist CSR ready: edges=561414 avg_deg=106.77 max_deg=200
[M::hk_bmap_gen] generated 5258 beads
[M::hk_bmap_gen] 280345 bin pairs
[M::blind-gpu] prepared pair buffers: n_diploid=5258 n_pairs=285546 n_block_keys=561150 n_steps=100
[I::fdg-gpu] blocklist CSR ready: edges=561150 avg_deg=106.72 max_deg=200
[M::hk_bmap_gen] generated 5258 beads
[M::hk_bmap_gen] 280249 bin pairs
[M::blind-gpu] prepared pair buffers: n_diploid=5258 n_pairs=285451 n_block_keys=560958 n_steps=100
[I::fdg-gpu] blocklist CSR ready: edges=560958 avg_deg=106.69 max_deg=200
[M::hk_bmap_gen] generated 5258 beads
[M::hk_bmap_gen] 280164 bin pairs
[M::blind-gpu] prepared pair buffers: n_diploid=5258 n_pairs=285371 n_block_keys=560798 n_steps=100
[I::fdg-gpu] blocklist CSR ready: edges=560798 avg_deg=106.66 max_deg=200
[M::hk_bmap_gen] generated 5258 beads
[M::hk_bmap_gen] 280058 bin pairs
[M::blind-gpu] prepared pair buffers: n_diploid=5258 n_pairs=285266 n_block_keys=560588 n_steps=100
[I::fdg-gpu] blocklist CSR ready: edges=560588 avg_deg=106.62 max_deg=200
[M::hk_bmap_gen] generated 5258 beads
[M::hk_bmap_gen] 280038 bin pairs
[M::blind-gpu] prepared pair buffers: n_diploid=5258 n_pairs=285243 n_block_keys=560546 n_steps=100
[I::fdg-gpu] blocklist CSR ready: edges=560546 avg_deg=106.61 max_deg=200
[M::hk_bmap_gen] generated 5258 beads
[M::hk_bmap_gen] 279955 bin pairs
[M::blind-gpu] prepared pair buffers: n_diploid=5258 n_pairs=285159 n_block_keys=560380 n_steps=100
[I::fdg-gpu] blocklist CSR ready: edges=560380 avg_deg=106.58 max_deg=200
[M::hk_bmap_gen] generated 5258 beads
[M::hk_bmap_gen] 279891 bin pairs
[M::blind-gpu] prepared pair buffers: n_diploid=5258 n_pairs=285098 n_block_keys=560258 n_steps=100
[I::fdg-gpu] blocklist CSR ready: edges=560258 avg_deg=106.55 max_deg=200
[M::hk_bmap_gen] generated 5258 beads
[M::hk_bmap_gen] 279812 bin pairs
[M::blind-gpu] prepared pair buffers: n_diploid=5258 n_pairs=285021 n_block_keys=560104 n_steps=100
[I::fdg-gpu] blocklist CSR ready: edges=560104 avg_deg=106.52 max_deg=200
[M::hk_bmap_gen] generated 5258 beads
[M::hk_bmap_gen] 279805 bin pairs
[M::blind-gpu] prepared pair buffers: n_diploid=5258 n_pairs=285014 n_block_keys=560090 n_steps=100
[I::fdg-gpu] blocklist CSR ready: edges=560090 avg_deg=106.52 max_deg=200
[M::hk_bmap_gen] generated 5258 beads
[M::hk_bmap_gen] 279764 bin pairs
[M::blind-gpu] prepared pair buffers: n_diploid=5258 n_pairs=284973 n_block_keys=560008 n_steps=100
[I::fdg-gpu] blocklist CSR ready: edges=560008 avg_deg=106.51 max_deg=200
[M::hk_bmap_gen] generated 5258 beads
[M::hk_bmap_gen] 279692 bin pairs
[M::blind-gpu] prepared pair buffers: n_diploid=5258 n_pairs=284901 n_block_keys=559864 n_steps=100
[I::fdg-gpu] blocklist CSR ready: edges=559864 avg_deg=106.48 max_deg=200
[M::hk_bmap_gen] generated 5258 beads
[M::hk_bmap_gen] 279632 bin pairs
[M::blind-gpu] prepared pair buffers: n_diploid=5258 n_pairs=284841 n_block_keys=559744 n_steps=100
[I::fdg-gpu] blocklist CSR ready: edges=559744 avg_deg=106.46 max_deg=200
[M::hk_bmap_gen] generated 5258 beads
[M::hk_bmap_gen] 279584 bin pairs
[M::blind-gpu] prepared pair buffers: n_diploid=5258 n_pairs=284790 n_block_keys=559642 n_steps=100
[I::fdg-gpu] blocklist CSR ready: edges=559642 avg_deg=106.44 max_deg=200
[M::hk_bmap_gen] generated 5258 beads
[M::hk_bmap_gen] 279511 bin pairs
[M::blind-gpu] prepared pair buffers: n_diploid=5258 n_pairs=284717 n_block_keys=559496 n_steps=100
[I::fdg-gpu] blocklist CSR ready: edges=559496 avg_deg=106.41 max_deg=200
[M::hk_bmap_gen] generated 5258 beads
[M::hk_bmap_gen] 279475 bin pairs
[M::blind-gpu] prepared pair buffers: n_diploid=5258 n_pairs=284680 n_block_keys=559422 n_steps=100
[I::fdg-gpu] blocklist CSR ready: edges=559422 avg_deg=106.39 max_deg=200
[M::hk_bmap_gen] generated 5258 beads
[M::hk_bmap_gen] 279445 bin pairs
[M::blind-gpu] prepared pair buffers: n_diploid=5258 n_pairs=284654 n_block_keys=559370 n_steps=100
[I::fdg-gpu] blocklist CSR ready: edges=559370 avg_deg=106.38 max_deg=200
[M::hk_bmap_gen] generated 5258 beads
[M::hk_bmap_gen] 279429 bin pairs
[M::blind-gpu] prepared pair buffers: n_diploid=5258 n_pairs=284637 n_block_keys=559338 n_steps=100
[I::fdg-gpu] blocklist CSR ready: edges=559338 avg_deg=106.38 max_deg=200
[M::hk_bmap_gen] generated 5258 beads
[M::hk_bmap_gen] 279396 bin pairs
[M::blind-gpu] prepared pair buffers: n_diploid=5258 n_pairs=284604 n_block_keys=559272 n_steps=100
[I::fdg-gpu] blocklist CSR ready: edges=559272 avg_deg=106.37 max_deg=200
[M::hk_bmap_gen] generated 5258 beads
[M::hk_bmap_gen] 279386 bin pairs
[M::blind-gpu] prepared pair buffers: n_diploid=5258 n_pairs=284597 n_block_keys=559258 n_steps=100
[I::fdg-gpu] blocklist CSR ready: edges=559258 avg_deg=106.36 max_deg=200
[M::hk_bmap_gen] generated 5258 beads
[M::hk_bmap_gen] 279360 bin pairs
[M::blind-gpu] prepared pair buffers: n_diploid=5258 n_pairs=284572 n_block_keys=559208 n_steps=100
[I::fdg-gpu] blocklist CSR ready: edges=559208 avg_deg=106.35 max_deg=200
[M::hk_bmap_gen] generated 5258 beads
[M::hk_bmap_gen] 279338 bin pairs
[M::blind-gpu] prepared pair buffers: n_diploid=5258 n_pairs=284550 n_block_keys=559164 n_steps=100
[I::fdg-gpu] blocklist CSR ready: edges=559164 avg_deg=106.35 max_deg=200
[M::hk_bmap_gen] generated 5258 beads
[M::hk_bmap_gen] 279324 bin pairs
[M::blind-gpu] prepared pair buffers: n_diploid=5258 n_pairs=284536 n_block_keys=559136 n_steps=100
[I::fdg-gpu] blocklist CSR ready: edges=559136 avg_deg=106.34 max_deg=200
[M::hk_bmap_gen] generated 5258 beads
[M::hk_bmap_gen] 279324 bin pairs
[M::blind-gpu] prepared pair buffers: n_diploid=5258 n_pairs=284536 n_block_keys=559136 n_steps=100
[I::fdg-gpu] blocklist CSR ready: edges=559136 avg_deg=106.34 max_deg=200
[M::hk_bmap_gen] generated 5258 beads
[M::hk_bmap_gen] 279284 bin pairs
[M::blind-gpu] prepared pair buffers: n_diploid=5258 n_pairs=284496 n_block_keys=559056 n_steps=100
[I::fdg-gpu] blocklist CSR ready: edges=559056 avg_deg=106.32 max_deg=200
[M::hk_bmap_gen] generated 5258 beads
[M::hk_bmap_gen] 279270 bin pairs
[M::blind-gpu] prepared pair buffers: n_diploid=5258 n_pairs=284478 n_block_keys=559020 n_steps=100
[I::fdg-gpu] blocklist CSR ready: edges=559020 avg_deg=106.32 max_deg=200
[M::hk_bmap_gen] generated 5258 beads
[M::hk_bmap_gen] 279230 bin pairs
[M::blind-gpu] prepared pair buffers: n_diploid=5258 n_pairs=284441 n_block_keys=558946 n_steps=100
[I::fdg-gpu] blocklist CSR ready: edges=558946 avg_deg=106.30 max_deg=200
[M::hk_bmap_gen] generated 5258 beads
[M::hk_bmap_gen] 279167 bin pairs
[M::blind-gpu] prepared pair buffers: n_diploid=5258 n_pairs=284380 n_block_keys=558824 n_steps=100
[I::fdg-gpu] blocklist CSR ready: edges=558824 avg_deg=106.28 max_deg=200
[M::hk_bmap_gen] generated 5258 beads
[M::hk_bmap_gen] 279116 bin pairs
[M::blind-gpu] prepared pair buffers: n_diploid=5258 n_pairs=284329 n_block_keys=558724 n_steps=100
[I::fdg-gpu] blocklist CSR ready: edges=558724 avg_deg=106.26 max_deg=200
[M::hk_bmap_gen] generated 5258 beads
[M::hk_bmap_gen] 279066 bin pairs
[M::blind-gpu] prepared pair buffers: n_diploid=5258 n_pairs=284279 n_block_keys=558624 n_steps=100
[I::fdg-gpu] blocklist CSR ready: edges=558624 avg_deg=106.24 max_deg=200
[M::hk_bmap_gen] generated 5258 beads
[M::hk_bmap_gen] 279011 bin pairs
[M::blind-gpu] prepared pair buffers: n_diploid=5258 n_pairs=284224 n_block_keys=558514 n_steps=100
[I::fdg-gpu] blocklist CSR ready: edges=558514 avg_deg=106.22 max_deg=200
[M::hk_bmap_gen] generated 5258 beads
[M::hk_bmap_gen] 278959 bin pairs
[M::blind-gpu] prepared pair buffers: n_diploid=5258 n_pairs=284170 n_block_keys=558406 n_steps=100
[I::fdg-gpu] blocklist CSR ready: edges=558406 avg_deg=106.20 max_deg=200
[M::hk_bmap_gen] generated 5258 beads
[M::hk_bmap_gen] 278884 bin pairs
[M::blind-gpu] prepared pair buffers: n_diploid=5258 n_pairs=284093 n_block_keys=558252 n_steps=100
[I::fdg-gpu] blocklist CSR ready: edges=558252 avg_deg=106.17 max_deg=200
[M::hk_bmap_gen] generated 5258 beads
[M::hk_bmap_gen] 278874 bin pairs
[M::blind-gpu] prepared pair buffers: n_diploid=5258 n_pairs=284081 n_block_keys=558228 n_steps=100
[I::fdg-gpu] blocklist CSR ready: edges=558228 avg_deg=106.17 max_deg=200
[M::hk_bmap_gen] generated 5258 beads
[M::hk_bmap_gen] 278816 bin pairs
[M::blind-gpu] prepared pair buffers: n_diploid=5258 n_pairs=284023 n_block_keys=558112 n_steps=100
[I::fdg-gpu] blocklist CSR ready: edges=558112 avg_deg=106.15 max_deg=200
[M::hk_bmap_gen] generated 5258 beads
[M::hk_bmap_gen] 278735 bin pairs
[M::blind-gpu] prepared pair buffers: n_diploid=5258 n_pairs=283941 n_block_keys=557948 n_steps=100
[I::fdg-gpu] blocklist CSR ready: edges=557948 avg_deg=106.11 max_deg=200
[M::hk_bmap_gen] generated 5258 beads
[M::hk_bmap_gen] 278672 bin pairs
[M::blind-gpu] prepared pair buffers: n_diploid=5258 n_pairs=283875 n_block_keys=557816 n_steps=100
[I::fdg-gpu] blocklist CSR ready: edges=557816 avg_deg=106.09 max_deg=200
[M::hk_bmap_gen] generated 5258 beads
[M::hk_bmap_gen] 278628 bin pairs
[M::blind-gpu] prepared pair buffers: n_diploid=5258 n_pairs=283830 n_block_keys=557726 n_steps=100
[I::fdg-gpu] blocklist CSR ready: edges=557726 avg_deg=106.07 max_deg=200
[M::hk_bmap_gen] generated 5258 beads
[M::hk_bmap_gen] 278583 bin pairs
[M::blind-gpu] prepared pair buffers: n_diploid=5258 n_pairs=283786 n_block_keys=557638 n_steps=100
[I::fdg-gpu] blocklist CSR ready: edges=557638 avg_deg=106.06 max_deg=200
[M::hk_bmap_gen] generated 5258 beads
[M::hk_bmap_gen] 278523 bin pairs
[M::blind-gpu] prepared pair buffers: n_diploid=5258 n_pairs=283726 n_block_keys=557518 n_steps=100
[I::fdg-gpu] blocklist CSR ready: edges=557518 avg_deg=106.03 max_deg=200
[M::hk_bmap_gen] generated 5258 beads
[M::hk_bmap_gen] 278511 bin pairs
[M::blind-gpu] prepared pair buffers: n_diploid=5258 n_pairs=283714 n_block_keys=557494 n_steps=100
[I::fdg-gpu] blocklist CSR ready: edges=557494 avg_deg=106.03 max_deg=200
[M::hk_bmap_gen] generated 5258 beads
[M::hk_bmap_gen] 278471 bin pairs
[M::blind-gpu] prepared pair buffers: n_diploid=5258 n_pairs=283675 n_block_keys=557416 n_steps=100
[I::fdg-gpu] blocklist CSR ready: edges=557416 avg_deg=106.01 max_deg=200
[M::hk_bmap_gen] generated 5258 beads
[M::hk_bmap_gen] 278434 bin pairs
[M::blind-gpu] prepared pair buffers: n_diploid=5258 n_pairs=283639 n_block_keys=557344 n_steps=100
[I::fdg-gpu] blocklist CSR ready: edges=557344 avg_deg=106.00 max_deg=200
[M::hk_bmap_gen] generated 5258 beads
[M::hk_bmap_gen] 278373 bin pairs
[M::blind-gpu] prepared pair buffers: n_diploid=5258 n_pairs=283578 n_block_keys=557224 n_steps=100
[I::fdg-gpu] blocklist CSR ready: edges=557224 avg_deg=105.98 max_deg=200
[M::hk_bmap_gen] generated 5258 beads
[M::hk_bmap_gen] 278318 bin pairs
[M::blind-gpu] prepared pair buffers: n_diploid=5258 n_pairs=283522 n_block_keys=557112 n_steps=100
[I::fdg-gpu] blocklist CSR ready: edges=557112 avg_deg=105.96 max_deg=200
[M::hk_bmap_gen] generated 5258 beads
[M::hk_bmap_gen] 278276 bin pairs
[M::blind-gpu] prepared pair buffers: n_diploid=5258 n_pairs=283480 n_block_keys=557028 n_steps=100
[I::fdg-gpu] blocklist CSR ready: edges=557028 avg_deg=105.94 max_deg=200
[M::hk_bmap_gen] generated 5258 beads
[M::hk_bmap_gen] 278222 bin pairs
[M::blind-gpu] prepared pair buffers: n_diploid=5258 n_pairs=283428 n_block_keys=556924 n_steps=100
[I::fdg-gpu] blocklist CSR ready: edges=556924 avg_deg=105.92 max_deg=200
[M::hk_bmap_gen] generated 5258 beads
[M::hk_bmap_gen] 278168 bin pairs
[M::blind-gpu] prepared pair buffers: n_diploid=5258 n_pairs=283374 n_block_keys=556816 n_steps=100
[I::fdg-gpu] blocklist CSR ready: edges=556816 avg_deg=105.90 max_deg=200
[M::hk_bmap_gen] generated 5258 beads
[M::hk_bmap_gen] 278091 bin pairs
[M::blind-gpu] prepared pair buffers: n_diploid=5258 n_pairs=283297 n_block_keys=556662 n_steps=100
[I::fdg-gpu] blocklist CSR ready: edges=556662 avg_deg=105.87 max_deg=200
[M::hk_bmap_gen] generated 5258 beads
[M::hk_bmap_gen] 277989 bin pairs
[M::blind-gpu] prepared pair buffers: n_diploid=5258 n_pairs=283195 n_block_keys=556458 n_steps=100
[I::fdg-gpu] blocklist CSR ready: edges=556458 avg_deg=105.83 max_deg=200
[M::hk_bmap_gen] generated 5258 beads
[M::hk_bmap_gen] 277922 bin pairs
[M::blind-gpu] prepared pair buffers: n_diploid=5258 n_pairs=283128 n_block_keys=556324 n_steps=100
[I::fdg-gpu] blocklist CSR ready: edges=556324 avg_deg=105.81 max_deg=200
[M::hk_bmap_gen] generated 5258 beads
[M::hk_bmap_gen] 277874 bin pairs
[M::blind-gpu] prepared pair buffers: n_diploid=5258 n_pairs=283080 n_block_keys=556228 n_steps=100
[I::fdg-gpu] blocklist CSR ready: edges=556228 avg_deg=105.79 max_deg=200
[M::hk_bmap_gen] generated 5258 beads
[M::hk_bmap_gen] 277823 bin pairs
[M::blind-gpu] prepared pair buffers: n_diploid=5258 n_pairs=283024 n_block_keys=556116 n_steps=100
[I::fdg-gpu] blocklist CSR ready: edges=556116 avg_deg=105.77 max_deg=200
[M::hk_bmap_gen] generated 5258 beads
[M::hk_bmap_gen] 277781 bin pairs
[M::blind-gpu] prepared pair buffers: n_diploid=5258 n_pairs=282984 n_block_keys=556036 n_steps=100
[I::fdg-gpu] blocklist CSR ready: edges=556036 avg_deg=105.75 max_deg=200
[M::hk_bmap_gen] generated 5258 beads
[M::hk_bmap_gen] 277685 bin pairs
[M::blind-gpu] prepared pair buffers: n_diploid=5258 n_pairs=282889 n_block_keys=555848 n_steps=100
[I::fdg-gpu] blocklist CSR ready: edges=555848 avg_deg=105.71 max_deg=200
[M::hk_bmap_gen] generated 5258 beads
[M::hk_bmap_gen] 277640 bin pairs
[M::blind-gpu] prepared pair buffers: n_diploid=5258 n_pairs=282849 n_block_keys=555768 n_steps=100
[I::fdg-gpu] blocklist CSR ready: edges=555768 avg_deg=105.70 max_deg=200
[M::hk_bmap_gen] generated 5258 beads
[M::hk_bmap_gen] 277622 bin pairs
[M::blind-gpu] prepared pair buffers: n_diploid=5258 n_pairs=282831 n_block_keys=555732 n_steps=100
[I::fdg-gpu] blocklist CSR ready: edges=555732 avg_deg=105.69 max_deg=200
[M::hk_bmap_gen] generated 5258 beads
[M::hk_bmap_gen] 277604 bin pairs
[M::blind-gpu] prepared pair buffers: n_diploid=5258 n_pairs=282814 n_block_keys=555698 n_steps=100
[I::fdg-gpu] blocklist CSR ready: edges=555698 avg_deg=105.69 max_deg=200
[M::hk_bmap_gen] generated 5258 beads
[M::hk_bmap_gen] 277562 bin pairs
[M::blind-gpu] prepared pair buffers: n_diploid=5258 n_pairs=282771 n_block_keys=555612 n_steps=100
[I::fdg-gpu] blocklist CSR ready: edges=555612 avg_deg=105.67 max_deg=200
[M::hk_bmap_gen] generated 5258 beads
[M::hk_bmap_gen] 277536 bin pairs
[M::blind-gpu] prepared pair buffers: n_diploid=5258 n_pairs=282746 n_block_keys=555562 n_steps=100
[I::fdg-gpu] blocklist CSR ready: edges=555562 avg_deg=105.66 max_deg=200
[M::hk_bmap_gen] generated 5258 beads
[M::hk_bmap_gen] 277507 bin pairs
[M::blind-gpu] prepared pair buffers: n_diploid=5258 n_pairs=282716 n_block_keys=555502 n_steps=100
[I::fdg-gpu] blocklist CSR ready: edges=555502 avg_deg=105.65 max_deg=200
[M::hk_bmap_gen] generated 5258 beads
[M::hk_bmap_gen] 277471 bin pairs
[M::blind-gpu] prepared pair buffers: n_diploid=5258 n_pairs=282677 n_block_keys=555424 n_steps=100
[I::fdg-gpu] blocklist CSR ready: edges=555424 avg_deg=105.63 max_deg=200
[M::hk_bmap_gen] generated 5258 beads
[M::hk_bmap_gen] 277446 bin pairs
[M::blind-gpu] prepared pair buffers: n_diploid=5258 n_pairs=282649 n_block_keys=555368 n_steps=100
[I::fdg-gpu] blocklist CSR ready: edges=555368 avg_deg=105.62 max_deg=200
[M::hk_bmap_gen] generated 5258 beads
[M::hk_bmap_gen] 277421 bin pairs
[M::blind-gpu] prepared pair buffers: n_diploid=5258 n_pairs=282624 n_block_keys=555318 n_steps=100
[I::fdg-gpu] blocklist CSR ready: edges=555318 avg_deg=105.61 max_deg=200
[M::hk_bmap_gen] generated 5258 beads
[M::hk_bmap_gen] 277368 bin pairs
[M::blind-gpu] prepared pair buffers: n_diploid=5258 n_pairs=282569 n_block_keys=555208 n_steps=100
[I::fdg-gpu] blocklist CSR ready: edges=555208 avg_deg=105.59 max_deg=200
[M::hk_bmap_gen] generated 5258 beads
[M::hk_bmap_gen] 277343 bin pairs
[M::blind-gpu] prepared pair buffers: n_diploid=5258 n_pairs=282542 n_block_keys=555154 n_steps=100
[I::fdg-gpu] blocklist CSR ready: edges=555154 avg_deg=105.58 max_deg=200
[M::hk_bmap_gen] generated 5258 beads
[M::hk_bmap_gen] 277306 bin pairs
[M::blind-gpu] prepared pair buffers: n_diploid=5258 n_pairs=282506 n_block_keys=555082 n_steps=100
[I::fdg-gpu] blocklist CSR ready: edges=555082 avg_deg=105.57 max_deg=200
[M::hk_bmap_gen] generated 5258 beads
[M::hk_bmap_gen] 277293 bin pairs
[M::blind-gpu] prepared pair buffers: n_diploid=5258 n_pairs=282494 n_block_keys=555058 n_steps=100
[I::fdg-gpu] blocklist CSR ready: edges=555058 avg_deg=105.56 max_deg=200
[M::hk_bmap_gen] generated 5258 beads
[M::hk_bmap_gen] 277278 bin pairs
[M::blind-gpu] prepared pair buffers: n_diploid=5258 n_pairs=282478 n_block_keys=555026 n_steps=100
[I::fdg-gpu] blocklist CSR ready: edges=555026 avg_deg=105.56 max_deg=200
[M::hk_bmap_gen] generated 5258 beads
[M::hk_bmap_gen] 277237 bin pairs
[M::blind-gpu] prepared pair buffers: n_diploid=5258 n_pairs=282436 n_block_keys=554942 n_steps=100
[I::fdg-gpu] blocklist CSR ready: edges=554942 avg_deg=105.54 max_deg=200
[M::hk_bmap_gen] generated 5258 beads
[M::hk_bmap_gen] 277190 bin pairs
[M::blind-gpu] prepared pair buffers: n_diploid=5258 n_pairs=282389 n_block_keys=554850 n_steps=100
[I::fdg-gpu] blocklist CSR ready: edges=554850 avg_deg=105.52 max_deg=200
minimal P9016[1m]: write outputs to /mnt/ssd/zliu/phase3/test_res/016-20260618_150851-p9016_charm_contacts_condition_sweep_1m/work_outputs/2pr/p9016_charm3dg20k_2pr_pcgamma0_sep_off_ieps0p5_noise0/p9016_charm3dg20k_2pr_pcgamma0_sep_off_ieps0p5_noise0
[M::hk_bmap_gen] generated 5258 beads
[M::hk_bmap_gen] 277186 bin pairs
minimal P9016[1m]: status=OK final_entropy=1.2226261 final_pU=0.88193834
minimal P9016: summary /mnt/ssd/zliu/phase3/test_res/016-20260618_150851-p9016_charm_contacts_condition_sweep_1m/work_outputs/2pr/p9016_charm3dg20k_2pr_pcgamma0_sep_off_ieps0p5_noise0/matrix_summary.tsv
