minimal P9016: input=/mnt/ssd/zliu/phase3/test_res/016-20260618_150851-p9016_charm_contacts_condition_sweep_1m/synthetic_pairs/p9016_charm3dg20k_2pr_contacts.pairs.gz output_root=/mnt/ssd/zliu/phase3/test_res/016-20260618_150851-p9016_charm_contacts_condition_sweep_1m/work_outputs/2pr/p9016_charm3dg20k_2pr_pcgamma0p5_msep1_lsep1_ieps0p5_noise0 config=p9016_charm3dg20k_2pr_pcgamma0p5_msep1_lsep1_ieps0p5_noise0 baseline=softall n_iter=100 relax_steps=100 relax_step=0.012 chain=0 init_mode=unphased_scaffold_split init_eps=0.5 init_noise=0 init_scale=10 init_seed=17 min_sep=1 lambda_sep=1 d_scale_mode=posterior_count d_scale_input=posterior_count d_scale_formula=n_raw*posterior_prob^0.5 d_scale_gamma=0.5 d_scale_eps=1e-06 relax_backend=gpu
minimal P9016: stage 1/1 name=1m bin_size_bp=1000000 parent=0
[M::hk_map_read] read 1265114 pairs
[M::hk_bmap_gen] generated 2629 beads
[M::hk_bmap_gen] 86507 bin pairs
minimal P9016[1m]: build binned contacts
minimal P9016[1m]: init mode=unphased_scaffold_split seed=17 scale=10
[M::hk_fdg] mid_dist:1000000 max_nei:2113
[M::hk_fdg1_cpu] iter:10 elapsed:0.13s rep_coef:0.2092 RMS_force:72.7566 n_rep:47.4264 energy:30.4455,12.2182,0.0044 dist:6.2058,11.4957,1.4803
[M::hk_fdg1_cpu] iter:20 elapsed:0.41s rep_coef:0.6615 RMS_force:59.1740 n_rep:171.8923 energy:7.7786,6.7845,0.0148 dist:3.4154,7.2154,1.4629
[M::hk_fdg1_cpu] iter:30 elapsed:1.13s rep_coef:0.9352 RMS_force:41.2076 n_rep:422.1031 energy:1.5712,3.2326,0.0237 dist:1.9826,4.3717,1.4185
[M::hk_fdg1_cpu] iter:40 elapsed:1.68s rep_coef:0.9907 RMS_force:31.7401 n_rep:101.1096 energy:0.3011,1.4410,0.0253 dist:1.1510,3.1542,1.4251
[M::hk_fdg1_cpu] iter:50 elapsed:2.11s rep_coef:0.9987 RMS_force:18.7176 n_rep:228.0190 energy:0.0859,0.5543,0.0220 dist:0.7443,2.0938,1.4739
minimal P9016[1m]: run softall, n_iter=100 relax_steps=100 relax_step=0.012 relax_backend=gpu
[M::hk_bmap_gen] generated 5258 beads
[M::hk_bmap_gen] 298644 bin pairs
[M::blind-gpu] prepared pair buffers: n_diploid=5258 n_pairs=303856 n_block_keys=597756 n_steps=100
[I::fdg-gpu] blocklist CSR ready: edges=597756 avg_deg=113.69 max_deg=202
[M::hk_bmap_gen] generated 5258 beads
[M::hk_bmap_gen] 296088 bin pairs
[M::blind-gpu] prepared pair buffers: n_diploid=5258 n_pairs=301299 n_block_keys=592642 n_steps=100
[I::fdg-gpu] blocklist CSR ready: edges=592642 avg_deg=112.71 max_deg=201
[M::hk_bmap_gen] generated 5258 beads
[M::hk_bmap_gen] 289579 bin pairs
[M::blind-gpu] prepared pair buffers: n_diploid=5258 n_pairs=294787 n_block_keys=579618 n_steps=100
[I::fdg-gpu] blocklist CSR ready: edges=579618 avg_deg=110.24 max_deg=201
[M::hk_bmap_gen] generated 5258 beads
[M::hk_bmap_gen] 282962 bin pairs
[M::blind-gpu] prepared pair buffers: n_diploid=5258 n_pairs=288170 n_block_keys=566392 n_steps=100
[I::fdg-gpu] blocklist CSR ready: edges=566392 avg_deg=107.72 max_deg=200
[M::hk_bmap_gen] generated 5258 beads
[M::hk_bmap_gen] 277595 bin pairs
[M::blind-gpu] prepared pair buffers: n_diploid=5258 n_pairs=282798 n_block_keys=555646 n_steps=100
[I::fdg-gpu] blocklist CSR ready: edges=555646 avg_deg=105.68 max_deg=200
[M::hk_bmap_gen] generated 5258 beads
[M::hk_bmap_gen] 273275 bin pairs
[M::blind-gpu] prepared pair buffers: n_diploid=5258 n_pairs=278485 n_block_keys=547020 n_steps=100
[I::fdg-gpu] blocklist CSR ready: edges=547020 avg_deg=104.04 max_deg=200
[M::hk_bmap_gen] generated 5258 beads
[M::hk_bmap_gen] 269863 bin pairs
[M::blind-gpu] prepared pair buffers: n_diploid=5258 n_pairs=275070 n_block_keys=540196 n_steps=100
[I::fdg-gpu] blocklist CSR ready: edges=540196 avg_deg=102.74 max_deg=200
[M::hk_bmap_gen] generated 5258 beads
[M::hk_bmap_gen] 266957 bin pairs
[M::blind-gpu] prepared pair buffers: n_diploid=5258 n_pairs=272163 n_block_keys=534378 n_steps=100
[I::fdg-gpu] blocklist CSR ready: edges=534378 avg_deg=101.63 max_deg=200
[M::hk_bmap_gen] generated 5258 beads
[M::hk_bmap_gen] 264569 bin pairs
[M::blind-gpu] prepared pair buffers: n_diploid=5258 n_pairs=269772 n_block_keys=529600 n_steps=100
[I::fdg-gpu] blocklist CSR ready: edges=529600 avg_deg=100.72 max_deg=196
[M::hk_bmap_gen] generated 5258 beads
[M::hk_bmap_gen] 262682 bin pairs
[M::blind-gpu] prepared pair buffers: n_diploid=5258 n_pairs=267887 n_block_keys=525830 n_steps=100
[I::fdg-gpu] blocklist CSR ready: edges=525830 avg_deg=100.01 max_deg=196
[M::hk_bmap_gen] generated 5258 beads
[M::hk_bmap_gen] 261088 bin pairs
[M::blind-gpu] prepared pair buffers: n_diploid=5258 n_pairs=266292 n_block_keys=522650 n_steps=100
[I::fdg-gpu] blocklist CSR ready: edges=522650 avg_deg=99.40 max_deg=196
[M::hk_bmap_gen] generated 5258 beads
[M::hk_bmap_gen] 259640 bin pairs
[M::blind-gpu] prepared pair buffers: n_diploid=5258 n_pairs=264843 n_block_keys=519750 n_steps=100
[I::fdg-gpu] blocklist CSR ready: edges=519750 avg_deg=98.85 max_deg=195
[M::hk_bmap_gen] generated 5258 beads
[M::hk_bmap_gen] 258405 bin pairs
[M::blind-gpu] prepared pair buffers: n_diploid=5258 n_pairs=263607 n_block_keys=517278 n_steps=100
[I::fdg-gpu] blocklist CSR ready: edges=517278 avg_deg=98.38 max_deg=194
[M::hk_bmap_gen] generated 5258 beads
[M::hk_bmap_gen] 257271 bin pairs
[M::blind-gpu] prepared pair buffers: n_diploid=5258 n_pairs=262461 n_block_keys=514994 n_steps=100
[I::fdg-gpu] blocklist CSR ready: edges=514994 avg_deg=97.94 max_deg=194
[M::hk_bmap_gen] generated 5258 beads
[M::hk_bmap_gen] 256368 bin pairs
[M::blind-gpu] prepared pair buffers: n_diploid=5258 n_pairs=261563 n_block_keys=513198 n_steps=100
[I::fdg-gpu] blocklist CSR ready: edges=513198 avg_deg=97.60 max_deg=193
[M::hk_bmap_gen] generated 5258 beads
[M::hk_bmap_gen] 255614 bin pairs
[M::blind-gpu] prepared pair buffers: n_diploid=5258 n_pairs=260809 n_block_keys=511694 n_steps=100
[I::fdg-gpu] blocklist CSR ready: edges=511694 avg_deg=97.32 max_deg=193
[M::hk_bmap_gen] generated 5258 beads
[M::hk_bmap_gen] 254831 bin pairs
[M::blind-gpu] prepared pair buffers: n_diploid=5258 n_pairs=260032 n_block_keys=510136 n_steps=100
[I::fdg-gpu] blocklist CSR ready: edges=510136 avg_deg=97.02 max_deg=193
[M::hk_bmap_gen] generated 5258 beads
[M::hk_bmap_gen] 254205 bin pairs
[M::blind-gpu] prepared pair buffers: n_diploid=5258 n_pairs=259403 n_block_keys=508886 n_steps=100
[I::fdg-gpu] blocklist CSR ready: edges=508886 avg_deg=96.78 max_deg=193
[M::hk_bmap_gen] generated 5258 beads
[M::hk_bmap_gen] 253665 bin pairs
[M::blind-gpu] prepared pair buffers: n_diploid=5258 n_pairs=258852 n_block_keys=507784 n_steps=100
[I::fdg-gpu] blocklist CSR ready: edges=507784 avg_deg=96.57 max_deg=193
[M::hk_bmap_gen] generated 5258 beads
[M::hk_bmap_gen] 253115 bin pairs
[M::blind-gpu] prepared pair buffers: n_diploid=5258 n_pairs=258314 n_block_keys=506710 n_steps=100
[I::fdg-gpu] blocklist CSR ready: edges=506710 avg_deg=96.37 max_deg=193
[M::hk_bmap_gen] generated 5258 beads
[M::hk_bmap_gen] 252631 bin pairs
[M::blind-gpu] prepared pair buffers: n_diploid=5258 n_pairs=257829 n_block_keys=505738 n_steps=100
[I::fdg-gpu] blocklist CSR ready: edges=505738 avg_deg=96.18 max_deg=192
[M::hk_bmap_gen] generated 5258 beads
[M::hk_bmap_gen] 252161 bin pairs
[M::blind-gpu] prepared pair buffers: n_diploid=5258 n_pairs=257365 n_block_keys=504812 n_steps=100
[I::fdg-gpu] blocklist CSR ready: edges=504812 avg_deg=96.01 max_deg=192
[M::hk_bmap_gen] generated 5258 beads
[M::hk_bmap_gen] 251812 bin pairs
[M::blind-gpu] prepared pair buffers: n_diploid=5258 n_pairs=257018 n_block_keys=504114 n_steps=100
[I::fdg-gpu] blocklist CSR ready: edges=504114 avg_deg=95.88 max_deg=192
[M::hk_bmap_gen] generated 5258 beads
[M::hk_bmap_gen] 251498 bin pairs
[M::blind-gpu] prepared pair buffers: n_diploid=5258 n_pairs=256705 n_block_keys=503488 n_steps=100
[I::fdg-gpu] blocklist CSR ready: edges=503488 avg_deg=95.76 max_deg=193
[M::hk_bmap_gen] generated 5258 beads
[M::hk_bmap_gen] 251195 bin pairs
[M::blind-gpu] prepared pair buffers: n_diploid=5258 n_pairs=256402 n_block_keys=502882 n_steps=100
[I::fdg-gpu] blocklist CSR ready: edges=502882 avg_deg=95.64 max_deg=193
[M::hk_bmap_gen] generated 5258 beads
[M::hk_bmap_gen] 250933 bin pairs
[M::blind-gpu] prepared pair buffers: n_diploid=5258 n_pairs=256142 n_block_keys=502362 n_steps=100
[I::fdg-gpu] blocklist CSR ready: edges=502362 avg_deg=95.54 max_deg=193
[M::hk_bmap_gen] generated 5258 beads
[M::hk_bmap_gen] 250666 bin pairs
[M::blind-gpu] prepared pair buffers: n_diploid=5258 n_pairs=255874 n_block_keys=501826 n_steps=100
[I::fdg-gpu] blocklist CSR ready: edges=501826 avg_deg=95.44 max_deg=193
[M::hk_bmap_gen] generated 5258 beads
[M::hk_bmap_gen] 250440 bin pairs
[M::blind-gpu] prepared pair buffers: n_diploid=5258 n_pairs=255647 n_block_keys=501372 n_steps=100
[I::fdg-gpu] blocklist CSR ready: edges=501372 avg_deg=95.35 max_deg=193
[M::hk_bmap_gen] generated 5258 beads
[M::hk_bmap_gen] 250177 bin pairs
[M::blind-gpu] prepared pair buffers: n_diploid=5258 n_pairs=255378 n_block_keys=500836 n_steps=100
[I::fdg-gpu] blocklist CSR ready: edges=500836 avg_deg=95.25 max_deg=193
[M::hk_bmap_gen] generated 5258 beads
[M::hk_bmap_gen] 249997 bin pairs
[M::blind-gpu] prepared pair buffers: n_diploid=5258 n_pairs=255203 n_block_keys=500488 n_steps=100
[I::fdg-gpu] blocklist CSR ready: edges=500488 avg_deg=95.19 max_deg=193
[M::hk_bmap_gen] generated 5258 beads
[M::hk_bmap_gen] 249847 bin pairs
[M::blind-gpu] prepared pair buffers: n_diploid=5258 n_pairs=255050 n_block_keys=500178 n_steps=100
[I::fdg-gpu] blocklist CSR ready: edges=500178 avg_deg=95.13 max_deg=193
[M::hk_bmap_gen] generated 5258 beads
[M::hk_bmap_gen] 249707 bin pairs
[M::blind-gpu] prepared pair buffers: n_diploid=5258 n_pairs=254914 n_block_keys=499908 n_steps=100
[I::fdg-gpu] blocklist CSR ready: edges=499908 avg_deg=95.08 max_deg=193
[M::hk_bmap_gen] generated 5258 beads
[M::hk_bmap_gen] 249596 bin pairs
[M::blind-gpu] prepared pair buffers: n_diploid=5258 n_pairs=254804 n_block_keys=499688 n_steps=100
[I::fdg-gpu] blocklist CSR ready: edges=499688 avg_deg=95.03 max_deg=193
[M::hk_bmap_gen] generated 5258 beads
[M::hk_bmap_gen] 249472 bin pairs
[M::blind-gpu] prepared pair buffers: n_diploid=5258 n_pairs=254680 n_block_keys=499440 n_steps=100
[I::fdg-gpu] blocklist CSR ready: edges=499440 avg_deg=94.99 max_deg=193
[M::hk_bmap_gen] generated 5258 beads
[M::hk_bmap_gen] 249321 bin pairs
[M::blind-gpu] prepared pair buffers: n_diploid=5258 n_pairs=254529 n_block_keys=499140 n_steps=100
[I::fdg-gpu] blocklist CSR ready: edges=499140 avg_deg=94.93 max_deg=193
[M::hk_bmap_gen] generated 5258 beads
[M::hk_bmap_gen] 249195 bin pairs
[M::blind-gpu] prepared pair buffers: n_diploid=5258 n_pairs=254401 n_block_keys=498884 n_steps=100
[I::fdg-gpu] blocklist CSR ready: edges=498884 avg_deg=94.88 max_deg=193
[M::hk_bmap_gen] generated 5258 beads
[M::hk_bmap_gen] 249111 bin pairs
[M::blind-gpu] prepared pair buffers: n_diploid=5258 n_pairs=254314 n_block_keys=498710 n_steps=100
[I::fdg-gpu] blocklist CSR ready: edges=498710 avg_deg=94.85 max_deg=193
[M::hk_bmap_gen] generated 5258 beads
[M::hk_bmap_gen] 249016 bin pairs
[M::blind-gpu] prepared pair buffers: n_diploid=5258 n_pairs=254228 n_block_keys=498540 n_steps=100
[I::fdg-gpu] blocklist CSR ready: edges=498540 avg_deg=94.82 max_deg=193
[M::hk_bmap_gen] generated 5258 beads
[M::hk_bmap_gen] 248840 bin pairs
[M::blind-gpu] prepared pair buffers: n_diploid=5258 n_pairs=254050 n_block_keys=498182 n_steps=100
[I::fdg-gpu] blocklist CSR ready: edges=498182 avg_deg=94.75 max_deg=193
[M::hk_bmap_gen] generated 5258 beads
[M::hk_bmap_gen] 248677 bin pairs
[M::blind-gpu] prepared pair buffers: n_diploid=5258 n_pairs=253885 n_block_keys=497854 n_steps=100
[I::fdg-gpu] blocklist CSR ready: edges=497854 avg_deg=94.69 max_deg=193
[M::hk_bmap_gen] generated 5258 beads
[M::hk_bmap_gen] 248532 bin pairs
[M::blind-gpu] prepared pair buffers: n_diploid=5258 n_pairs=253741 n_block_keys=497566 n_steps=100
[I::fdg-gpu] blocklist CSR ready: edges=497566 avg_deg=94.63 max_deg=193
[M::hk_bmap_gen] generated 5258 beads
[M::hk_bmap_gen] 248354 bin pairs
[M::blind-gpu] prepared pair buffers: n_diploid=5258 n_pairs=253562 n_block_keys=497204 n_steps=100
[I::fdg-gpu] blocklist CSR ready: edges=497204 avg_deg=94.56 max_deg=193
[M::hk_bmap_gen] generated 5258 beads
[M::hk_bmap_gen] 248195 bin pairs
[M::blind-gpu] prepared pair buffers: n_diploid=5258 n_pairs=253401 n_block_keys=496884 n_steps=100
[I::fdg-gpu] blocklist CSR ready: edges=496884 avg_deg=94.50 max_deg=193
[M::hk_bmap_gen] generated 5258 beads
[M::hk_bmap_gen] 248037 bin pairs
[M::blind-gpu] prepared pair buffers: n_diploid=5258 n_pairs=253248 n_block_keys=496578 n_steps=100
[I::fdg-gpu] blocklist CSR ready: edges=496578 avg_deg=94.44 max_deg=193
[M::hk_bmap_gen] generated 5258 beads
[M::hk_bmap_gen] 247980 bin pairs
[M::blind-gpu] prepared pair buffers: n_diploid=5258 n_pairs=253189 n_block_keys=496458 n_steps=100
[I::fdg-gpu] blocklist CSR ready: edges=496458 avg_deg=94.42 max_deg=192
[M::hk_bmap_gen] generated 5258 beads
[M::hk_bmap_gen] 247897 bin pairs
[M::blind-gpu] prepared pair buffers: n_diploid=5258 n_pairs=253102 n_block_keys=496284 n_steps=100
[I::fdg-gpu] blocklist CSR ready: edges=496284 avg_deg=94.39 max_deg=192
[M::hk_bmap_gen] generated 5258 beads
[M::hk_bmap_gen] 247775 bin pairs
[M::blind-gpu] prepared pair buffers: n_diploid=5258 n_pairs=252976 n_block_keys=496038 n_steps=100
[I::fdg-gpu] blocklist CSR ready: edges=496038 avg_deg=94.34 max_deg=191
[M::hk_bmap_gen] generated 5258 beads
[M::hk_bmap_gen] 247663 bin pairs
[M::blind-gpu] prepared pair buffers: n_diploid=5258 n_pairs=252870 n_block_keys=495826 n_steps=100
[I::fdg-gpu] blocklist CSR ready: edges=495826 avg_deg=94.30 max_deg=191
[M::hk_bmap_gen] generated 5258 beads
[M::hk_bmap_gen] 247547 bin pairs
[M::blind-gpu] prepared pair buffers: n_diploid=5258 n_pairs=252754 n_block_keys=495592 n_steps=100
[I::fdg-gpu] blocklist CSR ready: edges=495592 avg_deg=94.25 max_deg=191
[M::hk_bmap_gen] generated 5258 beads
[M::hk_bmap_gen] 247417 bin pairs
[M::blind-gpu] prepared pair buffers: n_diploid=5258 n_pairs=252625 n_block_keys=495332 n_steps=100
[I::fdg-gpu] blocklist CSR ready: edges=495332 avg_deg=94.21 max_deg=191
[M::hk_bmap_gen] generated 5258 beads
[M::hk_bmap_gen] 247312 bin pairs
[M::blind-gpu] prepared pair buffers: n_diploid=5258 n_pairs=252517 n_block_keys=495120 n_steps=100
[I::fdg-gpu] blocklist CSR ready: edges=495120 avg_deg=94.17 max_deg=191
[M::hk_bmap_gen] generated 5258 beads
[M::hk_bmap_gen] 247239 bin pairs
[M::blind-gpu] prepared pair buffers: n_diploid=5258 n_pairs=252445 n_block_keys=494976 n_steps=100
[I::fdg-gpu] blocklist CSR ready: edges=494976 avg_deg=94.14 max_deg=190
[M::hk_bmap_gen] generated 5258 beads
[M::hk_bmap_gen] 247129 bin pairs
[M::blind-gpu] prepared pair buffers: n_diploid=5258 n_pairs=252336 n_block_keys=494760 n_steps=100
[I::fdg-gpu] blocklist CSR ready: edges=494760 avg_deg=94.10 max_deg=190
[M::hk_bmap_gen] generated 5258 beads
[M::hk_bmap_gen] 247062 bin pairs
[M::blind-gpu] prepared pair buffers: n_diploid=5258 n_pairs=252270 n_block_keys=494628 n_steps=100
[I::fdg-gpu] blocklist CSR ready: edges=494628 avg_deg=94.07 max_deg=190
[M::hk_bmap_gen] generated 5258 beads
[M::hk_bmap_gen] 247022 bin pairs
[M::blind-gpu] prepared pair buffers: n_diploid=5258 n_pairs=252225 n_block_keys=494536 n_steps=100
[I::fdg-gpu] blocklist CSR ready: edges=494536 avg_deg=94.05 max_deg=190
[M::hk_bmap_gen] generated 5258 beads
[M::hk_bmap_gen] 246945 bin pairs
[M::blind-gpu] prepared pair buffers: n_diploid=5258 n_pairs=252150 n_block_keys=494390 n_steps=100
[I::fdg-gpu] blocklist CSR ready: edges=494390 avg_deg=94.03 max_deg=190
[M::hk_bmap_gen] generated 5258 beads
[M::hk_bmap_gen] 246862 bin pairs
[M::blind-gpu] prepared pair buffers: n_diploid=5258 n_pairs=252066 n_block_keys=494224 n_steps=100
[I::fdg-gpu] blocklist CSR ready: edges=494224 avg_deg=93.99 max_deg=191
[M::hk_bmap_gen] generated 5258 beads
[M::hk_bmap_gen] 246703 bin pairs
[M::blind-gpu] prepared pair buffers: n_diploid=5258 n_pairs=251907 n_block_keys=493906 n_steps=100
[I::fdg-gpu] blocklist CSR ready: edges=493906 avg_deg=93.93 max_deg=191
[M::hk_bmap_gen] generated 5258 beads
[M::hk_bmap_gen] 246543 bin pairs
[M::blind-gpu] prepared pair buffers: n_diploid=5258 n_pairs=251748 n_block_keys=493588 n_steps=100
[I::fdg-gpu] blocklist CSR ready: edges=493588 avg_deg=93.87 max_deg=191
[M::hk_bmap_gen] generated 5258 beads
[M::hk_bmap_gen] 246387 bin pairs
[M::blind-gpu] prepared pair buffers: n_diploid=5258 n_pairs=251593 n_block_keys=493276 n_steps=100
[I::fdg-gpu] blocklist CSR ready: edges=493276 avg_deg=93.81 max_deg=191
[M::hk_bmap_gen] generated 5258 beads
[M::hk_bmap_gen] 246234 bin pairs
[M::blind-gpu] prepared pair buffers: n_diploid=5258 n_pairs=251442 n_block_keys=492972 n_steps=100
[I::fdg-gpu] blocklist CSR ready: edges=492972 avg_deg=93.76 max_deg=191
[M::hk_bmap_gen] generated 5258 beads
[M::hk_bmap_gen] 246141 bin pairs
[M::blind-gpu] prepared pair buffers: n_diploid=5258 n_pairs=251348 n_block_keys=492784 n_steps=100
[I::fdg-gpu] blocklist CSR ready: edges=492784 avg_deg=93.72 max_deg=191
[M::hk_bmap_gen] generated 5258 beads
[M::hk_bmap_gen] 246059 bin pairs
[M::blind-gpu] prepared pair buffers: n_diploid=5258 n_pairs=251267 n_block_keys=492622 n_steps=100
[I::fdg-gpu] blocklist CSR ready: edges=492622 avg_deg=93.69 max_deg=191
[M::hk_bmap_gen] generated 5258 beads
[M::hk_bmap_gen] 245988 bin pairs
[M::blind-gpu] prepared pair buffers: n_diploid=5258 n_pairs=251197 n_block_keys=492484 n_steps=100
[I::fdg-gpu] blocklist CSR ready: edges=492484 avg_deg=93.66 max_deg=191
[M::hk_bmap_gen] generated 5258 beads
[M::hk_bmap_gen] 245809 bin pairs
[M::blind-gpu] prepared pair buffers: n_diploid=5258 n_pairs=251017 n_block_keys=492126 n_steps=100
[I::fdg-gpu] blocklist CSR ready: edges=492126 avg_deg=93.60 max_deg=191
[M::hk_bmap_gen] generated 5258 beads
[M::hk_bmap_gen] 245638 bin pairs
[M::blind-gpu] prepared pair buffers: n_diploid=5258 n_pairs=250848 n_block_keys=491794 n_steps=100
[I::fdg-gpu] blocklist CSR ready: edges=491794 avg_deg=93.53 max_deg=191
[M::hk_bmap_gen] generated 5258 beads
[M::hk_bmap_gen] 245600 bin pairs
[M::blind-gpu] prepared pair buffers: n_diploid=5258 n_pairs=250808 n_block_keys=491716 n_steps=100
[I::fdg-gpu] blocklist CSR ready: edges=491716 avg_deg=93.52 max_deg=191
[M::hk_bmap_gen] generated 5258 beads
[M::hk_bmap_gen] 245517 bin pairs
[M::blind-gpu] prepared pair buffers: n_diploid=5258 n_pairs=250724 n_block_keys=491548 n_steps=100
[I::fdg-gpu] blocklist CSR ready: edges=491548 avg_deg=93.49 max_deg=191
[M::hk_bmap_gen] generated 5258 beads
[M::hk_bmap_gen] 245528 bin pairs
[M::blind-gpu] prepared pair buffers: n_diploid=5258 n_pairs=250735 n_block_keys=491568 n_steps=100
[I::fdg-gpu] blocklist CSR ready: edges=491568 avg_deg=93.49 max_deg=191
[M::hk_bmap_gen] generated 5258 beads
[M::hk_bmap_gen] 245421 bin pairs
[M::blind-gpu] prepared pair buffers: n_diploid=5258 n_pairs=250630 n_block_keys=491358 n_steps=100
[I::fdg-gpu] blocklist CSR ready: edges=491358 avg_deg=93.45 max_deg=191
[M::hk_bmap_gen] generated 5258 beads
[M::hk_bmap_gen] 245336 bin pairs
[M::blind-gpu] prepared pair buffers: n_diploid=5258 n_pairs=250545 n_block_keys=491188 n_steps=100
[I::fdg-gpu] blocklist CSR ready: edges=491188 avg_deg=93.42 max_deg=191
[M::hk_bmap_gen] generated 5258 beads
[M::hk_bmap_gen] 245260 bin pairs
[M::blind-gpu] prepared pair buffers: n_diploid=5258 n_pairs=250466 n_block_keys=491030 n_steps=100
[I::fdg-gpu] blocklist CSR ready: edges=491030 avg_deg=93.39 max_deg=191
[M::hk_bmap_gen] generated 5258 beads
[M::hk_bmap_gen] 245178 bin pairs
[M::blind-gpu] prepared pair buffers: n_diploid=5258 n_pairs=250385 n_block_keys=490868 n_steps=100
[I::fdg-gpu] blocklist CSR ready: edges=490868 avg_deg=93.36 max_deg=191
[M::hk_bmap_gen] generated 5258 beads
[M::hk_bmap_gen] 245103 bin pairs
[M::blind-gpu] prepared pair buffers: n_diploid=5258 n_pairs=250309 n_block_keys=490716 n_steps=100
[I::fdg-gpu] blocklist CSR ready: edges=490716 avg_deg=93.33 max_deg=191
[M::hk_bmap_gen] generated 5258 beads
[M::hk_bmap_gen] 245006 bin pairs
[M::blind-gpu] prepared pair buffers: n_diploid=5258 n_pairs=250207 n_block_keys=490512 n_steps=100
[I::fdg-gpu] blocklist CSR ready: edges=490512 avg_deg=93.29 max_deg=191
[M::hk_bmap_gen] generated 5258 beads
[M::hk_bmap_gen] 244872 bin pairs
[M::blind-gpu] prepared pair buffers: n_diploid=5258 n_pairs=250072 n_block_keys=490242 n_steps=100
[I::fdg-gpu] blocklist CSR ready: edges=490242 avg_deg=93.24 max_deg=191
[M::hk_bmap_gen] generated 5258 beads
[M::hk_bmap_gen] 244745 bin pairs
[M::blind-gpu] prepared pair buffers: n_diploid=5258 n_pairs=249942 n_block_keys=489986 n_steps=100
[I::fdg-gpu] blocklist CSR ready: edges=489986 avg_deg=93.19 max_deg=191
[M::hk_bmap_gen] generated 5258 beads
[M::hk_bmap_gen] 244641 bin pairs
[M::blind-gpu] prepared pair buffers: n_diploid=5258 n_pairs=249844 n_block_keys=489790 n_steps=100
[I::fdg-gpu] blocklist CSR ready: edges=489790 avg_deg=93.15 max_deg=191
[M::hk_bmap_gen] generated 5258 beads
[M::hk_bmap_gen] 244503 bin pairs
[M::blind-gpu] prepared pair buffers: n_diploid=5258 n_pairs=249708 n_block_keys=489522 n_steps=100
[I::fdg-gpu] blocklist CSR ready: edges=489522 avg_deg=93.10 max_deg=191
[M::hk_bmap_gen] generated 5258 beads
[M::hk_bmap_gen] 244396 bin pairs
[M::blind-gpu] prepared pair buffers: n_diploid=5258 n_pairs=249596 n_block_keys=489302 n_steps=100
[I::fdg-gpu] blocklist CSR ready: edges=489302 avg_deg=93.06 max_deg=191
[M::hk_bmap_gen] generated 5258 beads
[M::hk_bmap_gen] 244259 bin pairs
[M::blind-gpu] prepared pair buffers: n_diploid=5258 n_pairs=249458 n_block_keys=489024 n_steps=100
[I::fdg-gpu] blocklist CSR ready: edges=489024 avg_deg=93.01 max_deg=191
[M::hk_bmap_gen] generated 5258 beads
[M::hk_bmap_gen] 244244 bin pairs
[M::blind-gpu] prepared pair buffers: n_diploid=5258 n_pairs=249449 n_block_keys=489004 n_steps=100
[I::fdg-gpu] blocklist CSR ready: edges=489004 avg_deg=93.00 max_deg=191
[M::hk_bmap_gen] generated 5258 beads
[M::hk_bmap_gen] 244169 bin pairs
[M::blind-gpu] prepared pair buffers: n_diploid=5258 n_pairs=249374 n_block_keys=488854 n_steps=100
[I::fdg-gpu] blocklist CSR ready: edges=488854 avg_deg=92.97 max_deg=191
[M::hk_bmap_gen] generated 5258 beads
[M::hk_bmap_gen] 243996 bin pairs
[M::blind-gpu] prepared pair buffers: n_diploid=5258 n_pairs=249201 n_block_keys=488510 n_steps=100
[I::fdg-gpu] blocklist CSR ready: edges=488510 avg_deg=92.91 max_deg=191
[M::hk_bmap_gen] generated 5258 beads
[M::hk_bmap_gen] 243902 bin pairs
[M::blind-gpu] prepared pair buffers: n_diploid=5258 n_pairs=249104 n_block_keys=488318 n_steps=100
[I::fdg-gpu] blocklist CSR ready: edges=488318 avg_deg=92.87 max_deg=191
[M::hk_bmap_gen] generated 5258 beads
[M::hk_bmap_gen] 243829 bin pairs
[M::blind-gpu] prepared pair buffers: n_diploid=5258 n_pairs=249033 n_block_keys=488178 n_steps=100
[I::fdg-gpu] blocklist CSR ready: edges=488178 avg_deg=92.84 max_deg=191
[M::hk_bmap_gen] generated 5258 beads
[M::hk_bmap_gen] 243772 bin pairs
[M::blind-gpu] prepared pair buffers: n_diploid=5258 n_pairs=248971 n_block_keys=488056 n_steps=100
[I::fdg-gpu] blocklist CSR ready: edges=488056 avg_deg=92.82 max_deg=191
[M::hk_bmap_gen] generated 5258 beads
[M::hk_bmap_gen] 243676 bin pairs
[M::blind-gpu] prepared pair buffers: n_diploid=5258 n_pairs=248879 n_block_keys=487868 n_steps=100
[I::fdg-gpu] blocklist CSR ready: edges=487868 avg_deg=92.79 max_deg=191
[M::hk_bmap_gen] generated 5258 beads
[M::hk_bmap_gen] 243586 bin pairs
[M::blind-gpu] prepared pair buffers: n_diploid=5258 n_pairs=248787 n_block_keys=487682 n_steps=100
[I::fdg-gpu] blocklist CSR ready: edges=487682 avg_deg=92.75 max_deg=191
[M::hk_bmap_gen] generated 5258 beads
[M::hk_bmap_gen] 243523 bin pairs
[M::blind-gpu] prepared pair buffers: n_diploid=5258 n_pairs=248716 n_block_keys=487540 n_steps=100
[I::fdg-gpu] blocklist CSR ready: edges=487540 avg_deg=92.72 max_deg=191
[M::hk_bmap_gen] generated 5258 beads
[M::hk_bmap_gen] 243469 bin pairs
[M::blind-gpu] prepared pair buffers: n_diploid=5258 n_pairs=248668 n_block_keys=487444 n_steps=100
[I::fdg-gpu] blocklist CSR ready: edges=487444 avg_deg=92.71 max_deg=191
[M::hk_bmap_gen] generated 5258 beads
[M::hk_bmap_gen] 243378 bin pairs
[M::blind-gpu] prepared pair buffers: n_diploid=5258 n_pairs=248579 n_block_keys=487268 n_steps=100
[I::fdg-gpu] blocklist CSR ready: edges=487268 avg_deg=92.67 max_deg=191
[M::hk_bmap_gen] generated 5258 beads
[M::hk_bmap_gen] 243228 bin pairs
[M::blind-gpu] prepared pair buffers: n_diploid=5258 n_pairs=248431 n_block_keys=486966 n_steps=100
[I::fdg-gpu] blocklist CSR ready: edges=486966 avg_deg=92.61 max_deg=191
[M::hk_bmap_gen] generated 5258 beads
[M::hk_bmap_gen] 243099 bin pairs
[M::blind-gpu] prepared pair buffers: n_diploid=5258 n_pairs=248303 n_block_keys=486712 n_steps=100
[I::fdg-gpu] blocklist CSR ready: edges=486712 avg_deg=92.57 max_deg=191
[M::hk_bmap_gen] generated 5258 beads
[M::hk_bmap_gen] 243039 bin pairs
[M::blind-gpu] prepared pair buffers: n_diploid=5258 n_pairs=248241 n_block_keys=486588 n_steps=100
[I::fdg-gpu] blocklist CSR ready: edges=486588 avg_deg=92.54 max_deg=191
[M::hk_bmap_gen] generated 5258 beads
[M::hk_bmap_gen] 242907 bin pairs
[M::blind-gpu] prepared pair buffers: n_diploid=5258 n_pairs=248114 n_block_keys=486336 n_steps=100
[I::fdg-gpu] blocklist CSR ready: edges=486336 avg_deg=92.49 max_deg=191
[M::hk_bmap_gen] generated 5258 beads
[M::hk_bmap_gen] 242821 bin pairs
[M::blind-gpu] prepared pair buffers: n_diploid=5258 n_pairs=248029 n_block_keys=486168 n_steps=100
[I::fdg-gpu] blocklist CSR ready: edges=486168 avg_deg=92.46 max_deg=191
[M::hk_bmap_gen] generated 5258 beads
[M::hk_bmap_gen] 242723 bin pairs
[M::blind-gpu] prepared pair buffers: n_diploid=5258 n_pairs=247927 n_block_keys=485960 n_steps=100
[I::fdg-gpu] blocklist CSR ready: edges=485960 avg_deg=92.42 max_deg=191
[M::hk_bmap_gen] generated 5258 beads
[M::hk_bmap_gen] 242656 bin pairs
[M::blind-gpu] prepared pair buffers: n_diploid=5258 n_pairs=247867 n_block_keys=485840 n_steps=100
[I::fdg-gpu] blocklist CSR ready: edges=485840 avg_deg=92.40 max_deg=191
[M::hk_bmap_gen] generated 5258 beads
[M::hk_bmap_gen] 242579 bin pairs
[M::blind-gpu] prepared pair buffers: n_diploid=5258 n_pairs=247787 n_block_keys=485674 n_steps=100
[I::fdg-gpu] blocklist CSR ready: edges=485674 avg_deg=92.37 max_deg=191
minimal P9016[1m]: write outputs to /mnt/ssd/zliu/phase3/test_res/016-20260618_150851-p9016_charm_contacts_condition_sweep_1m/work_outputs/2pr/p9016_charm3dg20k_2pr_pcgamma0p5_msep1_lsep1_ieps0p5_noise0/p9016_charm3dg20k_2pr_pcgamma0p5_msep1_lsep1_ieps0p5_noise0
[M::hk_bmap_gen] generated 5258 beads
[M::hk_bmap_gen] 242458 bin pairs
minimal P9016[1m]: status=OK final_entropy=1.0076623 final_pU=0.72687471
minimal P9016: summary /mnt/ssd/zliu/phase3/test_res/016-20260618_150851-p9016_charm_contacts_condition_sweep_1m/work_outputs/2pr/p9016_charm3dg20k_2pr_pcgamma0p5_msep1_lsep1_ieps0p5_noise0/matrix_summary.tsv
