minimal P9016: input=/mnt/ssd/zliu/phase3/test_res/016-20260618_150851-p9016_charm_contacts_condition_sweep_1m/synthetic_pairs/p9016_charm3dg20k_2pr_contacts.pairs.gz output_root=/mnt/ssd/zliu/phase3/test_res/016-20260618_150851-p9016_charm_contacts_condition_sweep_1m/work_outputs/2pr/p9016_charm3dg20k_2pr_tempered_pcgamma0p25_sep_off_ieps0p5_noise0 config=p9016_charm3dg20k_2pr_tempered_pcgamma0p25_sep_off_ieps0p5_noise0 baseline=softall n_iter=100 relax_steps=100 relax_step=0.012 chain=0 init_mode=unphased_scaffold_split init_eps=0.5 init_noise=0 init_scale=10 init_seed=17 min_sep=0 lambda_sep=0 d_scale_mode=tempered_posterior_count d_scale_input=tempered_posterior_count d_scale_formula=n_raw*posterior_prob^0.25 d_scale_gamma=0.25 d_scale_eps=1e-06 relax_backend=gpu
minimal P9016: stage 1/1 name=1m bin_size_bp=1000000 parent=0
[M::hk_map_read] read 1265114 pairs
[M::hk_bmap_gen] generated 2629 beads
[M::hk_bmap_gen] 86507 bin pairs
minimal P9016[1m]: build binned contacts
minimal P9016[1m]: init mode=unphased_scaffold_split seed=17 scale=10
[M::hk_fdg] mid_dist:1000000 max_nei:2113
[M::hk_fdg1_cpu] iter:10 elapsed:0.13s rep_coef:0.2092 RMS_force:72.7566 n_rep:47.4264 energy:30.4455,12.2182,0.0044 dist:6.2058,11.4957,1.4803
[M::hk_fdg1_cpu] iter:20 elapsed:0.41s rep_coef:0.6615 RMS_force:59.1740 n_rep:171.8923 energy:7.7786,6.7845,0.0148 dist:3.4154,7.2154,1.4629
[M::hk_fdg1_cpu] iter:30 elapsed:1.11s rep_coef:0.9352 RMS_force:41.2076 n_rep:422.1031 energy:1.5712,3.2326,0.0237 dist:1.9826,4.3717,1.4185
[M::hk_fdg1_cpu] iter:40 elapsed:1.64s rep_coef:0.9907 RMS_force:31.7401 n_rep:101.1096 energy:0.3011,1.4410,0.0253 dist:1.1510,3.1542,1.4251
[M::hk_fdg1_cpu] iter:50 elapsed:2.04s rep_coef:0.9987 RMS_force:18.7176 n_rep:228.0190 energy:0.0859,0.5543,0.0220 dist:0.7443,2.0938,1.4739
minimal P9016[1m]: run softall, n_iter=100 relax_steps=100 relax_step=0.012 relax_backend=gpu
[M::hk_bmap_gen] generated 5258 beads
[M::hk_bmap_gen] 298644 bin pairs
[M::blind-gpu] prepared pair buffers: n_diploid=5258 n_pairs=303856 n_block_keys=597756 n_steps=100
[I::fdg-gpu] blocklist CSR ready: edges=597756 avg_deg=113.69 max_deg=202
[M::hk_bmap_gen] generated 5258 beads
[M::hk_bmap_gen] 300105 bin pairs
[M::blind-gpu] prepared pair buffers: n_diploid=5258 n_pairs=305312 n_block_keys=600668 n_steps=100
[I::fdg-gpu] blocklist CSR ready: edges=600668 avg_deg=114.24 max_deg=202
[M::hk_bmap_gen] generated 5258 beads
[M::hk_bmap_gen] 296988 bin pairs
[M::blind-gpu] prepared pair buffers: n_diploid=5258 n_pairs=302201 n_block_keys=594448 n_steps=100
[I::fdg-gpu] blocklist CSR ready: edges=594448 avg_deg=113.06 max_deg=202
[M::hk_bmap_gen] generated 5258 beads
[M::hk_bmap_gen] 293675 bin pairs
[M::blind-gpu] prepared pair buffers: n_diploid=5258 n_pairs=298882 n_block_keys=587812 n_steps=100
[I::fdg-gpu] blocklist CSR ready: edges=587812 avg_deg=111.79 max_deg=200
[M::hk_bmap_gen] generated 5258 beads
[M::hk_bmap_gen] 290711 bin pairs
[M::blind-gpu] prepared pair buffers: n_diploid=5258 n_pairs=295922 n_block_keys=581896 n_steps=100
[I::fdg-gpu] blocklist CSR ready: edges=581896 avg_deg=110.67 max_deg=200
[M::hk_bmap_gen] generated 5258 beads
[M::hk_bmap_gen] 287906 bin pairs
[M::blind-gpu] prepared pair buffers: n_diploid=5258 n_pairs=293121 n_block_keys=576294 n_steps=100
[I::fdg-gpu] blocklist CSR ready: edges=576294 avg_deg=109.60 max_deg=200
[M::hk_bmap_gen] generated 5258 beads
[M::hk_bmap_gen] 285663 bin pairs
[M::blind-gpu] prepared pair buffers: n_diploid=5258 n_pairs=290876 n_block_keys=571804 n_steps=100
[I::fdg-gpu] blocklist CSR ready: edges=571804 avg_deg=108.75 max_deg=200
[M::hk_bmap_gen] generated 5258 beads
[M::hk_bmap_gen] 283739 bin pairs
[M::blind-gpu] prepared pair buffers: n_diploid=5258 n_pairs=288949 n_block_keys=567952 n_steps=100
[I::fdg-gpu] blocklist CSR ready: edges=567952 avg_deg=108.02 max_deg=200
[M::hk_bmap_gen] generated 5258 beads
[M::hk_bmap_gen] 282235 bin pairs
[M::blind-gpu] prepared pair buffers: n_diploid=5258 n_pairs=287443 n_block_keys=564940 n_steps=100
[I::fdg-gpu] blocklist CSR ready: edges=564940 avg_deg=107.44 max_deg=200
[M::hk_bmap_gen] generated 5258 beads
[M::hk_bmap_gen] 281121 bin pairs
[M::blind-gpu] prepared pair buffers: n_diploid=5258 n_pairs=286326 n_block_keys=562704 n_steps=100
[I::fdg-gpu] blocklist CSR ready: edges=562704 avg_deg=107.02 max_deg=200
[M::hk_bmap_gen] generated 5258 beads
[M::hk_bmap_gen] 280172 bin pairs
[M::blind-gpu] prepared pair buffers: n_diploid=5258 n_pairs=285377 n_block_keys=560808 n_steps=100
[I::fdg-gpu] blocklist CSR ready: edges=560808 avg_deg=106.66 max_deg=200
[M::hk_bmap_gen] generated 5258 beads
[M::hk_bmap_gen] 279166 bin pairs
[M::blind-gpu] prepared pair buffers: n_diploid=5258 n_pairs=284369 n_block_keys=558794 n_steps=100
[I::fdg-gpu] blocklist CSR ready: edges=558794 avg_deg=106.28 max_deg=200
[M::hk_bmap_gen] generated 5258 beads
[M::hk_bmap_gen] 278383 bin pairs
[M::blind-gpu] prepared pair buffers: n_diploid=5258 n_pairs=283585 n_block_keys=557224 n_steps=100
[I::fdg-gpu] blocklist CSR ready: edges=557224 avg_deg=105.98 max_deg=200
[M::hk_bmap_gen] generated 5258 beads
[M::hk_bmap_gen] 277604 bin pairs
[M::blind-gpu] prepared pair buffers: n_diploid=5258 n_pairs=282809 n_block_keys=555674 n_steps=100
[I::fdg-gpu] blocklist CSR ready: edges=555674 avg_deg=105.68 max_deg=200
[M::hk_bmap_gen] generated 5258 beads
[M::hk_bmap_gen] 276785 bin pairs
[M::blind-gpu] prepared pair buffers: n_diploid=5258 n_pairs=281993 n_block_keys=554042 n_steps=100
[I::fdg-gpu] blocklist CSR ready: edges=554042 avg_deg=105.37 max_deg=200
[M::hk_bmap_gen] generated 5258 beads
[M::hk_bmap_gen] 275861 bin pairs
[M::blind-gpu] prepared pair buffers: n_diploid=5258 n_pairs=281069 n_block_keys=552196 n_steps=100
[I::fdg-gpu] blocklist CSR ready: edges=552196 avg_deg=105.02 max_deg=200
[M::hk_bmap_gen] generated 5258 beads
[M::hk_bmap_gen] 274970 bin pairs
[M::blind-gpu] prepared pair buffers: n_diploid=5258 n_pairs=280181 n_block_keys=550420 n_steps=100
[I::fdg-gpu] blocklist CSR ready: edges=550420 avg_deg=104.68 max_deg=200
[M::hk_bmap_gen] generated 5258 beads
[M::hk_bmap_gen] 274348 bin pairs
[M::blind-gpu] prepared pair buffers: n_diploid=5258 n_pairs=279552 n_block_keys=549162 n_steps=100
[I::fdg-gpu] blocklist CSR ready: edges=549162 avg_deg=104.44 max_deg=200
[M::hk_bmap_gen] generated 5258 beads
[M::hk_bmap_gen] 273807 bin pairs
[M::blind-gpu] prepared pair buffers: n_diploid=5258 n_pairs=279016 n_block_keys=548086 n_steps=100
[I::fdg-gpu] blocklist CSR ready: edges=548086 avg_deg=104.24 max_deg=200
[M::hk_bmap_gen] generated 5258 beads
[M::hk_bmap_gen] 273373 bin pairs
[M::blind-gpu] prepared pair buffers: n_diploid=5258 n_pairs=278579 n_block_keys=547212 n_steps=100
[I::fdg-gpu] blocklist CSR ready: edges=547212 avg_deg=104.07 max_deg=200
[M::hk_bmap_gen] generated 5258 beads
[M::hk_bmap_gen] 273026 bin pairs
[M::blind-gpu] prepared pair buffers: n_diploid=5258 n_pairs=278229 n_block_keys=546514 n_steps=100
[I::fdg-gpu] blocklist CSR ready: edges=546514 avg_deg=103.94 max_deg=200
[M::hk_bmap_gen] generated 5258 beads
[M::hk_bmap_gen] 272612 bin pairs
[M::blind-gpu] prepared pair buffers: n_diploid=5258 n_pairs=277818 n_block_keys=545692 n_steps=100
[I::fdg-gpu] blocklist CSR ready: edges=545692 avg_deg=103.78 max_deg=200
[M::hk_bmap_gen] generated 5258 beads
[M::hk_bmap_gen] 272173 bin pairs
[M::blind-gpu] prepared pair buffers: n_diploid=5258 n_pairs=277382 n_block_keys=544824 n_steps=100
[I::fdg-gpu] blocklist CSR ready: edges=544824 avg_deg=103.62 max_deg=200
[M::hk_bmap_gen] generated 5258 beads
[M::hk_bmap_gen] 271702 bin pairs
[M::blind-gpu] prepared pair buffers: n_diploid=5258 n_pairs=276912 n_block_keys=543884 n_steps=100
[I::fdg-gpu] blocklist CSR ready: edges=543884 avg_deg=103.44 max_deg=200
[M::hk_bmap_gen] generated 5258 beads
[M::hk_bmap_gen] 271274 bin pairs
[M::blind-gpu] prepared pair buffers: n_diploid=5258 n_pairs=276484 n_block_keys=543030 n_steps=100
[I::fdg-gpu] blocklist CSR ready: edges=543030 avg_deg=103.28 max_deg=200
[M::hk_bmap_gen] generated 5258 beads
[M::hk_bmap_gen] 270877 bin pairs
[M::blind-gpu] prepared pair buffers: n_diploid=5258 n_pairs=276088 n_block_keys=542236 n_steps=100
[I::fdg-gpu] blocklist CSR ready: edges=542236 avg_deg=103.13 max_deg=200
[M::hk_bmap_gen] generated 5258 beads
[M::hk_bmap_gen] 270406 bin pairs
[M::blind-gpu] prepared pair buffers: n_diploid=5258 n_pairs=275612 n_block_keys=541288 n_steps=100
[I::fdg-gpu] blocklist CSR ready: edges=541288 avg_deg=102.95 max_deg=200
[M::hk_bmap_gen] generated 5258 beads
[M::hk_bmap_gen] 270053 bin pairs
[M::blind-gpu] prepared pair buffers: n_diploid=5258 n_pairs=275256 n_block_keys=540576 n_steps=100
[I::fdg-gpu] blocklist CSR ready: edges=540576 avg_deg=102.81 max_deg=200
[M::hk_bmap_gen] generated 5258 beads
[M::hk_bmap_gen] 269800 bin pairs
[M::blind-gpu] prepared pair buffers: n_diploid=5258 n_pairs=275006 n_block_keys=540074 n_steps=100
[I::fdg-gpu] blocklist CSR ready: edges=540074 avg_deg=102.71 max_deg=200
[M::hk_bmap_gen] generated 5258 beads
[M::hk_bmap_gen] 269591 bin pairs
[M::blind-gpu] prepared pair buffers: n_diploid=5258 n_pairs=274796 n_block_keys=539656 n_steps=100
[I::fdg-gpu] blocklist CSR ready: edges=539656 avg_deg=102.64 max_deg=200
[M::hk_bmap_gen] generated 5258 beads
[M::hk_bmap_gen] 269394 bin pairs
[M::blind-gpu] prepared pair buffers: n_diploid=5258 n_pairs=274594 n_block_keys=539256 n_steps=100
[I::fdg-gpu] blocklist CSR ready: edges=539256 avg_deg=102.56 max_deg=200
[M::hk_bmap_gen] generated 5258 beads
[M::hk_bmap_gen] 269215 bin pairs
[M::blind-gpu] prepared pair buffers: n_diploid=5258 n_pairs=274419 n_block_keys=538904 n_steps=100
[I::fdg-gpu] blocklist CSR ready: edges=538904 avg_deg=102.49 max_deg=200
[M::hk_bmap_gen] generated 5258 beads
[M::hk_bmap_gen] 269016 bin pairs
[M::blind-gpu] prepared pair buffers: n_diploid=5258 n_pairs=274223 n_block_keys=538512 n_steps=100
[I::fdg-gpu] blocklist CSR ready: edges=538512 avg_deg=102.42 max_deg=200
[M::hk_bmap_gen] generated 5258 beads
[M::hk_bmap_gen] 268790 bin pairs
[M::blind-gpu] prepared pair buffers: n_diploid=5258 n_pairs=273995 n_block_keys=538056 n_steps=100
[I::fdg-gpu] blocklist CSR ready: edges=538056 avg_deg=102.33 max_deg=199
[M::hk_bmap_gen] generated 5258 beads
[M::hk_bmap_gen] 268669 bin pairs
[M::blind-gpu] prepared pair buffers: n_diploid=5258 n_pairs=273873 n_block_keys=537812 n_steps=100
[I::fdg-gpu] blocklist CSR ready: edges=537812 avg_deg=102.28 max_deg=199
[M::hk_bmap_gen] generated 5258 beads
[M::hk_bmap_gen] 268531 bin pairs
[M::blind-gpu] prepared pair buffers: n_diploid=5258 n_pairs=273732 n_block_keys=537534 n_steps=100
[I::fdg-gpu] blocklist CSR ready: edges=537534 avg_deg=102.23 max_deg=198
[M::hk_bmap_gen] generated 5258 beads
[M::hk_bmap_gen] 268444 bin pairs
[M::blind-gpu] prepared pair buffers: n_diploid=5258 n_pairs=273650 n_block_keys=537370 n_steps=100
[I::fdg-gpu] blocklist CSR ready: edges=537370 avg_deg=102.20 max_deg=198
[M::hk_bmap_gen] generated 5258 beads
[M::hk_bmap_gen] 268320 bin pairs
[M::blind-gpu] prepared pair buffers: n_diploid=5258 n_pairs=273524 n_block_keys=537118 n_steps=100
[I::fdg-gpu] blocklist CSR ready: edges=537118 avg_deg=102.15 max_deg=198
[M::hk_bmap_gen] generated 5258 beads
[M::hk_bmap_gen] 268122 bin pairs
[M::blind-gpu] prepared pair buffers: n_diploid=5258 n_pairs=273324 n_block_keys=536720 n_steps=100
[I::fdg-gpu] blocklist CSR ready: edges=536720 avg_deg=102.08 max_deg=198
[M::hk_bmap_gen] generated 5258 beads
[M::hk_bmap_gen] 267952 bin pairs
[M::blind-gpu] prepared pair buffers: n_diploid=5258 n_pairs=273154 n_block_keys=536382 n_steps=100
[I::fdg-gpu] blocklist CSR ready: edges=536382 avg_deg=102.01 max_deg=198
[M::hk_bmap_gen] generated 5258 beads
[M::hk_bmap_gen] 267793 bin pairs
[M::blind-gpu] prepared pair buffers: n_diploid=5258 n_pairs=272995 n_block_keys=536066 n_steps=100
[I::fdg-gpu] blocklist CSR ready: edges=536066 avg_deg=101.95 max_deg=198
[M::hk_bmap_gen] generated 5258 beads
[M::hk_bmap_gen] 267718 bin pairs
[M::blind-gpu] prepared pair buffers: n_diploid=5258 n_pairs=272922 n_block_keys=535918 n_steps=100
[I::fdg-gpu] blocklist CSR ready: edges=535918 avg_deg=101.92 max_deg=198
[M::hk_bmap_gen] generated 5258 beads
[M::hk_bmap_gen] 267651 bin pairs
[M::blind-gpu] prepared pair buffers: n_diploid=5258 n_pairs=272855 n_block_keys=535784 n_steps=100
[I::fdg-gpu] blocklist CSR ready: edges=535784 avg_deg=101.90 max_deg=198
[M::hk_bmap_gen] generated 5258 beads
[M::hk_bmap_gen] 267626 bin pairs
[M::blind-gpu] prepared pair buffers: n_diploid=5258 n_pairs=272829 n_block_keys=535734 n_steps=100
[I::fdg-gpu] blocklist CSR ready: edges=535734 avg_deg=101.89 max_deg=198
[M::hk_bmap_gen] generated 5258 beads
[M::hk_bmap_gen] 267604 bin pairs
[M::blind-gpu] prepared pair buffers: n_diploid=5258 n_pairs=272803 n_block_keys=535682 n_steps=100
[I::fdg-gpu] blocklist CSR ready: edges=535682 avg_deg=101.88 max_deg=198
[M::hk_bmap_gen] generated 5258 beads
[M::hk_bmap_gen] 267557 bin pairs
[M::blind-gpu] prepared pair buffers: n_diploid=5258 n_pairs=272755 n_block_keys=535582 n_steps=100
[I::fdg-gpu] blocklist CSR ready: edges=535582 avg_deg=101.86 max_deg=198
[M::hk_bmap_gen] generated 5258 beads
[M::hk_bmap_gen] 267559 bin pairs
[M::blind-gpu] prepared pair buffers: n_diploid=5258 n_pairs=272757 n_block_keys=535592 n_steps=100
[I::fdg-gpu] blocklist CSR ready: edges=535592 avg_deg=101.86 max_deg=198
[M::hk_bmap_gen] generated 5258 beads
[M::hk_bmap_gen] 267605 bin pairs
[M::blind-gpu] prepared pair buffers: n_diploid=5258 n_pairs=272802 n_block_keys=535684 n_steps=100
[I::fdg-gpu] blocklist CSR ready: edges=535684 avg_deg=101.88 max_deg=198
[M::hk_bmap_gen] generated 5258 beads
[M::hk_bmap_gen] 267600 bin pairs
[M::blind-gpu] prepared pair buffers: n_diploid=5258 n_pairs=272799 n_block_keys=535676 n_steps=100
[I::fdg-gpu] blocklist CSR ready: edges=535676 avg_deg=101.88 max_deg=198
[M::hk_bmap_gen] generated 5258 beads
[M::hk_bmap_gen] 267624 bin pairs
[M::blind-gpu] prepared pair buffers: n_diploid=5258 n_pairs=272827 n_block_keys=535730 n_steps=100
[I::fdg-gpu] blocklist CSR ready: edges=535730 avg_deg=101.89 max_deg=198
[M::hk_bmap_gen] generated 5258 beads
[M::hk_bmap_gen] 267566 bin pairs
[M::blind-gpu] prepared pair buffers: n_diploid=5258 n_pairs=272768 n_block_keys=535614 n_steps=100
[I::fdg-gpu] blocklist CSR ready: edges=535614 avg_deg=101.87 max_deg=198
[M::hk_bmap_gen] generated 5258 beads
[M::hk_bmap_gen] 267468 bin pairs
[M::blind-gpu] prepared pair buffers: n_diploid=5258 n_pairs=272673 n_block_keys=535424 n_steps=100
[I::fdg-gpu] blocklist CSR ready: edges=535424 avg_deg=101.83 max_deg=198
[M::hk_bmap_gen] generated 5258 beads
[M::hk_bmap_gen] 267275 bin pairs
[M::blind-gpu] prepared pair buffers: n_diploid=5258 n_pairs=272478 n_block_keys=535034 n_steps=100
[I::fdg-gpu] blocklist CSR ready: edges=535034 avg_deg=101.76 max_deg=198
[M::hk_bmap_gen] generated 5258 beads
[M::hk_bmap_gen] 267168 bin pairs
[M::blind-gpu] prepared pair buffers: n_diploid=5258 n_pairs=272372 n_block_keys=534824 n_steps=100
[I::fdg-gpu] blocklist CSR ready: edges=534824 avg_deg=101.72 max_deg=198
[M::hk_bmap_gen] generated 5258 beads
[M::hk_bmap_gen] 267143 bin pairs
[M::blind-gpu] prepared pair buffers: n_diploid=5258 n_pairs=272347 n_block_keys=534772 n_steps=100
[I::fdg-gpu] blocklist CSR ready: edges=534772 avg_deg=101.71 max_deg=198
[M::hk_bmap_gen] generated 5258 beads
[M::hk_bmap_gen] 267157 bin pairs
[M::blind-gpu] prepared pair buffers: n_diploid=5258 n_pairs=272363 n_block_keys=534804 n_steps=100
[I::fdg-gpu] blocklist CSR ready: edges=534804 avg_deg=101.71 max_deg=198
[M::hk_bmap_gen] generated 5258 beads
[M::hk_bmap_gen] 267144 bin pairs
[M::blind-gpu] prepared pair buffers: n_diploid=5258 n_pairs=272349 n_block_keys=534776 n_steps=100
[I::fdg-gpu] blocklist CSR ready: edges=534776 avg_deg=101.71 max_deg=198
[M::hk_bmap_gen] generated 5258 beads
[M::hk_bmap_gen] 267110 bin pairs
[M::blind-gpu] prepared pair buffers: n_diploid=5258 n_pairs=272312 n_block_keys=534704 n_steps=100
[I::fdg-gpu] blocklist CSR ready: edges=534704 avg_deg=101.69 max_deg=198
[M::hk_bmap_gen] generated 5258 beads
[M::hk_bmap_gen] 267083 bin pairs
[M::blind-gpu] prepared pair buffers: n_diploid=5258 n_pairs=272286 n_block_keys=534652 n_steps=100
[I::fdg-gpu] blocklist CSR ready: edges=534652 avg_deg=101.68 max_deg=198
[M::hk_bmap_gen] generated 5258 beads
[M::hk_bmap_gen] 267034 bin pairs
[M::blind-gpu] prepared pair buffers: n_diploid=5258 n_pairs=272240 n_block_keys=534558 n_steps=100
[I::fdg-gpu] blocklist CSR ready: edges=534558 avg_deg=101.67 max_deg=198
[M::hk_bmap_gen] generated 5258 beads
[M::hk_bmap_gen] 267007 bin pairs
[M::blind-gpu] prepared pair buffers: n_diploid=5258 n_pairs=272214 n_block_keys=534504 n_steps=100
[I::fdg-gpu] blocklist CSR ready: edges=534504 avg_deg=101.66 max_deg=198
[M::hk_bmap_gen] generated 5258 beads
[M::hk_bmap_gen] 267016 bin pairs
[M::blind-gpu] prepared pair buffers: n_diploid=5258 n_pairs=272223 n_block_keys=534524 n_steps=100
[I::fdg-gpu] blocklist CSR ready: edges=534524 avg_deg=101.66 max_deg=198
[M::hk_bmap_gen] generated 5258 beads
[M::hk_bmap_gen] 266997 bin pairs
[M::blind-gpu] prepared pair buffers: n_diploid=5258 n_pairs=272205 n_block_keys=534488 n_steps=100
[I::fdg-gpu] blocklist CSR ready: edges=534488 avg_deg=101.65 max_deg=198
[M::hk_bmap_gen] generated 5258 beads
[M::hk_bmap_gen] 266988 bin pairs
[M::blind-gpu] prepared pair buffers: n_diploid=5258 n_pairs=272196 n_block_keys=534470 n_steps=100
[I::fdg-gpu] blocklist CSR ready: edges=534470 avg_deg=101.65 max_deg=198
[M::hk_bmap_gen] generated 5258 beads
[M::hk_bmap_gen] 266915 bin pairs
[M::blind-gpu] prepared pair buffers: n_diploid=5258 n_pairs=272123 n_block_keys=534324 n_steps=100
[I::fdg-gpu] blocklist CSR ready: edges=534324 avg_deg=101.62 max_deg=198
[M::hk_bmap_gen] generated 5258 beads
[M::hk_bmap_gen] 266896 bin pairs
[M::blind-gpu] prepared pair buffers: n_diploid=5258 n_pairs=272101 n_block_keys=534280 n_steps=100
[I::fdg-gpu] blocklist CSR ready: edges=534280 avg_deg=101.61 max_deg=198
[M::hk_bmap_gen] generated 5258 beads
[M::hk_bmap_gen] 266878 bin pairs
[M::blind-gpu] prepared pair buffers: n_diploid=5258 n_pairs=272083 n_block_keys=534244 n_steps=100
[I::fdg-gpu] blocklist CSR ready: edges=534244 avg_deg=101.61 max_deg=198
[M::hk_bmap_gen] generated 5258 beads
[M::hk_bmap_gen] 266872 bin pairs
[M::blind-gpu] prepared pair buffers: n_diploid=5258 n_pairs=272077 n_block_keys=534232 n_steps=100
[I::fdg-gpu] blocklist CSR ready: edges=534232 avg_deg=101.60 max_deg=198
[M::hk_bmap_gen] generated 5258 beads
[M::hk_bmap_gen] 266843 bin pairs
[M::blind-gpu] prepared pair buffers: n_diploid=5258 n_pairs=272048 n_block_keys=534176 n_steps=100
[I::fdg-gpu] blocklist CSR ready: edges=534176 avg_deg=101.59 max_deg=198
[M::hk_bmap_gen] generated 5258 beads
[M::hk_bmap_gen] 266827 bin pairs
[M::blind-gpu] prepared pair buffers: n_diploid=5258 n_pairs=272032 n_block_keys=534142 n_steps=100
[I::fdg-gpu] blocklist CSR ready: edges=534142 avg_deg=101.59 max_deg=198
[M::hk_bmap_gen] generated 5258 beads
[M::hk_bmap_gen] 266806 bin pairs
[M::blind-gpu] prepared pair buffers: n_diploid=5258 n_pairs=272011 n_block_keys=534100 n_steps=100
[I::fdg-gpu] blocklist CSR ready: edges=534100 avg_deg=101.58 max_deg=198
[M::hk_bmap_gen] generated 5258 beads
[M::hk_bmap_gen] 266821 bin pairs
[M::blind-gpu] prepared pair buffers: n_diploid=5258 n_pairs=272024 n_block_keys=534124 n_steps=100
[I::fdg-gpu] blocklist CSR ready: edges=534124 avg_deg=101.58 max_deg=198
[M::hk_bmap_gen] generated 5258 beads
[M::hk_bmap_gen] 266795 bin pairs
[M::blind-gpu] prepared pair buffers: n_diploid=5258 n_pairs=271999 n_block_keys=534078 n_steps=100
[I::fdg-gpu] blocklist CSR ready: edges=534078 avg_deg=101.57 max_deg=198
[M::hk_bmap_gen] generated 5258 beads
[M::hk_bmap_gen] 266759 bin pairs
[M::blind-gpu] prepared pair buffers: n_diploid=5258 n_pairs=271966 n_block_keys=534012 n_steps=100
[I::fdg-gpu] blocklist CSR ready: edges=534012 avg_deg=101.56 max_deg=198
[M::hk_bmap_gen] generated 5258 beads
[M::hk_bmap_gen] 266719 bin pairs
[M::blind-gpu] prepared pair buffers: n_diploid=5258 n_pairs=271923 n_block_keys=533926 n_steps=100
[I::fdg-gpu] blocklist CSR ready: edges=533926 avg_deg=101.55 max_deg=198
[M::hk_bmap_gen] generated 5258 beads
[M::hk_bmap_gen] 266715 bin pairs
[M::blind-gpu] prepared pair buffers: n_diploid=5258 n_pairs=271917 n_block_keys=533912 n_steps=100
[I::fdg-gpu] blocklist CSR ready: edges=533912 avg_deg=101.54 max_deg=198
[M::hk_bmap_gen] generated 5258 beads
[M::hk_bmap_gen] 266649 bin pairs
[M::blind-gpu] prepared pair buffers: n_diploid=5258 n_pairs=271852 n_block_keys=533782 n_steps=100
[I::fdg-gpu] blocklist CSR ready: edges=533782 avg_deg=101.52 max_deg=197
[M::hk_bmap_gen] generated 5258 beads
[M::hk_bmap_gen] 266614 bin pairs
[M::blind-gpu] prepared pair buffers: n_diploid=5258 n_pairs=271815 n_block_keys=533708 n_steps=100
[I::fdg-gpu] blocklist CSR ready: edges=533708 avg_deg=101.50 max_deg=197
[M::hk_bmap_gen] generated 5258 beads
[M::hk_bmap_gen] 266563 bin pairs
[M::blind-gpu] prepared pair buffers: n_diploid=5258 n_pairs=271765 n_block_keys=533608 n_steps=100
[I::fdg-gpu] blocklist CSR ready: edges=533608 avg_deg=101.48 max_deg=197
[M::hk_bmap_gen] generated 5258 beads
[M::hk_bmap_gen] 266502 bin pairs
[M::blind-gpu] prepared pair buffers: n_diploid=5258 n_pairs=271699 n_block_keys=533476 n_steps=100
[I::fdg-gpu] blocklist CSR ready: edges=533476 avg_deg=101.46 max_deg=197
[M::hk_bmap_gen] generated 5258 beads
[M::hk_bmap_gen] 266467 bin pairs
[M::blind-gpu] prepared pair buffers: n_diploid=5258 n_pairs=271670 n_block_keys=533418 n_steps=100
[I::fdg-gpu] blocklist CSR ready: edges=533418 avg_deg=101.45 max_deg=197
[M::hk_bmap_gen] generated 5258 beads
[M::hk_bmap_gen] 266407 bin pairs
[M::blind-gpu] prepared pair buffers: n_diploid=5258 n_pairs=271610 n_block_keys=533298 n_steps=100
[I::fdg-gpu] blocklist CSR ready: edges=533298 avg_deg=101.43 max_deg=197
[M::hk_bmap_gen] generated 5258 beads
[M::hk_bmap_gen] 266343 bin pairs
[M::blind-gpu] prepared pair buffers: n_diploid=5258 n_pairs=271544 n_block_keys=533166 n_steps=100
[I::fdg-gpu] blocklist CSR ready: edges=533166 avg_deg=101.40 max_deg=197
[M::hk_bmap_gen] generated 5258 beads
[M::hk_bmap_gen] 266279 bin pairs
[M::blind-gpu] prepared pair buffers: n_diploid=5258 n_pairs=271479 n_block_keys=533036 n_steps=100
[I::fdg-gpu] blocklist CSR ready: edges=533036 avg_deg=101.38 max_deg=197
[M::hk_bmap_gen] generated 5258 beads
[M::hk_bmap_gen] 266251 bin pairs
[M::blind-gpu] prepared pair buffers: n_diploid=5258 n_pairs=271455 n_block_keys=532988 n_steps=100
[I::fdg-gpu] blocklist CSR ready: edges=532988 avg_deg=101.37 max_deg=197
[M::hk_bmap_gen] generated 5258 beads
[M::hk_bmap_gen] 266162 bin pairs
[M::blind-gpu] prepared pair buffers: n_diploid=5258 n_pairs=271366 n_block_keys=532810 n_steps=100
[I::fdg-gpu] blocklist CSR ready: edges=532810 avg_deg=101.33 max_deg=197
[M::hk_bmap_gen] generated 5258 beads
[M::hk_bmap_gen] 266130 bin pairs
[M::blind-gpu] prepared pair buffers: n_diploid=5258 n_pairs=271333 n_block_keys=532744 n_steps=100
[I::fdg-gpu] blocklist CSR ready: edges=532744 avg_deg=101.32 max_deg=197
[M::hk_bmap_gen] generated 5258 beads
[M::hk_bmap_gen] 266105 bin pairs
[M::blind-gpu] prepared pair buffers: n_diploid=5258 n_pairs=271306 n_block_keys=532690 n_steps=100
[I::fdg-gpu] blocklist CSR ready: edges=532690 avg_deg=101.31 max_deg=197
[M::hk_bmap_gen] generated 5258 beads
[M::hk_bmap_gen] 266057 bin pairs
[M::blind-gpu] prepared pair buffers: n_diploid=5258 n_pairs=271258 n_block_keys=532594 n_steps=100
[I::fdg-gpu] blocklist CSR ready: edges=532594 avg_deg=101.29 max_deg=197
[M::hk_bmap_gen] generated 5258 beads
[M::hk_bmap_gen] 266033 bin pairs
[M::blind-gpu] prepared pair buffers: n_diploid=5258 n_pairs=271234 n_block_keys=532546 n_steps=100
[I::fdg-gpu] blocklist CSR ready: edges=532546 avg_deg=101.28 max_deg=197
[M::hk_bmap_gen] generated 5258 beads
[M::hk_bmap_gen] 266014 bin pairs
[M::blind-gpu] prepared pair buffers: n_diploid=5258 n_pairs=271215 n_block_keys=532508 n_steps=100
[I::fdg-gpu] blocklist CSR ready: edges=532508 avg_deg=101.28 max_deg=197
[M::hk_bmap_gen] generated 5258 beads
[M::hk_bmap_gen] 265982 bin pairs
[M::blind-gpu] prepared pair buffers: n_diploid=5258 n_pairs=271187 n_block_keys=532452 n_steps=100
[I::fdg-gpu] blocklist CSR ready: edges=532452 avg_deg=101.27 max_deg=197
[M::hk_bmap_gen] generated 5258 beads
[M::hk_bmap_gen] 265936 bin pairs
[M::blind-gpu] prepared pair buffers: n_diploid=5258 n_pairs=271141 n_block_keys=532360 n_steps=100
[I::fdg-gpu] blocklist CSR ready: edges=532360 avg_deg=101.25 max_deg=197
[M::hk_bmap_gen] generated 5258 beads
[M::hk_bmap_gen] 265905 bin pairs
[M::blind-gpu] prepared pair buffers: n_diploid=5258 n_pairs=271111 n_block_keys=532300 n_steps=100
[I::fdg-gpu] blocklist CSR ready: edges=532300 avg_deg=101.24 max_deg=197
[M::hk_bmap_gen] generated 5258 beads
[M::hk_bmap_gen] 265892 bin pairs
[M::blind-gpu] prepared pair buffers: n_diploid=5258 n_pairs=271099 n_block_keys=532276 n_steps=100
[I::fdg-gpu] blocklist CSR ready: edges=532276 avg_deg=101.23 max_deg=197
[M::hk_bmap_gen] generated 5258 beads
[M::hk_bmap_gen] 265861 bin pairs
[M::blind-gpu] prepared pair buffers: n_diploid=5258 n_pairs=271068 n_block_keys=532216 n_steps=100
[I::fdg-gpu] blocklist CSR ready: edges=532216 avg_deg=101.22 max_deg=197
[M::hk_bmap_gen] generated 5258 beads
[M::hk_bmap_gen] 265815 bin pairs
[M::blind-gpu] prepared pair buffers: n_diploid=5258 n_pairs=271023 n_block_keys=532128 n_steps=100
[I::fdg-gpu] blocklist CSR ready: edges=532128 avg_deg=101.20 max_deg=197
[M::hk_bmap_gen] generated 5258 beads
[M::hk_bmap_gen] 265804 bin pairs
[M::blind-gpu] prepared pair buffers: n_diploid=5258 n_pairs=271011 n_block_keys=532102 n_steps=100
[I::fdg-gpu] blocklist CSR ready: edges=532102 avg_deg=101.20 max_deg=197
[M::hk_bmap_gen] generated 5258 beads
[M::hk_bmap_gen] 265752 bin pairs
[M::blind-gpu] prepared pair buffers: n_diploid=5258 n_pairs=270959 n_block_keys=531998 n_steps=100
[I::fdg-gpu] blocklist CSR ready: edges=531998 avg_deg=101.18 max_deg=197
[M::hk_bmap_gen] generated 5258 beads
[M::hk_bmap_gen] 265709 bin pairs
[M::blind-gpu] prepared pair buffers: n_diploid=5258 n_pairs=270915 n_block_keys=531910 n_steps=100
[I::fdg-gpu] blocklist CSR ready: edges=531910 avg_deg=101.16 max_deg=197
minimal P9016[1m]: write outputs to /mnt/ssd/zliu/phase3/test_res/016-20260618_150851-p9016_charm_contacts_condition_sweep_1m/work_outputs/2pr/p9016_charm3dg20k_2pr_tempered_pcgamma0p25_sep_off_ieps0p5_noise0/p9016_charm3dg20k_2pr_tempered_pcgamma0p25_sep_off_ieps0p5_noise0
[M::hk_bmap_gen] generated 5258 beads
[M::hk_bmap_gen] 265656 bin pairs
minimal P9016[1m]: status=OK final_entropy=1.1559074 final_pU=0.83381093
minimal P9016: summary /mnt/ssd/zliu/phase3/test_res/016-20260618_150851-p9016_charm_contacts_condition_sweep_1m/work_outputs/2pr/p9016_charm3dg20k_2pr_tempered_pcgamma0p25_sep_off_ieps0p5_noise0/matrix_summary.tsv
