minimal P9016: input=/mnt/ssd/zliu/phase3/test_res/016-20260618_150851-p9016_charm_contacts_condition_sweep_1m/synthetic_pairs/p9016_charm3dg20k_2pr_contacts.pairs.gz output_root=/mnt/ssd/zliu/phase3/test_res/016-20260618_150851-p9016_charm_contacts_condition_sweep_1m/work_outputs/2pr/p9016_charm3dg20k_2pr_pcgamma0p5_sep_off_ieps0p5_noise0 config=p9016_charm3dg20k_2pr_pcgamma0p5_sep_off_ieps0p5_noise0 baseline=softall n_iter=100 relax_steps=100 relax_step=0.012 chain=0 init_mode=unphased_scaffold_split init_eps=0.5 init_noise=0 init_scale=10 init_seed=17 min_sep=0 lambda_sep=0 d_scale_mode=posterior_count d_scale_input=posterior_count d_scale_formula=n_raw*posterior_prob^0.5 d_scale_gamma=0.5 d_scale_eps=1e-06 relax_backend=gpu
minimal P9016: stage 1/1 name=1m bin_size_bp=1000000 parent=0
[M::hk_map_read] read 1265114 pairs
[M::hk_bmap_gen] generated 2629 beads
[M::hk_bmap_gen] 86507 bin pairs
minimal P9016[1m]: build binned contacts
minimal P9016[1m]: init mode=unphased_scaffold_split seed=17 scale=10
[M::hk_fdg] mid_dist:1000000 max_nei:2113
[M::hk_fdg1_cpu] iter:10 elapsed:0.13s rep_coef:0.2092 RMS_force:72.7566 n_rep:47.4264 energy:30.4455,12.2182,0.0044 dist:6.2058,11.4957,1.4803
[M::hk_fdg1_cpu] iter:20 elapsed:0.40s rep_coef:0.6615 RMS_force:59.1740 n_rep:171.8923 energy:7.7786,6.7845,0.0148 dist:3.4154,7.2154,1.4629
[M::hk_fdg1_cpu] iter:30 elapsed:1.12s rep_coef:0.9352 RMS_force:41.2076 n_rep:422.1031 energy:1.5712,3.2326,0.0237 dist:1.9826,4.3717,1.4185
[M::hk_fdg1_cpu] iter:40 elapsed:1.65s rep_coef:0.9907 RMS_force:31.7401 n_rep:101.1096 energy:0.3011,1.4410,0.0253 dist:1.1510,3.1542,1.4251
[M::hk_fdg1_cpu] iter:50 elapsed:2.06s rep_coef:0.9987 RMS_force:18.7176 n_rep:228.0190 energy:0.0859,0.5543,0.0220 dist:0.7443,2.0938,1.4739
minimal P9016[1m]: run softall, n_iter=100 relax_steps=100 relax_step=0.012 relax_backend=gpu
[M::hk_bmap_gen] generated 5258 beads
[M::hk_bmap_gen] 298644 bin pairs
[M::blind-gpu] prepared pair buffers: n_diploid=5258 n_pairs=303856 n_block_keys=597756 n_steps=100
[I::fdg-gpu] blocklist CSR ready: edges=597756 avg_deg=113.69 max_deg=202
[M::hk_bmap_gen] generated 5258 beads
[M::hk_bmap_gen] 298297 bin pairs
[M::blind-gpu] prepared pair buffers: n_diploid=5258 n_pairs=303503 n_block_keys=597050 n_steps=100
[I::fdg-gpu] blocklist CSR ready: edges=597050 avg_deg=113.55 max_deg=201
[M::hk_bmap_gen] generated 5258 beads
[M::hk_bmap_gen] 293193 bin pairs
[M::blind-gpu] prepared pair buffers: n_diploid=5258 n_pairs=298396 n_block_keys=586836 n_steps=100
[I::fdg-gpu] blocklist CSR ready: edges=586836 avg_deg=111.61 max_deg=201
[M::hk_bmap_gen] generated 5258 beads
[M::hk_bmap_gen] 287749 bin pairs
[M::blind-gpu] prepared pair buffers: n_diploid=5258 n_pairs=292964 n_block_keys=575980 n_steps=100
[I::fdg-gpu] blocklist CSR ready: edges=575980 avg_deg=109.54 max_deg=200
[M::hk_bmap_gen] generated 5258 beads
[M::hk_bmap_gen] 283235 bin pairs
[M::blind-gpu] prepared pair buffers: n_diploid=5258 n_pairs=288439 n_block_keys=566926 n_steps=100
[I::fdg-gpu] blocklist CSR ready: edges=566926 avg_deg=107.82 max_deg=200
[M::hk_bmap_gen] generated 5258 beads
[M::hk_bmap_gen] 279355 bin pairs
[M::blind-gpu] prepared pair buffers: n_diploid=5258 n_pairs=284560 n_block_keys=559170 n_steps=100
[I::fdg-gpu] blocklist CSR ready: edges=559170 avg_deg=106.35 max_deg=200
[M::hk_bmap_gen] generated 5258 beads
[M::hk_bmap_gen] 275934 bin pairs
[M::blind-gpu] prepared pair buffers: n_diploid=5258 n_pairs=281143 n_block_keys=552342 n_steps=100
[I::fdg-gpu] blocklist CSR ready: edges=552342 avg_deg=105.05 max_deg=200
[M::hk_bmap_gen] generated 5258 beads
[M::hk_bmap_gen] 272906 bin pairs
[M::blind-gpu] prepared pair buffers: n_diploid=5258 n_pairs=278097 n_block_keys=546242 n_steps=100
[I::fdg-gpu] blocklist CSR ready: edges=546242 avg_deg=103.89 max_deg=200
[M::hk_bmap_gen] generated 5258 beads
[M::hk_bmap_gen] 270596 bin pairs
[M::blind-gpu] prepared pair buffers: n_diploid=5258 n_pairs=275797 n_block_keys=541648 n_steps=100
[I::fdg-gpu] blocklist CSR ready: edges=541648 avg_deg=103.01 max_deg=200
[M::hk_bmap_gen] generated 5258 beads
[M::hk_bmap_gen] 268549 bin pairs
[M::blind-gpu] prepared pair buffers: n_diploid=5258 n_pairs=273745 n_block_keys=537544 n_steps=100
[I::fdg-gpu] blocklist CSR ready: edges=537544 avg_deg=102.23 max_deg=200
[M::hk_bmap_gen] generated 5258 beads
[M::hk_bmap_gen] 266854 bin pairs
[M::blind-gpu] prepared pair buffers: n_diploid=5258 n_pairs=272056 n_block_keys=534172 n_steps=100
[I::fdg-gpu] blocklist CSR ready: edges=534172 avg_deg=101.59 max_deg=200
[M::hk_bmap_gen] generated 5258 beads
[M::hk_bmap_gen] 265538 bin pairs
[M::blind-gpu] prepared pair buffers: n_diploid=5258 n_pairs=270747 n_block_keys=531554 n_steps=100
[I::fdg-gpu] blocklist CSR ready: edges=531554 avg_deg=101.09 max_deg=199
[M::hk_bmap_gen] generated 5258 beads
[M::hk_bmap_gen] 264407 bin pairs
[M::blind-gpu] prepared pair buffers: n_diploid=5258 n_pairs=269612 n_block_keys=529288 n_steps=100
[I::fdg-gpu] blocklist CSR ready: edges=529288 avg_deg=100.66 max_deg=198
[M::hk_bmap_gen] generated 5258 beads
[M::hk_bmap_gen] 263343 bin pairs
[M::blind-gpu] prepared pair buffers: n_diploid=5258 n_pairs=268549 n_block_keys=527164 n_steps=100
[I::fdg-gpu] blocklist CSR ready: edges=527164 avg_deg=100.26 max_deg=198
[M::hk_bmap_gen] generated 5258 beads
[M::hk_bmap_gen] 262371 bin pairs
[M::blind-gpu] prepared pair buffers: n_diploid=5258 n_pairs=267576 n_block_keys=525222 n_steps=100
[I::fdg-gpu] blocklist CSR ready: edges=525222 avg_deg=99.89 max_deg=198
[M::hk_bmap_gen] generated 5258 beads
[M::hk_bmap_gen] 261507 bin pairs
[M::blind-gpu] prepared pair buffers: n_diploid=5258 n_pairs=266713 n_block_keys=523494 n_steps=100
[I::fdg-gpu] blocklist CSR ready: edges=523494 avg_deg=99.56 max_deg=198
[M::hk_bmap_gen] generated 5258 beads
[M::hk_bmap_gen] 260731 bin pairs
[M::blind-gpu] prepared pair buffers: n_diploid=5258 n_pairs=265923 n_block_keys=521910 n_steps=100
[I::fdg-gpu] blocklist CSR ready: edges=521910 avg_deg=99.26 max_deg=198
[M::hk_bmap_gen] generated 5258 beads
[M::hk_bmap_gen] 260045 bin pairs
[M::blind-gpu] prepared pair buffers: n_diploid=5258 n_pairs=265240 n_block_keys=520548 n_steps=100
[I::fdg-gpu] blocklist CSR ready: edges=520548 avg_deg=99.00 max_deg=197
[M::hk_bmap_gen] generated 5258 beads
[M::hk_bmap_gen] 259245 bin pairs
[M::blind-gpu] prepared pair buffers: n_diploid=5258 n_pairs=264449 n_block_keys=518968 n_steps=100
[I::fdg-gpu] blocklist CSR ready: edges=518968 avg_deg=98.70 max_deg=197
[M::hk_bmap_gen] generated 5258 beads
[M::hk_bmap_gen] 258503 bin pairs
[M::blind-gpu] prepared pair buffers: n_diploid=5258 n_pairs=263710 n_block_keys=517490 n_steps=100
[I::fdg-gpu] blocklist CSR ready: edges=517490 avg_deg=98.42 max_deg=197
[M::hk_bmap_gen] generated 5258 beads
[M::hk_bmap_gen] 257956 bin pairs
[M::blind-gpu] prepared pair buffers: n_diploid=5258 n_pairs=263162 n_block_keys=516390 n_steps=100
[I::fdg-gpu] blocklist CSR ready: edges=516390 avg_deg=98.21 max_deg=196
[M::hk_bmap_gen] generated 5258 beads
[M::hk_bmap_gen] 257461 bin pairs
[M::blind-gpu] prepared pair buffers: n_diploid=5258 n_pairs=262663 n_block_keys=515396 n_steps=100
[I::fdg-gpu] blocklist CSR ready: edges=515396 avg_deg=98.02 max_deg=196
[M::hk_bmap_gen] generated 5258 beads
[M::hk_bmap_gen] 257010 bin pairs
[M::blind-gpu] prepared pair buffers: n_diploid=5258 n_pairs=262208 n_block_keys=514490 n_steps=100
[I::fdg-gpu] blocklist CSR ready: edges=514490 avg_deg=97.85 max_deg=196
[M::hk_bmap_gen] generated 5258 beads
[M::hk_bmap_gen] 256576 bin pairs
[M::blind-gpu] prepared pair buffers: n_diploid=5258 n_pairs=261777 n_block_keys=513624 n_steps=100
[I::fdg-gpu] blocklist CSR ready: edges=513624 avg_deg=97.68 max_deg=196
[M::hk_bmap_gen] generated 5258 beads
[M::hk_bmap_gen] 256200 bin pairs
[M::blind-gpu] prepared pair buffers: n_diploid=5258 n_pairs=261402 n_block_keys=512874 n_steps=100
[I::fdg-gpu] blocklist CSR ready: edges=512874 avg_deg=97.54 max_deg=196
[M::hk_bmap_gen] generated 5258 beads
[M::hk_bmap_gen] 255861 bin pairs
[M::blind-gpu] prepared pair buffers: n_diploid=5258 n_pairs=261062 n_block_keys=512194 n_steps=100
[I::fdg-gpu] blocklist CSR ready: edges=512194 avg_deg=97.41 max_deg=196
[M::hk_bmap_gen] generated 5258 beads
[M::hk_bmap_gen] 255480 bin pairs
[M::blind-gpu] prepared pair buffers: n_diploid=5258 n_pairs=260683 n_block_keys=511438 n_steps=100
[I::fdg-gpu] blocklist CSR ready: edges=511438 avg_deg=97.27 max_deg=196
[M::hk_bmap_gen] generated 5258 beads
[M::hk_bmap_gen] 255125 bin pairs
[M::blind-gpu] prepared pair buffers: n_diploid=5258 n_pairs=260330 n_block_keys=510732 n_steps=100
[I::fdg-gpu] blocklist CSR ready: edges=510732 avg_deg=97.13 max_deg=196
[M::hk_bmap_gen] generated 5258 beads
[M::hk_bmap_gen] 254786 bin pairs
[M::blind-gpu] prepared pair buffers: n_diploid=5258 n_pairs=259987 n_block_keys=510046 n_steps=100
[I::fdg-gpu] blocklist CSR ready: edges=510046 avg_deg=97.00 max_deg=196
[M::hk_bmap_gen] generated 5258 beads
[M::hk_bmap_gen] 254412 bin pairs
[M::blind-gpu] prepared pair buffers: n_diploid=5258 n_pairs=259607 n_block_keys=509286 n_steps=100
[I::fdg-gpu] blocklist CSR ready: edges=509286 avg_deg=96.86 max_deg=196
[M::hk_bmap_gen] generated 5258 beads
[M::hk_bmap_gen] 254084 bin pairs
[M::blind-gpu] prepared pair buffers: n_diploid=5258 n_pairs=259284 n_block_keys=508644 n_steps=100
[I::fdg-gpu] blocklist CSR ready: edges=508644 avg_deg=96.74 max_deg=196
[M::hk_bmap_gen] generated 5258 beads
[M::hk_bmap_gen] 253818 bin pairs
[M::blind-gpu] prepared pair buffers: n_diploid=5258 n_pairs=259018 n_block_keys=508112 n_steps=100
[I::fdg-gpu] blocklist CSR ready: edges=508112 avg_deg=96.64 max_deg=196
[M::hk_bmap_gen] generated 5258 beads
[M::hk_bmap_gen] 253478 bin pairs
[M::blind-gpu] prepared pair buffers: n_diploid=5258 n_pairs=258682 n_block_keys=507440 n_steps=100
[I::fdg-gpu] blocklist CSR ready: edges=507440 avg_deg=96.51 max_deg=196
[M::hk_bmap_gen] generated 5258 beads
[M::hk_bmap_gen] 253098 bin pairs
[M::blind-gpu] prepared pair buffers: n_diploid=5258 n_pairs=258303 n_block_keys=506682 n_steps=100
[I::fdg-gpu] blocklist CSR ready: edges=506682 avg_deg=96.36 max_deg=196
[M::hk_bmap_gen] generated 5258 beads
[M::hk_bmap_gen] 252798 bin pairs
[M::blind-gpu] prepared pair buffers: n_diploid=5258 n_pairs=258002 n_block_keys=506082 n_steps=100
[I::fdg-gpu] blocklist CSR ready: edges=506082 avg_deg=96.25 max_deg=196
[M::hk_bmap_gen] generated 5258 beads
[M::hk_bmap_gen] 252520 bin pairs
[M::blind-gpu] prepared pair buffers: n_diploid=5258 n_pairs=257723 n_block_keys=505522 n_steps=100
[I::fdg-gpu] blocklist CSR ready: edges=505522 avg_deg=96.14 max_deg=196
[M::hk_bmap_gen] generated 5258 beads
[M::hk_bmap_gen] 252287 bin pairs
[M::blind-gpu] prepared pair buffers: n_diploid=5258 n_pairs=257488 n_block_keys=505052 n_steps=100
[I::fdg-gpu] blocklist CSR ready: edges=505052 avg_deg=96.05 max_deg=196
[M::hk_bmap_gen] generated 5258 beads
[M::hk_bmap_gen] 252029 bin pairs
[M::blind-gpu] prepared pair buffers: n_diploid=5258 n_pairs=257229 n_block_keys=504536 n_steps=100
[I::fdg-gpu] blocklist CSR ready: edges=504536 avg_deg=95.96 max_deg=196
[M::hk_bmap_gen] generated 5258 beads
[M::hk_bmap_gen] 251795 bin pairs
[M::blind-gpu] prepared pair buffers: n_diploid=5258 n_pairs=256999 n_block_keys=504080 n_steps=100
[I::fdg-gpu] blocklist CSR ready: edges=504080 avg_deg=95.87 max_deg=196
[M::hk_bmap_gen] generated 5258 beads
[M::hk_bmap_gen] 251527 bin pairs
[M::blind-gpu] prepared pair buffers: n_diploid=5258 n_pairs=256730 n_block_keys=503546 n_steps=100
[I::fdg-gpu] blocklist CSR ready: edges=503546 avg_deg=95.77 max_deg=196
[M::hk_bmap_gen] generated 5258 beads
[M::hk_bmap_gen] 251199 bin pairs
[M::blind-gpu] prepared pair buffers: n_diploid=5258 n_pairs=256401 n_block_keys=502888 n_steps=100
[I::fdg-gpu] blocklist CSR ready: edges=502888 avg_deg=95.64 max_deg=196
[M::hk_bmap_gen] generated 5258 beads
[M::hk_bmap_gen] 250793 bin pairs
[M::blind-gpu] prepared pair buffers: n_diploid=5258 n_pairs=255999 n_block_keys=502080 n_steps=100
[I::fdg-gpu] blocklist CSR ready: edges=502080 avg_deg=95.49 max_deg=196
[M::hk_bmap_gen] generated 5258 beads
[M::hk_bmap_gen] 250350 bin pairs
[M::blind-gpu] prepared pair buffers: n_diploid=5258 n_pairs=255556 n_block_keys=501194 n_steps=100
[I::fdg-gpu] blocklist CSR ready: edges=501194 avg_deg=95.32 max_deg=196
[M::hk_bmap_gen] generated 5258 beads
[M::hk_bmap_gen] 250045 bin pairs
[M::blind-gpu] prepared pair buffers: n_diploid=5258 n_pairs=255253 n_block_keys=500588 n_steps=100
[I::fdg-gpu] blocklist CSR ready: edges=500588 avg_deg=95.21 max_deg=194
[M::hk_bmap_gen] generated 5258 beads
[M::hk_bmap_gen] 249800 bin pairs
[M::blind-gpu] prepared pair buffers: n_diploid=5258 n_pairs=255006 n_block_keys=500092 n_steps=100
[I::fdg-gpu] blocklist CSR ready: edges=500092 avg_deg=95.11 max_deg=194
[M::hk_bmap_gen] generated 5258 beads
[M::hk_bmap_gen] 249471 bin pairs
[M::blind-gpu] prepared pair buffers: n_diploid=5258 n_pairs=254672 n_block_keys=499426 n_steps=100
[I::fdg-gpu] blocklist CSR ready: edges=499426 avg_deg=94.98 max_deg=193
[M::hk_bmap_gen] generated 5258 beads
[M::hk_bmap_gen] 249219 bin pairs
[M::blind-gpu] prepared pair buffers: n_diploid=5258 n_pairs=254421 n_block_keys=498924 n_steps=100
[I::fdg-gpu] blocklist CSR ready: edges=498924 avg_deg=94.89 max_deg=193
[M::hk_bmap_gen] generated 5258 beads
[M::hk_bmap_gen] 248957 bin pairs
[M::blind-gpu] prepared pair buffers: n_diploid=5258 n_pairs=254162 n_block_keys=498410 n_steps=100
[I::fdg-gpu] blocklist CSR ready: edges=498410 avg_deg=94.79 max_deg=193
[M::hk_bmap_gen] generated 5258 beads
[M::hk_bmap_gen] 248640 bin pairs
[M::blind-gpu] prepared pair buffers: n_diploid=5258 n_pairs=253847 n_block_keys=497780 n_steps=100
[I::fdg-gpu] blocklist CSR ready: edges=497780 avg_deg=94.67 max_deg=193
[M::hk_bmap_gen] generated 5258 beads
[M::hk_bmap_gen] 248469 bin pairs
[M::blind-gpu] prepared pair buffers: n_diploid=5258 n_pairs=253674 n_block_keys=497434 n_steps=100
[I::fdg-gpu] blocklist CSR ready: edges=497434 avg_deg=94.61 max_deg=193
[M::hk_bmap_gen] generated 5258 beads
[M::hk_bmap_gen] 248282 bin pairs
[M::blind-gpu] prepared pair buffers: n_diploid=5258 n_pairs=253482 n_block_keys=497046 n_steps=100
[I::fdg-gpu] blocklist CSR ready: edges=497046 avg_deg=94.53 max_deg=193
[M::hk_bmap_gen] generated 5258 beads
[M::hk_bmap_gen] 248096 bin pairs
[M::blind-gpu] prepared pair buffers: n_diploid=5258 n_pairs=253297 n_block_keys=496680 n_steps=100
[I::fdg-gpu] blocklist CSR ready: edges=496680 avg_deg=94.46 max_deg=193
[M::hk_bmap_gen] generated 5258 beads
[M::hk_bmap_gen] 247911 bin pairs
[M::blind-gpu] prepared pair buffers: n_diploid=5258 n_pairs=253113 n_block_keys=496314 n_steps=100
[I::fdg-gpu] blocklist CSR ready: edges=496314 avg_deg=94.39 max_deg=193
[M::hk_bmap_gen] generated 5258 beads
[M::hk_bmap_gen] 247740 bin pairs
[M::blind-gpu] prepared pair buffers: n_diploid=5258 n_pairs=252952 n_block_keys=495988 n_steps=100
[I::fdg-gpu] blocklist CSR ready: edges=495988 avg_deg=94.33 max_deg=193
[M::hk_bmap_gen] generated 5258 beads
[M::hk_bmap_gen] 247647 bin pairs
[M::blind-gpu] prepared pair buffers: n_diploid=5258 n_pairs=252856 n_block_keys=495792 n_steps=100
[I::fdg-gpu] blocklist CSR ready: edges=495792 avg_deg=94.29 max_deg=190
[M::hk_bmap_gen] generated 5258 beads
[M::hk_bmap_gen] 247584 bin pairs
[M::blind-gpu] prepared pair buffers: n_diploid=5258 n_pairs=252791 n_block_keys=495666 n_steps=100
[I::fdg-gpu] blocklist CSR ready: edges=495666 avg_deg=94.27 max_deg=190
[M::hk_bmap_gen] generated 5258 beads
[M::hk_bmap_gen] 247476 bin pairs
[M::blind-gpu] prepared pair buffers: n_diploid=5258 n_pairs=252681 n_block_keys=495450 n_steps=100
[I::fdg-gpu] blocklist CSR ready: edges=495450 avg_deg=94.23 max_deg=190
[M::hk_bmap_gen] generated 5258 beads
[M::hk_bmap_gen] 247383 bin pairs
[M::blind-gpu] prepared pair buffers: n_diploid=5258 n_pairs=252587 n_block_keys=495262 n_steps=100
[I::fdg-gpu] blocklist CSR ready: edges=495262 avg_deg=94.19 max_deg=190
[M::hk_bmap_gen] generated 5258 beads
[M::hk_bmap_gen] 247213 bin pairs
[M::blind-gpu] prepared pair buffers: n_diploid=5258 n_pairs=252420 n_block_keys=494926 n_steps=100
[I::fdg-gpu] blocklist CSR ready: edges=494926 avg_deg=94.13 max_deg=190
[M::hk_bmap_gen] generated 5258 beads
[M::hk_bmap_gen] 246957 bin pairs
[M::blind-gpu] prepared pair buffers: n_diploid=5258 n_pairs=252162 n_block_keys=494414 n_steps=100
[I::fdg-gpu] blocklist CSR ready: edges=494414 avg_deg=94.03 max_deg=190
[M::hk_bmap_gen] generated 5258 beads
[M::hk_bmap_gen] 246706 bin pairs
[M::blind-gpu] prepared pair buffers: n_diploid=5258 n_pairs=251909 n_block_keys=493912 n_steps=100
[I::fdg-gpu] blocklist CSR ready: edges=493912 avg_deg=93.94 max_deg=191
[M::hk_bmap_gen] generated 5258 beads
[M::hk_bmap_gen] 246502 bin pairs
[M::blind-gpu] prepared pair buffers: n_diploid=5258 n_pairs=251709 n_block_keys=493510 n_steps=100
[I::fdg-gpu] blocklist CSR ready: edges=493510 avg_deg=93.86 max_deg=191
[M::hk_bmap_gen] generated 5258 beads
[M::hk_bmap_gen] 246380 bin pairs
[M::blind-gpu] prepared pair buffers: n_diploid=5258 n_pairs=251586 n_block_keys=493264 n_steps=100
[I::fdg-gpu] blocklist CSR ready: edges=493264 avg_deg=93.81 max_deg=191
[M::hk_bmap_gen] generated 5258 beads
[M::hk_bmap_gen] 246148 bin pairs
[M::blind-gpu] prepared pair buffers: n_diploid=5258 n_pairs=251355 n_block_keys=492800 n_steps=100
[I::fdg-gpu] blocklist CSR ready: edges=492800 avg_deg=93.72 max_deg=191
[M::hk_bmap_gen] generated 5258 beads
[M::hk_bmap_gen] 246061 bin pairs
[M::blind-gpu] prepared pair buffers: n_diploid=5258 n_pairs=251267 n_block_keys=492630 n_steps=100
[I::fdg-gpu] blocklist CSR ready: edges=492630 avg_deg=93.69 max_deg=191
[M::hk_bmap_gen] generated 5258 beads
[M::hk_bmap_gen] 245981 bin pairs
[M::blind-gpu] prepared pair buffers: n_diploid=5258 n_pairs=251189 n_block_keys=492476 n_steps=100
[I::fdg-gpu] blocklist CSR ready: edges=492476 avg_deg=93.66 max_deg=191
[M::hk_bmap_gen] generated 5258 beads
[M::hk_bmap_gen] 245952 bin pairs
[M::blind-gpu] prepared pair buffers: n_diploid=5258 n_pairs=251160 n_block_keys=492420 n_steps=100
[I::fdg-gpu] blocklist CSR ready: edges=492420 avg_deg=93.65 max_deg=191
[M::hk_bmap_gen] generated 5258 beads
[M::hk_bmap_gen] 245796 bin pairs
[M::blind-gpu] prepared pair buffers: n_diploid=5258 n_pairs=251005 n_block_keys=492114 n_steps=100
[I::fdg-gpu] blocklist CSR ready: edges=492114 avg_deg=93.59 max_deg=191
[M::hk_bmap_gen] generated 5258 beads
[M::hk_bmap_gen] 245729 bin pairs
[M::blind-gpu] prepared pair buffers: n_diploid=5258 n_pairs=250935 n_block_keys=491972 n_steps=100
[I::fdg-gpu] blocklist CSR ready: edges=491972 avg_deg=93.57 max_deg=191
[M::hk_bmap_gen] generated 5258 beads
[M::hk_bmap_gen] 245629 bin pairs
[M::blind-gpu] prepared pair buffers: n_diploid=5258 n_pairs=250835 n_block_keys=491772 n_steps=100
[I::fdg-gpu] blocklist CSR ready: edges=491772 avg_deg=93.53 max_deg=191
[M::hk_bmap_gen] generated 5258 beads
[M::hk_bmap_gen] 245555 bin pairs
[M::blind-gpu] prepared pair buffers: n_diploid=5258 n_pairs=250765 n_block_keys=491628 n_steps=100
[I::fdg-gpu] blocklist CSR ready: edges=491628 avg_deg=93.50 max_deg=191
[M::hk_bmap_gen] generated 5258 beads
[M::hk_bmap_gen] 245469 bin pairs
[M::blind-gpu] prepared pair buffers: n_diploid=5258 n_pairs=250678 n_block_keys=491454 n_steps=100
[I::fdg-gpu] blocklist CSR ready: edges=491454 avg_deg=93.47 max_deg=191
[M::hk_bmap_gen] generated 5258 beads
[M::hk_bmap_gen] 245329 bin pairs
[M::blind-gpu] prepared pair buffers: n_diploid=5258 n_pairs=250534 n_block_keys=491170 n_steps=100
[I::fdg-gpu] blocklist CSR ready: edges=491170 avg_deg=93.41 max_deg=191
[M::hk_bmap_gen] generated 5258 beads
[M::hk_bmap_gen] 245222 bin pairs
[M::blind-gpu] prepared pair buffers: n_diploid=5258 n_pairs=250429 n_block_keys=490958 n_steps=100
[I::fdg-gpu] blocklist CSR ready: edges=490958 avg_deg=93.37 max_deg=191
[M::hk_bmap_gen] generated 5258 beads
[M::hk_bmap_gen] 245144 bin pairs
[M::blind-gpu] prepared pair buffers: n_diploid=5258 n_pairs=250347 n_block_keys=490790 n_steps=100
[I::fdg-gpu] blocklist CSR ready: edges=490790 avg_deg=93.34 max_deg=191
[M::hk_bmap_gen] generated 5258 beads
[M::hk_bmap_gen] 245068 bin pairs
[M::blind-gpu] prepared pair buffers: n_diploid=5258 n_pairs=250274 n_block_keys=490646 n_steps=100
[I::fdg-gpu] blocklist CSR ready: edges=490646 avg_deg=93.31 max_deg=191
[M::hk_bmap_gen] generated 5258 beads
[M::hk_bmap_gen] 244958 bin pairs
[M::blind-gpu] prepared pair buffers: n_diploid=5258 n_pairs=250166 n_block_keys=490430 n_steps=100
[I::fdg-gpu] blocklist CSR ready: edges=490430 avg_deg=93.27 max_deg=191
[M::hk_bmap_gen] generated 5258 beads
[M::hk_bmap_gen] 244808 bin pairs
[M::blind-gpu] prepared pair buffers: n_diploid=5258 n_pairs=250016 n_block_keys=490130 n_steps=100
[I::fdg-gpu] blocklist CSR ready: edges=490130 avg_deg=93.22 max_deg=191
[M::hk_bmap_gen] generated 5258 beads
[M::hk_bmap_gen] 244709 bin pairs
[M::blind-gpu] prepared pair buffers: n_diploid=5258 n_pairs=249913 n_block_keys=489922 n_steps=100
[I::fdg-gpu] blocklist CSR ready: edges=489922 avg_deg=93.18 max_deg=191
[M::hk_bmap_gen] generated 5258 beads
[M::hk_bmap_gen] 244611 bin pairs
[M::blind-gpu] prepared pair buffers: n_diploid=5258 n_pairs=249816 n_block_keys=489726 n_steps=100
[I::fdg-gpu] blocklist CSR ready: edges=489726 avg_deg=93.14 max_deg=191
[M::hk_bmap_gen] generated 5258 beads
[M::hk_bmap_gen] 244536 bin pairs
[M::blind-gpu] prepared pair buffers: n_diploid=5258 n_pairs=249738 n_block_keys=489570 n_steps=100
[I::fdg-gpu] blocklist CSR ready: edges=489570 avg_deg=93.11 max_deg=191
[M::hk_bmap_gen] generated 5258 beads
[M::hk_bmap_gen] 244496 bin pairs
[M::blind-gpu] prepared pair buffers: n_diploid=5258 n_pairs=249697 n_block_keys=489490 n_steps=100
[I::fdg-gpu] blocklist CSR ready: edges=489490 avg_deg=93.09 max_deg=191
[M::hk_bmap_gen] generated 5258 beads
[M::hk_bmap_gen] 244430 bin pairs
[M::blind-gpu] prepared pair buffers: n_diploid=5258 n_pairs=249631 n_block_keys=489358 n_steps=100
[I::fdg-gpu] blocklist CSR ready: edges=489358 avg_deg=93.07 max_deg=191
[M::hk_bmap_gen] generated 5258 beads
[M::hk_bmap_gen] 244337 bin pairs
[M::blind-gpu] prepared pair buffers: n_diploid=5258 n_pairs=249539 n_block_keys=489174 n_steps=100
[I::fdg-gpu] blocklist CSR ready: edges=489174 avg_deg=93.03 max_deg=191
[M::hk_bmap_gen] generated 5258 beads
[M::hk_bmap_gen] 244280 bin pairs
[M::blind-gpu] prepared pair buffers: n_diploid=5258 n_pairs=249482 n_block_keys=489060 n_steps=100
[I::fdg-gpu] blocklist CSR ready: edges=489060 avg_deg=93.01 max_deg=191
[M::hk_bmap_gen] generated 5258 beads
[M::hk_bmap_gen] 244259 bin pairs
[M::blind-gpu] prepared pair buffers: n_diploid=5258 n_pairs=249458 n_block_keys=489016 n_steps=100
[I::fdg-gpu] blocklist CSR ready: edges=489016 avg_deg=93.00 max_deg=191
[M::hk_bmap_gen] generated 5258 beads
[M::hk_bmap_gen] 244217 bin pairs
[M::blind-gpu] prepared pair buffers: n_diploid=5258 n_pairs=249417 n_block_keys=488936 n_steps=100
[I::fdg-gpu] blocklist CSR ready: edges=488936 avg_deg=92.99 max_deg=191
[M::hk_bmap_gen] generated 5258 beads
[M::hk_bmap_gen] 244204 bin pairs
[M::blind-gpu] prepared pair buffers: n_diploid=5258 n_pairs=249408 n_block_keys=488918 n_steps=100
[I::fdg-gpu] blocklist CSR ready: edges=488918 avg_deg=92.99 max_deg=191
[M::hk_bmap_gen] generated 5258 beads
[M::hk_bmap_gen] 244153 bin pairs
[M::blind-gpu] prepared pair buffers: n_diploid=5258 n_pairs=249356 n_block_keys=488816 n_steps=100
[I::fdg-gpu] blocklist CSR ready: edges=488816 avg_deg=92.97 max_deg=191
[M::hk_bmap_gen] generated 5258 beads
[M::hk_bmap_gen] 244111 bin pairs
[M::blind-gpu] prepared pair buffers: n_diploid=5258 n_pairs=249313 n_block_keys=488728 n_steps=100
[I::fdg-gpu] blocklist CSR ready: edges=488728 avg_deg=92.95 max_deg=191
[M::hk_bmap_gen] generated 5258 beads
[M::hk_bmap_gen] 244056 bin pairs
[M::blind-gpu] prepared pair buffers: n_diploid=5258 n_pairs=249257 n_block_keys=488616 n_steps=100
[I::fdg-gpu] blocklist CSR ready: edges=488616 avg_deg=92.93 max_deg=191
[M::hk_bmap_gen] generated 5258 beads
[M::hk_bmap_gen] 244039 bin pairs
[M::blind-gpu] prepared pair buffers: n_diploid=5258 n_pairs=249238 n_block_keys=488576 n_steps=100
[I::fdg-gpu] blocklist CSR ready: edges=488576 avg_deg=92.92 max_deg=191
[M::hk_bmap_gen] generated 5258 beads
[M::hk_bmap_gen] 244019 bin pairs
[M::blind-gpu] prepared pair buffers: n_diploid=5258 n_pairs=249218 n_block_keys=488536 n_steps=100
[I::fdg-gpu] blocklist CSR ready: edges=488536 avg_deg=92.91 max_deg=190
[M::hk_bmap_gen] generated 5258 beads
[M::hk_bmap_gen] 243959 bin pairs
[M::blind-gpu] prepared pair buffers: n_diploid=5258 n_pairs=249159 n_block_keys=488418 n_steps=100
[I::fdg-gpu] blocklist CSR ready: edges=488418 avg_deg=92.89 max_deg=190
[M::hk_bmap_gen] generated 5258 beads
[M::hk_bmap_gen] 243909 bin pairs
[M::blind-gpu] prepared pair buffers: n_diploid=5258 n_pairs=249108 n_block_keys=488316 n_steps=100
[I::fdg-gpu] blocklist CSR ready: edges=488316 avg_deg=92.87 max_deg=190
[M::hk_bmap_gen] generated 5258 beads
[M::hk_bmap_gen] 243824 bin pairs
[M::blind-gpu] prepared pair buffers: n_diploid=5258 n_pairs=249024 n_block_keys=488148 n_steps=100
[I::fdg-gpu] blocklist CSR ready: edges=488148 avg_deg=92.84 max_deg=190
[M::hk_bmap_gen] generated 5258 beads
[M::hk_bmap_gen] 243783 bin pairs
[M::blind-gpu] prepared pair buffers: n_diploid=5258 n_pairs=248980 n_block_keys=488060 n_steps=100
[I::fdg-gpu] blocklist CSR ready: edges=488060 avg_deg=92.82 max_deg=190
[M::hk_bmap_gen] generated 5258 beads
[M::hk_bmap_gen] 243731 bin pairs
[M::blind-gpu] prepared pair buffers: n_diploid=5258 n_pairs=248928 n_block_keys=487956 n_steps=100
[I::fdg-gpu] blocklist CSR ready: edges=487956 avg_deg=92.80 max_deg=190
[M::hk_bmap_gen] generated 5258 beads
[M::hk_bmap_gen] 243675 bin pairs
[M::blind-gpu] prepared pair buffers: n_diploid=5258 n_pairs=248873 n_block_keys=487846 n_steps=100
[I::fdg-gpu] blocklist CSR ready: edges=487846 avg_deg=92.78 max_deg=190
[M::hk_bmap_gen] generated 5258 beads
[M::hk_bmap_gen] 243617 bin pairs
[M::blind-gpu] prepared pair buffers: n_diploid=5258 n_pairs=248818 n_block_keys=487734 n_steps=100
[I::fdg-gpu] blocklist CSR ready: edges=487734 avg_deg=92.76 max_deg=190
minimal P9016[1m]: write outputs to /mnt/ssd/zliu/phase3/test_res/016-20260618_150851-p9016_charm_contacts_condition_sweep_1m/work_outputs/2pr/p9016_charm3dg20k_2pr_pcgamma0p5_sep_off_ieps0p5_noise0/p9016_charm3dg20k_2pr_pcgamma0p5_sep_off_ieps0p5_noise0
[M::hk_bmap_gen] generated 5258 beads
[M::hk_bmap_gen] 243554 bin pairs
minimal P9016[1m]: status=OK final_entropy=1.0324885 final_pU=0.74478298
minimal P9016: summary /mnt/ssd/zliu/phase3/test_res/016-20260618_150851-p9016_charm_contacts_condition_sweep_1m/work_outputs/2pr/p9016_charm3dg20k_2pr_pcgamma0p5_sep_off_ieps0p5_noise0/matrix_summary.tsv
