minimal P9016: input=/mnt/ssd/zliu/phase3/test_res/016-20260618_150851-p9016_charm_contacts_condition_sweep_1m/synthetic_pairs/p9016_charm3dg20k_2pr_contacts.pairs.gz output_root=/mnt/ssd/zliu/phase3/test_res/016-20260618_150851-p9016_charm_contacts_condition_sweep_1m/work_outputs/2pr/p9016_charm3dg20k_2pr_tempered_pcgamma0_sep_off_ieps0p5_noise0 config=p9016_charm3dg20k_2pr_tempered_pcgamma0_sep_off_ieps0p5_noise0 baseline=softall n_iter=100 relax_steps=100 relax_step=0.012 chain=0 init_mode=unphased_scaffold_split init_eps=0.5 init_noise=0 init_scale=10 init_seed=17 min_sep=0 lambda_sep=0 d_scale_mode=tempered_posterior_count d_scale_input=tempered_posterior_count d_scale_formula=n_raw*posterior_prob^0 d_scale_gamma=0 d_scale_eps=1e-06 relax_backend=gpu
minimal P9016: stage 1/1 name=1m bin_size_bp=1000000 parent=0
[M::hk_map_read] read 1265114 pairs
[M::hk_bmap_gen] generated 2629 beads
[M::hk_bmap_gen] 86507 bin pairs
minimal P9016[1m]: build binned contacts
minimal P9016[1m]: init mode=unphased_scaffold_split seed=17 scale=10
[M::hk_fdg] mid_dist:1000000 max_nei:2113
[M::hk_fdg1_cpu] iter:10 elapsed:0.13s rep_coef:0.2092 RMS_force:72.7566 n_rep:47.4264 energy:30.4455,12.2182,0.0044 dist:6.2058,11.4957,1.4803
[M::hk_fdg1_cpu] iter:20 elapsed:0.40s rep_coef:0.6615 RMS_force:59.1740 n_rep:171.8923 energy:7.7786,6.7845,0.0148 dist:3.4154,7.2154,1.4629
[M::hk_fdg1_cpu] iter:30 elapsed:1.11s rep_coef:0.9352 RMS_force:41.2076 n_rep:422.1031 energy:1.5712,3.2326,0.0237 dist:1.9826,4.3717,1.4185
[M::hk_fdg1_cpu] iter:40 elapsed:1.65s rep_coef:0.9907 RMS_force:31.7401 n_rep:101.1096 energy:0.3011,1.4410,0.0253 dist:1.1510,3.1542,1.4251
[M::hk_fdg1_cpu] iter:50 elapsed:2.07s rep_coef:0.9987 RMS_force:18.7176 n_rep:228.0190 energy:0.0859,0.5543,0.0220 dist:0.7443,2.0938,1.4739
minimal P9016[1m]: run softall, n_iter=100 relax_steps=100 relax_step=0.012 relax_backend=gpu
[M::hk_bmap_gen] generated 5258 beads
[M::hk_bmap_gen] 298644 bin pairs
[M::blind-gpu] prepared pair buffers: n_diploid=5258 n_pairs=303856 n_block_keys=597756 n_steps=100
[I::fdg-gpu] blocklist CSR ready: edges=597756 avg_deg=113.69 max_deg=202
[M::hk_bmap_gen] generated 5258 beads
[M::hk_bmap_gen] 301036 bin pairs
[M::blind-gpu] prepared pair buffers: n_diploid=5258 n_pairs=306248 n_block_keys=602540 n_steps=100
[I::fdg-gpu] blocklist CSR ready: edges=602540 avg_deg=114.59 max_deg=203
[M::hk_bmap_gen] generated 5258 beads
[M::hk_bmap_gen] 299108 bin pairs
[M::blind-gpu] prepared pair buffers: n_diploid=5258 n_pairs=304317 n_block_keys=598680 n_steps=100
[I::fdg-gpu] blocklist CSR ready: edges=598680 avg_deg=113.86 max_deg=203
[M::hk_bmap_gen] generated 5258 beads
[M::hk_bmap_gen] 296763 bin pairs
[M::blind-gpu] prepared pair buffers: n_diploid=5258 n_pairs=301973 n_block_keys=593994 n_steps=100
[I::fdg-gpu] blocklist CSR ready: edges=593994 avg_deg=112.97 max_deg=203
[M::hk_bmap_gen] generated 5258 beads
[M::hk_bmap_gen] 294796 bin pairs
[M::blind-gpu] prepared pair buffers: n_diploid=5258 n_pairs=300005 n_block_keys=590058 n_steps=100
[I::fdg-gpu] blocklist CSR ready: edges=590058 avg_deg=112.22 max_deg=202
[M::hk_bmap_gen] generated 5258 beads
[M::hk_bmap_gen] 293093 bin pairs
[M::blind-gpu] prepared pair buffers: n_diploid=5258 n_pairs=298303 n_block_keys=586656 n_steps=100
[I::fdg-gpu] blocklist CSR ready: edges=586656 avg_deg=111.57 max_deg=201
[M::hk_bmap_gen] generated 5258 beads
[M::hk_bmap_gen] 291572 bin pairs
[M::blind-gpu] prepared pair buffers: n_diploid=5258 n_pairs=296782 n_block_keys=583616 n_steps=100
[I::fdg-gpu] blocklist CSR ready: edges=583616 avg_deg=111.00 max_deg=201
[M::hk_bmap_gen] generated 5258 beads
[M::hk_bmap_gen] 290292 bin pairs
[M::blind-gpu] prepared pair buffers: n_diploid=5258 n_pairs=295502 n_block_keys=581058 n_steps=100
[I::fdg-gpu] blocklist CSR ready: edges=581058 avg_deg=110.51 max_deg=201
[M::hk_bmap_gen] generated 5258 beads
[M::hk_bmap_gen] 289156 bin pairs
[M::blind-gpu] prepared pair buffers: n_diploid=5258 n_pairs=294365 n_block_keys=578784 n_steps=100
[I::fdg-gpu] blocklist CSR ready: edges=578784 avg_deg=110.08 max_deg=201
[M::hk_bmap_gen] generated 5258 beads
[M::hk_bmap_gen] 288081 bin pairs
[M::blind-gpu] prepared pair buffers: n_diploid=5258 n_pairs=293291 n_block_keys=576636 n_steps=100
[I::fdg-gpu] blocklist CSR ready: edges=576636 avg_deg=109.67 max_deg=201
[M::hk_bmap_gen] generated 5258 beads
[M::hk_bmap_gen] 287165 bin pairs
[M::blind-gpu] prepared pair buffers: n_diploid=5258 n_pairs=292374 n_block_keys=574800 n_steps=100
[I::fdg-gpu] blocklist CSR ready: edges=574800 avg_deg=109.32 max_deg=200
[M::hk_bmap_gen] generated 5258 beads
[M::hk_bmap_gen] 286371 bin pairs
[M::blind-gpu] prepared pair buffers: n_diploid=5258 n_pairs=291575 n_block_keys=573202 n_steps=100
[I::fdg-gpu] blocklist CSR ready: edges=573202 avg_deg=109.02 max_deg=200
[M::hk_bmap_gen] generated 5258 beads
[M::hk_bmap_gen] 285661 bin pairs
[M::blind-gpu] prepared pair buffers: n_diploid=5258 n_pairs=290867 n_block_keys=571788 n_steps=100
[I::fdg-gpu] blocklist CSR ready: edges=571788 avg_deg=108.75 max_deg=200
[M::hk_bmap_gen] generated 5258 beads
[M::hk_bmap_gen] 285132 bin pairs
[M::blind-gpu] prepared pair buffers: n_diploid=5258 n_pairs=290341 n_block_keys=570732 n_steps=100
[I::fdg-gpu] blocklist CSR ready: edges=570732 avg_deg=108.55 max_deg=200
[M::hk_bmap_gen] generated 5258 beads
[M::hk_bmap_gen] 284660 bin pairs
[M::blind-gpu] prepared pair buffers: n_diploid=5258 n_pairs=289870 n_block_keys=569790 n_steps=100
[I::fdg-gpu] blocklist CSR ready: edges=569790 avg_deg=108.37 max_deg=200
[M::hk_bmap_gen] generated 5258 beads
[M::hk_bmap_gen] 284287 bin pairs
[M::blind-gpu] prepared pair buffers: n_diploid=5258 n_pairs=289496 n_block_keys=569046 n_steps=100
[I::fdg-gpu] blocklist CSR ready: edges=569046 avg_deg=108.22 max_deg=200
[M::hk_bmap_gen] generated 5258 beads
[M::hk_bmap_gen] 283967 bin pairs
[M::blind-gpu] prepared pair buffers: n_diploid=5258 n_pairs=289175 n_block_keys=568402 n_steps=100
[I::fdg-gpu] blocklist CSR ready: edges=568402 avg_deg=108.10 max_deg=200
[M::hk_bmap_gen] generated 5258 beads
[M::hk_bmap_gen] 283662 bin pairs
[M::blind-gpu] prepared pair buffers: n_diploid=5258 n_pairs=288870 n_block_keys=567792 n_steps=100
[I::fdg-gpu] blocklist CSR ready: edges=567792 avg_deg=107.99 max_deg=200
[M::hk_bmap_gen] generated 5258 beads
[M::hk_bmap_gen] 283430 bin pairs
[M::blind-gpu] prepared pair buffers: n_diploid=5258 n_pairs=288638 n_block_keys=567328 n_steps=100
[I::fdg-gpu] blocklist CSR ready: edges=567328 avg_deg=107.90 max_deg=200
[M::hk_bmap_gen] generated 5258 beads
[M::hk_bmap_gen] 283149 bin pairs
[M::blind-gpu] prepared pair buffers: n_diploid=5258 n_pairs=288358 n_block_keys=566768 n_steps=100
[I::fdg-gpu] blocklist CSR ready: edges=566768 avg_deg=107.79 max_deg=200
[M::hk_bmap_gen] generated 5258 beads
[M::hk_bmap_gen] 282873 bin pairs
[M::blind-gpu] prepared pair buffers: n_diploid=5258 n_pairs=288081 n_block_keys=566214 n_steps=100
[I::fdg-gpu] blocklist CSR ready: edges=566214 avg_deg=107.69 max_deg=200
[M::hk_bmap_gen] generated 5258 beads
[M::hk_bmap_gen] 282548 bin pairs
[M::blind-gpu] prepared pair buffers: n_diploid=5258 n_pairs=287757 n_block_keys=565566 n_steps=100
[I::fdg-gpu] blocklist CSR ready: edges=565566 avg_deg=107.56 max_deg=200
[M::hk_bmap_gen] generated 5258 beads
[M::hk_bmap_gen] 282155 bin pairs
[M::blind-gpu] prepared pair buffers: n_diploid=5258 n_pairs=287366 n_block_keys=564784 n_steps=100
[I::fdg-gpu] blocklist CSR ready: edges=564784 avg_deg=107.41 max_deg=200
[M::hk_bmap_gen] generated 5258 beads
[M::hk_bmap_gen] 281787 bin pairs
[M::blind-gpu] prepared pair buffers: n_diploid=5258 n_pairs=286998 n_block_keys=564048 n_steps=100
[I::fdg-gpu] blocklist CSR ready: edges=564048 avg_deg=107.27 max_deg=200
[M::hk_bmap_gen] generated 5258 beads
[M::hk_bmap_gen] 281459 bin pairs
[M::blind-gpu] prepared pair buffers: n_diploid=5258 n_pairs=286671 n_block_keys=563396 n_steps=100
[I::fdg-gpu] blocklist CSR ready: edges=563396 avg_deg=107.15 max_deg=200
[M::hk_bmap_gen] generated 5258 beads
[M::hk_bmap_gen] 281200 bin pairs
[M::blind-gpu] prepared pair buffers: n_diploid=5258 n_pairs=286410 n_block_keys=562870 n_steps=100
[I::fdg-gpu] blocklist CSR ready: edges=562870 avg_deg=107.05 max_deg=200
[M::hk_bmap_gen] generated 5258 beads
[M::hk_bmap_gen] 280960 bin pairs
[M::blind-gpu] prepared pair buffers: n_diploid=5258 n_pairs=286166 n_block_keys=562380 n_steps=100
[I::fdg-gpu] blocklist CSR ready: edges=562380 avg_deg=106.96 max_deg=200
[M::hk_bmap_gen] generated 5258 beads
[M::hk_bmap_gen] 280829 bin pairs
[M::blind-gpu] prepared pair buffers: n_diploid=5258 n_pairs=286031 n_block_keys=562112 n_steps=100
[I::fdg-gpu] blocklist CSR ready: edges=562112 avg_deg=106.91 max_deg=200
[M::hk_bmap_gen] generated 5258 beads
[M::hk_bmap_gen] 280642 bin pairs
[M::blind-gpu] prepared pair buffers: n_diploid=5258 n_pairs=285848 n_block_keys=561748 n_steps=100
[I::fdg-gpu] blocklist CSR ready: edges=561748 avg_deg=106.84 max_deg=200
[M::hk_bmap_gen] generated 5258 beads
[M::hk_bmap_gen] 280475 bin pairs
[M::blind-gpu] prepared pair buffers: n_diploid=5258 n_pairs=285683 n_block_keys=561422 n_steps=100
[I::fdg-gpu] blocklist CSR ready: edges=561422 avg_deg=106.77 max_deg=200
[M::hk_bmap_gen] generated 5258 beads
[M::hk_bmap_gen] 280336 bin pairs
[M::blind-gpu] prepared pair buffers: n_diploid=5258 n_pairs=285537 n_block_keys=561132 n_steps=100
[I::fdg-gpu] blocklist CSR ready: edges=561132 avg_deg=106.72 max_deg=200
[M::hk_bmap_gen] generated 5258 beads
[M::hk_bmap_gen] 280246 bin pairs
[M::blind-gpu] prepared pair buffers: n_diploid=5258 n_pairs=285447 n_block_keys=560950 n_steps=100
[I::fdg-gpu] blocklist CSR ready: edges=560950 avg_deg=106.69 max_deg=200
[M::hk_bmap_gen] generated 5258 beads
[M::hk_bmap_gen] 280163 bin pairs
[M::blind-gpu] prepared pair buffers: n_diploid=5258 n_pairs=285370 n_block_keys=560796 n_steps=100
[I::fdg-gpu] blocklist CSR ready: edges=560796 avg_deg=106.66 max_deg=200
[M::hk_bmap_gen] generated 5258 beads
[M::hk_bmap_gen] 280059 bin pairs
[M::blind-gpu] prepared pair buffers: n_diploid=5258 n_pairs=285267 n_block_keys=560590 n_steps=100
[I::fdg-gpu] blocklist CSR ready: edges=560590 avg_deg=106.62 max_deg=200
[M::hk_bmap_gen] generated 5258 beads
[M::hk_bmap_gen] 280041 bin pairs
[M::blind-gpu] prepared pair buffers: n_diploid=5258 n_pairs=285246 n_block_keys=560552 n_steps=100
[I::fdg-gpu] blocklist CSR ready: edges=560552 avg_deg=106.61 max_deg=200
[M::hk_bmap_gen] generated 5258 beads
[M::hk_bmap_gen] 279955 bin pairs
[M::blind-gpu] prepared pair buffers: n_diploid=5258 n_pairs=285159 n_block_keys=560380 n_steps=100
[I::fdg-gpu] blocklist CSR ready: edges=560380 avg_deg=106.58 max_deg=200
[M::hk_bmap_gen] generated 5258 beads
[M::hk_bmap_gen] 279892 bin pairs
[M::blind-gpu] prepared pair buffers: n_diploid=5258 n_pairs=285099 n_block_keys=560260 n_steps=100
[I::fdg-gpu] blocklist CSR ready: edges=560260 avg_deg=106.55 max_deg=200
[M::hk_bmap_gen] generated 5258 beads
[M::hk_bmap_gen] 279818 bin pairs
[M::blind-gpu] prepared pair buffers: n_diploid=5258 n_pairs=285027 n_block_keys=560116 n_steps=100
[I::fdg-gpu] blocklist CSR ready: edges=560116 avg_deg=106.53 max_deg=200
[M::hk_bmap_gen] generated 5258 beads
[M::hk_bmap_gen] 279801 bin pairs
[M::blind-gpu] prepared pair buffers: n_diploid=5258 n_pairs=285010 n_block_keys=560082 n_steps=100
[I::fdg-gpu] blocklist CSR ready: edges=560082 avg_deg=106.52 max_deg=200
[M::hk_bmap_gen] generated 5258 beads
[M::hk_bmap_gen] 279762 bin pairs
[M::blind-gpu] prepared pair buffers: n_diploid=5258 n_pairs=284971 n_block_keys=560004 n_steps=100
[I::fdg-gpu] blocklist CSR ready: edges=560004 avg_deg=106.51 max_deg=200
[M::hk_bmap_gen] generated 5258 beads
[M::hk_bmap_gen] 279703 bin pairs
[M::blind-gpu] prepared pair buffers: n_diploid=5258 n_pairs=284912 n_block_keys=559886 n_steps=100
[I::fdg-gpu] blocklist CSR ready: edges=559886 avg_deg=106.48 max_deg=200
[M::hk_bmap_gen] generated 5258 beads
[M::hk_bmap_gen] 279640 bin pairs
[M::blind-gpu] prepared pair buffers: n_diploid=5258 n_pairs=284849 n_block_keys=559760 n_steps=100
[I::fdg-gpu] blocklist CSR ready: edges=559760 avg_deg=106.46 max_deg=200
[M::hk_bmap_gen] generated 5258 beads
[M::hk_bmap_gen] 279590 bin pairs
[M::blind-gpu] prepared pair buffers: n_diploid=5258 n_pairs=284796 n_block_keys=559654 n_steps=100
[I::fdg-gpu] blocklist CSR ready: edges=559654 avg_deg=106.44 max_deg=200
[M::hk_bmap_gen] generated 5258 beads
[M::hk_bmap_gen] 279513 bin pairs
[M::blind-gpu] prepared pair buffers: n_diploid=5258 n_pairs=284719 n_block_keys=559500 n_steps=100
[I::fdg-gpu] blocklist CSR ready: edges=559500 avg_deg=106.41 max_deg=200
[M::hk_bmap_gen] generated 5258 beads
[M::hk_bmap_gen] 279470 bin pairs
[M::blind-gpu] prepared pair buffers: n_diploid=5258 n_pairs=284675 n_block_keys=559412 n_steps=100
[I::fdg-gpu] blocklist CSR ready: edges=559412 avg_deg=106.39 max_deg=200
[M::hk_bmap_gen] generated 5258 beads
[M::hk_bmap_gen] 279443 bin pairs
[M::blind-gpu] prepared pair buffers: n_diploid=5258 n_pairs=284652 n_block_keys=559366 n_steps=100
[I::fdg-gpu] blocklist CSR ready: edges=559366 avg_deg=106.38 max_deg=200
[M::hk_bmap_gen] generated 5258 beads
[M::hk_bmap_gen] 279434 bin pairs
[M::blind-gpu] prepared pair buffers: n_diploid=5258 n_pairs=284642 n_block_keys=559348 n_steps=100
[I::fdg-gpu] blocklist CSR ready: edges=559348 avg_deg=106.38 max_deg=200
[M::hk_bmap_gen] generated 5258 beads
[M::hk_bmap_gen] 279393 bin pairs
[M::blind-gpu] prepared pair buffers: n_diploid=5258 n_pairs=284601 n_block_keys=559266 n_steps=100
[I::fdg-gpu] blocklist CSR ready: edges=559266 avg_deg=106.36 max_deg=200
[M::hk_bmap_gen] generated 5258 beads
[M::hk_bmap_gen] 279383 bin pairs
[M::blind-gpu] prepared pair buffers: n_diploid=5258 n_pairs=284594 n_block_keys=559252 n_steps=100
[I::fdg-gpu] blocklist CSR ready: edges=559252 avg_deg=106.36 max_deg=200
[M::hk_bmap_gen] generated 5258 beads
[M::hk_bmap_gen] 279355 bin pairs
[M::blind-gpu] prepared pair buffers: n_diploid=5258 n_pairs=284567 n_block_keys=559198 n_steps=100
[I::fdg-gpu] blocklist CSR ready: edges=559198 avg_deg=106.35 max_deg=200
[M::hk_bmap_gen] generated 5258 beads
[M::hk_bmap_gen] 279340 bin pairs
[M::blind-gpu] prepared pair buffers: n_diploid=5258 n_pairs=284552 n_block_keys=559168 n_steps=100
[I::fdg-gpu] blocklist CSR ready: edges=559168 avg_deg=106.35 max_deg=200
[M::hk_bmap_gen] generated 5258 beads
[M::hk_bmap_gen] 279326 bin pairs
[M::blind-gpu] prepared pair buffers: n_diploid=5258 n_pairs=284538 n_block_keys=559140 n_steps=100
[I::fdg-gpu] blocklist CSR ready: edges=559140 avg_deg=106.34 max_deg=200
[M::hk_bmap_gen] generated 5258 beads
[M::hk_bmap_gen] 279333 bin pairs
[M::blind-gpu] prepared pair buffers: n_diploid=5258 n_pairs=284545 n_block_keys=559154 n_steps=100
[I::fdg-gpu] blocklist CSR ready: edges=559154 avg_deg=106.34 max_deg=200
[M::hk_bmap_gen] generated 5258 beads
[M::hk_bmap_gen] 279291 bin pairs
[M::blind-gpu] prepared pair buffers: n_diploid=5258 n_pairs=284504 n_block_keys=559072 n_steps=100
[I::fdg-gpu] blocklist CSR ready: edges=559072 avg_deg=106.33 max_deg=200
[M::hk_bmap_gen] generated 5258 beads
[M::hk_bmap_gen] 279268 bin pairs
[M::blind-gpu] prepared pair buffers: n_diploid=5258 n_pairs=284476 n_block_keys=559016 n_steps=100
[I::fdg-gpu] blocklist CSR ready: edges=559016 avg_deg=106.32 max_deg=200
[M::hk_bmap_gen] generated 5258 beads
[M::hk_bmap_gen] 279225 bin pairs
[M::blind-gpu] prepared pair buffers: n_diploid=5258 n_pairs=284435 n_block_keys=558934 n_steps=100
[I::fdg-gpu] blocklist CSR ready: edges=558934 avg_deg=106.30 max_deg=200
[M::hk_bmap_gen] generated 5258 beads
[M::hk_bmap_gen] 279160 bin pairs
[M::blind-gpu] prepared pair buffers: n_diploid=5258 n_pairs=284374 n_block_keys=558814 n_steps=100
[I::fdg-gpu] blocklist CSR ready: edges=558814 avg_deg=106.28 max_deg=200
[M::hk_bmap_gen] generated 5258 beads
[M::hk_bmap_gen] 279114 bin pairs
[M::blind-gpu] prepared pair buffers: n_diploid=5258 n_pairs=284327 n_block_keys=558720 n_steps=100
[I::fdg-gpu] blocklist CSR ready: edges=558720 avg_deg=106.26 max_deg=200
[M::hk_bmap_gen] generated 5258 beads
[M::hk_bmap_gen] 279063 bin pairs
[M::blind-gpu] prepared pair buffers: n_diploid=5258 n_pairs=284276 n_block_keys=558618 n_steps=100
[I::fdg-gpu] blocklist CSR ready: edges=558618 avg_deg=106.24 max_deg=200
[M::hk_bmap_gen] generated 5258 beads
[M::hk_bmap_gen] 279017 bin pairs
[M::blind-gpu] prepared pair buffers: n_diploid=5258 n_pairs=284229 n_block_keys=558524 n_steps=100
[I::fdg-gpu] blocklist CSR ready: edges=558524 avg_deg=106.22 max_deg=200
[M::hk_bmap_gen] generated 5258 beads
[M::hk_bmap_gen] 278961 bin pairs
[M::blind-gpu] prepared pair buffers: n_diploid=5258 n_pairs=284173 n_block_keys=558412 n_steps=100
[I::fdg-gpu] blocklist CSR ready: edges=558412 avg_deg=106.20 max_deg=200
[M::hk_bmap_gen] generated 5258 beads
[M::hk_bmap_gen] 278888 bin pairs
[M::blind-gpu] prepared pair buffers: n_diploid=5258 n_pairs=284098 n_block_keys=558262 n_steps=100
[I::fdg-gpu] blocklist CSR ready: edges=558262 avg_deg=106.17 max_deg=200
[M::hk_bmap_gen] generated 5258 beads
[M::hk_bmap_gen] 278871 bin pairs
[M::blind-gpu] prepared pair buffers: n_diploid=5258 n_pairs=284078 n_block_keys=558222 n_steps=100
[I::fdg-gpu] blocklist CSR ready: edges=558222 avg_deg=106.17 max_deg=200
[M::hk_bmap_gen] generated 5258 beads
[M::hk_bmap_gen] 278820 bin pairs
[M::blind-gpu] prepared pair buffers: n_diploid=5258 n_pairs=284026 n_block_keys=558118 n_steps=100
[I::fdg-gpu] blocklist CSR ready: edges=558118 avg_deg=106.15 max_deg=200
[M::hk_bmap_gen] generated 5258 beads
[M::hk_bmap_gen] 278732 bin pairs
[M::blind-gpu] prepared pair buffers: n_diploid=5258 n_pairs=283936 n_block_keys=557938 n_steps=100
[I::fdg-gpu] blocklist CSR ready: edges=557938 avg_deg=106.11 max_deg=200
[M::hk_bmap_gen] generated 5258 beads
[M::hk_bmap_gen] 278684 bin pairs
[M::blind-gpu] prepared pair buffers: n_diploid=5258 n_pairs=283886 n_block_keys=557838 n_steps=100
[I::fdg-gpu] blocklist CSR ready: edges=557838 avg_deg=106.09 max_deg=200
[M::hk_bmap_gen] generated 5258 beads
[M::hk_bmap_gen] 278630 bin pairs
[M::blind-gpu] prepared pair buffers: n_diploid=5258 n_pairs=283832 n_block_keys=557730 n_steps=100
[I::fdg-gpu] blocklist CSR ready: edges=557730 avg_deg=106.07 max_deg=200
[M::hk_bmap_gen] generated 5258 beads
[M::hk_bmap_gen] 278582 bin pairs
[M::blind-gpu] prepared pair buffers: n_diploid=5258 n_pairs=283785 n_block_keys=557636 n_steps=100
[I::fdg-gpu] blocklist CSR ready: edges=557636 avg_deg=106.05 max_deg=200
[M::hk_bmap_gen] generated 5258 beads
[M::hk_bmap_gen] 278536 bin pairs
[M::blind-gpu] prepared pair buffers: n_diploid=5258 n_pairs=283739 n_block_keys=557544 n_steps=100
[I::fdg-gpu] blocklist CSR ready: edges=557544 avg_deg=106.04 max_deg=200
[M::hk_bmap_gen] generated 5258 beads
[M::hk_bmap_gen] 278523 bin pairs
[M::blind-gpu] prepared pair buffers: n_diploid=5258 n_pairs=283727 n_block_keys=557520 n_steps=100
[I::fdg-gpu] blocklist CSR ready: edges=557520 avg_deg=106.03 max_deg=200
[M::hk_bmap_gen] generated 5258 beads
[M::hk_bmap_gen] 278471 bin pairs
[M::blind-gpu] prepared pair buffers: n_diploid=5258 n_pairs=283675 n_block_keys=557416 n_steps=100
[I::fdg-gpu] blocklist CSR ready: edges=557416 avg_deg=106.01 max_deg=200
[M::hk_bmap_gen] generated 5258 beads
[M::hk_bmap_gen] 278433 bin pairs
[M::blind-gpu] prepared pair buffers: n_diploid=5258 n_pairs=283637 n_block_keys=557340 n_steps=100
[I::fdg-gpu] blocklist CSR ready: edges=557340 avg_deg=106.00 max_deg=200
[M::hk_bmap_gen] generated 5258 beads
[M::hk_bmap_gen] 278372 bin pairs
[M::blind-gpu] prepared pair buffers: n_diploid=5258 n_pairs=283578 n_block_keys=557224 n_steps=100
[I::fdg-gpu] blocklist CSR ready: edges=557224 avg_deg=105.98 max_deg=200
[M::hk_bmap_gen] generated 5258 beads
[M::hk_bmap_gen] 278344 bin pairs
[M::blind-gpu] prepared pair buffers: n_diploid=5258 n_pairs=283549 n_block_keys=557166 n_steps=100
[I::fdg-gpu] blocklist CSR ready: edges=557166 avg_deg=105.97 max_deg=200
[M::hk_bmap_gen] generated 5258 beads
[M::hk_bmap_gen] 278279 bin pairs
[M::blind-gpu] prepared pair buffers: n_diploid=5258 n_pairs=283485 n_block_keys=557038 n_steps=100
[I::fdg-gpu] blocklist CSR ready: edges=557038 avg_deg=105.94 max_deg=200
[M::hk_bmap_gen] generated 5258 beads
[M::hk_bmap_gen] 278219 bin pairs
[M::blind-gpu] prepared pair buffers: n_diploid=5258 n_pairs=283422 n_block_keys=556912 n_steps=100
[I::fdg-gpu] blocklist CSR ready: edges=556912 avg_deg=105.92 max_deg=200
[M::hk_bmap_gen] generated 5258 beads
[M::hk_bmap_gen] 278155 bin pairs
[M::blind-gpu] prepared pair buffers: n_diploid=5258 n_pairs=283361 n_block_keys=556790 n_steps=100
[I::fdg-gpu] blocklist CSR ready: edges=556790 avg_deg=105.89 max_deg=200
[M::hk_bmap_gen] generated 5258 beads
[M::hk_bmap_gen] 278076 bin pairs
[M::blind-gpu] prepared pair buffers: n_diploid=5258 n_pairs=283282 n_block_keys=556632 n_steps=100
[I::fdg-gpu] blocklist CSR ready: edges=556632 avg_deg=105.86 max_deg=200
[M::hk_bmap_gen] generated 5258 beads
[M::hk_bmap_gen] 277964 bin pairs
[M::blind-gpu] prepared pair buffers: n_diploid=5258 n_pairs=283170 n_block_keys=556408 n_steps=100
[I::fdg-gpu] blocklist CSR ready: edges=556408 avg_deg=105.82 max_deg=200
[M::hk_bmap_gen] generated 5258 beads
[M::hk_bmap_gen] 277909 bin pairs
[M::blind-gpu] prepared pair buffers: n_diploid=5258 n_pairs=283115 n_block_keys=556298 n_steps=100
[I::fdg-gpu] blocklist CSR ready: edges=556298 avg_deg=105.80 max_deg=200
[M::hk_bmap_gen] generated 5258 beads
[M::hk_bmap_gen] 277860 bin pairs
[M::blind-gpu] prepared pair buffers: n_diploid=5258 n_pairs=283061 n_block_keys=556190 n_steps=100
[I::fdg-gpu] blocklist CSR ready: edges=556190 avg_deg=105.78 max_deg=200
[M::hk_bmap_gen] generated 5258 beads
[M::hk_bmap_gen] 277819 bin pairs
[M::blind-gpu] prepared pair buffers: n_diploid=5258 n_pairs=283024 n_block_keys=556116 n_steps=100
[I::fdg-gpu] blocklist CSR ready: edges=556116 avg_deg=105.77 max_deg=200
[M::hk_bmap_gen] generated 5258 beads
[M::hk_bmap_gen] 277765 bin pairs
[M::blind-gpu] prepared pair buffers: n_diploid=5258 n_pairs=282969 n_block_keys=556006 n_steps=100
[I::fdg-gpu] blocklist CSR ready: edges=556006 avg_deg=105.74 max_deg=200
[M::hk_bmap_gen] generated 5258 beads
[M::hk_bmap_gen] 277693 bin pairs
[M::blind-gpu] prepared pair buffers: n_diploid=5258 n_pairs=282901 n_block_keys=555872 n_steps=100
[I::fdg-gpu] blocklist CSR ready: edges=555872 avg_deg=105.72 max_deg=200
[M::hk_bmap_gen] generated 5258 beads
[M::hk_bmap_gen] 277639 bin pairs
[M::blind-gpu] prepared pair buffers: n_diploid=5258 n_pairs=282847 n_block_keys=555764 n_steps=100
[I::fdg-gpu] blocklist CSR ready: edges=555764 avg_deg=105.70 max_deg=200
[M::hk_bmap_gen] generated 5258 beads
[M::hk_bmap_gen] 277627 bin pairs
[M::blind-gpu] prepared pair buffers: n_diploid=5258 n_pairs=282836 n_block_keys=555742 n_steps=100
[I::fdg-gpu] blocklist CSR ready: edges=555742 avg_deg=105.69 max_deg=200
[M::hk_bmap_gen] generated 5258 beads
[M::hk_bmap_gen] 277598 bin pairs
[M::blind-gpu] prepared pair buffers: n_diploid=5258 n_pairs=282808 n_block_keys=555686 n_steps=100
[I::fdg-gpu] blocklist CSR ready: edges=555686 avg_deg=105.68 max_deg=200
[M::hk_bmap_gen] generated 5258 beads
[M::hk_bmap_gen] 277553 bin pairs
[M::blind-gpu] prepared pair buffers: n_diploid=5258 n_pairs=282762 n_block_keys=555594 n_steps=100
[I::fdg-gpu] blocklist CSR ready: edges=555594 avg_deg=105.67 max_deg=200
[M::hk_bmap_gen] generated 5258 beads
[M::hk_bmap_gen] 277516 bin pairs
[M::blind-gpu] prepared pair buffers: n_diploid=5258 n_pairs=282726 n_block_keys=555522 n_steps=100
[I::fdg-gpu] blocklist CSR ready: edges=555522 avg_deg=105.65 max_deg=200
[M::hk_bmap_gen] generated 5258 beads
[M::hk_bmap_gen] 277498 bin pairs
[M::blind-gpu] prepared pair buffers: n_diploid=5258 n_pairs=282706 n_block_keys=555482 n_steps=100
[I::fdg-gpu] blocklist CSR ready: edges=555482 avg_deg=105.65 max_deg=200
[M::hk_bmap_gen] generated 5258 beads
[M::hk_bmap_gen] 277468 bin pairs
[M::blind-gpu] prepared pair buffers: n_diploid=5258 n_pairs=282673 n_block_keys=555416 n_steps=100
[I::fdg-gpu] blocklist CSR ready: edges=555416 avg_deg=105.63 max_deg=200
[M::hk_bmap_gen] generated 5258 beads
[M::hk_bmap_gen] 277451 bin pairs
[M::blind-gpu] prepared pair buffers: n_diploid=5258 n_pairs=282655 n_block_keys=555380 n_steps=100
[I::fdg-gpu] blocklist CSR ready: edges=555380 avg_deg=105.63 max_deg=200
[M::hk_bmap_gen] generated 5258 beads
[M::hk_bmap_gen] 277411 bin pairs
[M::blind-gpu] prepared pair buffers: n_diploid=5258 n_pairs=282612 n_block_keys=555294 n_steps=100
[I::fdg-gpu] blocklist CSR ready: edges=555294 avg_deg=105.61 max_deg=200
[M::hk_bmap_gen] generated 5258 beads
[M::hk_bmap_gen] 277361 bin pairs
[M::blind-gpu] prepared pair buffers: n_diploid=5258 n_pairs=282561 n_block_keys=555192 n_steps=100
[I::fdg-gpu] blocklist CSR ready: edges=555192 avg_deg=105.59 max_deg=200
[M::hk_bmap_gen] generated 5258 beads
[M::hk_bmap_gen] 277343 bin pairs
[M::blind-gpu] prepared pair buffers: n_diploid=5258 n_pairs=282542 n_block_keys=555154 n_steps=100
[I::fdg-gpu] blocklist CSR ready: edges=555154 avg_deg=105.58 max_deg=200
[M::hk_bmap_gen] generated 5258 beads
[M::hk_bmap_gen] 277309 bin pairs
[M::blind-gpu] prepared pair buffers: n_diploid=5258 n_pairs=282509 n_block_keys=555088 n_steps=100
[I::fdg-gpu] blocklist CSR ready: edges=555088 avg_deg=105.57 max_deg=200
[M::hk_bmap_gen] generated 5258 beads
[M::hk_bmap_gen] 277293 bin pairs
[M::blind-gpu] prepared pair buffers: n_diploid=5258 n_pairs=282493 n_block_keys=555056 n_steps=100
[I::fdg-gpu] blocklist CSR ready: edges=555056 avg_deg=105.56 max_deg=200
[M::hk_bmap_gen] generated 5258 beads
[M::hk_bmap_gen] 277275 bin pairs
[M::blind-gpu] prepared pair buffers: n_diploid=5258 n_pairs=282474 n_block_keys=555018 n_steps=100
[I::fdg-gpu] blocklist CSR ready: edges=555018 avg_deg=105.56 max_deg=200
[M::hk_bmap_gen] generated 5258 beads
[M::hk_bmap_gen] 277223 bin pairs
[M::blind-gpu] prepared pair buffers: n_diploid=5258 n_pairs=282422 n_block_keys=554914 n_steps=100
[I::fdg-gpu] blocklist CSR ready: edges=554914 avg_deg=105.54 max_deg=200
[M::hk_bmap_gen] generated 5258 beads
[M::hk_bmap_gen] 277196 bin pairs
[M::blind-gpu] prepared pair buffers: n_diploid=5258 n_pairs=282395 n_block_keys=554862 n_steps=100
[I::fdg-gpu] blocklist CSR ready: edges=554862 avg_deg=105.53 max_deg=200
minimal P9016[1m]: write outputs to /mnt/ssd/zliu/phase3/test_res/016-20260618_150851-p9016_charm_contacts_condition_sweep_1m/work_outputs/2pr/p9016_charm3dg20k_2pr_tempered_pcgamma0_sep_off_ieps0p5_noise0/p9016_charm3dg20k_2pr_tempered_pcgamma0_sep_off_ieps0p5_noise0
[M::hk_bmap_gen] generated 5258 beads
[M::hk_bmap_gen] 277178 bin pairs
minimal P9016[1m]: status=OK final_entropy=1.2226005 final_pU=0.88191986
minimal P9016: summary /mnt/ssd/zliu/phase3/test_res/016-20260618_150851-p9016_charm_contacts_condition_sweep_1m/work_outputs/2pr/p9016_charm3dg20k_2pr_tempered_pcgamma0_sep_off_ieps0p5_noise0/matrix_summary.tsv
