minimal P9016: input=/mnt/ssd/zliu/phase3/test_res/016-20260618_150851-p9016_charm_contacts_condition_sweep_1m/synthetic_pairs/p9016_charm3dg20k_2pr_contacts.pairs.gz output_root=/mnt/ssd/zliu/phase3/test_res/016-20260618_150851-p9016_charm_contacts_condition_sweep_1m/work_outputs/2pr/p9016_charm3dg20k_2pr_pcgamma0p25_sep_off_ieps0p5_noise0 config=p9016_charm3dg20k_2pr_pcgamma0p25_sep_off_ieps0p5_noise0 baseline=softall n_iter=100 relax_steps=100 relax_step=0.012 chain=0 init_mode=unphased_scaffold_split init_eps=0.5 init_noise=0 init_scale=10 init_seed=17 min_sep=0 lambda_sep=0 d_scale_mode=posterior_count d_scale_input=posterior_count d_scale_formula=n_raw*posterior_prob^0.25 d_scale_gamma=0.25 d_scale_eps=1e-06 relax_backend=gpu
minimal P9016: stage 1/1 name=1m bin_size_bp=1000000 parent=0
[M::hk_map_read] read 1265114 pairs
[M::hk_bmap_gen] generated 2629 beads
[M::hk_bmap_gen] 86507 bin pairs
minimal P9016[1m]: build binned contacts
minimal P9016[1m]: init mode=unphased_scaffold_split seed=17 scale=10
[M::hk_fdg] mid_dist:1000000 max_nei:2113
[M::hk_fdg1_cpu] iter:10 elapsed:0.13s rep_coef:0.2092 RMS_force:72.7566 n_rep:47.4264 energy:30.4455,12.2182,0.0044 dist:6.2058,11.4957,1.4803
[M::hk_fdg1_cpu] iter:20 elapsed:0.40s rep_coef:0.6615 RMS_force:59.1740 n_rep:171.8923 energy:7.7786,6.7845,0.0148 dist:3.4154,7.2154,1.4629
[M::hk_fdg1_cpu] iter:30 elapsed:1.09s rep_coef:0.9352 RMS_force:41.2076 n_rep:422.1031 energy:1.5712,3.2326,0.0237 dist:1.9826,4.3717,1.4185
[M::hk_fdg1_cpu] iter:40 elapsed:1.62s rep_coef:0.9907 RMS_force:31.7401 n_rep:101.1096 energy:0.3011,1.4410,0.0253 dist:1.1510,3.1542,1.4251
[M::hk_fdg1_cpu] iter:50 elapsed:2.03s rep_coef:0.9987 RMS_force:18.7176 n_rep:228.0190 energy:0.0859,0.5543,0.0220 dist:0.7443,2.0938,1.4739
minimal P9016[1m]: run softall, n_iter=100 relax_steps=100 relax_step=0.012 relax_backend=gpu
[M::hk_bmap_gen] generated 5258 beads
[M::hk_bmap_gen] 298644 bin pairs
[M::blind-gpu] prepared pair buffers: n_diploid=5258 n_pairs=303856 n_block_keys=597756 n_steps=100
[I::fdg-gpu] blocklist CSR ready: edges=597756 avg_deg=113.69 max_deg=202
[M::hk_bmap_gen] generated 5258 beads
[M::hk_bmap_gen] 300105 bin pairs
[M::blind-gpu] prepared pair buffers: n_diploid=5258 n_pairs=305312 n_block_keys=600668 n_steps=100
[I::fdg-gpu] blocklist CSR ready: edges=600668 avg_deg=114.24 max_deg=202
[M::hk_bmap_gen] generated 5258 beads
[M::hk_bmap_gen] 296989 bin pairs
[M::blind-gpu] prepared pair buffers: n_diploid=5258 n_pairs=302202 n_block_keys=594450 n_steps=100
[I::fdg-gpu] blocklist CSR ready: edges=594450 avg_deg=113.06 max_deg=202
[M::hk_bmap_gen] generated 5258 beads
[M::hk_bmap_gen] 293675 bin pairs
[M::blind-gpu] prepared pair buffers: n_diploid=5258 n_pairs=298882 n_block_keys=587812 n_steps=100
[I::fdg-gpu] blocklist CSR ready: edges=587812 avg_deg=111.79 max_deg=200
[M::hk_bmap_gen] generated 5258 beads
[M::hk_bmap_gen] 290709 bin pairs
[M::blind-gpu] prepared pair buffers: n_diploid=5258 n_pairs=295920 n_block_keys=581892 n_steps=100
[I::fdg-gpu] blocklist CSR ready: edges=581892 avg_deg=110.67 max_deg=200
[M::hk_bmap_gen] generated 5258 beads
[M::hk_bmap_gen] 287911 bin pairs
[M::blind-gpu] prepared pair buffers: n_diploid=5258 n_pairs=293126 n_block_keys=576304 n_steps=100
[I::fdg-gpu] blocklist CSR ready: edges=576304 avg_deg=109.61 max_deg=200
[M::hk_bmap_gen] generated 5258 beads
[M::hk_bmap_gen] 285663 bin pairs
[M::blind-gpu] prepared pair buffers: n_diploid=5258 n_pairs=290876 n_block_keys=571804 n_steps=100
[I::fdg-gpu] blocklist CSR ready: edges=571804 avg_deg=108.75 max_deg=200
[M::hk_bmap_gen] generated 5258 beads
[M::hk_bmap_gen] 283739 bin pairs
[M::blind-gpu] prepared pair buffers: n_diploid=5258 n_pairs=288949 n_block_keys=567952 n_steps=100
[I::fdg-gpu] blocklist CSR ready: edges=567952 avg_deg=108.02 max_deg=200
[M::hk_bmap_gen] generated 5258 beads
[M::hk_bmap_gen] 282232 bin pairs
[M::blind-gpu] prepared pair buffers: n_diploid=5258 n_pairs=287440 n_block_keys=564934 n_steps=100
[I::fdg-gpu] blocklist CSR ready: edges=564934 avg_deg=107.44 max_deg=200
[M::hk_bmap_gen] generated 5258 beads
[M::hk_bmap_gen] 281117 bin pairs
[M::blind-gpu] prepared pair buffers: n_diploid=5258 n_pairs=286322 n_block_keys=562696 n_steps=100
[I::fdg-gpu] blocklist CSR ready: edges=562696 avg_deg=107.02 max_deg=200
[M::hk_bmap_gen] generated 5258 beads
[M::hk_bmap_gen] 280172 bin pairs
[M::blind-gpu] prepared pair buffers: n_diploid=5258 n_pairs=285377 n_block_keys=560808 n_steps=100
[I::fdg-gpu] blocklist CSR ready: edges=560808 avg_deg=106.66 max_deg=200
[M::hk_bmap_gen] generated 5258 beads
[M::hk_bmap_gen] 279169 bin pairs
[M::blind-gpu] prepared pair buffers: n_diploid=5258 n_pairs=284372 n_block_keys=558800 n_steps=100
[I::fdg-gpu] blocklist CSR ready: edges=558800 avg_deg=106.28 max_deg=200
[M::hk_bmap_gen] generated 5258 beads
[M::hk_bmap_gen] 278384 bin pairs
[M::blind-gpu] prepared pair buffers: n_diploid=5258 n_pairs=283586 n_block_keys=557226 n_steps=100
[I::fdg-gpu] blocklist CSR ready: edges=557226 avg_deg=105.98 max_deg=200
[M::hk_bmap_gen] generated 5258 beads
[M::hk_bmap_gen] 277604 bin pairs
[M::blind-gpu] prepared pair buffers: n_diploid=5258 n_pairs=282809 n_block_keys=555674 n_steps=100
[I::fdg-gpu] blocklist CSR ready: edges=555674 avg_deg=105.68 max_deg=200
[M::hk_bmap_gen] generated 5258 beads
[M::hk_bmap_gen] 276786 bin pairs
[M::blind-gpu] prepared pair buffers: n_diploid=5258 n_pairs=281994 n_block_keys=554044 n_steps=100
[I::fdg-gpu] blocklist CSR ready: edges=554044 avg_deg=105.37 max_deg=200
[M::hk_bmap_gen] generated 5258 beads
[M::hk_bmap_gen] 275866 bin pairs
[M::blind-gpu] prepared pair buffers: n_diploid=5258 n_pairs=281074 n_block_keys=552206 n_steps=100
[I::fdg-gpu] blocklist CSR ready: edges=552206 avg_deg=105.02 max_deg=200
[M::hk_bmap_gen] generated 5258 beads
[M::hk_bmap_gen] 274972 bin pairs
[M::blind-gpu] prepared pair buffers: n_diploid=5258 n_pairs=280183 n_block_keys=550424 n_steps=100
[I::fdg-gpu] blocklist CSR ready: edges=550424 avg_deg=104.68 max_deg=200
[M::hk_bmap_gen] generated 5258 beads
[M::hk_bmap_gen] 274344 bin pairs
[M::blind-gpu] prepared pair buffers: n_diploid=5258 n_pairs=279549 n_block_keys=549156 n_steps=100
[I::fdg-gpu] blocklist CSR ready: edges=549156 avg_deg=104.44 max_deg=200
[M::hk_bmap_gen] generated 5258 beads
[M::hk_bmap_gen] 273809 bin pairs
[M::blind-gpu] prepared pair buffers: n_diploid=5258 n_pairs=279018 n_block_keys=548090 n_steps=100
[I::fdg-gpu] blocklist CSR ready: edges=548090 avg_deg=104.24 max_deg=200
[M::hk_bmap_gen] generated 5258 beads
[M::hk_bmap_gen] 273365 bin pairs
[M::blind-gpu] prepared pair buffers: n_diploid=5258 n_pairs=278571 n_block_keys=547196 n_steps=100
[I::fdg-gpu] blocklist CSR ready: edges=547196 avg_deg=104.07 max_deg=200
[M::hk_bmap_gen] generated 5258 beads
[M::hk_bmap_gen] 273023 bin pairs
[M::blind-gpu] prepared pair buffers: n_diploid=5258 n_pairs=278226 n_block_keys=546508 n_steps=100
[I::fdg-gpu] blocklist CSR ready: edges=546508 avg_deg=103.94 max_deg=200
[M::hk_bmap_gen] generated 5258 beads
[M::hk_bmap_gen] 272613 bin pairs
[M::blind-gpu] prepared pair buffers: n_diploid=5258 n_pairs=277820 n_block_keys=545696 n_steps=100
[I::fdg-gpu] blocklist CSR ready: edges=545696 avg_deg=103.78 max_deg=200
[M::hk_bmap_gen] generated 5258 beads
[M::hk_bmap_gen] 272177 bin pairs
[M::blind-gpu] prepared pair buffers: n_diploid=5258 n_pairs=277386 n_block_keys=544832 n_steps=100
[I::fdg-gpu] blocklist CSR ready: edges=544832 avg_deg=103.62 max_deg=200
[M::hk_bmap_gen] generated 5258 beads
[M::hk_bmap_gen] 271706 bin pairs
[M::blind-gpu] prepared pair buffers: n_diploid=5258 n_pairs=276916 n_block_keys=543892 n_steps=100
[I::fdg-gpu] blocklist CSR ready: edges=543892 avg_deg=103.44 max_deg=200
[M::hk_bmap_gen] generated 5258 beads
[M::hk_bmap_gen] 271278 bin pairs
[M::blind-gpu] prepared pair buffers: n_diploid=5258 n_pairs=276488 n_block_keys=543038 n_steps=100
[I::fdg-gpu] blocklist CSR ready: edges=543038 avg_deg=103.28 max_deg=200
[M::hk_bmap_gen] generated 5258 beads
[M::hk_bmap_gen] 270878 bin pairs
[M::blind-gpu] prepared pair buffers: n_diploid=5258 n_pairs=276088 n_block_keys=542236 n_steps=100
[I::fdg-gpu] blocklist CSR ready: edges=542236 avg_deg=103.13 max_deg=200
[M::hk_bmap_gen] generated 5258 beads
[M::hk_bmap_gen] 270411 bin pairs
[M::blind-gpu] prepared pair buffers: n_diploid=5258 n_pairs=275617 n_block_keys=541298 n_steps=100
[I::fdg-gpu] blocklist CSR ready: edges=541298 avg_deg=102.95 max_deg=200
[M::hk_bmap_gen] generated 5258 beads
[M::hk_bmap_gen] 270060 bin pairs
[M::blind-gpu] prepared pair buffers: n_diploid=5258 n_pairs=275263 n_block_keys=540590 n_steps=100
[I::fdg-gpu] blocklist CSR ready: edges=540590 avg_deg=102.81 max_deg=200
[M::hk_bmap_gen] generated 5258 beads
[M::hk_bmap_gen] 269807 bin pairs
[M::blind-gpu] prepared pair buffers: n_diploid=5258 n_pairs=275014 n_block_keys=540090 n_steps=100
[I::fdg-gpu] blocklist CSR ready: edges=540090 avg_deg=102.72 max_deg=200
[M::hk_bmap_gen] generated 5258 beads
[M::hk_bmap_gen] 269585 bin pairs
[M::blind-gpu] prepared pair buffers: n_diploid=5258 n_pairs=274790 n_block_keys=539644 n_steps=100
[I::fdg-gpu] blocklist CSR ready: edges=539644 avg_deg=102.63 max_deg=200
[M::hk_bmap_gen] generated 5258 beads
[M::hk_bmap_gen] 269396 bin pairs
[M::blind-gpu] prepared pair buffers: n_diploid=5258 n_pairs=274596 n_block_keys=539260 n_steps=100
[I::fdg-gpu] blocklist CSR ready: edges=539260 avg_deg=102.56 max_deg=200
[M::hk_bmap_gen] generated 5258 beads
[M::hk_bmap_gen] 269220 bin pairs
[M::blind-gpu] prepared pair buffers: n_diploid=5258 n_pairs=274424 n_block_keys=538914 n_steps=100
[I::fdg-gpu] blocklist CSR ready: edges=538914 avg_deg=102.49 max_deg=200
[M::hk_bmap_gen] generated 5258 beads
[M::hk_bmap_gen] 269014 bin pairs
[M::blind-gpu] prepared pair buffers: n_diploid=5258 n_pairs=274221 n_block_keys=538508 n_steps=100
[I::fdg-gpu] blocklist CSR ready: edges=538508 avg_deg=102.42 max_deg=200
[M::hk_bmap_gen] generated 5258 beads
[M::hk_bmap_gen] 268798 bin pairs
[M::blind-gpu] prepared pair buffers: n_diploid=5258 n_pairs=274003 n_block_keys=538072 n_steps=100
[I::fdg-gpu] blocklist CSR ready: edges=538072 avg_deg=102.33 max_deg=199
[M::hk_bmap_gen] generated 5258 beads
[M::hk_bmap_gen] 268669 bin pairs
[M::blind-gpu] prepared pair buffers: n_diploid=5258 n_pairs=273873 n_block_keys=537812 n_steps=100
[I::fdg-gpu] blocklist CSR ready: edges=537812 avg_deg=102.28 max_deg=199
[M::hk_bmap_gen] generated 5258 beads
[M::hk_bmap_gen] 268535 bin pairs
[M::blind-gpu] prepared pair buffers: n_diploid=5258 n_pairs=273737 n_block_keys=537544 n_steps=100
[I::fdg-gpu] blocklist CSR ready: edges=537544 avg_deg=102.23 max_deg=198
[M::hk_bmap_gen] generated 5258 beads
[M::hk_bmap_gen] 268439 bin pairs
[M::blind-gpu] prepared pair buffers: n_diploid=5258 n_pairs=273645 n_block_keys=537360 n_steps=100
[I::fdg-gpu] blocklist CSR ready: edges=537360 avg_deg=102.20 max_deg=198
[M::hk_bmap_gen] generated 5258 beads
[M::hk_bmap_gen] 268326 bin pairs
[M::blind-gpu] prepared pair buffers: n_diploid=5258 n_pairs=273530 n_block_keys=537132 n_steps=100
[I::fdg-gpu] blocklist CSR ready: edges=537132 avg_deg=102.16 max_deg=198
[M::hk_bmap_gen] generated 5258 beads
[M::hk_bmap_gen] 268139 bin pairs
[M::blind-gpu] prepared pair buffers: n_diploid=5258 n_pairs=273341 n_block_keys=536754 n_steps=100
[I::fdg-gpu] blocklist CSR ready: edges=536754 avg_deg=102.08 max_deg=198
[M::hk_bmap_gen] generated 5258 beads
[M::hk_bmap_gen] 267951 bin pairs
[M::blind-gpu] prepared pair buffers: n_diploid=5258 n_pairs=273154 n_block_keys=536384 n_steps=100
[I::fdg-gpu] blocklist CSR ready: edges=536384 avg_deg=102.01 max_deg=198
[M::hk_bmap_gen] generated 5258 beads
[M::hk_bmap_gen] 267786 bin pairs
[M::blind-gpu] prepared pair buffers: n_diploid=5258 n_pairs=272989 n_block_keys=536054 n_steps=100
[I::fdg-gpu] blocklist CSR ready: edges=536054 avg_deg=101.95 max_deg=198
[M::hk_bmap_gen] generated 5258 beads
[M::hk_bmap_gen] 267709 bin pairs
[M::blind-gpu] prepared pair buffers: n_diploid=5258 n_pairs=272913 n_block_keys=535900 n_steps=100
[I::fdg-gpu] blocklist CSR ready: edges=535900 avg_deg=101.92 max_deg=198
[M::hk_bmap_gen] generated 5258 beads
[M::hk_bmap_gen] 267657 bin pairs
[M::blind-gpu] prepared pair buffers: n_diploid=5258 n_pairs=272860 n_block_keys=535794 n_steps=100
[I::fdg-gpu] blocklist CSR ready: edges=535794 avg_deg=101.90 max_deg=198
[M::hk_bmap_gen] generated 5258 beads
[M::hk_bmap_gen] 267633 bin pairs
[M::blind-gpu] prepared pair buffers: n_diploid=5258 n_pairs=272836 n_block_keys=535748 n_steps=100
[I::fdg-gpu] blocklist CSR ready: edges=535748 avg_deg=101.89 max_deg=198
[M::hk_bmap_gen] generated 5258 beads
[M::hk_bmap_gen] 267600 bin pairs
[M::blind-gpu] prepared pair buffers: n_diploid=5258 n_pairs=272798 n_block_keys=535672 n_steps=100
[I::fdg-gpu] blocklist CSR ready: edges=535672 avg_deg=101.88 max_deg=198
[M::hk_bmap_gen] generated 5258 beads
[M::hk_bmap_gen] 267560 bin pairs
[M::blind-gpu] prepared pair buffers: n_diploid=5258 n_pairs=272758 n_block_keys=535588 n_steps=100
[I::fdg-gpu] blocklist CSR ready: edges=535588 avg_deg=101.86 max_deg=198
[M::hk_bmap_gen] generated 5258 beads
[M::hk_bmap_gen] 267569 bin pairs
[M::blind-gpu] prepared pair buffers: n_diploid=5258 n_pairs=272767 n_block_keys=535612 n_steps=100
[I::fdg-gpu] blocklist CSR ready: edges=535612 avg_deg=101.87 max_deg=198
[M::hk_bmap_gen] generated 5258 beads
[M::hk_bmap_gen] 267598 bin pairs
[M::blind-gpu] prepared pair buffers: n_diploid=5258 n_pairs=272796 n_block_keys=535672 n_steps=100
[I::fdg-gpu] blocklist CSR ready: edges=535672 avg_deg=101.88 max_deg=198
[M::hk_bmap_gen] generated 5258 beads
[M::hk_bmap_gen] 267608 bin pairs
[M::blind-gpu] prepared pair buffers: n_diploid=5258 n_pairs=272807 n_block_keys=535692 n_steps=100
[I::fdg-gpu] blocklist CSR ready: edges=535692 avg_deg=101.88 max_deg=198
[M::hk_bmap_gen] generated 5258 beads
[M::hk_bmap_gen] 267625 bin pairs
[M::blind-gpu] prepared pair buffers: n_diploid=5258 n_pairs=272828 n_block_keys=535732 n_steps=100
[I::fdg-gpu] blocklist CSR ready: edges=535732 avg_deg=101.89 max_deg=198
[M::hk_bmap_gen] generated 5258 beads
[M::hk_bmap_gen] 267564 bin pairs
[M::blind-gpu] prepared pair buffers: n_diploid=5258 n_pairs=272767 n_block_keys=535612 n_steps=100
[I::fdg-gpu] blocklist CSR ready: edges=535612 avg_deg=101.87 max_deg=198
[M::hk_bmap_gen] generated 5258 beads
[M::hk_bmap_gen] 267473 bin pairs
[M::blind-gpu] prepared pair buffers: n_diploid=5258 n_pairs=272678 n_block_keys=535434 n_steps=100
[I::fdg-gpu] blocklist CSR ready: edges=535434 avg_deg=101.83 max_deg=198
[M::hk_bmap_gen] generated 5258 beads
[M::hk_bmap_gen] 267255 bin pairs
[M::blind-gpu] prepared pair buffers: n_diploid=5258 n_pairs=272457 n_block_keys=534992 n_steps=100
[I::fdg-gpu] blocklist CSR ready: edges=534992 avg_deg=101.75 max_deg=198
[M::hk_bmap_gen] generated 5258 beads
[M::hk_bmap_gen] 267157 bin pairs
[M::blind-gpu] prepared pair buffers: n_diploid=5258 n_pairs=272361 n_block_keys=534802 n_steps=100
[I::fdg-gpu] blocklist CSR ready: edges=534802 avg_deg=101.71 max_deg=198
[M::hk_bmap_gen] generated 5258 beads
[M::hk_bmap_gen] 267144 bin pairs
[M::blind-gpu] prepared pair buffers: n_diploid=5258 n_pairs=272348 n_block_keys=534774 n_steps=100
[I::fdg-gpu] blocklist CSR ready: edges=534774 avg_deg=101.71 max_deg=198
[M::hk_bmap_gen] generated 5258 beads
[M::hk_bmap_gen] 267159 bin pairs
[M::blind-gpu] prepared pair buffers: n_diploid=5258 n_pairs=272365 n_block_keys=534808 n_steps=100
[I::fdg-gpu] blocklist CSR ready: edges=534808 avg_deg=101.71 max_deg=198
[M::hk_bmap_gen] generated 5258 beads
[M::hk_bmap_gen] 267143 bin pairs
[M::blind-gpu] prepared pair buffers: n_diploid=5258 n_pairs=272348 n_block_keys=534774 n_steps=100
[I::fdg-gpu] blocklist CSR ready: edges=534774 avg_deg=101.71 max_deg=198
[M::hk_bmap_gen] generated 5258 beads
[M::hk_bmap_gen] 267114 bin pairs
[M::blind-gpu] prepared pair buffers: n_diploid=5258 n_pairs=272316 n_block_keys=534712 n_steps=100
[I::fdg-gpu] blocklist CSR ready: edges=534712 avg_deg=101.69 max_deg=198
[M::hk_bmap_gen] generated 5258 beads
[M::hk_bmap_gen] 267079 bin pairs
[M::blind-gpu] prepared pair buffers: n_diploid=5258 n_pairs=272282 n_block_keys=534644 n_steps=100
[I::fdg-gpu] blocklist CSR ready: edges=534644 avg_deg=101.68 max_deg=198
[M::hk_bmap_gen] generated 5258 beads
[M::hk_bmap_gen] 267026 bin pairs
[M::blind-gpu] prepared pair buffers: n_diploid=5258 n_pairs=272229 n_block_keys=534536 n_steps=100
[I::fdg-gpu] blocklist CSR ready: edges=534536 avg_deg=101.66 max_deg=198
[M::hk_bmap_gen] generated 5258 beads
[M::hk_bmap_gen] 267009 bin pairs
[M::blind-gpu] prepared pair buffers: n_diploid=5258 n_pairs=272216 n_block_keys=534508 n_steps=100
[I::fdg-gpu] blocklist CSR ready: edges=534508 avg_deg=101.66 max_deg=198
[M::hk_bmap_gen] generated 5258 beads
[M::hk_bmap_gen] 267006 bin pairs
[M::blind-gpu] prepared pair buffers: n_diploid=5258 n_pairs=272213 n_block_keys=534504 n_steps=100
[I::fdg-gpu] blocklist CSR ready: edges=534504 avg_deg=101.66 max_deg=198
[M::hk_bmap_gen] generated 5258 beads
[M::hk_bmap_gen] 267003 bin pairs
[M::blind-gpu] prepared pair buffers: n_diploid=5258 n_pairs=272211 n_block_keys=534500 n_steps=100
[I::fdg-gpu] blocklist CSR ready: edges=534500 avg_deg=101.65 max_deg=198
[M::hk_bmap_gen] generated 5258 beads
[M::hk_bmap_gen] 266981 bin pairs
[M::blind-gpu] prepared pair buffers: n_diploid=5258 n_pairs=272189 n_block_keys=534456 n_steps=100
[I::fdg-gpu] blocklist CSR ready: edges=534456 avg_deg=101.65 max_deg=198
[M::hk_bmap_gen] generated 5258 beads
[M::hk_bmap_gen] 266912 bin pairs
[M::blind-gpu] prepared pair buffers: n_diploid=5258 n_pairs=272120 n_block_keys=534318 n_steps=100
[I::fdg-gpu] blocklist CSR ready: edges=534318 avg_deg=101.62 max_deg=198
[M::hk_bmap_gen] generated 5258 beads
[M::hk_bmap_gen] 266896 bin pairs
[M::blind-gpu] prepared pair buffers: n_diploid=5258 n_pairs=272101 n_block_keys=534280 n_steps=100
[I::fdg-gpu] blocklist CSR ready: edges=534280 avg_deg=101.61 max_deg=198
[M::hk_bmap_gen] generated 5258 beads
[M::hk_bmap_gen] 266879 bin pairs
[M::blind-gpu] prepared pair buffers: n_diploid=5258 n_pairs=272084 n_block_keys=534246 n_steps=100
[I::fdg-gpu] blocklist CSR ready: edges=534246 avg_deg=101.61 max_deg=198
[M::hk_bmap_gen] generated 5258 beads
[M::hk_bmap_gen] 266880 bin pairs
[M::blind-gpu] prepared pair buffers: n_diploid=5258 n_pairs=272085 n_block_keys=534250 n_steps=100
[I::fdg-gpu] blocklist CSR ready: edges=534250 avg_deg=101.61 max_deg=198
[M::hk_bmap_gen] generated 5258 beads
[M::hk_bmap_gen] 266845 bin pairs
[M::blind-gpu] prepared pair buffers: n_diploid=5258 n_pairs=272050 n_block_keys=534180 n_steps=100
[I::fdg-gpu] blocklist CSR ready: edges=534180 avg_deg=101.59 max_deg=198
[M::hk_bmap_gen] generated 5258 beads
[M::hk_bmap_gen] 266828 bin pairs
[M::blind-gpu] prepared pair buffers: n_diploid=5258 n_pairs=272033 n_block_keys=534144 n_steps=100
[I::fdg-gpu] blocklist CSR ready: edges=534144 avg_deg=101.59 max_deg=198
[M::hk_bmap_gen] generated 5258 beads
[M::hk_bmap_gen] 266807 bin pairs
[M::blind-gpu] prepared pair buffers: n_diploid=5258 n_pairs=272012 n_block_keys=534102 n_steps=100
[I::fdg-gpu] blocklist CSR ready: edges=534102 avg_deg=101.58 max_deg=198
[M::hk_bmap_gen] generated 5258 beads
[M::hk_bmap_gen] 266830 bin pairs
[M::blind-gpu] prepared pair buffers: n_diploid=5258 n_pairs=272033 n_block_keys=534142 n_steps=100
[I::fdg-gpu] blocklist CSR ready: edges=534142 avg_deg=101.59 max_deg=198
[M::hk_bmap_gen] generated 5258 beads
[M::hk_bmap_gen] 266793 bin pairs
[M::blind-gpu] prepared pair buffers: n_diploid=5258 n_pairs=271997 n_block_keys=534074 n_steps=100
[I::fdg-gpu] blocklist CSR ready: edges=534074 avg_deg=101.57 max_deg=198
[M::hk_bmap_gen] generated 5258 beads
[M::hk_bmap_gen] 266762 bin pairs
[M::blind-gpu] prepared pair buffers: n_diploid=5258 n_pairs=271968 n_block_keys=534016 n_steps=100
[I::fdg-gpu] blocklist CSR ready: edges=534016 avg_deg=101.56 max_deg=198
[M::hk_bmap_gen] generated 5258 beads
[M::hk_bmap_gen] 266718 bin pairs
[M::blind-gpu] prepared pair buffers: n_diploid=5258 n_pairs=271922 n_block_keys=533924 n_steps=100
[I::fdg-gpu] blocklist CSR ready: edges=533924 avg_deg=101.55 max_deg=198
[M::hk_bmap_gen] generated 5258 beads
[M::hk_bmap_gen] 266705 bin pairs
[M::blind-gpu] prepared pair buffers: n_diploid=5258 n_pairs=271907 n_block_keys=533894 n_steps=100
[I::fdg-gpu] blocklist CSR ready: edges=533894 avg_deg=101.54 max_deg=198
[M::hk_bmap_gen] generated 5258 beads
[M::hk_bmap_gen] 266648 bin pairs
[M::blind-gpu] prepared pair buffers: n_diploid=5258 n_pairs=271851 n_block_keys=533780 n_steps=100
[I::fdg-gpu] blocklist CSR ready: edges=533780 avg_deg=101.52 max_deg=197
[M::hk_bmap_gen] generated 5258 beads
[M::hk_bmap_gen] 266610 bin pairs
[M::blind-gpu] prepared pair buffers: n_diploid=5258 n_pairs=271811 n_block_keys=533700 n_steps=100
[I::fdg-gpu] blocklist CSR ready: edges=533700 avg_deg=101.50 max_deg=197
[M::hk_bmap_gen] generated 5258 beads
[M::hk_bmap_gen] 266562 bin pairs
[M::blind-gpu] prepared pair buffers: n_diploid=5258 n_pairs=271764 n_block_keys=533606 n_steps=100
[I::fdg-gpu] blocklist CSR ready: edges=533606 avg_deg=101.48 max_deg=197
[M::hk_bmap_gen] generated 5258 beads
[M::hk_bmap_gen] 266506 bin pairs
[M::blind-gpu] prepared pair buffers: n_diploid=5258 n_pairs=271704 n_block_keys=533486 n_steps=100
[I::fdg-gpu] blocklist CSR ready: edges=533486 avg_deg=101.46 max_deg=197
[M::hk_bmap_gen] generated 5258 beads
[M::hk_bmap_gen] 266475 bin pairs
[M::blind-gpu] prepared pair buffers: n_diploid=5258 n_pairs=271678 n_block_keys=533434 n_steps=100
[I::fdg-gpu] blocklist CSR ready: edges=533434 avg_deg=101.45 max_deg=197
[M::hk_bmap_gen] generated 5258 beads
[M::hk_bmap_gen] 266407 bin pairs
[M::blind-gpu] prepared pair buffers: n_diploid=5258 n_pairs=271612 n_block_keys=533302 n_steps=100
[I::fdg-gpu] blocklist CSR ready: edges=533302 avg_deg=101.43 max_deg=197
[M::hk_bmap_gen] generated 5258 beads
[M::hk_bmap_gen] 266332 bin pairs
[M::blind-gpu] prepared pair buffers: n_diploid=5258 n_pairs=271535 n_block_keys=533148 n_steps=100
[I::fdg-gpu] blocklist CSR ready: edges=533148 avg_deg=101.40 max_deg=197
[M::hk_bmap_gen] generated 5258 beads
[M::hk_bmap_gen] 266278 bin pairs
[M::blind-gpu] prepared pair buffers: n_diploid=5258 n_pairs=271478 n_block_keys=533034 n_steps=100
[I::fdg-gpu] blocklist CSR ready: edges=533034 avg_deg=101.38 max_deg=197
[M::hk_bmap_gen] generated 5258 beads
[M::hk_bmap_gen] 266246 bin pairs
[M::blind-gpu] prepared pair buffers: n_diploid=5258 n_pairs=271446 n_block_keys=532970 n_steps=100
[I::fdg-gpu] blocklist CSR ready: edges=532970 avg_deg=101.36 max_deg=197
[M::hk_bmap_gen] generated 5258 beads
[M::hk_bmap_gen] 266169 bin pairs
[M::blind-gpu] prepared pair buffers: n_diploid=5258 n_pairs=271374 n_block_keys=532826 n_steps=100
[I::fdg-gpu] blocklist CSR ready: edges=532826 avg_deg=101.34 max_deg=197
[M::hk_bmap_gen] generated 5258 beads
[M::hk_bmap_gen] 266129 bin pairs
[M::blind-gpu] prepared pair buffers: n_diploid=5258 n_pairs=271328 n_block_keys=532734 n_steps=100
[I::fdg-gpu] blocklist CSR ready: edges=532734 avg_deg=101.32 max_deg=197
[M::hk_bmap_gen] generated 5258 beads
[M::hk_bmap_gen] 266097 bin pairs
[M::blind-gpu] prepared pair buffers: n_diploid=5258 n_pairs=271298 n_block_keys=532674 n_steps=100
[I::fdg-gpu] blocklist CSR ready: edges=532674 avg_deg=101.31 max_deg=197
[M::hk_bmap_gen] generated 5258 beads
[M::hk_bmap_gen] 266052 bin pairs
[M::blind-gpu] prepared pair buffers: n_diploid=5258 n_pairs=271253 n_block_keys=532584 n_steps=100
[I::fdg-gpu] blocklist CSR ready: edges=532584 avg_deg=101.29 max_deg=197
[M::hk_bmap_gen] generated 5258 beads
[M::hk_bmap_gen] 266031 bin pairs
[M::blind-gpu] prepared pair buffers: n_diploid=5258 n_pairs=271232 n_block_keys=532542 n_steps=100
[I::fdg-gpu] blocklist CSR ready: edges=532542 avg_deg=101.28 max_deg=197
[M::hk_bmap_gen] generated 5258 beads
[M::hk_bmap_gen] 266019 bin pairs
[M::blind-gpu] prepared pair buffers: n_diploid=5258 n_pairs=271223 n_block_keys=532524 n_steps=100
[I::fdg-gpu] blocklist CSR ready: edges=532524 avg_deg=101.28 max_deg=197
[M::hk_bmap_gen] generated 5258 beads
[M::hk_bmap_gen] 265981 bin pairs
[M::blind-gpu] prepared pair buffers: n_diploid=5258 n_pairs=271186 n_block_keys=532450 n_steps=100
[I::fdg-gpu] blocklist CSR ready: edges=532450 avg_deg=101.26 max_deg=197
[M::hk_bmap_gen] generated 5258 beads
[M::hk_bmap_gen] 265942 bin pairs
[M::blind-gpu] prepared pair buffers: n_diploid=5258 n_pairs=271146 n_block_keys=532370 n_steps=100
[I::fdg-gpu] blocklist CSR ready: edges=532370 avg_deg=101.25 max_deg=197
[M::hk_bmap_gen] generated 5258 beads
[M::hk_bmap_gen] 265916 bin pairs
[M::blind-gpu] prepared pair buffers: n_diploid=5258 n_pairs=271122 n_block_keys=532322 n_steps=100
[I::fdg-gpu] blocklist CSR ready: edges=532322 avg_deg=101.24 max_deg=197
[M::hk_bmap_gen] generated 5258 beads
[M::hk_bmap_gen] 265901 bin pairs
[M::blind-gpu] prepared pair buffers: n_diploid=5258 n_pairs=271108 n_block_keys=532294 n_steps=100
[I::fdg-gpu] blocklist CSR ready: edges=532294 avg_deg=101.24 max_deg=197
[M::hk_bmap_gen] generated 5258 beads
[M::hk_bmap_gen] 265864 bin pairs
[M::blind-gpu] prepared pair buffers: n_diploid=5258 n_pairs=271071 n_block_keys=532222 n_steps=100
[I::fdg-gpu] blocklist CSR ready: edges=532222 avg_deg=101.22 max_deg=197
[M::hk_bmap_gen] generated 5258 beads
[M::hk_bmap_gen] 265825 bin pairs
[M::blind-gpu] prepared pair buffers: n_diploid=5258 n_pairs=271033 n_block_keys=532148 n_steps=100
[I::fdg-gpu] blocklist CSR ready: edges=532148 avg_deg=101.21 max_deg=197
[M::hk_bmap_gen] generated 5258 beads
[M::hk_bmap_gen] 265809 bin pairs
[M::blind-gpu] prepared pair buffers: n_diploid=5258 n_pairs=271016 n_block_keys=532112 n_steps=100
[I::fdg-gpu] blocklist CSR ready: edges=532112 avg_deg=101.20 max_deg=197
[M::hk_bmap_gen] generated 5258 beads
[M::hk_bmap_gen] 265760 bin pairs
[M::blind-gpu] prepared pair buffers: n_diploid=5258 n_pairs=270967 n_block_keys=532014 n_steps=100
[I::fdg-gpu] blocklist CSR ready: edges=532014 avg_deg=101.18 max_deg=197
[M::hk_bmap_gen] generated 5258 beads
[M::hk_bmap_gen] 265718 bin pairs
[M::blind-gpu] prepared pair buffers: n_diploid=5258 n_pairs=270924 n_block_keys=531928 n_steps=100
[I::fdg-gpu] blocklist CSR ready: edges=531928 avg_deg=101.17 max_deg=197
minimal P9016[1m]: write outputs to /mnt/ssd/zliu/phase3/test_res/016-20260618_150851-p9016_charm_contacts_condition_sweep_1m/work_outputs/2pr/p9016_charm3dg20k_2pr_pcgamma0p25_sep_off_ieps0p5_noise0/p9016_charm3dg20k_2pr_pcgamma0p25_sep_off_ieps0p5_noise0
[M::hk_bmap_gen] generated 5258 beads
[M::hk_bmap_gen] 265656 bin pairs
minimal P9016[1m]: status=OK final_entropy=1.1559432 final_pU=0.83383673
minimal P9016: summary /mnt/ssd/zliu/phase3/test_res/016-20260618_150851-p9016_charm_contacts_condition_sweep_1m/work_outputs/2pr/p9016_charm3dg20k_2pr_pcgamma0p25_sep_off_ieps0p5_noise0/matrix_summary.tsv
