minimal P9016: input=/mnt/ssd/zliu/phase3/test_res/016-20260618_150851-p9016_charm_contacts_condition_sweep_1m/synthetic_pairs/p9016_charm3dg20k_2pr_contacts.pairs.gz output_root=/mnt/ssd/zliu/phase3/test_res/016-20260618_150851-p9016_charm_contacts_condition_sweep_1m/work_outputs/2pr/p9016_charm3dg20k_2pr_pcgamma0p5_msep1_lsep0p5_ieps0p5_noise0 config=p9016_charm3dg20k_2pr_pcgamma0p5_msep1_lsep0p5_ieps0p5_noise0 baseline=softall n_iter=100 relax_steps=100 relax_step=0.012 chain=0 init_mode=unphased_scaffold_split init_eps=0.5 init_noise=0 init_scale=10 init_seed=17 min_sep=1 lambda_sep=0.5 d_scale_mode=posterior_count d_scale_input=posterior_count d_scale_formula=n_raw*posterior_prob^0.5 d_scale_gamma=0.5 d_scale_eps=1e-06 relax_backend=gpu
minimal P9016: stage 1/1 name=1m bin_size_bp=1000000 parent=0
[M::hk_map_read] read 1265114 pairs
[M::hk_bmap_gen] generated 2629 beads
[M::hk_bmap_gen] 86507 bin pairs
minimal P9016[1m]: build binned contacts
minimal P9016[1m]: init mode=unphased_scaffold_split seed=17 scale=10
[M::hk_fdg] mid_dist:1000000 max_nei:2113
[M::hk_fdg1_cpu] iter:10 elapsed:0.13s rep_coef:0.2092 RMS_force:72.7566 n_rep:47.4264 energy:30.4455,12.2182,0.0044 dist:6.2058,11.4957,1.4803
[M::hk_fdg1_cpu] iter:20 elapsed:0.40s rep_coef:0.6615 RMS_force:59.1740 n_rep:171.8923 energy:7.7786,6.7845,0.0148 dist:3.4154,7.2154,1.4629
[M::hk_fdg1_cpu] iter:30 elapsed:1.11s rep_coef:0.9352 RMS_force:41.2076 n_rep:422.1031 energy:1.5712,3.2326,0.0237 dist:1.9826,4.3717,1.4185
[M::hk_fdg1_cpu] iter:40 elapsed:1.65s rep_coef:0.9907 RMS_force:31.7401 n_rep:101.1096 energy:0.3011,1.4410,0.0253 dist:1.1510,3.1542,1.4251
[M::hk_fdg1_cpu] iter:50 elapsed:2.07s rep_coef:0.9987 RMS_force:18.7176 n_rep:228.0190 energy:0.0859,0.5543,0.0220 dist:0.7443,2.0938,1.4739
minimal P9016[1m]: run softall, n_iter=100 relax_steps=100 relax_step=0.012 relax_backend=gpu
[M::hk_bmap_gen] generated 5258 beads
[M::hk_bmap_gen] 298644 bin pairs
[M::blind-gpu] prepared pair buffers: n_diploid=5258 n_pairs=303856 n_block_keys=597756 n_steps=100
[I::fdg-gpu] blocklist CSR ready: edges=597756 avg_deg=113.69 max_deg=202
[M::hk_bmap_gen] generated 5258 beads
[M::hk_bmap_gen] 297037 bin pairs
[M::blind-gpu] prepared pair buffers: n_diploid=5258 n_pairs=302245 n_block_keys=594534 n_steps=100
[I::fdg-gpu] blocklist CSR ready: edges=594534 avg_deg=113.07 max_deg=201
[M::hk_bmap_gen] generated 5258 beads
[M::hk_bmap_gen] 291210 bin pairs
[M::blind-gpu] prepared pair buffers: n_diploid=5258 n_pairs=296420 n_block_keys=582884 n_steps=100
[I::fdg-gpu] blocklist CSR ready: edges=582884 avg_deg=110.86 max_deg=201
[M::hk_bmap_gen] generated 5258 beads
[M::hk_bmap_gen] 285092 bin pairs
[M::blind-gpu] prepared pair buffers: n_diploid=5258 n_pairs=290299 n_block_keys=570648 n_steps=100
[I::fdg-gpu] blocklist CSR ready: edges=570648 avg_deg=108.53 max_deg=200
[M::hk_bmap_gen] generated 5258 beads
[M::hk_bmap_gen] 280031 bin pairs
[M::blind-gpu] prepared pair buffers: n_diploid=5258 n_pairs=285241 n_block_keys=560528 n_steps=100
[I::fdg-gpu] blocklist CSR ready: edges=560528 avg_deg=106.60 max_deg=200
[M::hk_bmap_gen] generated 5258 beads
[M::hk_bmap_gen] 275832 bin pairs
[M::blind-gpu] prepared pair buffers: n_diploid=5258 n_pairs=281036 n_block_keys=552122 n_steps=100
[I::fdg-gpu] blocklist CSR ready: edges=552122 avg_deg=105.01 max_deg=200
[M::hk_bmap_gen] generated 5258 beads
[M::hk_bmap_gen] 272251 bin pairs
[M::blind-gpu] prepared pair buffers: n_diploid=5258 n_pairs=277457 n_block_keys=544972 n_steps=100
[I::fdg-gpu] blocklist CSR ready: edges=544972 avg_deg=103.65 max_deg=200
[M::hk_bmap_gen] generated 5258 beads
[M::hk_bmap_gen] 269368 bin pairs
[M::blind-gpu] prepared pair buffers: n_diploid=5258 n_pairs=274578 n_block_keys=539210 n_steps=100
[I::fdg-gpu] blocklist CSR ready: edges=539210 avg_deg=102.55 max_deg=200
[M::hk_bmap_gen] generated 5258 beads
[M::hk_bmap_gen] 267033 bin pairs
[M::blind-gpu] prepared pair buffers: n_diploid=5258 n_pairs=272236 n_block_keys=534532 n_steps=100
[I::fdg-gpu] blocklist CSR ready: edges=534532 avg_deg=101.66 max_deg=200
[M::hk_bmap_gen] generated 5258 beads
[M::hk_bmap_gen] 265139 bin pairs
[M::blind-gpu] prepared pair buffers: n_diploid=5258 n_pairs=270344 n_block_keys=530752 n_steps=100
[I::fdg-gpu] blocklist CSR ready: edges=530752 avg_deg=100.94 max_deg=200
[M::hk_bmap_gen] generated 5258 beads
[M::hk_bmap_gen] 263451 bin pairs
[M::blind-gpu] prepared pair buffers: n_diploid=5258 n_pairs=268661 n_block_keys=527380 n_steps=100
[I::fdg-gpu] blocklist CSR ready: edges=527380 avg_deg=100.30 max_deg=199
[M::hk_bmap_gen] generated 5258 beads
[M::hk_bmap_gen] 262008 bin pairs
[M::blind-gpu] prepared pair buffers: n_diploid=5258 n_pairs=267213 n_block_keys=524490 n_steps=100
[I::fdg-gpu] blocklist CSR ready: edges=524490 avg_deg=99.75 max_deg=198
[M::hk_bmap_gen] generated 5258 beads
[M::hk_bmap_gen] 260846 bin pairs
[M::blind-gpu] prepared pair buffers: n_diploid=5258 n_pairs=266049 n_block_keys=522172 n_steps=100
[I::fdg-gpu] blocklist CSR ready: edges=522172 avg_deg=99.31 max_deg=198
[M::hk_bmap_gen] generated 5258 beads
[M::hk_bmap_gen] 259744 bin pairs
[M::blind-gpu] prepared pair buffers: n_diploid=5258 n_pairs=264948 n_block_keys=519976 n_steps=100
[I::fdg-gpu] blocklist CSR ready: edges=519976 avg_deg=98.89 max_deg=198
[M::hk_bmap_gen] generated 5258 beads
[M::hk_bmap_gen] 258711 bin pairs
[M::blind-gpu] prepared pair buffers: n_diploid=5258 n_pairs=263904 n_block_keys=517882 n_steps=100
[I::fdg-gpu] blocklist CSR ready: edges=517882 avg_deg=98.49 max_deg=198
[M::hk_bmap_gen] generated 5258 beads
[M::hk_bmap_gen] 257738 bin pairs
[M::blind-gpu] prepared pair buffers: n_diploid=5258 n_pairs=262937 n_block_keys=515946 n_steps=100
[I::fdg-gpu] blocklist CSR ready: edges=515946 avg_deg=98.13 max_deg=198
[M::hk_bmap_gen] generated 5258 beads
[M::hk_bmap_gen] 256898 bin pairs
[M::blind-gpu] prepared pair buffers: n_diploid=5258 n_pairs=262096 n_block_keys=514272 n_steps=100
[I::fdg-gpu] blocklist CSR ready: edges=514272 avg_deg=97.81 max_deg=198
[M::hk_bmap_gen] generated 5258 beads
[M::hk_bmap_gen] 256251 bin pairs
[M::blind-gpu] prepared pair buffers: n_diploid=5258 n_pairs=261451 n_block_keys=512976 n_steps=100
[I::fdg-gpu] blocklist CSR ready: edges=512976 avg_deg=97.56 max_deg=198
[M::hk_bmap_gen] generated 5258 beads
[M::hk_bmap_gen] 255570 bin pairs
[M::blind-gpu] prepared pair buffers: n_diploid=5258 n_pairs=260775 n_block_keys=511624 n_steps=100
[I::fdg-gpu] blocklist CSR ready: edges=511624 avg_deg=97.30 max_deg=198
[M::hk_bmap_gen] generated 5258 beads
[M::hk_bmap_gen] 254909 bin pairs
[M::blind-gpu] prepared pair buffers: n_diploid=5258 n_pairs=260116 n_block_keys=510308 n_steps=100
[I::fdg-gpu] blocklist CSR ready: edges=510308 avg_deg=97.05 max_deg=198
[M::hk_bmap_gen] generated 5258 beads
[M::hk_bmap_gen] 254317 bin pairs
[M::blind-gpu] prepared pair buffers: n_diploid=5258 n_pairs=259529 n_block_keys=509134 n_steps=100
[I::fdg-gpu] blocklist CSR ready: edges=509134 avg_deg=96.83 max_deg=198
[M::hk_bmap_gen] generated 5258 beads
[M::hk_bmap_gen] 253813 bin pairs
[M::blind-gpu] prepared pair buffers: n_diploid=5258 n_pairs=259021 n_block_keys=508122 n_steps=100
[I::fdg-gpu] blocklist CSR ready: edges=508122 avg_deg=96.64 max_deg=198
[M::hk_bmap_gen] generated 5258 beads
[M::hk_bmap_gen] 253378 bin pairs
[M::blind-gpu] prepared pair buffers: n_diploid=5258 n_pairs=258586 n_block_keys=507248 n_steps=100
[I::fdg-gpu] blocklist CSR ready: edges=507248 avg_deg=96.47 max_deg=198
[M::hk_bmap_gen] generated 5258 beads
[M::hk_bmap_gen] 252998 bin pairs
[M::blind-gpu] prepared pair buffers: n_diploid=5258 n_pairs=258209 n_block_keys=506494 n_steps=100
[I::fdg-gpu] blocklist CSR ready: edges=506494 avg_deg=96.33 max_deg=198
[M::hk_bmap_gen] generated 5258 beads
[M::hk_bmap_gen] 252618 bin pairs
[M::blind-gpu] prepared pair buffers: n_diploid=5258 n_pairs=257826 n_block_keys=505726 n_steps=100
[I::fdg-gpu] blocklist CSR ready: edges=505726 avg_deg=96.18 max_deg=196
[M::hk_bmap_gen] generated 5258 beads
[M::hk_bmap_gen] 252310 bin pairs
[M::blind-gpu] prepared pair buffers: n_diploid=5258 n_pairs=257514 n_block_keys=505106 n_steps=100
[I::fdg-gpu] blocklist CSR ready: edges=505106 avg_deg=96.06 max_deg=193
[M::hk_bmap_gen] generated 5258 beads
[M::hk_bmap_gen] 251947 bin pairs
[M::blind-gpu] prepared pair buffers: n_diploid=5258 n_pairs=257155 n_block_keys=504390 n_steps=100
[I::fdg-gpu] blocklist CSR ready: edges=504390 avg_deg=95.93 max_deg=193
[M::hk_bmap_gen] generated 5258 beads
[M::hk_bmap_gen] 251632 bin pairs
[M::blind-gpu] prepared pair buffers: n_diploid=5258 n_pairs=256838 n_block_keys=503756 n_steps=100
[I::fdg-gpu] blocklist CSR ready: edges=503756 avg_deg=95.81 max_deg=192
[M::hk_bmap_gen] generated 5258 beads
[M::hk_bmap_gen] 251425 bin pairs
[M::blind-gpu] prepared pair buffers: n_diploid=5258 n_pairs=256631 n_block_keys=503344 n_steps=100
[I::fdg-gpu] blocklist CSR ready: edges=503344 avg_deg=95.73 max_deg=192
[M::hk_bmap_gen] generated 5258 beads
[M::hk_bmap_gen] 251187 bin pairs
[M::blind-gpu] prepared pair buffers: n_diploid=5258 n_pairs=256394 n_block_keys=502872 n_steps=100
[I::fdg-gpu] blocklist CSR ready: edges=502872 avg_deg=95.64 max_deg=192
[M::hk_bmap_gen] generated 5258 beads
[M::hk_bmap_gen] 250994 bin pairs
[M::blind-gpu] prepared pair buffers: n_diploid=5258 n_pairs=256203 n_block_keys=502486 n_steps=100
[I::fdg-gpu] blocklist CSR ready: edges=502486 avg_deg=95.57 max_deg=191
[M::hk_bmap_gen] generated 5258 beads
[M::hk_bmap_gen] 250859 bin pairs
[M::blind-gpu] prepared pair buffers: n_diploid=5258 n_pairs=256065 n_block_keys=502206 n_steps=100
[I::fdg-gpu] blocklist CSR ready: edges=502206 avg_deg=95.51 max_deg=191
[M::hk_bmap_gen] generated 5258 beads
[M::hk_bmap_gen] 250696 bin pairs
[M::blind-gpu] prepared pair buffers: n_diploid=5258 n_pairs=255901 n_block_keys=501880 n_steps=100
[I::fdg-gpu] blocklist CSR ready: edges=501880 avg_deg=95.45 max_deg=192
[M::hk_bmap_gen] generated 5258 beads
[M::hk_bmap_gen] 250567 bin pairs
[M::blind-gpu] prepared pair buffers: n_diploid=5258 n_pairs=255774 n_block_keys=501628 n_steps=100
[I::fdg-gpu] blocklist CSR ready: edges=501628 avg_deg=95.40 max_deg=192
[M::hk_bmap_gen] generated 5258 beads
[M::hk_bmap_gen] 250406 bin pairs
[M::blind-gpu] prepared pair buffers: n_diploid=5258 n_pairs=255614 n_block_keys=501308 n_steps=100
[I::fdg-gpu] blocklist CSR ready: edges=501308 avg_deg=95.34 max_deg=192
[M::hk_bmap_gen] generated 5258 beads
[M::hk_bmap_gen] 250317 bin pairs
[M::blind-gpu] prepared pair buffers: n_diploid=5258 n_pairs=255524 n_block_keys=501126 n_steps=100
[I::fdg-gpu] blocklist CSR ready: edges=501126 avg_deg=95.31 max_deg=192
[M::hk_bmap_gen] generated 5258 beads
[M::hk_bmap_gen] 250225 bin pairs
[M::blind-gpu] prepared pair buffers: n_diploid=5258 n_pairs=255434 n_block_keys=500944 n_steps=100
[I::fdg-gpu] blocklist CSR ready: edges=500944 avg_deg=95.27 max_deg=192
[M::hk_bmap_gen] generated 5258 beads
[M::hk_bmap_gen] 250110 bin pairs
[M::blind-gpu] prepared pair buffers: n_diploid=5258 n_pairs=255320 n_block_keys=500716 n_steps=100
[I::fdg-gpu] blocklist CSR ready: edges=500716 avg_deg=95.23 max_deg=191
[M::hk_bmap_gen] generated 5258 beads
[M::hk_bmap_gen] 250014 bin pairs
[M::blind-gpu] prepared pair buffers: n_diploid=5258 n_pairs=255219 n_block_keys=500516 n_steps=100
[I::fdg-gpu] blocklist CSR ready: edges=500516 avg_deg=95.19 max_deg=190
[M::hk_bmap_gen] generated 5258 beads
[M::hk_bmap_gen] 249893 bin pairs
[M::blind-gpu] prepared pair buffers: n_diploid=5258 n_pairs=255101 n_block_keys=500278 n_steps=100
[I::fdg-gpu] blocklist CSR ready: edges=500278 avg_deg=95.15 max_deg=190
[M::hk_bmap_gen] generated 5258 beads
[M::hk_bmap_gen] 249799 bin pairs
[M::blind-gpu] prepared pair buffers: n_diploid=5258 n_pairs=255004 n_block_keys=500082 n_steps=100
[I::fdg-gpu] blocklist CSR ready: edges=500082 avg_deg=95.11 max_deg=191
[M::hk_bmap_gen] generated 5258 beads
[M::hk_bmap_gen] 249713 bin pairs
[M::blind-gpu] prepared pair buffers: n_diploid=5258 n_pairs=254924 n_block_keys=499924 n_steps=100
[I::fdg-gpu] blocklist CSR ready: edges=499924 avg_deg=95.08 max_deg=191
[M::hk_bmap_gen] generated 5258 beads
[M::hk_bmap_gen] 249591 bin pairs
[M::blind-gpu] prepared pair buffers: n_diploid=5258 n_pairs=254802 n_block_keys=499684 n_steps=100
[I::fdg-gpu] blocklist CSR ready: edges=499684 avg_deg=95.03 max_deg=192
[M::hk_bmap_gen] generated 5258 beads
[M::hk_bmap_gen] 249503 bin pairs
[M::blind-gpu] prepared pair buffers: n_diploid=5258 n_pairs=254709 n_block_keys=499502 n_steps=100
[I::fdg-gpu] blocklist CSR ready: edges=499502 avg_deg=95.00 max_deg=191
[M::hk_bmap_gen] generated 5258 beads
[M::hk_bmap_gen] 249418 bin pairs
[M::blind-gpu] prepared pair buffers: n_diploid=5258 n_pairs=254621 n_block_keys=499324 n_steps=100
[I::fdg-gpu] blocklist CSR ready: edges=499324 avg_deg=94.96 max_deg=191
[M::hk_bmap_gen] generated 5258 beads
[M::hk_bmap_gen] 249364 bin pairs
[M::blind-gpu] prepared pair buffers: n_diploid=5258 n_pairs=254570 n_block_keys=499220 n_steps=100
[I::fdg-gpu] blocklist CSR ready: edges=499220 avg_deg=94.94 max_deg=190
[M::hk_bmap_gen] generated 5258 beads
[M::hk_bmap_gen] 249327 bin pairs
[M::blind-gpu] prepared pair buffers: n_diploid=5258 n_pairs=254536 n_block_keys=499150 n_steps=100
[I::fdg-gpu] blocklist CSR ready: edges=499150 avg_deg=94.93 max_deg=190
[M::hk_bmap_gen] generated 5258 beads
[M::hk_bmap_gen] 249266 bin pairs
[M::blind-gpu] prepared pair buffers: n_diploid=5258 n_pairs=254477 n_block_keys=499034 n_steps=100
[I::fdg-gpu] blocklist CSR ready: edges=499034 avg_deg=94.91 max_deg=190
[M::hk_bmap_gen] generated 5258 beads
[M::hk_bmap_gen] 249157 bin pairs
[M::blind-gpu] prepared pair buffers: n_diploid=5258 n_pairs=254366 n_block_keys=498814 n_steps=100
[I::fdg-gpu] blocklist CSR ready: edges=498814 avg_deg=94.87 max_deg=190
[M::hk_bmap_gen] generated 5258 beads
[M::hk_bmap_gen] 249069 bin pairs
[M::blind-gpu] prepared pair buffers: n_diploid=5258 n_pairs=254279 n_block_keys=498640 n_steps=100
[I::fdg-gpu] blocklist CSR ready: edges=498640 avg_deg=94.83 max_deg=190
[M::hk_bmap_gen] generated 5258 beads
[M::hk_bmap_gen] 248963 bin pairs
[M::blind-gpu] prepared pair buffers: n_diploid=5258 n_pairs=254172 n_block_keys=498426 n_steps=100
[I::fdg-gpu] blocklist CSR ready: edges=498426 avg_deg=94.79 max_deg=190
[M::hk_bmap_gen] generated 5258 beads
[M::hk_bmap_gen] 248833 bin pairs
[M::blind-gpu] prepared pair buffers: n_diploid=5258 n_pairs=254044 n_block_keys=498170 n_steps=100
[I::fdg-gpu] blocklist CSR ready: edges=498170 avg_deg=94.75 max_deg=190
[M::hk_bmap_gen] generated 5258 beads
[M::hk_bmap_gen] 248745 bin pairs
[M::blind-gpu] prepared pair buffers: n_diploid=5258 n_pairs=253955 n_block_keys=497992 n_steps=100
[I::fdg-gpu] blocklist CSR ready: edges=497992 avg_deg=94.71 max_deg=190
[M::hk_bmap_gen] generated 5258 beads
[M::hk_bmap_gen] 248671 bin pairs
[M::blind-gpu] prepared pair buffers: n_diploid=5258 n_pairs=253883 n_block_keys=497852 n_steps=100
[I::fdg-gpu] blocklist CSR ready: edges=497852 avg_deg=94.68 max_deg=190
[M::hk_bmap_gen] generated 5258 beads
[M::hk_bmap_gen] 248551 bin pairs
[M::blind-gpu] prepared pair buffers: n_diploid=5258 n_pairs=253759 n_block_keys=497608 n_steps=100
[I::fdg-gpu] blocklist CSR ready: edges=497608 avg_deg=94.64 max_deg=190
[M::hk_bmap_gen] generated 5258 beads
[M::hk_bmap_gen] 248512 bin pairs
[M::blind-gpu] prepared pair buffers: n_diploid=5258 n_pairs=253723 n_block_keys=497536 n_steps=100
[I::fdg-gpu] blocklist CSR ready: edges=497536 avg_deg=94.62 max_deg=190
[M::hk_bmap_gen] generated 5258 beads
[M::hk_bmap_gen] 248396 bin pairs
[M::blind-gpu] prepared pair buffers: n_diploid=5258 n_pairs=253606 n_block_keys=497304 n_steps=100
[I::fdg-gpu] blocklist CSR ready: edges=497304 avg_deg=94.58 max_deg=190
[M::hk_bmap_gen] generated 5258 beads
[M::hk_bmap_gen] 248319 bin pairs
[M::blind-gpu] prepared pair buffers: n_diploid=5258 n_pairs=253528 n_block_keys=497146 n_steps=100
[I::fdg-gpu] blocklist CSR ready: edges=497146 avg_deg=94.55 max_deg=190
[M::hk_bmap_gen] generated 5258 beads
[M::hk_bmap_gen] 248220 bin pairs
[M::blind-gpu] prepared pair buffers: n_diploid=5258 n_pairs=253428 n_block_keys=496948 n_steps=100
[I::fdg-gpu] blocklist CSR ready: edges=496948 avg_deg=94.51 max_deg=190
[M::hk_bmap_gen] generated 5258 beads
[M::hk_bmap_gen] 248148 bin pairs
[M::blind-gpu] prepared pair buffers: n_diploid=5258 n_pairs=253354 n_block_keys=496800 n_steps=100
[I::fdg-gpu] blocklist CSR ready: edges=496800 avg_deg=94.48 max_deg=190
[M::hk_bmap_gen] generated 5258 beads
[M::hk_bmap_gen] 248086 bin pairs
[M::blind-gpu] prepared pair buffers: n_diploid=5258 n_pairs=253298 n_block_keys=496686 n_steps=100
[I::fdg-gpu] blocklist CSR ready: edges=496686 avg_deg=94.46 max_deg=190
[M::hk_bmap_gen] generated 5258 beads
[M::hk_bmap_gen] 247919 bin pairs
[M::blind-gpu] prepared pair buffers: n_diploid=5258 n_pairs=253131 n_block_keys=496354 n_steps=100
[I::fdg-gpu] blocklist CSR ready: edges=496354 avg_deg=94.40 max_deg=190
[M::hk_bmap_gen] generated 5258 beads
[M::hk_bmap_gen] 247793 bin pairs
[M::blind-gpu] prepared pair buffers: n_diploid=5258 n_pairs=253000 n_block_keys=496092 n_steps=100
[I::fdg-gpu] blocklist CSR ready: edges=496092 avg_deg=94.35 max_deg=191
[M::hk_bmap_gen] generated 5258 beads
[M::hk_bmap_gen] 247716 bin pairs
[M::blind-gpu] prepared pair buffers: n_diploid=5258 n_pairs=252925 n_block_keys=495944 n_steps=100
[I::fdg-gpu] blocklist CSR ready: edges=495944 avg_deg=94.32 max_deg=192
[M::hk_bmap_gen] generated 5258 beads
[M::hk_bmap_gen] 247611 bin pairs
[M::blind-gpu] prepared pair buffers: n_diploid=5258 n_pairs=252819 n_block_keys=495734 n_steps=100
[I::fdg-gpu] blocklist CSR ready: edges=495734 avg_deg=94.28 max_deg=192
[M::hk_bmap_gen] generated 5258 beads
[M::hk_bmap_gen] 247556 bin pairs
[M::blind-gpu] prepared pair buffers: n_diploid=5258 n_pairs=252766 n_block_keys=495632 n_steps=100
[I::fdg-gpu] blocklist CSR ready: edges=495632 avg_deg=94.26 max_deg=192
[M::hk_bmap_gen] generated 5258 beads
[M::hk_bmap_gen] 247442 bin pairs
[M::blind-gpu] prepared pair buffers: n_diploid=5258 n_pairs=252652 n_block_keys=495402 n_steps=100
[I::fdg-gpu] blocklist CSR ready: edges=495402 avg_deg=94.22 max_deg=192
[M::hk_bmap_gen] generated 5258 beads
[M::hk_bmap_gen] 247303 bin pairs
[M::blind-gpu] prepared pair buffers: n_diploid=5258 n_pairs=252514 n_block_keys=495124 n_steps=100
[I::fdg-gpu] blocklist CSR ready: edges=495124 avg_deg=94.17 max_deg=192
[M::hk_bmap_gen] generated 5258 beads
[M::hk_bmap_gen] 247215 bin pairs
[M::blind-gpu] prepared pair buffers: n_diploid=5258 n_pairs=252424 n_block_keys=494942 n_steps=100
[I::fdg-gpu] blocklist CSR ready: edges=494942 avg_deg=94.13 max_deg=192
[M::hk_bmap_gen] generated 5258 beads
[M::hk_bmap_gen] 247098 bin pairs
[M::blind-gpu] prepared pair buffers: n_diploid=5258 n_pairs=252310 n_block_keys=494712 n_steps=100
[I::fdg-gpu] blocklist CSR ready: edges=494712 avg_deg=94.09 max_deg=192
[M::hk_bmap_gen] generated 5258 beads
[M::hk_bmap_gen] 246890 bin pairs
[M::blind-gpu] prepared pair buffers: n_diploid=5258 n_pairs=252094 n_block_keys=494280 n_steps=100
[I::fdg-gpu] blocklist CSR ready: edges=494280 avg_deg=94.01 max_deg=192
[M::hk_bmap_gen] generated 5258 beads
[M::hk_bmap_gen] 246720 bin pairs
[M::blind-gpu] prepared pair buffers: n_diploid=5258 n_pairs=251924 n_block_keys=493942 n_steps=100
[I::fdg-gpu] blocklist CSR ready: edges=493942 avg_deg=93.94 max_deg=192
[M::hk_bmap_gen] generated 5258 beads
[M::hk_bmap_gen] 246519 bin pairs
[M::blind-gpu] prepared pair buffers: n_diploid=5258 n_pairs=251712 n_block_keys=493518 n_steps=100
[I::fdg-gpu] blocklist CSR ready: edges=493518 avg_deg=93.86 max_deg=192
[M::hk_bmap_gen] generated 5258 beads
[M::hk_bmap_gen] 246318 bin pairs
[M::blind-gpu] prepared pair buffers: n_diploid=5258 n_pairs=251510 n_block_keys=493120 n_steps=100
[I::fdg-gpu] blocklist CSR ready: edges=493120 avg_deg=93.78 max_deg=192
[M::hk_bmap_gen] generated 5258 beads
[M::hk_bmap_gen] 246119 bin pairs
[M::blind-gpu] prepared pair buffers: n_diploid=5258 n_pairs=251316 n_block_keys=492730 n_steps=100
[I::fdg-gpu] blocklist CSR ready: edges=492730 avg_deg=93.71 max_deg=192
[M::hk_bmap_gen] generated 5258 beads
[M::hk_bmap_gen] 245980 bin pairs
[M::blind-gpu] prepared pair buffers: n_diploid=5258 n_pairs=251176 n_block_keys=492448 n_steps=100
[I::fdg-gpu] blocklist CSR ready: edges=492448 avg_deg=93.66 max_deg=192
[M::hk_bmap_gen] generated 5258 beads
[M::hk_bmap_gen] 245900 bin pairs
[M::blind-gpu] prepared pair buffers: n_diploid=5258 n_pairs=251098 n_block_keys=492292 n_steps=100
[I::fdg-gpu] blocklist CSR ready: edges=492292 avg_deg=93.63 max_deg=192
[M::hk_bmap_gen] generated 5258 beads
[M::hk_bmap_gen] 245809 bin pairs
[M::blind-gpu] prepared pair buffers: n_diploid=5258 n_pairs=251015 n_block_keys=492126 n_steps=100
[I::fdg-gpu] blocklist CSR ready: edges=492126 avg_deg=93.60 max_deg=192
[M::hk_bmap_gen] generated 5258 beads
[M::hk_bmap_gen] 245720 bin pairs
[M::blind-gpu] prepared pair buffers: n_diploid=5258 n_pairs=250923 n_block_keys=491942 n_steps=100
[I::fdg-gpu] blocklist CSR ready: edges=491942 avg_deg=93.56 max_deg=192
[M::hk_bmap_gen] generated 5258 beads
[M::hk_bmap_gen] 245667 bin pairs
[M::blind-gpu] prepared pair buffers: n_diploid=5258 n_pairs=250873 n_block_keys=491842 n_steps=100
[I::fdg-gpu] blocklist CSR ready: edges=491842 avg_deg=93.54 max_deg=192
[M::hk_bmap_gen] generated 5258 beads
[M::hk_bmap_gen] 245614 bin pairs
[M::blind-gpu] prepared pair buffers: n_diploid=5258 n_pairs=250821 n_block_keys=491738 n_steps=100
[I::fdg-gpu] blocklist CSR ready: edges=491738 avg_deg=93.52 max_deg=192
[M::hk_bmap_gen] generated 5258 beads
[M::hk_bmap_gen] 245523 bin pairs
[M::blind-gpu] prepared pair buffers: n_diploid=5258 n_pairs=250727 n_block_keys=491550 n_steps=100
[I::fdg-gpu] blocklist CSR ready: edges=491550 avg_deg=93.49 max_deg=192
[M::hk_bmap_gen] generated 5258 beads
[M::hk_bmap_gen] 245403 bin pairs
[M::blind-gpu] prepared pair buffers: n_diploid=5258 n_pairs=250606 n_block_keys=491312 n_steps=100
[I::fdg-gpu] blocklist CSR ready: edges=491312 avg_deg=93.44 max_deg=192
[M::hk_bmap_gen] generated 5258 beads
[M::hk_bmap_gen] 245301 bin pairs
[M::blind-gpu] prepared pair buffers: n_diploid=5258 n_pairs=250506 n_block_keys=491114 n_steps=100
[I::fdg-gpu] blocklist CSR ready: edges=491114 avg_deg=93.40 max_deg=192
[M::hk_bmap_gen] generated 5258 beads
[M::hk_bmap_gen] 245182 bin pairs
[M::blind-gpu] prepared pair buffers: n_diploid=5258 n_pairs=250386 n_block_keys=490874 n_steps=100
[I::fdg-gpu] blocklist CSR ready: edges=490874 avg_deg=93.36 max_deg=192
[M::hk_bmap_gen] generated 5258 beads
[M::hk_bmap_gen] 245010 bin pairs
[M::blind-gpu] prepared pair buffers: n_diploid=5258 n_pairs=250215 n_block_keys=490534 n_steps=100
[I::fdg-gpu] blocklist CSR ready: edges=490534 avg_deg=93.29 max_deg=192
[M::hk_bmap_gen] generated 5258 beads
[M::hk_bmap_gen] 244886 bin pairs
[M::blind-gpu] prepared pair buffers: n_diploid=5258 n_pairs=250091 n_block_keys=490284 n_steps=100
[I::fdg-gpu] blocklist CSR ready: edges=490284 avg_deg=93.25 max_deg=192
[M::hk_bmap_gen] generated 5258 beads
[M::hk_bmap_gen] 244793 bin pairs
[M::blind-gpu] prepared pair buffers: n_diploid=5258 n_pairs=249996 n_block_keys=490092 n_steps=100
[I::fdg-gpu] blocklist CSR ready: edges=490092 avg_deg=93.21 max_deg=192
[M::hk_bmap_gen] generated 5258 beads
[M::hk_bmap_gen] 244631 bin pairs
[M::blind-gpu] prepared pair buffers: n_diploid=5258 n_pairs=249835 n_block_keys=489768 n_steps=100
[I::fdg-gpu] blocklist CSR ready: edges=489768 avg_deg=93.15 max_deg=192
[M::hk_bmap_gen] generated 5258 beads
[M::hk_bmap_gen] 244504 bin pairs
[M::blind-gpu] prepared pair buffers: n_diploid=5258 n_pairs=249708 n_block_keys=489514 n_steps=100
[I::fdg-gpu] blocklist CSR ready: edges=489514 avg_deg=93.10 max_deg=192
[M::hk_bmap_gen] generated 5258 beads
[M::hk_bmap_gen] 244337 bin pairs
[M::blind-gpu] prepared pair buffers: n_diploid=5258 n_pairs=249539 n_block_keys=489180 n_steps=100
[I::fdg-gpu] blocklist CSR ready: edges=489180 avg_deg=93.04 max_deg=192
[M::hk_bmap_gen] generated 5258 beads
[M::hk_bmap_gen] 244241 bin pairs
[M::blind-gpu] prepared pair buffers: n_diploid=5258 n_pairs=249440 n_block_keys=488982 n_steps=100
[I::fdg-gpu] blocklist CSR ready: edges=488982 avg_deg=93.00 max_deg=192
[M::hk_bmap_gen] generated 5258 beads
[M::hk_bmap_gen] 244089 bin pairs
[M::blind-gpu] prepared pair buffers: n_diploid=5258 n_pairs=249292 n_block_keys=488686 n_steps=100
[I::fdg-gpu] blocklist CSR ready: edges=488686 avg_deg=92.94 max_deg=192
[M::hk_bmap_gen] generated 5258 beads
[M::hk_bmap_gen] 243957 bin pairs
[M::blind-gpu] prepared pair buffers: n_diploid=5258 n_pairs=249160 n_block_keys=488422 n_steps=100
[I::fdg-gpu] blocklist CSR ready: edges=488422 avg_deg=92.89 max_deg=192
[M::hk_bmap_gen] generated 5258 beads
[M::hk_bmap_gen] 243841 bin pairs
[M::blind-gpu] prepared pair buffers: n_diploid=5258 n_pairs=249048 n_block_keys=488198 n_steps=100
[I::fdg-gpu] blocklist CSR ready: edges=488198 avg_deg=92.85 max_deg=192
[M::hk_bmap_gen] generated 5258 beads
[M::hk_bmap_gen] 243710 bin pairs
[M::blind-gpu] prepared pair buffers: n_diploid=5258 n_pairs=248919 n_block_keys=487940 n_steps=100
[I::fdg-gpu] blocklist CSR ready: edges=487940 avg_deg=92.80 max_deg=192
[M::hk_bmap_gen] generated 5258 beads
[M::hk_bmap_gen] 243630 bin pairs
[M::blind-gpu] prepared pair buffers: n_diploid=5258 n_pairs=248838 n_block_keys=487778 n_steps=100
[I::fdg-gpu] blocklist CSR ready: edges=487778 avg_deg=92.77 max_deg=192
[M::hk_bmap_gen] generated 5258 beads
[M::hk_bmap_gen] 243532 bin pairs
[M::blind-gpu] prepared pair buffers: n_diploid=5258 n_pairs=248739 n_block_keys=487580 n_steps=100
[I::fdg-gpu] blocklist CSR ready: edges=487580 avg_deg=92.73 max_deg=192
[M::hk_bmap_gen] generated 5258 beads
[M::hk_bmap_gen] 243430 bin pairs
[M::blind-gpu] prepared pair buffers: n_diploid=5258 n_pairs=248637 n_block_keys=487376 n_steps=100
[I::fdg-gpu] blocklist CSR ready: edges=487376 avg_deg=92.69 max_deg=192
[M::hk_bmap_gen] generated 5258 beads
[M::hk_bmap_gen] 243361 bin pairs
[M::blind-gpu] prepared pair buffers: n_diploid=5258 n_pairs=248567 n_block_keys=487238 n_steps=100
[I::fdg-gpu] blocklist CSR ready: edges=487238 avg_deg=92.67 max_deg=192
minimal P9016[1m]: write outputs to /mnt/ssd/zliu/phase3/test_res/016-20260618_150851-p9016_charm_contacts_condition_sweep_1m/work_outputs/2pr/p9016_charm3dg20k_2pr_pcgamma0p5_msep1_lsep0p5_ieps0p5_noise0/p9016_charm3dg20k_2pr_pcgamma0p5_msep1_lsep0p5_ieps0p5_noise0
[M::hk_bmap_gen] generated 5258 beads
[M::hk_bmap_gen] 243324 bin pairs
minimal P9016[1m]: status=OK final_entropy=1.0191175 final_pU=0.73513788
minimal P9016: summary /mnt/ssd/zliu/phase3/test_res/016-20260618_150851-p9016_charm_contacts_condition_sweep_1m/work_outputs/2pr/p9016_charm3dg20k_2pr_pcgamma0p5_msep1_lsep0p5_ieps0p5_noise0/matrix_summary.tsv
