minimal P9016: input=/mnt/ssd/zliu/phase3/test_res/016-20260618_150851-p9016_charm_contacts_condition_sweep_1m/synthetic_pairs/p9016_charm3dg20k_2pr_contacts.pairs.gz output_root=/mnt/ssd/zliu/phase3/test_res/016-20260618_150851-p9016_charm_contacts_condition_sweep_1m/work_outputs/2pr/p9016_charm3dg20k_2pr_random_diploid_pcgamma1_sep_off config=p9016_charm3dg20k_2pr_random_diploid_pcgamma1_sep_off baseline=softall n_iter=100 relax_steps=100 relax_step=0.012 chain=0 init_mode=random_diploid init_eps=0.5 init_noise=0 init_scale=10 init_seed=17 min_sep=0 lambda_sep=0 d_scale_mode=posterior_count d_scale_input=posterior_count d_scale_formula=n_raw*posterior_prob^1 d_scale_gamma=1 d_scale_eps=1e-06 relax_backend=gpu
minimal P9016: stage 1/1 name=1m bin_size_bp=1000000 parent=0
[M::hk_map_read] read 1265114 pairs
[M::hk_bmap_gen] generated 2629 beads
[M::hk_bmap_gen] 86507 bin pairs
minimal P9016[1m]: build binned contacts
minimal P9016[1m]: init mode=random_diploid seed=17 scale=10
minimal P9016[1m]: run softall, n_iter=100 relax_steps=100 relax_step=0.012 relax_backend=gpu
[M::hk_bmap_gen] generated 5258 beads
[M::hk_bmap_gen] 228768 bin pairs
[M::blind-gpu] prepared pair buffers: n_diploid=5258 n_pairs=233882 n_block_keys=459754 n_steps=100
[I::fdg-gpu] blocklist CSR ready: edges=459754 avg_deg=87.44 max_deg=175
[M::hk_bmap_gen] generated 5258 beads
[M::hk_bmap_gen] 295268 bin pairs
[M::blind-gpu] prepared pair buffers: n_diploid=5258 n_pairs=300473 n_block_keys=591030 n_steps=100
[I::fdg-gpu] blocklist CSR ready: edges=591030 avg_deg=112.41 max_deg=202
[M::hk_bmap_gen] generated 5258 beads
[M::hk_bmap_gen] 292189 bin pairs
[M::blind-gpu] prepared pair buffers: n_diploid=5258 n_pairs=297404 n_block_keys=584900 n_steps=100
[I::fdg-gpu] blocklist CSR ready: edges=584900 avg_deg=111.24 max_deg=201
[M::hk_bmap_gen] generated 5258 beads
[M::hk_bmap_gen] 286860 bin pairs
[M::blind-gpu] prepared pair buffers: n_diploid=5258 n_pairs=292068 n_block_keys=574246 n_steps=100
[I::fdg-gpu] blocklist CSR ready: edges=574246 avg_deg=109.21 max_deg=202
[M::hk_bmap_gen] generated 5258 beads
[M::hk_bmap_gen] 281449 bin pairs
[M::blind-gpu] prepared pair buffers: n_diploid=5258 n_pairs=286656 n_block_keys=563424 n_steps=100
[I::fdg-gpu] blocklist CSR ready: edges=563424 avg_deg=107.16 max_deg=198
[M::hk_bmap_gen] generated 5258 beads
[M::hk_bmap_gen] 276560 bin pairs
[M::blind-gpu] prepared pair buffers: n_diploid=5258 n_pairs=281768 n_block_keys=553656 n_steps=100
[I::fdg-gpu] blocklist CSR ready: edges=553656 avg_deg=105.30 max_deg=196
[M::hk_bmap_gen] generated 5258 beads
[M::hk_bmap_gen] 272503 bin pairs
[M::blind-gpu] prepared pair buffers: n_diploid=5258 n_pairs=277711 n_block_keys=545558 n_steps=100
[I::fdg-gpu] blocklist CSR ready: edges=545558 avg_deg=103.76 max_deg=191
[M::hk_bmap_gen] generated 5258 beads
[M::hk_bmap_gen] 269495 bin pairs
[M::blind-gpu] prepared pair buffers: n_diploid=5258 n_pairs=274702 n_block_keys=539534 n_steps=100
[I::fdg-gpu] blocklist CSR ready: edges=539534 avg_deg=102.61 max_deg=191
[M::hk_bmap_gen] generated 5258 beads
[M::hk_bmap_gen] 266834 bin pairs
[M::blind-gpu] prepared pair buffers: n_diploid=5258 n_pairs=272037 n_block_keys=534232 n_steps=100
[I::fdg-gpu] blocklist CSR ready: edges=534232 avg_deg=101.60 max_deg=188
[M::hk_bmap_gen] generated 5258 beads
[M::hk_bmap_gen] 264623 bin pairs
[M::blind-gpu] prepared pair buffers: n_diploid=5258 n_pairs=269830 n_block_keys=529818 n_steps=100
[I::fdg-gpu] blocklist CSR ready: edges=529818 avg_deg=100.76 max_deg=188
[M::hk_bmap_gen] generated 5258 beads
[M::hk_bmap_gen] 262817 bin pairs
[M::blind-gpu] prepared pair buffers: n_diploid=5258 n_pairs=268023 n_block_keys=526194 n_steps=100
[I::fdg-gpu] blocklist CSR ready: edges=526194 avg_deg=100.07 max_deg=187
[M::hk_bmap_gen] generated 5258 beads
[M::hk_bmap_gen] 261366 bin pairs
[M::blind-gpu] prepared pair buffers: n_diploid=5258 n_pairs=266565 n_block_keys=523282 n_steps=100
[I::fdg-gpu] blocklist CSR ready: edges=523282 avg_deg=99.52 max_deg=186
[M::hk_bmap_gen] generated 5258 beads
[M::hk_bmap_gen] 260165 bin pairs
[M::blind-gpu] prepared pair buffers: n_diploid=5258 n_pairs=265365 n_block_keys=520890 n_steps=100
[I::fdg-gpu] blocklist CSR ready: edges=520890 avg_deg=99.07 max_deg=186
[M::hk_bmap_gen] generated 5258 beads
[M::hk_bmap_gen] 259107 bin pairs
[M::blind-gpu] prepared pair buffers: n_diploid=5258 n_pairs=264304 n_block_keys=518770 n_steps=100
[I::fdg-gpu] blocklist CSR ready: edges=518770 avg_deg=98.66 max_deg=185
[M::hk_bmap_gen] generated 5258 beads
[M::hk_bmap_gen] 258154 bin pairs
[M::blind-gpu] prepared pair buffers: n_diploid=5258 n_pairs=263356 n_block_keys=516880 n_steps=100
[I::fdg-gpu] blocklist CSR ready: edges=516880 avg_deg=98.30 max_deg=184
[M::hk_bmap_gen] generated 5258 beads
[M::hk_bmap_gen] 257271 bin pairs
[M::blind-gpu] prepared pair buffers: n_diploid=5258 n_pairs=262475 n_block_keys=515122 n_steps=100
[I::fdg-gpu] blocklist CSR ready: edges=515122 avg_deg=97.97 max_deg=183
[M::hk_bmap_gen] generated 5258 beads
[M::hk_bmap_gen] 256398 bin pairs
[M::blind-gpu] prepared pair buffers: n_diploid=5258 n_pairs=261600 n_block_keys=513378 n_steps=100
[I::fdg-gpu] blocklist CSR ready: edges=513378 avg_deg=97.64 max_deg=183
[M::hk_bmap_gen] generated 5258 beads
[M::hk_bmap_gen] 255645 bin pairs
[M::blind-gpu] prepared pair buffers: n_diploid=5258 n_pairs=260848 n_block_keys=511874 n_steps=100
[I::fdg-gpu] blocklist CSR ready: edges=511874 avg_deg=97.35 max_deg=182
[M::hk_bmap_gen] generated 5258 beads
[M::hk_bmap_gen] 254917 bin pairs
[M::blind-gpu] prepared pair buffers: n_diploid=5258 n_pairs=260115 n_block_keys=510400 n_steps=100
[I::fdg-gpu] blocklist CSR ready: edges=510400 avg_deg=97.07 max_deg=183
[M::hk_bmap_gen] generated 5258 beads
[M::hk_bmap_gen] 254112 bin pairs
[M::blind-gpu] prepared pair buffers: n_diploid=5258 n_pairs=259302 n_block_keys=508784 n_steps=100
[I::fdg-gpu] blocklist CSR ready: edges=508784 avg_deg=96.76 max_deg=183
[M::hk_bmap_gen] generated 5258 beads
[M::hk_bmap_gen] 253403 bin pairs
[M::blind-gpu] prepared pair buffers: n_diploid=5258 n_pairs=258602 n_block_keys=507400 n_steps=100
[I::fdg-gpu] blocklist CSR ready: edges=507400 avg_deg=96.50 max_deg=183
[M::hk_bmap_gen] generated 5258 beads
[M::hk_bmap_gen] 252731 bin pairs
[M::blind-gpu] prepared pair buffers: n_diploid=5258 n_pairs=257930 n_block_keys=506054 n_steps=100
[I::fdg-gpu] blocklist CSR ready: edges=506054 avg_deg=96.24 max_deg=183
[M::hk_bmap_gen] generated 5258 beads
[M::hk_bmap_gen] 252154 bin pairs
[M::blind-gpu] prepared pair buffers: n_diploid=5258 n_pairs=257355 n_block_keys=504908 n_steps=100
[I::fdg-gpu] blocklist CSR ready: edges=504908 avg_deg=96.03 max_deg=183
[M::hk_bmap_gen] generated 5258 beads
[M::hk_bmap_gen] 251532 bin pairs
[M::blind-gpu] prepared pair buffers: n_diploid=5258 n_pairs=256733 n_block_keys=503680 n_steps=100
[I::fdg-gpu] blocklist CSR ready: edges=503680 avg_deg=95.79 max_deg=182
[M::hk_bmap_gen] generated 5258 beads
[M::hk_bmap_gen] 250932 bin pairs
[M::blind-gpu] prepared pair buffers: n_diploid=5258 n_pairs=256126 n_block_keys=502472 n_steps=100
[I::fdg-gpu] blocklist CSR ready: edges=502472 avg_deg=95.56 max_deg=182
[M::hk_bmap_gen] generated 5258 beads
[M::hk_bmap_gen] 250445 bin pairs
[M::blind-gpu] prepared pair buffers: n_diploid=5258 n_pairs=255646 n_block_keys=501508 n_steps=100
[I::fdg-gpu] blocklist CSR ready: edges=501508 avg_deg=95.38 max_deg=181
[M::hk_bmap_gen] generated 5258 beads
[M::hk_bmap_gen] 250135 bin pairs
[M::blind-gpu] prepared pair buffers: n_diploid=5258 n_pairs=255338 n_block_keys=500896 n_steps=100
[I::fdg-gpu] blocklist CSR ready: edges=500896 avg_deg=95.26 max_deg=180
[M::hk_bmap_gen] generated 5258 beads
[M::hk_bmap_gen] 249718 bin pairs
[M::blind-gpu] prepared pair buffers: n_diploid=5258 n_pairs=254922 n_block_keys=500070 n_steps=100
[I::fdg-gpu] blocklist CSR ready: edges=500070 avg_deg=95.11 max_deg=180
[M::hk_bmap_gen] generated 5258 beads
[M::hk_bmap_gen] 249310 bin pairs
[M::blind-gpu] prepared pair buffers: n_diploid=5258 n_pairs=254515 n_block_keys=499256 n_steps=100
[I::fdg-gpu] blocklist CSR ready: edges=499256 avg_deg=94.95 max_deg=180
[M::hk_bmap_gen] generated 5258 beads
[M::hk_bmap_gen] 248777 bin pairs
[M::blind-gpu] prepared pair buffers: n_diploid=5258 n_pairs=253980 n_block_keys=498192 n_steps=100
[I::fdg-gpu] blocklist CSR ready: edges=498192 avg_deg=94.75 max_deg=179
[M::hk_bmap_gen] generated 5258 beads
[M::hk_bmap_gen] 248286 bin pairs
[M::blind-gpu] prepared pair buffers: n_diploid=5258 n_pairs=253486 n_block_keys=497204 n_steps=100
[I::fdg-gpu] blocklist CSR ready: edges=497204 avg_deg=94.56 max_deg=178
[M::hk_bmap_gen] generated 5258 beads
[M::hk_bmap_gen] 247937 bin pairs
[M::blind-gpu] prepared pair buffers: n_diploid=5258 n_pairs=253136 n_block_keys=496514 n_steps=100
[I::fdg-gpu] blocklist CSR ready: edges=496514 avg_deg=94.43 max_deg=177
[M::hk_bmap_gen] generated 5258 beads
[M::hk_bmap_gen] 247673 bin pairs
[M::blind-gpu] prepared pair buffers: n_diploid=5258 n_pairs=252880 n_block_keys=496000 n_steps=100
[I::fdg-gpu] blocklist CSR ready: edges=496000 avg_deg=94.33 max_deg=177
[M::hk_bmap_gen] generated 5258 beads
[M::hk_bmap_gen] 247344 bin pairs
[M::blind-gpu] prepared pair buffers: n_diploid=5258 n_pairs=252550 n_block_keys=495346 n_steps=100
[I::fdg-gpu] blocklist CSR ready: edges=495346 avg_deg=94.21 max_deg=177
[M::hk_bmap_gen] generated 5258 beads
[M::hk_bmap_gen] 247004 bin pairs
[M::blind-gpu] prepared pair buffers: n_diploid=5258 n_pairs=252209 n_block_keys=494664 n_steps=100
[I::fdg-gpu] blocklist CSR ready: edges=494664 avg_deg=94.08 max_deg=178
[M::hk_bmap_gen] generated 5258 beads
[M::hk_bmap_gen] 246752 bin pairs
[M::blind-gpu] prepared pair buffers: n_diploid=5258 n_pairs=251960 n_block_keys=494164 n_steps=100
[I::fdg-gpu] blocklist CSR ready: edges=494164 avg_deg=93.98 max_deg=178
[M::hk_bmap_gen] generated 5258 beads
[M::hk_bmap_gen] 246504 bin pairs
[M::blind-gpu] prepared pair buffers: n_diploid=5258 n_pairs=251711 n_block_keys=493666 n_steps=100
[I::fdg-gpu] blocklist CSR ready: edges=493666 avg_deg=93.89 max_deg=178
[M::hk_bmap_gen] generated 5258 beads
[M::hk_bmap_gen] 246239 bin pairs
[M::blind-gpu] prepared pair buffers: n_diploid=5258 n_pairs=251446 n_block_keys=493142 n_steps=100
[I::fdg-gpu] blocklist CSR ready: edges=493142 avg_deg=93.79 max_deg=178
[M::hk_bmap_gen] generated 5258 beads
[M::hk_bmap_gen] 245984 bin pairs
[M::blind-gpu] prepared pair buffers: n_diploid=5258 n_pairs=251190 n_block_keys=492632 n_steps=100
[I::fdg-gpu] blocklist CSR ready: edges=492632 avg_deg=93.69 max_deg=178
[M::hk_bmap_gen] generated 5258 beads
[M::hk_bmap_gen] 245709 bin pairs
[M::blind-gpu] prepared pair buffers: n_diploid=5258 n_pairs=250918 n_block_keys=492094 n_steps=100
[I::fdg-gpu] blocklist CSR ready: edges=492094 avg_deg=93.59 max_deg=178
[M::hk_bmap_gen] generated 5258 beads
[M::hk_bmap_gen] 245579 bin pairs
[M::blind-gpu] prepared pair buffers: n_diploid=5258 n_pairs=250788 n_block_keys=491834 n_steps=100
[I::fdg-gpu] blocklist CSR ready: edges=491834 avg_deg=93.54 max_deg=178
[M::hk_bmap_gen] generated 5258 beads
[M::hk_bmap_gen] 245464 bin pairs
[M::blind-gpu] prepared pair buffers: n_diploid=5258 n_pairs=250672 n_block_keys=491600 n_steps=100
[I::fdg-gpu] blocklist CSR ready: edges=491600 avg_deg=93.50 max_deg=178
[M::hk_bmap_gen] generated 5258 beads
[M::hk_bmap_gen] 245194 bin pairs
[M::blind-gpu] prepared pair buffers: n_diploid=5258 n_pairs=250401 n_block_keys=491060 n_steps=100
[I::fdg-gpu] blocklist CSR ready: edges=491060 avg_deg=93.39 max_deg=177
[M::hk_bmap_gen] generated 5258 beads
[M::hk_bmap_gen] 244991 bin pairs
[M::blind-gpu] prepared pair buffers: n_diploid=5258 n_pairs=250196 n_block_keys=490646 n_steps=100
[I::fdg-gpu] blocklist CSR ready: edges=490646 avg_deg=93.31 max_deg=177
[M::hk_bmap_gen] generated 5258 beads
[M::hk_bmap_gen] 244677 bin pairs
[M::blind-gpu] prepared pair buffers: n_diploid=5258 n_pairs=249883 n_block_keys=490012 n_steps=100
[I::fdg-gpu] blocklist CSR ready: edges=490012 avg_deg=93.19 max_deg=177
[M::hk_bmap_gen] generated 5258 beads
[M::hk_bmap_gen] 244508 bin pairs
[M::blind-gpu] prepared pair buffers: n_diploid=5258 n_pairs=249708 n_block_keys=489666 n_steps=100
[I::fdg-gpu] blocklist CSR ready: edges=489666 avg_deg=93.13 max_deg=176
[M::hk_bmap_gen] generated 5258 beads
[M::hk_bmap_gen] 244339 bin pairs
[M::blind-gpu] prepared pair buffers: n_diploid=5258 n_pairs=249537 n_block_keys=489326 n_steps=100
[I::fdg-gpu] blocklist CSR ready: edges=489326 avg_deg=93.06 max_deg=176
[M::hk_bmap_gen] generated 5258 beads
[M::hk_bmap_gen] 244192 bin pairs
[M::blind-gpu] prepared pair buffers: n_diploid=5258 n_pairs=249396 n_block_keys=489042 n_steps=100
[I::fdg-gpu] blocklist CSR ready: edges=489042 avg_deg=93.01 max_deg=176
[M::hk_bmap_gen] generated 5258 beads
[M::hk_bmap_gen] 244044 bin pairs
[M::blind-gpu] prepared pair buffers: n_diploid=5258 n_pairs=249250 n_block_keys=488748 n_steps=100
[I::fdg-gpu] blocklist CSR ready: edges=488748 avg_deg=92.95 max_deg=176
[M::hk_bmap_gen] generated 5258 beads
[M::hk_bmap_gen] 243816 bin pairs
[M::blind-gpu] prepared pair buffers: n_diploid=5258 n_pairs=249016 n_block_keys=488276 n_steps=100
[I::fdg-gpu] blocklist CSR ready: edges=488276 avg_deg=92.86 max_deg=176
[M::hk_bmap_gen] generated 5258 beads
[M::hk_bmap_gen] 243619 bin pairs
[M::blind-gpu] prepared pair buffers: n_diploid=5258 n_pairs=248817 n_block_keys=487878 n_steps=100
[I::fdg-gpu] blocklist CSR ready: edges=487878 avg_deg=92.79 max_deg=176
[M::hk_bmap_gen] generated 5258 beads
[M::hk_bmap_gen] 243382 bin pairs
[M::blind-gpu] prepared pair buffers: n_diploid=5258 n_pairs=248583 n_block_keys=487404 n_steps=100
[I::fdg-gpu] blocklist CSR ready: edges=487404 avg_deg=92.70 max_deg=176
[M::hk_bmap_gen] generated 5258 beads
[M::hk_bmap_gen] 243212 bin pairs
[M::blind-gpu] prepared pair buffers: n_diploid=5258 n_pairs=248419 n_block_keys=487078 n_steps=100
[I::fdg-gpu] blocklist CSR ready: edges=487078 avg_deg=92.64 max_deg=176
[M::hk_bmap_gen] generated 5258 beads
[M::hk_bmap_gen] 243127 bin pairs
[M::blind-gpu] prepared pair buffers: n_diploid=5258 n_pairs=248331 n_block_keys=486906 n_steps=100
[I::fdg-gpu] blocklist CSR ready: edges=486906 avg_deg=92.60 max_deg=176
[M::hk_bmap_gen] generated 5258 beads
[M::hk_bmap_gen] 243048 bin pairs
[M::blind-gpu] prepared pair buffers: n_diploid=5258 n_pairs=248255 n_block_keys=486754 n_steps=100
[I::fdg-gpu] blocklist CSR ready: edges=486754 avg_deg=92.57 max_deg=176
[M::hk_bmap_gen] generated 5258 beads
[M::hk_bmap_gen] 242955 bin pairs
[M::blind-gpu] prepared pair buffers: n_diploid=5258 n_pairs=248164 n_block_keys=486572 n_steps=100
[I::fdg-gpu] blocklist CSR ready: edges=486572 avg_deg=92.54 max_deg=176
[M::hk_bmap_gen] generated 5258 beads
[M::hk_bmap_gen] 242882 bin pairs
[M::blind-gpu] prepared pair buffers: n_diploid=5258 n_pairs=248093 n_block_keys=486426 n_steps=100
[I::fdg-gpu] blocklist CSR ready: edges=486426 avg_deg=92.51 max_deg=176
[M::hk_bmap_gen] generated 5258 beads
[M::hk_bmap_gen] 242737 bin pairs
[M::blind-gpu] prepared pair buffers: n_diploid=5258 n_pairs=247946 n_block_keys=486136 n_steps=100
[I::fdg-gpu] blocklist CSR ready: edges=486136 avg_deg=92.46 max_deg=176
[M::hk_bmap_gen] generated 5258 beads
[M::hk_bmap_gen] 242619 bin pairs
[M::blind-gpu] prepared pair buffers: n_diploid=5258 n_pairs=247829 n_block_keys=485908 n_steps=100
[I::fdg-gpu] blocklist CSR ready: edges=485908 avg_deg=92.41 max_deg=177
[M::hk_bmap_gen] generated 5258 beads
[M::hk_bmap_gen] 242502 bin pairs
[M::blind-gpu] prepared pair buffers: n_diploid=5258 n_pairs=247710 n_block_keys=485676 n_steps=100
[I::fdg-gpu] blocklist CSR ready: edges=485676 avg_deg=92.37 max_deg=177
[M::hk_bmap_gen] generated 5258 beads
[M::hk_bmap_gen] 242263 bin pairs
[M::blind-gpu] prepared pair buffers: n_diploid=5258 n_pairs=247468 n_block_keys=485188 n_steps=100
[I::fdg-gpu] blocklist CSR ready: edges=485188 avg_deg=92.28 max_deg=177
[M::hk_bmap_gen] generated 5258 beads
[M::hk_bmap_gen] 242130 bin pairs
[M::blind-gpu] prepared pair buffers: n_diploid=5258 n_pairs=247342 n_block_keys=484936 n_steps=100
[I::fdg-gpu] blocklist CSR ready: edges=484936 avg_deg=92.23 max_deg=176
[M::hk_bmap_gen] generated 5258 beads
[M::hk_bmap_gen] 241977 bin pairs
[M::blind-gpu] prepared pair buffers: n_diploid=5258 n_pairs=247186 n_block_keys=484622 n_steps=100
[I::fdg-gpu] blocklist CSR ready: edges=484622 avg_deg=92.17 max_deg=175
[M::hk_bmap_gen] generated 5258 beads
[M::hk_bmap_gen] 241858 bin pairs
[M::blind-gpu] prepared pair buffers: n_diploid=5258 n_pairs=247061 n_block_keys=484370 n_steps=100
[I::fdg-gpu] blocklist CSR ready: edges=484370 avg_deg=92.12 max_deg=175
[M::hk_bmap_gen] generated 5258 beads
[M::hk_bmap_gen] 241696 bin pairs
[M::blind-gpu] prepared pair buffers: n_diploid=5258 n_pairs=246901 n_block_keys=484056 n_steps=100
[I::fdg-gpu] blocklist CSR ready: edges=484056 avg_deg=92.06 max_deg=175
[M::hk_bmap_gen] generated 5258 beads
[M::hk_bmap_gen] 241481 bin pairs
[M::blind-gpu] prepared pair buffers: n_diploid=5258 n_pairs=246685 n_block_keys=483620 n_steps=100
[I::fdg-gpu] blocklist CSR ready: edges=483620 avg_deg=91.98 max_deg=175
[M::hk_bmap_gen] generated 5258 beads
[M::hk_bmap_gen] 241353 bin pairs
[M::blind-gpu] prepared pair buffers: n_diploid=5258 n_pairs=246559 n_block_keys=483368 n_steps=100
[I::fdg-gpu] blocklist CSR ready: edges=483368 avg_deg=91.93 max_deg=175
[M::hk_bmap_gen] generated 5258 beads
[M::hk_bmap_gen] 241287 bin pairs
[M::blind-gpu] prepared pair buffers: n_diploid=5258 n_pairs=246492 n_block_keys=483230 n_steps=100
[I::fdg-gpu] blocklist CSR ready: edges=483230 avg_deg=91.90 max_deg=175
[M::hk_bmap_gen] generated 5258 beads
[M::hk_bmap_gen] 241206 bin pairs
[M::blind-gpu] prepared pair buffers: n_diploid=5258 n_pairs=246412 n_block_keys=483076 n_steps=100
[I::fdg-gpu] blocklist CSR ready: edges=483076 avg_deg=91.87 max_deg=175
[M::hk_bmap_gen] generated 5258 beads
[M::hk_bmap_gen] 241096 bin pairs
[M::blind-gpu] prepared pair buffers: n_diploid=5258 n_pairs=246304 n_block_keys=482864 n_steps=100
[I::fdg-gpu] blocklist CSR ready: edges=482864 avg_deg=91.83 max_deg=175
[M::hk_bmap_gen] generated 5258 beads
[M::hk_bmap_gen] 240977 bin pairs
[M::blind-gpu] prepared pair buffers: n_diploid=5258 n_pairs=246185 n_block_keys=482622 n_steps=100
[I::fdg-gpu] blocklist CSR ready: edges=482622 avg_deg=91.79 max_deg=175
[M::hk_bmap_gen] generated 5258 beads
[M::hk_bmap_gen] 240928 bin pairs
[M::blind-gpu] prepared pair buffers: n_diploid=5258 n_pairs=246137 n_block_keys=482522 n_steps=100
[I::fdg-gpu] blocklist CSR ready: edges=482522 avg_deg=91.77 max_deg=175
[M::hk_bmap_gen] generated 5258 beads
[M::hk_bmap_gen] 240850 bin pairs
[M::blind-gpu] prepared pair buffers: n_diploid=5258 n_pairs=246058 n_block_keys=482366 n_steps=100
[I::fdg-gpu] blocklist CSR ready: edges=482366 avg_deg=91.74 max_deg=175
[M::hk_bmap_gen] generated 5258 beads
[M::hk_bmap_gen] 240733 bin pairs
[M::blind-gpu] prepared pair buffers: n_diploid=5258 n_pairs=245943 n_block_keys=482132 n_steps=100
[I::fdg-gpu] blocklist CSR ready: edges=482132 avg_deg=91.69 max_deg=176
[M::hk_bmap_gen] generated 5258 beads
[M::hk_bmap_gen] 240613 bin pairs
[M::blind-gpu] prepared pair buffers: n_diploid=5258 n_pairs=245822 n_block_keys=481886 n_steps=100
[I::fdg-gpu] blocklist CSR ready: edges=481886 avg_deg=91.65 max_deg=176
[M::hk_bmap_gen] generated 5258 beads
[M::hk_bmap_gen] 240500 bin pairs
[M::blind-gpu] prepared pair buffers: n_diploid=5258 n_pairs=245710 n_block_keys=481660 n_steps=100
[I::fdg-gpu] blocklist CSR ready: edges=481660 avg_deg=91.61 max_deg=176
[M::hk_bmap_gen] generated 5258 beads
[M::hk_bmap_gen] 240425 bin pairs
[M::blind-gpu] prepared pair buffers: n_diploid=5258 n_pairs=245636 n_block_keys=481516 n_steps=100
[I::fdg-gpu] blocklist CSR ready: edges=481516 avg_deg=91.58 max_deg=176
[M::hk_bmap_gen] generated 5258 beads
[M::hk_bmap_gen] 240364 bin pairs
[M::blind-gpu] prepared pair buffers: n_diploid=5258 n_pairs=245575 n_block_keys=481400 n_steps=100
[I::fdg-gpu] blocklist CSR ready: edges=481400 avg_deg=91.56 max_deg=176
[M::hk_bmap_gen] generated 5258 beads
[M::hk_bmap_gen] 240358 bin pairs
[M::blind-gpu] prepared pair buffers: n_diploid=5258 n_pairs=245567 n_block_keys=481380 n_steps=100
[I::fdg-gpu] blocklist CSR ready: edges=481380 avg_deg=91.55 max_deg=176
[M::hk_bmap_gen] generated 5258 beads
[M::hk_bmap_gen] 240342 bin pairs
[M::blind-gpu] prepared pair buffers: n_diploid=5258 n_pairs=245551 n_block_keys=481354 n_steps=100
[I::fdg-gpu] blocklist CSR ready: edges=481354 avg_deg=91.55 max_deg=176
[M::hk_bmap_gen] generated 5258 beads
[M::hk_bmap_gen] 240283 bin pairs
[M::blind-gpu] prepared pair buffers: n_diploid=5258 n_pairs=245490 n_block_keys=481236 n_steps=100
[I::fdg-gpu] blocklist CSR ready: edges=481236 avg_deg=91.52 max_deg=176
[M::hk_bmap_gen] generated 5258 beads
[M::hk_bmap_gen] 240268 bin pairs
[M::blind-gpu] prepared pair buffers: n_diploid=5258 n_pairs=245479 n_block_keys=481218 n_steps=100
[I::fdg-gpu] blocklist CSR ready: edges=481218 avg_deg=91.52 max_deg=176
[M::hk_bmap_gen] generated 5258 beads
[M::hk_bmap_gen] 240254 bin pairs
[M::blind-gpu] prepared pair buffers: n_diploid=5258 n_pairs=245464 n_block_keys=481188 n_steps=100
[I::fdg-gpu] blocklist CSR ready: edges=481188 avg_deg=91.52 max_deg=176
[M::hk_bmap_gen] generated 5258 beads
[M::hk_bmap_gen] 240192 bin pairs
[M::blind-gpu] prepared pair buffers: n_diploid=5258 n_pairs=245404 n_block_keys=481066 n_steps=100
[I::fdg-gpu] blocklist CSR ready: edges=481066 avg_deg=91.49 max_deg=176
[M::hk_bmap_gen] generated 5258 beads
[M::hk_bmap_gen] 240158 bin pairs
[M::blind-gpu] prepared pair buffers: n_diploid=5258 n_pairs=245372 n_block_keys=481006 n_steps=100
[I::fdg-gpu] blocklist CSR ready: edges=481006 avg_deg=91.48 max_deg=176
[M::hk_bmap_gen] generated 5258 beads
[M::hk_bmap_gen] 240030 bin pairs
[M::blind-gpu] prepared pair buffers: n_diploid=5258 n_pairs=245240 n_block_keys=480744 n_steps=100
[I::fdg-gpu] blocklist CSR ready: edges=480744 avg_deg=91.43 max_deg=177
[M::hk_bmap_gen] generated 5258 beads
[M::hk_bmap_gen] 239904 bin pairs
[M::blind-gpu] prepared pair buffers: n_diploid=5258 n_pairs=245115 n_block_keys=480498 n_steps=100
[I::fdg-gpu] blocklist CSR ready: edges=480498 avg_deg=91.38 max_deg=177
[M::hk_bmap_gen] generated 5258 beads
[M::hk_bmap_gen] 239842 bin pairs
[M::blind-gpu] prepared pair buffers: n_diploid=5258 n_pairs=245048 n_block_keys=480368 n_steps=100
[I::fdg-gpu] blocklist CSR ready: edges=480368 avg_deg=91.36 max_deg=177
[M::hk_bmap_gen] generated 5258 beads
[M::hk_bmap_gen] 239798 bin pairs
[M::blind-gpu] prepared pair buffers: n_diploid=5258 n_pairs=245002 n_block_keys=480272 n_steps=100
[I::fdg-gpu] blocklist CSR ready: edges=480272 avg_deg=91.34 max_deg=177
[M::hk_bmap_gen] generated 5258 beads
[M::hk_bmap_gen] 239743 bin pairs
[M::blind-gpu] prepared pair buffers: n_diploid=5258 n_pairs=244948 n_block_keys=480168 n_steps=100
[I::fdg-gpu] blocklist CSR ready: edges=480168 avg_deg=91.32 max_deg=177
[M::hk_bmap_gen] generated 5258 beads
[M::hk_bmap_gen] 239729 bin pairs
[M::blind-gpu] prepared pair buffers: n_diploid=5258 n_pairs=244933 n_block_keys=480136 n_steps=100
[I::fdg-gpu] blocklist CSR ready: edges=480136 avg_deg=91.32 max_deg=177
[M::hk_bmap_gen] generated 5258 beads
[M::hk_bmap_gen] 239644 bin pairs
[M::blind-gpu] prepared pair buffers: n_diploid=5258 n_pairs=244849 n_block_keys=479972 n_steps=100
[I::fdg-gpu] blocklist CSR ready: edges=479972 avg_deg=91.28 max_deg=177
[M::hk_bmap_gen] generated 5258 beads
[M::hk_bmap_gen] 239548 bin pairs
[M::blind-gpu] prepared pair buffers: n_diploid=5258 n_pairs=244750 n_block_keys=479774 n_steps=100
[I::fdg-gpu] blocklist CSR ready: edges=479774 avg_deg=91.25 max_deg=176
[M::hk_bmap_gen] generated 5258 beads
[M::hk_bmap_gen] 239453 bin pairs
[M::blind-gpu] prepared pair buffers: n_diploid=5258 n_pairs=244654 n_block_keys=479586 n_steps=100
[I::fdg-gpu] blocklist CSR ready: edges=479586 avg_deg=91.21 max_deg=176
[M::hk_bmap_gen] generated 5258 beads
[M::hk_bmap_gen] 239317 bin pairs
[M::blind-gpu] prepared pair buffers: n_diploid=5258 n_pairs=244519 n_block_keys=479320 n_steps=100
[I::fdg-gpu] blocklist CSR ready: edges=479320 avg_deg=91.16 max_deg=176
[M::hk_bmap_gen] generated 5258 beads
[M::hk_bmap_gen] 239196 bin pairs
[M::blind-gpu] prepared pair buffers: n_diploid=5258 n_pairs=244397 n_block_keys=479082 n_steps=100
[I::fdg-gpu] blocklist CSR ready: edges=479082 avg_deg=91.11 max_deg=176
[M::hk_bmap_gen] generated 5258 beads
[M::hk_bmap_gen] 239066 bin pairs
[M::blind-gpu] prepared pair buffers: n_diploid=5258 n_pairs=244266 n_block_keys=478818 n_steps=100
[I::fdg-gpu] blocklist CSR ready: edges=478818 avg_deg=91.06 max_deg=176
[M::hk_bmap_gen] generated 5258 beads
[M::hk_bmap_gen] 238905 bin pairs
[M::blind-gpu] prepared pair buffers: n_diploid=5258 n_pairs=244104 n_block_keys=478496 n_steps=100
[I::fdg-gpu] blocklist CSR ready: edges=478496 avg_deg=91.00 max_deg=176
[M::hk_bmap_gen] generated 5258 beads
[M::hk_bmap_gen] 238823 bin pairs
[M::blind-gpu] prepared pair buffers: n_diploid=5258 n_pairs=244017 n_block_keys=478324 n_steps=100
[I::fdg-gpu] blocklist CSR ready: edges=478324 avg_deg=90.97 max_deg=176
[M::hk_bmap_gen] generated 5258 beads
[M::hk_bmap_gen] 238747 bin pairs
[M::blind-gpu] prepared pair buffers: n_diploid=5258 n_pairs=243940 n_block_keys=478168 n_steps=100
[I::fdg-gpu] blocklist CSR ready: edges=478168 avg_deg=90.94 max_deg=176
minimal P9016[1m]: write outputs to /mnt/ssd/zliu/phase3/test_res/016-20260618_150851-p9016_charm_contacts_condition_sweep_1m/work_outputs/2pr/p9016_charm3dg20k_2pr_random_diploid_pcgamma1_sep_off/p9016_charm3dg20k_2pr_random_diploid_pcgamma1_sep_off
[M::hk_bmap_gen] generated 5258 beads
[M::hk_bmap_gen] 238655 bin pairs
minimal P9016[1m]: status=OK final_entropy=0.86401767 final_pU=0.62325698
minimal P9016: summary /mnt/ssd/zliu/phase3/test_res/016-20260618_150851-p9016_charm_contacts_condition_sweep_1m/work_outputs/2pr/p9016_charm3dg20k_2pr_random_diploid_pcgamma1_sep_off/matrix_summary.tsv
