minimal P9016: input=/shared/zliu/CHARM/CHARM_mesc/data/pairs/P9016.pairs.gz output_root=/mnt/ssd/zliu/phase3/test_res/043-20260620_031947-p9016_raw_pairs_remaining_ablation_1m/outputs/p9016_rawremain_chrpair_estep_l0p10_w20_best035 config=p9016_rawremain_chrpair_estep_l0p10_w20_best035 baseline=softall n_iter=100 relax_steps=100 relax_step=0.012 chain=0 init_mode=unphased_scaffold_split init_eps=0.5 init_noise=0 init_scale=10 init_seed=17 min_sep=0 lambda_sep=0 lambda_copytrack=0.029999999 lambda_global_copytrack=0.003 trans_chr_pair_prior_lambda=0.1 trans_chr_pair_prior_eps=0.001 trans_chr_pair_prior_power=1 trans_chr_pair_prior_warmup_iter=20 trans_chr_pair_mstep_lambda=0 trans_chr_pair_mstep_eps=0.001 trans_chr_pair_mstep_power=1 trans_chr_pair_mstep_warmup_iter=0 d_scale_mode=posterior_count d_scale_input=posterior_count d_scale_formula=n_raw*posterior_prob^1 d_scale_gamma=1 d_scale_eps=1e-06 trans_k_multiplier=1 trans_dscale_multiplier=0.5 trans_top1_mode=off trans_top1_min_pmax=1 trans_top1_min_margin=1 trans_top1_mix_weight=0 trans_gate_mode=off trans_gate_min_pmax=1 trans_gate_min_margin=1 trans_gate_min_neg_entropy=-1.3862944 readgroup_mode=off readgroup_max_segments=8 readgroup_eps=1e-06 relax_backend=gpu
minimal P9016: stage 1/1 name=1m bin_size_bp=1000000 parent=0
[M::hk_map_read] read 1703888 pairs
[M::hk_bmap_gen] generated 2633 beads
[M::hk_bmap_gen] 489556 bin pairs
minimal P9016[1m]: build binned contacts
minimal P9016[1m]: init mode=unphased_scaffold_split seed=17 scale=10
[M::hk_fdg] mid_dist:1000000 max_nei:69
[M::hk_fdg1_cpu] iter:10 elapsed:0.32s rep_coef:0.2092 RMS_force:367.1874 n_rep:43.0820 energy:25.1082,6.6566,0.0049 dist:5.6169,6.6204,1.4501
[M::hk_fdg1_cpu] iter:20 elapsed:0.79s rep_coef:0.6615 RMS_force:336.9308 n_rep:157.7303 energy:7.7515,3.4068,0.0177 dist:3.4076,4.2658,1.4016
[M::hk_fdg1_cpu] iter:30 elapsed:1.73s rep_coef:0.9352 RMS_force:226.0828 n_rep:592.3505 energy:1.8327,1.0566,0.0354 dist:1.9896,2.3234,1.2554
[M::hk_fdg1_cpu] iter:40 elapsed:3.11s rep_coef:0.9907 RMS_force:132.8226 n_rep:808.7839 energy:0.5357,0.4158,0.0366 dist:1.4081,1.7237,1.2560
[M::hk_fdg1_cpu] iter:50 elapsed:4.56s rep_coef:0.9987 RMS_force:99.3491 n_rep:815.5837 energy:0.1678,0.2703,0.0325 dist:1.0643,1.6062,1.3142
minimal P9016[1m]: run softall, n_iter=100 relax_steps=100 relax_step=0.012 relax_backend=gpu
[M::hk_bmap_gen] generated 5266 beads
[M::hk_bmap_gen] 287142 bin pairs
[M::hk_bmap_gen] generated 5266 beads
[M::hk_bmap_gen] 287142 bin pairs
[M::blind-gpu] prepared pair buffers: n_diploid=5266 n_pairs=292308 n_block_keys=574524 n_steps=100
[I::fdg-gpu] blocklist CSR ready: edges=574524 avg_deg=109.10 max_deg=193
[M::hk_bmap_gen] generated 5266 beads
[M::hk_bmap_gen] 286179 bin pairs
[M::hk_bmap_gen] generated 5266 beads
[M::hk_bmap_gen] 286179 bin pairs
[M::blind-gpu] prepared pair buffers: n_diploid=5266 n_pairs=291284 n_block_keys=572472 n_steps=100
[I::fdg-gpu] blocklist CSR ready: edges=572472 avg_deg=108.71 max_deg=198
[M::hk_bmap_gen] generated 5266 beads
[M::hk_bmap_gen] 271829 bin pairs
[M::hk_bmap_gen] generated 5266 beads
[M::hk_bmap_gen] 271829 bin pairs
[M::blind-gpu] prepared pair buffers: n_diploid=5266 n_pairs=276902 n_block_keys=543706 n_steps=100
[I::fdg-gpu] blocklist CSR ready: edges=543706 avg_deg=103.25 max_deg=212
[M::hk_bmap_gen] generated 5266 beads
[M::hk_bmap_gen] 259362 bin pairs
[M::hk_bmap_gen] generated 5266 beads
[M::hk_bmap_gen] 259362 bin pairs
[M::blind-gpu] prepared pair buffers: n_diploid=5266 n_pairs=264422 n_block_keys=518754 n_steps=100
[I::fdg-gpu] blocklist CSR ready: edges=518754 avg_deg=98.51 max_deg=204
[M::hk_bmap_gen] generated 5266 beads
[M::hk_bmap_gen] 249358 bin pairs
[M::hk_bmap_gen] generated 5266 beads
[M::hk_bmap_gen] 249358 bin pairs
[M::blind-gpu] prepared pair buffers: n_diploid=5266 n_pairs=254441 n_block_keys=498792 n_steps=100
[I::fdg-gpu] blocklist CSR ready: edges=498792 avg_deg=94.72 max_deg=206
[M::hk_bmap_gen] generated 5266 beads
[M::hk_bmap_gen] 241763 bin pairs
[M::hk_bmap_gen] generated 5266 beads
[M::hk_bmap_gen] 241763 bin pairs
[M::blind-gpu] prepared pair buffers: n_diploid=5266 n_pairs=246823 n_block_keys=483562 n_steps=100
[I::fdg-gpu] blocklist CSR ready: edges=483562 avg_deg=91.83 max_deg=200
[M::hk_bmap_gen] generated 5266 beads
[M::hk_bmap_gen] 236234 bin pairs
[M::hk_bmap_gen] generated 5266 beads
[M::hk_bmap_gen] 236234 bin pairs
[M::blind-gpu] prepared pair buffers: n_diploid=5266 n_pairs=241306 n_block_keys=472530 n_steps=100
[I::fdg-gpu] blocklist CSR ready: edges=472530 avg_deg=89.73 max_deg=205
[M::hk_bmap_gen] generated 5266 beads
[M::hk_bmap_gen] 231874 bin pairs
[M::hk_bmap_gen] generated 5266 beads
[M::hk_bmap_gen] 231874 bin pairs
[M::blind-gpu] prepared pair buffers: n_diploid=5266 n_pairs=236964 n_block_keys=463844 n_steps=100
[I::fdg-gpu] blocklist CSR ready: edges=463844 avg_deg=88.08 max_deg=204
[M::hk_bmap_gen] generated 5266 beads
[M::hk_bmap_gen] 229061 bin pairs
[M::hk_bmap_gen] generated 5266 beads
[M::hk_bmap_gen] 229061 bin pairs
[M::blind-gpu] prepared pair buffers: n_diploid=5266 n_pairs=234131 n_block_keys=458176 n_steps=100
[I::fdg-gpu] blocklist CSR ready: edges=458176 avg_deg=87.01 max_deg=205
[M::hk_bmap_gen] generated 5266 beads
[M::hk_bmap_gen] 226668 bin pairs
[M::hk_bmap_gen] generated 5266 beads
[M::hk_bmap_gen] 226668 bin pairs
[M::blind-gpu] prepared pair buffers: n_diploid=5266 n_pairs=231764 n_block_keys=453448 n_steps=100
[I::fdg-gpu] blocklist CSR ready: edges=453448 avg_deg=86.11 max_deg=214
[M::hk_bmap_gen] generated 5266 beads
[M::hk_bmap_gen] 224784 bin pairs
[M::hk_bmap_gen] generated 5266 beads
[M::hk_bmap_gen] 224784 bin pairs
[M::blind-gpu] prepared pair buffers: n_diploid=5266 n_pairs=229873 n_block_keys=449666 n_steps=100
[I::fdg-gpu] blocklist CSR ready: edges=449666 avg_deg=85.39 max_deg=215
[M::hk_bmap_gen] generated 5266 beads
[M::hk_bmap_gen] 223317 bin pairs
[M::hk_bmap_gen] generated 5266 beads
[M::hk_bmap_gen] 223317 bin pairs
[M::blind-gpu] prepared pair buffers: n_diploid=5266 n_pairs=228418 n_block_keys=446750 n_steps=100
[I::fdg-gpu] blocklist CSR ready: edges=446750 avg_deg=84.84 max_deg=215
[M::hk_bmap_gen] generated 5266 beads
[M::hk_bmap_gen] 222146 bin pairs
[M::hk_bmap_gen] generated 5266 beads
[M::hk_bmap_gen] 222146 bin pairs
[M::blind-gpu] prepared pair buffers: n_diploid=5266 n_pairs=227227 n_block_keys=444372 n_steps=100
[I::fdg-gpu] blocklist CSR ready: edges=444372 avg_deg=84.39 max_deg=212
[M::hk_bmap_gen] generated 5266 beads
[M::hk_bmap_gen] 221111 bin pairs
[M::hk_bmap_gen] generated 5266 beads
[M::hk_bmap_gen] 221111 bin pairs
[M::blind-gpu] prepared pair buffers: n_diploid=5266 n_pairs=226206 n_block_keys=442330 n_steps=100
[I::fdg-gpu] blocklist CSR ready: edges=442330 avg_deg=84.00 max_deg=207
[M::hk_bmap_gen] generated 5266 beads
[M::hk_bmap_gen] 220193 bin pairs
[M::hk_bmap_gen] generated 5266 beads
[M::hk_bmap_gen] 220193 bin pairs
[M::blind-gpu] prepared pair buffers: n_diploid=5266 n_pairs=225299 n_block_keys=440512 n_steps=100
[I::fdg-gpu] blocklist CSR ready: edges=440512 avg_deg=83.65 max_deg=211
[M::hk_bmap_gen] generated 5266 beads
[M::hk_bmap_gen] 219372 bin pairs
[M::hk_bmap_gen] generated 5266 beads
[M::hk_bmap_gen] 219372 bin pairs
[M::blind-gpu] prepared pair buffers: n_diploid=5266 n_pairs=224485 n_block_keys=438886 n_steps=100
[I::fdg-gpu] blocklist CSR ready: edges=438886 avg_deg=83.34 max_deg=207
[M::hk_bmap_gen] generated 5266 beads
[M::hk_bmap_gen] 218686 bin pairs
[M::hk_bmap_gen] generated 5266 beads
[M::hk_bmap_gen] 218686 bin pairs
[M::blind-gpu] prepared pair buffers: n_diploid=5266 n_pairs=223791 n_block_keys=437502 n_steps=100
[I::fdg-gpu] blocklist CSR ready: edges=437502 avg_deg=83.08 max_deg=211
[M::hk_bmap_gen] generated 5266 beads
[M::hk_bmap_gen] 217962 bin pairs
[M::hk_bmap_gen] generated 5266 beads
[M::hk_bmap_gen] 217962 bin pairs
[M::blind-gpu] prepared pair buffers: n_diploid=5266 n_pairs=223055 n_block_keys=436028 n_steps=100
[I::fdg-gpu] blocklist CSR ready: edges=436028 avg_deg=82.80 max_deg=208
[M::hk_bmap_gen] generated 5266 beads
[M::hk_bmap_gen] 217070 bin pairs
[M::hk_bmap_gen] generated 5266 beads
[M::hk_bmap_gen] 217070 bin pairs
[M::blind-gpu] prepared pair buffers: n_diploid=5266 n_pairs=222169 n_block_keys=434250 n_steps=100
[I::fdg-gpu] blocklist CSR ready: edges=434250 avg_deg=82.46 max_deg=208
[M::hk_bmap_gen] generated 5266 beads
[M::hk_bmap_gen] 216499 bin pairs
[M::hk_bmap_gen] generated 5266 beads
[M::hk_bmap_gen] 216499 bin pairs
[M::blind-gpu] prepared pair buffers: n_diploid=5266 n_pairs=221602 n_block_keys=433116 n_steps=100
[I::fdg-gpu] blocklist CSR ready: edges=433116 avg_deg=82.25 max_deg=207
[M::hk_bmap_gen] generated 5266 beads
[M::hk_bmap_gen] 217094 bin pairs
[M::hk_bmap_gen] generated 5266 beads
[M::hk_bmap_gen] 217094 bin pairs
[M::blind-gpu] prepared pair buffers: n_diploid=5266 n_pairs=222192 n_block_keys=434296 n_steps=100
[I::fdg-gpu] blocklist CSR ready: edges=434296 avg_deg=82.47 max_deg=205
[M::hk_bmap_gen] generated 5266 beads
[M::hk_bmap_gen] 216686 bin pairs
[M::hk_bmap_gen] generated 5266 beads
[M::hk_bmap_gen] 216686 bin pairs
[M::blind-gpu] prepared pair buffers: n_diploid=5266 n_pairs=221784 n_block_keys=433480 n_steps=100
[I::fdg-gpu] blocklist CSR ready: edges=433480 avg_deg=82.32 max_deg=203
[M::hk_bmap_gen] generated 5266 beads
[M::hk_bmap_gen] 216352 bin pairs
[M::hk_bmap_gen] generated 5266 beads
[M::hk_bmap_gen] 216352 bin pairs
[M::blind-gpu] prepared pair buffers: n_diploid=5266 n_pairs=221468 n_block_keys=432850 n_steps=100
[I::fdg-gpu] blocklist CSR ready: edges=432850 avg_deg=82.20 max_deg=202
[M::hk_bmap_gen] generated 5266 beads
[M::hk_bmap_gen] 216156 bin pairs
[M::hk_bmap_gen] generated 5266 beads
[M::hk_bmap_gen] 216156 bin pairs
[M::blind-gpu] prepared pair buffers: n_diploid=5266 n_pairs=221266 n_block_keys=432446 n_steps=100
[I::fdg-gpu] blocklist CSR ready: edges=432446 avg_deg=82.12 max_deg=201
[M::hk_bmap_gen] generated 5266 beads
[M::hk_bmap_gen] 215875 bin pairs
[M::hk_bmap_gen] generated 5266 beads
[M::hk_bmap_gen] 215875 bin pairs
[M::blind-gpu] prepared pair buffers: n_diploid=5266 n_pairs=220984 n_block_keys=431880 n_steps=100
[I::fdg-gpu] blocklist CSR ready: edges=431880 avg_deg=82.01 max_deg=204
[M::hk_bmap_gen] generated 5266 beads
[M::hk_bmap_gen] 215532 bin pairs
[M::hk_bmap_gen] generated 5266 beads
[M::hk_bmap_gen] 215532 bin pairs
[M::blind-gpu] prepared pair buffers: n_diploid=5266 n_pairs=220634 n_block_keys=431180 n_steps=100
[I::fdg-gpu] blocklist CSR ready: edges=431180 avg_deg=81.88 max_deg=203
[M::hk_bmap_gen] generated 5266 beads
[M::hk_bmap_gen] 215254 bin pairs
[M::hk_bmap_gen] generated 5266 beads
[M::hk_bmap_gen] 215254 bin pairs
[M::blind-gpu] prepared pair buffers: n_diploid=5266 n_pairs=220358 n_block_keys=430628 n_steps=100
[I::fdg-gpu] blocklist CSR ready: edges=430628 avg_deg=81.78 max_deg=204
[M::hk_bmap_gen] generated 5266 beads
[M::hk_bmap_gen] 215003 bin pairs
[M::hk_bmap_gen] generated 5266 beads
[M::hk_bmap_gen] 215003 bin pairs
[M::blind-gpu] prepared pair buffers: n_diploid=5266 n_pairs=220111 n_block_keys=430130 n_steps=100
[I::fdg-gpu] blocklist CSR ready: edges=430130 avg_deg=81.68 max_deg=204
[M::hk_bmap_gen] generated 5266 beads
[M::hk_bmap_gen] 214776 bin pairs
[M::hk_bmap_gen] generated 5266 beads
[M::hk_bmap_gen] 214776 bin pairs
[M::blind-gpu] prepared pair buffers: n_diploid=5266 n_pairs=219902 n_block_keys=429712 n_steps=100
[I::fdg-gpu] blocklist CSR ready: edges=429712 avg_deg=81.60 max_deg=204
[M::hk_bmap_gen] generated 5266 beads
[M::hk_bmap_gen] 214653 bin pairs
[M::hk_bmap_gen] generated 5266 beads
[M::hk_bmap_gen] 214653 bin pairs
[M::blind-gpu] prepared pair buffers: n_diploid=5266 n_pairs=219765 n_block_keys=429438 n_steps=100
[I::fdg-gpu] blocklist CSR ready: edges=429438 avg_deg=81.55 max_deg=204
[M::hk_bmap_gen] generated 5266 beads
[M::hk_bmap_gen] 214525 bin pairs
[M::hk_bmap_gen] generated 5266 beads
[M::hk_bmap_gen] 214525 bin pairs
[M::blind-gpu] prepared pair buffers: n_diploid=5266 n_pairs=219641 n_block_keys=429190 n_steps=100
[I::fdg-gpu] blocklist CSR ready: edges=429190 avg_deg=81.50 max_deg=202
[M::hk_bmap_gen] generated 5266 beads
[M::hk_bmap_gen] 214386 bin pairs
[M::hk_bmap_gen] generated 5266 beads
[M::hk_bmap_gen] 214386 bin pairs
[M::blind-gpu] prepared pair buffers: n_diploid=5266 n_pairs=219508 n_block_keys=428928 n_steps=100
[I::fdg-gpu] blocklist CSR ready: edges=428928 avg_deg=81.45 max_deg=202
[M::hk_bmap_gen] generated 5266 beads
[M::hk_bmap_gen] 214289 bin pairs
[M::hk_bmap_gen] generated 5266 beads
[M::hk_bmap_gen] 214289 bin pairs
[M::blind-gpu] prepared pair buffers: n_diploid=5266 n_pairs=219403 n_block_keys=428718 n_steps=100
[I::fdg-gpu] blocklist CSR ready: edges=428718 avg_deg=81.41 max_deg=200
[M::hk_bmap_gen] generated 5266 beads
[M::hk_bmap_gen] 214213 bin pairs
[M::hk_bmap_gen] generated 5266 beads
[M::hk_bmap_gen] 214213 bin pairs
[M::blind-gpu] prepared pair buffers: n_diploid=5266 n_pairs=219315 n_block_keys=428544 n_steps=100
[I::fdg-gpu] blocklist CSR ready: edges=428544 avg_deg=81.38 max_deg=201
[M::hk_bmap_gen] generated 5266 beads
[M::hk_bmap_gen] 214077 bin pairs
[M::hk_bmap_gen] generated 5266 beads
[M::hk_bmap_gen] 214077 bin pairs
[M::blind-gpu] prepared pair buffers: n_diploid=5266 n_pairs=219196 n_block_keys=428308 n_steps=100
[I::fdg-gpu] blocklist CSR ready: edges=428308 avg_deg=81.33 max_deg=199
[M::hk_bmap_gen] generated 5266 beads
[M::hk_bmap_gen] 213963 bin pairs
[M::hk_bmap_gen] generated 5266 beads
[M::hk_bmap_gen] 213963 bin pairs
[M::blind-gpu] prepared pair buffers: n_diploid=5266 n_pairs=219084 n_block_keys=428080 n_steps=100
[I::fdg-gpu] blocklist CSR ready: edges=428080 avg_deg=81.29 max_deg=199
[M::hk_bmap_gen] generated 5266 beads
[M::hk_bmap_gen] 213883 bin pairs
[M::hk_bmap_gen] generated 5266 beads
[M::hk_bmap_gen] 213883 bin pairs
[M::blind-gpu] prepared pair buffers: n_diploid=5266 n_pairs=219008 n_block_keys=427936 n_steps=100
[I::fdg-gpu] blocklist CSR ready: edges=427936 avg_deg=81.26 max_deg=201
[M::hk_bmap_gen] generated 5266 beads
[M::hk_bmap_gen] 213924 bin pairs
[M::hk_bmap_gen] generated 5266 beads
[M::hk_bmap_gen] 213924 bin pairs
[M::blind-gpu] prepared pair buffers: n_diploid=5266 n_pairs=219036 n_block_keys=427992 n_steps=100
[I::fdg-gpu] blocklist CSR ready: edges=427992 avg_deg=81.27 max_deg=201
[M::hk_bmap_gen] generated 5266 beads
[M::hk_bmap_gen] 213916 bin pairs
[M::hk_bmap_gen] generated 5266 beads
[M::hk_bmap_gen] 213916 bin pairs
[M::blind-gpu] prepared pair buffers: n_diploid=5266 n_pairs=219037 n_block_keys=427998 n_steps=100
[I::fdg-gpu] blocklist CSR ready: edges=427998 avg_deg=81.28 max_deg=201
[M::hk_bmap_gen] generated 5266 beads
[M::hk_bmap_gen] 213940 bin pairs
[M::hk_bmap_gen] generated 5266 beads
[M::hk_bmap_gen] 213940 bin pairs
[M::blind-gpu] prepared pair buffers: n_diploid=5266 n_pairs=219063 n_block_keys=428042 n_steps=100
[I::fdg-gpu] blocklist CSR ready: edges=428042 avg_deg=81.28 max_deg=201
[M::hk_bmap_gen] generated 5266 beads
[M::hk_bmap_gen] 213995 bin pairs
[M::hk_bmap_gen] generated 5266 beads
[M::hk_bmap_gen] 213995 bin pairs
[M::blind-gpu] prepared pair buffers: n_diploid=5266 n_pairs=219120 n_block_keys=428158 n_steps=100
[I::fdg-gpu] blocklist CSR ready: edges=428158 avg_deg=81.31 max_deg=201
[M::hk_bmap_gen] generated 5266 beads
[M::hk_bmap_gen] 214091 bin pairs
[M::hk_bmap_gen] generated 5266 beads
[M::hk_bmap_gen] 214091 bin pairs
[M::blind-gpu] prepared pair buffers: n_diploid=5266 n_pairs=219204 n_block_keys=428326 n_steps=100
[I::fdg-gpu] blocklist CSR ready: edges=428326 avg_deg=81.34 max_deg=201
[M::hk_bmap_gen] generated 5266 beads
[M::hk_bmap_gen] 214051 bin pairs
[M::hk_bmap_gen] generated 5266 beads
[M::hk_bmap_gen] 214051 bin pairs
[M::blind-gpu] prepared pair buffers: n_diploid=5266 n_pairs=219182 n_block_keys=428284 n_steps=100
[I::fdg-gpu] blocklist CSR ready: edges=428284 avg_deg=81.33 max_deg=201
[M::hk_bmap_gen] generated 5266 beads
[M::hk_bmap_gen] 214005 bin pairs
[M::hk_bmap_gen] generated 5266 beads
[M::hk_bmap_gen] 214005 bin pairs
[M::blind-gpu] prepared pair buffers: n_diploid=5266 n_pairs=219142 n_block_keys=428202 n_steps=100
[I::fdg-gpu] blocklist CSR ready: edges=428202 avg_deg=81.31 max_deg=201
[M::hk_bmap_gen] generated 5266 beads
[M::hk_bmap_gen] 214000 bin pairs
[M::hk_bmap_gen] generated 5266 beads
[M::hk_bmap_gen] 214000 bin pairs
[M::blind-gpu] prepared pair buffers: n_diploid=5266 n_pairs=219133 n_block_keys=428186 n_steps=100
[I::fdg-gpu] blocklist CSR ready: edges=428186 avg_deg=81.31 max_deg=201
[M::hk_bmap_gen] generated 5266 beads
[M::hk_bmap_gen] 213808 bin pairs
[M::hk_bmap_gen] generated 5266 beads
[M::hk_bmap_gen] 213808 bin pairs
[M::blind-gpu] prepared pair buffers: n_diploid=5266 n_pairs=218933 n_block_keys=427786 n_steps=100
[I::fdg-gpu] blocklist CSR ready: edges=427786 avg_deg=81.24 max_deg=199
[M::hk_bmap_gen] generated 5266 beads
[M::hk_bmap_gen] 213698 bin pairs
[M::hk_bmap_gen] generated 5266 beads
[M::hk_bmap_gen] 213698 bin pairs
[M::blind-gpu] prepared pair buffers: n_diploid=5266 n_pairs=218824 n_block_keys=427572 n_steps=100
[I::fdg-gpu] blocklist CSR ready: edges=427572 avg_deg=81.19 max_deg=198
[M::hk_bmap_gen] generated 5266 beads
[M::hk_bmap_gen] 213775 bin pairs
[M::hk_bmap_gen] generated 5266 beads
[M::hk_bmap_gen] 213775 bin pairs
[M::blind-gpu] prepared pair buffers: n_diploid=5266 n_pairs=218897 n_block_keys=427718 n_steps=100
[I::fdg-gpu] blocklist CSR ready: edges=427718 avg_deg=81.22 max_deg=199
[M::hk_bmap_gen] generated 5266 beads
[M::hk_bmap_gen] 213732 bin pairs
[M::hk_bmap_gen] generated 5266 beads
[M::hk_bmap_gen] 213732 bin pairs
[M::blind-gpu] prepared pair buffers: n_diploid=5266 n_pairs=218861 n_block_keys=427646 n_steps=100
[I::fdg-gpu] blocklist CSR ready: edges=427646 avg_deg=81.21 max_deg=199
[M::hk_bmap_gen] generated 5266 beads
[M::hk_bmap_gen] 213657 bin pairs
[M::hk_bmap_gen] generated 5266 beads
[M::hk_bmap_gen] 213657 bin pairs
[M::blind-gpu] prepared pair buffers: n_diploid=5266 n_pairs=218782 n_block_keys=427486 n_steps=100
[I::fdg-gpu] blocklist CSR ready: edges=427486 avg_deg=81.18 max_deg=199
[M::hk_bmap_gen] generated 5266 beads
[M::hk_bmap_gen] 213517 bin pairs
[M::hk_bmap_gen] generated 5266 beads
[M::hk_bmap_gen] 213517 bin pairs
[M::blind-gpu] prepared pair buffers: n_diploid=5266 n_pairs=218657 n_block_keys=427232 n_steps=100
[I::fdg-gpu] blocklist CSR ready: edges=427232 avg_deg=81.13 max_deg=200
[M::hk_bmap_gen] generated 5266 beads
[M::hk_bmap_gen] 213383 bin pairs
[M::hk_bmap_gen] generated 5266 beads
[M::hk_bmap_gen] 213383 bin pairs
[M::blind-gpu] prepared pair buffers: n_diploid=5266 n_pairs=218523 n_block_keys=426964 n_steps=100
[I::fdg-gpu] blocklist CSR ready: edges=426964 avg_deg=81.08 max_deg=200
[M::hk_bmap_gen] generated 5266 beads
[M::hk_bmap_gen] 213326 bin pairs
[M::hk_bmap_gen] generated 5266 beads
[M::hk_bmap_gen] 213326 bin pairs
[M::blind-gpu] prepared pair buffers: n_diploid=5266 n_pairs=218473 n_block_keys=426864 n_steps=100
[I::fdg-gpu] blocklist CSR ready: edges=426864 avg_deg=81.06 max_deg=198
[M::hk_bmap_gen] generated 5266 beads
[M::hk_bmap_gen] 213285 bin pairs
[M::hk_bmap_gen] generated 5266 beads
[M::hk_bmap_gen] 213285 bin pairs
[M::blind-gpu] prepared pair buffers: n_diploid=5266 n_pairs=218418 n_block_keys=426754 n_steps=100
[I::fdg-gpu] blocklist CSR ready: edges=426754 avg_deg=81.04 max_deg=198
[M::hk_bmap_gen] generated 5266 beads
[M::hk_bmap_gen] 213226 bin pairs
[M::hk_bmap_gen] generated 5266 beads
[M::hk_bmap_gen] 213226 bin pairs
[M::blind-gpu] prepared pair buffers: n_diploid=5266 n_pairs=218355 n_block_keys=426628 n_steps=100
[I::fdg-gpu] blocklist CSR ready: edges=426628 avg_deg=81.02 max_deg=196
[M::hk_bmap_gen] generated 5266 beads
[M::hk_bmap_gen] 213235 bin pairs
[M::hk_bmap_gen] generated 5266 beads
[M::hk_bmap_gen] 213235 bin pairs
[M::blind-gpu] prepared pair buffers: n_diploid=5266 n_pairs=218359 n_block_keys=426636 n_steps=100
[I::fdg-gpu] blocklist CSR ready: edges=426636 avg_deg=81.02 max_deg=197
[M::hk_bmap_gen] generated 5266 beads
[M::hk_bmap_gen] 213297 bin pairs
[M::hk_bmap_gen] generated 5266 beads
[M::hk_bmap_gen] 213297 bin pairs
[M::blind-gpu] prepared pair buffers: n_diploid=5266 n_pairs=218433 n_block_keys=426786 n_steps=100
[I::fdg-gpu] blocklist CSR ready: edges=426786 avg_deg=81.05 max_deg=197
[M::hk_bmap_gen] generated 5266 beads
[M::hk_bmap_gen] 213372 bin pairs
[M::hk_bmap_gen] generated 5266 beads
[M::hk_bmap_gen] 213372 bin pairs
[M::blind-gpu] prepared pair buffers: n_diploid=5266 n_pairs=218507 n_block_keys=426934 n_steps=100
[I::fdg-gpu] blocklist CSR ready: edges=426934 avg_deg=81.07 max_deg=197
[M::hk_bmap_gen] generated 5266 beads
[M::hk_bmap_gen] 213418 bin pairs
[M::hk_bmap_gen] generated 5266 beads
[M::hk_bmap_gen] 213418 bin pairs
[M::blind-gpu] prepared pair buffers: n_diploid=5266 n_pairs=218558 n_block_keys=427036 n_steps=100
[I::fdg-gpu] blocklist CSR ready: edges=427036 avg_deg=81.09 max_deg=197
[M::hk_bmap_gen] generated 5266 beads
[M::hk_bmap_gen] 213403 bin pairs
[M::hk_bmap_gen] generated 5266 beads
[M::hk_bmap_gen] 213403 bin pairs
[M::blind-gpu] prepared pair buffers: n_diploid=5266 n_pairs=218541 n_block_keys=427002 n_steps=100
[I::fdg-gpu] blocklist CSR ready: edges=427002 avg_deg=81.09 max_deg=197
[M::hk_bmap_gen] generated 5266 beads
[M::hk_bmap_gen] 213435 bin pairs
[M::hk_bmap_gen] generated 5266 beads
[M::hk_bmap_gen] 213435 bin pairs
[M::blind-gpu] prepared pair buffers: n_diploid=5266 n_pairs=218569 n_block_keys=427058 n_steps=100
[I::fdg-gpu] blocklist CSR ready: edges=427058 avg_deg=81.10 max_deg=200
[M::hk_bmap_gen] generated 5266 beads
[M::hk_bmap_gen] 213441 bin pairs
[M::hk_bmap_gen] generated 5266 beads
[M::hk_bmap_gen] 213441 bin pairs
[M::blind-gpu] prepared pair buffers: n_diploid=5266 n_pairs=218565 n_block_keys=427046 n_steps=100
[I::fdg-gpu] blocklist CSR ready: edges=427046 avg_deg=81.09 max_deg=201
[M::hk_bmap_gen] generated 5266 beads
[M::hk_bmap_gen] 213413 bin pairs
[M::hk_bmap_gen] generated 5266 beads
[M::hk_bmap_gen] 213413 bin pairs
[M::blind-gpu] prepared pair buffers: n_diploid=5266 n_pairs=218547 n_block_keys=427010 n_steps=100
[I::fdg-gpu] blocklist CSR ready: edges=427010 avg_deg=81.09 max_deg=201
[M::hk_bmap_gen] generated 5266 beads
[M::hk_bmap_gen] 213420 bin pairs
[M::hk_bmap_gen] generated 5266 beads
[M::hk_bmap_gen] 213420 bin pairs
[M::blind-gpu] prepared pair buffers: n_diploid=5266 n_pairs=218551 n_block_keys=427018 n_steps=100
[I::fdg-gpu] blocklist CSR ready: edges=427018 avg_deg=81.09 max_deg=200
[M::hk_bmap_gen] generated 5266 beads
[M::hk_bmap_gen] 213357 bin pairs
[M::hk_bmap_gen] generated 5266 beads
[M::hk_bmap_gen] 213357 bin pairs
[M::blind-gpu] prepared pair buffers: n_diploid=5266 n_pairs=218490 n_block_keys=426896 n_steps=100
[I::fdg-gpu] blocklist CSR ready: edges=426896 avg_deg=81.07 max_deg=200
[M::hk_bmap_gen] generated 5266 beads
[M::hk_bmap_gen] 213320 bin pairs
[M::hk_bmap_gen] generated 5266 beads
[M::hk_bmap_gen] 213320 bin pairs
[M::blind-gpu] prepared pair buffers: n_diploid=5266 n_pairs=218454 n_block_keys=426822 n_steps=100
[I::fdg-gpu] blocklist CSR ready: edges=426822 avg_deg=81.05 max_deg=200
[M::hk_bmap_gen] generated 5266 beads
[M::hk_bmap_gen] 213314 bin pairs
[M::hk_bmap_gen] generated 5266 beads
[M::hk_bmap_gen] 213314 bin pairs
[M::blind-gpu] prepared pair buffers: n_diploid=5266 n_pairs=218444 n_block_keys=426802 n_steps=100
[I::fdg-gpu] blocklist CSR ready: edges=426802 avg_deg=81.05 max_deg=200
[M::hk_bmap_gen] generated 5266 beads
[M::hk_bmap_gen] 213250 bin pairs
[M::hk_bmap_gen] generated 5266 beads
[M::hk_bmap_gen] 213250 bin pairs
[M::blind-gpu] prepared pair buffers: n_diploid=5266 n_pairs=218378 n_block_keys=426670 n_steps=100
[I::fdg-gpu] blocklist CSR ready: edges=426670 avg_deg=81.02 max_deg=200
[M::hk_bmap_gen] generated 5266 beads
[M::hk_bmap_gen] 213204 bin pairs
[M::hk_bmap_gen] generated 5266 beads
[M::hk_bmap_gen] 213204 bin pairs
[M::blind-gpu] prepared pair buffers: n_diploid=5266 n_pairs=218329 n_block_keys=426572 n_steps=100
[I::fdg-gpu] blocklist CSR ready: edges=426572 avg_deg=81.00 max_deg=199
[M::hk_bmap_gen] generated 5266 beads
[M::hk_bmap_gen] 213172 bin pairs
[M::hk_bmap_gen] generated 5266 beads
[M::hk_bmap_gen] 213172 bin pairs
[M::blind-gpu] prepared pair buffers: n_diploid=5266 n_pairs=218296 n_block_keys=426506 n_steps=100
[I::fdg-gpu] blocklist CSR ready: edges=426506 avg_deg=80.99 max_deg=198
[M::hk_bmap_gen] generated 5266 beads
[M::hk_bmap_gen] 213183 bin pairs
[M::hk_bmap_gen] generated 5266 beads
[M::hk_bmap_gen] 213183 bin pairs
[M::blind-gpu] prepared pair buffers: n_diploid=5266 n_pairs=218309 n_block_keys=426532 n_steps=100
[I::fdg-gpu] blocklist CSR ready: edges=426532 avg_deg=81.00 max_deg=199
[M::hk_bmap_gen] generated 5266 beads
[M::hk_bmap_gen] 213172 bin pairs
[M::hk_bmap_gen] generated 5266 beads
[M::hk_bmap_gen] 213172 bin pairs
[M::blind-gpu] prepared pair buffers: n_diploid=5266 n_pairs=218296 n_block_keys=426506 n_steps=100
[I::fdg-gpu] blocklist CSR ready: edges=426506 avg_deg=80.99 max_deg=199
[M::hk_bmap_gen] generated 5266 beads
[M::hk_bmap_gen] 213136 bin pairs
[M::hk_bmap_gen] generated 5266 beads
[M::hk_bmap_gen] 213136 bin pairs
[M::blind-gpu] prepared pair buffers: n_diploid=5266 n_pairs=218265 n_block_keys=426444 n_steps=100
[I::fdg-gpu] blocklist CSR ready: edges=426444 avg_deg=80.98 max_deg=199
[M::hk_bmap_gen] generated 5266 beads
[M::hk_bmap_gen] 213080 bin pairs
[M::hk_bmap_gen] generated 5266 beads
[M::hk_bmap_gen] 213080 bin pairs
[M::blind-gpu] prepared pair buffers: n_diploid=5266 n_pairs=218207 n_block_keys=426328 n_steps=100
[I::fdg-gpu] blocklist CSR ready: edges=426328 avg_deg=80.96 max_deg=201
[M::hk_bmap_gen] generated 5266 beads
[M::hk_bmap_gen] 213011 bin pairs
[M::hk_bmap_gen] generated 5266 beads
[M::hk_bmap_gen] 213011 bin pairs
[M::blind-gpu] prepared pair buffers: n_diploid=5266 n_pairs=218137 n_block_keys=426188 n_steps=100
[I::fdg-gpu] blocklist CSR ready: edges=426188 avg_deg=80.93 max_deg=201
[M::hk_bmap_gen] generated 5266 beads
[M::hk_bmap_gen] 212995 bin pairs
[M::hk_bmap_gen] generated 5266 beads
[M::hk_bmap_gen] 212995 bin pairs
[M::blind-gpu] prepared pair buffers: n_diploid=5266 n_pairs=218120 n_block_keys=426154 n_steps=100
[I::fdg-gpu] blocklist CSR ready: edges=426154 avg_deg=80.93 max_deg=200
[M::hk_bmap_gen] generated 5266 beads
[M::hk_bmap_gen] 212995 bin pairs
[M::hk_bmap_gen] generated 5266 beads
[M::hk_bmap_gen] 212995 bin pairs
[M::blind-gpu] prepared pair buffers: n_diploid=5266 n_pairs=218122 n_block_keys=426158 n_steps=100
[I::fdg-gpu] blocklist CSR ready: edges=426158 avg_deg=80.93 max_deg=200
[M::hk_bmap_gen] generated 5266 beads
[M::hk_bmap_gen] 213010 bin pairs
[M::hk_bmap_gen] generated 5266 beads
[M::hk_bmap_gen] 213010 bin pairs
[M::blind-gpu] prepared pair buffers: n_diploid=5266 n_pairs=218141 n_block_keys=426196 n_steps=100
[I::fdg-gpu] blocklist CSR ready: edges=426196 avg_deg=80.93 max_deg=199
[M::hk_bmap_gen] generated 5266 beads
[M::hk_bmap_gen] 213001 bin pairs
[M::hk_bmap_gen] generated 5266 beads
[M::hk_bmap_gen] 213001 bin pairs
[M::blind-gpu] prepared pair buffers: n_diploid=5266 n_pairs=218133 n_block_keys=426180 n_steps=100
[I::fdg-gpu] blocklist CSR ready: edges=426180 avg_deg=80.93 max_deg=199
[M::hk_bmap_gen] generated 5266 beads
[M::hk_bmap_gen] 213001 bin pairs
[M::hk_bmap_gen] generated 5266 beads
[M::hk_bmap_gen] 213001 bin pairs
[M::blind-gpu] prepared pair buffers: n_diploid=5266 n_pairs=218131 n_block_keys=426176 n_steps=100
[I::fdg-gpu] blocklist CSR ready: edges=426176 avg_deg=80.93 max_deg=198
[M::hk_bmap_gen] generated 5266 beads
[M::hk_bmap_gen] 212984 bin pairs
[M::hk_bmap_gen] generated 5266 beads
[M::hk_bmap_gen] 212984 bin pairs
[M::blind-gpu] prepared pair buffers: n_diploid=5266 n_pairs=218115 n_block_keys=426144 n_steps=100
[I::fdg-gpu] blocklist CSR ready: edges=426144 avg_deg=80.92 max_deg=199
[M::hk_bmap_gen] generated 5266 beads
[M::hk_bmap_gen] 213005 bin pairs
[M::hk_bmap_gen] generated 5266 beads
[M::hk_bmap_gen] 213005 bin pairs
[M::blind-gpu] prepared pair buffers: n_diploid=5266 n_pairs=218135 n_block_keys=426184 n_steps=100
[I::fdg-gpu] blocklist CSR ready: edges=426184 avg_deg=80.93 max_deg=199
[M::hk_bmap_gen] generated 5266 beads
[M::hk_bmap_gen] 213018 bin pairs
[M::hk_bmap_gen] generated 5266 beads
[M::hk_bmap_gen] 213018 bin pairs
[M::blind-gpu] prepared pair buffers: n_diploid=5266 n_pairs=218148 n_block_keys=426210 n_steps=100
[I::fdg-gpu] blocklist CSR ready: edges=426210 avg_deg=80.94 max_deg=199
[M::hk_bmap_gen] generated 5266 beads
[M::hk_bmap_gen] 213033 bin pairs
[M::hk_bmap_gen] generated 5266 beads
[M::hk_bmap_gen] 213033 bin pairs
[M::blind-gpu] prepared pair buffers: n_diploid=5266 n_pairs=218158 n_block_keys=426232 n_steps=100
[I::fdg-gpu] blocklist CSR ready: edges=426232 avg_deg=80.94 max_deg=199
[M::hk_bmap_gen] generated 5266 beads
[M::hk_bmap_gen] 213023 bin pairs
[M::hk_bmap_gen] generated 5266 beads
[M::hk_bmap_gen] 213023 bin pairs
[M::blind-gpu] prepared pair buffers: n_diploid=5266 n_pairs=218151 n_block_keys=426216 n_steps=100
[I::fdg-gpu] blocklist CSR ready: edges=426216 avg_deg=80.94 max_deg=199
[M::hk_bmap_gen] generated 5266 beads
[M::hk_bmap_gen] 213024 bin pairs
[M::hk_bmap_gen] generated 5266 beads
[M::hk_bmap_gen] 213024 bin pairs
[M::blind-gpu] prepared pair buffers: n_diploid=5266 n_pairs=218150 n_block_keys=426214 n_steps=100
[I::fdg-gpu] blocklist CSR ready: edges=426214 avg_deg=80.94 max_deg=199
[M::hk_bmap_gen] generated 5266 beads
[M::hk_bmap_gen] 213028 bin pairs
[M::hk_bmap_gen] generated 5266 beads
[M::hk_bmap_gen] 213028 bin pairs
[M::blind-gpu] prepared pair buffers: n_diploid=5266 n_pairs=218156 n_block_keys=426226 n_steps=100
[I::fdg-gpu] blocklist CSR ready: edges=426226 avg_deg=80.94 max_deg=199
[M::hk_bmap_gen] generated 5266 beads
[M::hk_bmap_gen] 213056 bin pairs
[M::hk_bmap_gen] generated 5266 beads
[M::hk_bmap_gen] 213056 bin pairs
[M::blind-gpu] prepared pair buffers: n_diploid=5266 n_pairs=218185 n_block_keys=426284 n_steps=100
[I::fdg-gpu] blocklist CSR ready: edges=426284 avg_deg=80.95 max_deg=200
[M::hk_bmap_gen] generated 5266 beads
[M::hk_bmap_gen] 213061 bin pairs
[M::hk_bmap_gen] generated 5266 beads
[M::hk_bmap_gen] 213061 bin pairs
[M::blind-gpu] prepared pair buffers: n_diploid=5266 n_pairs=218186 n_block_keys=426286 n_steps=100
[I::fdg-gpu] blocklist CSR ready: edges=426286 avg_deg=80.95 max_deg=200
[M::hk_bmap_gen] generated 5266 beads
[M::hk_bmap_gen] 213057 bin pairs
[M::hk_bmap_gen] generated 5266 beads
[M::hk_bmap_gen] 213057 bin pairs
[M::blind-gpu] prepared pair buffers: n_diploid=5266 n_pairs=218183 n_block_keys=426280 n_steps=100
[I::fdg-gpu] blocklist CSR ready: edges=426280 avg_deg=80.95 max_deg=199
[M::hk_bmap_gen] generated 5266 beads
[M::hk_bmap_gen] 213004 bin pairs
[M::hk_bmap_gen] generated 5266 beads
[M::hk_bmap_gen] 213004 bin pairs
[M::blind-gpu] prepared pair buffers: n_diploid=5266 n_pairs=218131 n_block_keys=426176 n_steps=100
[I::fdg-gpu] blocklist CSR ready: edges=426176 avg_deg=80.93 max_deg=200
[M::hk_bmap_gen] generated 5266 beads
[M::hk_bmap_gen] 213015 bin pairs
[M::hk_bmap_gen] generated 5266 beads
[M::hk_bmap_gen] 213015 bin pairs
[M::blind-gpu] prepared pair buffers: n_diploid=5266 n_pairs=218139 n_block_keys=426190 n_steps=100
[I::fdg-gpu] blocklist CSR ready: edges=426190 avg_deg=80.93 max_deg=200
[M::hk_bmap_gen] generated 5266 beads
[M::hk_bmap_gen] 213013 bin pairs
[M::hk_bmap_gen] generated 5266 beads
[M::hk_bmap_gen] 213013 bin pairs
[M::blind-gpu] prepared pair buffers: n_diploid=5266 n_pairs=218136 n_block_keys=426184 n_steps=100
[I::fdg-gpu] blocklist CSR ready: edges=426184 avg_deg=80.93 max_deg=200
[M::hk_bmap_gen] generated 5266 beads
[M::hk_bmap_gen] 213016 bin pairs
[M::hk_bmap_gen] generated 5266 beads
[M::hk_bmap_gen] 213016 bin pairs
[M::blind-gpu] prepared pair buffers: n_diploid=5266 n_pairs=218141 n_block_keys=426196 n_steps=100
[I::fdg-gpu] blocklist CSR ready: edges=426196 avg_deg=80.93 max_deg=200
[M::hk_bmap_gen] generated 5266 beads
[M::hk_bmap_gen] 213030 bin pairs
[M::hk_bmap_gen] generated 5266 beads
[M::hk_bmap_gen] 213030 bin pairs
[M::blind-gpu] prepared pair buffers: n_diploid=5266 n_pairs=218154 n_block_keys=426222 n_steps=100
[I::fdg-gpu] blocklist CSR ready: edges=426222 avg_deg=80.94 max_deg=200
[M::hk_bmap_gen] generated 5266 beads
[M::hk_bmap_gen] 213064 bin pairs
[M::hk_bmap_gen] generated 5266 beads
[M::hk_bmap_gen] 213064 bin pairs
[M::blind-gpu] prepared pair buffers: n_diploid=5266 n_pairs=218184 n_block_keys=426282 n_steps=100
[I::fdg-gpu] blocklist CSR ready: edges=426282 avg_deg=80.95 max_deg=200
[M::hk_bmap_gen] generated 5266 beads
[M::hk_bmap_gen] 213068 bin pairs
[M::hk_bmap_gen] generated 5266 beads
[M::hk_bmap_gen] 213068 bin pairs
[M::blind-gpu] prepared pair buffers: n_diploid=5266 n_pairs=218184 n_block_keys=426282 n_steps=100
[I::fdg-gpu] blocklist CSR ready: edges=426282 avg_deg=80.95 max_deg=200
[M::hk_bmap_gen] generated 5266 beads
[M::hk_bmap_gen] 213079 bin pairs
[M::hk_bmap_gen] generated 5266 beads
[M::hk_bmap_gen] 213079 bin pairs
[M::blind-gpu] prepared pair buffers: n_diploid=5266 n_pairs=218201 n_block_keys=426316 n_steps=100
[I::fdg-gpu] blocklist CSR ready: edges=426316 avg_deg=80.96 max_deg=200
[M::hk_bmap_gen] generated 5266 beads
[M::hk_bmap_gen] 213065 bin pairs
[M::hk_bmap_gen] generated 5266 beads
[M::hk_bmap_gen] 213065 bin pairs
[M::blind-gpu] prepared pair buffers: n_diploid=5266 n_pairs=218191 n_block_keys=426296 n_steps=100
[I::fdg-gpu] blocklist CSR ready: edges=426296 avg_deg=80.95 max_deg=200
[M::hk_bmap_gen] generated 5266 beads
[M::hk_bmap_gen] 213090 bin pairs
[M::hk_bmap_gen] generated 5266 beads
[M::hk_bmap_gen] 213090 bin pairs
[M::blind-gpu] prepared pair buffers: n_diploid=5266 n_pairs=218219 n_block_keys=426352 n_steps=100
[I::fdg-gpu] blocklist CSR ready: edges=426352 avg_deg=80.96 max_deg=200
minimal P9016[1m]: write outputs to /mnt/ssd/zliu/phase3/test_res/043-20260620_031947-p9016_raw_pairs_remaining_ablation_1m/outputs/p9016_rawremain_chrpair_estep_l0p10_w20_best035/p9016_rawremain_chrpair_estep_l0p10_w20_best035
[M::hk_bmap_gen] generated 5266 beads
[M::hk_bmap_gen] 213105 bin pairs
[M::hk_bmap_gen] generated 5266 beads
[M::hk_bmap_gen] 213105 bin pairs
minimal P9016[1m]: status=OK final_entropy=0.66695422 final_pU=0.48110577
minimal P9016: summary /mnt/ssd/zliu/phase3/test_res/043-20260620_031947-p9016_raw_pairs_remaining_ablation_1m/outputs/p9016_rawremain_chrpair_estep_l0p10_w20_best035/matrix_summary.tsv
