FULL_RESULT_ROOT=/mnt/ssd/zliu/phase3/test_res/043-20260620_031947-p9016_raw_pairs_remaining_ablation_1m
LIGHT_RESULT_ROOT=/mnt/ssd/zliu/phase3/hickit/result/043-20260620_031947-p9016_raw_pairs_remaining_ablation_1m
rm -rf /mnt/ssd/zliu/phase3/test_res/smoke/hk_blind_p9016_minimal_audit_smoke
mkdir -p /mnt/ssd/zliu/phase3/test_res/smoke
env -i PATH="$PATH" LD_LIBRARY_PATH="$LD_LIBRARY_PATH" \
HK_BLIND_P9016_PAIRS=testdata/p9016_blind_smoke.pairs \
HK_BLIND_P9016_ALLOW_CUSTOM_PAIRS=1 \
HK_BLIND_P9016_OUTPUT_ROOT=/mnt/ssd/zliu/phase3/test_res/smoke/hk_blind_p9016_minimal_audit_smoke \
HK_BLIND_P9016_CONFIG_NAME=minimal_soft_sep_off \
HK_BLIND_P9016_BIN_SIZE_BP=1000000 \
HK_BLIND_P9016_MINIMAL_N_ITER=1 \
HK_BLIND_P9016_MINIMAL_RELAX_STEPS=1 \
HK_BLIND_P9016_INIT_EPS=0.5 \
HK_BLIND_P9016_INIT_NOISE_SCALE=0.0 \
HK_BLIND_P9016_MIN_SEP_UNIT=0.0 \
HK_BLIND_P9016_LAMBDA_SEP=0.0 \
HK_BLIND_P9016_INIT_SEED=17 \
./run_blind_p9016_minimal.bin
HK_BLIND_AUDIT_ALLOW_CUSTOM_RAW_PAIRS=1 ./audit_blind_p9016_full_cpu_output.bin /mnt/ssd/zliu/phase3/test_res/smoke/hk_blind_p9016_minimal_audit_smoke/minimal_soft_sep_off
cc -g -Wall -O2 -Wc++-compat -fno-fast-math -fno-unsafe-math-optimizations    run_blind_p9016_minimal.c sdict.o io.o pair.o count.o phase.o bin.o blind.o fdg.o image.o view3d.o fdg_gpu.o -o run_blind_p9016_minimal.bin -L/usr/local/cuda/targets/x86_64-linux/lib -Wl,-rpath,/usr/local/cuda/targets/x86_64-linux/lib -lm -lz -lcudart -lstdc++
make: 'audit_blind_p9016_full_cpu_output.bin' is up to date.
CONFIG_START=p9016_rawremain_td1_baseline chain=0 prior_lambda=0 prior_warmup=0 gate_mode=off trans_dscale=1 lambda_copytrack=0 lambda_global=0
CONFIG_START=p9016_rawremain_best035_td0p5_lct0p03_gct0p003 chain=0 prior_lambda=0 prior_warmup=0 gate_mode=off trans_dscale=0.5 lambda_copytrack=0.03 lambda_global=0.003
CONFIG_START=p9016_rawremain_chain4m1m_best035 chain=1 prior_lambda=0 prior_warmup=0 gate_mode=off trans_dscale=0.5 lambda_copytrack=0.03 lambda_global=0.003
CONFIG_START=p9016_rawremain_chrpair_estep_l0p10_w20_best035 chain=0 prior_lambda=0.10 prior_warmup=20 gate_mode=off trans_dscale=0.5 lambda_copytrack=0.03 lambda_global=0.003
CONFIG_START=p9016_rawremain_pmaxmargin_p045_m002_best035 chain=0 prior_lambda=0 prior_warmup=0 gate_mode=pmax_margin trans_dscale=0.5 lambda_copytrack=0.03 lambda_global=0.003
CONFIG_START=p9016_rawremain_chain4m1m_chrpair_l0p10_w20_best035 chain=1 prior_lambda=0.10 prior_warmup=20 gate_mode=off trans_dscale=0.5 lambda_copytrack=0.03 lambda_global=0.003
CONFIG_DONE=p9016_rawremain_chrpair_estep_l0p10_w20_best035 final_out=/mnt/ssd/zliu/phase3/test_res/043-20260620_031947-p9016_raw_pairs_remaining_ablation_1m/outputs/p9016_rawremain_chrpair_estep_l0p10_w20_best035/p9016_rawremain_chrpair_estep_l0p10_w20_best035
CONFIG_DONE=p9016_rawremain_td1_baseline final_out=/mnt/ssd/zliu/phase3/test_res/043-20260620_031947-p9016_raw_pairs_remaining_ablation_1m/outputs/p9016_rawremain_td1_baseline/p9016_rawremain_td1_baseline
CONFIG_DONE=p9016_rawremain_best035_td0p5_lct0p03_gct0p003 final_out=/mnt/ssd/zliu/phase3/test_res/043-20260620_031947-p9016_raw_pairs_remaining_ablation_1m/outputs/p9016_rawremain_best035_td0p5_lct0p03_gct0p003/p9016_rawremain_best035_td0p5_lct0p03_gct0p003
CONFIG_DONE=p9016_rawremain_pmaxmargin_p045_m002_best035 final_out=/mnt/ssd/zliu/phase3/test_res/043-20260620_031947-p9016_raw_pairs_remaining_ablation_1m/outputs/p9016_rawremain_pmaxmargin_p045_m002_best035/p9016_rawremain_pmaxmargin_p045_m002_best035
CONFIG_DONE=p9016_rawremain_chain4m1m_chrpair_l0p10_w20_best035 final_out=/mnt/ssd/zliu/phase3/test_res/043-20260620_031947-p9016_raw_pairs_remaining_ablation_1m/outputs/p9016_rawremain_chain4m1m_chrpair_l0p10_w20_best035/1m/p9016_rawremain_chain4m1m_chrpair_l0p10_w20_best035
CONFIG_DONE=p9016_rawremain_chain4m1m_best035 final_out=/mnt/ssd/zliu/phase3/test_res/043-20260620_031947-p9016_raw_pairs_remaining_ablation_1m/outputs/p9016_rawremain_chain4m1m_best035/1m/p9016_rawremain_chain4m1m_best035
FULL_RESULT_ROOT=/mnt/ssd/zliu/phase3/test_res/043-20260620_031947-p9016_raw_pairs_remaining_ablation_1m
LIGHT_RESULT_ROOT=/mnt/ssd/zliu/phase3/hickit/result/043-20260620_031947-p9016_raw_pairs_remaining_ablation_1m
SUMMARY_TSV=/mnt/ssd/zliu/phase3/test_res/043-20260620_031947-p9016_raw_pairs_remaining_ablation_1m/summary.tsv
RAW_PAIRS_REMAINING_DELTA_SUMMARY_TSV=/mnt/ssd/zliu/phase3/test_res/043-20260620_031947-p9016_raw_pairs_remaining_ablation_1m/raw_pairs_remaining_delta_summary.tsv
HEADLINE=NO_PLUS_0P1
