CONFIG=p9016_seg_multichrom_pcgamma1_ieps0p5_noise0_seed17
pairs=/mnt/ssd/zliu/phase3/test_res/027-20260619_034240-p9016_contacts_seg_source_sweep_1m_fast20/generated_pairs/P9016.seg_multichrom.pairs.gz
allow_custom=1
source=raw_pairs
minimal P9016: input=/mnt/ssd/zliu/phase3/test_res/027-20260619_034240-p9016_contacts_seg_source_sweep_1m_fast20/generated_pairs/P9016.seg_multichrom.pairs.gz output_root=/mnt/ssd/zliu/phase3/test_res/027-20260619_034240-p9016_contacts_seg_source_sweep_1m_fast20/work_outputs/p9016_seg_multichrom_pcgamma1_ieps0p5_noise0_seed17 config=p9016_seg_multichrom_pcgamma1_ieps0p5_noise0_seed17 baseline=softall n_iter=20 relax_steps=50 relax_step=0.012 chain=0 init_mode=unphased_scaffold_split init_eps=0.5 init_noise=0 init_scale=10 init_seed=17 min_sep=0 lambda_sep=0 lambda_copytrack=0 trans_chr_pair_prior_lambda=0 trans_chr_pair_prior_eps=0.001 trans_chr_pair_prior_power=1 trans_chr_pair_prior_warmup_iter=0 d_scale_mode=posterior_count d_scale_input=posterior_count d_scale_formula=n_raw*posterior_prob^1 d_scale_gamma=1 d_scale_eps=1e-06 relax_backend=cpu
minimal P9016: stage 1/1 name=1m bin_size_bp=1000000 parent=0
[M::hk_map_read] read 1000000 pairs
[M::hk_bmap_gen] generated 2633 beads
[M::hk_bmap_gen] 328211 bin pairs
minimal P9016[1m]: build binned contacts
minimal P9016[1m]: init mode=unphased_scaffold_split seed=17 scale=10
[M::hk_fdg] mid_dist:1000000 max_nei:106
[M::hk_fdg1_cpu] iter:10 elapsed:0.29s rep_coef:0.2092 RMS_force:256.8390 n_rep:45.6160 energy:25.2035,7.6843,0.0049 dist:5.6355,7.3730,1.4526
[M::hk_fdg1_cpu] iter:20 elapsed:0.73s rep_coef:0.6615 RMS_force:235.7085 n_rep:163.2104 energy:7.4254,4.0010,0.0173 dist:3.3608,4.7175,1.4102
[M::hk_fdg1_cpu] iter:30 elapsed:1.71s rep_coef:0.9352 RMS_force:161.8475 n_rep:605.9958 energy:1.7934,1.3648,0.0327 dist:1.9959,2.6272,1.2873
[M::hk_fdg1_cpu] iter:40 elapsed:3.19s rep_coef:0.9907 RMS_force:86.1218 n_rep:873.7618 energy:0.6507,0.5424,0.0361 dist:1.5316,1.9011,1.2620
[M::hk_fdg1_cpu] iter:50 elapsed:4.77s rep_coef:0.9987 RMS_force:107.5688 n_rep:816.6490 energy:0.6657,0.6915,0.0332 dist:1.5787,2.0630,1.3051
minimal P9016[1m]: run softall, n_iter=20 relax_steps=50 relax_step=0.012 relax_backend=cpu
[M::hk_bmap_gen] generated 5266 beads
[M::hk_bmap_gen] 301549 bin pairs
[M::hk_bmap_gen] generated 5266 beads
[M::hk_bmap_gen] 230549 bin pairs
[M::hk_bmap_gen] generated 5266 beads
[M::hk_bmap_gen] 221308 bin pairs
[M::hk_bmap_gen] generated 5266 beads
[M::hk_bmap_gen] 217398 bin pairs
[M::hk_bmap_gen] generated 5266 beads
[M::hk_bmap_gen] 215422 bin pairs
[M::hk_bmap_gen] generated 5266 beads
[M::hk_bmap_gen] 213705 bin pairs
[M::hk_bmap_gen] generated 5266 beads
[M::hk_bmap_gen] 212168 bin pairs
[M::hk_bmap_gen] generated 5266 beads
[M::hk_bmap_gen] 211018 bin pairs
[M::hk_bmap_gen] generated 5266 beads
[M::hk_bmap_gen] 210282 bin pairs
[M::hk_bmap_gen] generated 5266 beads
[M::hk_bmap_gen] 209549 bin pairs
[M::hk_bmap_gen] generated 5266 beads
[M::hk_bmap_gen] 208937 bin pairs
[M::hk_bmap_gen] generated 5266 beads
[M::hk_bmap_gen] 208503 bin pairs
[M::hk_bmap_gen] generated 5266 beads
[M::hk_bmap_gen] 208104 bin pairs
[M::hk_bmap_gen] generated 5266 beads
[M::hk_bmap_gen] 207728 bin pairs
[M::hk_bmap_gen] generated 5266 beads
[M::hk_bmap_gen] 207276 bin pairs
[M::hk_bmap_gen] generated 5266 beads
[M::hk_bmap_gen] 206944 bin pairs
[M::hk_bmap_gen] generated 5266 beads
[M::hk_bmap_gen] 206582 bin pairs
[M::hk_bmap_gen] generated 5266 beads
[M::hk_bmap_gen] 206238 bin pairs
[M::hk_bmap_gen] generated 5266 beads
[M::hk_bmap_gen] 206021 bin pairs
[M::hk_bmap_gen] generated 5266 beads
[M::hk_bmap_gen] 205964 bin pairs
minimal P9016[1m]: write outputs to /mnt/ssd/zliu/phase3/test_res/027-20260619_034240-p9016_contacts_seg_source_sweep_1m_fast20/work_outputs/p9016_seg_multichrom_pcgamma1_ieps0p5_noise0_seed17/p9016_seg_multichrom_pcgamma1_ieps0p5_noise0_seed17
[M::hk_bmap_gen] generated 5266 beads
[M::hk_bmap_gen] 205750 bin pairs
minimal P9016[1m]: status=OK final_entropy=0.74316382 final_pU=0.53607941
minimal P9016: summary /mnt/ssd/zliu/phase3/test_res/027-20260619_034240-p9016_contacts_seg_source_sweep_1m_fast20/work_outputs/p9016_seg_multichrom_pcgamma1_ieps0p5_noise0_seed17/matrix_summary.tsv
audit status: OK n_raw=1000000 n_bpair=328211 n_beads=2633 bpair_rows=328211 coord_rows=5266 raw_rows=0 posterior_bad_rows=0 coord_bad_rows=0 raw_bad_rows=0 forbidden_string_hits=0
