FULL_RESULT_ROOT=/mnt/ssd/zliu/phase3/test_res/040-20260620_010533-p9016_normdir_copytrack_1m
LIGHT_RESULT_ROOT=/mnt/ssd/zliu/phase3/hickit/result/040-20260620_010533-p9016_normdir_copytrack_1m
rm -rf /mnt/ssd/zliu/phase3/test_res/smoke/hk_blind_p9016_minimal_audit_smoke
mkdir -p /mnt/ssd/zliu/phase3/test_res/smoke
env -i PATH="$PATH" LD_LIBRARY_PATH="$LD_LIBRARY_PATH" \
HK_BLIND_P9016_PAIRS=testdata/p9016_blind_smoke.pairs \
HK_BLIND_P9016_ALLOW_CUSTOM_PAIRS=1 \
HK_BLIND_P9016_OUTPUT_ROOT=/mnt/ssd/zliu/phase3/test_res/smoke/hk_blind_p9016_minimal_audit_smoke \
HK_BLIND_P9016_CONFIG_NAME=minimal_soft_sep_off \
HK_BLIND_P9016_BIN_SIZE_BP=1000000 \
HK_BLIND_P9016_MINIMAL_N_ITER=1 \
HK_BLIND_P9016_MINIMAL_RELAX_STEPS=1 \
HK_BLIND_P9016_INIT_EPS=0.5 \
HK_BLIND_P9016_INIT_NOISE_SCALE=0.0 \
HK_BLIND_P9016_MIN_SEP_UNIT=0.0 \
HK_BLIND_P9016_LAMBDA_SEP=0.0 \
HK_BLIND_P9016_INIT_SEED=17 \
./run_blind_p9016_minimal.bin
HK_BLIND_AUDIT_ALLOW_CUSTOM_RAW_PAIRS=1 ./audit_blind_p9016_full_cpu_output.bin /mnt/ssd/zliu/phase3/test_res/smoke/hk_blind_p9016_minimal_audit_smoke/minimal_soft_sep_off
cc -g -Wall -O2 -Wc++-compat -fno-fast-math -fno-unsafe-math-optimizations    run_blind_p9016_minimal.c sdict.o io.o pair.o count.o phase.o bin.o blind.o fdg.o image.o view3d.o fdg_gpu.o -o run_blind_p9016_minimal.bin -L/usr/local/cuda/targets/x86_64-linux/lib -Wl,-rpath,/usr/local/cuda/targets/x86_64-linux/lib -lm -lz -lcudart -lstdc++
make: 'audit_blind_p9016_full_cpu_output.bin' is up to date.
CONFIG_START=p9016_pcgamma1_td0p5_lct0p03_gct0p003_best035_replay lambda_normdir=0 normdir_eps=0.05 lambda_copytrack=0.03 lambda_global=0.003 min_sep=0 lambda_sep=0
CONFIG_START=p9016_pcgamma1_td0p5_normdir0p003_lct0p03_gct0p003 lambda_normdir=0.003 normdir_eps=0.05 lambda_copytrack=0.03 lambda_global=0.003 min_sep=0 lambda_sep=0
CONFIG_START=p9016_pcgamma1_td0p5_normdir0p01_lct0p03_gct0p003 lambda_normdir=0.01 normdir_eps=0.05 lambda_copytrack=0.03 lambda_global=0.003 min_sep=0 lambda_sep=0
CONFIG_START=p9016_pcgamma1_td0p5_normdir0p03_lct0p03_gct0p003 lambda_normdir=0.03 normdir_eps=0.05 lambda_copytrack=0.03 lambda_global=0.003 min_sep=0 lambda_sep=0
CONFIG_DONE=p9016_pcgamma1_td0p5_normdir0p01_lct0p03_gct0p003
CONFIG_START=p9016_pcgamma1_td0p5_normdir0p1_lct0p03_gct0p003 lambda_normdir=0.1 normdir_eps=0.05 lambda_copytrack=0.03 lambda_global=0.003 min_sep=0 lambda_sep=0
CONFIG_DONE=p9016_pcgamma1_td0p5_normdir0p03_lct0p03_gct0p003
CONFIG_START=p9016_pcgamma1_td0p5_normdir0p03_only lambda_normdir=0.03 normdir_eps=0.05 lambda_copytrack=0 lambda_global=0 min_sep=0 lambda_sep=0
CONFIG_DONE=p9016_pcgamma1_td0p5_normdir0p003_lct0p03_gct0p003
CONFIG_START=p9016_pcgamma1_td0p5_normdir0p03_msep1_lsep0p5_lct0p03_gct0p003 lambda_normdir=0.03 normdir_eps=0.05 lambda_copytrack=0.03 lambda_global=0.003 min_sep=1 lambda_sep=0.5
CONFIG_DONE=p9016_pcgamma1_td0p5_lct0p03_gct0p003_best035_replay
CONFIG_DONE=p9016_pcgamma1_td0p5_normdir0p1_lct0p03_gct0p003
CONFIG_DONE=p9016_pcgamma1_td0p5_normdir0p03_only
CONFIG_DONE=p9016_pcgamma1_td0p5_normdir0p03_msep1_lsep0p5_lct0p03_gct0p003
