minimal P9016: input=/shared/zliu/CHARM/CHARM_mesc/data/pairs/P1006.pairs.gz output_root=/mnt/ssd/zliu/phase3/test_res/014-20260617_205632-p9016_p1006_dscale_gamma_sep_1m/work_outputs/P1006/p1006_pcgamma0p5_msep1_lsep0p5_ieps0p5_noise0_seed17 config=p1006_pcgamma0p5_msep1_lsep0p5_ieps0p5_noise0_seed17 baseline=softall n_iter=100 relax_steps=100 relax_step=0.012 chain=0 init_mode=unphased_scaffold_split init_eps=0.5 init_noise=0 init_scale=10 init_seed=17 min_sep=1 lambda_sep=0.5 d_scale_mode=posterior_count d_scale_input=posterior_count d_scale_formula=n_raw*posterior_prob^0.5 d_scale_gamma=0.5 d_scale_eps=1e-06 relax_backend=gpu
minimal P9016: stage 1/1 name=1m bin_size_bp=1000000 parent=0
[M::hk_map_read] read 1961601 pairs
[M::hk_bmap_gen] generated 2633 beads
[M::hk_bmap_gen] 421940 bin pairs
minimal P9016[1m]: build binned contacts
minimal P9016[1m]: init mode=unphased_scaffold_split seed=17 scale=10
[M::hk_fdg] mid_dist:1000000 max_nei:67
[M::hk_fdg1_cpu] iter:10 elapsed:0.30s rep_coef:0.2092 RMS_force:316.5101 n_rep:44.0065 energy:25.2004,6.7330,0.0049 dist:5.6286,6.7187,1.4496
[M::hk_fdg1_cpu] iter:20 elapsed:0.73s rep_coef:0.6615 RMS_force:289.5976 n_rep:158.5739 energy:7.5053,3.4220,0.0175 dist:3.3627,4.3015,1.4061
[M::hk_fdg1_cpu] iter:30 elapsed:1.62s rep_coef:0.9352 RMS_force:193.0783 n_rep:598.7083 energy:1.8023,1.0920,0.0338 dist:1.9819,2.3697,1.2737
[M::hk_fdg1_cpu] iter:40 elapsed:2.97s rep_coef:0.9907 RMS_force:101.2589 n_rep:838.7482 energy:0.5259,0.4091,0.0350 dist:1.4172,1.7338,1.2757
[M::hk_fdg1_cpu] iter:50 elapsed:4.32s rep_coef:0.9987 RMS_force:90.2029 n_rep:805.2115 energy:0.2106,0.3295,0.0318 dist:1.1198,1.6819,1.3240
minimal P9016[1m]: run softall, n_iter=100 relax_steps=100 relax_step=0.012 relax_backend=gpu
[M::hk_bmap_gen] generated 5266 beads
[M::hk_bmap_gen] 255329 bin pairs
[M::blind-gpu] prepared pair buffers: n_diploid=5266 n_pairs=260492 n_block_keys=510868 n_steps=100
[I::fdg-gpu] blocklist CSR ready: edges=510868 avg_deg=97.01 max_deg=215
[M::hk_bmap_gen] generated 5266 beads
[M::hk_bmap_gen] 250230 bin pairs
[M::blind-gpu] prepared pair buffers: n_diploid=5266 n_pairs=255347 n_block_keys=500574 n_steps=100
[I::fdg-gpu] blocklist CSR ready: edges=500574 avg_deg=95.06 max_deg=201
[M::hk_bmap_gen] generated 5266 beads
[M::hk_bmap_gen] 237906 bin pairs
[M::blind-gpu] prepared pair buffers: n_diploid=5266 n_pairs=242974 n_block_keys=475828 n_steps=100
[I::fdg-gpu] blocklist CSR ready: edges=475828 avg_deg=90.36 max_deg=190
[M::hk_bmap_gen] generated 5266 beads
[M::hk_bmap_gen] 230066 bin pairs
[M::blind-gpu] prepared pair buffers: n_diploid=5266 n_pairs=235130 n_block_keys=460142 n_steps=100
[I::fdg-gpu] blocklist CSR ready: edges=460142 avg_deg=87.38 max_deg=185
[M::hk_bmap_gen] generated 5266 beads
[M::hk_bmap_gen] 224302 bin pairs
[M::blind-gpu] prepared pair buffers: n_diploid=5266 n_pairs=229344 n_block_keys=448574 n_steps=100
[I::fdg-gpu] blocklist CSR ready: edges=448574 avg_deg=85.18 max_deg=183
[M::hk_bmap_gen] generated 5266 beads
[M::hk_bmap_gen] 219529 bin pairs
[M::blind-gpu] prepared pair buffers: n_diploid=5266 n_pairs=224574 n_block_keys=439034 n_steps=100
[I::fdg-gpu] blocklist CSR ready: edges=439034 avg_deg=83.37 max_deg=188
[M::hk_bmap_gen] generated 5266 beads
[M::hk_bmap_gen] 215524 bin pairs
[M::blind-gpu] prepared pair buffers: n_diploid=5266 n_pairs=220604 n_block_keys=431090 n_steps=100
[I::fdg-gpu] blocklist CSR ready: edges=431090 avg_deg=81.86 max_deg=188
[M::hk_bmap_gen] generated 5266 beads
[M::hk_bmap_gen] 212407 bin pairs
[M::blind-gpu] prepared pair buffers: n_diploid=5266 n_pairs=217491 n_block_keys=424864 n_steps=100
[I::fdg-gpu] blocklist CSR ready: edges=424864 avg_deg=80.68 max_deg=184
[M::hk_bmap_gen] generated 5266 beads
[M::hk_bmap_gen] 210123 bin pairs
[M::blind-gpu] prepared pair buffers: n_diploid=5266 n_pairs=215215 n_block_keys=420312 n_steps=100
[I::fdg-gpu] blocklist CSR ready: edges=420312 avg_deg=79.82 max_deg=180
[M::hk_bmap_gen] generated 5266 beads
[M::hk_bmap_gen] 208225 bin pairs
[M::blind-gpu] prepared pair buffers: n_diploid=5266 n_pairs=213333 n_block_keys=416546 n_steps=100
[I::fdg-gpu] blocklist CSR ready: edges=416546 avg_deg=79.10 max_deg=179
[M::hk_bmap_gen] generated 5266 beads
[M::hk_bmap_gen] 206806 bin pairs
[M::blind-gpu] prepared pair buffers: n_diploid=5266 n_pairs=211928 n_block_keys=413734 n_steps=100
[I::fdg-gpu] blocklist CSR ready: edges=413734 avg_deg=78.57 max_deg=183
[M::hk_bmap_gen] generated 5266 beads
[M::hk_bmap_gen] 205263 bin pairs
[M::blind-gpu] prepared pair buffers: n_diploid=5266 n_pairs=210371 n_block_keys=410620 n_steps=100
[I::fdg-gpu] blocklist CSR ready: edges=410620 avg_deg=77.98 max_deg=182
[M::hk_bmap_gen] generated 5266 beads
[M::hk_bmap_gen] 204143 bin pairs
[M::blind-gpu] prepared pair buffers: n_diploid=5266 n_pairs=209231 n_block_keys=408342 n_steps=100
[I::fdg-gpu] blocklist CSR ready: edges=408342 avg_deg=77.54 max_deg=179
[M::hk_bmap_gen] generated 5266 beads
[M::hk_bmap_gen] 203012 bin pairs
[M::blind-gpu] prepared pair buffers: n_diploid=5266 n_pairs=208106 n_block_keys=406092 n_steps=100
[I::fdg-gpu] blocklist CSR ready: edges=406092 avg_deg=77.12 max_deg=185
[M::hk_bmap_gen] generated 5266 beads
[M::hk_bmap_gen] 201971 bin pairs
[M::blind-gpu] prepared pair buffers: n_diploid=5266 n_pairs=207058 n_block_keys=404000 n_steps=100
[I::fdg-gpu] blocklist CSR ready: edges=404000 avg_deg=76.72 max_deg=180
[M::hk_bmap_gen] generated 5266 beads
[M::hk_bmap_gen] 201193 bin pairs
[M::blind-gpu] prepared pair buffers: n_diploid=5266 n_pairs=206307 n_block_keys=402502 n_steps=100
[I::fdg-gpu] blocklist CSR ready: edges=402502 avg_deg=76.43 max_deg=178
[M::hk_bmap_gen] generated 5266 beads
[M::hk_bmap_gen] 200506 bin pairs
[M::blind-gpu] prepared pair buffers: n_diploid=5266 n_pairs=205608 n_block_keys=401100 n_steps=100
[I::fdg-gpu] blocklist CSR ready: edges=401100 avg_deg=76.17 max_deg=179
[M::hk_bmap_gen] generated 5266 beads
[M::hk_bmap_gen] 199845 bin pairs
[M::blind-gpu] prepared pair buffers: n_diploid=5266 n_pairs=204947 n_block_keys=399776 n_steps=100
[I::fdg-gpu] blocklist CSR ready: edges=399776 avg_deg=75.92 max_deg=179
[M::hk_bmap_gen] generated 5266 beads
[M::hk_bmap_gen] 199512 bin pairs
[M::blind-gpu] prepared pair buffers: n_diploid=5266 n_pairs=204609 n_block_keys=399104 n_steps=100
[I::fdg-gpu] blocklist CSR ready: edges=399104 avg_deg=75.79 max_deg=180
[M::hk_bmap_gen] generated 5266 beads
[M::hk_bmap_gen] 199074 bin pairs
[M::blind-gpu] prepared pair buffers: n_diploid=5266 n_pairs=204178 n_block_keys=398246 n_steps=100
[I::fdg-gpu] blocklist CSR ready: edges=398246 avg_deg=75.63 max_deg=180
[M::hk_bmap_gen] generated 5266 beads
[M::hk_bmap_gen] 198646 bin pairs
[M::blind-gpu] prepared pair buffers: n_diploid=5266 n_pairs=203750 n_block_keys=397388 n_steps=100
[I::fdg-gpu] blocklist CSR ready: edges=397388 avg_deg=75.46 max_deg=178
[M::hk_bmap_gen] generated 5266 beads
[M::hk_bmap_gen] 198343 bin pairs
[M::blind-gpu] prepared pair buffers: n_diploid=5266 n_pairs=203457 n_block_keys=396804 n_steps=100
[I::fdg-gpu] blocklist CSR ready: edges=396804 avg_deg=75.35 max_deg=178
[M::hk_bmap_gen] generated 5266 beads
[M::hk_bmap_gen] 197985 bin pairs
[M::blind-gpu] prepared pair buffers: n_diploid=5266 n_pairs=203090 n_block_keys=396070 n_steps=100
[I::fdg-gpu] blocklist CSR ready: edges=396070 avg_deg=75.21 max_deg=178
[M::hk_bmap_gen] generated 5266 beads
[M::hk_bmap_gen] 197477 bin pairs
[M::blind-gpu] prepared pair buffers: n_diploid=5266 n_pairs=202585 n_block_keys=395060 n_steps=100
[I::fdg-gpu] blocklist CSR ready: edges=395060 avg_deg=75.02 max_deg=182
[M::hk_bmap_gen] generated 5266 beads
[M::hk_bmap_gen] 197344 bin pairs
[M::blind-gpu] prepared pair buffers: n_diploid=5266 n_pairs=202439 n_block_keys=394766 n_steps=100
[I::fdg-gpu] blocklist CSR ready: edges=394766 avg_deg=74.97 max_deg=185
[M::hk_bmap_gen] generated 5266 beads
[M::hk_bmap_gen] 197101 bin pairs
[M::blind-gpu] prepared pair buffers: n_diploid=5266 n_pairs=202198 n_block_keys=394284 n_steps=100
[I::fdg-gpu] blocklist CSR ready: edges=394284 avg_deg=74.87 max_deg=186
[M::hk_bmap_gen] generated 5266 beads
[M::hk_bmap_gen] 196790 bin pairs
[M::blind-gpu] prepared pair buffers: n_diploid=5266 n_pairs=201883 n_block_keys=393658 n_steps=100
[I::fdg-gpu] blocklist CSR ready: edges=393658 avg_deg=74.75 max_deg=186
[M::hk_bmap_gen] generated 5266 beads
[M::hk_bmap_gen] 196704 bin pairs
[M::blind-gpu] prepared pair buffers: n_diploid=5266 n_pairs=201795 n_block_keys=393482 n_steps=100
[I::fdg-gpu] blocklist CSR ready: edges=393482 avg_deg=74.72 max_deg=186
[M::hk_bmap_gen] generated 5266 beads
[M::hk_bmap_gen] 196559 bin pairs
[M::blind-gpu] prepared pair buffers: n_diploid=5266 n_pairs=201660 n_block_keys=393210 n_steps=100
[I::fdg-gpu] blocklist CSR ready: edges=393210 avg_deg=74.67 max_deg=186
[M::hk_bmap_gen] generated 5266 beads
[M::hk_bmap_gen] 196575 bin pairs
[M::blind-gpu] prepared pair buffers: n_diploid=5266 n_pairs=201685 n_block_keys=393258 n_steps=100
[I::fdg-gpu] blocklist CSR ready: edges=393258 avg_deg=74.68 max_deg=186
[M::hk_bmap_gen] generated 5266 beads
[M::hk_bmap_gen] 196382 bin pairs
[M::blind-gpu] prepared pair buffers: n_diploid=5266 n_pairs=201491 n_block_keys=392872 n_steps=100
[I::fdg-gpu] blocklist CSR ready: edges=392872 avg_deg=74.61 max_deg=186
[M::hk_bmap_gen] generated 5266 beads
[M::hk_bmap_gen] 196273 bin pairs
[M::blind-gpu] prepared pair buffers: n_diploid=5266 n_pairs=201381 n_block_keys=392654 n_steps=100
[I::fdg-gpu] blocklist CSR ready: edges=392654 avg_deg=74.56 max_deg=185
[M::hk_bmap_gen] generated 5266 beads
[M::hk_bmap_gen] 196244 bin pairs
[M::blind-gpu] prepared pair buffers: n_diploid=5266 n_pairs=201352 n_block_keys=392604 n_steps=100
[I::fdg-gpu] blocklist CSR ready: edges=392604 avg_deg=74.55 max_deg=185
[M::hk_bmap_gen] generated 5266 beads
[M::hk_bmap_gen] 196075 bin pairs
[M::blind-gpu] prepared pair buffers: n_diploid=5266 n_pairs=201173 n_block_keys=392242 n_steps=100
[I::fdg-gpu] blocklist CSR ready: edges=392242 avg_deg=74.49 max_deg=185
[M::hk_bmap_gen] generated 5266 beads
[M::hk_bmap_gen] 195931 bin pairs
[M::blind-gpu] prepared pair buffers: n_diploid=5266 n_pairs=201028 n_block_keys=391950 n_steps=100
[I::fdg-gpu] blocklist CSR ready: edges=391950 avg_deg=74.43 max_deg=185
[M::hk_bmap_gen] generated 5266 beads
[M::hk_bmap_gen] 195989 bin pairs
[M::blind-gpu] prepared pair buffers: n_diploid=5266 n_pairs=201090 n_block_keys=392076 n_steps=100
[I::fdg-gpu] blocklist CSR ready: edges=392076 avg_deg=74.45 max_deg=185
[M::hk_bmap_gen] generated 5266 beads
[M::hk_bmap_gen] 196064 bin pairs
[M::blind-gpu] prepared pair buffers: n_diploid=5266 n_pairs=201152 n_block_keys=392198 n_steps=100
[I::fdg-gpu] blocklist CSR ready: edges=392198 avg_deg=74.48 max_deg=184
[M::hk_bmap_gen] generated 5266 beads
[M::hk_bmap_gen] 196055 bin pairs
[M::blind-gpu] prepared pair buffers: n_diploid=5266 n_pairs=201166 n_block_keys=392228 n_steps=100
[I::fdg-gpu] blocklist CSR ready: edges=392228 avg_deg=74.48 max_deg=184
[M::hk_bmap_gen] generated 5266 beads
[M::hk_bmap_gen] 196045 bin pairs
[M::blind-gpu] prepared pair buffers: n_diploid=5266 n_pairs=201161 n_block_keys=392222 n_steps=100
[I::fdg-gpu] blocklist CSR ready: edges=392222 avg_deg=74.48 max_deg=184
[M::hk_bmap_gen] generated 5266 beads
[M::hk_bmap_gen] 196104 bin pairs
[M::blind-gpu] prepared pair buffers: n_diploid=5266 n_pairs=201240 n_block_keys=392380 n_steps=100
[I::fdg-gpu] blocklist CSR ready: edges=392380 avg_deg=74.51 max_deg=186
[M::hk_bmap_gen] generated 5266 beads
[M::hk_bmap_gen] 196088 bin pairs
[M::blind-gpu] prepared pair buffers: n_diploid=5266 n_pairs=201210 n_block_keys=392316 n_steps=100
[I::fdg-gpu] blocklist CSR ready: edges=392316 avg_deg=74.50 max_deg=186
[M::hk_bmap_gen] generated 5266 beads
[M::hk_bmap_gen] 196100 bin pairs
[M::blind-gpu] prepared pair buffers: n_diploid=5266 n_pairs=201225 n_block_keys=392346 n_steps=100
[I::fdg-gpu] blocklist CSR ready: edges=392346 avg_deg=74.51 max_deg=186
[M::hk_bmap_gen] generated 5266 beads
[M::hk_bmap_gen] 195983 bin pairs
[M::blind-gpu] prepared pair buffers: n_diploid=5266 n_pairs=201114 n_block_keys=392128 n_steps=100
[I::fdg-gpu] blocklist CSR ready: edges=392128 avg_deg=74.46 max_deg=186
[M::hk_bmap_gen] generated 5266 beads
[M::hk_bmap_gen] 195851 bin pairs
[M::blind-gpu] prepared pair buffers: n_diploid=5266 n_pairs=200971 n_block_keys=391842 n_steps=100
[I::fdg-gpu] blocklist CSR ready: edges=391842 avg_deg=74.41 max_deg=187
[M::hk_bmap_gen] generated 5266 beads
[M::hk_bmap_gen] 195701 bin pairs
[M::blind-gpu] prepared pair buffers: n_diploid=5266 n_pairs=200823 n_block_keys=391546 n_steps=100
[I::fdg-gpu] blocklist CSR ready: edges=391546 avg_deg=74.35 max_deg=190
[M::hk_bmap_gen] generated 5266 beads
[M::hk_bmap_gen] 195498 bin pairs
[M::blind-gpu] prepared pair buffers: n_diploid=5266 n_pairs=200612 n_block_keys=391124 n_steps=100
[I::fdg-gpu] blocklist CSR ready: edges=391124 avg_deg=74.27 max_deg=189
[M::hk_bmap_gen] generated 5266 beads
[M::hk_bmap_gen] 195399 bin pairs
[M::blind-gpu] prepared pair buffers: n_diploid=5266 n_pairs=200516 n_block_keys=390932 n_steps=100
[I::fdg-gpu] blocklist CSR ready: edges=390932 avg_deg=74.24 max_deg=188
[M::hk_bmap_gen] generated 5266 beads
[M::hk_bmap_gen] 195305 bin pairs
[M::blind-gpu] prepared pair buffers: n_diploid=5266 n_pairs=200425 n_block_keys=390750 n_steps=100
[I::fdg-gpu] blocklist CSR ready: edges=390750 avg_deg=74.20 max_deg=186
[M::hk_bmap_gen] generated 5266 beads
[M::hk_bmap_gen] 195163 bin pairs
[M::blind-gpu] prepared pair buffers: n_diploid=5266 n_pairs=200287 n_block_keys=390474 n_steps=100
[I::fdg-gpu] blocklist CSR ready: edges=390474 avg_deg=74.15 max_deg=188
[M::hk_bmap_gen] generated 5266 beads
[M::hk_bmap_gen] 195050 bin pairs
[M::blind-gpu] prepared pair buffers: n_diploid=5266 n_pairs=200170 n_block_keys=390246 n_steps=100
[I::fdg-gpu] blocklist CSR ready: edges=390246 avg_deg=74.11 max_deg=189
[M::hk_bmap_gen] generated 5266 beads
[M::hk_bmap_gen] 194967 bin pairs
[M::blind-gpu] prepared pair buffers: n_diploid=5266 n_pairs=200091 n_block_keys=390090 n_steps=100
[I::fdg-gpu] blocklist CSR ready: edges=390090 avg_deg=74.08 max_deg=190
[M::hk_bmap_gen] generated 5266 beads
[M::hk_bmap_gen] 194947 bin pairs
[M::blind-gpu] prepared pair buffers: n_diploid=5266 n_pairs=200068 n_block_keys=390042 n_steps=100
[I::fdg-gpu] blocklist CSR ready: edges=390042 avg_deg=74.07 max_deg=190
[M::hk_bmap_gen] generated 5266 beads
[M::hk_bmap_gen] 194929 bin pairs
[M::blind-gpu] prepared pair buffers: n_diploid=5266 n_pairs=200058 n_block_keys=390020 n_steps=100
[I::fdg-gpu] blocklist CSR ready: edges=390020 avg_deg=74.06 max_deg=190
[M::hk_bmap_gen] generated 5266 beads
[M::hk_bmap_gen] 194914 bin pairs
[M::blind-gpu] prepared pair buffers: n_diploid=5266 n_pairs=200043 n_block_keys=389992 n_steps=100
[I::fdg-gpu] blocklist CSR ready: edges=389992 avg_deg=74.06 max_deg=189
[M::hk_bmap_gen] generated 5266 beads
[M::hk_bmap_gen] 194901 bin pairs
[M::blind-gpu] prepared pair buffers: n_diploid=5266 n_pairs=200018 n_block_keys=389944 n_steps=100
[I::fdg-gpu] blocklist CSR ready: edges=389944 avg_deg=74.05 max_deg=189
[M::hk_bmap_gen] generated 5266 beads
[M::hk_bmap_gen] 194858 bin pairs
[M::blind-gpu] prepared pair buffers: n_diploid=5266 n_pairs=199978 n_block_keys=389862 n_steps=100
[I::fdg-gpu] blocklist CSR ready: edges=389862 avg_deg=74.03 max_deg=189
[M::hk_bmap_gen] generated 5266 beads
[M::hk_bmap_gen] 194840 bin pairs
[M::blind-gpu] prepared pair buffers: n_diploid=5266 n_pairs=199965 n_block_keys=389834 n_steps=100
[I::fdg-gpu] blocklist CSR ready: edges=389834 avg_deg=74.03 max_deg=189
[M::hk_bmap_gen] generated 5266 beads
[M::hk_bmap_gen] 194766 bin pairs
[M::blind-gpu] prepared pair buffers: n_diploid=5266 n_pairs=199895 n_block_keys=389698 n_steps=100
[I::fdg-gpu] blocklist CSR ready: edges=389698 avg_deg=74.00 max_deg=190
[M::hk_bmap_gen] generated 5266 beads
[M::hk_bmap_gen] 194735 bin pairs
[M::blind-gpu] prepared pair buffers: n_diploid=5266 n_pairs=199847 n_block_keys=389604 n_steps=100
[I::fdg-gpu] blocklist CSR ready: edges=389604 avg_deg=73.98 max_deg=189
[M::hk_bmap_gen] generated 5266 beads
[M::hk_bmap_gen] 194694 bin pairs
[M::blind-gpu] prepared pair buffers: n_diploid=5266 n_pairs=199816 n_block_keys=389544 n_steps=100
[I::fdg-gpu] blocklist CSR ready: edges=389544 avg_deg=73.97 max_deg=190
[M::hk_bmap_gen] generated 5266 beads
[M::hk_bmap_gen] 194641 bin pairs
[M::blind-gpu] prepared pair buffers: n_diploid=5266 n_pairs=199763 n_block_keys=389432 n_steps=100
[I::fdg-gpu] blocklist CSR ready: edges=389432 avg_deg=73.95 max_deg=191
[M::hk_bmap_gen] generated 5266 beads
[M::hk_bmap_gen] 194657 bin pairs
[M::blind-gpu] prepared pair buffers: n_diploid=5266 n_pairs=199779 n_block_keys=389462 n_steps=100
[I::fdg-gpu] blocklist CSR ready: edges=389462 avg_deg=73.96 max_deg=191
[M::hk_bmap_gen] generated 5266 beads
[M::hk_bmap_gen] 194672 bin pairs
[M::blind-gpu] prepared pair buffers: n_diploid=5266 n_pairs=199782 n_block_keys=389466 n_steps=100
[I::fdg-gpu] blocklist CSR ready: edges=389466 avg_deg=73.96 max_deg=191
[M::hk_bmap_gen] generated 5266 beads
[M::hk_bmap_gen] 194628 bin pairs
[M::blind-gpu] prepared pair buffers: n_diploid=5266 n_pairs=199738 n_block_keys=389376 n_steps=100
[I::fdg-gpu] blocklist CSR ready: edges=389376 avg_deg=73.94 max_deg=191
[M::hk_bmap_gen] generated 5266 beads
[M::hk_bmap_gen] 194646 bin pairs
[M::blind-gpu] prepared pair buffers: n_diploid=5266 n_pairs=199746 n_block_keys=389392 n_steps=100
[I::fdg-gpu] blocklist CSR ready: edges=389392 avg_deg=73.94 max_deg=191
[M::hk_bmap_gen] generated 5266 beads
[M::hk_bmap_gen] 194622 bin pairs
[M::blind-gpu] prepared pair buffers: n_diploid=5266 n_pairs=199738 n_block_keys=389376 n_steps=100
[I::fdg-gpu] blocklist CSR ready: edges=389376 avg_deg=73.94 max_deg=188
[M::hk_bmap_gen] generated 5266 beads
[M::hk_bmap_gen] 194614 bin pairs
[M::blind-gpu] prepared pair buffers: n_diploid=5266 n_pairs=199727 n_block_keys=389356 n_steps=100
[I::fdg-gpu] blocklist CSR ready: edges=389356 avg_deg=73.94 max_deg=186
[M::hk_bmap_gen] generated 5266 beads
[M::hk_bmap_gen] 194633 bin pairs
[M::blind-gpu] prepared pair buffers: n_diploid=5266 n_pairs=199752 n_block_keys=389404 n_steps=100
[I::fdg-gpu] blocklist CSR ready: edges=389404 avg_deg=73.95 max_deg=185
[M::hk_bmap_gen] generated 5266 beads
[M::hk_bmap_gen] 194646 bin pairs
[M::blind-gpu] prepared pair buffers: n_diploid=5266 n_pairs=199768 n_block_keys=389438 n_steps=100
[I::fdg-gpu] blocklist CSR ready: edges=389438 avg_deg=73.95 max_deg=184
[M::hk_bmap_gen] generated 5266 beads
[M::hk_bmap_gen] 194596 bin pairs
[M::blind-gpu] prepared pair buffers: n_diploid=5266 n_pairs=199699 n_block_keys=389302 n_steps=100
[I::fdg-gpu] blocklist CSR ready: edges=389302 avg_deg=73.93 max_deg=184
[M::hk_bmap_gen] generated 5266 beads
[M::hk_bmap_gen] 194512 bin pairs
[M::blind-gpu] prepared pair buffers: n_diploid=5266 n_pairs=199623 n_block_keys=389154 n_steps=100
[I::fdg-gpu] blocklist CSR ready: edges=389154 avg_deg=73.90 max_deg=184
[M::hk_bmap_gen] generated 5266 beads
[M::hk_bmap_gen] 194379 bin pairs
[M::blind-gpu] prepared pair buffers: n_diploid=5266 n_pairs=199499 n_block_keys=388902 n_steps=100
[I::fdg-gpu] blocklist CSR ready: edges=388902 avg_deg=73.85 max_deg=184
[M::hk_bmap_gen] generated 5266 beads
[M::hk_bmap_gen] 194327 bin pairs
[M::blind-gpu] prepared pair buffers: n_diploid=5266 n_pairs=199441 n_block_keys=388788 n_steps=100
[I::fdg-gpu] blocklist CSR ready: edges=388788 avg_deg=73.83 max_deg=184
[M::hk_bmap_gen] generated 5266 beads
[M::hk_bmap_gen] 194345 bin pairs
[M::blind-gpu] prepared pair buffers: n_diploid=5266 n_pairs=199470 n_block_keys=388846 n_steps=100
[I::fdg-gpu] blocklist CSR ready: edges=388846 avg_deg=73.84 max_deg=184
[M::hk_bmap_gen] generated 5266 beads
[M::hk_bmap_gen] 194311 bin pairs
[M::blind-gpu] prepared pair buffers: n_diploid=5266 n_pairs=199435 n_block_keys=388776 n_steps=100
[I::fdg-gpu] blocklist CSR ready: edges=388776 avg_deg=73.83 max_deg=185
[M::hk_bmap_gen] generated 5266 beads
[M::hk_bmap_gen] 194320 bin pairs
[M::blind-gpu] prepared pair buffers: n_diploid=5266 n_pairs=199451 n_block_keys=388808 n_steps=100
[I::fdg-gpu] blocklist CSR ready: edges=388808 avg_deg=73.83 max_deg=185
[M::hk_bmap_gen] generated 5266 beads
[M::hk_bmap_gen] 194303 bin pairs
[M::blind-gpu] prepared pair buffers: n_diploid=5266 n_pairs=199427 n_block_keys=388760 n_steps=100
[I::fdg-gpu] blocklist CSR ready: edges=388760 avg_deg=73.82 max_deg=184
[M::hk_bmap_gen] generated 5266 beads
[M::hk_bmap_gen] 194270 bin pairs
[M::blind-gpu] prepared pair buffers: n_diploid=5266 n_pairs=199402 n_block_keys=388712 n_steps=100
[I::fdg-gpu] blocklist CSR ready: edges=388712 avg_deg=73.82 max_deg=184
[M::hk_bmap_gen] generated 5266 beads
[M::hk_bmap_gen] 194247 bin pairs
[M::blind-gpu] prepared pair buffers: n_diploid=5266 n_pairs=199377 n_block_keys=388662 n_steps=100
[I::fdg-gpu] blocklist CSR ready: edges=388662 avg_deg=73.81 max_deg=184
[M::hk_bmap_gen] generated 5266 beads
[M::hk_bmap_gen] 194286 bin pairs
[M::blind-gpu] prepared pair buffers: n_diploid=5266 n_pairs=199406 n_block_keys=388720 n_steps=100
[I::fdg-gpu] blocklist CSR ready: edges=388720 avg_deg=73.82 max_deg=185
[M::hk_bmap_gen] generated 5266 beads
[M::hk_bmap_gen] 194286 bin pairs
[M::blind-gpu] prepared pair buffers: n_diploid=5266 n_pairs=199400 n_block_keys=388708 n_steps=100
[I::fdg-gpu] blocklist CSR ready: edges=388708 avg_deg=73.81 max_deg=185
[M::hk_bmap_gen] generated 5266 beads
[M::hk_bmap_gen] 194314 bin pairs
[M::blind-gpu] prepared pair buffers: n_diploid=5266 n_pairs=199431 n_block_keys=388768 n_steps=100
[I::fdg-gpu] blocklist CSR ready: edges=388768 avg_deg=73.83 max_deg=185
[M::hk_bmap_gen] generated 5266 beads
[M::hk_bmap_gen] 194199 bin pairs
[M::blind-gpu] prepared pair buffers: n_diploid=5266 n_pairs=199318 n_block_keys=388538 n_steps=100
[I::fdg-gpu] blocklist CSR ready: edges=388538 avg_deg=73.78 max_deg=185
[M::hk_bmap_gen] generated 5266 beads
[M::hk_bmap_gen] 194167 bin pairs
[M::blind-gpu] prepared pair buffers: n_diploid=5266 n_pairs=199286 n_block_keys=388472 n_steps=100
[I::fdg-gpu] blocklist CSR ready: edges=388472 avg_deg=73.77 max_deg=185
[M::hk_bmap_gen] generated 5266 beads
[M::hk_bmap_gen] 194116 bin pairs
[M::blind-gpu] prepared pair buffers: n_diploid=5266 n_pairs=199237 n_block_keys=388376 n_steps=100
[I::fdg-gpu] blocklist CSR ready: edges=388376 avg_deg=73.75 max_deg=184
[M::hk_bmap_gen] generated 5266 beads
[M::hk_bmap_gen] 194081 bin pairs
[M::blind-gpu] prepared pair buffers: n_diploid=5266 n_pairs=199204 n_block_keys=388308 n_steps=100
[I::fdg-gpu] blocklist CSR ready: edges=388308 avg_deg=73.74 max_deg=184
[M::hk_bmap_gen] generated 5266 beads
[M::hk_bmap_gen] 193987 bin pairs
[M::blind-gpu] prepared pair buffers: n_diploid=5266 n_pairs=199117 n_block_keys=388132 n_steps=100
[I::fdg-gpu] blocklist CSR ready: edges=388132 avg_deg=73.71 max_deg=183
[M::hk_bmap_gen] generated 5266 beads
[M::hk_bmap_gen] 193993 bin pairs
[M::blind-gpu] prepared pair buffers: n_diploid=5266 n_pairs=199121 n_block_keys=388136 n_steps=100
[I::fdg-gpu] blocklist CSR ready: edges=388136 avg_deg=73.71 max_deg=183
[M::hk_bmap_gen] generated 5266 beads
[M::hk_bmap_gen] 193957 bin pairs
[M::blind-gpu] prepared pair buffers: n_diploid=5266 n_pairs=199082 n_block_keys=388056 n_steps=100
[I::fdg-gpu] blocklist CSR ready: edges=388056 avg_deg=73.69 max_deg=183
[M::hk_bmap_gen] generated 5266 beads
[M::hk_bmap_gen] 193937 bin pairs
[M::blind-gpu] prepared pair buffers: n_diploid=5266 n_pairs=199060 n_block_keys=388014 n_steps=100
[I::fdg-gpu] blocklist CSR ready: edges=388014 avg_deg=73.68 max_deg=183
[M::hk_bmap_gen] generated 5266 beads
[M::hk_bmap_gen] 193859 bin pairs
[M::blind-gpu] prepared pair buffers: n_diploid=5266 n_pairs=198988 n_block_keys=387872 n_steps=100
[I::fdg-gpu] blocklist CSR ready: edges=387872 avg_deg=73.66 max_deg=182
[M::hk_bmap_gen] generated 5266 beads
[M::hk_bmap_gen] 193790 bin pairs
[M::blind-gpu] prepared pair buffers: n_diploid=5266 n_pairs=198909 n_block_keys=387714 n_steps=100
[I::fdg-gpu] blocklist CSR ready: edges=387714 avg_deg=73.63 max_deg=181
[M::hk_bmap_gen] generated 5266 beads
[M::hk_bmap_gen] 193754 bin pairs
[M::blind-gpu] prepared pair buffers: n_diploid=5266 n_pairs=198869 n_block_keys=387634 n_steps=100
[I::fdg-gpu] blocklist CSR ready: edges=387634 avg_deg=73.61 max_deg=181
[M::hk_bmap_gen] generated 5266 beads
[M::hk_bmap_gen] 193662 bin pairs
[M::blind-gpu] prepared pair buffers: n_diploid=5266 n_pairs=198780 n_block_keys=387456 n_steps=100
[I::fdg-gpu] blocklist CSR ready: edges=387456 avg_deg=73.58 max_deg=181
[M::hk_bmap_gen] generated 5266 beads
[M::hk_bmap_gen] 193618 bin pairs
[M::blind-gpu] prepared pair buffers: n_diploid=5266 n_pairs=198741 n_block_keys=387378 n_steps=100
[I::fdg-gpu] blocklist CSR ready: edges=387378 avg_deg=73.56 max_deg=181
[M::hk_bmap_gen] generated 5266 beads
[M::hk_bmap_gen] 193577 bin pairs
[M::blind-gpu] prepared pair buffers: n_diploid=5266 n_pairs=198697 n_block_keys=387294 n_steps=100
[I::fdg-gpu] blocklist CSR ready: edges=387294 avg_deg=73.55 max_deg=181
[M::hk_bmap_gen] generated 5266 beads
[M::hk_bmap_gen] 193580 bin pairs
[M::blind-gpu] prepared pair buffers: n_diploid=5266 n_pairs=198695 n_block_keys=387290 n_steps=100
[I::fdg-gpu] blocklist CSR ready: edges=387290 avg_deg=73.55 max_deg=180
[M::hk_bmap_gen] generated 5266 beads
[M::hk_bmap_gen] 193521 bin pairs
[M::blind-gpu] prepared pair buffers: n_diploid=5266 n_pairs=198636 n_block_keys=387172 n_steps=100
[I::fdg-gpu] blocklist CSR ready: edges=387172 avg_deg=73.52 max_deg=180
[M::hk_bmap_gen] generated 5266 beads
[M::hk_bmap_gen] 193526 bin pairs
[M::blind-gpu] prepared pair buffers: n_diploid=5266 n_pairs=198644 n_block_keys=387184 n_steps=100
[I::fdg-gpu] blocklist CSR ready: edges=387184 avg_deg=73.53 max_deg=180
[M::hk_bmap_gen] generated 5266 beads
[M::hk_bmap_gen] 193553 bin pairs
[M::blind-gpu] prepared pair buffers: n_diploid=5266 n_pairs=198677 n_block_keys=387250 n_steps=100
[I::fdg-gpu] blocklist CSR ready: edges=387250 avg_deg=73.54 max_deg=180
minimal P9016[1m]: write outputs to /mnt/ssd/zliu/phase3/test_res/014-20260617_205632-p9016_p1006_dscale_gamma_sep_1m/work_outputs/P1006/p1006_pcgamma0p5_msep1_lsep0p5_ieps0p5_noise0_seed17/p1006_pcgamma0p5_msep1_lsep0p5_ieps0p5_noise0_seed17
[M::hk_bmap_gen] generated 5266 beads
[M::hk_bmap_gen] 193519 bin pairs
minimal P9016[1m]: status=OK final_entropy=0.68358213 final_pU=0.49310029
minimal P9016: summary /mnt/ssd/zliu/phase3/test_res/014-20260617_205632-p9016_p1006_dscale_gamma_sep_1m/work_outputs/P1006/p1006_pcgamma0p5_msep1_lsep0p5_ieps0p5_noise0_seed17/matrix_summary.tsv
