minimal P9016: input=/shared/zliu/CHARM/CHARM_mesc/data/pairs/P1006.pairs.gz output_root=/mnt/ssd/zliu/phase3/test_res/014-20260617_205632-p9016_p1006_dscale_gamma_sep_1m/work_outputs/P1006/p1006_pcgamma0p5_sep_off_ieps0p5_noise0_seed17 config=p1006_pcgamma0p5_sep_off_ieps0p5_noise0_seed17 baseline=softall n_iter=100 relax_steps=100 relax_step=0.012 chain=0 init_mode=unphased_scaffold_split init_eps=0.5 init_noise=0 init_scale=10 init_seed=17 min_sep=0 lambda_sep=0 d_scale_mode=posterior_count d_scale_input=posterior_count d_scale_formula=n_raw*posterior_prob^0.5 d_scale_gamma=0.5 d_scale_eps=1e-06 relax_backend=gpu
minimal P9016: stage 1/1 name=1m bin_size_bp=1000000 parent=0
[M::hk_map_read] read 1961601 pairs
[M::hk_bmap_gen] generated 2633 beads
[M::hk_bmap_gen] 421940 bin pairs
minimal P9016[1m]: build binned contacts
minimal P9016[1m]: init mode=unphased_scaffold_split seed=17 scale=10
[M::hk_fdg] mid_dist:1000000 max_nei:67
[M::hk_fdg1_cpu] iter:10 elapsed:0.30s rep_coef:0.2092 RMS_force:316.5101 n_rep:44.0065 energy:25.2004,6.7330,0.0049 dist:5.6286,6.7187,1.4496
[M::hk_fdg1_cpu] iter:20 elapsed:0.73s rep_coef:0.6615 RMS_force:289.5976 n_rep:158.5739 energy:7.5053,3.4220,0.0175 dist:3.3627,4.3015,1.4061
[M::hk_fdg1_cpu] iter:30 elapsed:1.61s rep_coef:0.9352 RMS_force:193.0783 n_rep:598.7083 energy:1.8023,1.0920,0.0338 dist:1.9819,2.3697,1.2737
[M::hk_fdg1_cpu] iter:40 elapsed:2.90s rep_coef:0.9907 RMS_force:101.2589 n_rep:838.7482 energy:0.5259,0.4091,0.0350 dist:1.4172,1.7338,1.2757
[M::hk_fdg1_cpu] iter:50 elapsed:4.24s rep_coef:0.9987 RMS_force:90.2029 n_rep:805.2115 energy:0.2106,0.3295,0.0318 dist:1.1198,1.6819,1.3240
minimal P9016[1m]: run softall, n_iter=100 relax_steps=100 relax_step=0.012 relax_backend=gpu
[M::hk_bmap_gen] generated 5266 beads
[M::hk_bmap_gen] 255329 bin pairs
[M::blind-gpu] prepared pair buffers: n_diploid=5266 n_pairs=260492 n_block_keys=510868 n_steps=100
[I::fdg-gpu] blocklist CSR ready: edges=510868 avg_deg=97.01 max_deg=215
[M::hk_bmap_gen] generated 5266 beads
[M::hk_bmap_gen] 250929 bin pairs
[M::blind-gpu] prepared pair buffers: n_diploid=5266 n_pairs=256046 n_block_keys=501972 n_steps=100
[I::fdg-gpu] blocklist CSR ready: edges=501972 avg_deg=95.32 max_deg=199
[M::hk_bmap_gen] generated 5266 beads
[M::hk_bmap_gen] 238324 bin pairs
[M::blind-gpu] prepared pair buffers: n_diploid=5266 n_pairs=243415 n_block_keys=476712 n_steps=100
[I::fdg-gpu] blocklist CSR ready: edges=476712 avg_deg=90.53 max_deg=188
[M::hk_bmap_gen] generated 5266 beads
[M::hk_bmap_gen] 230923 bin pairs
[M::blind-gpu] prepared pair buffers: n_diploid=5266 n_pairs=235971 n_block_keys=461826 n_steps=100
[I::fdg-gpu] blocklist CSR ready: edges=461826 avg_deg=87.70 max_deg=184
[M::hk_bmap_gen] generated 5266 beads
[M::hk_bmap_gen] 225561 bin pairs
[M::blind-gpu] prepared pair buffers: n_diploid=5266 n_pairs=230616 n_block_keys=451122 n_steps=100
[I::fdg-gpu] blocklist CSR ready: edges=451122 avg_deg=85.67 max_deg=180
[M::hk_bmap_gen] generated 5266 beads
[M::hk_bmap_gen] 221208 bin pairs
[M::blind-gpu] prepared pair buffers: n_diploid=5266 n_pairs=226267 n_block_keys=442422 n_steps=100
[I::fdg-gpu] blocklist CSR ready: edges=442422 avg_deg=84.01 max_deg=185
[M::hk_bmap_gen] generated 5266 beads
[M::hk_bmap_gen] 217446 bin pairs
[M::blind-gpu] prepared pair buffers: n_diploid=5266 n_pairs=222497 n_block_keys=434880 n_steps=100
[I::fdg-gpu] blocklist CSR ready: edges=434880 avg_deg=82.58 max_deg=189
[M::hk_bmap_gen] generated 5266 beads
[M::hk_bmap_gen] 214114 bin pairs
[M::blind-gpu] prepared pair buffers: n_diploid=5266 n_pairs=219173 n_block_keys=428230 n_steps=100
[I::fdg-gpu] blocklist CSR ready: edges=428230 avg_deg=81.32 max_deg=185
[M::hk_bmap_gen] generated 5266 beads
[M::hk_bmap_gen] 211620 bin pairs
[M::blind-gpu] prepared pair buffers: n_diploid=5266 n_pairs=216717 n_block_keys=423318 n_steps=100
[I::fdg-gpu] blocklist CSR ready: edges=423318 avg_deg=80.39 max_deg=179
[M::hk_bmap_gen] generated 5266 beads
[M::hk_bmap_gen] 209681 bin pairs
[M::blind-gpu] prepared pair buffers: n_diploid=5266 n_pairs=214782 n_block_keys=419448 n_steps=100
[I::fdg-gpu] blocklist CSR ready: edges=419448 avg_deg=79.65 max_deg=177
[M::hk_bmap_gen] generated 5266 beads
[M::hk_bmap_gen] 208223 bin pairs
[M::blind-gpu] prepared pair buffers: n_diploid=5266 n_pairs=213343 n_block_keys=416570 n_steps=100
[I::fdg-gpu] blocklist CSR ready: edges=416570 avg_deg=79.11 max_deg=181
[M::hk_bmap_gen] generated 5266 beads
[M::hk_bmap_gen] 206727 bin pairs
[M::blind-gpu] prepared pair buffers: n_diploid=5266 n_pairs=211840 n_block_keys=413562 n_steps=100
[I::fdg-gpu] blocklist CSR ready: edges=413562 avg_deg=78.53 max_deg=183
[M::hk_bmap_gen] generated 5266 beads
[M::hk_bmap_gen] 205502 bin pairs
[M::blind-gpu] prepared pair buffers: n_diploid=5266 n_pairs=210599 n_block_keys=411078 n_steps=100
[I::fdg-gpu] blocklist CSR ready: edges=411078 avg_deg=78.06 max_deg=178
[M::hk_bmap_gen] generated 5266 beads
[M::hk_bmap_gen] 204375 bin pairs
[M::blind-gpu] prepared pair buffers: n_diploid=5266 n_pairs=209484 n_block_keys=408856 n_steps=100
[I::fdg-gpu] blocklist CSR ready: edges=408856 avg_deg=77.64 max_deg=177
[M::hk_bmap_gen] generated 5266 beads
[M::hk_bmap_gen] 203532 bin pairs
[M::blind-gpu] prepared pair buffers: n_diploid=5266 n_pairs=208659 n_block_keys=407208 n_steps=100
[I::fdg-gpu] blocklist CSR ready: edges=407208 avg_deg=77.33 max_deg=178
[M::hk_bmap_gen] generated 5266 beads
[M::hk_bmap_gen] 202570 bin pairs
[M::blind-gpu] prepared pair buffers: n_diploid=5266 n_pairs=207667 n_block_keys=405222 n_steps=100
[I::fdg-gpu] blocklist CSR ready: edges=405222 avg_deg=76.95 max_deg=181
[M::hk_bmap_gen] generated 5266 beads
[M::hk_bmap_gen] 201817 bin pairs
[M::blind-gpu] prepared pair buffers: n_diploid=5266 n_pairs=206908 n_block_keys=403704 n_steps=100
[I::fdg-gpu] blocklist CSR ready: edges=403704 avg_deg=76.66 max_deg=181
[M::hk_bmap_gen] generated 5266 beads
[M::hk_bmap_gen] 201115 bin pairs
[M::blind-gpu] prepared pair buffers: n_diploid=5266 n_pairs=206203 n_block_keys=402294 n_steps=100
[I::fdg-gpu] blocklist CSR ready: edges=402294 avg_deg=76.39 max_deg=179
[M::hk_bmap_gen] generated 5266 beads
[M::hk_bmap_gen] 200454 bin pairs
[M::blind-gpu] prepared pair buffers: n_diploid=5266 n_pairs=205544 n_block_keys=400978 n_steps=100
[I::fdg-gpu] blocklist CSR ready: edges=400978 avg_deg=76.14 max_deg=180
[M::hk_bmap_gen] generated 5266 beads
[M::hk_bmap_gen] 199828 bin pairs
[M::blind-gpu] prepared pair buffers: n_diploid=5266 n_pairs=204921 n_block_keys=399738 n_steps=100
[I::fdg-gpu] blocklist CSR ready: edges=399738 avg_deg=75.91 max_deg=180
[M::hk_bmap_gen] generated 5266 beads
[M::hk_bmap_gen] 199220 bin pairs
[M::blind-gpu] prepared pair buffers: n_diploid=5266 n_pairs=204315 n_block_keys=398522 n_steps=100
[I::fdg-gpu] blocklist CSR ready: edges=398522 avg_deg=75.68 max_deg=178
[M::hk_bmap_gen] generated 5266 beads
[M::hk_bmap_gen] 198796 bin pairs
[M::blind-gpu] prepared pair buffers: n_diploid=5266 n_pairs=203893 n_block_keys=397680 n_steps=100
[I::fdg-gpu] blocklist CSR ready: edges=397680 avg_deg=75.52 max_deg=178
[M::hk_bmap_gen] generated 5266 beads
[M::hk_bmap_gen] 198636 bin pairs
[M::blind-gpu] prepared pair buffers: n_diploid=5266 n_pairs=203733 n_block_keys=397360 n_steps=100
[I::fdg-gpu] blocklist CSR ready: edges=397360 avg_deg=75.46 max_deg=178
[M::hk_bmap_gen] generated 5266 beads
[M::hk_bmap_gen] 198447 bin pairs
[M::blind-gpu] prepared pair buffers: n_diploid=5266 n_pairs=203539 n_block_keys=396980 n_steps=100
[I::fdg-gpu] blocklist CSR ready: edges=396980 avg_deg=75.39 max_deg=181
[M::hk_bmap_gen] generated 5266 beads
[M::hk_bmap_gen] 198198 bin pairs
[M::blind-gpu] prepared pair buffers: n_diploid=5266 n_pairs=203299 n_block_keys=396496 n_steps=100
[I::fdg-gpu] blocklist CSR ready: edges=396496 avg_deg=75.29 max_deg=185
[M::hk_bmap_gen] generated 5266 beads
[M::hk_bmap_gen] 197750 bin pairs
[M::blind-gpu] prepared pair buffers: n_diploid=5266 n_pairs=202855 n_block_keys=395614 n_steps=100
[I::fdg-gpu] blocklist CSR ready: edges=395614 avg_deg=75.13 max_deg=187
[M::hk_bmap_gen] generated 5266 beads
[M::hk_bmap_gen] 197357 bin pairs
[M::blind-gpu] prepared pair buffers: n_diploid=5266 n_pairs=202448 n_block_keys=394794 n_steps=100
[I::fdg-gpu] blocklist CSR ready: edges=394794 avg_deg=74.97 max_deg=188
[M::hk_bmap_gen] generated 5266 beads
[M::hk_bmap_gen] 197229 bin pairs
[M::blind-gpu] prepared pair buffers: n_diploid=5266 n_pairs=202330 n_block_keys=394558 n_steps=100
[I::fdg-gpu] blocklist CSR ready: edges=394558 avg_deg=74.93 max_deg=188
[M::hk_bmap_gen] generated 5266 beads
[M::hk_bmap_gen] 197061 bin pairs
[M::blind-gpu] prepared pair buffers: n_diploid=5266 n_pairs=202167 n_block_keys=394236 n_steps=100
[I::fdg-gpu] blocklist CSR ready: edges=394236 avg_deg=74.86 max_deg=188
[M::hk_bmap_gen] generated 5266 beads
[M::hk_bmap_gen] 196974 bin pairs
[M::blind-gpu] prepared pair buffers: n_diploid=5266 n_pairs=202084 n_block_keys=394074 n_steps=100
[I::fdg-gpu] blocklist CSR ready: edges=394074 avg_deg=74.83 max_deg=187
[M::hk_bmap_gen] generated 5266 beads
[M::hk_bmap_gen] 196639 bin pairs
[M::blind-gpu] prepared pair buffers: n_diploid=5266 n_pairs=201748 n_block_keys=393402 n_steps=100
[I::fdg-gpu] blocklist CSR ready: edges=393402 avg_deg=74.71 max_deg=187
[M::hk_bmap_gen] generated 5266 beads
[M::hk_bmap_gen] 196372 bin pairs
[M::blind-gpu] prepared pair buffers: n_diploid=5266 n_pairs=201473 n_block_keys=392850 n_steps=100
[I::fdg-gpu] blocklist CSR ready: edges=392850 avg_deg=74.60 max_deg=187
[M::hk_bmap_gen] generated 5266 beads
[M::hk_bmap_gen] 196132 bin pairs
[M::blind-gpu] prepared pair buffers: n_diploid=5266 n_pairs=201220 n_block_keys=392344 n_steps=100
[I::fdg-gpu] blocklist CSR ready: edges=392344 avg_deg=74.51 max_deg=187
[M::hk_bmap_gen] generated 5266 beads
[M::hk_bmap_gen] 196110 bin pairs
[M::blind-gpu] prepared pair buffers: n_diploid=5266 n_pairs=201203 n_block_keys=392314 n_steps=100
[I::fdg-gpu] blocklist CSR ready: edges=392314 avg_deg=74.50 max_deg=188
[M::hk_bmap_gen] generated 5266 beads
[M::hk_bmap_gen] 196056 bin pairs
[M::blind-gpu] prepared pair buffers: n_diploid=5266 n_pairs=201142 n_block_keys=392192 n_steps=100
[I::fdg-gpu] blocklist CSR ready: edges=392192 avg_deg=74.48 max_deg=188
[M::hk_bmap_gen] generated 5266 beads
[M::hk_bmap_gen] 195907 bin pairs
[M::blind-gpu] prepared pair buffers: n_diploid=5266 n_pairs=201007 n_block_keys=391922 n_steps=100
[I::fdg-gpu] blocklist CSR ready: edges=391922 avg_deg=74.42 max_deg=188
[M::hk_bmap_gen] generated 5266 beads
[M::hk_bmap_gen] 195893 bin pairs
[M::blind-gpu] prepared pair buffers: n_diploid=5266 n_pairs=200984 n_block_keys=391876 n_steps=100
[I::fdg-gpu] blocklist CSR ready: edges=391876 avg_deg=74.42 max_deg=188
[M::hk_bmap_gen] generated 5266 beads
[M::hk_bmap_gen] 195828 bin pairs
[M::blind-gpu] prepared pair buffers: n_diploid=5266 n_pairs=200916 n_block_keys=391742 n_steps=100
[I::fdg-gpu] blocklist CSR ready: edges=391742 avg_deg=74.39 max_deg=188
[M::hk_bmap_gen] generated 5266 beads
[M::hk_bmap_gen] 195730 bin pairs
[M::blind-gpu] prepared pair buffers: n_diploid=5266 n_pairs=200821 n_block_keys=391554 n_steps=100
[I::fdg-gpu] blocklist CSR ready: edges=391554 avg_deg=74.36 max_deg=188
[M::hk_bmap_gen] generated 5266 beads
[M::hk_bmap_gen] 195750 bin pairs
[M::blind-gpu] prepared pair buffers: n_diploid=5266 n_pairs=200840 n_block_keys=391588 n_steps=100
[I::fdg-gpu] blocklist CSR ready: edges=391588 avg_deg=74.36 max_deg=188
[M::hk_bmap_gen] generated 5266 beads
[M::hk_bmap_gen] 195615 bin pairs
[M::blind-gpu] prepared pair buffers: n_diploid=5266 n_pairs=200709 n_block_keys=391326 n_steps=100
[I::fdg-gpu] blocklist CSR ready: edges=391326 avg_deg=74.31 max_deg=188
[M::hk_bmap_gen] generated 5266 beads
[M::hk_bmap_gen] 195535 bin pairs
[M::blind-gpu] prepared pair buffers: n_diploid=5266 n_pairs=200628 n_block_keys=391164 n_steps=100
[I::fdg-gpu] blocklist CSR ready: edges=391164 avg_deg=74.28 max_deg=186
[M::hk_bmap_gen] generated 5266 beads
[M::hk_bmap_gen] 195540 bin pairs
[M::blind-gpu] prepared pair buffers: n_diploid=5266 n_pairs=200624 n_block_keys=391156 n_steps=100
[I::fdg-gpu] blocklist CSR ready: edges=391156 avg_deg=74.28 max_deg=186
[M::hk_bmap_gen] generated 5266 beads
[M::hk_bmap_gen] 195558 bin pairs
[M::blind-gpu] prepared pair buffers: n_diploid=5266 n_pairs=200652 n_block_keys=391208 n_steps=100
[I::fdg-gpu] blocklist CSR ready: edges=391208 avg_deg=74.29 max_deg=186
[M::hk_bmap_gen] generated 5266 beads
[M::hk_bmap_gen] 195563 bin pairs
[M::blind-gpu] prepared pair buffers: n_diploid=5266 n_pairs=200672 n_block_keys=391246 n_steps=100
[I::fdg-gpu] blocklist CSR ready: edges=391246 avg_deg=74.30 max_deg=186
[M::hk_bmap_gen] generated 5266 beads
[M::hk_bmap_gen] 195366 bin pairs
[M::blind-gpu] prepared pair buffers: n_diploid=5266 n_pairs=200474 n_block_keys=390850 n_steps=100
[I::fdg-gpu] blocklist CSR ready: edges=390850 avg_deg=74.22 max_deg=186
[M::hk_bmap_gen] generated 5266 beads
[M::hk_bmap_gen] 195217 bin pairs
[M::blind-gpu] prepared pair buffers: n_diploid=5266 n_pairs=200321 n_block_keys=390546 n_steps=100
[I::fdg-gpu] blocklist CSR ready: edges=390546 avg_deg=74.16 max_deg=186
[M::hk_bmap_gen] generated 5266 beads
[M::hk_bmap_gen] 195228 bin pairs
[M::blind-gpu] prepared pair buffers: n_diploid=5266 n_pairs=200331 n_block_keys=390564 n_steps=100
[I::fdg-gpu] blocklist CSR ready: edges=390564 avg_deg=74.17 max_deg=187
[M::hk_bmap_gen] generated 5266 beads
[M::hk_bmap_gen] 195139 bin pairs
[M::blind-gpu] prepared pair buffers: n_diploid=5266 n_pairs=200251 n_block_keys=390404 n_steps=100
[I::fdg-gpu] blocklist CSR ready: edges=390404 avg_deg=74.14 max_deg=186
[M::hk_bmap_gen] generated 5266 beads
[M::hk_bmap_gen] 195041 bin pairs
[M::blind-gpu] prepared pair buffers: n_diploid=5266 n_pairs=200158 n_block_keys=390218 n_steps=100
[I::fdg-gpu] blocklist CSR ready: edges=390218 avg_deg=74.10 max_deg=186
[M::hk_bmap_gen] generated 5266 beads
[M::hk_bmap_gen] 194951 bin pairs
[M::blind-gpu] prepared pair buffers: n_diploid=5266 n_pairs=200069 n_block_keys=390044 n_steps=100
[I::fdg-gpu] blocklist CSR ready: edges=390044 avg_deg=74.07 max_deg=185
[M::hk_bmap_gen] generated 5266 beads
[M::hk_bmap_gen] 194971 bin pairs
[M::blind-gpu] prepared pair buffers: n_diploid=5266 n_pairs=200085 n_block_keys=390074 n_steps=100
[I::fdg-gpu] blocklist CSR ready: edges=390074 avg_deg=74.07 max_deg=184
[M::hk_bmap_gen] generated 5266 beads
[M::hk_bmap_gen] 195002 bin pairs
[M::blind-gpu] prepared pair buffers: n_diploid=5266 n_pairs=200118 n_block_keys=390140 n_steps=100
[I::fdg-gpu] blocklist CSR ready: edges=390140 avg_deg=74.09 max_deg=184
[M::hk_bmap_gen] generated 5266 beads
[M::hk_bmap_gen] 194911 bin pairs
[M::blind-gpu] prepared pair buffers: n_diploid=5266 n_pairs=200029 n_block_keys=389964 n_steps=100
[I::fdg-gpu] blocklist CSR ready: edges=389964 avg_deg=74.05 max_deg=184
[M::hk_bmap_gen] generated 5266 beads
[M::hk_bmap_gen] 194922 bin pairs
[M::blind-gpu] prepared pair buffers: n_diploid=5266 n_pairs=200032 n_block_keys=389972 n_steps=100
[I::fdg-gpu] blocklist CSR ready: edges=389972 avg_deg=74.05 max_deg=185
[M::hk_bmap_gen] generated 5266 beads
[M::hk_bmap_gen] 194940 bin pairs
[M::blind-gpu] prepared pair buffers: n_diploid=5266 n_pairs=200041 n_block_keys=389994 n_steps=100
[I::fdg-gpu] blocklist CSR ready: edges=389994 avg_deg=74.06 max_deg=185
[M::hk_bmap_gen] generated 5266 beads
[M::hk_bmap_gen] 194936 bin pairs
[M::blind-gpu] prepared pair buffers: n_diploid=5266 n_pairs=200046 n_block_keys=389998 n_steps=100
[I::fdg-gpu] blocklist CSR ready: edges=389998 avg_deg=74.06 max_deg=185
[M::hk_bmap_gen] generated 5266 beads
[M::hk_bmap_gen] 194924 bin pairs
[M::blind-gpu] prepared pair buffers: n_diploid=5266 n_pairs=200025 n_block_keys=389960 n_steps=100
[I::fdg-gpu] blocklist CSR ready: edges=389960 avg_deg=74.05 max_deg=185
[M::hk_bmap_gen] generated 5266 beads
[M::hk_bmap_gen] 194952 bin pairs
[M::blind-gpu] prepared pair buffers: n_diploid=5266 n_pairs=200068 n_block_keys=390052 n_steps=100
[I::fdg-gpu] blocklist CSR ready: edges=390052 avg_deg=74.07 max_deg=186
[M::hk_bmap_gen] generated 5266 beads
[M::hk_bmap_gen] 194885 bin pairs
[M::blind-gpu] prepared pair buffers: n_diploid=5266 n_pairs=200007 n_block_keys=389932 n_steps=100
[I::fdg-gpu] blocklist CSR ready: edges=389932 avg_deg=74.05 max_deg=186
[M::hk_bmap_gen] generated 5266 beads
[M::hk_bmap_gen] 194830 bin pairs
[M::blind-gpu] prepared pair buffers: n_diploid=5266 n_pairs=199951 n_block_keys=389814 n_steps=100
[I::fdg-gpu] blocklist CSR ready: edges=389814 avg_deg=74.02 max_deg=186
[M::hk_bmap_gen] generated 5266 beads
[M::hk_bmap_gen] 194789 bin pairs
[M::blind-gpu] prepared pair buffers: n_diploid=5266 n_pairs=199918 n_block_keys=389740 n_steps=100
[I::fdg-gpu] blocklist CSR ready: edges=389740 avg_deg=74.01 max_deg=184
[M::hk_bmap_gen] generated 5266 beads
[M::hk_bmap_gen] 194703 bin pairs
[M::blind-gpu] prepared pair buffers: n_diploid=5266 n_pairs=199818 n_block_keys=389542 n_steps=100
[I::fdg-gpu] blocklist CSR ready: edges=389542 avg_deg=73.97 max_deg=185
[M::hk_bmap_gen] generated 5266 beads
[M::hk_bmap_gen] 194612 bin pairs
[M::blind-gpu] prepared pair buffers: n_diploid=5266 n_pairs=199727 n_block_keys=389358 n_steps=100
[I::fdg-gpu] blocklist CSR ready: edges=389358 avg_deg=73.94 max_deg=185
[M::hk_bmap_gen] generated 5266 beads
[M::hk_bmap_gen] 194590 bin pairs
[M::blind-gpu] prepared pair buffers: n_diploid=5266 n_pairs=199705 n_block_keys=389320 n_steps=100
[I::fdg-gpu] blocklist CSR ready: edges=389320 avg_deg=73.93 max_deg=185
[M::hk_bmap_gen] generated 5266 beads
[M::hk_bmap_gen] 194620 bin pairs
[M::blind-gpu] prepared pair buffers: n_diploid=5266 n_pairs=199737 n_block_keys=389382 n_steps=100
[I::fdg-gpu] blocklist CSR ready: edges=389382 avg_deg=73.94 max_deg=185
[M::hk_bmap_gen] generated 5266 beads
[M::hk_bmap_gen] 194617 bin pairs
[M::blind-gpu] prepared pair buffers: n_diploid=5266 n_pairs=199734 n_block_keys=389376 n_steps=100
[I::fdg-gpu] blocklist CSR ready: edges=389376 avg_deg=73.94 max_deg=184
[M::hk_bmap_gen] generated 5266 beads
[M::hk_bmap_gen] 194624 bin pairs
[M::blind-gpu] prepared pair buffers: n_diploid=5266 n_pairs=199738 n_block_keys=389380 n_steps=100
[I::fdg-gpu] blocklist CSR ready: edges=389380 avg_deg=73.94 max_deg=184
[M::hk_bmap_gen] generated 5266 beads
[M::hk_bmap_gen] 194628 bin pairs
[M::blind-gpu] prepared pair buffers: n_diploid=5266 n_pairs=199741 n_block_keys=389388 n_steps=100
[I::fdg-gpu] blocklist CSR ready: edges=389388 avg_deg=73.94 max_deg=184
[M::hk_bmap_gen] generated 5266 beads
[M::hk_bmap_gen] 194614 bin pairs
[M::blind-gpu] prepared pair buffers: n_diploid=5266 n_pairs=199740 n_block_keys=389386 n_steps=100
[I::fdg-gpu] blocklist CSR ready: edges=389386 avg_deg=73.94 max_deg=184
[M::hk_bmap_gen] generated 5266 beads
[M::hk_bmap_gen] 194503 bin pairs
[M::blind-gpu] prepared pair buffers: n_diploid=5266 n_pairs=199626 n_block_keys=389160 n_steps=100
[I::fdg-gpu] blocklist CSR ready: edges=389160 avg_deg=73.90 max_deg=184
[M::hk_bmap_gen] generated 5266 beads
[M::hk_bmap_gen] 194511 bin pairs
[M::blind-gpu] prepared pair buffers: n_diploid=5266 n_pairs=199641 n_block_keys=389192 n_steps=100
[I::fdg-gpu] blocklist CSR ready: edges=389192 avg_deg=73.91 max_deg=184
[M::hk_bmap_gen] generated 5266 beads
[M::hk_bmap_gen] 194510 bin pairs
[M::blind-gpu] prepared pair buffers: n_diploid=5266 n_pairs=199641 n_block_keys=389190 n_steps=100
[I::fdg-gpu] blocklist CSR ready: edges=389190 avg_deg=73.91 max_deg=184
[M::hk_bmap_gen] generated 5266 beads
[M::hk_bmap_gen] 194431 bin pairs
[M::blind-gpu] prepared pair buffers: n_diploid=5266 n_pairs=199563 n_block_keys=389034 n_steps=100
[I::fdg-gpu] blocklist CSR ready: edges=389034 avg_deg=73.88 max_deg=184
[M::hk_bmap_gen] generated 5266 beads
[M::hk_bmap_gen] 194351 bin pairs
[M::blind-gpu] prepared pair buffers: n_diploid=5266 n_pairs=199474 n_block_keys=388860 n_steps=100
[I::fdg-gpu] blocklist CSR ready: edges=388860 avg_deg=73.84 max_deg=184
[M::hk_bmap_gen] generated 5266 beads
[M::hk_bmap_gen] 194158 bin pairs
[M::blind-gpu] prepared pair buffers: n_diploid=5266 n_pairs=199288 n_block_keys=388492 n_steps=100
[I::fdg-gpu] blocklist CSR ready: edges=388492 avg_deg=73.77 max_deg=185
[M::hk_bmap_gen] generated 5266 beads
[M::hk_bmap_gen] 194142 bin pairs
[M::blind-gpu] prepared pair buffers: n_diploid=5266 n_pairs=199264 n_block_keys=388446 n_steps=100
[I::fdg-gpu] blocklist CSR ready: edges=388446 avg_deg=73.76 max_deg=186
[M::hk_bmap_gen] generated 5266 beads
[M::hk_bmap_gen] 194113 bin pairs
[M::blind-gpu] prepared pair buffers: n_diploid=5266 n_pairs=199241 n_block_keys=388402 n_steps=100
[I::fdg-gpu] blocklist CSR ready: edges=388402 avg_deg=73.76 max_deg=184
[M::hk_bmap_gen] generated 5266 beads
[M::hk_bmap_gen] 194095 bin pairs
[M::blind-gpu] prepared pair buffers: n_diploid=5266 n_pairs=199220 n_block_keys=388360 n_steps=100
[I::fdg-gpu] blocklist CSR ready: edges=388360 avg_deg=73.75 max_deg=184
[M::hk_bmap_gen] generated 5266 beads
[M::hk_bmap_gen] 194119 bin pairs
[M::blind-gpu] prepared pair buffers: n_diploid=5266 n_pairs=199235 n_block_keys=388384 n_steps=100
[I::fdg-gpu] blocklist CSR ready: edges=388384 avg_deg=73.75 max_deg=184
[M::hk_bmap_gen] generated 5266 beads
[M::hk_bmap_gen] 194053 bin pairs
[M::blind-gpu] prepared pair buffers: n_diploid=5266 n_pairs=199172 n_block_keys=388258 n_steps=100
[I::fdg-gpu] blocklist CSR ready: edges=388258 avg_deg=73.73 max_deg=185
[M::hk_bmap_gen] generated 5266 beads
[M::hk_bmap_gen] 194015 bin pairs
[M::blind-gpu] prepared pair buffers: n_diploid=5266 n_pairs=199128 n_block_keys=388168 n_steps=100
[I::fdg-gpu] blocklist CSR ready: edges=388168 avg_deg=73.71 max_deg=184
[M::hk_bmap_gen] generated 5266 beads
[M::hk_bmap_gen] 193969 bin pairs
[M::blind-gpu] prepared pair buffers: n_diploid=5266 n_pairs=199091 n_block_keys=388092 n_steps=100
[I::fdg-gpu] blocklist CSR ready: edges=388092 avg_deg=73.70 max_deg=184
[M::hk_bmap_gen] generated 5266 beads
[M::hk_bmap_gen] 193942 bin pairs
[M::blind-gpu] prepared pair buffers: n_diploid=5266 n_pairs=199061 n_block_keys=388034 n_steps=100
[I::fdg-gpu] blocklist CSR ready: edges=388034 avg_deg=73.69 max_deg=184
[M::hk_bmap_gen] generated 5266 beads
[M::hk_bmap_gen] 193952 bin pairs
[M::blind-gpu] prepared pair buffers: n_diploid=5266 n_pairs=199061 n_block_keys=388034 n_steps=100
[I::fdg-gpu] blocklist CSR ready: edges=388034 avg_deg=73.69 max_deg=184
[M::hk_bmap_gen] generated 5266 beads
[M::hk_bmap_gen] 193923 bin pairs
[M::blind-gpu] prepared pair buffers: n_diploid=5266 n_pairs=199033 n_block_keys=387976 n_steps=100
[I::fdg-gpu] blocklist CSR ready: edges=387976 avg_deg=73.68 max_deg=183
[M::hk_bmap_gen] generated 5266 beads
[M::hk_bmap_gen] 193905 bin pairs
[M::blind-gpu] prepared pair buffers: n_diploid=5266 n_pairs=199019 n_block_keys=387946 n_steps=100
[I::fdg-gpu] blocklist CSR ready: edges=387946 avg_deg=73.67 max_deg=183
[M::hk_bmap_gen] generated 5266 beads
[M::hk_bmap_gen] 193921 bin pairs
[M::blind-gpu] prepared pair buffers: n_diploid=5266 n_pairs=199041 n_block_keys=387990 n_steps=100
[I::fdg-gpu] blocklist CSR ready: edges=387990 avg_deg=73.68 max_deg=183
[M::hk_bmap_gen] generated 5266 beads
[M::hk_bmap_gen] 193959 bin pairs
[M::blind-gpu] prepared pair buffers: n_diploid=5266 n_pairs=199070 n_block_keys=388048 n_steps=100
[I::fdg-gpu] blocklist CSR ready: edges=388048 avg_deg=73.69 max_deg=182
[M::hk_bmap_gen] generated 5266 beads
[M::hk_bmap_gen] 194007 bin pairs
[M::blind-gpu] prepared pair buffers: n_diploid=5266 n_pairs=199121 n_block_keys=388148 n_steps=100
[I::fdg-gpu] blocklist CSR ready: edges=388148 avg_deg=73.71 max_deg=182
[M::hk_bmap_gen] generated 5266 beads
[M::hk_bmap_gen] 194010 bin pairs
[M::blind-gpu] prepared pair buffers: n_diploid=5266 n_pairs=199122 n_block_keys=388148 n_steps=100
[I::fdg-gpu] blocklist CSR ready: edges=388148 avg_deg=73.71 max_deg=182
[M::hk_bmap_gen] generated 5266 beads
[M::hk_bmap_gen] 194005 bin pairs
[M::blind-gpu] prepared pair buffers: n_diploid=5266 n_pairs=199121 n_block_keys=388144 n_steps=100
[I::fdg-gpu] blocklist CSR ready: edges=388144 avg_deg=73.71 max_deg=182
[M::hk_bmap_gen] generated 5266 beads
[M::hk_bmap_gen] 193940 bin pairs
[M::blind-gpu] prepared pair buffers: n_diploid=5266 n_pairs=199060 n_block_keys=388022 n_steps=100
[I::fdg-gpu] blocklist CSR ready: edges=388022 avg_deg=73.68 max_deg=182
[M::hk_bmap_gen] generated 5266 beads
[M::hk_bmap_gen] 193892 bin pairs
[M::blind-gpu] prepared pair buffers: n_diploid=5266 n_pairs=199009 n_block_keys=387920 n_steps=100
[I::fdg-gpu] blocklist CSR ready: edges=387920 avg_deg=73.67 max_deg=182
[M::hk_bmap_gen] generated 5266 beads
[M::hk_bmap_gen] 193835 bin pairs
[M::blind-gpu] prepared pair buffers: n_diploid=5266 n_pairs=198953 n_block_keys=387806 n_steps=100
[I::fdg-gpu] blocklist CSR ready: edges=387806 avg_deg=73.64 max_deg=182
[M::hk_bmap_gen] generated 5266 beads
[M::hk_bmap_gen] 193786 bin pairs
[M::blind-gpu] prepared pair buffers: n_diploid=5266 n_pairs=198912 n_block_keys=387724 n_steps=100
[I::fdg-gpu] blocklist CSR ready: edges=387724 avg_deg=73.63 max_deg=182
[M::hk_bmap_gen] generated 5266 beads
[M::hk_bmap_gen] 193727 bin pairs
[M::blind-gpu] prepared pair buffers: n_diploid=5266 n_pairs=198848 n_block_keys=387598 n_steps=100
[I::fdg-gpu] blocklist CSR ready: edges=387598 avg_deg=73.60 max_deg=182
[M::hk_bmap_gen] generated 5266 beads
[M::hk_bmap_gen] 193640 bin pairs
[M::blind-gpu] prepared pair buffers: n_diploid=5266 n_pairs=198759 n_block_keys=387420 n_steps=100
[I::fdg-gpu] blocklist CSR ready: edges=387420 avg_deg=73.57 max_deg=181
[M::hk_bmap_gen] generated 5266 beads
[M::hk_bmap_gen] 193637 bin pairs
[M::blind-gpu] prepared pair buffers: n_diploid=5266 n_pairs=198750 n_block_keys=387402 n_steps=100
[I::fdg-gpu] blocklist CSR ready: edges=387402 avg_deg=73.57 max_deg=183
[M::hk_bmap_gen] generated 5266 beads
[M::hk_bmap_gen] 193613 bin pairs
[M::blind-gpu] prepared pair buffers: n_diploid=5266 n_pairs=198732 n_block_keys=387368 n_steps=100
[I::fdg-gpu] blocklist CSR ready: edges=387368 avg_deg=73.56 max_deg=183
minimal P9016[1m]: write outputs to /mnt/ssd/zliu/phase3/test_res/014-20260617_205632-p9016_p1006_dscale_gamma_sep_1m/work_outputs/P1006/p1006_pcgamma0p5_sep_off_ieps0p5_noise0_seed17/p1006_pcgamma0p5_sep_off_ieps0p5_noise0_seed17
[M::hk_bmap_gen] generated 5266 beads
[M::hk_bmap_gen] 193598 bin pairs
minimal P9016[1m]: status=OK final_entropy=0.69119221 final_pU=0.49858975
minimal P9016: summary /mnt/ssd/zliu/phase3/test_res/014-20260617_205632-p9016_p1006_dscale_gamma_sep_1m/work_outputs/P1006/p1006_pcgamma0p5_sep_off_ieps0p5_noise0_seed17/matrix_summary.tsv
