minimal P9016: input=/shared/zliu/CHARM/CHARM_mesc/data/pairs/P1006.pairs.gz output_root=/mnt/ssd/zliu/phase3/test_res/014-20260617_205632-p9016_p1006_dscale_gamma_sep_1m/work_outputs/P1006/p1006_pcgamma0p5_msep1_lsep1_ieps0p5_noise0_seed17 config=p1006_pcgamma0p5_msep1_lsep1_ieps0p5_noise0_seed17 baseline=softall n_iter=100 relax_steps=100 relax_step=0.012 chain=0 init_mode=unphased_scaffold_split init_eps=0.5 init_noise=0 init_scale=10 init_seed=17 min_sep=1 lambda_sep=1 d_scale_mode=posterior_count d_scale_input=posterior_count d_scale_formula=n_raw*posterior_prob^0.5 d_scale_gamma=0.5 d_scale_eps=1e-06 relax_backend=gpu
minimal P9016: stage 1/1 name=1m bin_size_bp=1000000 parent=0
[M::hk_map_read] read 1961601 pairs
[M::hk_bmap_gen] generated 2633 beads
[M::hk_bmap_gen] 421940 bin pairs
minimal P9016[1m]: build binned contacts
minimal P9016[1m]: init mode=unphased_scaffold_split seed=17 scale=10
[M::hk_fdg] mid_dist:1000000 max_nei:67
[M::hk_fdg1_cpu] iter:10 elapsed:0.30s rep_coef:0.2092 RMS_force:316.5101 n_rep:44.0065 energy:25.2004,6.7330,0.0049 dist:5.6286,6.7187,1.4496
[M::hk_fdg1_cpu] iter:20 elapsed:0.73s rep_coef:0.6615 RMS_force:289.5976 n_rep:158.5739 energy:7.5053,3.4220,0.0175 dist:3.3627,4.3015,1.4061
[M::hk_fdg1_cpu] iter:30 elapsed:1.62s rep_coef:0.9352 RMS_force:193.0783 n_rep:598.7083 energy:1.8023,1.0920,0.0338 dist:1.9819,2.3697,1.2737
[M::hk_fdg1_cpu] iter:40 elapsed:2.91s rep_coef:0.9907 RMS_force:101.2589 n_rep:838.7482 energy:0.5259,0.4091,0.0350 dist:1.4172,1.7338,1.2757
[M::hk_fdg1_cpu] iter:50 elapsed:4.26s rep_coef:0.9987 RMS_force:90.2029 n_rep:805.2115 energy:0.2106,0.3295,0.0318 dist:1.1198,1.6819,1.3240
minimal P9016[1m]: run softall, n_iter=100 relax_steps=100 relax_step=0.012 relax_backend=gpu
[M::hk_bmap_gen] generated 5266 beads
[M::hk_bmap_gen] 255329 bin pairs
[M::blind-gpu] prepared pair buffers: n_diploid=5266 n_pairs=260492 n_block_keys=510868 n_steps=100
[I::fdg-gpu] blocklist CSR ready: edges=510868 avg_deg=97.01 max_deg=215
[M::hk_bmap_gen] generated 5266 beads
[M::hk_bmap_gen] 249801 bin pairs
[M::blind-gpu] prepared pair buffers: n_diploid=5266 n_pairs=254897 n_block_keys=499674 n_steps=100
[I::fdg-gpu] blocklist CSR ready: edges=499674 avg_deg=94.89 max_deg=200
[M::hk_bmap_gen] generated 5266 beads
[M::hk_bmap_gen] 237371 bin pairs
[M::blind-gpu] prepared pair buffers: n_diploid=5266 n_pairs=242435 n_block_keys=474750 n_steps=100
[I::fdg-gpu] blocklist CSR ready: edges=474750 avg_deg=90.15 max_deg=195
[M::hk_bmap_gen] generated 5266 beads
[M::hk_bmap_gen] 229106 bin pairs
[M::blind-gpu] prepared pair buffers: n_diploid=5266 n_pairs=234160 n_block_keys=458202 n_steps=100
[I::fdg-gpu] blocklist CSR ready: edges=458202 avg_deg=87.01 max_deg=185
[M::hk_bmap_gen] generated 5266 beads
[M::hk_bmap_gen] 223122 bin pairs
[M::blind-gpu] prepared pair buffers: n_diploid=5266 n_pairs=228179 n_block_keys=446242 n_steps=100
[I::fdg-gpu] blocklist CSR ready: edges=446242 avg_deg=84.74 max_deg=181
[M::hk_bmap_gen] generated 5266 beads
[M::hk_bmap_gen] 218297 bin pairs
[M::blind-gpu] prepared pair buffers: n_diploid=5266 n_pairs=223358 n_block_keys=436602 n_steps=100
[I::fdg-gpu] blocklist CSR ready: edges=436602 avg_deg=82.91 max_deg=187
[M::hk_bmap_gen] generated 5266 beads
[M::hk_bmap_gen] 214425 bin pairs
[M::blind-gpu] prepared pair buffers: n_diploid=5266 n_pairs=219510 n_block_keys=428902 n_steps=100
[I::fdg-gpu] blocklist CSR ready: edges=428902 avg_deg=81.45 max_deg=185
[M::hk_bmap_gen] generated 5266 beads
[M::hk_bmap_gen] 211530 bin pairs
[M::blind-gpu] prepared pair buffers: n_diploid=5266 n_pairs=216625 n_block_keys=423130 n_steps=100
[I::fdg-gpu] blocklist CSR ready: edges=423130 avg_deg=80.35 max_deg=185
[M::hk_bmap_gen] generated 5266 beads
[M::hk_bmap_gen] 209246 bin pairs
[M::blind-gpu] prepared pair buffers: n_diploid=5266 n_pairs=214356 n_block_keys=418592 n_steps=100
[I::fdg-gpu] blocklist CSR ready: edges=418592 avg_deg=79.49 max_deg=180
[M::hk_bmap_gen] generated 5266 beads
[M::hk_bmap_gen] 207314 bin pairs
[M::blind-gpu] prepared pair buffers: n_diploid=5266 n_pairs=212433 n_block_keys=414744 n_steps=100
[I::fdg-gpu] blocklist CSR ready: edges=414744 avg_deg=78.76 max_deg=181
[M::hk_bmap_gen] generated 5266 beads
[M::hk_bmap_gen] 205765 bin pairs
[M::blind-gpu] prepared pair buffers: n_diploid=5266 n_pairs=210885 n_block_keys=411650 n_steps=100
[I::fdg-gpu] blocklist CSR ready: edges=411650 avg_deg=78.17 max_deg=185
[M::hk_bmap_gen] generated 5266 beads
[M::hk_bmap_gen] 204597 bin pairs
[M::blind-gpu] prepared pair buffers: n_diploid=5266 n_pairs=209715 n_block_keys=409308 n_steps=100
[I::fdg-gpu] blocklist CSR ready: edges=409308 avg_deg=77.73 max_deg=186
[M::hk_bmap_gen] generated 5266 beads
[M::hk_bmap_gen] 203425 bin pairs
[M::blind-gpu] prepared pair buffers: n_diploid=5266 n_pairs=208513 n_block_keys=406906 n_steps=100
[I::fdg-gpu] blocklist CSR ready: edges=406906 avg_deg=77.27 max_deg=183
[M::hk_bmap_gen] generated 5266 beads
[M::hk_bmap_gen] 202521 bin pairs
[M::blind-gpu] prepared pair buffers: n_diploid=5266 n_pairs=207642 n_block_keys=405162 n_steps=100
[I::fdg-gpu] blocklist CSR ready: edges=405162 avg_deg=76.94 max_deg=183
[M::hk_bmap_gen] generated 5266 beads
[M::hk_bmap_gen] 201400 bin pairs
[M::blind-gpu] prepared pair buffers: n_diploid=5266 n_pairs=206519 n_block_keys=402920 n_steps=100
[I::fdg-gpu] blocklist CSR ready: edges=402920 avg_deg=76.51 max_deg=181
[M::hk_bmap_gen] generated 5266 beads
[M::hk_bmap_gen] 200523 bin pairs
[M::blind-gpu] prepared pair buffers: n_diploid=5266 n_pairs=205628 n_block_keys=401134 n_steps=100
[I::fdg-gpu] blocklist CSR ready: edges=401134 avg_deg=76.17 max_deg=178
[M::hk_bmap_gen] generated 5266 beads
[M::hk_bmap_gen] 199715 bin pairs
[M::blind-gpu] prepared pair buffers: n_diploid=5266 n_pairs=204823 n_block_keys=399528 n_steps=100
[I::fdg-gpu] blocklist CSR ready: edges=399528 avg_deg=75.87 max_deg=179
[M::hk_bmap_gen] generated 5266 beads
[M::hk_bmap_gen] 199175 bin pairs
[M::blind-gpu] prepared pair buffers: n_diploid=5266 n_pairs=204292 n_block_keys=398470 n_steps=100
[I::fdg-gpu] blocklist CSR ready: edges=398470 avg_deg=75.67 max_deg=179
[M::hk_bmap_gen] generated 5266 beads
[M::hk_bmap_gen] 198734 bin pairs
[M::blind-gpu] prepared pair buffers: n_diploid=5266 n_pairs=203845 n_block_keys=397574 n_steps=100
[I::fdg-gpu] blocklist CSR ready: edges=397574 avg_deg=75.50 max_deg=180
[M::hk_bmap_gen] generated 5266 beads
[M::hk_bmap_gen] 198299 bin pairs
[M::blind-gpu] prepared pair buffers: n_diploid=5266 n_pairs=203413 n_block_keys=396712 n_steps=100
[I::fdg-gpu] blocklist CSR ready: edges=396712 avg_deg=75.33 max_deg=179
[M::hk_bmap_gen] generated 5266 beads
[M::hk_bmap_gen] 197908 bin pairs
[M::blind-gpu] prepared pair buffers: n_diploid=5266 n_pairs=203010 n_block_keys=395906 n_steps=100
[I::fdg-gpu] blocklist CSR ready: edges=395906 avg_deg=75.18 max_deg=181
[M::hk_bmap_gen] generated 5266 beads
[M::hk_bmap_gen] 197477 bin pairs
[M::blind-gpu] prepared pair buffers: n_diploid=5266 n_pairs=202582 n_block_keys=395052 n_steps=100
[I::fdg-gpu] blocklist CSR ready: edges=395052 avg_deg=75.02 max_deg=179
[M::hk_bmap_gen] generated 5266 beads
[M::hk_bmap_gen] 197282 bin pairs
[M::blind-gpu] prepared pair buffers: n_diploid=5266 n_pairs=202395 n_block_keys=394676 n_steps=100
[I::fdg-gpu] blocklist CSR ready: edges=394676 avg_deg=74.95 max_deg=181
[M::hk_bmap_gen] generated 5266 beads
[M::hk_bmap_gen] 197039 bin pairs
[M::blind-gpu] prepared pair buffers: n_diploid=5266 n_pairs=202149 n_block_keys=394184 n_steps=100
[I::fdg-gpu] blocklist CSR ready: edges=394184 avg_deg=74.85 max_deg=182
[M::hk_bmap_gen] generated 5266 beads
[M::hk_bmap_gen] 196887 bin pairs
[M::blind-gpu] prepared pair buffers: n_diploid=5266 n_pairs=202013 n_block_keys=393910 n_steps=100
[I::fdg-gpu] blocklist CSR ready: edges=393910 avg_deg=74.80 max_deg=186
[M::hk_bmap_gen] generated 5266 beads
[M::hk_bmap_gen] 196691 bin pairs
[M::blind-gpu] prepared pair buffers: n_diploid=5266 n_pairs=201824 n_block_keys=393532 n_steps=100
[I::fdg-gpu] blocklist CSR ready: edges=393532 avg_deg=74.73 max_deg=182
[M::hk_bmap_gen] generated 5266 beads
[M::hk_bmap_gen] 196529 bin pairs
[M::blind-gpu] prepared pair buffers: n_diploid=5266 n_pairs=201668 n_block_keys=393224 n_steps=100
[I::fdg-gpu] blocklist CSR ready: edges=393224 avg_deg=74.67 max_deg=183
[M::hk_bmap_gen] generated 5266 beads
[M::hk_bmap_gen] 196361 bin pairs
[M::blind-gpu] prepared pair buffers: n_diploid=5266 n_pairs=201496 n_block_keys=392878 n_steps=100
[I::fdg-gpu] blocklist CSR ready: edges=392878 avg_deg=74.61 max_deg=183
[M::hk_bmap_gen] generated 5266 beads
[M::hk_bmap_gen] 196325 bin pairs
[M::blind-gpu] prepared pair buffers: n_diploid=5266 n_pairs=201453 n_block_keys=392796 n_steps=100
[I::fdg-gpu] blocklist CSR ready: edges=392796 avg_deg=74.59 max_deg=183
[M::hk_bmap_gen] generated 5266 beads
[M::hk_bmap_gen] 196212 bin pairs
[M::blind-gpu] prepared pair buffers: n_diploid=5266 n_pairs=201329 n_block_keys=392550 n_steps=100
[I::fdg-gpu] blocklist CSR ready: edges=392550 avg_deg=74.54 max_deg=184
[M::hk_bmap_gen] generated 5266 beads
[M::hk_bmap_gen] 195958 bin pairs
[M::blind-gpu] prepared pair buffers: n_diploid=5266 n_pairs=201082 n_block_keys=392060 n_steps=100
[I::fdg-gpu] blocklist CSR ready: edges=392060 avg_deg=74.45 max_deg=185
[M::hk_bmap_gen] generated 5266 beads
[M::hk_bmap_gen] 195742 bin pairs
[M::blind-gpu] prepared pair buffers: n_diploid=5266 n_pairs=200863 n_block_keys=391628 n_steps=100
[I::fdg-gpu] blocklist CSR ready: edges=391628 avg_deg=74.37 max_deg=186
[M::hk_bmap_gen] generated 5266 beads
[M::hk_bmap_gen] 195580 bin pairs
[M::blind-gpu] prepared pair buffers: n_diploid=5266 n_pairs=200701 n_block_keys=391302 n_steps=100
[I::fdg-gpu] blocklist CSR ready: edges=391302 avg_deg=74.31 max_deg=186
[M::hk_bmap_gen] generated 5266 beads
[M::hk_bmap_gen] 195594 bin pairs
[M::blind-gpu] prepared pair buffers: n_diploid=5266 n_pairs=200712 n_block_keys=391324 n_steps=100
[I::fdg-gpu] blocklist CSR ready: edges=391324 avg_deg=74.31 max_deg=185
[M::hk_bmap_gen] generated 5266 beads
[M::hk_bmap_gen] 195484 bin pairs
[M::blind-gpu] prepared pair buffers: n_diploid=5266 n_pairs=200616 n_block_keys=391132 n_steps=100
[I::fdg-gpu] blocklist CSR ready: edges=391132 avg_deg=74.27 max_deg=185
[M::hk_bmap_gen] generated 5266 beads
[M::hk_bmap_gen] 195469 bin pairs
[M::blind-gpu] prepared pair buffers: n_diploid=5266 n_pairs=200586 n_block_keys=391074 n_steps=100
[I::fdg-gpu] blocklist CSR ready: edges=391074 avg_deg=74.26 max_deg=185
[M::hk_bmap_gen] generated 5266 beads
[M::hk_bmap_gen] 195356 bin pairs
[M::blind-gpu] prepared pair buffers: n_diploid=5266 n_pairs=200469 n_block_keys=390840 n_steps=100
[I::fdg-gpu] blocklist CSR ready: edges=390840 avg_deg=74.22 max_deg=184
[M::hk_bmap_gen] generated 5266 beads
[M::hk_bmap_gen] 195217 bin pairs
[M::blind-gpu] prepared pair buffers: n_diploid=5266 n_pairs=200337 n_block_keys=390574 n_steps=100
[I::fdg-gpu] blocklist CSR ready: edges=390574 avg_deg=74.17 max_deg=184
[M::hk_bmap_gen] generated 5266 beads
[M::hk_bmap_gen] 195200 bin pairs
[M::blind-gpu] prepared pair buffers: n_diploid=5266 n_pairs=200327 n_block_keys=390558 n_steps=100
[I::fdg-gpu] blocklist CSR ready: edges=390558 avg_deg=74.17 max_deg=185
[M::hk_bmap_gen] generated 5266 beads
[M::hk_bmap_gen] 195120 bin pairs
[M::blind-gpu] prepared pair buffers: n_diploid=5266 n_pairs=200248 n_block_keys=390400 n_steps=100
[I::fdg-gpu] blocklist CSR ready: edges=390400 avg_deg=74.14 max_deg=183
[M::hk_bmap_gen] generated 5266 beads
[M::hk_bmap_gen] 195136 bin pairs
[M::blind-gpu] prepared pair buffers: n_diploid=5266 n_pairs=200258 n_block_keys=390418 n_steps=100
[I::fdg-gpu] blocklist CSR ready: edges=390418 avg_deg=74.14 max_deg=183
[M::hk_bmap_gen] generated 5266 beads
[M::hk_bmap_gen] 195115 bin pairs
[M::blind-gpu] prepared pair buffers: n_diploid=5266 n_pairs=200240 n_block_keys=390382 n_steps=100
[I::fdg-gpu] blocklist CSR ready: edges=390382 avg_deg=74.13 max_deg=186
[M::hk_bmap_gen] generated 5266 beads
[M::hk_bmap_gen] 195069 bin pairs
[M::blind-gpu] prepared pair buffers: n_diploid=5266 n_pairs=200201 n_block_keys=390304 n_steps=100
[I::fdg-gpu] blocklist CSR ready: edges=390304 avg_deg=74.12 max_deg=188
[M::hk_bmap_gen] generated 5266 beads
[M::hk_bmap_gen] 195015 bin pairs
[M::blind-gpu] prepared pair buffers: n_diploid=5266 n_pairs=200146 n_block_keys=390192 n_steps=100
[I::fdg-gpu] blocklist CSR ready: edges=390192 avg_deg=74.10 max_deg=188
[M::hk_bmap_gen] generated 5266 beads
[M::hk_bmap_gen] 194923 bin pairs
[M::blind-gpu] prepared pair buffers: n_diploid=5266 n_pairs=200051 n_block_keys=390004 n_steps=100
[I::fdg-gpu] blocklist CSR ready: edges=390004 avg_deg=74.06 max_deg=190
[M::hk_bmap_gen] generated 5266 beads
[M::hk_bmap_gen] 194894 bin pairs
[M::blind-gpu] prepared pair buffers: n_diploid=5266 n_pairs=200027 n_block_keys=389956 n_steps=100
[I::fdg-gpu] blocklist CSR ready: edges=389956 avg_deg=74.05 max_deg=190
[M::hk_bmap_gen] generated 5266 beads
[M::hk_bmap_gen] 194804 bin pairs
[M::blind-gpu] prepared pair buffers: n_diploid=5266 n_pairs=199929 n_block_keys=389758 n_steps=100
[I::fdg-gpu] blocklist CSR ready: edges=389758 avg_deg=74.01 max_deg=191
[M::hk_bmap_gen] generated 5266 beads
[M::hk_bmap_gen] 194768 bin pairs
[M::blind-gpu] prepared pair buffers: n_diploid=5266 n_pairs=199903 n_block_keys=389706 n_steps=100
[I::fdg-gpu] blocklist CSR ready: edges=389706 avg_deg=74.00 max_deg=191
[M::hk_bmap_gen] generated 5266 beads
[M::hk_bmap_gen] 194627 bin pairs
[M::blind-gpu] prepared pair buffers: n_diploid=5266 n_pairs=199755 n_block_keys=389410 n_steps=100
[I::fdg-gpu] blocklist CSR ready: edges=389410 avg_deg=73.95 max_deg=192
[M::hk_bmap_gen] generated 5266 beads
[M::hk_bmap_gen] 194474 bin pairs
[M::blind-gpu] prepared pair buffers: n_diploid=5266 n_pairs=199606 n_block_keys=389110 n_steps=100
[I::fdg-gpu] blocklist CSR ready: edges=389110 avg_deg=73.89 max_deg=191
[M::hk_bmap_gen] generated 5266 beads
[M::hk_bmap_gen] 194490 bin pairs
[M::blind-gpu] prepared pair buffers: n_diploid=5266 n_pairs=199607 n_block_keys=389112 n_steps=100
[I::fdg-gpu] blocklist CSR ready: edges=389112 avg_deg=73.89 max_deg=192
[M::hk_bmap_gen] generated 5266 beads
[M::hk_bmap_gen] 194420 bin pairs
[M::blind-gpu] prepared pair buffers: n_diploid=5266 n_pairs=199543 n_block_keys=388982 n_steps=100
[I::fdg-gpu] blocklist CSR ready: edges=388982 avg_deg=73.87 max_deg=192
[M::hk_bmap_gen] generated 5266 beads
[M::hk_bmap_gen] 194426 bin pairs
[M::blind-gpu] prepared pair buffers: n_diploid=5266 n_pairs=199558 n_block_keys=389012 n_steps=100
[I::fdg-gpu] blocklist CSR ready: edges=389012 avg_deg=73.87 max_deg=192
[M::hk_bmap_gen] generated 5266 beads
[M::hk_bmap_gen] 194398 bin pairs
[M::blind-gpu] prepared pair buffers: n_diploid=5266 n_pairs=199517 n_block_keys=388930 n_steps=100
[I::fdg-gpu] blocklist CSR ready: edges=388930 avg_deg=73.86 max_deg=192
[M::hk_bmap_gen] generated 5266 beads
[M::hk_bmap_gen] 194461 bin pairs
[M::blind-gpu] prepared pair buffers: n_diploid=5266 n_pairs=199584 n_block_keys=389066 n_steps=100
[I::fdg-gpu] blocklist CSR ready: edges=389066 avg_deg=73.88 max_deg=192
[M::hk_bmap_gen] generated 5266 beads
[M::hk_bmap_gen] 194480 bin pairs
[M::blind-gpu] prepared pair buffers: n_diploid=5266 n_pairs=199604 n_block_keys=389108 n_steps=100
[I::fdg-gpu] blocklist CSR ready: edges=389108 avg_deg=73.89 max_deg=192
[M::hk_bmap_gen] generated 5266 beads
[M::hk_bmap_gen] 194493 bin pairs
[M::blind-gpu] prepared pair buffers: n_diploid=5266 n_pairs=199612 n_block_keys=389124 n_steps=100
[I::fdg-gpu] blocklist CSR ready: edges=389124 avg_deg=73.89 max_deg=191
[M::hk_bmap_gen] generated 5266 beads
[M::hk_bmap_gen] 194469 bin pairs
[M::blind-gpu] prepared pair buffers: n_diploid=5266 n_pairs=199579 n_block_keys=389058 n_steps=100
[I::fdg-gpu] blocklist CSR ready: edges=389058 avg_deg=73.88 max_deg=191
[M::hk_bmap_gen] generated 5266 beads
[M::hk_bmap_gen] 194425 bin pairs
[M::blind-gpu] prepared pair buffers: n_diploid=5266 n_pairs=199544 n_block_keys=388988 n_steps=100
[I::fdg-gpu] blocklist CSR ready: edges=388988 avg_deg=73.87 max_deg=192
[M::hk_bmap_gen] generated 5266 beads
[M::hk_bmap_gen] 194361 bin pairs
[M::blind-gpu] prepared pair buffers: n_diploid=5266 n_pairs=199473 n_block_keys=388844 n_steps=100
[I::fdg-gpu] blocklist CSR ready: edges=388844 avg_deg=73.84 max_deg=192
[M::hk_bmap_gen] generated 5266 beads
[M::hk_bmap_gen] 194356 bin pairs
[M::blind-gpu] prepared pair buffers: n_diploid=5266 n_pairs=199477 n_block_keys=388850 n_steps=100
[I::fdg-gpu] blocklist CSR ready: edges=388850 avg_deg=73.84 max_deg=192
[M::hk_bmap_gen] generated 5266 beads
[M::hk_bmap_gen] 194332 bin pairs
[M::blind-gpu] prepared pair buffers: n_diploid=5266 n_pairs=199448 n_block_keys=388790 n_steps=100
[I::fdg-gpu] blocklist CSR ready: edges=388790 avg_deg=73.83 max_deg=192
[M::hk_bmap_gen] generated 5266 beads
[M::hk_bmap_gen] 194331 bin pairs
[M::blind-gpu] prepared pair buffers: n_diploid=5266 n_pairs=199446 n_block_keys=388790 n_steps=100
[I::fdg-gpu] blocklist CSR ready: edges=388790 avg_deg=73.83 max_deg=192
[M::hk_bmap_gen] generated 5266 beads
[M::hk_bmap_gen] 194230 bin pairs
[M::blind-gpu] prepared pair buffers: n_diploid=5266 n_pairs=199342 n_block_keys=388582 n_steps=100
[I::fdg-gpu] blocklist CSR ready: edges=388582 avg_deg=73.79 max_deg=192
[M::hk_bmap_gen] generated 5266 beads
[M::hk_bmap_gen] 194179 bin pairs
[M::blind-gpu] prepared pair buffers: n_diploid=5266 n_pairs=199292 n_block_keys=388486 n_steps=100
[I::fdg-gpu] blocklist CSR ready: edges=388486 avg_deg=73.77 max_deg=192
[M::hk_bmap_gen] generated 5266 beads
[M::hk_bmap_gen] 194207 bin pairs
[M::blind-gpu] prepared pair buffers: n_diploid=5266 n_pairs=199324 n_block_keys=388550 n_steps=100
[I::fdg-gpu] blocklist CSR ready: edges=388550 avg_deg=73.78 max_deg=192
[M::hk_bmap_gen] generated 5266 beads
[M::hk_bmap_gen] 194282 bin pairs
[M::blind-gpu] prepared pair buffers: n_diploid=5266 n_pairs=199396 n_block_keys=388690 n_steps=100
[I::fdg-gpu] blocklist CSR ready: edges=388690 avg_deg=73.81 max_deg=192
[M::hk_bmap_gen] generated 5266 beads
[M::hk_bmap_gen] 194242 bin pairs
[M::blind-gpu] prepared pair buffers: n_diploid=5266 n_pairs=199356 n_block_keys=388610 n_steps=100
[I::fdg-gpu] blocklist CSR ready: edges=388610 avg_deg=73.80 max_deg=192
[M::hk_bmap_gen] generated 5266 beads
[M::hk_bmap_gen] 194180 bin pairs
[M::blind-gpu] prepared pair buffers: n_diploid=5266 n_pairs=199303 n_block_keys=388504 n_steps=100
[I::fdg-gpu] blocklist CSR ready: edges=388504 avg_deg=73.78 max_deg=191
[M::hk_bmap_gen] generated 5266 beads
[M::hk_bmap_gen] 194172 bin pairs
[M::blind-gpu] prepared pair buffers: n_diploid=5266 n_pairs=199303 n_block_keys=388502 n_steps=100
[I::fdg-gpu] blocklist CSR ready: edges=388502 avg_deg=73.78 max_deg=192
[M::hk_bmap_gen] generated 5266 beads
[M::hk_bmap_gen] 194247 bin pairs
[M::blind-gpu] prepared pair buffers: n_diploid=5266 n_pairs=199380 n_block_keys=388660 n_steps=100
[I::fdg-gpu] blocklist CSR ready: edges=388660 avg_deg=73.81 max_deg=191
[M::hk_bmap_gen] generated 5266 beads
[M::hk_bmap_gen] 194294 bin pairs
[M::blind-gpu] prepared pair buffers: n_diploid=5266 n_pairs=199425 n_block_keys=388752 n_steps=100
[I::fdg-gpu] blocklist CSR ready: edges=388752 avg_deg=73.82 max_deg=191
[M::hk_bmap_gen] generated 5266 beads
[M::hk_bmap_gen] 194245 bin pairs
[M::blind-gpu] prepared pair buffers: n_diploid=5266 n_pairs=199378 n_block_keys=388658 n_steps=100
[I::fdg-gpu] blocklist CSR ready: edges=388658 avg_deg=73.81 max_deg=191
[M::hk_bmap_gen] generated 5266 beads
[M::hk_bmap_gen] 194241 bin pairs
[M::blind-gpu] prepared pair buffers: n_diploid=5266 n_pairs=199371 n_block_keys=388644 n_steps=100
[I::fdg-gpu] blocklist CSR ready: edges=388644 avg_deg=73.80 max_deg=192
[M::hk_bmap_gen] generated 5266 beads
[M::hk_bmap_gen] 194153 bin pairs
[M::blind-gpu] prepared pair buffers: n_diploid=5266 n_pairs=199278 n_block_keys=388458 n_steps=100
[I::fdg-gpu] blocklist CSR ready: edges=388458 avg_deg=73.77 max_deg=192
[M::hk_bmap_gen] generated 5266 beads
[M::hk_bmap_gen] 194110 bin pairs
[M::blind-gpu] prepared pair buffers: n_diploid=5266 n_pairs=199238 n_block_keys=388376 n_steps=100
[I::fdg-gpu] blocklist CSR ready: edges=388376 avg_deg=73.75 max_deg=192
[M::hk_bmap_gen] generated 5266 beads
[M::hk_bmap_gen] 194175 bin pairs
[M::blind-gpu] prepared pair buffers: n_diploid=5266 n_pairs=199306 n_block_keys=388516 n_steps=100
[I::fdg-gpu] blocklist CSR ready: edges=388516 avg_deg=73.78 max_deg=191
[M::hk_bmap_gen] generated 5266 beads
[M::hk_bmap_gen] 194102 bin pairs
[M::blind-gpu] prepared pair buffers: n_diploid=5266 n_pairs=199227 n_block_keys=388358 n_steps=100
[I::fdg-gpu] blocklist CSR ready: edges=388358 avg_deg=73.75 max_deg=191
[M::hk_bmap_gen] generated 5266 beads
[M::hk_bmap_gen] 194107 bin pairs
[M::blind-gpu] prepared pair buffers: n_diploid=5266 n_pairs=199237 n_block_keys=388382 n_steps=100
[I::fdg-gpu] blocklist CSR ready: edges=388382 avg_deg=73.75 max_deg=190
[M::hk_bmap_gen] generated 5266 beads
[M::hk_bmap_gen] 194088 bin pairs
[M::blind-gpu] prepared pair buffers: n_diploid=5266 n_pairs=199223 n_block_keys=388354 n_steps=100
[I::fdg-gpu] blocklist CSR ready: edges=388354 avg_deg=73.75 max_deg=188
[M::hk_bmap_gen] generated 5266 beads
[M::hk_bmap_gen] 194185 bin pairs
[M::blind-gpu] prepared pair buffers: n_diploid=5266 n_pairs=199314 n_block_keys=388536 n_steps=100
[I::fdg-gpu] blocklist CSR ready: edges=388536 avg_deg=73.78 max_deg=188
[M::hk_bmap_gen] generated 5266 beads
[M::hk_bmap_gen] 194191 bin pairs
[M::blind-gpu] prepared pair buffers: n_diploid=5266 n_pairs=199326 n_block_keys=388562 n_steps=100
[I::fdg-gpu] blocklist CSR ready: edges=388562 avg_deg=73.79 max_deg=188
[M::hk_bmap_gen] generated 5266 beads
[M::hk_bmap_gen] 194144 bin pairs
[M::blind-gpu] prepared pair buffers: n_diploid=5266 n_pairs=199272 n_block_keys=388454 n_steps=100
[I::fdg-gpu] blocklist CSR ready: edges=388454 avg_deg=73.77 max_deg=188
[M::hk_bmap_gen] generated 5266 beads
[M::hk_bmap_gen] 194123 bin pairs
[M::blind-gpu] prepared pair buffers: n_diploid=5266 n_pairs=199251 n_block_keys=388414 n_steps=100
[I::fdg-gpu] blocklist CSR ready: edges=388414 avg_deg=73.76 max_deg=188
[M::hk_bmap_gen] generated 5266 beads
[M::hk_bmap_gen] 194106 bin pairs
[M::blind-gpu] prepared pair buffers: n_diploid=5266 n_pairs=199233 n_block_keys=388376 n_steps=100
[I::fdg-gpu] blocklist CSR ready: edges=388376 avg_deg=73.75 max_deg=188
[M::hk_bmap_gen] generated 5266 beads
[M::hk_bmap_gen] 194035 bin pairs
[M::blind-gpu] prepared pair buffers: n_diploid=5266 n_pairs=199162 n_block_keys=388234 n_steps=100
[I::fdg-gpu] blocklist CSR ready: edges=388234 avg_deg=73.72 max_deg=188
[M::hk_bmap_gen] generated 5266 beads
[M::hk_bmap_gen] 194002 bin pairs
[M::blind-gpu] prepared pair buffers: n_diploid=5266 n_pairs=199126 n_block_keys=388162 n_steps=100
[I::fdg-gpu] blocklist CSR ready: edges=388162 avg_deg=73.71 max_deg=188
[M::hk_bmap_gen] generated 5266 beads
[M::hk_bmap_gen] 193955 bin pairs
[M::blind-gpu] prepared pair buffers: n_diploid=5266 n_pairs=199085 n_block_keys=388080 n_steps=100
[I::fdg-gpu] blocklist CSR ready: edges=388080 avg_deg=73.70 max_deg=187
[M::hk_bmap_gen] generated 5266 beads
[M::hk_bmap_gen] 193942 bin pairs
[M::blind-gpu] prepared pair buffers: n_diploid=5266 n_pairs=199083 n_block_keys=388076 n_steps=100
[I::fdg-gpu] blocklist CSR ready: edges=388076 avg_deg=73.69 max_deg=186
[M::hk_bmap_gen] generated 5266 beads
[M::hk_bmap_gen] 193934 bin pairs
[M::blind-gpu] prepared pair buffers: n_diploid=5266 n_pairs=199071 n_block_keys=388052 n_steps=100
[I::fdg-gpu] blocklist CSR ready: edges=388052 avg_deg=73.69 max_deg=186
[M::hk_bmap_gen] generated 5266 beads
[M::hk_bmap_gen] 193870 bin pairs
[M::blind-gpu] prepared pair buffers: n_diploid=5266 n_pairs=199009 n_block_keys=387932 n_steps=100
[I::fdg-gpu] blocklist CSR ready: edges=387932 avg_deg=73.67 max_deg=186
[M::hk_bmap_gen] generated 5266 beads
[M::hk_bmap_gen] 193778 bin pairs
[M::blind-gpu] prepared pair buffers: n_diploid=5266 n_pairs=198912 n_block_keys=387738 n_steps=100
[I::fdg-gpu] blocklist CSR ready: edges=387738 avg_deg=73.63 max_deg=186
[M::hk_bmap_gen] generated 5266 beads
[M::hk_bmap_gen] 193702 bin pairs
[M::blind-gpu] prepared pair buffers: n_diploid=5266 n_pairs=198831 n_block_keys=387578 n_steps=100
[I::fdg-gpu] blocklist CSR ready: edges=387578 avg_deg=73.60 max_deg=186
[M::hk_bmap_gen] generated 5266 beads
[M::hk_bmap_gen] 193639 bin pairs
[M::blind-gpu] prepared pair buffers: n_diploid=5266 n_pairs=198773 n_block_keys=387456 n_steps=100
[I::fdg-gpu] blocklist CSR ready: edges=387456 avg_deg=73.58 max_deg=186
[M::hk_bmap_gen] generated 5266 beads
[M::hk_bmap_gen] 193673 bin pairs
[M::blind-gpu] prepared pair buffers: n_diploid=5266 n_pairs=198807 n_block_keys=387522 n_steps=100
[I::fdg-gpu] blocklist CSR ready: edges=387522 avg_deg=73.59 max_deg=186
[M::hk_bmap_gen] generated 5266 beads
[M::hk_bmap_gen] 193695 bin pairs
[M::blind-gpu] prepared pair buffers: n_diploid=5266 n_pairs=198820 n_block_keys=387548 n_steps=100
[I::fdg-gpu] blocklist CSR ready: edges=387548 avg_deg=73.59 max_deg=186
[M::hk_bmap_gen] generated 5266 beads
[M::hk_bmap_gen] 193660 bin pairs
[M::blind-gpu] prepared pair buffers: n_diploid=5266 n_pairs=198784 n_block_keys=387474 n_steps=100
[I::fdg-gpu] blocklist CSR ready: edges=387474 avg_deg=73.58 max_deg=186
[M::hk_bmap_gen] generated 5266 beads
[M::hk_bmap_gen] 193689 bin pairs
[M::blind-gpu] prepared pair buffers: n_diploid=5266 n_pairs=198816 n_block_keys=387540 n_steps=100
[I::fdg-gpu] blocklist CSR ready: edges=387540 avg_deg=73.59 max_deg=185
[M::hk_bmap_gen] generated 5266 beads
[M::hk_bmap_gen] 193658 bin pairs
[M::blind-gpu] prepared pair buffers: n_diploid=5266 n_pairs=198780 n_block_keys=387468 n_steps=100
[I::fdg-gpu] blocklist CSR ready: edges=387468 avg_deg=73.58 max_deg=186
[M::hk_bmap_gen] generated 5266 beads
[M::hk_bmap_gen] 193625 bin pairs
[M::blind-gpu] prepared pair buffers: n_diploid=5266 n_pairs=198758 n_block_keys=387424 n_steps=100
[I::fdg-gpu] blocklist CSR ready: edges=387424 avg_deg=73.57 max_deg=186
minimal P9016[1m]: write outputs to /mnt/ssd/zliu/phase3/test_res/014-20260617_205632-p9016_p1006_dscale_gamma_sep_1m/work_outputs/P1006/p1006_pcgamma0p5_msep1_lsep1_ieps0p5_noise0_seed17/p1006_pcgamma0p5_msep1_lsep1_ieps0p5_noise0_seed17
[M::hk_bmap_gen] generated 5266 beads
[M::hk_bmap_gen] 193593 bin pairs
minimal P9016[1m]: status=OK final_entropy=0.67574322 final_pU=0.48744568
minimal P9016: summary /mnt/ssd/zliu/phase3/test_res/014-20260617_205632-p9016_p1006_dscale_gamma_sep_1m/work_outputs/P1006/p1006_pcgamma0p5_msep1_lsep1_ieps0p5_noise0_seed17/matrix_summary.tsv
