minimal P9016: input=/shared/zliu/CHARM/CHARM_mesc/data/pairs/P1006.pairs.gz output_root=/mnt/ssd/zliu/phase3/test_res/014-20260617_205632-p9016_p1006_dscale_gamma_sep_1m/work_outputs/P1006/p1006_pcgamma0_sep_off_ieps0p5_noise0_seed17 config=p1006_pcgamma0_sep_off_ieps0p5_noise0_seed17 baseline=softall n_iter=100 relax_steps=100 relax_step=0.012 chain=0 init_mode=unphased_scaffold_split init_eps=0.5 init_noise=0 init_scale=10 init_seed=17 min_sep=0 lambda_sep=0 d_scale_mode=posterior_count d_scale_input=posterior_count d_scale_formula=n_raw*posterior_prob^0 d_scale_gamma=0 d_scale_eps=1e-06 relax_backend=gpu
minimal P9016: stage 1/1 name=1m bin_size_bp=1000000 parent=0
[M::hk_map_read] read 1961601 pairs
[M::hk_bmap_gen] generated 2633 beads
[M::hk_bmap_gen] 421940 bin pairs
minimal P9016[1m]: build binned contacts
minimal P9016[1m]: init mode=unphased_scaffold_split seed=17 scale=10
[M::hk_fdg] mid_dist:1000000 max_nei:67
[M::hk_fdg1_cpu] iter:10 elapsed:0.30s rep_coef:0.2092 RMS_force:316.5101 n_rep:44.0065 energy:25.2004,6.7330,0.0049 dist:5.6286,6.7187,1.4496
[M::hk_fdg1_cpu] iter:20 elapsed:0.74s rep_coef:0.6615 RMS_force:289.5976 n_rep:158.5739 energy:7.5053,3.4220,0.0175 dist:3.3627,4.3015,1.4061
[M::hk_fdg1_cpu] iter:30 elapsed:1.63s rep_coef:0.9352 RMS_force:193.0783 n_rep:598.7083 energy:1.8023,1.0920,0.0338 dist:1.9819,2.3697,1.2737
[M::hk_fdg1_cpu] iter:40 elapsed:2.94s rep_coef:0.9907 RMS_force:101.2589 n_rep:838.7482 energy:0.5259,0.4091,0.0350 dist:1.4172,1.7338,1.2757
[M::hk_fdg1_cpu] iter:50 elapsed:4.29s rep_coef:0.9987 RMS_force:90.2029 n_rep:805.2115 energy:0.2106,0.3295,0.0318 dist:1.1198,1.6819,1.3240
minimal P9016[1m]: run softall, n_iter=100 relax_steps=100 relax_step=0.012 relax_backend=gpu
[M::hk_bmap_gen] generated 5266 beads
[M::hk_bmap_gen] 255329 bin pairs
[M::blind-gpu] prepared pair buffers: n_diploid=5266 n_pairs=260492 n_block_keys=510868 n_steps=100
[I::fdg-gpu] blocklist CSR ready: edges=510868 avg_deg=97.01 max_deg=215
[M::hk_bmap_gen] generated 5266 beads
[M::hk_bmap_gen] 253938 bin pairs
[M::blind-gpu] prepared pair buffers: n_diploid=5266 n_pairs=259087 n_block_keys=508054 n_steps=100
[I::fdg-gpu] blocklist CSR ready: edges=508054 avg_deg=96.48 max_deg=209
[M::hk_bmap_gen] generated 5266 beads
[M::hk_bmap_gen] 241550 bin pairs
[M::blind-gpu] prepared pair buffers: n_diploid=5266 n_pairs=246649 n_block_keys=483178 n_steps=100
[I::fdg-gpu] blocklist CSR ready: edges=483178 avg_deg=91.75 max_deg=201
[M::hk_bmap_gen] generated 5266 beads
[M::hk_bmap_gen] 234765 bin pairs
[M::blind-gpu] prepared pair buffers: n_diploid=5266 n_pairs=239841 n_block_keys=469564 n_steps=100
[I::fdg-gpu] blocklist CSR ready: edges=469564 avg_deg=89.17 max_deg=187
[M::hk_bmap_gen] generated 5266 beads
[M::hk_bmap_gen] 230680 bin pairs
[M::blind-gpu] prepared pair buffers: n_diploid=5266 n_pairs=235736 n_block_keys=461354 n_steps=100
[I::fdg-gpu] blocklist CSR ready: edges=461354 avg_deg=87.61 max_deg=182
[M::hk_bmap_gen] generated 5266 beads
[M::hk_bmap_gen] 227720 bin pairs
[M::blind-gpu] prepared pair buffers: n_diploid=5266 n_pairs=232795 n_block_keys=455476 n_steps=100
[I::fdg-gpu] blocklist CSR ready: edges=455476 avg_deg=86.49 max_deg=187
[M::hk_bmap_gen] generated 5266 beads
[M::hk_bmap_gen] 225149 bin pairs
[M::blind-gpu] prepared pair buffers: n_diploid=5266 n_pairs=230222 n_block_keys=450334 n_steps=100
[I::fdg-gpu] blocklist CSR ready: edges=450334 avg_deg=85.52 max_deg=185
[M::hk_bmap_gen] generated 5266 beads
[M::hk_bmap_gen] 223020 bin pairs
[M::blind-gpu] prepared pair buffers: n_diploid=5266 n_pairs=228101 n_block_keys=446090 n_steps=100
[I::fdg-gpu] blocklist CSR ready: edges=446090 avg_deg=84.71 max_deg=185
[M::hk_bmap_gen] generated 5266 beads
[M::hk_bmap_gen] 221188 bin pairs
[M::blind-gpu] prepared pair buffers: n_diploid=5266 n_pairs=226287 n_block_keys=442464 n_steps=100
[I::fdg-gpu] blocklist CSR ready: edges=442464 avg_deg=84.02 max_deg=190
[M::hk_bmap_gen] generated 5266 beads
[M::hk_bmap_gen] 219552 bin pairs
[M::blind-gpu] prepared pair buffers: n_diploid=5266 n_pairs=224634 n_block_keys=439152 n_steps=100
[I::fdg-gpu] blocklist CSR ready: edges=439152 avg_deg=83.39 max_deg=187
[M::hk_bmap_gen] generated 5266 beads
[M::hk_bmap_gen] 217972 bin pairs
[M::blind-gpu] prepared pair buffers: n_diploid=5266 n_pairs=223064 n_block_keys=436012 n_steps=100
[I::fdg-gpu] blocklist CSR ready: edges=436012 avg_deg=82.80 max_deg=189
[M::hk_bmap_gen] generated 5266 beads
[M::hk_bmap_gen] 216663 bin pairs
[M::blind-gpu] prepared pair buffers: n_diploid=5266 n_pairs=221754 n_block_keys=433394 n_steps=100
[I::fdg-gpu] blocklist CSR ready: edges=433394 avg_deg=82.30 max_deg=188
[M::hk_bmap_gen] generated 5266 beads
[M::hk_bmap_gen] 215783 bin pairs
[M::blind-gpu] prepared pair buffers: n_diploid=5266 n_pairs=220872 n_block_keys=431628 n_steps=100
[I::fdg-gpu] blocklist CSR ready: edges=431628 avg_deg=81.97 max_deg=188
[M::hk_bmap_gen] generated 5266 beads
[M::hk_bmap_gen] 214977 bin pairs
[M::blind-gpu] prepared pair buffers: n_diploid=5266 n_pairs=220052 n_block_keys=429990 n_steps=100
[I::fdg-gpu] blocklist CSR ready: edges=429990 avg_deg=81.65 max_deg=187
[M::hk_bmap_gen] generated 5266 beads
[M::hk_bmap_gen] 214068 bin pairs
[M::blind-gpu] prepared pair buffers: n_diploid=5266 n_pairs=219172 n_block_keys=428228 n_steps=100
[I::fdg-gpu] blocklist CSR ready: edges=428228 avg_deg=81.32 max_deg=185
[M::hk_bmap_gen] generated 5266 beads
[M::hk_bmap_gen] 213697 bin pairs
[M::blind-gpu] prepared pair buffers: n_diploid=5266 n_pairs=218794 n_block_keys=427470 n_steps=100
[I::fdg-gpu] blocklist CSR ready: edges=427470 avg_deg=81.18 max_deg=187
[M::hk_bmap_gen] generated 5266 beads
[M::hk_bmap_gen] 212957 bin pairs
[M::blind-gpu] prepared pair buffers: n_diploid=5266 n_pairs=218069 n_block_keys=426024 n_steps=100
[I::fdg-gpu] blocklist CSR ready: edges=426024 avg_deg=80.90 max_deg=187
[M::hk_bmap_gen] generated 5266 beads
[M::hk_bmap_gen] 212428 bin pairs
[M::blind-gpu] prepared pair buffers: n_diploid=5266 n_pairs=217543 n_block_keys=424972 n_steps=100
[I::fdg-gpu] blocklist CSR ready: edges=424972 avg_deg=80.70 max_deg=188
[M::hk_bmap_gen] generated 5266 beads
[M::hk_bmap_gen] 211816 bin pairs
[M::blind-gpu] prepared pair buffers: n_diploid=5266 n_pairs=216916 n_block_keys=423720 n_steps=100
[I::fdg-gpu] blocklist CSR ready: edges=423720 avg_deg=80.46 max_deg=189
[M::hk_bmap_gen] generated 5266 beads
[M::hk_bmap_gen] 211310 bin pairs
[M::blind-gpu] prepared pair buffers: n_diploid=5266 n_pairs=216411 n_block_keys=422710 n_steps=100
[I::fdg-gpu] blocklist CSR ready: edges=422710 avg_deg=80.27 max_deg=188
[M::hk_bmap_gen] generated 5266 beads
[M::hk_bmap_gen] 210909 bin pairs
[M::blind-gpu] prepared pair buffers: n_diploid=5266 n_pairs=216009 n_block_keys=421906 n_steps=100
[I::fdg-gpu] blocklist CSR ready: edges=421906 avg_deg=80.12 max_deg=188
[M::hk_bmap_gen] generated 5266 beads
[M::hk_bmap_gen] 210452 bin pairs
[M::blind-gpu] prepared pair buffers: n_diploid=5266 n_pairs=215554 n_block_keys=420994 n_steps=100
[I::fdg-gpu] blocklist CSR ready: edges=420994 avg_deg=79.95 max_deg=186
[M::hk_bmap_gen] generated 5266 beads
[M::hk_bmap_gen] 209931 bin pairs
[M::blind-gpu] prepared pair buffers: n_diploid=5266 n_pairs=215028 n_block_keys=419946 n_steps=100
[I::fdg-gpu] blocklist CSR ready: edges=419946 avg_deg=79.75 max_deg=185
[M::hk_bmap_gen] generated 5266 beads
[M::hk_bmap_gen] 209487 bin pairs
[M::blind-gpu] prepared pair buffers: n_diploid=5266 n_pairs=214590 n_block_keys=419070 n_steps=100
[I::fdg-gpu] blocklist CSR ready: edges=419070 avg_deg=79.58 max_deg=181
[M::hk_bmap_gen] generated 5266 beads
[M::hk_bmap_gen] 209116 bin pairs
[M::blind-gpu] prepared pair buffers: n_diploid=5266 n_pairs=214220 n_block_keys=418324 n_steps=100
[I::fdg-gpu] blocklist CSR ready: edges=418324 avg_deg=79.44 max_deg=182
[M::hk_bmap_gen] generated 5266 beads
[M::hk_bmap_gen] 208770 bin pairs
[M::blind-gpu] prepared pair buffers: n_diploid=5266 n_pairs=213866 n_block_keys=417616 n_steps=100
[I::fdg-gpu] blocklist CSR ready: edges=417616 avg_deg=79.30 max_deg=183
[M::hk_bmap_gen] generated 5266 beads
[M::hk_bmap_gen] 208577 bin pairs
[M::blind-gpu] prepared pair buffers: n_diploid=5266 n_pairs=213680 n_block_keys=417244 n_steps=100
[I::fdg-gpu] blocklist CSR ready: edges=417244 avg_deg=79.23 max_deg=184
[M::hk_bmap_gen] generated 5266 beads
[M::hk_bmap_gen] 208236 bin pairs
[M::blind-gpu] prepared pair buffers: n_diploid=5266 n_pairs=213349 n_block_keys=416584 n_steps=100
[I::fdg-gpu] blocklist CSR ready: edges=416584 avg_deg=79.11 max_deg=183
[M::hk_bmap_gen] generated 5266 beads
[M::hk_bmap_gen] 208030 bin pairs
[M::blind-gpu] prepared pair buffers: n_diploid=5266 n_pairs=213134 n_block_keys=416156 n_steps=100
[I::fdg-gpu] blocklist CSR ready: edges=416156 avg_deg=79.03 max_deg=182
[M::hk_bmap_gen] generated 5266 beads
[M::hk_bmap_gen] 207918 bin pairs
[M::blind-gpu] prepared pair buffers: n_diploid=5266 n_pairs=213018 n_block_keys=415930 n_steps=100
[I::fdg-gpu] blocklist CSR ready: edges=415930 avg_deg=78.98 max_deg=181
[M::hk_bmap_gen] generated 5266 beads
[M::hk_bmap_gen] 207961 bin pairs
[M::blind-gpu] prepared pair buffers: n_diploid=5266 n_pairs=213068 n_block_keys=416030 n_steps=100
[I::fdg-gpu] blocklist CSR ready: edges=416030 avg_deg=79.00 max_deg=182
[M::hk_bmap_gen] generated 5266 beads
[M::hk_bmap_gen] 207804 bin pairs
[M::blind-gpu] prepared pair buffers: n_diploid=5266 n_pairs=212906 n_block_keys=415704 n_steps=100
[I::fdg-gpu] blocklist CSR ready: edges=415704 avg_deg=78.94 max_deg=180
[M::hk_bmap_gen] generated 5266 beads
[M::hk_bmap_gen] 207689 bin pairs
[M::blind-gpu] prepared pair buffers: n_diploid=5266 n_pairs=212805 n_block_keys=415502 n_steps=100
[I::fdg-gpu] blocklist CSR ready: edges=415502 avg_deg=78.90 max_deg=180
[M::hk_bmap_gen] generated 5266 beads
[M::hk_bmap_gen] 207560 bin pairs
[M::blind-gpu] prepared pair buffers: n_diploid=5266 n_pairs=212671 n_block_keys=415228 n_steps=100
[I::fdg-gpu] blocklist CSR ready: edges=415228 avg_deg=78.85 max_deg=181
[M::hk_bmap_gen] generated 5266 beads
[M::hk_bmap_gen] 207233 bin pairs
[M::blind-gpu] prepared pair buffers: n_diploid=5266 n_pairs=212343 n_block_keys=414572 n_steps=100
[I::fdg-gpu] blocklist CSR ready: edges=414572 avg_deg=78.73 max_deg=181
[M::hk_bmap_gen] generated 5266 beads
[M::hk_bmap_gen] 206955 bin pairs
[M::blind-gpu] prepared pair buffers: n_diploid=5266 n_pairs=212076 n_block_keys=414038 n_steps=100
[I::fdg-gpu] blocklist CSR ready: edges=414038 avg_deg=78.62 max_deg=178
[M::hk_bmap_gen] generated 5266 beads
[M::hk_bmap_gen] 206677 bin pairs
[M::blind-gpu] prepared pair buffers: n_diploid=5266 n_pairs=211792 n_block_keys=413472 n_steps=100
[I::fdg-gpu] blocklist CSR ready: edges=413472 avg_deg=78.52 max_deg=179
[M::hk_bmap_gen] generated 5266 beads
[M::hk_bmap_gen] 206526 bin pairs
[M::blind-gpu] prepared pair buffers: n_diploid=5266 n_pairs=211647 n_block_keys=413188 n_steps=100
[I::fdg-gpu] blocklist CSR ready: edges=413188 avg_deg=78.46 max_deg=180
[M::hk_bmap_gen] generated 5266 beads
[M::hk_bmap_gen] 206255 bin pairs
[M::blind-gpu] prepared pair buffers: n_diploid=5266 n_pairs=211370 n_block_keys=412634 n_steps=100
[I::fdg-gpu] blocklist CSR ready: edges=412634 avg_deg=78.36 max_deg=181
[M::hk_bmap_gen] generated 5266 beads
[M::hk_bmap_gen] 206024 bin pairs
[M::blind-gpu] prepared pair buffers: n_diploid=5266 n_pairs=211143 n_block_keys=412176 n_steps=100
[I::fdg-gpu] blocklist CSR ready: edges=412176 avg_deg=78.27 max_deg=179
[M::hk_bmap_gen] generated 5266 beads
[M::hk_bmap_gen] 205750 bin pairs
[M::blind-gpu] prepared pair buffers: n_diploid=5266 n_pairs=210860 n_block_keys=411610 n_steps=100
[I::fdg-gpu] blocklist CSR ready: edges=411610 avg_deg=78.16 max_deg=179
[M::hk_bmap_gen] generated 5266 beads
[M::hk_bmap_gen] 205633 bin pairs
[M::blind-gpu] prepared pair buffers: n_diploid=5266 n_pairs=210740 n_block_keys=411368 n_steps=100
[I::fdg-gpu] blocklist CSR ready: edges=411368 avg_deg=78.12 max_deg=178
[M::hk_bmap_gen] generated 5266 beads
[M::hk_bmap_gen] 205423 bin pairs
[M::blind-gpu] prepared pair buffers: n_diploid=5266 n_pairs=210533 n_block_keys=410952 n_steps=100
[I::fdg-gpu] blocklist CSR ready: edges=410952 avg_deg=78.04 max_deg=181
[M::hk_bmap_gen] generated 5266 beads
[M::hk_bmap_gen] 205266 bin pairs
[M::blind-gpu] prepared pair buffers: n_diploid=5266 n_pairs=210372 n_block_keys=410634 n_steps=100
[I::fdg-gpu] blocklist CSR ready: edges=410634 avg_deg=77.98 max_deg=181
[M::hk_bmap_gen] generated 5266 beads
[M::hk_bmap_gen] 205182 bin pairs
[M::blind-gpu] prepared pair buffers: n_diploid=5266 n_pairs=210284 n_block_keys=410458 n_steps=100
[I::fdg-gpu] blocklist CSR ready: edges=410458 avg_deg=77.94 max_deg=181
[M::hk_bmap_gen] generated 5266 beads
[M::hk_bmap_gen] 205023 bin pairs
[M::blind-gpu] prepared pair buffers: n_diploid=5266 n_pairs=210129 n_block_keys=410146 n_steps=100
[I::fdg-gpu] blocklist CSR ready: edges=410146 avg_deg=77.89 max_deg=182
[M::hk_bmap_gen] generated 5266 beads
[M::hk_bmap_gen] 204883 bin pairs
[M::blind-gpu] prepared pair buffers: n_diploid=5266 n_pairs=209975 n_block_keys=409838 n_steps=100
[I::fdg-gpu] blocklist CSR ready: edges=409838 avg_deg=77.83 max_deg=182
[M::hk_bmap_gen] generated 5266 beads
[M::hk_bmap_gen] 204761 bin pairs
[M::blind-gpu] prepared pair buffers: n_diploid=5266 n_pairs=209854 n_block_keys=409594 n_steps=100
[I::fdg-gpu] blocklist CSR ready: edges=409594 avg_deg=77.78 max_deg=182
[M::hk_bmap_gen] generated 5266 beads
[M::hk_bmap_gen] 204663 bin pairs
[M::blind-gpu] prepared pair buffers: n_diploid=5266 n_pairs=209765 n_block_keys=409420 n_steps=100
[I::fdg-gpu] blocklist CSR ready: edges=409420 avg_deg=77.75 max_deg=182
[M::hk_bmap_gen] generated 5266 beads
[M::hk_bmap_gen] 204642 bin pairs
[M::blind-gpu] prepared pair buffers: n_diploid=5266 n_pairs=209744 n_block_keys=409378 n_steps=100
[I::fdg-gpu] blocklist CSR ready: edges=409378 avg_deg=77.74 max_deg=182
[M::hk_bmap_gen] generated 5266 beads
[M::hk_bmap_gen] 204507 bin pairs
[M::blind-gpu] prepared pair buffers: n_diploid=5266 n_pairs=209602 n_block_keys=409092 n_steps=100
[I::fdg-gpu] blocklist CSR ready: edges=409092 avg_deg=77.69 max_deg=183
[M::hk_bmap_gen] generated 5266 beads
[M::hk_bmap_gen] 204429 bin pairs
[M::blind-gpu] prepared pair buffers: n_diploid=5266 n_pairs=209526 n_block_keys=408940 n_steps=100
[I::fdg-gpu] blocklist CSR ready: edges=408940 avg_deg=77.66 max_deg=184
[M::hk_bmap_gen] generated 5266 beads
[M::hk_bmap_gen] 204373 bin pairs
[M::blind-gpu] prepared pair buffers: n_diploid=5266 n_pairs=209457 n_block_keys=408802 n_steps=100
[I::fdg-gpu] blocklist CSR ready: edges=408802 avg_deg=77.63 max_deg=183
[M::hk_bmap_gen] generated 5266 beads
[M::hk_bmap_gen] 204305 bin pairs
[M::blind-gpu] prepared pair buffers: n_diploid=5266 n_pairs=209408 n_block_keys=408704 n_steps=100
[I::fdg-gpu] blocklist CSR ready: edges=408704 avg_deg=77.61 max_deg=182
[M::hk_bmap_gen] generated 5266 beads
[M::hk_bmap_gen] 204016 bin pairs
[M::blind-gpu] prepared pair buffers: n_diploid=5266 n_pairs=209124 n_block_keys=408136 n_steps=100
[I::fdg-gpu] blocklist CSR ready: edges=408136 avg_deg=77.50 max_deg=184
[M::hk_bmap_gen] generated 5266 beads
[M::hk_bmap_gen] 203791 bin pairs
[M::blind-gpu] prepared pair buffers: n_diploid=5266 n_pairs=208891 n_block_keys=407672 n_steps=100
[I::fdg-gpu] blocklist CSR ready: edges=407672 avg_deg=77.42 max_deg=186
[M::hk_bmap_gen] generated 5266 beads
[M::hk_bmap_gen] 203680 bin pairs
[M::blind-gpu] prepared pair buffers: n_diploid=5266 n_pairs=208781 n_block_keys=407450 n_steps=100
[I::fdg-gpu] blocklist CSR ready: edges=407450 avg_deg=77.37 max_deg=187
[M::hk_bmap_gen] generated 5266 beads
[M::hk_bmap_gen] 203564 bin pairs
[M::blind-gpu] prepared pair buffers: n_diploid=5266 n_pairs=208688 n_block_keys=407264 n_steps=100
[I::fdg-gpu] blocklist CSR ready: edges=407264 avg_deg=77.34 max_deg=188
[M::hk_bmap_gen] generated 5266 beads
[M::hk_bmap_gen] 203545 bin pairs
[M::blind-gpu] prepared pair buffers: n_diploid=5266 n_pairs=208667 n_block_keys=407224 n_steps=100
[I::fdg-gpu] blocklist CSR ready: edges=407224 avg_deg=77.33 max_deg=188
[M::hk_bmap_gen] generated 5266 beads
[M::hk_bmap_gen] 203323 bin pairs
[M::blind-gpu] prepared pair buffers: n_diploid=5266 n_pairs=208433 n_block_keys=406756 n_steps=100
[I::fdg-gpu] blocklist CSR ready: edges=406756 avg_deg=77.24 max_deg=185
[M::hk_bmap_gen] generated 5266 beads
[M::hk_bmap_gen] 203219 bin pairs
[M::blind-gpu] prepared pair buffers: n_diploid=5266 n_pairs=208323 n_block_keys=406534 n_steps=100
[I::fdg-gpu] blocklist CSR ready: edges=406534 avg_deg=77.20 max_deg=187
[M::hk_bmap_gen] generated 5266 beads
[M::hk_bmap_gen] 203163 bin pairs
[M::blind-gpu] prepared pair buffers: n_diploid=5266 n_pairs=208261 n_block_keys=406412 n_steps=100
[I::fdg-gpu] blocklist CSR ready: edges=406412 avg_deg=77.18 max_deg=187
[M::hk_bmap_gen] generated 5266 beads
[M::hk_bmap_gen] 203169 bin pairs
[M::blind-gpu] prepared pair buffers: n_diploid=5266 n_pairs=208263 n_block_keys=406414 n_steps=100
[I::fdg-gpu] blocklist CSR ready: edges=406414 avg_deg=77.18 max_deg=188
[M::hk_bmap_gen] generated 5266 beads
[M::hk_bmap_gen] 203180 bin pairs
[M::blind-gpu] prepared pair buffers: n_diploid=5266 n_pairs=208285 n_block_keys=406458 n_steps=100
[I::fdg-gpu] blocklist CSR ready: edges=406458 avg_deg=77.19 max_deg=189
[M::hk_bmap_gen] generated 5266 beads
[M::hk_bmap_gen] 203264 bin pairs
[M::blind-gpu] prepared pair buffers: n_diploid=5266 n_pairs=208365 n_block_keys=406616 n_steps=100
[I::fdg-gpu] blocklist CSR ready: edges=406616 avg_deg=77.22 max_deg=188
[M::hk_bmap_gen] generated 5266 beads
[M::hk_bmap_gen] 203329 bin pairs
[M::blind-gpu] prepared pair buffers: n_diploid=5266 n_pairs=208437 n_block_keys=406758 n_steps=100
[I::fdg-gpu] blocklist CSR ready: edges=406758 avg_deg=77.24 max_deg=188
[M::hk_bmap_gen] generated 5266 beads
[M::hk_bmap_gen] 203385 bin pairs
[M::blind-gpu] prepared pair buffers: n_diploid=5266 n_pairs=208484 n_block_keys=406850 n_steps=100
[I::fdg-gpu] blocklist CSR ready: edges=406850 avg_deg=77.26 max_deg=189
[M::hk_bmap_gen] generated 5266 beads
[M::hk_bmap_gen] 203338 bin pairs
[M::blind-gpu] prepared pair buffers: n_diploid=5266 n_pairs=208440 n_block_keys=406762 n_steps=100
[I::fdg-gpu] blocklist CSR ready: edges=406762 avg_deg=77.24 max_deg=188
[M::hk_bmap_gen] generated 5266 beads
[M::hk_bmap_gen] 203434 bin pairs
[M::blind-gpu] prepared pair buffers: n_diploid=5266 n_pairs=208543 n_block_keys=406972 n_steps=100
[I::fdg-gpu] blocklist CSR ready: edges=406972 avg_deg=77.28 max_deg=188
[M::hk_bmap_gen] generated 5266 beads
[M::hk_bmap_gen] 203488 bin pairs
[M::blind-gpu] prepared pair buffers: n_diploid=5266 n_pairs=208608 n_block_keys=407102 n_steps=100
[I::fdg-gpu] blocklist CSR ready: edges=407102 avg_deg=77.31 max_deg=187
[M::hk_bmap_gen] generated 5266 beads
[M::hk_bmap_gen] 203511 bin pairs
[M::blind-gpu] prepared pair buffers: n_diploid=5266 n_pairs=208625 n_block_keys=407136 n_steps=100
[I::fdg-gpu] blocklist CSR ready: edges=407136 avg_deg=77.31 max_deg=187
[M::hk_bmap_gen] generated 5266 beads
[M::hk_bmap_gen] 203513 bin pairs
[M::blind-gpu] prepared pair buffers: n_diploid=5266 n_pairs=208634 n_block_keys=407152 n_steps=100
[I::fdg-gpu] blocklist CSR ready: edges=407152 avg_deg=77.32 max_deg=187
[M::hk_bmap_gen] generated 5266 beads
[M::hk_bmap_gen] 203550 bin pairs
[M::blind-gpu] prepared pair buffers: n_diploid=5266 n_pairs=208672 n_block_keys=407228 n_steps=100
[I::fdg-gpu] blocklist CSR ready: edges=407228 avg_deg=77.33 max_deg=187
[M::hk_bmap_gen] generated 5266 beads
[M::hk_bmap_gen] 203632 bin pairs
[M::blind-gpu] prepared pair buffers: n_diploid=5266 n_pairs=208749 n_block_keys=407384 n_steps=100
[I::fdg-gpu] blocklist CSR ready: edges=407384 avg_deg=77.36 max_deg=187
[M::hk_bmap_gen] generated 5266 beads
[M::hk_bmap_gen] 203704 bin pairs
[M::blind-gpu] prepared pair buffers: n_diploid=5266 n_pairs=208820 n_block_keys=407526 n_steps=100
[I::fdg-gpu] blocklist CSR ready: edges=407526 avg_deg=77.39 max_deg=187
[M::hk_bmap_gen] generated 5266 beads
[M::hk_bmap_gen] 203782 bin pairs
[M::blind-gpu] prepared pair buffers: n_diploid=5266 n_pairs=208893 n_block_keys=407672 n_steps=100
[I::fdg-gpu] blocklist CSR ready: edges=407672 avg_deg=77.42 max_deg=188
[M::hk_bmap_gen] generated 5266 beads
[M::hk_bmap_gen] 203736 bin pairs
[M::blind-gpu] prepared pair buffers: n_diploid=5266 n_pairs=208844 n_block_keys=407574 n_steps=100
[I::fdg-gpu] blocklist CSR ready: edges=407574 avg_deg=77.40 max_deg=189
[M::hk_bmap_gen] generated 5266 beads
[M::hk_bmap_gen] 203651 bin pairs
[M::blind-gpu] prepared pair buffers: n_diploid=5266 n_pairs=208745 n_block_keys=407376 n_steps=100
[I::fdg-gpu] blocklist CSR ready: edges=407376 avg_deg=77.36 max_deg=190
[M::hk_bmap_gen] generated 5266 beads
[M::hk_bmap_gen] 203674 bin pairs
[M::blind-gpu] prepared pair buffers: n_diploid=5266 n_pairs=208787 n_block_keys=407462 n_steps=100
[I::fdg-gpu] blocklist CSR ready: edges=407462 avg_deg=77.38 max_deg=189
[M::hk_bmap_gen] generated 5266 beads
[M::hk_bmap_gen] 203711 bin pairs
[M::blind-gpu] prepared pair buffers: n_diploid=5266 n_pairs=208824 n_block_keys=407534 n_steps=100
[I::fdg-gpu] blocklist CSR ready: edges=407534 avg_deg=77.39 max_deg=189
[M::hk_bmap_gen] generated 5266 beads
[M::hk_bmap_gen] 203699 bin pairs
[M::blind-gpu] prepared pair buffers: n_diploid=5266 n_pairs=208819 n_block_keys=407526 n_steps=100
[I::fdg-gpu] blocklist CSR ready: edges=407526 avg_deg=77.39 max_deg=189
[M::hk_bmap_gen] generated 5266 beads
[M::hk_bmap_gen] 203745 bin pairs
[M::blind-gpu] prepared pair buffers: n_diploid=5266 n_pairs=208860 n_block_keys=407606 n_steps=100
[I::fdg-gpu] blocklist CSR ready: edges=407606 avg_deg=77.40 max_deg=190
[M::hk_bmap_gen] generated 5266 beads
[M::hk_bmap_gen] 203737 bin pairs
[M::blind-gpu] prepared pair buffers: n_diploid=5266 n_pairs=208839 n_block_keys=407564 n_steps=100
[I::fdg-gpu] blocklist CSR ready: edges=407564 avg_deg=77.40 max_deg=190
[M::hk_bmap_gen] generated 5266 beads
[M::hk_bmap_gen] 203631 bin pairs
[M::blind-gpu] prepared pair buffers: n_diploid=5266 n_pairs=208726 n_block_keys=407338 n_steps=100
[I::fdg-gpu] blocklist CSR ready: edges=407338 avg_deg=77.35 max_deg=190
[M::hk_bmap_gen] generated 5266 beads
[M::hk_bmap_gen] 203648 bin pairs
[M::blind-gpu] prepared pair buffers: n_diploid=5266 n_pairs=208746 n_block_keys=407380 n_steps=100
[I::fdg-gpu] blocklist CSR ready: edges=407380 avg_deg=77.36 max_deg=189
[M::hk_bmap_gen] generated 5266 beads
[M::hk_bmap_gen] 203657 bin pairs
[M::blind-gpu] prepared pair buffers: n_diploid=5266 n_pairs=208758 n_block_keys=407408 n_steps=100
[I::fdg-gpu] blocklist CSR ready: edges=407408 avg_deg=77.37 max_deg=190
[M::hk_bmap_gen] generated 5266 beads
[M::hk_bmap_gen] 203704 bin pairs
[M::blind-gpu] prepared pair buffers: n_diploid=5266 n_pairs=208801 n_block_keys=407494 n_steps=100
[I::fdg-gpu] blocklist CSR ready: edges=407494 avg_deg=77.38 max_deg=190
[M::hk_bmap_gen] generated 5266 beads
[M::hk_bmap_gen] 203684 bin pairs
[M::blind-gpu] prepared pair buffers: n_diploid=5266 n_pairs=208782 n_block_keys=407456 n_steps=100
[I::fdg-gpu] blocklist CSR ready: edges=407456 avg_deg=77.37 max_deg=190
[M::hk_bmap_gen] generated 5266 beads
[M::hk_bmap_gen] 203721 bin pairs
[M::blind-gpu] prepared pair buffers: n_diploid=5266 n_pairs=208836 n_block_keys=407564 n_steps=100
[I::fdg-gpu] blocklist CSR ready: edges=407564 avg_deg=77.40 max_deg=192
[M::hk_bmap_gen] generated 5266 beads
[M::hk_bmap_gen] 203807 bin pairs
[M::blind-gpu] prepared pair buffers: n_diploid=5266 n_pairs=208915 n_block_keys=407720 n_steps=100
[I::fdg-gpu] blocklist CSR ready: edges=407720 avg_deg=77.42 max_deg=192
[M::hk_bmap_gen] generated 5266 beads
[M::hk_bmap_gen] 203795 bin pairs
[M::blind-gpu] prepared pair buffers: n_diploid=5266 n_pairs=208909 n_block_keys=407708 n_steps=100
[I::fdg-gpu] blocklist CSR ready: edges=407708 avg_deg=77.42 max_deg=192
[M::hk_bmap_gen] generated 5266 beads
[M::hk_bmap_gen] 203743 bin pairs
[M::blind-gpu] prepared pair buffers: n_diploid=5266 n_pairs=208863 n_block_keys=407616 n_steps=100
[I::fdg-gpu] blocklist CSR ready: edges=407616 avg_deg=77.41 max_deg=192
[M::hk_bmap_gen] generated 5266 beads
[M::hk_bmap_gen] 203710 bin pairs
[M::blind-gpu] prepared pair buffers: n_diploid=5266 n_pairs=208826 n_block_keys=407542 n_steps=100
[I::fdg-gpu] blocklist CSR ready: edges=407542 avg_deg=77.39 max_deg=192
[M::hk_bmap_gen] generated 5266 beads
[M::hk_bmap_gen] 203666 bin pairs
[M::blind-gpu] prepared pair buffers: n_diploid=5266 n_pairs=208787 n_block_keys=407464 n_steps=100
[I::fdg-gpu] blocklist CSR ready: edges=407464 avg_deg=77.38 max_deg=192
[M::hk_bmap_gen] generated 5266 beads
[M::hk_bmap_gen] 203535 bin pairs
[M::blind-gpu] prepared pair buffers: n_diploid=5266 n_pairs=208655 n_block_keys=407200 n_steps=100
[I::fdg-gpu] blocklist CSR ready: edges=407200 avg_deg=77.33 max_deg=192
[M::hk_bmap_gen] generated 5266 beads
[M::hk_bmap_gen] 203448 bin pairs
[M::blind-gpu] prepared pair buffers: n_diploid=5266 n_pairs=208566 n_block_keys=407022 n_steps=100
[I::fdg-gpu] blocklist CSR ready: edges=407022 avg_deg=77.29 max_deg=192
[M::hk_bmap_gen] generated 5266 beads
[M::hk_bmap_gen] 203393 bin pairs
[M::blind-gpu] prepared pair buffers: n_diploid=5266 n_pairs=208519 n_block_keys=406928 n_steps=100
[I::fdg-gpu] blocklist CSR ready: edges=406928 avg_deg=77.27 max_deg=191
[M::hk_bmap_gen] generated 5266 beads
[M::hk_bmap_gen] 203340 bin pairs
[M::blind-gpu] prepared pair buffers: n_diploid=5266 n_pairs=208458 n_block_keys=406806 n_steps=100
[I::fdg-gpu] blocklist CSR ready: edges=406806 avg_deg=77.25 max_deg=191
[M::hk_bmap_gen] generated 5266 beads
[M::hk_bmap_gen] 203244 bin pairs
[M::blind-gpu] prepared pair buffers: n_diploid=5266 n_pairs=208369 n_block_keys=406632 n_steps=100
[I::fdg-gpu] blocklist CSR ready: edges=406632 avg_deg=77.22 max_deg=190
[M::hk_bmap_gen] generated 5266 beads
[M::hk_bmap_gen] 203168 bin pairs
[M::blind-gpu] prepared pair buffers: n_diploid=5266 n_pairs=208284 n_block_keys=406462 n_steps=100
[I::fdg-gpu] blocklist CSR ready: edges=406462 avg_deg=77.19 max_deg=190
minimal P9016[1m]: write outputs to /mnt/ssd/zliu/phase3/test_res/014-20260617_205632-p9016_p1006_dscale_gamma_sep_1m/work_outputs/P1006/p1006_pcgamma0_sep_off_ieps0p5_noise0_seed17/p1006_pcgamma0_sep_off_ieps0p5_noise0_seed17
[M::hk_bmap_gen] generated 5266 beads
[M::hk_bmap_gen] 203081 bin pairs
minimal P9016[1m]: status=OK final_entropy=0.75088996 final_pU=0.54165262
minimal P9016: summary /mnt/ssd/zliu/phase3/test_res/014-20260617_205632-p9016_p1006_dscale_gamma_sep_1m/work_outputs/P1006/p1006_pcgamma0_sep_off_ieps0p5_noise0_seed17/matrix_summary.tsv
