minimal P9016: input=/shared/zliu/CHARM/CHARM_mesc/data/pairs/P1006.pairs.gz output_root=/mnt/ssd/zliu/phase3/test_res/014-20260617_205632-p9016_p1006_dscale_gamma_sep_1m/work_outputs/P1006/p1006_pcgamma1_msep1_lsep1_ieps0p5_noise0_seed17 config=p1006_pcgamma1_msep1_lsep1_ieps0p5_noise0_seed17 baseline=softall n_iter=100 relax_steps=100 relax_step=0.012 chain=0 init_mode=unphased_scaffold_split init_eps=0.5 init_noise=0 init_scale=10 init_seed=17 min_sep=1 lambda_sep=1 d_scale_mode=posterior_count d_scale_input=posterior_count d_scale_formula=n_raw*posterior_prob^1 d_scale_gamma=1 d_scale_eps=1e-06 relax_backend=gpu
minimal P9016: stage 1/1 name=1m bin_size_bp=1000000 parent=0
[M::hk_map_read] read 1961601 pairs
[M::hk_bmap_gen] generated 2633 beads
[M::hk_bmap_gen] 421940 bin pairs
minimal P9016[1m]: build binned contacts
minimal P9016[1m]: init mode=unphased_scaffold_split seed=17 scale=10
[M::hk_fdg] mid_dist:1000000 max_nei:67
[M::hk_fdg1_cpu] iter:10 elapsed:0.30s rep_coef:0.2092 RMS_force:316.5101 n_rep:44.0065 energy:25.2004,6.7330,0.0049 dist:5.6286,6.7187,1.4496
[M::hk_fdg1_cpu] iter:20 elapsed:0.73s rep_coef:0.6615 RMS_force:289.5976 n_rep:158.5739 energy:7.5053,3.4220,0.0175 dist:3.3627,4.3015,1.4061
[M::hk_fdg1_cpu] iter:30 elapsed:1.61s rep_coef:0.9352 RMS_force:193.0783 n_rep:598.7083 energy:1.8023,1.0920,0.0338 dist:1.9819,2.3697,1.2737
[M::hk_fdg1_cpu] iter:40 elapsed:2.91s rep_coef:0.9907 RMS_force:101.2589 n_rep:838.7482 energy:0.5259,0.4091,0.0350 dist:1.4172,1.7338,1.2757
[M::hk_fdg1_cpu] iter:50 elapsed:4.26s rep_coef:0.9987 RMS_force:90.2029 n_rep:805.2115 energy:0.2106,0.3295,0.0318 dist:1.1198,1.6819,1.3240
minimal P9016[1m]: run softall, n_iter=100 relax_steps=100 relax_step=0.012 relax_backend=gpu
[M::hk_bmap_gen] generated 5266 beads
[M::hk_bmap_gen] 255329 bin pairs
[M::blind-gpu] prepared pair buffers: n_diploid=5266 n_pairs=260492 n_block_keys=510868 n_steps=100
[I::fdg-gpu] blocklist CSR ready: edges=510868 avg_deg=97.01 max_deg=215
[M::hk_bmap_gen] generated 5266 beads
[M::hk_bmap_gen] 247032 bin pairs
[M::blind-gpu] prepared pair buffers: n_diploid=5266 n_pairs=252099 n_block_keys=494078 n_steps=100
[I::fdg-gpu] blocklist CSR ready: edges=494078 avg_deg=93.82 max_deg=199
[M::hk_bmap_gen] generated 5266 beads
[M::hk_bmap_gen] 231882 bin pairs
[M::blind-gpu] prepared pair buffers: n_diploid=5266 n_pairs=236930 n_block_keys=463742 n_steps=100
[I::fdg-gpu] blocklist CSR ready: edges=463742 avg_deg=88.06 max_deg=198
[M::hk_bmap_gen] generated 5266 beads
[M::hk_bmap_gen] 221341 bin pairs
[M::blind-gpu] prepared pair buffers: n_diploid=5266 n_pairs=226397 n_block_keys=442682 n_steps=100
[I::fdg-gpu] blocklist CSR ready: edges=442682 avg_deg=84.06 max_deg=180
[M::hk_bmap_gen] generated 5266 beads
[M::hk_bmap_gen] 213537 bin pairs
[M::blind-gpu] prepared pair buffers: n_diploid=5266 n_pairs=218622 n_block_keys=427132 n_steps=100
[I::fdg-gpu] blocklist CSR ready: edges=427132 avg_deg=81.11 max_deg=176
[M::hk_bmap_gen] generated 5266 beads
[M::hk_bmap_gen] 208155 bin pairs
[M::blind-gpu] prepared pair buffers: n_diploid=5266 n_pairs=213216 n_block_keys=416322 n_steps=100
[I::fdg-gpu] blocklist CSR ready: edges=416322 avg_deg=79.06 max_deg=172
[M::hk_bmap_gen] generated 5266 beads
[M::hk_bmap_gen] 204409 bin pairs
[M::blind-gpu] prepared pair buffers: n_diploid=5266 n_pairs=209504 n_block_keys=408898 n_steps=100
[I::fdg-gpu] blocklist CSR ready: edges=408898 avg_deg=77.65 max_deg=173
[M::hk_bmap_gen] generated 5266 beads
[M::hk_bmap_gen] 201553 bin pairs
[M::blind-gpu] prepared pair buffers: n_diploid=5266 n_pairs=206630 n_block_keys=403140 n_steps=100
[I::fdg-gpu] blocklist CSR ready: edges=403140 avg_deg=76.56 max_deg=175
[M::hk_bmap_gen] generated 5266 beads
[M::hk_bmap_gen] 199345 bin pairs
[M::blind-gpu] prepared pair buffers: n_diploid=5266 n_pairs=204429 n_block_keys=398740 n_steps=100
[I::fdg-gpu] blocklist CSR ready: edges=398740 avg_deg=75.72 max_deg=176
[M::hk_bmap_gen] generated 5266 beads
[M::hk_bmap_gen] 197682 bin pairs
[M::blind-gpu] prepared pair buffers: n_diploid=5266 n_pairs=202777 n_block_keys=395436 n_steps=100
[I::fdg-gpu] blocklist CSR ready: edges=395436 avg_deg=75.09 max_deg=174
[M::hk_bmap_gen] generated 5266 beads
[M::hk_bmap_gen] 196703 bin pairs
[M::blind-gpu] prepared pair buffers: n_diploid=5266 n_pairs=201828 n_block_keys=393544 n_steps=100
[I::fdg-gpu] blocklist CSR ready: edges=393544 avg_deg=74.73 max_deg=178
[M::hk_bmap_gen] generated 5266 beads
[M::hk_bmap_gen] 195536 bin pairs
[M::blind-gpu] prepared pair buffers: n_diploid=5266 n_pairs=200640 n_block_keys=391168 n_steps=100
[I::fdg-gpu] blocklist CSR ready: edges=391168 avg_deg=74.28 max_deg=177
[M::hk_bmap_gen] generated 5266 beads
[M::hk_bmap_gen] 194736 bin pairs
[M::blind-gpu] prepared pair buffers: n_diploid=5266 n_pairs=199836 n_block_keys=389560 n_steps=100
[I::fdg-gpu] blocklist CSR ready: edges=389560 avg_deg=73.98 max_deg=177
[M::hk_bmap_gen] generated 5266 beads
[M::hk_bmap_gen] 193991 bin pairs
[M::blind-gpu] prepared pair buffers: n_diploid=5266 n_pairs=199087 n_block_keys=388060 n_steps=100
[I::fdg-gpu] blocklist CSR ready: edges=388060 avg_deg=73.69 max_deg=175
[M::hk_bmap_gen] generated 5266 beads
[M::hk_bmap_gen] 193505 bin pairs
[M::blind-gpu] prepared pair buffers: n_diploid=5266 n_pairs=198593 n_block_keys=387080 n_steps=100
[I::fdg-gpu] blocklist CSR ready: edges=387080 avg_deg=73.51 max_deg=173
[M::hk_bmap_gen] generated 5266 beads
[M::hk_bmap_gen] 192969 bin pairs
[M::blind-gpu] prepared pair buffers: n_diploid=5266 n_pairs=198058 n_block_keys=386004 n_steps=100
[I::fdg-gpu] blocklist CSR ready: edges=386004 avg_deg=73.30 max_deg=174
[M::hk_bmap_gen] generated 5266 beads
[M::hk_bmap_gen] 192445 bin pairs
[M::blind-gpu] prepared pair buffers: n_diploid=5266 n_pairs=197546 n_block_keys=384976 n_steps=100
[I::fdg-gpu] blocklist CSR ready: edges=384976 avg_deg=73.11 max_deg=174
[M::hk_bmap_gen] generated 5266 beads
[M::hk_bmap_gen] 192108 bin pairs
[M::blind-gpu] prepared pair buffers: n_diploid=5266 n_pairs=197176 n_block_keys=384238 n_steps=100
[I::fdg-gpu] blocklist CSR ready: edges=384238 avg_deg=72.97 max_deg=177
[M::hk_bmap_gen] generated 5266 beads
[M::hk_bmap_gen] 191703 bin pairs
[M::blind-gpu] prepared pair buffers: n_diploid=5266 n_pairs=196793 n_block_keys=383482 n_steps=100
[I::fdg-gpu] blocklist CSR ready: edges=383482 avg_deg=72.82 max_deg=180
[M::hk_bmap_gen] generated 5266 beads
[M::hk_bmap_gen] 191513 bin pairs
[M::blind-gpu] prepared pair buffers: n_diploid=5266 n_pairs=196600 n_block_keys=383100 n_steps=100
[I::fdg-gpu] blocklist CSR ready: edges=383100 avg_deg=72.75 max_deg=181
[M::hk_bmap_gen] generated 5266 beads
[M::hk_bmap_gen] 191167 bin pairs
[M::blind-gpu] prepared pair buffers: n_diploid=5266 n_pairs=196270 n_block_keys=382438 n_steps=100
[I::fdg-gpu] blocklist CSR ready: edges=382438 avg_deg=72.62 max_deg=182
[M::hk_bmap_gen] generated 5266 beads
[M::hk_bmap_gen] 191192 bin pairs
[M::blind-gpu] prepared pair buffers: n_diploid=5266 n_pairs=196308 n_block_keys=382514 n_steps=100
[I::fdg-gpu] blocklist CSR ready: edges=382514 avg_deg=72.64 max_deg=184
[M::hk_bmap_gen] generated 5266 beads
[M::hk_bmap_gen] 191056 bin pairs
[M::blind-gpu] prepared pair buffers: n_diploid=5266 n_pairs=196146 n_block_keys=382192 n_steps=100
[I::fdg-gpu] blocklist CSR ready: edges=382192 avg_deg=72.58 max_deg=184
[M::hk_bmap_gen] generated 5266 beads
[M::hk_bmap_gen] 191065 bin pairs
[M::blind-gpu] prepared pair buffers: n_diploid=5266 n_pairs=196161 n_block_keys=382224 n_steps=100
[I::fdg-gpu] blocklist CSR ready: edges=382224 avg_deg=72.58 max_deg=183
[M::hk_bmap_gen] generated 5266 beads
[M::hk_bmap_gen] 191143 bin pairs
[M::blind-gpu] prepared pair buffers: n_diploid=5266 n_pairs=196240 n_block_keys=382382 n_steps=100
[I::fdg-gpu] blocklist CSR ready: edges=382382 avg_deg=72.61 max_deg=183
[M::hk_bmap_gen] generated 5266 beads
[M::hk_bmap_gen] 191001 bin pairs
[M::blind-gpu] prepared pair buffers: n_diploid=5266 n_pairs=196098 n_block_keys=382092 n_steps=100
[I::fdg-gpu] blocklist CSR ready: edges=382092 avg_deg=72.56 max_deg=184
[M::hk_bmap_gen] generated 5266 beads
[M::hk_bmap_gen] 190894 bin pairs
[M::blind-gpu] prepared pair buffers: n_diploid=5266 n_pairs=195997 n_block_keys=381892 n_steps=100
[I::fdg-gpu] blocklist CSR ready: edges=381892 avg_deg=72.52 max_deg=185
[M::hk_bmap_gen] generated 5266 beads
[M::hk_bmap_gen] 190662 bin pairs
[M::blind-gpu] prepared pair buffers: n_diploid=5266 n_pairs=195761 n_block_keys=381426 n_steps=100
[I::fdg-gpu] blocklist CSR ready: edges=381426 avg_deg=72.43 max_deg=185
[M::hk_bmap_gen] generated 5266 beads
[M::hk_bmap_gen] 190587 bin pairs
[M::blind-gpu] prepared pair buffers: n_diploid=5266 n_pairs=195687 n_block_keys=381276 n_steps=100
[I::fdg-gpu] blocklist CSR ready: edges=381276 avg_deg=72.40 max_deg=185
[M::hk_bmap_gen] generated 5266 beads
[M::hk_bmap_gen] 190415 bin pairs
[M::blind-gpu] prepared pair buffers: n_diploid=5266 n_pairs=195522 n_block_keys=380948 n_steps=100
[I::fdg-gpu] blocklist CSR ready: edges=380948 avg_deg=72.34 max_deg=186
[M::hk_bmap_gen] generated 5266 beads
[M::hk_bmap_gen] 190184 bin pairs
[M::blind-gpu] prepared pair buffers: n_diploid=5266 n_pairs=195288 n_block_keys=380476 n_steps=100
[I::fdg-gpu] blocklist CSR ready: edges=380476 avg_deg=72.25 max_deg=185
[M::hk_bmap_gen] generated 5266 beads
[M::hk_bmap_gen] 190001 bin pairs
[M::blind-gpu] prepared pair buffers: n_diploid=5266 n_pairs=195124 n_block_keys=380148 n_steps=100
[I::fdg-gpu] blocklist CSR ready: edges=380148 avg_deg=72.19 max_deg=184
[M::hk_bmap_gen] generated 5266 beads
[M::hk_bmap_gen] 189823 bin pairs
[M::blind-gpu] prepared pair buffers: n_diploid=5266 n_pairs=194940 n_block_keys=379786 n_steps=100
[I::fdg-gpu] blocklist CSR ready: edges=379786 avg_deg=72.12 max_deg=184
[M::hk_bmap_gen] generated 5266 beads
[M::hk_bmap_gen] 189601 bin pairs
[M::blind-gpu] prepared pair buffers: n_diploid=5266 n_pairs=194710 n_block_keys=379328 n_steps=100
[I::fdg-gpu] blocklist CSR ready: edges=379328 avg_deg=72.03 max_deg=185
[M::hk_bmap_gen] generated 5266 beads
[M::hk_bmap_gen] 189498 bin pairs
[M::blind-gpu] prepared pair buffers: n_diploid=5266 n_pairs=194620 n_block_keys=379156 n_steps=100
[I::fdg-gpu] blocklist CSR ready: edges=379156 avg_deg=72.00 max_deg=189
[M::hk_bmap_gen] generated 5266 beads
[M::hk_bmap_gen] 189341 bin pairs
[M::blind-gpu] prepared pair buffers: n_diploid=5266 n_pairs=194473 n_block_keys=378862 n_steps=100
[I::fdg-gpu] blocklist CSR ready: edges=378862 avg_deg=71.94 max_deg=190
[M::hk_bmap_gen] generated 5266 beads
[M::hk_bmap_gen] 189158 bin pairs
[M::blind-gpu] prepared pair buffers: n_diploid=5266 n_pairs=194285 n_block_keys=378488 n_steps=100
[I::fdg-gpu] blocklist CSR ready: edges=378488 avg_deg=71.87 max_deg=191
[M::hk_bmap_gen] generated 5266 beads
[M::hk_bmap_gen] 188962 bin pairs
[M::blind-gpu] prepared pair buffers: n_diploid=5266 n_pairs=194088 n_block_keys=378094 n_steps=100
[I::fdg-gpu] blocklist CSR ready: edges=378094 avg_deg=71.80 max_deg=191
[M::hk_bmap_gen] generated 5266 beads
[M::hk_bmap_gen] 188848 bin pairs
[M::blind-gpu] prepared pair buffers: n_diploid=5266 n_pairs=193959 n_block_keys=377844 n_steps=100
[I::fdg-gpu] blocklist CSR ready: edges=377844 avg_deg=71.75 max_deg=190
[M::hk_bmap_gen] generated 5266 beads
[M::hk_bmap_gen] 188708 bin pairs
[M::blind-gpu] prepared pair buffers: n_diploid=5266 n_pairs=193826 n_block_keys=377580 n_steps=100
[I::fdg-gpu] blocklist CSR ready: edges=377580 avg_deg=71.70 max_deg=189
[M::hk_bmap_gen] generated 5266 beads
[M::hk_bmap_gen] 188590 bin pairs
[M::blind-gpu] prepared pair buffers: n_diploid=5266 n_pairs=193720 n_block_keys=377370 n_steps=100
[I::fdg-gpu] blocklist CSR ready: edges=377370 avg_deg=71.66 max_deg=190
[M::hk_bmap_gen] generated 5266 beads
[M::hk_bmap_gen] 188465 bin pairs
[M::blind-gpu] prepared pair buffers: n_diploid=5266 n_pairs=193596 n_block_keys=377120 n_steps=100
[I::fdg-gpu] blocklist CSR ready: edges=377120 avg_deg=71.61 max_deg=192
[M::hk_bmap_gen] generated 5266 beads
[M::hk_bmap_gen] 188262 bin pairs
[M::blind-gpu] prepared pair buffers: n_diploid=5266 n_pairs=193397 n_block_keys=376722 n_steps=100
[I::fdg-gpu] blocklist CSR ready: edges=376722 avg_deg=71.54 max_deg=193
[M::hk_bmap_gen] generated 5266 beads
[M::hk_bmap_gen] 188089 bin pairs
[M::blind-gpu] prepared pair buffers: n_diploid=5266 n_pairs=193223 n_block_keys=376374 n_steps=100
[I::fdg-gpu] blocklist CSR ready: edges=376374 avg_deg=71.47 max_deg=193
[M::hk_bmap_gen] generated 5266 beads
[M::hk_bmap_gen] 187963 bin pairs
[M::blind-gpu] prepared pair buffers: n_diploid=5266 n_pairs=193097 n_block_keys=376124 n_steps=100
[I::fdg-gpu] blocklist CSR ready: edges=376124 avg_deg=71.42 max_deg=192
[M::hk_bmap_gen] generated 5266 beads
[M::hk_bmap_gen] 187776 bin pairs
[M::blind-gpu] prepared pair buffers: n_diploid=5266 n_pairs=192910 n_block_keys=375750 n_steps=100
[I::fdg-gpu] blocklist CSR ready: edges=375750 avg_deg=71.35 max_deg=193
[M::hk_bmap_gen] generated 5266 beads
[M::hk_bmap_gen] 187685 bin pairs
[M::blind-gpu] prepared pair buffers: n_diploid=5266 n_pairs=192810 n_block_keys=375550 n_steps=100
[I::fdg-gpu] blocklist CSR ready: edges=375550 avg_deg=71.32 max_deg=192
[M::hk_bmap_gen] generated 5266 beads
[M::hk_bmap_gen] 187558 bin pairs
[M::blind-gpu] prepared pair buffers: n_diploid=5266 n_pairs=192680 n_block_keys=375290 n_steps=100
[I::fdg-gpu] blocklist CSR ready: edges=375290 avg_deg=71.27 max_deg=192
[M::hk_bmap_gen] generated 5266 beads
[M::hk_bmap_gen] 187437 bin pairs
[M::blind-gpu] prepared pair buffers: n_diploid=5266 n_pairs=192559 n_block_keys=375048 n_steps=100
[I::fdg-gpu] blocklist CSR ready: edges=375048 avg_deg=71.22 max_deg=192
[M::hk_bmap_gen] generated 5266 beads
[M::hk_bmap_gen] 187388 bin pairs
[M::blind-gpu] prepared pair buffers: n_diploid=5266 n_pairs=192505 n_block_keys=374938 n_steps=100
[I::fdg-gpu] blocklist CSR ready: edges=374938 avg_deg=71.20 max_deg=192
[M::hk_bmap_gen] generated 5266 beads
[M::hk_bmap_gen] 187260 bin pairs
[M::blind-gpu] prepared pair buffers: n_diploid=5266 n_pairs=192383 n_block_keys=374698 n_steps=100
[I::fdg-gpu] blocklist CSR ready: edges=374698 avg_deg=71.15 max_deg=192
[M::hk_bmap_gen] generated 5266 beads
[M::hk_bmap_gen] 187255 bin pairs
[M::blind-gpu] prepared pair buffers: n_diploid=5266 n_pairs=192375 n_block_keys=374678 n_steps=100
[I::fdg-gpu] blocklist CSR ready: edges=374678 avg_deg=71.15 max_deg=192
[M::hk_bmap_gen] generated 5266 beads
[M::hk_bmap_gen] 187229 bin pairs
[M::blind-gpu] prepared pair buffers: n_diploid=5266 n_pairs=192355 n_block_keys=374644 n_steps=100
[I::fdg-gpu] blocklist CSR ready: edges=374644 avg_deg=71.14 max_deg=192
[M::hk_bmap_gen] generated 5266 beads
[M::hk_bmap_gen] 187114 bin pairs
[M::blind-gpu] prepared pair buffers: n_diploid=5266 n_pairs=192237 n_block_keys=374406 n_steps=100
[I::fdg-gpu] blocklist CSR ready: edges=374406 avg_deg=71.10 max_deg=192
[M::hk_bmap_gen] generated 5266 beads
[M::hk_bmap_gen] 187070 bin pairs
[M::blind-gpu] prepared pair buffers: n_diploid=5266 n_pairs=192175 n_block_keys=374284 n_steps=100
[I::fdg-gpu] blocklist CSR ready: edges=374284 avg_deg=71.08 max_deg=192
[M::hk_bmap_gen] generated 5266 beads
[M::hk_bmap_gen] 187051 bin pairs
[M::blind-gpu] prepared pair buffers: n_diploid=5266 n_pairs=192154 n_block_keys=374242 n_steps=100
[I::fdg-gpu] blocklist CSR ready: edges=374242 avg_deg=71.07 max_deg=193
[M::hk_bmap_gen] generated 5266 beads
[M::hk_bmap_gen] 187030 bin pairs
[M::blind-gpu] prepared pair buffers: n_diploid=5266 n_pairs=192145 n_block_keys=374230 n_steps=100
[I::fdg-gpu] blocklist CSR ready: edges=374230 avg_deg=71.07 max_deg=194
[M::hk_bmap_gen] generated 5266 beads
[M::hk_bmap_gen] 186984 bin pairs
[M::blind-gpu] prepared pair buffers: n_diploid=5266 n_pairs=192102 n_block_keys=374146 n_steps=100
[I::fdg-gpu] blocklist CSR ready: edges=374146 avg_deg=71.05 max_deg=195
[M::hk_bmap_gen] generated 5266 beads
[M::hk_bmap_gen] 186994 bin pairs
[M::blind-gpu] prepared pair buffers: n_diploid=5266 n_pairs=192119 n_block_keys=374180 n_steps=100
[I::fdg-gpu] blocklist CSR ready: edges=374180 avg_deg=71.06 max_deg=195
[M::hk_bmap_gen] generated 5266 beads
[M::hk_bmap_gen] 186986 bin pairs
[M::blind-gpu] prepared pair buffers: n_diploid=5266 n_pairs=192102 n_block_keys=374156 n_steps=100
[I::fdg-gpu] blocklist CSR ready: edges=374156 avg_deg=71.05 max_deg=195
[M::hk_bmap_gen] generated 5266 beads
[M::hk_bmap_gen] 186937 bin pairs
[M::blind-gpu] prepared pair buffers: n_diploid=5266 n_pairs=192056 n_block_keys=374064 n_steps=100
[I::fdg-gpu] blocklist CSR ready: edges=374064 avg_deg=71.03 max_deg=195
[M::hk_bmap_gen] generated 5266 beads
[M::hk_bmap_gen] 186917 bin pairs
[M::blind-gpu] prepared pair buffers: n_diploid=5266 n_pairs=192033 n_block_keys=374010 n_steps=100
[I::fdg-gpu] blocklist CSR ready: edges=374010 avg_deg=71.02 max_deg=195
[M::hk_bmap_gen] generated 5266 beads
[M::hk_bmap_gen] 186908 bin pairs
[M::blind-gpu] prepared pair buffers: n_diploid=5266 n_pairs=192022 n_block_keys=373988 n_steps=100
[I::fdg-gpu] blocklist CSR ready: edges=373988 avg_deg=71.02 max_deg=195
[M::hk_bmap_gen] generated 5266 beads
[M::hk_bmap_gen] 186827 bin pairs
[M::blind-gpu] prepared pair buffers: n_diploid=5266 n_pairs=191949 n_block_keys=373840 n_steps=100
[I::fdg-gpu] blocklist CSR ready: edges=373840 avg_deg=70.99 max_deg=194
[M::hk_bmap_gen] generated 5266 beads
[M::hk_bmap_gen] 186762 bin pairs
[M::blind-gpu] prepared pair buffers: n_diploid=5266 n_pairs=191872 n_block_keys=373688 n_steps=100
[I::fdg-gpu] blocklist CSR ready: edges=373688 avg_deg=70.96 max_deg=194
[M::hk_bmap_gen] generated 5266 beads
[M::hk_bmap_gen] 186636 bin pairs
[M::blind-gpu] prepared pair buffers: n_diploid=5266 n_pairs=191753 n_block_keys=373448 n_steps=100
[I::fdg-gpu] blocklist CSR ready: edges=373448 avg_deg=70.92 max_deg=195
[M::hk_bmap_gen] generated 5266 beads
[M::hk_bmap_gen] 186669 bin pairs
[M::blind-gpu] prepared pair buffers: n_diploid=5266 n_pairs=191784 n_block_keys=373512 n_steps=100
[I::fdg-gpu] blocklist CSR ready: edges=373512 avg_deg=70.93 max_deg=195
[M::hk_bmap_gen] generated 5266 beads
[M::hk_bmap_gen] 186588 bin pairs
[M::blind-gpu] prepared pair buffers: n_diploid=5266 n_pairs=191709 n_block_keys=373364 n_steps=100
[I::fdg-gpu] blocklist CSR ready: edges=373364 avg_deg=70.90 max_deg=196
[M::hk_bmap_gen] generated 5266 beads
[M::hk_bmap_gen] 186517 bin pairs
[M::blind-gpu] prepared pair buffers: n_diploid=5266 n_pairs=191637 n_block_keys=373222 n_steps=100
[I::fdg-gpu] blocklist CSR ready: edges=373222 avg_deg=70.87 max_deg=196
[M::hk_bmap_gen] generated 5266 beads
[M::hk_bmap_gen] 186444 bin pairs
[M::blind-gpu] prepared pair buffers: n_diploid=5266 n_pairs=191561 n_block_keys=373070 n_steps=100
[I::fdg-gpu] blocklist CSR ready: edges=373070 avg_deg=70.85 max_deg=196
[M::hk_bmap_gen] generated 5266 beads
[M::hk_bmap_gen] 186438 bin pairs
[M::blind-gpu] prepared pair buffers: n_diploid=5266 n_pairs=191555 n_block_keys=373058 n_steps=100
[I::fdg-gpu] blocklist CSR ready: edges=373058 avg_deg=70.84 max_deg=196
[M::hk_bmap_gen] generated 5266 beads
[M::hk_bmap_gen] 186425 bin pairs
[M::blind-gpu] prepared pair buffers: n_diploid=5266 n_pairs=191540 n_block_keys=373028 n_steps=100
[I::fdg-gpu] blocklist CSR ready: edges=373028 avg_deg=70.84 max_deg=197
[M::hk_bmap_gen] generated 5266 beads
[M::hk_bmap_gen] 186387 bin pairs
[M::blind-gpu] prepared pair buffers: n_diploid=5266 n_pairs=191497 n_block_keys=372944 n_steps=100
[I::fdg-gpu] blocklist CSR ready: edges=372944 avg_deg=70.82 max_deg=197
[M::hk_bmap_gen] generated 5266 beads
[M::hk_bmap_gen] 186290 bin pairs
[M::blind-gpu] prepared pair buffers: n_diploid=5266 n_pairs=191400 n_block_keys=372754 n_steps=100
[I::fdg-gpu] blocklist CSR ready: edges=372754 avg_deg=70.79 max_deg=197
[M::hk_bmap_gen] generated 5266 beads
[M::hk_bmap_gen] 186266 bin pairs
[M::blind-gpu] prepared pair buffers: n_diploid=5266 n_pairs=191380 n_block_keys=372714 n_steps=100
[I::fdg-gpu] blocklist CSR ready: edges=372714 avg_deg=70.78 max_deg=197
[M::hk_bmap_gen] generated 5266 beads
[M::hk_bmap_gen] 186181 bin pairs
[M::blind-gpu] prepared pair buffers: n_diploid=5266 n_pairs=191291 n_block_keys=372534 n_steps=100
[I::fdg-gpu] blocklist CSR ready: edges=372534 avg_deg=70.74 max_deg=197
[M::hk_bmap_gen] generated 5266 beads
[M::hk_bmap_gen] 186083 bin pairs
[M::blind-gpu] prepared pair buffers: n_diploid=5266 n_pairs=191196 n_block_keys=372346 n_steps=100
[I::fdg-gpu] blocklist CSR ready: edges=372346 avg_deg=70.71 max_deg=198
[M::hk_bmap_gen] generated 5266 beads
[M::hk_bmap_gen] 186022 bin pairs
[M::blind-gpu] prepared pair buffers: n_diploid=5266 n_pairs=191141 n_block_keys=372238 n_steps=100
[I::fdg-gpu] blocklist CSR ready: edges=372238 avg_deg=70.69 max_deg=198
[M::hk_bmap_gen] generated 5266 beads
[M::hk_bmap_gen] 185979 bin pairs
[M::blind-gpu] prepared pair buffers: n_diploid=5266 n_pairs=191096 n_block_keys=372152 n_steps=100
[I::fdg-gpu] blocklist CSR ready: edges=372152 avg_deg=70.67 max_deg=198
[M::hk_bmap_gen] generated 5266 beads
[M::hk_bmap_gen] 186028 bin pairs
[M::blind-gpu] prepared pair buffers: n_diploid=5266 n_pairs=191135 n_block_keys=372230 n_steps=100
[I::fdg-gpu] blocklist CSR ready: edges=372230 avg_deg=70.69 max_deg=198
[M::hk_bmap_gen] generated 5266 beads
[M::hk_bmap_gen] 186026 bin pairs
[M::blind-gpu] prepared pair buffers: n_diploid=5266 n_pairs=191137 n_block_keys=372238 n_steps=100
[I::fdg-gpu] blocklist CSR ready: edges=372238 avg_deg=70.69 max_deg=198
[M::hk_bmap_gen] generated 5266 beads
[M::hk_bmap_gen] 185984 bin pairs
[M::blind-gpu] prepared pair buffers: n_diploid=5266 n_pairs=191094 n_block_keys=372150 n_steps=100
[I::fdg-gpu] blocklist CSR ready: edges=372150 avg_deg=70.67 max_deg=198
[M::hk_bmap_gen] generated 5266 beads
[M::hk_bmap_gen] 185966 bin pairs
[M::blind-gpu] prepared pair buffers: n_diploid=5266 n_pairs=191077 n_block_keys=372122 n_steps=100
[I::fdg-gpu] blocklist CSR ready: edges=372122 avg_deg=70.67 max_deg=197
[M::hk_bmap_gen] generated 5266 beads
[M::hk_bmap_gen] 185970 bin pairs
[M::blind-gpu] prepared pair buffers: n_diploid=5266 n_pairs=191080 n_block_keys=372128 n_steps=100
[I::fdg-gpu] blocklist CSR ready: edges=372128 avg_deg=70.67 max_deg=197
[M::hk_bmap_gen] generated 5266 beads
[M::hk_bmap_gen] 185970 bin pairs
[M::blind-gpu] prepared pair buffers: n_diploid=5266 n_pairs=191081 n_block_keys=372128 n_steps=100
[I::fdg-gpu] blocklist CSR ready: edges=372128 avg_deg=70.67 max_deg=197
[M::hk_bmap_gen] generated 5266 beads
[M::hk_bmap_gen] 185994 bin pairs
[M::blind-gpu] prepared pair buffers: n_diploid=5266 n_pairs=191108 n_block_keys=372180 n_steps=100
[I::fdg-gpu] blocklist CSR ready: edges=372180 avg_deg=70.68 max_deg=197
[M::hk_bmap_gen] generated 5266 beads
[M::hk_bmap_gen] 186016 bin pairs
[M::blind-gpu] prepared pair buffers: n_diploid=5266 n_pairs=191126 n_block_keys=372218 n_steps=100
[I::fdg-gpu] blocklist CSR ready: edges=372218 avg_deg=70.68 max_deg=197
[M::hk_bmap_gen] generated 5266 beads
[M::hk_bmap_gen] 185961 bin pairs
[M::blind-gpu] prepared pair buffers: n_diploid=5266 n_pairs=191074 n_block_keys=372116 n_steps=100
[I::fdg-gpu] blocklist CSR ready: edges=372116 avg_deg=70.66 max_deg=197
[M::hk_bmap_gen] generated 5266 beads
[M::hk_bmap_gen] 185876 bin pairs
[M::blind-gpu] prepared pair buffers: n_diploid=5266 n_pairs=190982 n_block_keys=371936 n_steps=100
[I::fdg-gpu] blocklist CSR ready: edges=371936 avg_deg=70.63 max_deg=197
[M::hk_bmap_gen] generated 5266 beads
[M::hk_bmap_gen] 185814 bin pairs
[M::blind-gpu] prepared pair buffers: n_diploid=5266 n_pairs=190916 n_block_keys=371802 n_steps=100
[I::fdg-gpu] blocklist CSR ready: edges=371802 avg_deg=70.60 max_deg=197
[M::hk_bmap_gen] generated 5266 beads
[M::hk_bmap_gen] 185792 bin pairs
[M::blind-gpu] prepared pair buffers: n_diploid=5266 n_pairs=190895 n_block_keys=371760 n_steps=100
[I::fdg-gpu] blocklist CSR ready: edges=371760 avg_deg=70.60 max_deg=197
[M::hk_bmap_gen] generated 5266 beads
[M::hk_bmap_gen] 185788 bin pairs
[M::blind-gpu] prepared pair buffers: n_diploid=5266 n_pairs=190894 n_block_keys=371758 n_steps=100
[I::fdg-gpu] blocklist CSR ready: edges=371758 avg_deg=70.60 max_deg=197
[M::hk_bmap_gen] generated 5266 beads
[M::hk_bmap_gen] 185747 bin pairs
[M::blind-gpu] prepared pair buffers: n_diploid=5266 n_pairs=190856 n_block_keys=371682 n_steps=100
[I::fdg-gpu] blocklist CSR ready: edges=371682 avg_deg=70.58 max_deg=197
[M::hk_bmap_gen] generated 5266 beads
[M::hk_bmap_gen] 185759 bin pairs
[M::blind-gpu] prepared pair buffers: n_diploid=5266 n_pairs=190866 n_block_keys=371702 n_steps=100
[I::fdg-gpu] blocklist CSR ready: edges=371702 avg_deg=70.59 max_deg=197
[M::hk_bmap_gen] generated 5266 beads
[M::hk_bmap_gen] 185756 bin pairs
[M::blind-gpu] prepared pair buffers: n_diploid=5266 n_pairs=190865 n_block_keys=371700 n_steps=100
[I::fdg-gpu] blocklist CSR ready: edges=371700 avg_deg=70.58 max_deg=197
[M::hk_bmap_gen] generated 5266 beads
[M::hk_bmap_gen] 185787 bin pairs
[M::blind-gpu] prepared pair buffers: n_diploid=5266 n_pairs=190902 n_block_keys=371774 n_steps=100
[I::fdg-gpu] blocklist CSR ready: edges=371774 avg_deg=70.60 max_deg=197
[M::hk_bmap_gen] generated 5266 beads
[M::hk_bmap_gen] 185757 bin pairs
[M::blind-gpu] prepared pair buffers: n_diploid=5266 n_pairs=190872 n_block_keys=371712 n_steps=100
[I::fdg-gpu] blocklist CSR ready: edges=371712 avg_deg=70.59 max_deg=197
[M::hk_bmap_gen] generated 5266 beads
[M::hk_bmap_gen] 185763 bin pairs
[M::blind-gpu] prepared pair buffers: n_diploid=5266 n_pairs=190875 n_block_keys=371722 n_steps=100
[I::fdg-gpu] blocklist CSR ready: edges=371722 avg_deg=70.59 max_deg=197
[M::hk_bmap_gen] generated 5266 beads
[M::hk_bmap_gen] 185764 bin pairs
[M::blind-gpu] prepared pair buffers: n_diploid=5266 n_pairs=190870 n_block_keys=371712 n_steps=100
[I::fdg-gpu] blocklist CSR ready: edges=371712 avg_deg=70.59 max_deg=197
[M::hk_bmap_gen] generated 5266 beads
[M::hk_bmap_gen] 185782 bin pairs
[M::blind-gpu] prepared pair buffers: n_diploid=5266 n_pairs=190888 n_block_keys=371746 n_steps=100
[I::fdg-gpu] blocklist CSR ready: edges=371746 avg_deg=70.59 max_deg=197
minimal P9016[1m]: write outputs to /mnt/ssd/zliu/phase3/test_res/014-20260617_205632-p9016_p1006_dscale_gamma_sep_1m/work_outputs/P1006/p1006_pcgamma1_msep1_lsep1_ieps0p5_noise0_seed17/p1006_pcgamma1_msep1_lsep1_ieps0p5_noise0_seed17
[M::hk_bmap_gen] generated 5266 beads
[M::hk_bmap_gen] 185801 bin pairs
minimal P9016[1m]: status=OK final_entropy=0.64717722 final_pU=0.4668397
minimal P9016: summary /mnt/ssd/zliu/phase3/test_res/014-20260617_205632-p9016_p1006_dscale_gamma_sep_1m/work_outputs/P1006/p1006_pcgamma1_msep1_lsep1_ieps0p5_noise0_seed17/matrix_summary.tsv
