minimal P9016: input=/shared/zliu/CHARM/CHARM_mesc/data/pairs/P1006.pairs.gz output_root=/mnt/ssd/zliu/phase3/test_res/014-20260617_205632-p9016_p1006_dscale_gamma_sep_1m/work_outputs/P1006/p1006_pcgamma0p25_sep_off_ieps0p5_noise0_seed17 config=p1006_pcgamma0p25_sep_off_ieps0p5_noise0_seed17 baseline=softall n_iter=100 relax_steps=100 relax_step=0.012 chain=0 init_mode=unphased_scaffold_split init_eps=0.5 init_noise=0 init_scale=10 init_seed=17 min_sep=0 lambda_sep=0 d_scale_mode=posterior_count d_scale_input=posterior_count d_scale_formula=n_raw*posterior_prob^0.25 d_scale_gamma=0.25 d_scale_eps=1e-06 relax_backend=gpu
minimal P9016: stage 1/1 name=1m bin_size_bp=1000000 parent=0
[M::hk_map_read] read 1961601 pairs
[M::hk_bmap_gen] generated 2633 beads
[M::hk_bmap_gen] 421940 bin pairs
minimal P9016[1m]: build binned contacts
minimal P9016[1m]: init mode=unphased_scaffold_split seed=17 scale=10
[M::hk_fdg] mid_dist:1000000 max_nei:67
[M::hk_fdg1_cpu] iter:10 elapsed:0.30s rep_coef:0.2092 RMS_force:316.5101 n_rep:44.0065 energy:25.2004,6.7330,0.0049 dist:5.6286,6.7187,1.4496
[M::hk_fdg1_cpu] iter:20 elapsed:0.90s rep_coef:0.6615 RMS_force:289.5976 n_rep:158.5739 energy:7.5053,3.4220,0.0175 dist:3.3627,4.3015,1.4061
[M::hk_fdg1_cpu] iter:30 elapsed:1.83s rep_coef:0.9352 RMS_force:193.0783 n_rep:598.7083 energy:1.8023,1.0920,0.0338 dist:1.9819,2.3697,1.2737
[M::hk_fdg1_cpu] iter:40 elapsed:3.14s rep_coef:0.9907 RMS_force:101.2589 n_rep:838.7482 energy:0.5259,0.4091,0.0350 dist:1.4172,1.7338,1.2757
[M::hk_fdg1_cpu] iter:50 elapsed:4.49s rep_coef:0.9987 RMS_force:90.2029 n_rep:805.2115 energy:0.2106,0.3295,0.0318 dist:1.1198,1.6819,1.3240
minimal P9016[1m]: run softall, n_iter=100 relax_steps=100 relax_step=0.012 relax_backend=gpu
[M::hk_bmap_gen] generated 5266 beads
[M::hk_bmap_gen] 255329 bin pairs
[M::blind-gpu] prepared pair buffers: n_diploid=5266 n_pairs=260492 n_block_keys=510868 n_steps=100
[I::fdg-gpu] blocklist CSR ready: edges=510868 avg_deg=97.01 max_deg=215
[M::hk_bmap_gen] generated 5266 beads
[M::hk_bmap_gen] 252604 bin pairs
[M::blind-gpu] prepared pair buffers: n_diploid=5266 n_pairs=257734 n_block_keys=505348 n_steps=100
[I::fdg-gpu] blocklist CSR ready: edges=505348 avg_deg=95.96 max_deg=206
[M::hk_bmap_gen] generated 5266 beads
[M::hk_bmap_gen] 239896 bin pairs
[M::blind-gpu] prepared pair buffers: n_diploid=5266 n_pairs=245003 n_block_keys=479886 n_steps=100
[I::fdg-gpu] blocklist CSR ready: edges=479886 avg_deg=91.13 max_deg=194
[M::hk_bmap_gen] generated 5266 beads
[M::hk_bmap_gen] 232972 bin pairs
[M::blind-gpu] prepared pair buffers: n_diploid=5266 n_pairs=238046 n_block_keys=465974 n_steps=100
[I::fdg-gpu] blocklist CSR ready: edges=465974 avg_deg=88.49 max_deg=194
[M::hk_bmap_gen] generated 5266 beads
[M::hk_bmap_gen] 228539 bin pairs
[M::blind-gpu] prepared pair buffers: n_diploid=5266 n_pairs=233618 n_block_keys=457120 n_steps=100
[I::fdg-gpu] blocklist CSR ready: edges=457120 avg_deg=86.81 max_deg=181
[M::hk_bmap_gen] generated 5266 beads
[M::hk_bmap_gen] 224861 bin pairs
[M::blind-gpu] prepared pair buffers: n_diploid=5266 n_pairs=229916 n_block_keys=449722 n_steps=100
[I::fdg-gpu] blocklist CSR ready: edges=449722 avg_deg=85.40 max_deg=185
[M::hk_bmap_gen] generated 5266 beads
[M::hk_bmap_gen] 222049 bin pairs
[M::blind-gpu] prepared pair buffers: n_diploid=5266 n_pairs=227109 n_block_keys=444110 n_steps=100
[I::fdg-gpu] blocklist CSR ready: edges=444110 avg_deg=84.34 max_deg=190
[M::hk_bmap_gen] generated 5266 beads
[M::hk_bmap_gen] 219289 bin pairs
[M::blind-gpu] prepared pair buffers: n_diploid=5266 n_pairs=224371 n_block_keys=438630 n_steps=100
[I::fdg-gpu] blocklist CSR ready: edges=438630 avg_deg=83.29 max_deg=191
[M::hk_bmap_gen] generated 5266 beads
[M::hk_bmap_gen] 216680 bin pairs
[M::blind-gpu] prepared pair buffers: n_diploid=5266 n_pairs=221749 n_block_keys=433384 n_steps=100
[I::fdg-gpu] blocklist CSR ready: edges=433384 avg_deg=82.30 max_deg=185
[M::hk_bmap_gen] generated 5266 beads
[M::hk_bmap_gen] 214752 bin pairs
[M::blind-gpu] prepared pair buffers: n_diploid=5266 n_pairs=219849 n_block_keys=429584 n_steps=100
[I::fdg-gpu] blocklist CSR ready: edges=429584 avg_deg=81.58 max_deg=186
[M::hk_bmap_gen] generated 5266 beads
[M::hk_bmap_gen] 213461 bin pairs
[M::blind-gpu] prepared pair buffers: n_diploid=5266 n_pairs=218547 n_block_keys=426978 n_steps=100
[I::fdg-gpu] blocklist CSR ready: edges=426978 avg_deg=81.08 max_deg=185
[M::hk_bmap_gen] generated 5266 beads
[M::hk_bmap_gen] 212047 bin pairs
[M::blind-gpu] prepared pair buffers: n_diploid=5266 n_pairs=217154 n_block_keys=424186 n_steps=100
[I::fdg-gpu] blocklist CSR ready: edges=424186 avg_deg=80.55 max_deg=188
[M::hk_bmap_gen] generated 5266 beads
[M::hk_bmap_gen] 210999 bin pairs
[M::blind-gpu] prepared pair buffers: n_diploid=5266 n_pairs=216099 n_block_keys=422078 n_steps=100
[I::fdg-gpu] blocklist CSR ready: edges=422078 avg_deg=80.15 max_deg=188
[M::hk_bmap_gen] generated 5266 beads
[M::hk_bmap_gen] 210001 bin pairs
[M::blind-gpu] prepared pair buffers: n_diploid=5266 n_pairs=215113 n_block_keys=420108 n_steps=100
[I::fdg-gpu] blocklist CSR ready: edges=420108 avg_deg=79.78 max_deg=187
[M::hk_bmap_gen] generated 5266 beads
[M::hk_bmap_gen] 209356 bin pairs
[M::blind-gpu] prepared pair buffers: n_diploid=5266 n_pairs=214472 n_block_keys=418828 n_steps=100
[I::fdg-gpu] blocklist CSR ready: edges=418828 avg_deg=79.53 max_deg=187
[M::hk_bmap_gen] generated 5266 beads
[M::hk_bmap_gen] 208773 bin pairs
[M::blind-gpu] prepared pair buffers: n_diploid=5266 n_pairs=213883 n_block_keys=417656 n_steps=100
[I::fdg-gpu] blocklist CSR ready: edges=417656 avg_deg=79.31 max_deg=188
[M::hk_bmap_gen] generated 5266 beads
[M::hk_bmap_gen] 208225 bin pairs
[M::blind-gpu] prepared pair buffers: n_diploid=5266 n_pairs=213321 n_block_keys=416534 n_steps=100
[I::fdg-gpu] blocklist CSR ready: edges=416534 avg_deg=79.10 max_deg=186
[M::hk_bmap_gen] generated 5266 beads
[M::hk_bmap_gen] 207793 bin pairs
[M::blind-gpu] prepared pair buffers: n_diploid=5266 n_pairs=212899 n_block_keys=415696 n_steps=100
[I::fdg-gpu] blocklist CSR ready: edges=415696 avg_deg=78.94 max_deg=183
[M::hk_bmap_gen] generated 5266 beads
[M::hk_bmap_gen] 207547 bin pairs
[M::blind-gpu] prepared pair buffers: n_diploid=5266 n_pairs=212656 n_block_keys=415204 n_steps=100
[I::fdg-gpu] blocklist CSR ready: edges=415204 avg_deg=78.85 max_deg=180
[M::hk_bmap_gen] generated 5266 beads
[M::hk_bmap_gen] 207098 bin pairs
[M::blind-gpu] prepared pair buffers: n_diploid=5266 n_pairs=212209 n_block_keys=414310 n_steps=100
[I::fdg-gpu] blocklist CSR ready: edges=414310 avg_deg=78.68 max_deg=182
[M::hk_bmap_gen] generated 5266 beads
[M::hk_bmap_gen] 206313 bin pairs
[M::blind-gpu] prepared pair buffers: n_diploid=5266 n_pairs=211435 n_block_keys=412764 n_steps=100
[I::fdg-gpu] blocklist CSR ready: edges=412764 avg_deg=78.38 max_deg=184
[M::hk_bmap_gen] generated 5266 beads
[M::hk_bmap_gen] 205679 bin pairs
[M::blind-gpu] prepared pair buffers: n_diploid=5266 n_pairs=210786 n_block_keys=411470 n_steps=100
[I::fdg-gpu] blocklist CSR ready: edges=411470 avg_deg=78.14 max_deg=184
[M::hk_bmap_gen] generated 5266 beads
[M::hk_bmap_gen] 205065 bin pairs
[M::blind-gpu] prepared pair buffers: n_diploid=5266 n_pairs=210162 n_block_keys=410220 n_steps=100
[I::fdg-gpu] blocklist CSR ready: edges=410220 avg_deg=77.90 max_deg=180
[M::hk_bmap_gen] generated 5266 beads
[M::hk_bmap_gen] 204501 bin pairs
[M::blind-gpu] prepared pair buffers: n_diploid=5266 n_pairs=209597 n_block_keys=409088 n_steps=100
[I::fdg-gpu] blocklist CSR ready: edges=409088 avg_deg=77.68 max_deg=180
[M::hk_bmap_gen] generated 5266 beads
[M::hk_bmap_gen] 204003 bin pairs
[M::blind-gpu] prepared pair buffers: n_diploid=5266 n_pairs=209082 n_block_keys=408062 n_steps=100
[I::fdg-gpu] blocklist CSR ready: edges=408062 avg_deg=77.49 max_deg=183
[M::hk_bmap_gen] generated 5266 beads
[M::hk_bmap_gen] 203647 bin pairs
[M::blind-gpu] prepared pair buffers: n_diploid=5266 n_pairs=208742 n_block_keys=407390 n_steps=100
[I::fdg-gpu] blocklist CSR ready: edges=407390 avg_deg=77.36 max_deg=182
[M::hk_bmap_gen] generated 5266 beads
[M::hk_bmap_gen] 203152 bin pairs
[M::blind-gpu] prepared pair buffers: n_diploid=5266 n_pairs=208258 n_block_keys=406424 n_steps=100
[I::fdg-gpu] blocklist CSR ready: edges=406424 avg_deg=77.18 max_deg=182
[M::hk_bmap_gen] generated 5266 beads
[M::hk_bmap_gen] 203009 bin pairs
[M::blind-gpu] prepared pair buffers: n_diploid=5266 n_pairs=208118 n_block_keys=406142 n_steps=100
[I::fdg-gpu] blocklist CSR ready: edges=406142 avg_deg=77.13 max_deg=180
[M::hk_bmap_gen] generated 5266 beads
[M::hk_bmap_gen] 202904 bin pairs
[M::blind-gpu] prepared pair buffers: n_diploid=5266 n_pairs=208024 n_block_keys=405956 n_steps=100
[I::fdg-gpu] blocklist CSR ready: edges=405956 avg_deg=77.09 max_deg=181
[M::hk_bmap_gen] generated 5266 beads
[M::hk_bmap_gen] 202670 bin pairs
[M::blind-gpu] prepared pair buffers: n_diploid=5266 n_pairs=207785 n_block_keys=405480 n_steps=100
[I::fdg-gpu] blocklist CSR ready: edges=405480 avg_deg=77.00 max_deg=176
[M::hk_bmap_gen] generated 5266 beads
[M::hk_bmap_gen] 202498 bin pairs
[M::blind-gpu] prepared pair buffers: n_diploid=5266 n_pairs=207606 n_block_keys=405124 n_steps=100
[I::fdg-gpu] blocklist CSR ready: edges=405124 avg_deg=76.93 max_deg=179
[M::hk_bmap_gen] generated 5266 beads
[M::hk_bmap_gen] 202486 bin pairs
[M::blind-gpu] prepared pair buffers: n_diploid=5266 n_pairs=207581 n_block_keys=405072 n_steps=100
[I::fdg-gpu] blocklist CSR ready: edges=405072 avg_deg=76.92 max_deg=179
[M::hk_bmap_gen] generated 5266 beads
[M::hk_bmap_gen] 202322 bin pairs
[M::blind-gpu] prepared pair buffers: n_diploid=5266 n_pairs=207414 n_block_keys=404736 n_steps=100
[I::fdg-gpu] blocklist CSR ready: edges=404736 avg_deg=76.86 max_deg=179
[M::hk_bmap_gen] generated 5266 beads
[M::hk_bmap_gen] 202220 bin pairs
[M::blind-gpu] prepared pair buffers: n_diploid=5266 n_pairs=207317 n_block_keys=404540 n_steps=100
[I::fdg-gpu] blocklist CSR ready: edges=404540 avg_deg=76.82 max_deg=179
[M::hk_bmap_gen] generated 5266 beads
[M::hk_bmap_gen] 202059 bin pairs
[M::blind-gpu] prepared pair buffers: n_diploid=5266 n_pairs=207156 n_block_keys=404216 n_steps=100
[I::fdg-gpu] blocklist CSR ready: edges=404216 avg_deg=76.76 max_deg=179
[M::hk_bmap_gen] generated 5266 beads
[M::hk_bmap_gen] 201868 bin pairs
[M::blind-gpu] prepared pair buffers: n_diploid=5266 n_pairs=206969 n_block_keys=403838 n_steps=100
[I::fdg-gpu] blocklist CSR ready: edges=403838 avg_deg=76.69 max_deg=179
[M::hk_bmap_gen] generated 5266 beads
[M::hk_bmap_gen] 201744 bin pairs
[M::blind-gpu] prepared pair buffers: n_diploid=5266 n_pairs=206836 n_block_keys=403570 n_steps=100
[I::fdg-gpu] blocklist CSR ready: edges=403570 avg_deg=76.64 max_deg=179
[M::hk_bmap_gen] generated 5266 beads
[M::hk_bmap_gen] 201770 bin pairs
[M::blind-gpu] prepared pair buffers: n_diploid=5266 n_pairs=206870 n_block_keys=403638 n_steps=100
[I::fdg-gpu] blocklist CSR ready: edges=403638 avg_deg=76.65 max_deg=179
[M::hk_bmap_gen] generated 5266 beads
[M::hk_bmap_gen] 201772 bin pairs
[M::blind-gpu] prepared pair buffers: n_diploid=5266 n_pairs=206877 n_block_keys=403654 n_steps=100
[I::fdg-gpu] blocklist CSR ready: edges=403654 avg_deg=76.65 max_deg=180
[M::hk_bmap_gen] generated 5266 beads
[M::hk_bmap_gen] 201737 bin pairs
[M::blind-gpu] prepared pair buffers: n_diploid=5266 n_pairs=206833 n_block_keys=403566 n_steps=100
[I::fdg-gpu] blocklist CSR ready: edges=403566 avg_deg=76.64 max_deg=180
[M::hk_bmap_gen] generated 5266 beads
[M::hk_bmap_gen] 201709 bin pairs
[M::blind-gpu] prepared pair buffers: n_diploid=5266 n_pairs=206804 n_block_keys=403510 n_steps=100
[I::fdg-gpu] blocklist CSR ready: edges=403510 avg_deg=76.63 max_deg=180
[M::hk_bmap_gen] generated 5266 beads
[M::hk_bmap_gen] 201603 bin pairs
[M::blind-gpu] prepared pair buffers: n_diploid=5266 n_pairs=206693 n_block_keys=403292 n_steps=100
[I::fdg-gpu] blocklist CSR ready: edges=403292 avg_deg=76.58 max_deg=181
[M::hk_bmap_gen] generated 5266 beads
[M::hk_bmap_gen] 201429 bin pairs
[M::blind-gpu] prepared pair buffers: n_diploid=5266 n_pairs=206507 n_block_keys=402918 n_steps=100
[I::fdg-gpu] blocklist CSR ready: edges=402918 avg_deg=76.51 max_deg=180
[M::hk_bmap_gen] generated 5266 beads
[M::hk_bmap_gen] 201248 bin pairs
[M::blind-gpu] prepared pair buffers: n_diploid=5266 n_pairs=206347 n_block_keys=402598 n_steps=100
[I::fdg-gpu] blocklist CSR ready: edges=402598 avg_deg=76.45 max_deg=181
[M::hk_bmap_gen] generated 5266 beads
[M::hk_bmap_gen] 201073 bin pairs
[M::blind-gpu] prepared pair buffers: n_diploid=5266 n_pairs=206159 n_block_keys=402220 n_steps=100
[I::fdg-gpu] blocklist CSR ready: edges=402220 avg_deg=76.38 max_deg=182
[M::hk_bmap_gen] generated 5266 beads
[M::hk_bmap_gen] 200887 bin pairs
[M::blind-gpu] prepared pair buffers: n_diploid=5266 n_pairs=205975 n_block_keys=401852 n_steps=100
[I::fdg-gpu] blocklist CSR ready: edges=401852 avg_deg=76.31 max_deg=180
[M::hk_bmap_gen] generated 5266 beads
[M::hk_bmap_gen] 200831 bin pairs
[M::blind-gpu] prepared pair buffers: n_diploid=5266 n_pairs=205936 n_block_keys=401770 n_steps=100
[I::fdg-gpu] blocklist CSR ready: edges=401770 avg_deg=76.30 max_deg=180
[M::hk_bmap_gen] generated 5266 beads
[M::hk_bmap_gen] 200567 bin pairs
[M::blind-gpu] prepared pair buffers: n_diploid=5266 n_pairs=205674 n_block_keys=401248 n_steps=100
[I::fdg-gpu] blocklist CSR ready: edges=401248 avg_deg=76.20 max_deg=180
[M::hk_bmap_gen] generated 5266 beads
[M::hk_bmap_gen] 200406 bin pairs
[M::blind-gpu] prepared pair buffers: n_diploid=5266 n_pairs=205513 n_block_keys=400926 n_steps=100
[I::fdg-gpu] blocklist CSR ready: edges=400926 avg_deg=76.13 max_deg=182
[M::hk_bmap_gen] generated 5266 beads
[M::hk_bmap_gen] 200322 bin pairs
[M::blind-gpu] prepared pair buffers: n_diploid=5266 n_pairs=205429 n_block_keys=400760 n_steps=100
[I::fdg-gpu] blocklist CSR ready: edges=400760 avg_deg=76.10 max_deg=182
[M::hk_bmap_gen] generated 5266 beads
[M::hk_bmap_gen] 200200 bin pairs
[M::blind-gpu] prepared pair buffers: n_diploid=5266 n_pairs=205306 n_block_keys=400514 n_steps=100
[I::fdg-gpu] blocklist CSR ready: edges=400514 avg_deg=76.06 max_deg=183
[M::hk_bmap_gen] generated 5266 beads
[M::hk_bmap_gen] 200111 bin pairs
[M::blind-gpu] prepared pair buffers: n_diploid=5266 n_pairs=205225 n_block_keys=400348 n_steps=100
[I::fdg-gpu] blocklist CSR ready: edges=400348 avg_deg=76.03 max_deg=183
[M::hk_bmap_gen] generated 5266 beads
[M::hk_bmap_gen] 200114 bin pairs
[M::blind-gpu] prepared pair buffers: n_diploid=5266 n_pairs=205223 n_block_keys=400342 n_steps=100
[I::fdg-gpu] blocklist CSR ready: edges=400342 avg_deg=76.02 max_deg=183
[M::hk_bmap_gen] generated 5266 beads
[M::hk_bmap_gen] 200110 bin pairs
[M::blind-gpu] prepared pair buffers: n_diploid=5266 n_pairs=205225 n_block_keys=400342 n_steps=100
[I::fdg-gpu] blocklist CSR ready: edges=400342 avg_deg=76.02 max_deg=183
[M::hk_bmap_gen] generated 5266 beads
[M::hk_bmap_gen] 199953 bin pairs
[M::blind-gpu] prepared pair buffers: n_diploid=5266 n_pairs=205066 n_block_keys=400026 n_steps=100
[I::fdg-gpu] blocklist CSR ready: edges=400026 avg_deg=75.96 max_deg=183
[M::hk_bmap_gen] generated 5266 beads
[M::hk_bmap_gen] 199851 bin pairs
[M::blind-gpu] prepared pair buffers: n_diploid=5266 n_pairs=204964 n_block_keys=399820 n_steps=100
[I::fdg-gpu] blocklist CSR ready: edges=399820 avg_deg=75.92 max_deg=183
[M::hk_bmap_gen] generated 5266 beads
[M::hk_bmap_gen] 199795 bin pairs
[M::blind-gpu] prepared pair buffers: n_diploid=5266 n_pairs=204900 n_block_keys=399694 n_steps=100
[I::fdg-gpu] blocklist CSR ready: edges=399694 avg_deg=75.90 max_deg=182
[M::hk_bmap_gen] generated 5266 beads
[M::hk_bmap_gen] 199727 bin pairs
[M::blind-gpu] prepared pair buffers: n_diploid=5266 n_pairs=204829 n_block_keys=399552 n_steps=100
[I::fdg-gpu] blocklist CSR ready: edges=399552 avg_deg=75.87 max_deg=183
[M::hk_bmap_gen] generated 5266 beads
[M::hk_bmap_gen] 199661 bin pairs
[M::blind-gpu] prepared pair buffers: n_diploid=5266 n_pairs=204767 n_block_keys=399428 n_steps=100
[I::fdg-gpu] blocklist CSR ready: edges=399428 avg_deg=75.85 max_deg=183
[M::hk_bmap_gen] generated 5266 beads
[M::hk_bmap_gen] 199539 bin pairs
[M::blind-gpu] prepared pair buffers: n_diploid=5266 n_pairs=204643 n_block_keys=399180 n_steps=100
[I::fdg-gpu] blocklist CSR ready: edges=399180 avg_deg=75.80 max_deg=179
[M::hk_bmap_gen] generated 5266 beads
[M::hk_bmap_gen] 199341 bin pairs
[M::blind-gpu] prepared pair buffers: n_diploid=5266 n_pairs=204449 n_block_keys=398792 n_steps=100
[I::fdg-gpu] blocklist CSR ready: edges=398792 avg_deg=75.73 max_deg=178
[M::hk_bmap_gen] generated 5266 beads
[M::hk_bmap_gen] 199259 bin pairs
[M::blind-gpu] prepared pair buffers: n_diploid=5266 n_pairs=204372 n_block_keys=398638 n_steps=100
[I::fdg-gpu] blocklist CSR ready: edges=398638 avg_deg=75.70 max_deg=178
[M::hk_bmap_gen] generated 5266 beads
[M::hk_bmap_gen] 199143 bin pairs
[M::blind-gpu] prepared pair buffers: n_diploid=5266 n_pairs=204265 n_block_keys=398424 n_steps=100
[I::fdg-gpu] blocklist CSR ready: edges=398424 avg_deg=75.66 max_deg=179
[M::hk_bmap_gen] generated 5266 beads
[M::hk_bmap_gen] 199041 bin pairs
[M::blind-gpu] prepared pair buffers: n_diploid=5266 n_pairs=204162 n_block_keys=398214 n_steps=100
[I::fdg-gpu] blocklist CSR ready: edges=398214 avg_deg=75.62 max_deg=178
[M::hk_bmap_gen] generated 5266 beads
[M::hk_bmap_gen] 199033 bin pairs
[M::blind-gpu] prepared pair buffers: n_diploid=5266 n_pairs=204146 n_block_keys=398186 n_steps=100
[I::fdg-gpu] blocklist CSR ready: edges=398186 avg_deg=75.61 max_deg=177
[M::hk_bmap_gen] generated 5266 beads
[M::hk_bmap_gen] 198983 bin pairs
[M::blind-gpu] prepared pair buffers: n_diploid=5266 n_pairs=204103 n_block_keys=398094 n_steps=100
[I::fdg-gpu] blocklist CSR ready: edges=398094 avg_deg=75.60 max_deg=177
[M::hk_bmap_gen] generated 5266 beads
[M::hk_bmap_gen] 198984 bin pairs
[M::blind-gpu] prepared pair buffers: n_diploid=5266 n_pairs=204095 n_block_keys=398078 n_steps=100
[I::fdg-gpu] blocklist CSR ready: edges=398078 avg_deg=75.59 max_deg=177
[M::hk_bmap_gen] generated 5266 beads
[M::hk_bmap_gen] 198927 bin pairs
[M::blind-gpu] prepared pair buffers: n_diploid=5266 n_pairs=204043 n_block_keys=397974 n_steps=100
[I::fdg-gpu] blocklist CSR ready: edges=397974 avg_deg=75.57 max_deg=178
[M::hk_bmap_gen] generated 5266 beads
[M::hk_bmap_gen] 198780 bin pairs
[M::blind-gpu] prepared pair buffers: n_diploid=5266 n_pairs=203901 n_block_keys=397692 n_steps=100
[I::fdg-gpu] blocklist CSR ready: edges=397692 avg_deg=75.52 max_deg=178
[M::hk_bmap_gen] generated 5266 beads
[M::hk_bmap_gen] 198735 bin pairs
[M::blind-gpu] prepared pair buffers: n_diploid=5266 n_pairs=203848 n_block_keys=397586 n_steps=100
[I::fdg-gpu] blocklist CSR ready: edges=397586 avg_deg=75.50 max_deg=178
[M::hk_bmap_gen] generated 5266 beads
[M::hk_bmap_gen] 198661 bin pairs
[M::blind-gpu] prepared pair buffers: n_diploid=5266 n_pairs=203768 n_block_keys=397426 n_steps=100
[I::fdg-gpu] blocklist CSR ready: edges=397426 avg_deg=75.47 max_deg=180
[M::hk_bmap_gen] generated 5266 beads
[M::hk_bmap_gen] 198561 bin pairs
[M::blind-gpu] prepared pair buffers: n_diploid=5266 n_pairs=203679 n_block_keys=397244 n_steps=100
[I::fdg-gpu] blocklist CSR ready: edges=397244 avg_deg=75.44 max_deg=182
[M::hk_bmap_gen] generated 5266 beads
[M::hk_bmap_gen] 198443 bin pairs
[M::blind-gpu] prepared pair buffers: n_diploid=5266 n_pairs=203572 n_block_keys=397032 n_steps=100
[I::fdg-gpu] blocklist CSR ready: edges=397032 avg_deg=75.40 max_deg=182
[M::hk_bmap_gen] generated 5266 beads
[M::hk_bmap_gen] 198334 bin pairs
[M::blind-gpu] prepared pair buffers: n_diploid=5266 n_pairs=203438 n_block_keys=396766 n_steps=100
[I::fdg-gpu] blocklist CSR ready: edges=396766 avg_deg=75.34 max_deg=182
[M::hk_bmap_gen] generated 5266 beads
[M::hk_bmap_gen] 198189 bin pairs
[M::blind-gpu] prepared pair buffers: n_diploid=5266 n_pairs=203299 n_block_keys=396490 n_steps=100
[I::fdg-gpu] blocklist CSR ready: edges=396490 avg_deg=75.29 max_deg=183
[M::hk_bmap_gen] generated 5266 beads
[M::hk_bmap_gen] 198186 bin pairs
[M::blind-gpu] prepared pair buffers: n_diploid=5266 n_pairs=203304 n_block_keys=396500 n_steps=100
[I::fdg-gpu] blocklist CSR ready: edges=396500 avg_deg=75.29 max_deg=184
[M::hk_bmap_gen] generated 5266 beads
[M::hk_bmap_gen] 198186 bin pairs
[M::blind-gpu] prepared pair buffers: n_diploid=5266 n_pairs=203297 n_block_keys=396486 n_steps=100
[I::fdg-gpu] blocklist CSR ready: edges=396486 avg_deg=75.29 max_deg=185
[M::hk_bmap_gen] generated 5266 beads
[M::hk_bmap_gen] 198106 bin pairs
[M::blind-gpu] prepared pair buffers: n_diploid=5266 n_pairs=203221 n_block_keys=396334 n_steps=100
[I::fdg-gpu] blocklist CSR ready: edges=396334 avg_deg=75.26 max_deg=186
[M::hk_bmap_gen] generated 5266 beads
[M::hk_bmap_gen] 198074 bin pairs
[M::blind-gpu] prepared pair buffers: n_diploid=5266 n_pairs=203196 n_block_keys=396284 n_steps=100
[I::fdg-gpu] blocklist CSR ready: edges=396284 avg_deg=75.25 max_deg=186
[M::hk_bmap_gen] generated 5266 beads
[M::hk_bmap_gen] 198036 bin pairs
[M::blind-gpu] prepared pair buffers: n_diploid=5266 n_pairs=203156 n_block_keys=396206 n_steps=100
[I::fdg-gpu] blocklist CSR ready: edges=396206 avg_deg=75.24 max_deg=186
[M::hk_bmap_gen] generated 5266 beads
[M::hk_bmap_gen] 198052 bin pairs
[M::blind-gpu] prepared pair buffers: n_diploid=5266 n_pairs=203163 n_block_keys=396220 n_steps=100
[I::fdg-gpu] blocklist CSR ready: edges=396220 avg_deg=75.24 max_deg=187
[M::hk_bmap_gen] generated 5266 beads
[M::hk_bmap_gen] 198005 bin pairs
[M::blind-gpu] prepared pair buffers: n_diploid=5266 n_pairs=203117 n_block_keys=396128 n_steps=100
[I::fdg-gpu] blocklist CSR ready: edges=396128 avg_deg=75.22 max_deg=187
[M::hk_bmap_gen] generated 5266 beads
[M::hk_bmap_gen] 198009 bin pairs
[M::blind-gpu] prepared pair buffers: n_diploid=5266 n_pairs=203127 n_block_keys=396146 n_steps=100
[I::fdg-gpu] blocklist CSR ready: edges=396146 avg_deg=75.23 max_deg=187
[M::hk_bmap_gen] generated 5266 beads
[M::hk_bmap_gen] 197935 bin pairs
[M::blind-gpu] prepared pair buffers: n_diploid=5266 n_pairs=203057 n_block_keys=396006 n_steps=100
[I::fdg-gpu] blocklist CSR ready: edges=396006 avg_deg=75.20 max_deg=188
[M::hk_bmap_gen] generated 5266 beads
[M::hk_bmap_gen] 197925 bin pairs
[M::blind-gpu] prepared pair buffers: n_diploid=5266 n_pairs=203045 n_block_keys=395982 n_steps=100
[I::fdg-gpu] blocklist CSR ready: edges=395982 avg_deg=75.20 max_deg=188
[M::hk_bmap_gen] generated 5266 beads
[M::hk_bmap_gen] 197869 bin pairs
[M::blind-gpu] prepared pair buffers: n_diploid=5266 n_pairs=202987 n_block_keys=395866 n_steps=100
[I::fdg-gpu] blocklist CSR ready: edges=395866 avg_deg=75.17 max_deg=188
[M::hk_bmap_gen] generated 5266 beads
[M::hk_bmap_gen] 197812 bin pairs
[M::blind-gpu] prepared pair buffers: n_diploid=5266 n_pairs=202936 n_block_keys=395764 n_steps=100
[I::fdg-gpu] blocklist CSR ready: edges=395764 avg_deg=75.15 max_deg=189
[M::hk_bmap_gen] generated 5266 beads
[M::hk_bmap_gen] 197740 bin pairs
[M::blind-gpu] prepared pair buffers: n_diploid=5266 n_pairs=202863 n_block_keys=395618 n_steps=100
[I::fdg-gpu] blocklist CSR ready: edges=395618 avg_deg=75.13 max_deg=191
[M::hk_bmap_gen] generated 5266 beads
[M::hk_bmap_gen] 197711 bin pairs
[M::blind-gpu] prepared pair buffers: n_diploid=5266 n_pairs=202842 n_block_keys=395576 n_steps=100
[I::fdg-gpu] blocklist CSR ready: edges=395576 avg_deg=75.12 max_deg=192
[M::hk_bmap_gen] generated 5266 beads
[M::hk_bmap_gen] 197645 bin pairs
[M::blind-gpu] prepared pair buffers: n_diploid=5266 n_pairs=202773 n_block_keys=395436 n_steps=100
[I::fdg-gpu] blocklist CSR ready: edges=395436 avg_deg=75.09 max_deg=192
[M::hk_bmap_gen] generated 5266 beads
[M::hk_bmap_gen] 197519 bin pairs
[M::blind-gpu] prepared pair buffers: n_diploid=5266 n_pairs=202643 n_block_keys=395176 n_steps=100
[I::fdg-gpu] blocklist CSR ready: edges=395176 avg_deg=75.04 max_deg=192
[M::hk_bmap_gen] generated 5266 beads
[M::hk_bmap_gen] 197554 bin pairs
[M::blind-gpu] prepared pair buffers: n_diploid=5266 n_pairs=202682 n_block_keys=395256 n_steps=100
[I::fdg-gpu] blocklist CSR ready: edges=395256 avg_deg=75.06 max_deg=192
[M::hk_bmap_gen] generated 5266 beads
[M::hk_bmap_gen] 197494 bin pairs
[M::blind-gpu] prepared pair buffers: n_diploid=5266 n_pairs=202617 n_block_keys=395126 n_steps=100
[I::fdg-gpu] blocklist CSR ready: edges=395126 avg_deg=75.03 max_deg=192
[M::hk_bmap_gen] generated 5266 beads
[M::hk_bmap_gen] 197457 bin pairs
[M::blind-gpu] prepared pair buffers: n_diploid=5266 n_pairs=202567 n_block_keys=395026 n_steps=100
[I::fdg-gpu] blocklist CSR ready: edges=395026 avg_deg=75.01 max_deg=193
[M::hk_bmap_gen] generated 5266 beads
[M::hk_bmap_gen] 197418 bin pairs
[M::blind-gpu] prepared pair buffers: n_diploid=5266 n_pairs=202535 n_block_keys=394962 n_steps=100
[I::fdg-gpu] blocklist CSR ready: edges=394962 avg_deg=75.00 max_deg=193
[M::hk_bmap_gen] generated 5266 beads
[M::hk_bmap_gen] 197305 bin pairs
[M::blind-gpu] prepared pair buffers: n_diploid=5266 n_pairs=202424 n_block_keys=394740 n_steps=100
[I::fdg-gpu] blocklist CSR ready: edges=394740 avg_deg=74.96 max_deg=192
[M::hk_bmap_gen] generated 5266 beads
[M::hk_bmap_gen] 197256 bin pairs
[M::blind-gpu] prepared pair buffers: n_diploid=5266 n_pairs=202376 n_block_keys=394644 n_steps=100
[I::fdg-gpu] blocklist CSR ready: edges=394644 avg_deg=74.94 max_deg=192
[M::hk_bmap_gen] generated 5266 beads
[M::hk_bmap_gen] 197154 bin pairs
[M::blind-gpu] prepared pair buffers: n_diploid=5266 n_pairs=202271 n_block_keys=394434 n_steps=100
[I::fdg-gpu] blocklist CSR ready: edges=394434 avg_deg=74.90 max_deg=192
[M::hk_bmap_gen] generated 5266 beads
[M::hk_bmap_gen] 197035 bin pairs
[M::blind-gpu] prepared pair buffers: n_diploid=5266 n_pairs=202154 n_block_keys=394200 n_steps=100
[I::fdg-gpu] blocklist CSR ready: edges=394200 avg_deg=74.86 max_deg=192
[M::hk_bmap_gen] generated 5266 beads
[M::hk_bmap_gen] 197011 bin pairs
[M::blind-gpu] prepared pair buffers: n_diploid=5266 n_pairs=202134 n_block_keys=394162 n_steps=100
[I::fdg-gpu] blocklist CSR ready: edges=394162 avg_deg=74.85 max_deg=192
minimal P9016[1m]: write outputs to /mnt/ssd/zliu/phase3/test_res/014-20260617_205632-p9016_p1006_dscale_gamma_sep_1m/work_outputs/P1006/p1006_pcgamma0p25_sep_off_ieps0p5_noise0_seed17/p1006_pcgamma0p25_sep_off_ieps0p5_noise0_seed17
[M::hk_bmap_gen] generated 5266 beads
[M::hk_bmap_gen] 197039 bin pairs
minimal P9016[1m]: status=OK final_entropy=0.72325307 final_pU=0.52171683
minimal P9016: summary /mnt/ssd/zliu/phase3/test_res/014-20260617_205632-p9016_p1006_dscale_gamma_sep_1m/work_outputs/P1006/p1006_pcgamma0p25_sep_off_ieps0p5_noise0_seed17/matrix_summary.tsv
