minimal P9016: input=/shared/zliu/CHARM/CHARM_mesc/data/pairs/P1006.pairs.gz output_root=/mnt/ssd/zliu/phase3/test_res/014-20260617_205632-p9016_p1006_dscale_gamma_sep_1m/work_outputs/P1006/p1006_pcgamma1_msep1_lsep0p5_ieps0p5_noise0_seed17 config=p1006_pcgamma1_msep1_lsep0p5_ieps0p5_noise0_seed17 baseline=softall n_iter=100 relax_steps=100 relax_step=0.012 chain=0 init_mode=unphased_scaffold_split init_eps=0.5 init_noise=0 init_scale=10 init_seed=17 min_sep=1 lambda_sep=0.5 d_scale_mode=posterior_count d_scale_input=posterior_count d_scale_formula=n_raw*posterior_prob^1 d_scale_gamma=1 d_scale_eps=1e-06 relax_backend=gpu
minimal P9016: stage 1/1 name=1m bin_size_bp=1000000 parent=0
[M::hk_map_read] read 1961601 pairs
[M::hk_bmap_gen] generated 2633 beads
[M::hk_bmap_gen] 421940 bin pairs
minimal P9016[1m]: build binned contacts
minimal P9016[1m]: init mode=unphased_scaffold_split seed=17 scale=10
[M::hk_fdg] mid_dist:1000000 max_nei:67
[M::hk_fdg1_cpu] iter:10 elapsed:0.29s rep_coef:0.2092 RMS_force:316.5101 n_rep:44.0065 energy:25.2004,6.7330,0.0049 dist:5.6286,6.7187,1.4496
[M::hk_fdg1_cpu] iter:20 elapsed:0.73s rep_coef:0.6615 RMS_force:289.5976 n_rep:158.5739 energy:7.5053,3.4220,0.0175 dist:3.3627,4.3015,1.4061
[M::hk_fdg1_cpu] iter:30 elapsed:1.61s rep_coef:0.9352 RMS_force:193.0783 n_rep:598.7083 energy:1.8023,1.0920,0.0338 dist:1.9819,2.3697,1.2737
[M::hk_fdg1_cpu] iter:40 elapsed:2.89s rep_coef:0.9907 RMS_force:101.2589 n_rep:838.7482 energy:0.5259,0.4091,0.0350 dist:1.4172,1.7338,1.2757
[M::hk_fdg1_cpu] iter:50 elapsed:4.23s rep_coef:0.9987 RMS_force:90.2029 n_rep:805.2115 energy:0.2106,0.3295,0.0318 dist:1.1198,1.6819,1.3240
minimal P9016[1m]: run softall, n_iter=100 relax_steps=100 relax_step=0.012 relax_backend=gpu
[M::hk_bmap_gen] generated 5266 beads
[M::hk_bmap_gen] 255329 bin pairs
[M::blind-gpu] prepared pair buffers: n_diploid=5266 n_pairs=260492 n_block_keys=510868 n_steps=100
[I::fdg-gpu] blocklist CSR ready: edges=510868 avg_deg=97.01 max_deg=215
[M::hk_bmap_gen] generated 5266 beads
[M::hk_bmap_gen] 247080 bin pairs
[M::blind-gpu] prepared pair buffers: n_diploid=5266 n_pairs=252149 n_block_keys=494178 n_steps=100
[I::fdg-gpu] blocklist CSR ready: edges=494178 avg_deg=93.84 max_deg=196
[M::hk_bmap_gen] generated 5266 beads
[M::hk_bmap_gen] 232334 bin pairs
[M::blind-gpu] prepared pair buffers: n_diploid=5266 n_pairs=237417 n_block_keys=464716 n_steps=100
[I::fdg-gpu] blocklist CSR ready: edges=464716 avg_deg=88.25 max_deg=199
[M::hk_bmap_gen] generated 5266 beads
[M::hk_bmap_gen] 222082 bin pairs
[M::blind-gpu] prepared pair buffers: n_diploid=5266 n_pairs=227135 n_block_keys=444160 n_steps=100
[I::fdg-gpu] blocklist CSR ready: edges=444160 avg_deg=84.34 max_deg=185
[M::hk_bmap_gen] generated 5266 beads
[M::hk_bmap_gen] 214125 bin pairs
[M::blind-gpu] prepared pair buffers: n_diploid=5266 n_pairs=219194 n_block_keys=428284 n_steps=100
[I::fdg-gpu] blocklist CSR ready: edges=428284 avg_deg=81.33 max_deg=175
[M::hk_bmap_gen] generated 5266 beads
[M::hk_bmap_gen] 208671 bin pairs
[M::blind-gpu] prepared pair buffers: n_diploid=5266 n_pairs=213734 n_block_keys=417356 n_steps=100
[I::fdg-gpu] blocklist CSR ready: edges=417356 avg_deg=79.25 max_deg=175
[M::hk_bmap_gen] generated 5266 beads
[M::hk_bmap_gen] 204971 bin pairs
[M::blind-gpu] prepared pair buffers: n_diploid=5266 n_pairs=210037 n_block_keys=409964 n_steps=100
[I::fdg-gpu] blocklist CSR ready: edges=409964 avg_deg=77.85 max_deg=172
[M::hk_bmap_gen] generated 5266 beads
[M::hk_bmap_gen] 201928 bin pairs
[M::blind-gpu] prepared pair buffers: n_diploid=5266 n_pairs=206999 n_block_keys=403888 n_steps=100
[I::fdg-gpu] blocklist CSR ready: edges=403888 avg_deg=76.70 max_deg=175
[M::hk_bmap_gen] generated 5266 beads
[M::hk_bmap_gen] 199847 bin pairs
[M::blind-gpu] prepared pair buffers: n_diploid=5266 n_pairs=204939 n_block_keys=399760 n_steps=100
[I::fdg-gpu] blocklist CSR ready: edges=399760 avg_deg=75.91 max_deg=175
[M::hk_bmap_gen] generated 5266 beads
[M::hk_bmap_gen] 197819 bin pairs
[M::blind-gpu] prepared pair buffers: n_diploid=5266 n_pairs=202902 n_block_keys=395690 n_steps=100
[I::fdg-gpu] blocklist CSR ready: edges=395690 avg_deg=75.14 max_deg=173
[M::hk_bmap_gen] generated 5266 beads
[M::hk_bmap_gen] 196683 bin pairs
[M::blind-gpu] prepared pair buffers: n_diploid=5266 n_pairs=201775 n_block_keys=393440 n_steps=100
[I::fdg-gpu] blocklist CSR ready: edges=393440 avg_deg=74.71 max_deg=179
[M::hk_bmap_gen] generated 5266 beads
[M::hk_bmap_gen] 195745 bin pairs
[M::blind-gpu] prepared pair buffers: n_diploid=5266 n_pairs=200842 n_block_keys=391574 n_steps=100
[I::fdg-gpu] blocklist CSR ready: edges=391574 avg_deg=74.36 max_deg=178
[M::hk_bmap_gen] generated 5266 beads
[M::hk_bmap_gen] 194805 bin pairs
[M::blind-gpu] prepared pair buffers: n_diploid=5266 n_pairs=199909 n_block_keys=389708 n_steps=100
[I::fdg-gpu] blocklist CSR ready: edges=389708 avg_deg=74.00 max_deg=176
[M::hk_bmap_gen] generated 5266 beads
[M::hk_bmap_gen] 194207 bin pairs
[M::blind-gpu] prepared pair buffers: n_diploid=5266 n_pairs=199321 n_block_keys=388532 n_steps=100
[I::fdg-gpu] blocklist CSR ready: edges=388532 avg_deg=73.78 max_deg=173
[M::hk_bmap_gen] generated 5266 beads
[M::hk_bmap_gen] 193551 bin pairs
[M::blind-gpu] prepared pair buffers: n_diploid=5266 n_pairs=198651 n_block_keys=387194 n_steps=100
[I::fdg-gpu] blocklist CSR ready: edges=387194 avg_deg=73.53 max_deg=172
[M::hk_bmap_gen] generated 5266 beads
[M::hk_bmap_gen] 192912 bin pairs
[M::blind-gpu] prepared pair buffers: n_diploid=5266 n_pairs=198004 n_block_keys=385898 n_steps=100
[I::fdg-gpu] blocklist CSR ready: edges=385898 avg_deg=73.28 max_deg=173
[M::hk_bmap_gen] generated 5266 beads
[M::hk_bmap_gen] 192575 bin pairs
[M::blind-gpu] prepared pair buffers: n_diploid=5266 n_pairs=197686 n_block_keys=385258 n_steps=100
[I::fdg-gpu] blocklist CSR ready: edges=385258 avg_deg=73.16 max_deg=175
[M::hk_bmap_gen] generated 5266 beads
[M::hk_bmap_gen] 192212 bin pairs
[M::blind-gpu] prepared pair buffers: n_diploid=5266 n_pairs=197304 n_block_keys=384496 n_steps=100
[I::fdg-gpu] blocklist CSR ready: edges=384496 avg_deg=73.01 max_deg=180
[M::hk_bmap_gen] generated 5266 beads
[M::hk_bmap_gen] 191940 bin pairs
[M::blind-gpu] prepared pair buffers: n_diploid=5266 n_pairs=197037 n_block_keys=383968 n_steps=100
[I::fdg-gpu] blocklist CSR ready: edges=383968 avg_deg=72.91 max_deg=184
[M::hk_bmap_gen] generated 5266 beads
[M::hk_bmap_gen] 191643 bin pairs
[M::blind-gpu] prepared pair buffers: n_diploid=5266 n_pairs=196741 n_block_keys=383382 n_steps=100
[I::fdg-gpu] blocklist CSR ready: edges=383382 avg_deg=72.80 max_deg=183
[M::hk_bmap_gen] generated 5266 beads
[M::hk_bmap_gen] 191517 bin pairs
[M::blind-gpu] prepared pair buffers: n_diploid=5266 n_pairs=196616 n_block_keys=383130 n_steps=100
[I::fdg-gpu] blocklist CSR ready: edges=383130 avg_deg=72.76 max_deg=182
[M::hk_bmap_gen] generated 5266 beads
[M::hk_bmap_gen] 191380 bin pairs
[M::blind-gpu] prepared pair buffers: n_diploid=5266 n_pairs=196491 n_block_keys=382878 n_steps=100
[I::fdg-gpu] blocklist CSR ready: edges=382878 avg_deg=72.71 max_deg=182
[M::hk_bmap_gen] generated 5266 beads
[M::hk_bmap_gen] 191192 bin pairs
[M::blind-gpu] prepared pair buffers: n_diploid=5266 n_pairs=196295 n_block_keys=382486 n_steps=100
[I::fdg-gpu] blocklist CSR ready: edges=382486 avg_deg=72.63 max_deg=184
[M::hk_bmap_gen] generated 5266 beads
[M::hk_bmap_gen] 191082 bin pairs
[M::blind-gpu] prepared pair buffers: n_diploid=5266 n_pairs=196170 n_block_keys=382248 n_steps=100
[I::fdg-gpu] blocklist CSR ready: edges=382248 avg_deg=72.59 max_deg=183
[M::hk_bmap_gen] generated 5266 beads
[M::hk_bmap_gen] 190934 bin pairs
[M::blind-gpu] prepared pair buffers: n_diploid=5266 n_pairs=196043 n_block_keys=381990 n_steps=100
[I::fdg-gpu] blocklist CSR ready: edges=381990 avg_deg=72.54 max_deg=183
[M::hk_bmap_gen] generated 5266 beads
[M::hk_bmap_gen] 190956 bin pairs
[M::blind-gpu] prepared pair buffers: n_diploid=5266 n_pairs=196076 n_block_keys=382058 n_steps=100
[I::fdg-gpu] blocklist CSR ready: edges=382058 avg_deg=72.55 max_deg=184
[M::hk_bmap_gen] generated 5266 beads
[M::hk_bmap_gen] 190816 bin pairs
[M::blind-gpu] prepared pair buffers: n_diploid=5266 n_pairs=195944 n_block_keys=381792 n_steps=100
[I::fdg-gpu] blocklist CSR ready: edges=381792 avg_deg=72.50 max_deg=184
[M::hk_bmap_gen] generated 5266 beads
[M::hk_bmap_gen] 190698 bin pairs
[M::blind-gpu] prepared pair buffers: n_diploid=5266 n_pairs=195818 n_block_keys=381538 n_steps=100
[I::fdg-gpu] blocklist CSR ready: edges=381538 avg_deg=72.45 max_deg=184
[M::hk_bmap_gen] generated 5266 beads
[M::hk_bmap_gen] 190617 bin pairs
[M::blind-gpu] prepared pair buffers: n_diploid=5266 n_pairs=195739 n_block_keys=381380 n_steps=100
[I::fdg-gpu] blocklist CSR ready: edges=381380 avg_deg=72.42 max_deg=184
[M::hk_bmap_gen] generated 5266 beads
[M::hk_bmap_gen] 190429 bin pairs
[M::blind-gpu] prepared pair buffers: n_diploid=5266 n_pairs=195555 n_block_keys=381014 n_steps=100
[I::fdg-gpu] blocklist CSR ready: edges=381014 avg_deg=72.35 max_deg=185
[M::hk_bmap_gen] generated 5266 beads
[M::hk_bmap_gen] 190282 bin pairs
[M::blind-gpu] prepared pair buffers: n_diploid=5266 n_pairs=195401 n_block_keys=380710 n_steps=100
[I::fdg-gpu] blocklist CSR ready: edges=380710 avg_deg=72.30 max_deg=184
[M::hk_bmap_gen] generated 5266 beads
[M::hk_bmap_gen] 190070 bin pairs
[M::blind-gpu] prepared pair buffers: n_diploid=5266 n_pairs=195185 n_block_keys=380278 n_steps=100
[I::fdg-gpu] blocklist CSR ready: edges=380278 avg_deg=72.21 max_deg=185
[M::hk_bmap_gen] generated 5266 beads
[M::hk_bmap_gen] 189904 bin pairs
[M::blind-gpu] prepared pair buffers: n_diploid=5266 n_pairs=195006 n_block_keys=379922 n_steps=100
[I::fdg-gpu] blocklist CSR ready: edges=379922 avg_deg=72.15 max_deg=187
[M::hk_bmap_gen] generated 5266 beads
[M::hk_bmap_gen] 189722 bin pairs
[M::blind-gpu] prepared pair buffers: n_diploid=5266 n_pairs=194830 n_block_keys=379570 n_steps=100
[I::fdg-gpu] blocklist CSR ready: edges=379570 avg_deg=72.08 max_deg=188
[M::hk_bmap_gen] generated 5266 beads
[M::hk_bmap_gen] 189581 bin pairs
[M::blind-gpu] prepared pair buffers: n_diploid=5266 n_pairs=194698 n_block_keys=379306 n_steps=100
[I::fdg-gpu] blocklist CSR ready: edges=379306 avg_deg=72.03 max_deg=189
[M::hk_bmap_gen] generated 5266 beads
[M::hk_bmap_gen] 189503 bin pairs
[M::blind-gpu] prepared pair buffers: n_diploid=5266 n_pairs=194629 n_block_keys=379168 n_steps=100
[I::fdg-gpu] blocklist CSR ready: edges=379168 avg_deg=72.00 max_deg=190
[M::hk_bmap_gen] generated 5266 beads
[M::hk_bmap_gen] 189355 bin pairs
[M::blind-gpu] prepared pair buffers: n_diploid=5266 n_pairs=194475 n_block_keys=378864 n_steps=100
[I::fdg-gpu] blocklist CSR ready: edges=378864 avg_deg=71.95 max_deg=193
[M::hk_bmap_gen] generated 5266 beads
[M::hk_bmap_gen] 189237 bin pairs
[M::blind-gpu] prepared pair buffers: n_diploid=5266 n_pairs=194359 n_block_keys=378634 n_steps=100
[I::fdg-gpu] blocklist CSR ready: edges=378634 avg_deg=71.90 max_deg=193
[M::hk_bmap_gen] generated 5266 beads
[M::hk_bmap_gen] 189050 bin pairs
[M::blind-gpu] prepared pair buffers: n_diploid=5266 n_pairs=194175 n_block_keys=378266 n_steps=100
[I::fdg-gpu] blocklist CSR ready: edges=378266 avg_deg=71.83 max_deg=193
[M::hk_bmap_gen] generated 5266 beads
[M::hk_bmap_gen] 188922 bin pairs
[M::blind-gpu] prepared pair buffers: n_diploid=5266 n_pairs=194060 n_block_keys=378034 n_steps=100
[I::fdg-gpu] blocklist CSR ready: edges=378034 avg_deg=71.79 max_deg=193
[M::hk_bmap_gen] generated 5266 beads
[M::hk_bmap_gen] 188671 bin pairs
[M::blind-gpu] prepared pair buffers: n_diploid=5266 n_pairs=193799 n_block_keys=377512 n_steps=100
[I::fdg-gpu] blocklist CSR ready: edges=377512 avg_deg=71.69 max_deg=192
[M::hk_bmap_gen] generated 5266 beads
[M::hk_bmap_gen] 188565 bin pairs
[M::blind-gpu] prepared pair buffers: n_diploid=5266 n_pairs=193690 n_block_keys=377296 n_steps=100
[I::fdg-gpu] blocklist CSR ready: edges=377296 avg_deg=71.65 max_deg=194
[M::hk_bmap_gen] generated 5266 beads
[M::hk_bmap_gen] 188343 bin pairs
[M::blind-gpu] prepared pair buffers: n_diploid=5266 n_pairs=193461 n_block_keys=376838 n_steps=100
[I::fdg-gpu] blocklist CSR ready: edges=376838 avg_deg=71.56 max_deg=194
[M::hk_bmap_gen] generated 5266 beads
[M::hk_bmap_gen] 188235 bin pairs
[M::blind-gpu] prepared pair buffers: n_diploid=5266 n_pairs=193355 n_block_keys=376620 n_steps=100
[I::fdg-gpu] blocklist CSR ready: edges=376620 avg_deg=71.52 max_deg=194
[M::hk_bmap_gen] generated 5266 beads
[M::hk_bmap_gen] 188081 bin pairs
[M::blind-gpu] prepared pair buffers: n_diploid=5266 n_pairs=193200 n_block_keys=376310 n_steps=100
[I::fdg-gpu] blocklist CSR ready: edges=376310 avg_deg=71.46 max_deg=194
[M::hk_bmap_gen] generated 5266 beads
[M::hk_bmap_gen] 187808 bin pairs
[M::blind-gpu] prepared pair buffers: n_diploid=5266 n_pairs=192926 n_block_keys=375766 n_steps=100
[I::fdg-gpu] blocklist CSR ready: edges=375766 avg_deg=71.36 max_deg=194
[M::hk_bmap_gen] generated 5266 beads
[M::hk_bmap_gen] 187537 bin pairs
[M::blind-gpu] prepared pair buffers: n_diploid=5266 n_pairs=192660 n_block_keys=375236 n_steps=100
[I::fdg-gpu] blocklist CSR ready: edges=375236 avg_deg=71.26 max_deg=194
[M::hk_bmap_gen] generated 5266 beads
[M::hk_bmap_gen] 187424 bin pairs
[M::blind-gpu] prepared pair buffers: n_diploid=5266 n_pairs=192531 n_block_keys=374982 n_steps=100
[I::fdg-gpu] blocklist CSR ready: edges=374982 avg_deg=71.21 max_deg=193
[M::hk_bmap_gen] generated 5266 beads
[M::hk_bmap_gen] 187243 bin pairs
[M::blind-gpu] prepared pair buffers: n_diploid=5266 n_pairs=192357 n_block_keys=374644 n_steps=100
[I::fdg-gpu] blocklist CSR ready: edges=374644 avg_deg=71.14 max_deg=193
[M::hk_bmap_gen] generated 5266 beads
[M::hk_bmap_gen] 187080 bin pairs
[M::blind-gpu] prepared pair buffers: n_diploid=5266 n_pairs=192201 n_block_keys=374330 n_steps=100
[I::fdg-gpu] blocklist CSR ready: edges=374330 avg_deg=71.08 max_deg=193
[M::hk_bmap_gen] generated 5266 beads
[M::hk_bmap_gen] 186939 bin pairs
[M::blind-gpu] prepared pair buffers: n_diploid=5266 n_pairs=192056 n_block_keys=374038 n_steps=100
[I::fdg-gpu] blocklist CSR ready: edges=374038 avg_deg=71.03 max_deg=194
[M::hk_bmap_gen] generated 5266 beads
[M::hk_bmap_gen] 186885 bin pairs
[M::blind-gpu] prepared pair buffers: n_diploid=5266 n_pairs=192006 n_block_keys=373938 n_steps=100
[I::fdg-gpu] blocklist CSR ready: edges=373938 avg_deg=71.01 max_deg=194
[M::hk_bmap_gen] generated 5266 beads
[M::hk_bmap_gen] 186761 bin pairs
[M::blind-gpu] prepared pair buffers: n_diploid=5266 n_pairs=191867 n_block_keys=373662 n_steps=100
[I::fdg-gpu] blocklist CSR ready: edges=373662 avg_deg=70.96 max_deg=195
[M::hk_bmap_gen] generated 5266 beads
[M::hk_bmap_gen] 186688 bin pairs
[M::blind-gpu] prepared pair buffers: n_diploid=5266 n_pairs=191792 n_block_keys=373512 n_steps=100
[I::fdg-gpu] blocklist CSR ready: edges=373512 avg_deg=70.93 max_deg=195
[M::hk_bmap_gen] generated 5266 beads
[M::hk_bmap_gen] 186661 bin pairs
[M::blind-gpu] prepared pair buffers: n_diploid=5266 n_pairs=191763 n_block_keys=373448 n_steps=100
[I::fdg-gpu] blocklist CSR ready: edges=373448 avg_deg=70.92 max_deg=196
[M::hk_bmap_gen] generated 5266 beads
[M::hk_bmap_gen] 186660 bin pairs
[M::blind-gpu] prepared pair buffers: n_diploid=5266 n_pairs=191754 n_block_keys=373438 n_steps=100
[I::fdg-gpu] blocklist CSR ready: edges=373438 avg_deg=70.91 max_deg=198
[M::hk_bmap_gen] generated 5266 beads
[M::hk_bmap_gen] 186664 bin pairs
[M::blind-gpu] prepared pair buffers: n_diploid=5266 n_pairs=191769 n_block_keys=373468 n_steps=100
[I::fdg-gpu] blocklist CSR ready: edges=373468 avg_deg=70.92 max_deg=199
[M::hk_bmap_gen] generated 5266 beads
[M::hk_bmap_gen] 186627 bin pairs
[M::blind-gpu] prepared pair buffers: n_diploid=5266 n_pairs=191733 n_block_keys=373398 n_steps=100
[I::fdg-gpu] blocklist CSR ready: edges=373398 avg_deg=70.91 max_deg=198
[M::hk_bmap_gen] generated 5266 beads
[M::hk_bmap_gen] 186662 bin pairs
[M::blind-gpu] prepared pair buffers: n_diploid=5266 n_pairs=191767 n_block_keys=373462 n_steps=100
[I::fdg-gpu] blocklist CSR ready: edges=373462 avg_deg=70.92 max_deg=197
[M::hk_bmap_gen] generated 5266 beads
[M::hk_bmap_gen] 186582 bin pairs
[M::blind-gpu] prepared pair buffers: n_diploid=5266 n_pairs=191690 n_block_keys=373308 n_steps=100
[I::fdg-gpu] blocklist CSR ready: edges=373308 avg_deg=70.89 max_deg=197
[M::hk_bmap_gen] generated 5266 beads
[M::hk_bmap_gen] 186588 bin pairs
[M::blind-gpu] prepared pair buffers: n_diploid=5266 n_pairs=191698 n_block_keys=373324 n_steps=100
[I::fdg-gpu] blocklist CSR ready: edges=373324 avg_deg=70.89 max_deg=197
[M::hk_bmap_gen] generated 5266 beads
[M::hk_bmap_gen] 186547 bin pairs
[M::blind-gpu] prepared pair buffers: n_diploid=5266 n_pairs=191652 n_block_keys=373238 n_steps=100
[I::fdg-gpu] blocklist CSR ready: edges=373238 avg_deg=70.88 max_deg=198
[M::hk_bmap_gen] generated 5266 beads
[M::hk_bmap_gen] 186434 bin pairs
[M::blind-gpu] prepared pair buffers: n_diploid=5266 n_pairs=191542 n_block_keys=373022 n_steps=100
[I::fdg-gpu] blocklist CSR ready: edges=373022 avg_deg=70.84 max_deg=198
[M::hk_bmap_gen] generated 5266 beads
[M::hk_bmap_gen] 186375 bin pairs
[M::blind-gpu] prepared pair buffers: n_diploid=5266 n_pairs=191494 n_block_keys=372922 n_steps=100
[I::fdg-gpu] blocklist CSR ready: edges=372922 avg_deg=70.82 max_deg=198
[M::hk_bmap_gen] generated 5266 beads
[M::hk_bmap_gen] 186297 bin pairs
[M::blind-gpu] prepared pair buffers: n_diploid=5266 n_pairs=191415 n_block_keys=372754 n_steps=100
[I::fdg-gpu] blocklist CSR ready: edges=372754 avg_deg=70.79 max_deg=198
[M::hk_bmap_gen] generated 5266 beads
[M::hk_bmap_gen] 186261 bin pairs
[M::blind-gpu] prepared pair buffers: n_diploid=5266 n_pairs=191371 n_block_keys=372666 n_steps=100
[I::fdg-gpu] blocklist CSR ready: edges=372666 avg_deg=70.77 max_deg=197
[M::hk_bmap_gen] generated 5266 beads
[M::hk_bmap_gen] 186188 bin pairs
[M::blind-gpu] prepared pair buffers: n_diploid=5266 n_pairs=191293 n_block_keys=372512 n_steps=100
[I::fdg-gpu] blocklist CSR ready: edges=372512 avg_deg=70.74 max_deg=196
[M::hk_bmap_gen] generated 5266 beads
[M::hk_bmap_gen] 186140 bin pairs
[M::blind-gpu] prepared pair buffers: n_diploid=5266 n_pairs=191249 n_block_keys=372426 n_steps=100
[I::fdg-gpu] blocklist CSR ready: edges=372426 avg_deg=70.72 max_deg=195
[M::hk_bmap_gen] generated 5266 beads
[M::hk_bmap_gen] 186151 bin pairs
[M::blind-gpu] prepared pair buffers: n_diploid=5266 n_pairs=191260 n_block_keys=372442 n_steps=100
[I::fdg-gpu] blocklist CSR ready: edges=372442 avg_deg=70.73 max_deg=196
[M::hk_bmap_gen] generated 5266 beads
[M::hk_bmap_gen] 186092 bin pairs
[M::blind-gpu] prepared pair buffers: n_diploid=5266 n_pairs=191214 n_block_keys=372350 n_steps=100
[I::fdg-gpu] blocklist CSR ready: edges=372350 avg_deg=70.71 max_deg=197
[M::hk_bmap_gen] generated 5266 beads
[M::hk_bmap_gen] 186058 bin pairs
[M::blind-gpu] prepared pair buffers: n_diploid=5266 n_pairs=191172 n_block_keys=372266 n_steps=100
[I::fdg-gpu] blocklist CSR ready: edges=372266 avg_deg=70.69 max_deg=197
[M::hk_bmap_gen] generated 5266 beads
[M::hk_bmap_gen] 185960 bin pairs
[M::blind-gpu] prepared pair buffers: n_diploid=5266 n_pairs=191077 n_block_keys=372072 n_steps=100
[I::fdg-gpu] blocklist CSR ready: edges=372072 avg_deg=70.66 max_deg=197
[M::hk_bmap_gen] generated 5266 beads
[M::hk_bmap_gen] 185919 bin pairs
[M::blind-gpu] prepared pair buffers: n_diploid=5266 n_pairs=191034 n_block_keys=371982 n_steps=100
[I::fdg-gpu] blocklist CSR ready: edges=371982 avg_deg=70.64 max_deg=198
[M::hk_bmap_gen] generated 5266 beads
[M::hk_bmap_gen] 185927 bin pairs
[M::blind-gpu] prepared pair buffers: n_diploid=5266 n_pairs=191048 n_block_keys=372012 n_steps=100
[I::fdg-gpu] blocklist CSR ready: edges=372012 avg_deg=70.64 max_deg=198
[M::hk_bmap_gen] generated 5266 beads
[M::hk_bmap_gen] 185903 bin pairs
[M::blind-gpu] prepared pair buffers: n_diploid=5266 n_pairs=191025 n_block_keys=371966 n_steps=100
[I::fdg-gpu] blocklist CSR ready: edges=371966 avg_deg=70.64 max_deg=198
[M::hk_bmap_gen] generated 5266 beads
[M::hk_bmap_gen] 185889 bin pairs
[M::blind-gpu] prepared pair buffers: n_diploid=5266 n_pairs=191001 n_block_keys=371920 n_steps=100
[I::fdg-gpu] blocklist CSR ready: edges=371920 avg_deg=70.63 max_deg=198
[M::hk_bmap_gen] generated 5266 beads
[M::hk_bmap_gen] 185855 bin pairs
[M::blind-gpu] prepared pair buffers: n_diploid=5266 n_pairs=190969 n_block_keys=371856 n_steps=100
[I::fdg-gpu] blocklist CSR ready: edges=371856 avg_deg=70.61 max_deg=198
[M::hk_bmap_gen] generated 5266 beads
[M::hk_bmap_gen] 185800 bin pairs
[M::blind-gpu] prepared pair buffers: n_diploid=5266 n_pairs=190915 n_block_keys=371750 n_steps=100
[I::fdg-gpu] blocklist CSR ready: edges=371750 avg_deg=70.59 max_deg=200
[M::hk_bmap_gen] generated 5266 beads
[M::hk_bmap_gen] 185727 bin pairs
[M::blind-gpu] prepared pair buffers: n_diploid=5266 n_pairs=190845 n_block_keys=371610 n_steps=100
[I::fdg-gpu] blocklist CSR ready: edges=371610 avg_deg=70.57 max_deg=200
[M::hk_bmap_gen] generated 5266 beads
[M::hk_bmap_gen] 185597 bin pairs
[M::blind-gpu] prepared pair buffers: n_diploid=5266 n_pairs=190709 n_block_keys=371338 n_steps=100
[I::fdg-gpu] blocklist CSR ready: edges=371338 avg_deg=70.52 max_deg=199
[M::hk_bmap_gen] generated 5266 beads
[M::hk_bmap_gen] 185555 bin pairs
[M::blind-gpu] prepared pair buffers: n_diploid=5266 n_pairs=190673 n_block_keys=371268 n_steps=100
[I::fdg-gpu] blocklist CSR ready: edges=371268 avg_deg=70.50 max_deg=198
[M::hk_bmap_gen] generated 5266 beads
[M::hk_bmap_gen] 185526 bin pairs
[M::blind-gpu] prepared pair buffers: n_diploid=5266 n_pairs=190637 n_block_keys=371196 n_steps=100
[I::fdg-gpu] blocklist CSR ready: edges=371196 avg_deg=70.49 max_deg=198
[M::hk_bmap_gen] generated 5266 beads
[M::hk_bmap_gen] 185497 bin pairs
[M::blind-gpu] prepared pair buffers: n_diploid=5266 n_pairs=190607 n_block_keys=371132 n_steps=100
[I::fdg-gpu] blocklist CSR ready: edges=371132 avg_deg=70.48 max_deg=199
[M::hk_bmap_gen] generated 5266 beads
[M::hk_bmap_gen] 185471 bin pairs
[M::blind-gpu] prepared pair buffers: n_diploid=5266 n_pairs=190572 n_block_keys=371064 n_steps=100
[I::fdg-gpu] blocklist CSR ready: edges=371064 avg_deg=70.46 max_deg=200
[M::hk_bmap_gen] generated 5266 beads
[M::hk_bmap_gen] 185484 bin pairs
[M::blind-gpu] prepared pair buffers: n_diploid=5266 n_pairs=190592 n_block_keys=371102 n_steps=100
[I::fdg-gpu] blocklist CSR ready: edges=371102 avg_deg=70.47 max_deg=200
[M::hk_bmap_gen] generated 5266 beads
[M::hk_bmap_gen] 185453 bin pairs
[M::blind-gpu] prepared pair buffers: n_diploid=5266 n_pairs=190552 n_block_keys=371022 n_steps=100
[I::fdg-gpu] blocklist CSR ready: edges=371022 avg_deg=70.46 max_deg=199
[M::hk_bmap_gen] generated 5266 beads
[M::hk_bmap_gen] 185444 bin pairs
[M::blind-gpu] prepared pair buffers: n_diploid=5266 n_pairs=190545 n_block_keys=371006 n_steps=100
[I::fdg-gpu] blocklist CSR ready: edges=371006 avg_deg=70.45 max_deg=199
[M::hk_bmap_gen] generated 5266 beads
[M::hk_bmap_gen] 185428 bin pairs
[M::blind-gpu] prepared pair buffers: n_diploid=5266 n_pairs=190532 n_block_keys=370980 n_steps=100
[I::fdg-gpu] blocklist CSR ready: edges=370980 avg_deg=70.45 max_deg=199
[M::hk_bmap_gen] generated 5266 beads
[M::hk_bmap_gen] 185389 bin pairs
[M::blind-gpu] prepared pair buffers: n_diploid=5266 n_pairs=190498 n_block_keys=370912 n_steps=100
[I::fdg-gpu] blocklist CSR ready: edges=370912 avg_deg=70.44 max_deg=200
[M::hk_bmap_gen] generated 5266 beads
[M::hk_bmap_gen] 185382 bin pairs
[M::blind-gpu] prepared pair buffers: n_diploid=5266 n_pairs=190490 n_block_keys=370896 n_steps=100
[I::fdg-gpu] blocklist CSR ready: edges=370896 avg_deg=70.43 max_deg=201
[M::hk_bmap_gen] generated 5266 beads
[M::hk_bmap_gen] 185372 bin pairs
[M::blind-gpu] prepared pair buffers: n_diploid=5266 n_pairs=190473 n_block_keys=370862 n_steps=100
[I::fdg-gpu] blocklist CSR ready: edges=370862 avg_deg=70.43 max_deg=201
[M::hk_bmap_gen] generated 5266 beads
[M::hk_bmap_gen] 185329 bin pairs
[M::blind-gpu] prepared pair buffers: n_diploid=5266 n_pairs=190424 n_block_keys=370764 n_steps=100
[I::fdg-gpu] blocklist CSR ready: edges=370764 avg_deg=70.41 max_deg=202
[M::hk_bmap_gen] generated 5266 beads
[M::hk_bmap_gen] 185290 bin pairs
[M::blind-gpu] prepared pair buffers: n_diploid=5266 n_pairs=190387 n_block_keys=370690 n_steps=100
[I::fdg-gpu] blocklist CSR ready: edges=370690 avg_deg=70.39 max_deg=202
[M::hk_bmap_gen] generated 5266 beads
[M::hk_bmap_gen] 185273 bin pairs
[M::blind-gpu] prepared pair buffers: n_diploid=5266 n_pairs=190376 n_block_keys=370668 n_steps=100
[I::fdg-gpu] blocklist CSR ready: edges=370668 avg_deg=70.39 max_deg=200
[M::hk_bmap_gen] generated 5266 beads
[M::hk_bmap_gen] 185279 bin pairs
[M::blind-gpu] prepared pair buffers: n_diploid=5266 n_pairs=190376 n_block_keys=370672 n_steps=100
[I::fdg-gpu] blocklist CSR ready: edges=370672 avg_deg=70.39 max_deg=200
[M::hk_bmap_gen] generated 5266 beads
[M::hk_bmap_gen] 185218 bin pairs
[M::blind-gpu] prepared pair buffers: n_diploid=5266 n_pairs=190314 n_block_keys=370546 n_steps=100
[I::fdg-gpu] blocklist CSR ready: edges=370546 avg_deg=70.37 max_deg=199
[M::hk_bmap_gen] generated 5266 beads
[M::hk_bmap_gen] 185201 bin pairs
[M::blind-gpu] prepared pair buffers: n_diploid=5266 n_pairs=190297 n_block_keys=370512 n_steps=100
[I::fdg-gpu] blocklist CSR ready: edges=370512 avg_deg=70.36 max_deg=198
[M::hk_bmap_gen] generated 5266 beads
[M::hk_bmap_gen] 185192 bin pairs
[M::blind-gpu] prepared pair buffers: n_diploid=5266 n_pairs=190286 n_block_keys=370490 n_steps=100
[I::fdg-gpu] blocklist CSR ready: edges=370490 avg_deg=70.36 max_deg=196
[M::hk_bmap_gen] generated 5266 beads
[M::hk_bmap_gen] 185190 bin pairs
[M::blind-gpu] prepared pair buffers: n_diploid=5266 n_pairs=190288 n_block_keys=370494 n_steps=100
[I::fdg-gpu] blocklist CSR ready: edges=370494 avg_deg=70.36 max_deg=196
[M::hk_bmap_gen] generated 5266 beads
[M::hk_bmap_gen] 185197 bin pairs
[M::blind-gpu] prepared pair buffers: n_diploid=5266 n_pairs=190297 n_block_keys=370514 n_steps=100
[I::fdg-gpu] blocklist CSR ready: edges=370514 avg_deg=70.36 max_deg=196
minimal P9016[1m]: write outputs to /mnt/ssd/zliu/phase3/test_res/014-20260617_205632-p9016_p1006_dscale_gamma_sep_1m/work_outputs/P1006/p1006_pcgamma1_msep1_lsep0p5_ieps0p5_noise0_seed17/p1006_pcgamma1_msep1_lsep0p5_ieps0p5_noise0_seed17
[M::hk_bmap_gen] generated 5266 beads
[M::hk_bmap_gen] 185213 bin pairs
minimal P9016[1m]: status=OK final_entropy=0.64821738 final_pU=0.46758997
minimal P9016: summary /mnt/ssd/zliu/phase3/test_res/014-20260617_205632-p9016_p1006_dscale_gamma_sep_1m/work_outputs/P1006/p1006_pcgamma1_msep1_lsep0p5_ieps0p5_noise0_seed17/matrix_summary.tsv
