minimal P9016: input=/shared/zliu/CHARM/CHARM_mesc/data/pairs/P9016.pairs.gz output_root=/mnt/ssd/zliu/phase3/test_res/014-20260617_205632-p9016_p1006_dscale_gamma_sep_1m/work_outputs/P9016/p9016_pcgamma0p5_msep1_lsep1_ieps0p5_noise0_seed17 config=p9016_pcgamma0p5_msep1_lsep1_ieps0p5_noise0_seed17 baseline=softall n_iter=100 relax_steps=100 relax_step=0.012 chain=0 init_mode=unphased_scaffold_split init_eps=0.5 init_noise=0 init_scale=10 init_seed=17 min_sep=1 lambda_sep=1 d_scale_mode=posterior_count d_scale_input=posterior_count d_scale_formula=n_raw*posterior_prob^0.5 d_scale_gamma=0.5 d_scale_eps=1e-06 relax_backend=gpu
minimal P9016: stage 1/1 name=1m bin_size_bp=1000000 parent=0
[M::hk_map_read] read 1703888 pairs
[M::hk_bmap_gen] generated 2633 beads
[M::hk_bmap_gen] 489556 bin pairs
minimal P9016[1m]: build binned contacts
minimal P9016[1m]: init mode=unphased_scaffold_split seed=17 scale=10
[M::hk_fdg] mid_dist:1000000 max_nei:69
[M::hk_fdg1_cpu] iter:10 elapsed:0.33s rep_coef:0.2092 RMS_force:367.1874 n_rep:43.0820 energy:25.1082,6.6566,0.0049 dist:5.6169,6.6204,1.4501
[M::hk_fdg1_cpu] iter:20 elapsed:0.81s rep_coef:0.6615 RMS_force:336.9308 n_rep:157.7303 energy:7.7515,3.4068,0.0177 dist:3.4076,4.2658,1.4016
[M::hk_fdg1_cpu] iter:30 elapsed:1.75s rep_coef:0.9352 RMS_force:226.0828 n_rep:592.3505 energy:1.8327,1.0566,0.0354 dist:1.9896,2.3234,1.2554
[M::hk_fdg1_cpu] iter:40 elapsed:3.13s rep_coef:0.9907 RMS_force:132.8226 n_rep:808.7839 energy:0.5357,0.4158,0.0366 dist:1.4081,1.7237,1.2560
[M::hk_fdg1_cpu] iter:50 elapsed:4.57s rep_coef:0.9987 RMS_force:99.3491 n_rep:815.5837 energy:0.1678,0.2703,0.0325 dist:1.0643,1.6062,1.3142
minimal P9016[1m]: run softall, n_iter=100 relax_steps=100 relax_step=0.012 relax_backend=gpu
[M::hk_bmap_gen] generated 5266 beads
[M::hk_bmap_gen] 287142 bin pairs
[M::blind-gpu] prepared pair buffers: n_diploid=5266 n_pairs=292308 n_block_keys=574524 n_steps=100
[I::fdg-gpu] blocklist CSR ready: edges=574524 avg_deg=109.10 max_deg=193
[M::hk_bmap_gen] generated 5266 beads
[M::hk_bmap_gen] 290133 bin pairs
[M::blind-gpu] prepared pair buffers: n_diploid=5266 n_pairs=295247 n_block_keys=580398 n_steps=100
[I::fdg-gpu] blocklist CSR ready: edges=580398 avg_deg=110.22 max_deg=201
[M::hk_bmap_gen] generated 5266 beads
[M::hk_bmap_gen] 282765 bin pairs
[M::blind-gpu] prepared pair buffers: n_diploid=5266 n_pairs=287832 n_block_keys=565568 n_steps=100
[I::fdg-gpu] blocklist CSR ready: edges=565568 avg_deg=107.40 max_deg=214
[M::hk_bmap_gen] generated 5266 beads
[M::hk_bmap_gen] 275730 bin pairs
[M::blind-gpu] prepared pair buffers: n_diploid=5266 n_pairs=280826 n_block_keys=551560 n_steps=100
[I::fdg-gpu] blocklist CSR ready: edges=551560 avg_deg=104.74 max_deg=214
[M::hk_bmap_gen] generated 5266 beads
[M::hk_bmap_gen] 268687 bin pairs
[M::blind-gpu] prepared pair buffers: n_diploid=5266 n_pairs=273740 n_block_keys=537390 n_steps=100
[I::fdg-gpu] blocklist CSR ready: edges=537390 avg_deg=102.05 max_deg=213
[M::hk_bmap_gen] generated 5266 beads
[M::hk_bmap_gen] 262520 bin pairs
[M::blind-gpu] prepared pair buffers: n_diploid=5266 n_pairs=267586 n_block_keys=525082 n_steps=100
[I::fdg-gpu] blocklist CSR ready: edges=525082 avg_deg=99.71 max_deg=214
[M::hk_bmap_gen] generated 5266 beads
[M::hk_bmap_gen] 256937 bin pairs
[M::blind-gpu] prepared pair buffers: n_diploid=5266 n_pairs=262020 n_block_keys=513950 n_steps=100
[I::fdg-gpu] blocklist CSR ready: edges=513950 avg_deg=97.60 max_deg=215
[M::hk_bmap_gen] generated 5266 beads
[M::hk_bmap_gen] 252572 bin pairs
[M::blind-gpu] prepared pair buffers: n_diploid=5266 n_pairs=257673 n_block_keys=505256 n_steps=100
[I::fdg-gpu] blocklist CSR ready: edges=505256 avg_deg=95.95 max_deg=214
[M::hk_bmap_gen] generated 5266 beads
[M::hk_bmap_gen] 248993 bin pairs
[M::blind-gpu] prepared pair buffers: n_diploid=5266 n_pairs=254102 n_block_keys=498114 n_steps=100
[I::fdg-gpu] blocklist CSR ready: edges=498114 avg_deg=94.59 max_deg=204
[M::hk_bmap_gen] generated 5266 beads
[M::hk_bmap_gen] 245557 bin pairs
[M::blind-gpu] prepared pair buffers: n_diploid=5266 n_pairs=250658 n_block_keys=491222 n_steps=100
[I::fdg-gpu] blocklist CSR ready: edges=491222 avg_deg=93.28 max_deg=199
[M::hk_bmap_gen] generated 5266 beads
[M::hk_bmap_gen] 242730 bin pairs
[M::blind-gpu] prepared pair buffers: n_diploid=5266 n_pairs=247848 n_block_keys=485602 n_steps=100
[I::fdg-gpu] blocklist CSR ready: edges=485602 avg_deg=92.21 max_deg=198
[M::hk_bmap_gen] generated 5266 beads
[M::hk_bmap_gen] 240591 bin pairs
[M::blind-gpu] prepared pair buffers: n_diploid=5266 n_pairs=245719 n_block_keys=481344 n_steps=100
[I::fdg-gpu] blocklist CSR ready: edges=481344 avg_deg=91.41 max_deg=206
[M::hk_bmap_gen] generated 5266 beads
[M::hk_bmap_gen] 238394 bin pairs
[M::blind-gpu] prepared pair buffers: n_diploid=5266 n_pairs=243526 n_block_keys=476958 n_steps=100
[I::fdg-gpu] blocklist CSR ready: edges=476958 avg_deg=90.57 max_deg=204
[M::hk_bmap_gen] generated 5266 beads
[M::hk_bmap_gen] 236534 bin pairs
[M::blind-gpu] prepared pair buffers: n_diploid=5266 n_pairs=241671 n_block_keys=473248 n_steps=100
[I::fdg-gpu] blocklist CSR ready: edges=473248 avg_deg=89.87 max_deg=203
[M::hk_bmap_gen] generated 5266 beads
[M::hk_bmap_gen] 235038 bin pairs
[M::blind-gpu] prepared pair buffers: n_diploid=5266 n_pairs=240186 n_block_keys=470278 n_steps=100
[I::fdg-gpu] blocklist CSR ready: edges=470278 avg_deg=89.30 max_deg=201
[M::hk_bmap_gen] generated 5266 beads
[M::hk_bmap_gen] 233537 bin pairs
[M::blind-gpu] prepared pair buffers: n_diploid=5266 n_pairs=238661 n_block_keys=467228 n_steps=100
[I::fdg-gpu] blocklist CSR ready: edges=467228 avg_deg=88.73 max_deg=197
[M::hk_bmap_gen] generated 5266 beads
[M::hk_bmap_gen] 232078 bin pairs
[M::blind-gpu] prepared pair buffers: n_diploid=5266 n_pairs=237208 n_block_keys=464324 n_steps=100
[I::fdg-gpu] blocklist CSR ready: edges=464324 avg_deg=88.17 max_deg=196
[M::hk_bmap_gen] generated 5266 beads
[M::hk_bmap_gen] 230912 bin pairs
[M::blind-gpu] prepared pair buffers: n_diploid=5266 n_pairs=236044 n_block_keys=461996 n_steps=100
[I::fdg-gpu] blocklist CSR ready: edges=461996 avg_deg=87.73 max_deg=191
[M::hk_bmap_gen] generated 5266 beads
[M::hk_bmap_gen] 229885 bin pairs
[M::blind-gpu] prepared pair buffers: n_diploid=5266 n_pairs=235029 n_block_keys=459964 n_steps=100
[I::fdg-gpu] blocklist CSR ready: edges=459964 avg_deg=87.35 max_deg=193
[M::hk_bmap_gen] generated 5266 beads
[M::hk_bmap_gen] 228617 bin pairs
[M::blind-gpu] prepared pair buffers: n_diploid=5266 n_pairs=233755 n_block_keys=457416 n_steps=100
[I::fdg-gpu] blocklist CSR ready: edges=457416 avg_deg=86.86 max_deg=191
[M::hk_bmap_gen] generated 5266 beads
[M::hk_bmap_gen] 227555 bin pairs
[M::blind-gpu] prepared pair buffers: n_diploid=5266 n_pairs=232687 n_block_keys=455280 n_steps=100
[I::fdg-gpu] blocklist CSR ready: edges=455280 avg_deg=86.46 max_deg=190
[M::hk_bmap_gen] generated 5266 beads
[M::hk_bmap_gen] 226829 bin pairs
[M::blind-gpu] prepared pair buffers: n_diploid=5266 n_pairs=231966 n_block_keys=453838 n_steps=100
[I::fdg-gpu] blocklist CSR ready: edges=453838 avg_deg=86.18 max_deg=189
[M::hk_bmap_gen] generated 5266 beads
[M::hk_bmap_gen] 226230 bin pairs
[M::blind-gpu] prepared pair buffers: n_diploid=5266 n_pairs=231366 n_block_keys=452638 n_steps=100
[I::fdg-gpu] blocklist CSR ready: edges=452638 avg_deg=85.95 max_deg=190
[M::hk_bmap_gen] generated 5266 beads
[M::hk_bmap_gen] 225692 bin pairs
[M::blind-gpu] prepared pair buffers: n_diploid=5266 n_pairs=230826 n_block_keys=451556 n_steps=100
[I::fdg-gpu] blocklist CSR ready: edges=451556 avg_deg=85.75 max_deg=192
[M::hk_bmap_gen] generated 5266 beads
[M::hk_bmap_gen] 225279 bin pairs
[M::blind-gpu] prepared pair buffers: n_diploid=5266 n_pairs=230412 n_block_keys=450732 n_steps=100
[I::fdg-gpu] blocklist CSR ready: edges=450732 avg_deg=85.59 max_deg=191
[M::hk_bmap_gen] generated 5266 beads
[M::hk_bmap_gen] 224760 bin pairs
[M::blind-gpu] prepared pair buffers: n_diploid=5266 n_pairs=229870 n_block_keys=449650 n_steps=100
[I::fdg-gpu] blocklist CSR ready: edges=449650 avg_deg=85.39 max_deg=191
[M::hk_bmap_gen] generated 5266 beads
[M::hk_bmap_gen] 224443 bin pairs
[M::blind-gpu] prepared pair buffers: n_diploid=5266 n_pairs=229579 n_block_keys=449068 n_steps=100
[I::fdg-gpu] blocklist CSR ready: edges=449068 avg_deg=85.28 max_deg=191
[M::hk_bmap_gen] generated 5266 beads
[M::hk_bmap_gen] 224004 bin pairs
[M::blind-gpu] prepared pair buffers: n_diploid=5266 n_pairs=229140 n_block_keys=448188 n_steps=100
[I::fdg-gpu] blocklist CSR ready: edges=448188 avg_deg=85.11 max_deg=191
[M::hk_bmap_gen] generated 5266 beads
[M::hk_bmap_gen] 223679 bin pairs
[M::blind-gpu] prepared pair buffers: n_diploid=5266 n_pairs=228835 n_block_keys=447574 n_steps=100
[I::fdg-gpu] blocklist CSR ready: edges=447574 avg_deg=84.99 max_deg=191
[M::hk_bmap_gen] generated 5266 beads
[M::hk_bmap_gen] 223188 bin pairs
[M::blind-gpu] prepared pair buffers: n_diploid=5266 n_pairs=228322 n_block_keys=446546 n_steps=100
[I::fdg-gpu] blocklist CSR ready: edges=446546 avg_deg=84.80 max_deg=191
[M::hk_bmap_gen] generated 5266 beads
[M::hk_bmap_gen] 222896 bin pairs
[M::blind-gpu] prepared pair buffers: n_diploid=5266 n_pairs=228037 n_block_keys=445976 n_steps=100
[I::fdg-gpu] blocklist CSR ready: edges=445976 avg_deg=84.69 max_deg=191
[M::hk_bmap_gen] generated 5266 beads
[M::hk_bmap_gen] 222549 bin pairs
[M::blind-gpu] prepared pair buffers: n_diploid=5266 n_pairs=227677 n_block_keys=445256 n_steps=100
[I::fdg-gpu] blocklist CSR ready: edges=445256 avg_deg=84.55 max_deg=191
[M::hk_bmap_gen] generated 5266 beads
[M::hk_bmap_gen] 222256 bin pairs
[M::blind-gpu] prepared pair buffers: n_diploid=5266 n_pairs=227404 n_block_keys=444710 n_steps=100
[I::fdg-gpu] blocklist CSR ready: edges=444710 avg_deg=84.45 max_deg=193
[M::hk_bmap_gen] generated 5266 beads
[M::hk_bmap_gen] 222021 bin pairs
[M::blind-gpu] prepared pair buffers: n_diploid=5266 n_pairs=227166 n_block_keys=444232 n_steps=100
[I::fdg-gpu] blocklist CSR ready: edges=444232 avg_deg=84.36 max_deg=194
[M::hk_bmap_gen] generated 5266 beads
[M::hk_bmap_gen] 221740 bin pairs
[M::blind-gpu] prepared pair buffers: n_diploid=5266 n_pairs=226872 n_block_keys=443642 n_steps=100
[I::fdg-gpu] blocklist CSR ready: edges=443642 avg_deg=84.25 max_deg=191
[M::hk_bmap_gen] generated 5266 beads
[M::hk_bmap_gen] 221610 bin pairs
[M::blind-gpu] prepared pair buffers: n_diploid=5266 n_pairs=226750 n_block_keys=443398 n_steps=100
[I::fdg-gpu] blocklist CSR ready: edges=443398 avg_deg=84.20 max_deg=193
[M::hk_bmap_gen] generated 5266 beads
[M::hk_bmap_gen] 221660 bin pairs
[M::blind-gpu] prepared pair buffers: n_diploid=5266 n_pairs=226807 n_block_keys=443514 n_steps=100
[I::fdg-gpu] blocklist CSR ready: edges=443514 avg_deg=84.22 max_deg=194
[M::hk_bmap_gen] generated 5266 beads
[M::hk_bmap_gen] 221550 bin pairs
[M::blind-gpu] prepared pair buffers: n_diploid=5266 n_pairs=226697 n_block_keys=443294 n_steps=100
[I::fdg-gpu] blocklist CSR ready: edges=443294 avg_deg=84.18 max_deg=192
[M::hk_bmap_gen] generated 5266 beads
[M::hk_bmap_gen] 221442 bin pairs
[M::blind-gpu] prepared pair buffers: n_diploid=5266 n_pairs=226589 n_block_keys=443082 n_steps=100
[I::fdg-gpu] blocklist CSR ready: edges=443082 avg_deg=84.14 max_deg=192
[M::hk_bmap_gen] generated 5266 beads
[M::hk_bmap_gen] 221435 bin pairs
[M::blind-gpu] prepared pair buffers: n_diploid=5266 n_pairs=226584 n_block_keys=443076 n_steps=100
[I::fdg-gpu] blocklist CSR ready: edges=443076 avg_deg=84.14 max_deg=192
[M::hk_bmap_gen] generated 5266 beads
[M::hk_bmap_gen] 221462 bin pairs
[M::blind-gpu] prepared pair buffers: n_diploid=5266 n_pairs=226618 n_block_keys=443142 n_steps=100
[I::fdg-gpu] blocklist CSR ready: edges=443142 avg_deg=84.15 max_deg=192
[M::hk_bmap_gen] generated 5266 beads
[M::hk_bmap_gen] 221497 bin pairs
[M::blind-gpu] prepared pair buffers: n_diploid=5266 n_pairs=226648 n_block_keys=443202 n_steps=100
[I::fdg-gpu] blocklist CSR ready: edges=443202 avg_deg=84.16 max_deg=193
[M::hk_bmap_gen] generated 5266 beads
[M::hk_bmap_gen] 221516 bin pairs
[M::blind-gpu] prepared pair buffers: n_diploid=5266 n_pairs=226652 n_block_keys=443210 n_steps=100
[I::fdg-gpu] blocklist CSR ready: edges=443210 avg_deg=84.16 max_deg=191
[M::hk_bmap_gen] generated 5266 beads
[M::hk_bmap_gen] 221500 bin pairs
[M::blind-gpu] prepared pair buffers: n_diploid=5266 n_pairs=226633 n_block_keys=443170 n_steps=100
[I::fdg-gpu] blocklist CSR ready: edges=443170 avg_deg=84.16 max_deg=191
[M::hk_bmap_gen] generated 5266 beads
[M::hk_bmap_gen] 221486 bin pairs
[M::blind-gpu] prepared pair buffers: n_diploid=5266 n_pairs=226610 n_block_keys=443124 n_steps=100
[I::fdg-gpu] blocklist CSR ready: edges=443124 avg_deg=84.15 max_deg=190
[M::hk_bmap_gen] generated 5266 beads
[M::hk_bmap_gen] 221504 bin pairs
[M::blind-gpu] prepared pair buffers: n_diploid=5266 n_pairs=226630 n_block_keys=443166 n_steps=100
[I::fdg-gpu] blocklist CSR ready: edges=443166 avg_deg=84.16 max_deg=190
[M::hk_bmap_gen] generated 5266 beads
[M::hk_bmap_gen] 221595 bin pairs
[M::blind-gpu] prepared pair buffers: n_diploid=5266 n_pairs=226725 n_block_keys=443356 n_steps=100
[I::fdg-gpu] blocklist CSR ready: edges=443356 avg_deg=84.19 max_deg=189
[M::hk_bmap_gen] generated 5266 beads
[M::hk_bmap_gen] 221620 bin pairs
[M::blind-gpu] prepared pair buffers: n_diploid=5266 n_pairs=226757 n_block_keys=443420 n_steps=100
[I::fdg-gpu] blocklist CSR ready: edges=443420 avg_deg=84.20 max_deg=190
[M::hk_bmap_gen] generated 5266 beads
[M::hk_bmap_gen] 221559 bin pairs
[M::blind-gpu] prepared pair buffers: n_diploid=5266 n_pairs=226706 n_block_keys=443318 n_steps=100
[I::fdg-gpu] blocklist CSR ready: edges=443318 avg_deg=84.18 max_deg=190
[M::hk_bmap_gen] generated 5266 beads
[M::hk_bmap_gen] 221534 bin pairs
[M::blind-gpu] prepared pair buffers: n_diploid=5266 n_pairs=226687 n_block_keys=443280 n_steps=100
[I::fdg-gpu] blocklist CSR ready: edges=443280 avg_deg=84.18 max_deg=190
[M::hk_bmap_gen] generated 5266 beads
[M::hk_bmap_gen] 221540 bin pairs
[M::blind-gpu] prepared pair buffers: n_diploid=5266 n_pairs=226690 n_block_keys=443286 n_steps=100
[I::fdg-gpu] blocklist CSR ready: edges=443286 avg_deg=84.18 max_deg=190
[M::hk_bmap_gen] generated 5266 beads
[M::hk_bmap_gen] 221561 bin pairs
[M::blind-gpu] prepared pair buffers: n_diploid=5266 n_pairs=226715 n_block_keys=443334 n_steps=100
[I::fdg-gpu] blocklist CSR ready: edges=443334 avg_deg=84.19 max_deg=190
[M::hk_bmap_gen] generated 5266 beads
[M::hk_bmap_gen] 221577 bin pairs
[M::blind-gpu] prepared pair buffers: n_diploid=5266 n_pairs=226717 n_block_keys=443340 n_steps=100
[I::fdg-gpu] blocklist CSR ready: edges=443340 avg_deg=84.19 max_deg=188
[M::hk_bmap_gen] generated 5266 beads
[M::hk_bmap_gen] 221455 bin pairs
[M::blind-gpu] prepared pair buffers: n_diploid=5266 n_pairs=226604 n_block_keys=443114 n_steps=100
[I::fdg-gpu] blocklist CSR ready: edges=443114 avg_deg=84.15 max_deg=189
[M::hk_bmap_gen] generated 5266 beads
[M::hk_bmap_gen] 221330 bin pairs
[M::blind-gpu] prepared pair buffers: n_diploid=5266 n_pairs=226483 n_block_keys=442872 n_steps=100
[I::fdg-gpu] blocklist CSR ready: edges=442872 avg_deg=84.10 max_deg=189
[M::hk_bmap_gen] generated 5266 beads
[M::hk_bmap_gen] 221194 bin pairs
[M::blind-gpu] prepared pair buffers: n_diploid=5266 n_pairs=226351 n_block_keys=442608 n_steps=100
[I::fdg-gpu] blocklist CSR ready: edges=442608 avg_deg=84.05 max_deg=189
[M::hk_bmap_gen] generated 5266 beads
[M::hk_bmap_gen] 221118 bin pairs
[M::blind-gpu] prepared pair buffers: n_diploid=5266 n_pairs=226268 n_block_keys=442442 n_steps=100
[I::fdg-gpu] blocklist CSR ready: edges=442442 avg_deg=84.02 max_deg=190
[M::hk_bmap_gen] generated 5266 beads
[M::hk_bmap_gen] 221072 bin pairs
[M::blind-gpu] prepared pair buffers: n_diploid=5266 n_pairs=226223 n_block_keys=442352 n_steps=100
[I::fdg-gpu] blocklist CSR ready: edges=442352 avg_deg=84.00 max_deg=189
[M::hk_bmap_gen] generated 5266 beads
[M::hk_bmap_gen] 220893 bin pairs
[M::blind-gpu] prepared pair buffers: n_diploid=5266 n_pairs=226038 n_block_keys=441982 n_steps=100
[I::fdg-gpu] blocklist CSR ready: edges=441982 avg_deg=83.93 max_deg=189
[M::hk_bmap_gen] generated 5266 beads
[M::hk_bmap_gen] 220834 bin pairs
[M::blind-gpu] prepared pair buffers: n_diploid=5266 n_pairs=225988 n_block_keys=441882 n_steps=100
[I::fdg-gpu] blocklist CSR ready: edges=441882 avg_deg=83.91 max_deg=189
[M::hk_bmap_gen] generated 5266 beads
[M::hk_bmap_gen] 220752 bin pairs
[M::blind-gpu] prepared pair buffers: n_diploid=5266 n_pairs=225900 n_block_keys=441710 n_steps=100
[I::fdg-gpu] blocklist CSR ready: edges=441710 avg_deg=83.88 max_deg=191
[M::hk_bmap_gen] generated 5266 beads
[M::hk_bmap_gen] 220787 bin pairs
[M::blind-gpu] prepared pair buffers: n_diploid=5266 n_pairs=225933 n_block_keys=441778 n_steps=100
[I::fdg-gpu] blocklist CSR ready: edges=441778 avg_deg=83.89 max_deg=193
[M::hk_bmap_gen] generated 5266 beads
[M::hk_bmap_gen] 220717 bin pairs
[M::blind-gpu] prepared pair buffers: n_diploid=5266 n_pairs=225873 n_block_keys=441658 n_steps=100
[I::fdg-gpu] blocklist CSR ready: edges=441658 avg_deg=83.87 max_deg=193
[M::hk_bmap_gen] generated 5266 beads
[M::hk_bmap_gen] 220705 bin pairs
[M::blind-gpu] prepared pair buffers: n_diploid=5266 n_pairs=225852 n_block_keys=441614 n_steps=100
[I::fdg-gpu] blocklist CSR ready: edges=441614 avg_deg=83.86 max_deg=192
[M::hk_bmap_gen] generated 5266 beads
[M::hk_bmap_gen] 220674 bin pairs
[M::blind-gpu] prepared pair buffers: n_diploid=5266 n_pairs=225818 n_block_keys=441546 n_steps=100
[I::fdg-gpu] blocklist CSR ready: edges=441546 avg_deg=83.85 max_deg=191
[M::hk_bmap_gen] generated 5266 beads
[M::hk_bmap_gen] 220600 bin pairs
[M::blind-gpu] prepared pair buffers: n_diploid=5266 n_pairs=225743 n_block_keys=441396 n_steps=100
[I::fdg-gpu] blocklist CSR ready: edges=441396 avg_deg=83.82 max_deg=191
[M::hk_bmap_gen] generated 5266 beads
[M::hk_bmap_gen] 220490 bin pairs
[M::blind-gpu] prepared pair buffers: n_diploid=5266 n_pairs=225630 n_block_keys=441172 n_steps=100
[I::fdg-gpu] blocklist CSR ready: edges=441172 avg_deg=83.78 max_deg=190
[M::hk_bmap_gen] generated 5266 beads
[M::hk_bmap_gen] 220484 bin pairs
[M::blind-gpu] prepared pair buffers: n_diploid=5266 n_pairs=225618 n_block_keys=441146 n_steps=100
[I::fdg-gpu] blocklist CSR ready: edges=441146 avg_deg=83.77 max_deg=189
[M::hk_bmap_gen] generated 5266 beads
[M::hk_bmap_gen] 220442 bin pairs
[M::blind-gpu] prepared pair buffers: n_diploid=5266 n_pairs=225567 n_block_keys=441044 n_steps=100
[I::fdg-gpu] blocklist CSR ready: edges=441044 avg_deg=83.75 max_deg=188
[M::hk_bmap_gen] generated 5266 beads
[M::hk_bmap_gen] 220479 bin pairs
[M::blind-gpu] prepared pair buffers: n_diploid=5266 n_pairs=225628 n_block_keys=441166 n_steps=100
[I::fdg-gpu] blocklist CSR ready: edges=441166 avg_deg=83.78 max_deg=188
[M::hk_bmap_gen] generated 5266 beads
[M::hk_bmap_gen] 220410 bin pairs
[M::blind-gpu] prepared pair buffers: n_diploid=5266 n_pairs=225553 n_block_keys=441016 n_steps=100
[I::fdg-gpu] blocklist CSR ready: edges=441016 avg_deg=83.75 max_deg=188
[M::hk_bmap_gen] generated 5266 beads
[M::hk_bmap_gen] 220388 bin pairs
[M::blind-gpu] prepared pair buffers: n_diploid=5266 n_pairs=225521 n_block_keys=440952 n_steps=100
[I::fdg-gpu] blocklist CSR ready: edges=440952 avg_deg=83.74 max_deg=188
[M::hk_bmap_gen] generated 5266 beads
[M::hk_bmap_gen] 220385 bin pairs
[M::blind-gpu] prepared pair buffers: n_diploid=5266 n_pairs=225524 n_block_keys=440956 n_steps=100
[I::fdg-gpu] blocklist CSR ready: edges=440956 avg_deg=83.74 max_deg=189
[M::hk_bmap_gen] generated 5266 beads
[M::hk_bmap_gen] 220352 bin pairs
[M::blind-gpu] prepared pair buffers: n_diploid=5266 n_pairs=225494 n_block_keys=440898 n_steps=100
[I::fdg-gpu] blocklist CSR ready: edges=440898 avg_deg=83.73 max_deg=187
[M::hk_bmap_gen] generated 5266 beads
[M::hk_bmap_gen] 220335 bin pairs
[M::blind-gpu] prepared pair buffers: n_diploid=5266 n_pairs=225475 n_block_keys=440860 n_steps=100
[I::fdg-gpu] blocklist CSR ready: edges=440860 avg_deg=83.72 max_deg=187
[M::hk_bmap_gen] generated 5266 beads
[M::hk_bmap_gen] 220340 bin pairs
[M::blind-gpu] prepared pair buffers: n_diploid=5266 n_pairs=225481 n_block_keys=440872 n_steps=100
[I::fdg-gpu] blocklist CSR ready: edges=440872 avg_deg=83.72 max_deg=187
[M::hk_bmap_gen] generated 5266 beads
[M::hk_bmap_gen] 220296 bin pairs
[M::blind-gpu] prepared pair buffers: n_diploid=5266 n_pairs=225434 n_block_keys=440778 n_steps=100
[I::fdg-gpu] blocklist CSR ready: edges=440778 avg_deg=83.70 max_deg=188
[M::hk_bmap_gen] generated 5266 beads
[M::hk_bmap_gen] 220310 bin pairs
[M::blind-gpu] prepared pair buffers: n_diploid=5266 n_pairs=225451 n_block_keys=440812 n_steps=100
[I::fdg-gpu] blocklist CSR ready: edges=440812 avg_deg=83.71 max_deg=188
[M::hk_bmap_gen] generated 5266 beads
[M::hk_bmap_gen] 220314 bin pairs
[M::blind-gpu] prepared pair buffers: n_diploid=5266 n_pairs=225453 n_block_keys=440818 n_steps=100
[I::fdg-gpu] blocklist CSR ready: edges=440818 avg_deg=83.71 max_deg=188
[M::hk_bmap_gen] generated 5266 beads
[M::hk_bmap_gen] 220313 bin pairs
[M::blind-gpu] prepared pair buffers: n_diploid=5266 n_pairs=225456 n_block_keys=440824 n_steps=100
[I::fdg-gpu] blocklist CSR ready: edges=440824 avg_deg=83.71 max_deg=187
[M::hk_bmap_gen] generated 5266 beads
[M::hk_bmap_gen] 220299 bin pairs
[M::blind-gpu] prepared pair buffers: n_diploid=5266 n_pairs=225442 n_block_keys=440796 n_steps=100
[I::fdg-gpu] blocklist CSR ready: edges=440796 avg_deg=83.71 max_deg=187
[M::hk_bmap_gen] generated 5266 beads
[M::hk_bmap_gen] 220302 bin pairs
[M::blind-gpu] prepared pair buffers: n_diploid=5266 n_pairs=225443 n_block_keys=440798 n_steps=100
[I::fdg-gpu] blocklist CSR ready: edges=440798 avg_deg=83.71 max_deg=186
[M::hk_bmap_gen] generated 5266 beads
[M::hk_bmap_gen] 220347 bin pairs
[M::blind-gpu] prepared pair buffers: n_diploid=5266 n_pairs=225484 n_block_keys=440878 n_steps=100
[I::fdg-gpu] blocklist CSR ready: edges=440878 avg_deg=83.72 max_deg=185
[M::hk_bmap_gen] generated 5266 beads
[M::hk_bmap_gen] 220381 bin pairs
[M::blind-gpu] prepared pair buffers: n_diploid=5266 n_pairs=225515 n_block_keys=440940 n_steps=100
[I::fdg-gpu] blocklist CSR ready: edges=440940 avg_deg=83.73 max_deg=187
[M::hk_bmap_gen] generated 5266 beads
[M::hk_bmap_gen] 220454 bin pairs
[M::blind-gpu] prepared pair buffers: n_diploid=5266 n_pairs=225597 n_block_keys=441104 n_steps=100
[I::fdg-gpu] blocklist CSR ready: edges=441104 avg_deg=83.76 max_deg=188
[M::hk_bmap_gen] generated 5266 beads
[M::hk_bmap_gen] 220506 bin pairs
[M::blind-gpu] prepared pair buffers: n_diploid=5266 n_pairs=225645 n_block_keys=441200 n_steps=100
[I::fdg-gpu] blocklist CSR ready: edges=441200 avg_deg=83.78 max_deg=187
[M::hk_bmap_gen] generated 5266 beads
[M::hk_bmap_gen] 220524 bin pairs
[M::blind-gpu] prepared pair buffers: n_diploid=5266 n_pairs=225667 n_block_keys=441244 n_steps=100
[I::fdg-gpu] blocklist CSR ready: edges=441244 avg_deg=83.79 max_deg=188
[M::hk_bmap_gen] generated 5266 beads
[M::hk_bmap_gen] 220521 bin pairs
[M::blind-gpu] prepared pair buffers: n_diploid=5266 n_pairs=225669 n_block_keys=441246 n_steps=100
[I::fdg-gpu] blocklist CSR ready: edges=441246 avg_deg=83.79 max_deg=189
[M::hk_bmap_gen] generated 5266 beads
[M::hk_bmap_gen] 220553 bin pairs
[M::blind-gpu] prepared pair buffers: n_diploid=5266 n_pairs=225708 n_block_keys=441324 n_steps=100
[I::fdg-gpu] blocklist CSR ready: edges=441324 avg_deg=83.81 max_deg=189
[M::hk_bmap_gen] generated 5266 beads
[M::hk_bmap_gen] 220587 bin pairs
[M::blind-gpu] prepared pair buffers: n_diploid=5266 n_pairs=225744 n_block_keys=441394 n_steps=100
[I::fdg-gpu] blocklist CSR ready: edges=441394 avg_deg=83.82 max_deg=189
[M::hk_bmap_gen] generated 5266 beads
[M::hk_bmap_gen] 220642 bin pairs
[M::blind-gpu] prepared pair buffers: n_diploid=5266 n_pairs=225789 n_block_keys=441484 n_steps=100
[I::fdg-gpu] blocklist CSR ready: edges=441484 avg_deg=83.84 max_deg=192
[M::hk_bmap_gen] generated 5266 beads
[M::hk_bmap_gen] 220709 bin pairs
[M::blind-gpu] prepared pair buffers: n_diploid=5266 n_pairs=225864 n_block_keys=441636 n_steps=100
[I::fdg-gpu] blocklist CSR ready: edges=441636 avg_deg=83.87 max_deg=193
[M::hk_bmap_gen] generated 5266 beads
[M::hk_bmap_gen] 220739 bin pairs
[M::blind-gpu] prepared pair buffers: n_diploid=5266 n_pairs=225883 n_block_keys=441676 n_steps=100
[I::fdg-gpu] blocklist CSR ready: edges=441676 avg_deg=83.87 max_deg=193
[M::hk_bmap_gen] generated 5266 beads
[M::hk_bmap_gen] 220759 bin pairs
[M::blind-gpu] prepared pair buffers: n_diploid=5266 n_pairs=225899 n_block_keys=441708 n_steps=100
[I::fdg-gpu] blocklist CSR ready: edges=441708 avg_deg=83.88 max_deg=193
[M::hk_bmap_gen] generated 5266 beads
[M::hk_bmap_gen] 220792 bin pairs
[M::blind-gpu] prepared pair buffers: n_diploid=5266 n_pairs=225936 n_block_keys=441782 n_steps=100
[I::fdg-gpu] blocklist CSR ready: edges=441782 avg_deg=83.89 max_deg=191
[M::hk_bmap_gen] generated 5266 beads
[M::hk_bmap_gen] 220821 bin pairs
[M::blind-gpu] prepared pair buffers: n_diploid=5266 n_pairs=225972 n_block_keys=441854 n_steps=100
[I::fdg-gpu] blocklist CSR ready: edges=441854 avg_deg=83.91 max_deg=189
[M::hk_bmap_gen] generated 5266 beads
[M::hk_bmap_gen] 220791 bin pairs
[M::blind-gpu] prepared pair buffers: n_diploid=5266 n_pairs=225940 n_block_keys=441790 n_steps=100
[I::fdg-gpu] blocklist CSR ready: edges=441790 avg_deg=83.89 max_deg=186
[M::hk_bmap_gen] generated 5266 beads
[M::hk_bmap_gen] 220756 bin pairs
[M::blind-gpu] prepared pair buffers: n_diploid=5266 n_pairs=225908 n_block_keys=441726 n_steps=100
[I::fdg-gpu] blocklist CSR ready: edges=441726 avg_deg=83.88 max_deg=186
[M::hk_bmap_gen] generated 5266 beads
[M::hk_bmap_gen] 220726 bin pairs
[M::blind-gpu] prepared pair buffers: n_diploid=5266 n_pairs=225879 n_block_keys=441668 n_steps=100
[I::fdg-gpu] blocklist CSR ready: edges=441668 avg_deg=83.87 max_deg=191
[M::hk_bmap_gen] generated 5266 beads
[M::hk_bmap_gen] 220731 bin pairs
[M::blind-gpu] prepared pair buffers: n_diploid=5266 n_pairs=225885 n_block_keys=441680 n_steps=100
[I::fdg-gpu] blocklist CSR ready: edges=441680 avg_deg=83.87 max_deg=190
minimal P9016[1m]: write outputs to /mnt/ssd/zliu/phase3/test_res/014-20260617_205632-p9016_p1006_dscale_gamma_sep_1m/work_outputs/P9016/p9016_pcgamma0p5_msep1_lsep1_ieps0p5_noise0_seed17/p9016_pcgamma0p5_msep1_lsep1_ieps0p5_noise0_seed17
[M::hk_bmap_gen] generated 5266 beads
[M::hk_bmap_gen] 220698 bin pairs
minimal P9016[1m]: status=OK final_entropy=0.6387471 final_pU=0.46075863
minimal P9016: summary /mnt/ssd/zliu/phase3/test_res/014-20260617_205632-p9016_p1006_dscale_gamma_sep_1m/work_outputs/P9016/p9016_pcgamma0p5_msep1_lsep1_ieps0p5_noise0_seed17/matrix_summary.tsv
