minimal P9016: input=/shared/zliu/CHARM/CHARM_mesc/data/pairs/P9016.pairs.gz output_root=/mnt/ssd/zliu/phase3/test_res/014-20260617_205632-p9016_p1006_dscale_gamma_sep_1m/work_outputs/P9016/p9016_pcgamma0p5_sep_off_ieps0p5_noise0_seed17 config=p9016_pcgamma0p5_sep_off_ieps0p5_noise0_seed17 baseline=softall n_iter=100 relax_steps=100 relax_step=0.012 chain=0 init_mode=unphased_scaffold_split init_eps=0.5 init_noise=0 init_scale=10 init_seed=17 min_sep=0 lambda_sep=0 d_scale_mode=posterior_count d_scale_input=posterior_count d_scale_formula=n_raw*posterior_prob^0.5 d_scale_gamma=0.5 d_scale_eps=1e-06 relax_backend=gpu
minimal P9016: stage 1/1 name=1m bin_size_bp=1000000 parent=0
[M::hk_map_read] read 1703888 pairs
[M::hk_bmap_gen] generated 2633 beads
[M::hk_bmap_gen] 489556 bin pairs
minimal P9016[1m]: build binned contacts
minimal P9016[1m]: init mode=unphased_scaffold_split seed=17 scale=10
[M::hk_fdg] mid_dist:1000000 max_nei:69
[M::hk_fdg1_cpu] iter:10 elapsed:0.32s rep_coef:0.2092 RMS_force:367.1874 n_rep:43.0820 energy:25.1082,6.6566,0.0049 dist:5.6169,6.6204,1.4501
[M::hk_fdg1_cpu] iter:20 elapsed:0.80s rep_coef:0.6615 RMS_force:336.9308 n_rep:157.7303 energy:7.7515,3.4068,0.0177 dist:3.4076,4.2658,1.4016
[M::hk_fdg1_cpu] iter:30 elapsed:1.75s rep_coef:0.9352 RMS_force:226.0828 n_rep:592.3505 energy:1.8327,1.0566,0.0354 dist:1.9896,2.3234,1.2554
[M::hk_fdg1_cpu] iter:40 elapsed:3.13s rep_coef:0.9907 RMS_force:132.8226 n_rep:808.7839 energy:0.5357,0.4158,0.0366 dist:1.4081,1.7237,1.2560
[M::hk_fdg1_cpu] iter:50 elapsed:4.59s rep_coef:0.9987 RMS_force:99.3491 n_rep:815.5837 energy:0.1678,0.2703,0.0325 dist:1.0643,1.6062,1.3142
minimal P9016[1m]: run softall, n_iter=100 relax_steps=100 relax_step=0.012 relax_backend=gpu
[M::hk_bmap_gen] generated 5266 beads
[M::hk_bmap_gen] 287142 bin pairs
[M::blind-gpu] prepared pair buffers: n_diploid=5266 n_pairs=292308 n_block_keys=574524 n_steps=100
[I::fdg-gpu] blocklist CSR ready: edges=574524 avg_deg=109.10 max_deg=193
[M::hk_bmap_gen] generated 5266 beads
[M::hk_bmap_gen] 290379 bin pairs
[M::blind-gpu] prepared pair buffers: n_diploid=5266 n_pairs=295506 n_block_keys=580916 n_steps=100
[I::fdg-gpu] blocklist CSR ready: edges=580916 avg_deg=110.31 max_deg=196
[M::hk_bmap_gen] generated 5266 beads
[M::hk_bmap_gen] 282710 bin pairs
[M::blind-gpu] prepared pair buffers: n_diploid=5266 n_pairs=287814 n_block_keys=565532 n_steps=100
[I::fdg-gpu] blocklist CSR ready: edges=565532 avg_deg=107.39 max_deg=206
[M::hk_bmap_gen] generated 5266 beads
[M::hk_bmap_gen] 276850 bin pairs
[M::blind-gpu] prepared pair buffers: n_diploid=5266 n_pairs=281925 n_block_keys=553762 n_steps=100
[I::fdg-gpu] blocklist CSR ready: edges=553762 avg_deg=105.16 max_deg=216
[M::hk_bmap_gen] generated 5266 beads
[M::hk_bmap_gen] 271139 bin pairs
[M::blind-gpu] prepared pair buffers: n_diploid=5266 n_pairs=276227 n_block_keys=542366 n_steps=100
[I::fdg-gpu] blocklist CSR ready: edges=542366 avg_deg=102.99 max_deg=212
[M::hk_bmap_gen] generated 5266 beads
[M::hk_bmap_gen] 265901 bin pairs
[M::blind-gpu] prepared pair buffers: n_diploid=5266 n_pairs=270980 n_block_keys=531870 n_steps=100
[I::fdg-gpu] blocklist CSR ready: edges=531870 avg_deg=101.00 max_deg=217
[M::hk_bmap_gen] generated 5266 beads
[M::hk_bmap_gen] 261286 bin pairs
[M::blind-gpu] prepared pair buffers: n_diploid=5266 n_pairs=266347 n_block_keys=522606 n_steps=100
[I::fdg-gpu] blocklist CSR ready: edges=522606 avg_deg=99.24 max_deg=213
[M::hk_bmap_gen] generated 5266 beads
[M::hk_bmap_gen] 257571 bin pairs
[M::blind-gpu] prepared pair buffers: n_diploid=5266 n_pairs=262659 n_block_keys=515234 n_steps=100
[I::fdg-gpu] blocklist CSR ready: edges=515234 avg_deg=97.84 max_deg=206
[M::hk_bmap_gen] generated 5266 beads
[M::hk_bmap_gen] 254220 bin pairs
[M::blind-gpu] prepared pair buffers: n_diploid=5266 n_pairs=259335 n_block_keys=508590 n_steps=100
[I::fdg-gpu] blocklist CSR ready: edges=508590 avg_deg=96.58 max_deg=204
[M::hk_bmap_gen] generated 5266 beads
[M::hk_bmap_gen] 251745 bin pairs
[M::blind-gpu] prepared pair buffers: n_diploid=5266 n_pairs=256841 n_block_keys=503600 n_steps=100
[I::fdg-gpu] blocklist CSR ready: edges=503600 avg_deg=95.63 max_deg=210
[M::hk_bmap_gen] generated 5266 beads
[M::hk_bmap_gen] 248964 bin pairs
[M::blind-gpu] prepared pair buffers: n_diploid=5266 n_pairs=254070 n_block_keys=498056 n_steps=100
[I::fdg-gpu] blocklist CSR ready: edges=498056 avg_deg=94.58 max_deg=195
[M::hk_bmap_gen] generated 5266 beads
[M::hk_bmap_gen] 246240 bin pairs
[M::blind-gpu] prepared pair buffers: n_diploid=5266 n_pairs=251354 n_block_keys=492626 n_steps=100
[I::fdg-gpu] blocklist CSR ready: edges=492626 avg_deg=93.55 max_deg=196
[M::hk_bmap_gen] generated 5266 beads
[M::hk_bmap_gen] 243920 bin pairs
[M::blind-gpu] prepared pair buffers: n_diploid=5266 n_pairs=249039 n_block_keys=487994 n_steps=100
[I::fdg-gpu] blocklist CSR ready: edges=487994 avg_deg=92.67 max_deg=201
[M::hk_bmap_gen] generated 5266 beads
[M::hk_bmap_gen] 242271 bin pairs
[M::blind-gpu] prepared pair buffers: n_diploid=5266 n_pairs=247381 n_block_keys=484674 n_steps=100
[I::fdg-gpu] blocklist CSR ready: edges=484674 avg_deg=92.04 max_deg=196
[M::hk_bmap_gen] generated 5266 beads
[M::hk_bmap_gen] 240459 bin pairs
[M::blind-gpu] prepared pair buffers: n_diploid=5266 n_pairs=245559 n_block_keys=481026 n_steps=100
[I::fdg-gpu] blocklist CSR ready: edges=481026 avg_deg=91.35 max_deg=194
[M::hk_bmap_gen] generated 5266 beads
[M::hk_bmap_gen] 238695 bin pairs
[M::blind-gpu] prepared pair buffers: n_diploid=5266 n_pairs=243786 n_block_keys=477482 n_steps=100
[I::fdg-gpu] blocklist CSR ready: edges=477482 avg_deg=90.67 max_deg=200
[M::hk_bmap_gen] generated 5266 beads
[M::hk_bmap_gen] 237218 bin pairs
[M::blind-gpu] prepared pair buffers: n_diploid=5266 n_pairs=242330 n_block_keys=474568 n_steps=100
[I::fdg-gpu] blocklist CSR ready: edges=474568 avg_deg=90.12 max_deg=198
[M::hk_bmap_gen] generated 5266 beads
[M::hk_bmap_gen] 235936 bin pairs
[M::blind-gpu] prepared pair buffers: n_diploid=5266 n_pairs=241026 n_block_keys=471958 n_steps=100
[I::fdg-gpu] blocklist CSR ready: edges=471958 avg_deg=89.62 max_deg=201
[M::hk_bmap_gen] generated 5266 beads
[M::hk_bmap_gen] 234966 bin pairs
[M::blind-gpu] prepared pair buffers: n_diploid=5266 n_pairs=240082 n_block_keys=470068 n_steps=100
[I::fdg-gpu] blocklist CSR ready: edges=470068 avg_deg=89.26 max_deg=199
[M::hk_bmap_gen] generated 5266 beads
[M::hk_bmap_gen] 234207 bin pairs
[M::blind-gpu] prepared pair buffers: n_diploid=5266 n_pairs=239327 n_block_keys=468558 n_steps=100
[I::fdg-gpu] blocklist CSR ready: edges=468558 avg_deg=88.98 max_deg=196
[M::hk_bmap_gen] generated 5266 beads
[M::hk_bmap_gen] 233513 bin pairs
[M::blind-gpu] prepared pair buffers: n_diploid=5266 n_pairs=238631 n_block_keys=467168 n_steps=100
[I::fdg-gpu] blocklist CSR ready: edges=467168 avg_deg=88.71 max_deg=198
[M::hk_bmap_gen] generated 5266 beads
[M::hk_bmap_gen] 232746 bin pairs
[M::blind-gpu] prepared pair buffers: n_diploid=5266 n_pairs=237872 n_block_keys=465648 n_steps=100
[I::fdg-gpu] blocklist CSR ready: edges=465648 avg_deg=88.43 max_deg=196
[M::hk_bmap_gen] generated 5266 beads
[M::hk_bmap_gen] 231841 bin pairs
[M::blind-gpu] prepared pair buffers: n_diploid=5266 n_pairs=236962 n_block_keys=463828 n_steps=100
[I::fdg-gpu] blocklist CSR ready: edges=463828 avg_deg=88.08 max_deg=201
[M::hk_bmap_gen] generated 5266 beads
[M::hk_bmap_gen] 231127 bin pairs
[M::blind-gpu] prepared pair buffers: n_diploid=5266 n_pairs=236243 n_block_keys=462390 n_steps=100
[I::fdg-gpu] blocklist CSR ready: edges=462390 avg_deg=87.81 max_deg=198
[M::hk_bmap_gen] generated 5266 beads
[M::hk_bmap_gen] 230434 bin pairs
[M::blind-gpu] prepared pair buffers: n_diploid=5266 n_pairs=235549 n_block_keys=461006 n_steps=100
[I::fdg-gpu] blocklist CSR ready: edges=461006 avg_deg=87.54 max_deg=199
[M::hk_bmap_gen] generated 5266 beads
[M::hk_bmap_gen] 229688 bin pairs
[M::blind-gpu] prepared pair buffers: n_diploid=5266 n_pairs=234802 n_block_keys=459512 n_steps=100
[I::fdg-gpu] blocklist CSR ready: edges=459512 avg_deg=87.26 max_deg=199
[M::hk_bmap_gen] generated 5266 beads
[M::hk_bmap_gen] 228913 bin pairs
[M::blind-gpu] prepared pair buffers: n_diploid=5266 n_pairs=234042 n_block_keys=457990 n_steps=100
[I::fdg-gpu] blocklist CSR ready: edges=457990 avg_deg=86.97 max_deg=199
[M::hk_bmap_gen] generated 5266 beads
[M::hk_bmap_gen] 228060 bin pairs
[M::blind-gpu] prepared pair buffers: n_diploid=5266 n_pairs=233177 n_block_keys=456260 n_steps=100
[I::fdg-gpu] blocklist CSR ready: edges=456260 avg_deg=86.64 max_deg=197
[M::hk_bmap_gen] generated 5266 beads
[M::hk_bmap_gen] 227431 bin pairs
[M::blind-gpu] prepared pair buffers: n_diploid=5266 n_pairs=232544 n_block_keys=454994 n_steps=100
[I::fdg-gpu] blocklist CSR ready: edges=454994 avg_deg=86.40 max_deg=195
[M::hk_bmap_gen] generated 5266 beads
[M::hk_bmap_gen] 226844 bin pairs
[M::blind-gpu] prepared pair buffers: n_diploid=5266 n_pairs=231960 n_block_keys=453828 n_steps=100
[I::fdg-gpu] blocklist CSR ready: edges=453828 avg_deg=86.18 max_deg=194
[M::hk_bmap_gen] generated 5266 beads
[M::hk_bmap_gen] 226300 bin pairs
[M::blind-gpu] prepared pair buffers: n_diploid=5266 n_pairs=231396 n_block_keys=452702 n_steps=100
[I::fdg-gpu] blocklist CSR ready: edges=452702 avg_deg=85.97 max_deg=197
[M::hk_bmap_gen] generated 5266 beads
[M::hk_bmap_gen] 226065 bin pairs
[M::blind-gpu] prepared pair buffers: n_diploid=5266 n_pairs=231191 n_block_keys=452290 n_steps=100
[I::fdg-gpu] blocklist CSR ready: edges=452290 avg_deg=85.89 max_deg=198
[M::hk_bmap_gen] generated 5266 beads
[M::hk_bmap_gen] 225883 bin pairs
[M::blind-gpu] prepared pair buffers: n_diploid=5266 n_pairs=230999 n_block_keys=451908 n_steps=100
[I::fdg-gpu] blocklist CSR ready: edges=451908 avg_deg=85.82 max_deg=198
[M::hk_bmap_gen] generated 5266 beads
[M::hk_bmap_gen] 225590 bin pairs
[M::blind-gpu] prepared pair buffers: n_diploid=5266 n_pairs=230700 n_block_keys=451310 n_steps=100
[I::fdg-gpu] blocklist CSR ready: edges=451310 avg_deg=85.70 max_deg=201
[M::hk_bmap_gen] generated 5266 beads
[M::hk_bmap_gen] 225317 bin pairs
[M::blind-gpu] prepared pair buffers: n_diploid=5266 n_pairs=230429 n_block_keys=450770 n_steps=100
[I::fdg-gpu] blocklist CSR ready: edges=450770 avg_deg=85.60 max_deg=203
[M::hk_bmap_gen] generated 5266 beads
[M::hk_bmap_gen] 225079 bin pairs
[M::blind-gpu] prepared pair buffers: n_diploid=5266 n_pairs=230194 n_block_keys=450298 n_steps=100
[I::fdg-gpu] blocklist CSR ready: edges=450298 avg_deg=85.51 max_deg=203
[M::hk_bmap_gen] generated 5266 beads
[M::hk_bmap_gen] 224680 bin pairs
[M::blind-gpu] prepared pair buffers: n_diploid=5266 n_pairs=229791 n_block_keys=449494 n_steps=100
[I::fdg-gpu] blocklist CSR ready: edges=449494 avg_deg=85.36 max_deg=202
[M::hk_bmap_gen] generated 5266 beads
[M::hk_bmap_gen] 224427 bin pairs
[M::blind-gpu] prepared pair buffers: n_diploid=5266 n_pairs=229547 n_block_keys=449004 n_steps=100
[I::fdg-gpu] blocklist CSR ready: edges=449004 avg_deg=85.26 max_deg=201
[M::hk_bmap_gen] generated 5266 beads
[M::hk_bmap_gen] 224188 bin pairs
[M::blind-gpu] prepared pair buffers: n_diploid=5266 n_pairs=229313 n_block_keys=448536 n_steps=100
[I::fdg-gpu] blocklist CSR ready: edges=448536 avg_deg=85.18 max_deg=200
[M::hk_bmap_gen] generated 5266 beads
[M::hk_bmap_gen] 223958 bin pairs
[M::blind-gpu] prepared pair buffers: n_diploid=5266 n_pairs=229099 n_block_keys=448106 n_steps=100
[I::fdg-gpu] blocklist CSR ready: edges=448106 avg_deg=85.09 max_deg=200
[M::hk_bmap_gen] generated 5266 beads
[M::hk_bmap_gen] 223897 bin pairs
[M::blind-gpu] prepared pair buffers: n_diploid=5266 n_pairs=229038 n_block_keys=447986 n_steps=100
[I::fdg-gpu] blocklist CSR ready: edges=447986 avg_deg=85.07 max_deg=198
[M::hk_bmap_gen] generated 5266 beads
[M::hk_bmap_gen] 223775 bin pairs
[M::blind-gpu] prepared pair buffers: n_diploid=5266 n_pairs=228907 n_block_keys=447724 n_steps=100
[I::fdg-gpu] blocklist CSR ready: edges=447724 avg_deg=85.02 max_deg=198
[M::hk_bmap_gen] generated 5266 beads
[M::hk_bmap_gen] 223604 bin pairs
[M::blind-gpu] prepared pair buffers: n_diploid=5266 n_pairs=228732 n_block_keys=447374 n_steps=100
[I::fdg-gpu] blocklist CSR ready: edges=447374 avg_deg=84.96 max_deg=198
[M::hk_bmap_gen] generated 5266 beads
[M::hk_bmap_gen] 223340 bin pairs
[M::blind-gpu] prepared pair buffers: n_diploid=5266 n_pairs=228461 n_block_keys=446832 n_steps=100
[I::fdg-gpu] blocklist CSR ready: edges=446832 avg_deg=84.85 max_deg=197
[M::hk_bmap_gen] generated 5266 beads
[M::hk_bmap_gen] 222978 bin pairs
[M::blind-gpu] prepared pair buffers: n_diploid=5266 n_pairs=228103 n_block_keys=446116 n_steps=100
[I::fdg-gpu] blocklist CSR ready: edges=446116 avg_deg=84.72 max_deg=197
[M::hk_bmap_gen] generated 5266 beads
[M::hk_bmap_gen] 222855 bin pairs
[M::blind-gpu] prepared pair buffers: n_diploid=5266 n_pairs=227983 n_block_keys=445876 n_steps=100
[I::fdg-gpu] blocklist CSR ready: edges=445876 avg_deg=84.67 max_deg=197
[M::hk_bmap_gen] generated 5266 beads
[M::hk_bmap_gen] 222921 bin pairs
[M::blind-gpu] prepared pair buffers: n_diploid=5266 n_pairs=228056 n_block_keys=446018 n_steps=100
[I::fdg-gpu] blocklist CSR ready: edges=446018 avg_deg=84.70 max_deg=198
[M::hk_bmap_gen] generated 5266 beads
[M::hk_bmap_gen] 222866 bin pairs
[M::blind-gpu] prepared pair buffers: n_diploid=5266 n_pairs=227997 n_block_keys=445902 n_steps=100
[I::fdg-gpu] blocklist CSR ready: edges=445902 avg_deg=84.68 max_deg=198
[M::hk_bmap_gen] generated 5266 beads
[M::hk_bmap_gen] 222763 bin pairs
[M::blind-gpu] prepared pair buffers: n_diploid=5266 n_pairs=227893 n_block_keys=445694 n_steps=100
[I::fdg-gpu] blocklist CSR ready: edges=445694 avg_deg=84.64 max_deg=198
[M::hk_bmap_gen] generated 5266 beads
[M::hk_bmap_gen] 222698 bin pairs
[M::blind-gpu] prepared pair buffers: n_diploid=5266 n_pairs=227832 n_block_keys=445572 n_steps=100
[I::fdg-gpu] blocklist CSR ready: edges=445572 avg_deg=84.61 max_deg=198
[M::hk_bmap_gen] generated 5266 beads
[M::hk_bmap_gen] 222531 bin pairs
[M::blind-gpu] prepared pair buffers: n_diploid=5266 n_pairs=227669 n_block_keys=445246 n_steps=100
[I::fdg-gpu] blocklist CSR ready: edges=445246 avg_deg=84.55 max_deg=198
[M::hk_bmap_gen] generated 5266 beads
[M::hk_bmap_gen] 222414 bin pairs
[M::blind-gpu] prepared pair buffers: n_diploid=5266 n_pairs=227553 n_block_keys=445012 n_steps=100
[I::fdg-gpu] blocklist CSR ready: edges=445012 avg_deg=84.51 max_deg=198
[M::hk_bmap_gen] generated 5266 beads
[M::hk_bmap_gen] 222209 bin pairs
[M::blind-gpu] prepared pair buffers: n_diploid=5266 n_pairs=227347 n_block_keys=444600 n_steps=100
[I::fdg-gpu] blocklist CSR ready: edges=444600 avg_deg=84.43 max_deg=198
[M::hk_bmap_gen] generated 5266 beads
[M::hk_bmap_gen] 222107 bin pairs
[M::blind-gpu] prepared pair buffers: n_diploid=5266 n_pairs=227225 n_block_keys=444356 n_steps=100
[I::fdg-gpu] blocklist CSR ready: edges=444356 avg_deg=84.38 max_deg=199
[M::hk_bmap_gen] generated 5266 beads
[M::hk_bmap_gen] 222004 bin pairs
[M::blind-gpu] prepared pair buffers: n_diploid=5266 n_pairs=227137 n_block_keys=444180 n_steps=100
[I::fdg-gpu] blocklist CSR ready: edges=444180 avg_deg=84.35 max_deg=199
[M::hk_bmap_gen] generated 5266 beads
[M::hk_bmap_gen] 221824 bin pairs
[M::blind-gpu] prepared pair buffers: n_diploid=5266 n_pairs=226955 n_block_keys=443816 n_steps=100
[I::fdg-gpu] blocklist CSR ready: edges=443816 avg_deg=84.28 max_deg=200
[M::hk_bmap_gen] generated 5266 beads
[M::hk_bmap_gen] 221754 bin pairs
[M::blind-gpu] prepared pair buffers: n_diploid=5266 n_pairs=226879 n_block_keys=443668 n_steps=100
[I::fdg-gpu] blocklist CSR ready: edges=443668 avg_deg=84.25 max_deg=201
[M::hk_bmap_gen] generated 5266 beads
[M::hk_bmap_gen] 221579 bin pairs
[M::blind-gpu] prepared pair buffers: n_diploid=5266 n_pairs=226709 n_block_keys=443328 n_steps=100
[I::fdg-gpu] blocklist CSR ready: edges=443328 avg_deg=84.19 max_deg=201
[M::hk_bmap_gen] generated 5266 beads
[M::hk_bmap_gen] 221408 bin pairs
[M::blind-gpu] prepared pair buffers: n_diploid=5266 n_pairs=226536 n_block_keys=442982 n_steps=100
[I::fdg-gpu] blocklist CSR ready: edges=442982 avg_deg=84.12 max_deg=201
[M::hk_bmap_gen] generated 5266 beads
[M::hk_bmap_gen] 221322 bin pairs
[M::blind-gpu] prepared pair buffers: n_diploid=5266 n_pairs=226451 n_block_keys=442810 n_steps=100
[I::fdg-gpu] blocklist CSR ready: edges=442810 avg_deg=84.09 max_deg=200
[M::hk_bmap_gen] generated 5266 beads
[M::hk_bmap_gen] 221295 bin pairs
[M::blind-gpu] prepared pair buffers: n_diploid=5266 n_pairs=226425 n_block_keys=442758 n_steps=100
[I::fdg-gpu] blocklist CSR ready: edges=442758 avg_deg=84.08 max_deg=198
[M::hk_bmap_gen] generated 5266 beads
[M::hk_bmap_gen] 221265 bin pairs
[M::blind-gpu] prepared pair buffers: n_diploid=5266 n_pairs=226392 n_block_keys=442694 n_steps=100
[I::fdg-gpu] blocklist CSR ready: edges=442694 avg_deg=84.07 max_deg=196
[M::hk_bmap_gen] generated 5266 beads
[M::hk_bmap_gen] 221167 bin pairs
[M::blind-gpu] prepared pair buffers: n_diploid=5266 n_pairs=226300 n_block_keys=442508 n_steps=100
[I::fdg-gpu] blocklist CSR ready: edges=442508 avg_deg=84.03 max_deg=196
[M::hk_bmap_gen] generated 5266 beads
[M::hk_bmap_gen] 221191 bin pairs
[M::blind-gpu] prepared pair buffers: n_diploid=5266 n_pairs=226321 n_block_keys=442552 n_steps=100
[I::fdg-gpu] blocklist CSR ready: edges=442552 avg_deg=84.04 max_deg=196
[M::hk_bmap_gen] generated 5266 beads
[M::hk_bmap_gen] 221058 bin pairs
[M::blind-gpu] prepared pair buffers: n_diploid=5266 n_pairs=226190 n_block_keys=442288 n_steps=100
[I::fdg-gpu] blocklist CSR ready: edges=442288 avg_deg=83.99 max_deg=196
[M::hk_bmap_gen] generated 5266 beads
[M::hk_bmap_gen] 220959 bin pairs
[M::blind-gpu] prepared pair buffers: n_diploid=5266 n_pairs=226089 n_block_keys=442086 n_steps=100
[I::fdg-gpu] blocklist CSR ready: edges=442086 avg_deg=83.95 max_deg=196
[M::hk_bmap_gen] generated 5266 beads
[M::hk_bmap_gen] 220937 bin pairs
[M::blind-gpu] prepared pair buffers: n_diploid=5266 n_pairs=226072 n_block_keys=442054 n_steps=100
[I::fdg-gpu] blocklist CSR ready: edges=442054 avg_deg=83.94 max_deg=196
[M::hk_bmap_gen] generated 5266 beads
[M::hk_bmap_gen] 220907 bin pairs
[M::blind-gpu] prepared pair buffers: n_diploid=5266 n_pairs=226033 n_block_keys=441978 n_steps=100
[I::fdg-gpu] blocklist CSR ready: edges=441978 avg_deg=83.93 max_deg=195
[M::hk_bmap_gen] generated 5266 beads
[M::hk_bmap_gen] 220756 bin pairs
[M::blind-gpu] prepared pair buffers: n_diploid=5266 n_pairs=225888 n_block_keys=441684 n_steps=100
[I::fdg-gpu] blocklist CSR ready: edges=441684 avg_deg=83.87 max_deg=195
[M::hk_bmap_gen] generated 5266 beads
[M::hk_bmap_gen] 220704 bin pairs
[M::blind-gpu] prepared pair buffers: n_diploid=5266 n_pairs=225837 n_block_keys=441582 n_steps=100
[I::fdg-gpu] blocklist CSR ready: edges=441582 avg_deg=83.86 max_deg=194
[M::hk_bmap_gen] generated 5266 beads
[M::hk_bmap_gen] 220649 bin pairs
[M::blind-gpu] prepared pair buffers: n_diploid=5266 n_pairs=225786 n_block_keys=441482 n_steps=100
[I::fdg-gpu] blocklist CSR ready: edges=441482 avg_deg=83.84 max_deg=193
[M::hk_bmap_gen] generated 5266 beads
[M::hk_bmap_gen] 220596 bin pairs
[M::blind-gpu] prepared pair buffers: n_diploid=5266 n_pairs=225730 n_block_keys=441372 n_steps=100
[I::fdg-gpu] blocklist CSR ready: edges=441372 avg_deg=83.82 max_deg=193
[M::hk_bmap_gen] generated 5266 beads
[M::hk_bmap_gen] 220539 bin pairs
[M::blind-gpu] prepared pair buffers: n_diploid=5266 n_pairs=225680 n_block_keys=441272 n_steps=100
[I::fdg-gpu] blocklist CSR ready: edges=441272 avg_deg=83.80 max_deg=192
[M::hk_bmap_gen] generated 5266 beads
[M::hk_bmap_gen] 220385 bin pairs
[M::blind-gpu] prepared pair buffers: n_diploid=5266 n_pairs=225521 n_block_keys=440956 n_steps=100
[I::fdg-gpu] blocklist CSR ready: edges=440956 avg_deg=83.74 max_deg=193
[M::hk_bmap_gen] generated 5266 beads
[M::hk_bmap_gen] 220239 bin pairs
[M::blind-gpu] prepared pair buffers: n_diploid=5266 n_pairs=225369 n_block_keys=440652 n_steps=100
[I::fdg-gpu] blocklist CSR ready: edges=440652 avg_deg=83.68 max_deg=193
[M::hk_bmap_gen] generated 5266 beads
[M::hk_bmap_gen] 220225 bin pairs
[M::blind-gpu] prepared pair buffers: n_diploid=5266 n_pairs=225365 n_block_keys=440644 n_steps=100
[I::fdg-gpu] blocklist CSR ready: edges=440644 avg_deg=83.68 max_deg=193
[M::hk_bmap_gen] generated 5266 beads
[M::hk_bmap_gen] 220142 bin pairs
[M::blind-gpu] prepared pair buffers: n_diploid=5266 n_pairs=225275 n_block_keys=440464 n_steps=100
[I::fdg-gpu] blocklist CSR ready: edges=440464 avg_deg=83.64 max_deg=193
[M::hk_bmap_gen] generated 5266 beads
[M::hk_bmap_gen] 220060 bin pairs
[M::blind-gpu] prepared pair buffers: n_diploid=5266 n_pairs=225187 n_block_keys=440288 n_steps=100
[I::fdg-gpu] blocklist CSR ready: edges=440288 avg_deg=83.61 max_deg=194
[M::hk_bmap_gen] generated 5266 beads
[M::hk_bmap_gen] 219957 bin pairs
[M::blind-gpu] prepared pair buffers: n_diploid=5266 n_pairs=225078 n_block_keys=440070 n_steps=100
[I::fdg-gpu] blocklist CSR ready: edges=440070 avg_deg=83.57 max_deg=195
[M::hk_bmap_gen] generated 5266 beads
[M::hk_bmap_gen] 219834 bin pairs
[M::blind-gpu] prepared pair buffers: n_diploid=5266 n_pairs=224956 n_block_keys=439824 n_steps=100
[I::fdg-gpu] blocklist CSR ready: edges=439824 avg_deg=83.52 max_deg=195
[M::hk_bmap_gen] generated 5266 beads
[M::hk_bmap_gen] 219803 bin pairs
[M::blind-gpu] prepared pair buffers: n_diploid=5266 n_pairs=224935 n_block_keys=439784 n_steps=100
[I::fdg-gpu] blocklist CSR ready: edges=439784 avg_deg=83.51 max_deg=195
[M::hk_bmap_gen] generated 5266 beads
[M::hk_bmap_gen] 219785 bin pairs
[M::blind-gpu] prepared pair buffers: n_diploid=5266 n_pairs=224913 n_block_keys=439740 n_steps=100
[I::fdg-gpu] blocklist CSR ready: edges=439740 avg_deg=83.51 max_deg=197
[M::hk_bmap_gen] generated 5266 beads
[M::hk_bmap_gen] 219839 bin pairs
[M::blind-gpu] prepared pair buffers: n_diploid=5266 n_pairs=224971 n_block_keys=439854 n_steps=100
[I::fdg-gpu] blocklist CSR ready: edges=439854 avg_deg=83.53 max_deg=197
[M::hk_bmap_gen] generated 5266 beads
[M::hk_bmap_gen] 219741 bin pairs
[M::blind-gpu] prepared pair buffers: n_diploid=5266 n_pairs=224878 n_block_keys=439668 n_steps=100
[I::fdg-gpu] blocklist CSR ready: edges=439668 avg_deg=83.49 max_deg=197
[M::hk_bmap_gen] generated 5266 beads
[M::hk_bmap_gen] 219662 bin pairs
[M::blind-gpu] prepared pair buffers: n_diploid=5266 n_pairs=224801 n_block_keys=439514 n_steps=100
[I::fdg-gpu] blocklist CSR ready: edges=439514 avg_deg=83.46 max_deg=197
[M::hk_bmap_gen] generated 5266 beads
[M::hk_bmap_gen] 219632 bin pairs
[M::blind-gpu] prepared pair buffers: n_diploid=5266 n_pairs=224777 n_block_keys=439466 n_steps=100
[I::fdg-gpu] blocklist CSR ready: edges=439466 avg_deg=83.45 max_deg=197
[M::hk_bmap_gen] generated 5266 beads
[M::hk_bmap_gen] 219641 bin pairs
[M::blind-gpu] prepared pair buffers: n_diploid=5266 n_pairs=224786 n_block_keys=439488 n_steps=100
[I::fdg-gpu] blocklist CSR ready: edges=439488 avg_deg=83.46 max_deg=197
[M::hk_bmap_gen] generated 5266 beads
[M::hk_bmap_gen] 219619 bin pairs
[M::blind-gpu] prepared pair buffers: n_diploid=5266 n_pairs=224764 n_block_keys=439444 n_steps=100
[I::fdg-gpu] blocklist CSR ready: edges=439444 avg_deg=83.45 max_deg=197
[M::hk_bmap_gen] generated 5266 beads
[M::hk_bmap_gen] 219586 bin pairs
[M::blind-gpu] prepared pair buffers: n_diploid=5266 n_pairs=224730 n_block_keys=439374 n_steps=100
[I::fdg-gpu] blocklist CSR ready: edges=439374 avg_deg=83.44 max_deg=197
[M::hk_bmap_gen] generated 5266 beads
[M::hk_bmap_gen] 219592 bin pairs
[M::blind-gpu] prepared pair buffers: n_diploid=5266 n_pairs=224735 n_block_keys=439384 n_steps=100
[I::fdg-gpu] blocklist CSR ready: edges=439384 avg_deg=83.44 max_deg=197
[M::hk_bmap_gen] generated 5266 beads
[M::hk_bmap_gen] 219612 bin pairs
[M::blind-gpu] prepared pair buffers: n_diploid=5266 n_pairs=224759 n_block_keys=439434 n_steps=100
[I::fdg-gpu] blocklist CSR ready: edges=439434 avg_deg=83.45 max_deg=197
[M::hk_bmap_gen] generated 5266 beads
[M::hk_bmap_gen] 219578 bin pairs
[M::blind-gpu] prepared pair buffers: n_diploid=5266 n_pairs=224726 n_block_keys=439368 n_steps=100
[I::fdg-gpu] blocklist CSR ready: edges=439368 avg_deg=83.43 max_deg=197
[M::hk_bmap_gen] generated 5266 beads
[M::hk_bmap_gen] 219613 bin pairs
[M::blind-gpu] prepared pair buffers: n_diploid=5266 n_pairs=224763 n_block_keys=439442 n_steps=100
[I::fdg-gpu] blocklist CSR ready: edges=439442 avg_deg=83.45 max_deg=197
[M::hk_bmap_gen] generated 5266 beads
[M::hk_bmap_gen] 219588 bin pairs
[M::blind-gpu] prepared pair buffers: n_diploid=5266 n_pairs=224737 n_block_keys=439390 n_steps=100
[I::fdg-gpu] blocklist CSR ready: edges=439390 avg_deg=83.44 max_deg=197
[M::hk_bmap_gen] generated 5266 beads
[M::hk_bmap_gen] 219577 bin pairs
[M::blind-gpu] prepared pair buffers: n_diploid=5266 n_pairs=224718 n_block_keys=439352 n_steps=100
[I::fdg-gpu] blocklist CSR ready: edges=439352 avg_deg=83.43 max_deg=197
[M::hk_bmap_gen] generated 5266 beads
[M::hk_bmap_gen] 219587 bin pairs
[M::blind-gpu] prepared pair buffers: n_diploid=5266 n_pairs=224738 n_block_keys=439392 n_steps=100
[I::fdg-gpu] blocklist CSR ready: edges=439392 avg_deg=83.44 max_deg=197
[M::hk_bmap_gen] generated 5266 beads
[M::hk_bmap_gen] 219567 bin pairs
[M::blind-gpu] prepared pair buffers: n_diploid=5266 n_pairs=224721 n_block_keys=439360 n_steps=100
[I::fdg-gpu] blocklist CSR ready: edges=439360 avg_deg=83.43 max_deg=197
[M::hk_bmap_gen] generated 5266 beads
[M::hk_bmap_gen] 219601 bin pairs
[M::blind-gpu] prepared pair buffers: n_diploid=5266 n_pairs=224756 n_block_keys=439430 n_steps=100
[I::fdg-gpu] blocklist CSR ready: edges=439430 avg_deg=83.45 max_deg=197
[M::hk_bmap_gen] generated 5266 beads
[M::hk_bmap_gen] 219622 bin pairs
[M::blind-gpu] prepared pair buffers: n_diploid=5266 n_pairs=224773 n_block_keys=439466 n_steps=100
[I::fdg-gpu] blocklist CSR ready: edges=439466 avg_deg=83.45 max_deg=197
[M::hk_bmap_gen] generated 5266 beads
[M::hk_bmap_gen] 219631 bin pairs
[M::blind-gpu] prepared pair buffers: n_diploid=5266 n_pairs=224783 n_block_keys=439486 n_steps=100
[I::fdg-gpu] blocklist CSR ready: edges=439486 avg_deg=83.46 max_deg=197
minimal P9016[1m]: write outputs to /mnt/ssd/zliu/phase3/test_res/014-20260617_205632-p9016_p1006_dscale_gamma_sep_1m/work_outputs/P9016/p9016_pcgamma0p5_sep_off_ieps0p5_noise0_seed17/p9016_pcgamma0p5_sep_off_ieps0p5_noise0_seed17
[M::hk_bmap_gen] generated 5266 beads
[M::hk_bmap_gen] 219606 bin pairs
minimal P9016[1m]: status=OK final_entropy=0.64445311 final_pU=0.46487468
minimal P9016: summary /mnt/ssd/zliu/phase3/test_res/014-20260617_205632-p9016_p1006_dscale_gamma_sep_1m/work_outputs/P9016/p9016_pcgamma0p5_sep_off_ieps0p5_noise0_seed17/matrix_summary.tsv
