minimal P9016: input=/shared/zliu/CHARM/CHARM_mesc/data/pairs/P9016.pairs.gz output_root=/mnt/ssd/zliu/phase3/test_res/014-20260617_205632-p9016_p1006_dscale_gamma_sep_1m/work_outputs/P9016/p9016_pcgamma0_sep_off_ieps0p5_noise0_seed17 config=p9016_pcgamma0_sep_off_ieps0p5_noise0_seed17 baseline=softall n_iter=100 relax_steps=100 relax_step=0.012 chain=0 init_mode=unphased_scaffold_split init_eps=0.5 init_noise=0 init_scale=10 init_seed=17 min_sep=0 lambda_sep=0 d_scale_mode=posterior_count d_scale_input=posterior_count d_scale_formula=n_raw*posterior_prob^0 d_scale_gamma=0 d_scale_eps=1e-06 relax_backend=gpu
minimal P9016: stage 1/1 name=1m bin_size_bp=1000000 parent=0
[M::hk_map_read] read 1703888 pairs
[M::hk_bmap_gen] generated 2633 beads
[M::hk_bmap_gen] 489556 bin pairs
minimal P9016[1m]: build binned contacts
minimal P9016[1m]: init mode=unphased_scaffold_split seed=17 scale=10
[M::hk_fdg] mid_dist:1000000 max_nei:69
[M::hk_fdg1_cpu] iter:10 elapsed:0.33s rep_coef:0.2092 RMS_force:367.1874 n_rep:43.0820 energy:25.1082,6.6566,0.0049 dist:5.6169,6.6204,1.4501
[M::hk_fdg1_cpu] iter:20 elapsed:0.79s rep_coef:0.6615 RMS_force:336.9308 n_rep:157.7303 energy:7.7515,3.4068,0.0177 dist:3.4076,4.2658,1.4016
[M::hk_fdg1_cpu] iter:30 elapsed:1.74s rep_coef:0.9352 RMS_force:226.0828 n_rep:592.3505 energy:1.8327,1.0566,0.0354 dist:1.9896,2.3234,1.2554
[M::hk_fdg1_cpu] iter:40 elapsed:3.12s rep_coef:0.9907 RMS_force:132.8226 n_rep:808.7839 energy:0.5357,0.4158,0.0366 dist:1.4081,1.7237,1.2560
[M::hk_fdg1_cpu] iter:50 elapsed:4.57s rep_coef:0.9987 RMS_force:99.3491 n_rep:815.5837 energy:0.1678,0.2703,0.0325 dist:1.0643,1.6062,1.3142
minimal P9016[1m]: run softall, n_iter=100 relax_steps=100 relax_step=0.012 relax_backend=gpu
[M::hk_bmap_gen] generated 5266 beads
[M::hk_bmap_gen] 287142 bin pairs
[M::blind-gpu] prepared pair buffers: n_diploid=5266 n_pairs=292308 n_block_keys=574524 n_steps=100
[I::fdg-gpu] blocklist CSR ready: edges=574524 avg_deg=109.10 max_deg=193
[M::hk_bmap_gen] generated 5266 beads
[M::hk_bmap_gen] 292440 bin pairs
[M::blind-gpu] prepared pair buffers: n_diploid=5266 n_pairs=297599 n_block_keys=585104 n_steps=100
[I::fdg-gpu] blocklist CSR ready: edges=585104 avg_deg=111.11 max_deg=193
[M::hk_bmap_gen] generated 5266 beads
[M::hk_bmap_gen] 286909 bin pairs
[M::blind-gpu] prepared pair buffers: n_diploid=5266 n_pairs=292051 n_block_keys=574008 n_steps=100
[I::fdg-gpu] blocklist CSR ready: edges=574008 avg_deg=109.00 max_deg=195
[M::hk_bmap_gen] generated 5266 beads
[M::hk_bmap_gen] 282766 bin pairs
[M::blind-gpu] prepared pair buffers: n_diploid=5266 n_pairs=287902 n_block_keys=565710 n_steps=100
[I::fdg-gpu] blocklist CSR ready: edges=565710 avg_deg=107.43 max_deg=197
[M::hk_bmap_gen] generated 5266 beads
[M::hk_bmap_gen] 279808 bin pairs
[M::blind-gpu] prepared pair buffers: n_diploid=5266 n_pairs=284930 n_block_keys=559766 n_steps=100
[I::fdg-gpu] blocklist CSR ready: edges=559766 avg_deg=106.30 max_deg=197
[M::hk_bmap_gen] generated 5266 beads
[M::hk_bmap_gen] 277318 bin pairs
[M::blind-gpu] prepared pair buffers: n_diploid=5266 n_pairs=282412 n_block_keys=554734 n_steps=100
[I::fdg-gpu] blocklist CSR ready: edges=554734 avg_deg=105.34 max_deg=209
[M::hk_bmap_gen] generated 5266 beads
[M::hk_bmap_gen] 275285 bin pairs
[M::blind-gpu] prepared pair buffers: n_diploid=5266 n_pairs=280393 n_block_keys=550696 n_steps=100
[I::fdg-gpu] blocklist CSR ready: edges=550696 avg_deg=104.58 max_deg=216
[M::hk_bmap_gen] generated 5266 beads
[M::hk_bmap_gen] 273341 bin pairs
[M::blind-gpu] prepared pair buffers: n_diploid=5266 n_pairs=278433 n_block_keys=546776 n_steps=100
[I::fdg-gpu] blocklist CSR ready: edges=546776 avg_deg=103.83 max_deg=225
[M::hk_bmap_gen] generated 5266 beads
[M::hk_bmap_gen] 272118 bin pairs
[M::blind-gpu] prepared pair buffers: n_diploid=5266 n_pairs=277211 n_block_keys=544330 n_steps=100
[I::fdg-gpu] blocklist CSR ready: edges=544330 avg_deg=103.37 max_deg=223
[M::hk_bmap_gen] generated 5266 beads
[M::hk_bmap_gen] 270824 bin pairs
[M::blind-gpu] prepared pair buffers: n_diploid=5266 n_pairs=275907 n_block_keys=541720 n_steps=100
[I::fdg-gpu] blocklist CSR ready: edges=541720 avg_deg=102.87 max_deg=223
[M::hk_bmap_gen] generated 5266 beads
[M::hk_bmap_gen] 270127 bin pairs
[M::blind-gpu] prepared pair buffers: n_diploid=5266 n_pairs=275230 n_block_keys=540370 n_steps=100
[I::fdg-gpu] blocklist CSR ready: edges=540370 avg_deg=102.61 max_deg=219
[M::hk_bmap_gen] generated 5266 beads
[M::hk_bmap_gen] 269066 bin pairs
[M::blind-gpu] prepared pair buffers: n_diploid=5266 n_pairs=274153 n_block_keys=538220 n_steps=100
[I::fdg-gpu] blocklist CSR ready: edges=538220 avg_deg=102.21 max_deg=218
[M::hk_bmap_gen] generated 5266 beads
[M::hk_bmap_gen] 267988 bin pairs
[M::blind-gpu] prepared pair buffers: n_diploid=5266 n_pairs=273083 n_block_keys=536080 n_steps=100
[I::fdg-gpu] blocklist CSR ready: edges=536080 avg_deg=101.80 max_deg=212
[M::hk_bmap_gen] generated 5266 beads
[M::hk_bmap_gen] 267088 bin pairs
[M::blind-gpu] prepared pair buffers: n_diploid=5266 n_pairs=272175 n_block_keys=534266 n_steps=100
[I::fdg-gpu] blocklist CSR ready: edges=534266 avg_deg=101.46 max_deg=207
[M::hk_bmap_gen] generated 5266 beads
[M::hk_bmap_gen] 266296 bin pairs
[M::blind-gpu] prepared pair buffers: n_diploid=5266 n_pairs=271394 n_block_keys=532704 n_steps=100
[I::fdg-gpu] blocklist CSR ready: edges=532704 avg_deg=101.16 max_deg=206
[M::hk_bmap_gen] generated 5266 beads
[M::hk_bmap_gen] 265429 bin pairs
[M::blind-gpu] prepared pair buffers: n_diploid=5266 n_pairs=270527 n_block_keys=530970 n_steps=100
[I::fdg-gpu] blocklist CSR ready: edges=530970 avg_deg=100.83 max_deg=210
[M::hk_bmap_gen] generated 5266 beads
[M::hk_bmap_gen] 264812 bin pairs
[M::blind-gpu] prepared pair buffers: n_diploid=5266 n_pairs=269906 n_block_keys=529722 n_steps=100
[I::fdg-gpu] blocklist CSR ready: edges=529722 avg_deg=100.59 max_deg=210
[M::hk_bmap_gen] generated 5266 beads
[M::hk_bmap_gen] 264320 bin pairs
[M::blind-gpu] prepared pair buffers: n_diploid=5266 n_pairs=269438 n_block_keys=528784 n_steps=100
[I::fdg-gpu] blocklist CSR ready: edges=528784 avg_deg=100.41 max_deg=215
[M::hk_bmap_gen] generated 5266 beads
[M::hk_bmap_gen] 263641 bin pairs
[M::blind-gpu] prepared pair buffers: n_diploid=5266 n_pairs=268752 n_block_keys=527408 n_steps=100
[I::fdg-gpu] blocklist CSR ready: edges=527408 avg_deg=100.15 max_deg=214
[M::hk_bmap_gen] generated 5266 beads
[M::hk_bmap_gen] 263127 bin pairs
[M::blind-gpu] prepared pair buffers: n_diploid=5266 n_pairs=268234 n_block_keys=526372 n_steps=100
[I::fdg-gpu] blocklist CSR ready: edges=526372 avg_deg=99.96 max_deg=212
[M::hk_bmap_gen] generated 5266 beads
[M::hk_bmap_gen] 262662 bin pairs
[M::blind-gpu] prepared pair buffers: n_diploid=5266 n_pairs=267762 n_block_keys=525430 n_steps=100
[I::fdg-gpu] blocklist CSR ready: edges=525430 avg_deg=99.78 max_deg=210
[M::hk_bmap_gen] generated 5266 beads
[M::hk_bmap_gen] 261966 bin pairs
[M::blind-gpu] prepared pair buffers: n_diploid=5266 n_pairs=267062 n_block_keys=524036 n_steps=100
[I::fdg-gpu] blocklist CSR ready: edges=524036 avg_deg=99.51 max_deg=206
[M::hk_bmap_gen] generated 5266 beads
[M::hk_bmap_gen] 261286 bin pairs
[M::blind-gpu] prepared pair buffers: n_diploid=5266 n_pairs=266382 n_block_keys=522676 n_steps=100
[I::fdg-gpu] blocklist CSR ready: edges=522676 avg_deg=99.25 max_deg=206
[M::hk_bmap_gen] generated 5266 beads
[M::hk_bmap_gen] 260516 bin pairs
[M::blind-gpu] prepared pair buffers: n_diploid=5266 n_pairs=265602 n_block_keys=521120 n_steps=100
[I::fdg-gpu] blocklist CSR ready: edges=521120 avg_deg=98.96 max_deg=207
[M::hk_bmap_gen] generated 5266 beads
[M::hk_bmap_gen] 259621 bin pairs
[M::blind-gpu] prepared pair buffers: n_diploid=5266 n_pairs=264714 n_block_keys=519342 n_steps=100
[I::fdg-gpu] blocklist CSR ready: edges=519342 avg_deg=98.62 max_deg=207
[M::hk_bmap_gen] generated 5266 beads
[M::hk_bmap_gen] 259102 bin pairs
[M::blind-gpu] prepared pair buffers: n_diploid=5266 n_pairs=264214 n_block_keys=518338 n_steps=100
[I::fdg-gpu] blocklist CSR ready: edges=518338 avg_deg=98.43 max_deg=208
[M::hk_bmap_gen] generated 5266 beads
[M::hk_bmap_gen] 258543 bin pairs
[M::blind-gpu] prepared pair buffers: n_diploid=5266 n_pairs=263657 n_block_keys=517222 n_steps=100
[I::fdg-gpu] blocklist CSR ready: edges=517222 avg_deg=98.22 max_deg=210
[M::hk_bmap_gen] generated 5266 beads
[M::hk_bmap_gen] 258033 bin pairs
[M::blind-gpu] prepared pair buffers: n_diploid=5266 n_pairs=263129 n_block_keys=516170 n_steps=100
[I::fdg-gpu] blocklist CSR ready: edges=516170 avg_deg=98.02 max_deg=210
[M::hk_bmap_gen] generated 5266 beads
[M::hk_bmap_gen] 257398 bin pairs
[M::blind-gpu] prepared pair buffers: n_diploid=5266 n_pairs=262517 n_block_keys=514952 n_steps=100
[I::fdg-gpu] blocklist CSR ready: edges=514952 avg_deg=97.79 max_deg=209
[M::hk_bmap_gen] generated 5266 beads
[M::hk_bmap_gen] 256981 bin pairs
[M::blind-gpu] prepared pair buffers: n_diploid=5266 n_pairs=262101 n_block_keys=514122 n_steps=100
[I::fdg-gpu] blocklist CSR ready: edges=514122 avg_deg=97.63 max_deg=209
[M::hk_bmap_gen] generated 5266 beads
[M::hk_bmap_gen] 256421 bin pairs
[M::blind-gpu] prepared pair buffers: n_diploid=5266 n_pairs=261545 n_block_keys=513012 n_steps=100
[I::fdg-gpu] blocklist CSR ready: edges=513012 avg_deg=97.42 max_deg=210
[M::hk_bmap_gen] generated 5266 beads
[M::hk_bmap_gen] 255959 bin pairs
[M::blind-gpu] prepared pair buffers: n_diploid=5266 n_pairs=261082 n_block_keys=512086 n_steps=100
[I::fdg-gpu] blocklist CSR ready: edges=512086 avg_deg=97.24 max_deg=209
[M::hk_bmap_gen] generated 5266 beads
[M::hk_bmap_gen] 255483 bin pairs
[M::blind-gpu] prepared pair buffers: n_diploid=5266 n_pairs=260612 n_block_keys=511146 n_steps=100
[I::fdg-gpu] blocklist CSR ready: edges=511146 avg_deg=97.07 max_deg=208
[M::hk_bmap_gen] generated 5266 beads
[M::hk_bmap_gen] 255139 bin pairs
[M::blind-gpu] prepared pair buffers: n_diploid=5266 n_pairs=260269 n_block_keys=510456 n_steps=100
[I::fdg-gpu] blocklist CSR ready: edges=510456 avg_deg=96.93 max_deg=208
[M::hk_bmap_gen] generated 5266 beads
[M::hk_bmap_gen] 254708 bin pairs
[M::blind-gpu] prepared pair buffers: n_diploid=5266 n_pairs=259834 n_block_keys=509590 n_steps=100
[I::fdg-gpu] blocklist CSR ready: edges=509590 avg_deg=96.77 max_deg=208
[M::hk_bmap_gen] generated 5266 beads
[M::hk_bmap_gen] 254269 bin pairs
[M::blind-gpu] prepared pair buffers: n_diploid=5266 n_pairs=259392 n_block_keys=508702 n_steps=100
[I::fdg-gpu] blocklist CSR ready: edges=508702 avg_deg=96.60 max_deg=207
[M::hk_bmap_gen] generated 5266 beads
[M::hk_bmap_gen] 254126 bin pairs
[M::blind-gpu] prepared pair buffers: n_diploid=5266 n_pairs=259257 n_block_keys=508432 n_steps=100
[I::fdg-gpu] blocklist CSR ready: edges=508432 avg_deg=96.55 max_deg=208
[M::hk_bmap_gen] generated 5266 beads
[M::hk_bmap_gen] 253865 bin pairs
[M::blind-gpu] prepared pair buffers: n_diploid=5266 n_pairs=258980 n_block_keys=507878 n_steps=100
[I::fdg-gpu] blocklist CSR ready: edges=507878 avg_deg=96.44 max_deg=207
[M::hk_bmap_gen] generated 5266 beads
[M::hk_bmap_gen] 253703 bin pairs
[M::blind-gpu] prepared pair buffers: n_diploid=5266 n_pairs=258804 n_block_keys=507524 n_steps=100
[I::fdg-gpu] blocklist CSR ready: edges=507524 avg_deg=96.38 max_deg=207
[M::hk_bmap_gen] generated 5266 beads
[M::hk_bmap_gen] 253461 bin pairs
[M::blind-gpu] prepared pair buffers: n_diploid=5266 n_pairs=258573 n_block_keys=507062 n_steps=100
[I::fdg-gpu] blocklist CSR ready: edges=507062 avg_deg=96.29 max_deg=208
[M::hk_bmap_gen] generated 5266 beads
[M::hk_bmap_gen] 253062 bin pairs
[M::blind-gpu] prepared pair buffers: n_diploid=5266 n_pairs=258163 n_block_keys=506242 n_steps=100
[I::fdg-gpu] blocklist CSR ready: edges=506242 avg_deg=96.13 max_deg=207
[M::hk_bmap_gen] generated 5266 beads
[M::hk_bmap_gen] 252625 bin pairs
[M::blind-gpu] prepared pair buffers: n_diploid=5266 n_pairs=257726 n_block_keys=505370 n_steps=100
[I::fdg-gpu] blocklist CSR ready: edges=505370 avg_deg=95.97 max_deg=207
[M::hk_bmap_gen] generated 5266 beads
[M::hk_bmap_gen] 252189 bin pairs
[M::blind-gpu] prepared pair buffers: n_diploid=5266 n_pairs=257303 n_block_keys=504528 n_steps=100
[I::fdg-gpu] blocklist CSR ready: edges=504528 avg_deg=95.81 max_deg=207
[M::hk_bmap_gen] generated 5266 beads
[M::hk_bmap_gen] 251781 bin pairs
[M::blind-gpu] prepared pair buffers: n_diploid=5266 n_pairs=256884 n_block_keys=503684 n_steps=100
[I::fdg-gpu] blocklist CSR ready: edges=503684 avg_deg=95.65 max_deg=206
[M::hk_bmap_gen] generated 5266 beads
[M::hk_bmap_gen] 251382 bin pairs
[M::blind-gpu] prepared pair buffers: n_diploid=5266 n_pairs=256477 n_block_keys=502868 n_steps=100
[I::fdg-gpu] blocklist CSR ready: edges=502868 avg_deg=95.49 max_deg=206
[M::hk_bmap_gen] generated 5266 beads
[M::hk_bmap_gen] 250945 bin pairs
[M::blind-gpu] prepared pair buffers: n_diploid=5266 n_pairs=256041 n_block_keys=501996 n_steps=100
[I::fdg-gpu] blocklist CSR ready: edges=501996 avg_deg=95.33 max_deg=207
[M::hk_bmap_gen] generated 5266 beads
[M::hk_bmap_gen] 250518 bin pairs
[M::blind-gpu] prepared pair buffers: n_diploid=5266 n_pairs=255611 n_block_keys=501134 n_steps=100
[I::fdg-gpu] blocklist CSR ready: edges=501134 avg_deg=95.16 max_deg=207
[M::hk_bmap_gen] generated 5266 beads
[M::hk_bmap_gen] 250170 bin pairs
[M::blind-gpu] prepared pair buffers: n_diploid=5266 n_pairs=255266 n_block_keys=500444 n_steps=100
[I::fdg-gpu] blocklist CSR ready: edges=500444 avg_deg=95.03 max_deg=206
[M::hk_bmap_gen] generated 5266 beads
[M::hk_bmap_gen] 249877 bin pairs
[M::blind-gpu] prepared pair buffers: n_diploid=5266 n_pairs=254991 n_block_keys=499892 n_steps=100
[I::fdg-gpu] blocklist CSR ready: edges=499892 avg_deg=94.93 max_deg=207
[M::hk_bmap_gen] generated 5266 beads
[M::hk_bmap_gen] 249633 bin pairs
[M::blind-gpu] prepared pair buffers: n_diploid=5266 n_pairs=254736 n_block_keys=499382 n_steps=100
[I::fdg-gpu] blocklist CSR ready: edges=499382 avg_deg=94.83 max_deg=207
[M::hk_bmap_gen] generated 5266 beads
[M::hk_bmap_gen] 249339 bin pairs
[M::blind-gpu] prepared pair buffers: n_diploid=5266 n_pairs=254444 n_block_keys=498798 n_steps=100
[I::fdg-gpu] blocklist CSR ready: edges=498798 avg_deg=94.72 max_deg=206
[M::hk_bmap_gen] generated 5266 beads
[M::hk_bmap_gen] 248903 bin pairs
[M::blind-gpu] prepared pair buffers: n_diploid=5266 n_pairs=254004 n_block_keys=497916 n_steps=100
[I::fdg-gpu] blocklist CSR ready: edges=497916 avg_deg=94.55 max_deg=206
[M::hk_bmap_gen] generated 5266 beads
[M::hk_bmap_gen] 248675 bin pairs
[M::blind-gpu] prepared pair buffers: n_diploid=5266 n_pairs=253779 n_block_keys=497466 n_steps=100
[I::fdg-gpu] blocklist CSR ready: edges=497466 avg_deg=94.47 max_deg=206
[M::hk_bmap_gen] generated 5266 beads
[M::hk_bmap_gen] 248533 bin pairs
[M::blind-gpu] prepared pair buffers: n_diploid=5266 n_pairs=253645 n_block_keys=497198 n_steps=100
[I::fdg-gpu] blocklist CSR ready: edges=497198 avg_deg=94.42 max_deg=207
[M::hk_bmap_gen] generated 5266 beads
[M::hk_bmap_gen] 248403 bin pairs
[M::blind-gpu] prepared pair buffers: n_diploid=5266 n_pairs=253515 n_block_keys=496940 n_steps=100
[I::fdg-gpu] blocklist CSR ready: edges=496940 avg_deg=94.37 max_deg=210
[M::hk_bmap_gen] generated 5266 beads
[M::hk_bmap_gen] 248244 bin pairs
[M::blind-gpu] prepared pair buffers: n_diploid=5266 n_pairs=253365 n_block_keys=496640 n_steps=100
[I::fdg-gpu] blocklist CSR ready: edges=496640 avg_deg=94.31 max_deg=212
[M::hk_bmap_gen] generated 5266 beads
[M::hk_bmap_gen] 248156 bin pairs
[M::blind-gpu] prepared pair buffers: n_diploid=5266 n_pairs=253261 n_block_keys=496432 n_steps=100
[I::fdg-gpu] blocklist CSR ready: edges=496432 avg_deg=94.27 max_deg=213
[M::hk_bmap_gen] generated 5266 beads
[M::hk_bmap_gen] 247922 bin pairs
[M::blind-gpu] prepared pair buffers: n_diploid=5266 n_pairs=253033 n_block_keys=495976 n_steps=100
[I::fdg-gpu] blocklist CSR ready: edges=495976 avg_deg=94.18 max_deg=214
[M::hk_bmap_gen] generated 5266 beads
[M::hk_bmap_gen] 247565 bin pairs
[M::blind-gpu] prepared pair buffers: n_diploid=5266 n_pairs=252667 n_block_keys=495244 n_steps=100
[I::fdg-gpu] blocklist CSR ready: edges=495244 avg_deg=94.05 max_deg=212
[M::hk_bmap_gen] generated 5266 beads
[M::hk_bmap_gen] 247413 bin pairs
[M::blind-gpu] prepared pair buffers: n_diploid=5266 n_pairs=252524 n_block_keys=494960 n_steps=100
[I::fdg-gpu] blocklist CSR ready: edges=494960 avg_deg=93.99 max_deg=213
[M::hk_bmap_gen] generated 5266 beads
[M::hk_bmap_gen] 247147 bin pairs
[M::blind-gpu] prepared pair buffers: n_diploid=5266 n_pairs=252260 n_block_keys=494430 n_steps=100
[I::fdg-gpu] blocklist CSR ready: edges=494430 avg_deg=93.89 max_deg=212
[M::hk_bmap_gen] generated 5266 beads
[M::hk_bmap_gen] 246927 bin pairs
[M::blind-gpu] prepared pair buffers: n_diploid=5266 n_pairs=252046 n_block_keys=494002 n_steps=100
[I::fdg-gpu] blocklist CSR ready: edges=494002 avg_deg=93.81 max_deg=210
[M::hk_bmap_gen] generated 5266 beads
[M::hk_bmap_gen] 246696 bin pairs
[M::blind-gpu] prepared pair buffers: n_diploid=5266 n_pairs=251814 n_block_keys=493540 n_steps=100
[I::fdg-gpu] blocklist CSR ready: edges=493540 avg_deg=93.72 max_deg=209
[M::hk_bmap_gen] generated 5266 beads
[M::hk_bmap_gen] 246507 bin pairs
[M::blind-gpu] prepared pair buffers: n_diploid=5266 n_pairs=251623 n_block_keys=493162 n_steps=100
[I::fdg-gpu] blocklist CSR ready: edges=493162 avg_deg=93.65 max_deg=209
[M::hk_bmap_gen] generated 5266 beads
[M::hk_bmap_gen] 246256 bin pairs
[M::blind-gpu] prepared pair buffers: n_diploid=5266 n_pairs=251381 n_block_keys=492678 n_steps=100
[I::fdg-gpu] blocklist CSR ready: edges=492678 avg_deg=93.56 max_deg=209
[M::hk_bmap_gen] generated 5266 beads
[M::hk_bmap_gen] 246005 bin pairs
[M::blind-gpu] prepared pair buffers: n_diploid=5266 n_pairs=251119 n_block_keys=492154 n_steps=100
[I::fdg-gpu] blocklist CSR ready: edges=492154 avg_deg=93.46 max_deg=209
[M::hk_bmap_gen] generated 5266 beads
[M::hk_bmap_gen] 245750 bin pairs
[M::blind-gpu] prepared pair buffers: n_diploid=5266 n_pairs=250869 n_block_keys=491652 n_steps=100
[I::fdg-gpu] blocklist CSR ready: edges=491652 avg_deg=93.36 max_deg=210
[M::hk_bmap_gen] generated 5266 beads
[M::hk_bmap_gen] 245551 bin pairs
[M::blind-gpu] prepared pair buffers: n_diploid=5266 n_pairs=250669 n_block_keys=491252 n_steps=100
[I::fdg-gpu] blocklist CSR ready: edges=491252 avg_deg=93.29 max_deg=209
[M::hk_bmap_gen] generated 5266 beads
[M::hk_bmap_gen] 245441 bin pairs
[M::blind-gpu] prepared pair buffers: n_diploid=5266 n_pairs=250556 n_block_keys=491022 n_steps=100
[I::fdg-gpu] blocklist CSR ready: edges=491022 avg_deg=93.24 max_deg=210
[M::hk_bmap_gen] generated 5266 beads
[M::hk_bmap_gen] 245430 bin pairs
[M::blind-gpu] prepared pair buffers: n_diploid=5266 n_pairs=250541 n_block_keys=490992 n_steps=100
[I::fdg-gpu] blocklist CSR ready: edges=490992 avg_deg=93.24 max_deg=210
[M::hk_bmap_gen] generated 5266 beads
[M::hk_bmap_gen] 245303 bin pairs
[M::blind-gpu] prepared pair buffers: n_diploid=5266 n_pairs=250420 n_block_keys=490750 n_steps=100
[I::fdg-gpu] blocklist CSR ready: edges=490750 avg_deg=93.19 max_deg=210
[M::hk_bmap_gen] generated 5266 beads
[M::hk_bmap_gen] 245215 bin pairs
[M::blind-gpu] prepared pair buffers: n_diploid=5266 n_pairs=250331 n_block_keys=490572 n_steps=100
[I::fdg-gpu] blocklist CSR ready: edges=490572 avg_deg=93.16 max_deg=210
[M::hk_bmap_gen] generated 5266 beads
[M::hk_bmap_gen] 245143 bin pairs
[M::blind-gpu] prepared pair buffers: n_diploid=5266 n_pairs=250261 n_block_keys=490432 n_steps=100
[I::fdg-gpu] blocklist CSR ready: edges=490432 avg_deg=93.13 max_deg=210
[M::hk_bmap_gen] generated 5266 beads
[M::hk_bmap_gen] 245078 bin pairs
[M::blind-gpu] prepared pair buffers: n_diploid=5266 n_pairs=250197 n_block_keys=490304 n_steps=100
[I::fdg-gpu] blocklist CSR ready: edges=490304 avg_deg=93.11 max_deg=210
[M::hk_bmap_gen] generated 5266 beads
[M::hk_bmap_gen] 244927 bin pairs
[M::blind-gpu] prepared pair buffers: n_diploid=5266 n_pairs=250045 n_block_keys=490000 n_steps=100
[I::fdg-gpu] blocklist CSR ready: edges=490000 avg_deg=93.05 max_deg=210
[M::hk_bmap_gen] generated 5266 beads
[M::hk_bmap_gen] 244791 bin pairs
[M::blind-gpu] prepared pair buffers: n_diploid=5266 n_pairs=249915 n_block_keys=489740 n_steps=100
[I::fdg-gpu] blocklist CSR ready: edges=489740 avg_deg=93.00 max_deg=210
[M::hk_bmap_gen] generated 5266 beads
[M::hk_bmap_gen] 244636 bin pairs
[M::blind-gpu] prepared pair buffers: n_diploid=5266 n_pairs=249752 n_block_keys=489414 n_steps=100
[I::fdg-gpu] blocklist CSR ready: edges=489414 avg_deg=92.94 max_deg=210
[M::hk_bmap_gen] generated 5266 beads
[M::hk_bmap_gen] 244493 bin pairs
[M::blind-gpu] prepared pair buffers: n_diploid=5266 n_pairs=249621 n_block_keys=489152 n_steps=100
[I::fdg-gpu] blocklist CSR ready: edges=489152 avg_deg=92.89 max_deg=210
[M::hk_bmap_gen] generated 5266 beads
[M::hk_bmap_gen] 244425 bin pairs
[M::blind-gpu] prepared pair buffers: n_diploid=5266 n_pairs=249562 n_block_keys=489034 n_steps=100
[I::fdg-gpu] blocklist CSR ready: edges=489034 avg_deg=92.87 max_deg=210
[M::hk_bmap_gen] generated 5266 beads
[M::hk_bmap_gen] 244277 bin pairs
[M::blind-gpu] prepared pair buffers: n_diploid=5266 n_pairs=249419 n_block_keys=488748 n_steps=100
[I::fdg-gpu] blocklist CSR ready: edges=488748 avg_deg=92.81 max_deg=210
[M::hk_bmap_gen] generated 5266 beads
[M::hk_bmap_gen] 244095 bin pairs
[M::blind-gpu] prepared pair buffers: n_diploid=5266 n_pairs=249237 n_block_keys=488384 n_steps=100
[I::fdg-gpu] blocklist CSR ready: edges=488384 avg_deg=92.74 max_deg=210
[M::hk_bmap_gen] generated 5266 beads
[M::hk_bmap_gen] 243782 bin pairs
[M::blind-gpu] prepared pair buffers: n_diploid=5266 n_pairs=248926 n_block_keys=487762 n_steps=100
[I::fdg-gpu] blocklist CSR ready: edges=487762 avg_deg=92.62 max_deg=210
[M::hk_bmap_gen] generated 5266 beads
[M::hk_bmap_gen] 243528 bin pairs
[M::blind-gpu] prepared pair buffers: n_diploid=5266 n_pairs=248673 n_block_keys=487256 n_steps=100
[I::fdg-gpu] blocklist CSR ready: edges=487256 avg_deg=92.53 max_deg=211
[M::hk_bmap_gen] generated 5266 beads
[M::hk_bmap_gen] 243240 bin pairs
[M::blind-gpu] prepared pair buffers: n_diploid=5266 n_pairs=248372 n_block_keys=486652 n_steps=100
[I::fdg-gpu] blocklist CSR ready: edges=486652 avg_deg=92.41 max_deg=211
[M::hk_bmap_gen] generated 5266 beads
[M::hk_bmap_gen] 243250 bin pairs
[M::blind-gpu] prepared pair buffers: n_diploid=5266 n_pairs=248377 n_block_keys=486662 n_steps=100
[I::fdg-gpu] blocklist CSR ready: edges=486662 avg_deg=92.42 max_deg=212
[M::hk_bmap_gen] generated 5266 beads
[M::hk_bmap_gen] 243220 bin pairs
[M::blind-gpu] prepared pair buffers: n_diploid=5266 n_pairs=248352 n_block_keys=486612 n_steps=100
[I::fdg-gpu] blocklist CSR ready: edges=486612 avg_deg=92.41 max_deg=213
[M::hk_bmap_gen] generated 5266 beads
[M::hk_bmap_gen] 243078 bin pairs
[M::blind-gpu] prepared pair buffers: n_diploid=5266 n_pairs=248217 n_block_keys=486342 n_steps=100
[I::fdg-gpu] blocklist CSR ready: edges=486342 avg_deg=92.36 max_deg=213
[M::hk_bmap_gen] generated 5266 beads
[M::hk_bmap_gen] 243014 bin pairs
[M::blind-gpu] prepared pair buffers: n_diploid=5266 n_pairs=248154 n_block_keys=486214 n_steps=100
[I::fdg-gpu] blocklist CSR ready: edges=486214 avg_deg=92.33 max_deg=215
[M::hk_bmap_gen] generated 5266 beads
[M::hk_bmap_gen] 242905 bin pairs
[M::blind-gpu] prepared pair buffers: n_diploid=5266 n_pairs=248039 n_block_keys=485986 n_steps=100
[I::fdg-gpu] blocklist CSR ready: edges=485986 avg_deg=92.29 max_deg=215
[M::hk_bmap_gen] generated 5266 beads
[M::hk_bmap_gen] 242706 bin pairs
[M::blind-gpu] prepared pair buffers: n_diploid=5266 n_pairs=247839 n_block_keys=485586 n_steps=100
[I::fdg-gpu] blocklist CSR ready: edges=485586 avg_deg=92.21 max_deg=215
[M::hk_bmap_gen] generated 5266 beads
[M::hk_bmap_gen] 242578 bin pairs
[M::blind-gpu] prepared pair buffers: n_diploid=5266 n_pairs=247704 n_block_keys=485318 n_steps=100
[I::fdg-gpu] blocklist CSR ready: edges=485318 avg_deg=92.16 max_deg=213
[M::hk_bmap_gen] generated 5266 beads
[M::hk_bmap_gen] 242478 bin pairs
[M::blind-gpu] prepared pair buffers: n_diploid=5266 n_pairs=247607 n_block_keys=485124 n_steps=100
[I::fdg-gpu] blocklist CSR ready: edges=485124 avg_deg=92.12 max_deg=214
[M::hk_bmap_gen] generated 5266 beads
[M::hk_bmap_gen] 242348 bin pairs
[M::blind-gpu] prepared pair buffers: n_diploid=5266 n_pairs=247487 n_block_keys=484884 n_steps=100
[I::fdg-gpu] blocklist CSR ready: edges=484884 avg_deg=92.08 max_deg=216
[M::hk_bmap_gen] generated 5266 beads
[M::hk_bmap_gen] 242286 bin pairs
[M::blind-gpu] prepared pair buffers: n_diploid=5266 n_pairs=247426 n_block_keys=484762 n_steps=100
[I::fdg-gpu] blocklist CSR ready: edges=484762 avg_deg=92.06 max_deg=214
[M::hk_bmap_gen] generated 5266 beads
[M::hk_bmap_gen] 242165 bin pairs
[M::blind-gpu] prepared pair buffers: n_diploid=5266 n_pairs=247305 n_block_keys=484518 n_steps=100
[I::fdg-gpu] blocklist CSR ready: edges=484518 avg_deg=92.01 max_deg=214
[M::hk_bmap_gen] generated 5266 beads
[M::hk_bmap_gen] 242093 bin pairs
[M::blind-gpu] prepared pair buffers: n_diploid=5266 n_pairs=247228 n_block_keys=484364 n_steps=100
[I::fdg-gpu] blocklist CSR ready: edges=484364 avg_deg=91.98 max_deg=216
[M::hk_bmap_gen] generated 5266 beads
[M::hk_bmap_gen] 242029 bin pairs
[M::blind-gpu] prepared pair buffers: n_diploid=5266 n_pairs=247162 n_block_keys=484232 n_steps=100
[I::fdg-gpu] blocklist CSR ready: edges=484232 avg_deg=91.95 max_deg=215
[M::hk_bmap_gen] generated 5266 beads
[M::hk_bmap_gen] 241908 bin pairs
[M::blind-gpu] prepared pair buffers: n_diploid=5266 n_pairs=247034 n_block_keys=483976 n_steps=100
[I::fdg-gpu] blocklist CSR ready: edges=483976 avg_deg=91.91 max_deg=214
[M::hk_bmap_gen] generated 5266 beads
[M::hk_bmap_gen] 241666 bin pairs
[M::blind-gpu] prepared pair buffers: n_diploid=5266 n_pairs=246793 n_block_keys=483496 n_steps=100
[I::fdg-gpu] blocklist CSR ready: edges=483496 avg_deg=91.81 max_deg=214
[M::hk_bmap_gen] generated 5266 beads
[M::hk_bmap_gen] 241384 bin pairs
[M::blind-gpu] prepared pair buffers: n_diploid=5266 n_pairs=246512 n_block_keys=482934 n_steps=100
[I::fdg-gpu] blocklist CSR ready: edges=482934 avg_deg=91.71 max_deg=214
minimal P9016[1m]: write outputs to /mnt/ssd/zliu/phase3/test_res/014-20260617_205632-p9016_p1006_dscale_gamma_sep_1m/work_outputs/P9016/p9016_pcgamma0_sep_off_ieps0p5_noise0_seed17/p9016_pcgamma0_sep_off_ieps0p5_noise0_seed17
[M::hk_bmap_gen] generated 5266 beads
[M::hk_bmap_gen] 241190 bin pairs
minimal P9016[1m]: status=OK final_entropy=0.80404395 final_pU=0.5799951
minimal P9016: summary /mnt/ssd/zliu/phase3/test_res/014-20260617_205632-p9016_p1006_dscale_gamma_sep_1m/work_outputs/P9016/p9016_pcgamma0_sep_off_ieps0p5_noise0_seed17/matrix_summary.tsv
