minimal P9016: input=/shared/zliu/CHARM/CHARM_mesc/data/pairs/P9016.pairs.gz output_root=/mnt/ssd/zliu/phase3/test_res/044-20260620_040939-p9016_multiseed_basin_audit_1m/outputs/p9016_multiseed_best035_seed71_noise0p05 config=p9016_multiseed_best035_seed71_noise0p05 baseline=softall n_iter=100 relax_steps=100 relax_step=0.012 chain=0 init_mode=unphased_scaffold_split init_eps=0.5 init_noise=0.050000001 init_scale=10 init_seed=71 min_sep=0 lambda_sep=0 lambda_copytrack=0.029999999 lambda_global_copytrack=0.003 trans_chr_pair_prior_lambda=0 trans_chr_pair_prior_eps=0.001 trans_chr_pair_prior_power=1 trans_chr_pair_prior_warmup_iter=0 trans_chr_pair_mstep_lambda=0 trans_chr_pair_mstep_eps=0.001 trans_chr_pair_mstep_power=1 trans_chr_pair_mstep_warmup_iter=0 d_scale_mode=posterior_count d_scale_input=posterior_count d_scale_formula=n_raw*posterior_prob^1 d_scale_gamma=1 d_scale_eps=1e-06 trans_k_multiplier=1 trans_dscale_multiplier=0.5 trans_top1_mode=off trans_top1_min_pmax=1 trans_top1_min_margin=1 trans_top1_mix_weight=0 trans_gate_mode=off trans_gate_min_pmax=1 trans_gate_min_margin=1 trans_gate_min_neg_entropy=-1.3862944 readgroup_mode=off readgroup_max_segments=8 readgroup_eps=1e-06 relax_backend=gpu
minimal P9016: stage 1/1 name=1m bin_size_bp=1000000 parent=0
[M::hk_map_read] read 1703888 pairs
[M::hk_bmap_gen] generated 2633 beads
[M::hk_bmap_gen] 489556 bin pairs
minimal P9016[1m]: build binned contacts
minimal P9016[1m]: init mode=unphased_scaffold_split seed=71 scale=10
[M::hk_fdg] mid_dist:1000000 max_nei:69
[M::hk_fdg1_cpu] iter:10 elapsed:0.34s rep_coef:0.2092 RMS_force:367.7282 n_rep:42.9351 energy:25.4741,6.7271,0.0049 dist:5.6541,6.6698,1.4487
[M::hk_fdg1_cpu] iter:20 elapsed:0.84s rep_coef:0.6615 RMS_force:338.2522 n_rep:151.6927 energy:7.7405,3.4462,0.0177 dist:3.3961,4.2978,1.4008
[M::hk_fdg1_cpu] iter:30 elapsed:1.81s rep_coef:0.9352 RMS_force:224.8150 n_rep:590.1945 energy:1.7694,1.0665,0.0352 dist:1.9576,2.3312,1.2564
[M::hk_fdg1_cpu] iter:40 elapsed:3.25s rep_coef:0.9907 RMS_force:131.5153 n_rep:803.0726 energy:0.5225,0.4149,0.0364 dist:1.4006,1.7260,1.2593
[M::hk_fdg1_cpu] iter:50 elapsed:4.76s rep_coef:0.9987 RMS_force:108.0339 n_rep:806.6813 energy:0.2109,0.3021,0.0330 dist:1.1220,1.6404,1.3064
minimal P9016[1m]: run softall, n_iter=100 relax_steps=100 relax_step=0.012 relax_backend=gpu
[M::hk_bmap_gen] generated 5266 beads
[M::hk_bmap_gen] 286444 bin pairs
[M::hk_bmap_gen] generated 5266 beads
[M::hk_bmap_gen] 286444 bin pairs
[M::blind-gpu] prepared pair buffers: n_diploid=5266 n_pairs=291612 n_block_keys=573128 n_steps=100
[I::fdg-gpu] blocklist CSR ready: edges=573128 avg_deg=108.84 max_deg=193
[M::hk_bmap_gen] generated 5266 beads
[M::hk_bmap_gen] 286440 bin pairs
[M::hk_bmap_gen] generated 5266 beads
[M::hk_bmap_gen] 286440 bin pairs
[M::blind-gpu] prepared pair buffers: n_diploid=5266 n_pairs=291543 n_block_keys=572998 n_steps=100
[I::fdg-gpu] blocklist CSR ready: edges=572998 avg_deg=108.81 max_deg=214
[M::hk_bmap_gen] generated 5266 beads
[M::hk_bmap_gen] 272358 bin pairs
[M::hk_bmap_gen] generated 5266 beads
[M::hk_bmap_gen] 272358 bin pairs
[M::blind-gpu] prepared pair buffers: n_diploid=5266 n_pairs=277429 n_block_keys=544764 n_steps=100
[I::fdg-gpu] blocklist CSR ready: edges=544764 avg_deg=103.45 max_deg=201
[M::hk_bmap_gen] generated 5266 beads
[M::hk_bmap_gen] 258888 bin pairs
[M::hk_bmap_gen] generated 5266 beads
[M::hk_bmap_gen] 258888 bin pairs
[M::blind-gpu] prepared pair buffers: n_diploid=5266 n_pairs=263965 n_block_keys=517840 n_steps=100
[I::fdg-gpu] blocklist CSR ready: edges=517840 avg_deg=98.34 max_deg=203
[M::hk_bmap_gen] generated 5266 beads
[M::hk_bmap_gen] 248231 bin pairs
[M::hk_bmap_gen] generated 5266 beads
[M::hk_bmap_gen] 248231 bin pairs
[M::blind-gpu] prepared pair buffers: n_diploid=5266 n_pairs=253293 n_block_keys=496504 n_steps=100
[I::fdg-gpu] blocklist CSR ready: edges=496504 avg_deg=94.28 max_deg=205
[M::hk_bmap_gen] generated 5266 beads
[M::hk_bmap_gen] 239777 bin pairs
[M::hk_bmap_gen] generated 5266 beads
[M::hk_bmap_gen] 239777 bin pairs
[M::blind-gpu] prepared pair buffers: n_diploid=5266 n_pairs=244843 n_block_keys=479608 n_steps=100
[I::fdg-gpu] blocklist CSR ready: edges=479608 avg_deg=91.08 max_deg=197
[M::hk_bmap_gen] generated 5266 beads
[M::hk_bmap_gen] 233613 bin pairs
[M::hk_bmap_gen] generated 5266 beads
[M::hk_bmap_gen] 233613 bin pairs
[M::blind-gpu] prepared pair buffers: n_diploid=5266 n_pairs=238701 n_block_keys=467318 n_steps=100
[I::fdg-gpu] blocklist CSR ready: edges=467318 avg_deg=88.74 max_deg=193
[M::hk_bmap_gen] generated 5266 beads
[M::hk_bmap_gen] 229517 bin pairs
[M::hk_bmap_gen] generated 5266 beads
[M::hk_bmap_gen] 229517 bin pairs
[M::blind-gpu] prepared pair buffers: n_diploid=5266 n_pairs=234622 n_block_keys=459160 n_steps=100
[I::fdg-gpu] blocklist CSR ready: edges=459160 avg_deg=87.19 max_deg=188
[M::hk_bmap_gen] generated 5266 beads
[M::hk_bmap_gen] 226580 bin pairs
[M::hk_bmap_gen] generated 5266 beads
[M::hk_bmap_gen] 226580 bin pairs
[M::blind-gpu] prepared pair buffers: n_diploid=5266 n_pairs=231680 n_block_keys=453282 n_steps=100
[I::fdg-gpu] blocklist CSR ready: edges=453282 avg_deg=86.08 max_deg=189
[M::hk_bmap_gen] generated 5266 beads
[M::hk_bmap_gen] 224437 bin pairs
[M::hk_bmap_gen] generated 5266 beads
[M::hk_bmap_gen] 224437 bin pairs
[M::blind-gpu] prepared pair buffers: n_diploid=5266 n_pairs=229535 n_block_keys=448994 n_steps=100
[I::fdg-gpu] blocklist CSR ready: edges=448994 avg_deg=85.26 max_deg=189
[M::hk_bmap_gen] generated 5266 beads
[M::hk_bmap_gen] 222350 bin pairs
[M::hk_bmap_gen] generated 5266 beads
[M::hk_bmap_gen] 222350 bin pairs
[M::blind-gpu] prepared pair buffers: n_diploid=5266 n_pairs=227436 n_block_keys=444798 n_steps=100
[I::fdg-gpu] blocklist CSR ready: edges=444798 avg_deg=84.47 max_deg=186
[M::hk_bmap_gen] generated 5266 beads
[M::hk_bmap_gen] 221088 bin pairs
[M::hk_bmap_gen] generated 5266 beads
[M::hk_bmap_gen] 221088 bin pairs
[M::blind-gpu] prepared pair buffers: n_diploid=5266 n_pairs=226170 n_block_keys=442264 n_steps=100
[I::fdg-gpu] blocklist CSR ready: edges=442264 avg_deg=83.98 max_deg=187
[M::hk_bmap_gen] generated 5266 beads
[M::hk_bmap_gen] 220202 bin pairs
[M::hk_bmap_gen] generated 5266 beads
[M::hk_bmap_gen] 220202 bin pairs
[M::blind-gpu] prepared pair buffers: n_diploid=5266 n_pairs=225301 n_block_keys=440528 n_steps=100
[I::fdg-gpu] blocklist CSR ready: edges=440528 avg_deg=83.66 max_deg=187
[M::hk_bmap_gen] generated 5266 beads
[M::hk_bmap_gen] 219345 bin pairs
[M::hk_bmap_gen] generated 5266 beads
[M::hk_bmap_gen] 219345 bin pairs
[M::blind-gpu] prepared pair buffers: n_diploid=5266 n_pairs=224441 n_block_keys=438802 n_steps=100
[I::fdg-gpu] blocklist CSR ready: edges=438802 avg_deg=83.33 max_deg=186
[M::hk_bmap_gen] generated 5266 beads
[M::hk_bmap_gen] 218476 bin pairs
[M::hk_bmap_gen] generated 5266 beads
[M::hk_bmap_gen] 218476 bin pairs
[M::blind-gpu] prepared pair buffers: n_diploid=5266 n_pairs=223592 n_block_keys=437104 n_steps=100
[I::fdg-gpu] blocklist CSR ready: edges=437104 avg_deg=83.00 max_deg=185
[M::hk_bmap_gen] generated 5266 beads
[M::hk_bmap_gen] 217711 bin pairs
[M::hk_bmap_gen] generated 5266 beads
[M::hk_bmap_gen] 217711 bin pairs
[M::blind-gpu] prepared pair buffers: n_diploid=5266 n_pairs=222828 n_block_keys=435572 n_steps=100
[I::fdg-gpu] blocklist CSR ready: edges=435572 avg_deg=82.71 max_deg=191
[M::hk_bmap_gen] generated 5266 beads
[M::hk_bmap_gen] 216873 bin pairs
[M::hk_bmap_gen] generated 5266 beads
[M::hk_bmap_gen] 216873 bin pairs
[M::blind-gpu] prepared pair buffers: n_diploid=5266 n_pairs=221989 n_block_keys=433892 n_steps=100
[I::fdg-gpu] blocklist CSR ready: edges=433892 avg_deg=82.39 max_deg=190
[M::hk_bmap_gen] generated 5266 beads
[M::hk_bmap_gen] 216226 bin pairs
[M::hk_bmap_gen] generated 5266 beads
[M::hk_bmap_gen] 216226 bin pairs
[M::blind-gpu] prepared pair buffers: n_diploid=5266 n_pairs=221339 n_block_keys=432592 n_steps=100
[I::fdg-gpu] blocklist CSR ready: edges=432592 avg_deg=82.15 max_deg=189
[M::hk_bmap_gen] generated 5266 beads
[M::hk_bmap_gen] 215701 bin pairs
[M::hk_bmap_gen] generated 5266 beads
[M::hk_bmap_gen] 215701 bin pairs
[M::blind-gpu] prepared pair buffers: n_diploid=5266 n_pairs=220825 n_block_keys=431568 n_steps=100
[I::fdg-gpu] blocklist CSR ready: edges=431568 avg_deg=81.95 max_deg=188
[M::hk_bmap_gen] generated 5266 beads
[M::hk_bmap_gen] 215297 bin pairs
[M::hk_bmap_gen] generated 5266 beads
[M::hk_bmap_gen] 215297 bin pairs
[M::blind-gpu] prepared pair buffers: n_diploid=5266 n_pairs=220411 n_block_keys=430738 n_steps=100
[I::fdg-gpu] blocklist CSR ready: edges=430738 avg_deg=81.80 max_deg=188
[M::hk_bmap_gen] generated 5266 beads
[M::hk_bmap_gen] 215095 bin pairs
[M::hk_bmap_gen] generated 5266 beads
[M::hk_bmap_gen] 215095 bin pairs
[M::blind-gpu] prepared pair buffers: n_diploid=5266 n_pairs=220216 n_block_keys=430346 n_steps=100
[I::fdg-gpu] blocklist CSR ready: edges=430346 avg_deg=81.72 max_deg=187
[M::hk_bmap_gen] generated 5266 beads
[M::hk_bmap_gen] 215018 bin pairs
[M::hk_bmap_gen] generated 5266 beads
[M::hk_bmap_gen] 215018 bin pairs
[M::blind-gpu] prepared pair buffers: n_diploid=5266 n_pairs=220127 n_block_keys=430170 n_steps=100
[I::fdg-gpu] blocklist CSR ready: edges=430170 avg_deg=81.69 max_deg=189
[M::hk_bmap_gen] generated 5266 beads
[M::hk_bmap_gen] 214569 bin pairs
[M::hk_bmap_gen] generated 5266 beads
[M::hk_bmap_gen] 214569 bin pairs
[M::blind-gpu] prepared pair buffers: n_diploid=5266 n_pairs=219684 n_block_keys=429276 n_steps=100
[I::fdg-gpu] blocklist CSR ready: edges=429276 avg_deg=81.52 max_deg=187
[M::hk_bmap_gen] generated 5266 beads
[M::hk_bmap_gen] 214498 bin pairs
[M::hk_bmap_gen] generated 5266 beads
[M::hk_bmap_gen] 214498 bin pairs
[M::blind-gpu] prepared pair buffers: n_diploid=5266 n_pairs=219611 n_block_keys=429130 n_steps=100
[I::fdg-gpu] blocklist CSR ready: edges=429130 avg_deg=81.49 max_deg=183
[M::hk_bmap_gen] generated 5266 beads
[M::hk_bmap_gen] 214414 bin pairs
[M::hk_bmap_gen] generated 5266 beads
[M::hk_bmap_gen] 214414 bin pairs
[M::blind-gpu] prepared pair buffers: n_diploid=5266 n_pairs=219543 n_block_keys=428990 n_steps=100
[I::fdg-gpu] blocklist CSR ready: edges=428990 avg_deg=81.46 max_deg=184
[M::hk_bmap_gen] generated 5266 beads
[M::hk_bmap_gen] 214282 bin pairs
[M::hk_bmap_gen] generated 5266 beads
[M::hk_bmap_gen] 214282 bin pairs
[M::blind-gpu] prepared pair buffers: n_diploid=5266 n_pairs=219392 n_block_keys=428688 n_steps=100
[I::fdg-gpu] blocklist CSR ready: edges=428688 avg_deg=81.41 max_deg=187
[M::hk_bmap_gen] generated 5266 beads
[M::hk_bmap_gen] 214161 bin pairs
[M::hk_bmap_gen] generated 5266 beads
[M::hk_bmap_gen] 214161 bin pairs
[M::blind-gpu] prepared pair buffers: n_diploid=5266 n_pairs=219278 n_block_keys=428462 n_steps=100
[I::fdg-gpu] blocklist CSR ready: edges=428462 avg_deg=81.36 max_deg=185
[M::hk_bmap_gen] generated 5266 beads
[M::hk_bmap_gen] 214031 bin pairs
[M::hk_bmap_gen] generated 5266 beads
[M::hk_bmap_gen] 214031 bin pairs
[M::blind-gpu] prepared pair buffers: n_diploid=5266 n_pairs=219149 n_block_keys=428202 n_steps=100
[I::fdg-gpu] blocklist CSR ready: edges=428202 avg_deg=81.31 max_deg=185
[M::hk_bmap_gen] generated 5266 beads
[M::hk_bmap_gen] 213863 bin pairs
[M::hk_bmap_gen] generated 5266 beads
[M::hk_bmap_gen] 213863 bin pairs
[M::blind-gpu] prepared pair buffers: n_diploid=5266 n_pairs=218977 n_block_keys=427858 n_steps=100
[I::fdg-gpu] blocklist CSR ready: edges=427858 avg_deg=81.25 max_deg=185
[M::hk_bmap_gen] generated 5266 beads
[M::hk_bmap_gen] 213751 bin pairs
[M::hk_bmap_gen] generated 5266 beads
[M::hk_bmap_gen] 213751 bin pairs
[M::blind-gpu] prepared pair buffers: n_diploid=5266 n_pairs=218865 n_block_keys=427634 n_steps=100
[I::fdg-gpu] blocklist CSR ready: edges=427634 avg_deg=81.21 max_deg=186
[M::hk_bmap_gen] generated 5266 beads
[M::hk_bmap_gen] 213692 bin pairs
[M::hk_bmap_gen] generated 5266 beads
[M::hk_bmap_gen] 213692 bin pairs
[M::blind-gpu] prepared pair buffers: n_diploid=5266 n_pairs=218808 n_block_keys=427522 n_steps=100
[I::fdg-gpu] blocklist CSR ready: edges=427522 avg_deg=81.19 max_deg=185
[M::hk_bmap_gen] generated 5266 beads
[M::hk_bmap_gen] 213622 bin pairs
[M::hk_bmap_gen] generated 5266 beads
[M::hk_bmap_gen] 213622 bin pairs
[M::blind-gpu] prepared pair buffers: n_diploid=5266 n_pairs=218743 n_block_keys=427392 n_steps=100
[I::fdg-gpu] blocklist CSR ready: edges=427392 avg_deg=81.16 max_deg=184
[M::hk_bmap_gen] generated 5266 beads
[M::hk_bmap_gen] 213495 bin pairs
[M::hk_bmap_gen] generated 5266 beads
[M::hk_bmap_gen] 213495 bin pairs
[M::blind-gpu] prepared pair buffers: n_diploid=5266 n_pairs=218620 n_block_keys=427146 n_steps=100
[I::fdg-gpu] blocklist CSR ready: edges=427146 avg_deg=81.11 max_deg=183
[M::hk_bmap_gen] generated 5266 beads
[M::hk_bmap_gen] 213403 bin pairs
[M::hk_bmap_gen] generated 5266 beads
[M::hk_bmap_gen] 213403 bin pairs
[M::blind-gpu] prepared pair buffers: n_diploid=5266 n_pairs=218520 n_block_keys=426946 n_steps=100
[I::fdg-gpu] blocklist CSR ready: edges=426946 avg_deg=81.08 max_deg=183
[M::hk_bmap_gen] generated 5266 beads
[M::hk_bmap_gen] 213250 bin pairs
[M::hk_bmap_gen] generated 5266 beads
[M::hk_bmap_gen] 213250 bin pairs
[M::blind-gpu] prepared pair buffers: n_diploid=5266 n_pairs=218370 n_block_keys=426648 n_steps=100
[I::fdg-gpu] blocklist CSR ready: edges=426648 avg_deg=81.02 max_deg=183
[M::hk_bmap_gen] generated 5266 beads
[M::hk_bmap_gen] 213115 bin pairs
[M::hk_bmap_gen] generated 5266 beads
[M::hk_bmap_gen] 213115 bin pairs
[M::blind-gpu] prepared pair buffers: n_diploid=5266 n_pairs=218227 n_block_keys=426360 n_steps=100
[I::fdg-gpu] blocklist CSR ready: edges=426360 avg_deg=80.96 max_deg=185
[M::hk_bmap_gen] generated 5266 beads
[M::hk_bmap_gen] 212962 bin pairs
[M::hk_bmap_gen] generated 5266 beads
[M::hk_bmap_gen] 212962 bin pairs
[M::blind-gpu] prepared pair buffers: n_diploid=5266 n_pairs=218072 n_block_keys=426050 n_steps=100
[I::fdg-gpu] blocklist CSR ready: edges=426050 avg_deg=80.91 max_deg=185
[M::hk_bmap_gen] generated 5266 beads
[M::hk_bmap_gen] 212833 bin pairs
[M::hk_bmap_gen] generated 5266 beads
[M::hk_bmap_gen] 212833 bin pairs
[M::blind-gpu] prepared pair buffers: n_diploid=5266 n_pairs=217954 n_block_keys=425814 n_steps=100
[I::fdg-gpu] blocklist CSR ready: edges=425814 avg_deg=80.86 max_deg=187
[M::hk_bmap_gen] generated 5266 beads
[M::hk_bmap_gen] 212662 bin pairs
[M::hk_bmap_gen] generated 5266 beads
[M::hk_bmap_gen] 212662 bin pairs
[M::blind-gpu] prepared pair buffers: n_diploid=5266 n_pairs=217778 n_block_keys=425462 n_steps=100
[I::fdg-gpu] blocklist CSR ready: edges=425462 avg_deg=80.79 max_deg=187
[M::hk_bmap_gen] generated 5266 beads
[M::hk_bmap_gen] 212540 bin pairs
[M::hk_bmap_gen] generated 5266 beads
[M::hk_bmap_gen] 212540 bin pairs
[M::blind-gpu] prepared pair buffers: n_diploid=5266 n_pairs=217648 n_block_keys=425204 n_steps=100
[I::fdg-gpu] blocklist CSR ready: edges=425204 avg_deg=80.75 max_deg=189
[M::hk_bmap_gen] generated 5266 beads
[M::hk_bmap_gen] 212440 bin pairs
[M::hk_bmap_gen] generated 5266 beads
[M::hk_bmap_gen] 212440 bin pairs
[M::blind-gpu] prepared pair buffers: n_diploid=5266 n_pairs=217553 n_block_keys=425020 n_steps=100
[I::fdg-gpu] blocklist CSR ready: edges=425020 avg_deg=80.71 max_deg=189
[M::hk_bmap_gen] generated 5266 beads
[M::hk_bmap_gen] 212335 bin pairs
[M::hk_bmap_gen] generated 5266 beads
[M::hk_bmap_gen] 212335 bin pairs
[M::blind-gpu] prepared pair buffers: n_diploid=5266 n_pairs=217452 n_block_keys=424818 n_steps=100
[I::fdg-gpu] blocklist CSR ready: edges=424818 avg_deg=80.67 max_deg=188
[M::hk_bmap_gen] generated 5266 beads
[M::hk_bmap_gen] 212317 bin pairs
[M::hk_bmap_gen] generated 5266 beads
[M::hk_bmap_gen] 212317 bin pairs
[M::blind-gpu] prepared pair buffers: n_diploid=5266 n_pairs=217437 n_block_keys=424794 n_steps=100
[I::fdg-gpu] blocklist CSR ready: edges=424794 avg_deg=80.67 max_deg=189
[M::hk_bmap_gen] generated 5266 beads
[M::hk_bmap_gen] 212292 bin pairs
[M::hk_bmap_gen] generated 5266 beads
[M::hk_bmap_gen] 212292 bin pairs
[M::blind-gpu] prepared pair buffers: n_diploid=5266 n_pairs=217414 n_block_keys=424748 n_steps=100
[I::fdg-gpu] blocklist CSR ready: edges=424748 avg_deg=80.66 max_deg=186
[M::hk_bmap_gen] generated 5266 beads
[M::hk_bmap_gen] 212203 bin pairs
[M::hk_bmap_gen] generated 5266 beads
[M::hk_bmap_gen] 212203 bin pairs
[M::blind-gpu] prepared pair buffers: n_diploid=5266 n_pairs=217316 n_block_keys=424552 n_steps=100
[I::fdg-gpu] blocklist CSR ready: edges=424552 avg_deg=80.62 max_deg=186
[M::hk_bmap_gen] generated 5266 beads
[M::hk_bmap_gen] 212041 bin pairs
[M::hk_bmap_gen] generated 5266 beads
[M::hk_bmap_gen] 212041 bin pairs
[M::blind-gpu] prepared pair buffers: n_diploid=5266 n_pairs=217143 n_block_keys=424206 n_steps=100
[I::fdg-gpu] blocklist CSR ready: edges=424206 avg_deg=80.56 max_deg=185
[M::hk_bmap_gen] generated 5266 beads
[M::hk_bmap_gen] 211999 bin pairs
[M::hk_bmap_gen] generated 5266 beads
[M::hk_bmap_gen] 211999 bin pairs
[M::blind-gpu] prepared pair buffers: n_diploid=5266 n_pairs=217110 n_block_keys=424136 n_steps=100
[I::fdg-gpu] blocklist CSR ready: edges=424136 avg_deg=80.54 max_deg=185
[M::hk_bmap_gen] generated 5266 beads
[M::hk_bmap_gen] 211932 bin pairs
[M::hk_bmap_gen] generated 5266 beads
[M::hk_bmap_gen] 211932 bin pairs
[M::blind-gpu] prepared pair buffers: n_diploid=5266 n_pairs=217042 n_block_keys=424000 n_steps=100
[I::fdg-gpu] blocklist CSR ready: edges=424000 avg_deg=80.52 max_deg=185
[M::hk_bmap_gen] generated 5266 beads
[M::hk_bmap_gen] 211912 bin pairs
[M::hk_bmap_gen] generated 5266 beads
[M::hk_bmap_gen] 211912 bin pairs
[M::blind-gpu] prepared pair buffers: n_diploid=5266 n_pairs=217018 n_block_keys=423956 n_steps=100
[I::fdg-gpu] blocklist CSR ready: edges=423956 avg_deg=80.51 max_deg=185
[M::hk_bmap_gen] generated 5266 beads
[M::hk_bmap_gen] 211866 bin pairs
[M::hk_bmap_gen] generated 5266 beads
[M::hk_bmap_gen] 211866 bin pairs
[M::blind-gpu] prepared pair buffers: n_diploid=5266 n_pairs=216975 n_block_keys=423870 n_steps=100
[I::fdg-gpu] blocklist CSR ready: edges=423870 avg_deg=80.49 max_deg=185
[M::hk_bmap_gen] generated 5266 beads
[M::hk_bmap_gen] 211834 bin pairs
[M::hk_bmap_gen] generated 5266 beads
[M::hk_bmap_gen] 211834 bin pairs
[M::blind-gpu] prepared pair buffers: n_diploid=5266 n_pairs=216947 n_block_keys=423810 n_steps=100
[I::fdg-gpu] blocklist CSR ready: edges=423810 avg_deg=80.48 max_deg=185
[M::hk_bmap_gen] generated 5266 beads
[M::hk_bmap_gen] 211851 bin pairs
[M::hk_bmap_gen] generated 5266 beads
[M::hk_bmap_gen] 211851 bin pairs
[M::blind-gpu] prepared pair buffers: n_diploid=5266 n_pairs=216964 n_block_keys=423844 n_steps=100
[I::fdg-gpu] blocklist CSR ready: edges=423844 avg_deg=80.49 max_deg=185
[M::hk_bmap_gen] generated 5266 beads
[M::hk_bmap_gen] 211810 bin pairs
[M::hk_bmap_gen] generated 5266 beads
[M::hk_bmap_gen] 211810 bin pairs
[M::blind-gpu] prepared pair buffers: n_diploid=5266 n_pairs=216927 n_block_keys=423770 n_steps=100
[I::fdg-gpu] blocklist CSR ready: edges=423770 avg_deg=80.47 max_deg=185
[M::hk_bmap_gen] generated 5266 beads
[M::hk_bmap_gen] 211749 bin pairs
[M::hk_bmap_gen] generated 5266 beads
[M::hk_bmap_gen] 211749 bin pairs
[M::blind-gpu] prepared pair buffers: n_diploid=5266 n_pairs=216859 n_block_keys=423634 n_steps=100
[I::fdg-gpu] blocklist CSR ready: edges=423634 avg_deg=80.45 max_deg=185
[M::hk_bmap_gen] generated 5266 beads
[M::hk_bmap_gen] 211730 bin pairs
[M::hk_bmap_gen] generated 5266 beads
[M::hk_bmap_gen] 211730 bin pairs
[M::blind-gpu] prepared pair buffers: n_diploid=5266 n_pairs=216840 n_block_keys=423598 n_steps=100
[I::fdg-gpu] blocklist CSR ready: edges=423598 avg_deg=80.44 max_deg=185
[M::hk_bmap_gen] generated 5266 beads
[M::hk_bmap_gen] 211649 bin pairs
[M::hk_bmap_gen] generated 5266 beads
[M::hk_bmap_gen] 211649 bin pairs
[M::blind-gpu] prepared pair buffers: n_diploid=5266 n_pairs=216769 n_block_keys=423456 n_steps=100
[I::fdg-gpu] blocklist CSR ready: edges=423456 avg_deg=80.41 max_deg=187
[M::hk_bmap_gen] generated 5266 beads
[M::hk_bmap_gen] 211604 bin pairs
[M::hk_bmap_gen] generated 5266 beads
[M::hk_bmap_gen] 211604 bin pairs
[M::blind-gpu] prepared pair buffers: n_diploid=5266 n_pairs=216717 n_block_keys=423352 n_steps=100
[I::fdg-gpu] blocklist CSR ready: edges=423352 avg_deg=80.39 max_deg=187
[M::hk_bmap_gen] generated 5266 beads
[M::hk_bmap_gen] 211603 bin pairs
[M::hk_bmap_gen] generated 5266 beads
[M::hk_bmap_gen] 211603 bin pairs
[M::blind-gpu] prepared pair buffers: n_diploid=5266 n_pairs=216713 n_block_keys=423344 n_steps=100
[I::fdg-gpu] blocklist CSR ready: edges=423344 avg_deg=80.39 max_deg=187
[M::hk_bmap_gen] generated 5266 beads
[M::hk_bmap_gen] 211591 bin pairs
[M::hk_bmap_gen] generated 5266 beads
[M::hk_bmap_gen] 211591 bin pairs
[M::blind-gpu] prepared pair buffers: n_diploid=5266 n_pairs=216700 n_block_keys=423318 n_steps=100
[I::fdg-gpu] blocklist CSR ready: edges=423318 avg_deg=80.39 max_deg=187
[M::hk_bmap_gen] generated 5266 beads
[M::hk_bmap_gen] 211546 bin pairs
[M::hk_bmap_gen] generated 5266 beads
[M::hk_bmap_gen] 211546 bin pairs
[M::blind-gpu] prepared pair buffers: n_diploid=5266 n_pairs=216658 n_block_keys=423234 n_steps=100
[I::fdg-gpu] blocklist CSR ready: edges=423234 avg_deg=80.37 max_deg=187
[M::hk_bmap_gen] generated 5266 beads
[M::hk_bmap_gen] 211517 bin pairs
[M::hk_bmap_gen] generated 5266 beads
[M::hk_bmap_gen] 211517 bin pairs
[M::blind-gpu] prepared pair buffers: n_diploid=5266 n_pairs=216630 n_block_keys=423178 n_steps=100
[I::fdg-gpu] blocklist CSR ready: edges=423178 avg_deg=80.36 max_deg=187
[M::hk_bmap_gen] generated 5266 beads
[M::hk_bmap_gen] 211511 bin pairs
[M::hk_bmap_gen] generated 5266 beads
[M::hk_bmap_gen] 211511 bin pairs
[M::blind-gpu] prepared pair buffers: n_diploid=5266 n_pairs=216621 n_block_keys=423160 n_steps=100
[I::fdg-gpu] blocklist CSR ready: edges=423160 avg_deg=80.36 max_deg=187
[M::hk_bmap_gen] generated 5266 beads
[M::hk_bmap_gen] 211520 bin pairs
[M::hk_bmap_gen] generated 5266 beads
[M::hk_bmap_gen] 211520 bin pairs
[M::blind-gpu] prepared pair buffers: n_diploid=5266 n_pairs=216636 n_block_keys=423190 n_steps=100
[I::fdg-gpu] blocklist CSR ready: edges=423190 avg_deg=80.36 max_deg=188
[M::hk_bmap_gen] generated 5266 beads
[M::hk_bmap_gen] 211516 bin pairs
[M::hk_bmap_gen] generated 5266 beads
[M::hk_bmap_gen] 211516 bin pairs
[M::blind-gpu] prepared pair buffers: n_diploid=5266 n_pairs=216627 n_block_keys=423172 n_steps=100
[I::fdg-gpu] blocklist CSR ready: edges=423172 avg_deg=80.36 max_deg=188
[M::hk_bmap_gen] generated 5266 beads
[M::hk_bmap_gen] 211460 bin pairs
[M::hk_bmap_gen] generated 5266 beads
[M::hk_bmap_gen] 211460 bin pairs
[M::blind-gpu] prepared pair buffers: n_diploid=5266 n_pairs=216570 n_block_keys=423058 n_steps=100
[I::fdg-gpu] blocklist CSR ready: edges=423058 avg_deg=80.34 max_deg=188
[M::hk_bmap_gen] generated 5266 beads
[M::hk_bmap_gen] 211428 bin pairs
[M::hk_bmap_gen] generated 5266 beads
[M::hk_bmap_gen] 211428 bin pairs
[M::blind-gpu] prepared pair buffers: n_diploid=5266 n_pairs=216546 n_block_keys=423010 n_steps=100
[I::fdg-gpu] blocklist CSR ready: edges=423010 avg_deg=80.33 max_deg=188
[M::hk_bmap_gen] generated 5266 beads
[M::hk_bmap_gen] 211412 bin pairs
[M::hk_bmap_gen] generated 5266 beads
[M::hk_bmap_gen] 211412 bin pairs
[M::blind-gpu] prepared pair buffers: n_diploid=5266 n_pairs=216530 n_block_keys=422976 n_steps=100
[I::fdg-gpu] blocklist CSR ready: edges=422976 avg_deg=80.32 max_deg=188
[M::hk_bmap_gen] generated 5266 beads
[M::hk_bmap_gen] 211373 bin pairs
[M::hk_bmap_gen] generated 5266 beads
[M::hk_bmap_gen] 211373 bin pairs
[M::blind-gpu] prepared pair buffers: n_diploid=5266 n_pairs=216486 n_block_keys=422890 n_steps=100
[I::fdg-gpu] blocklist CSR ready: edges=422890 avg_deg=80.31 max_deg=188
[M::hk_bmap_gen] generated 5266 beads
[M::hk_bmap_gen] 211339 bin pairs
[M::hk_bmap_gen] generated 5266 beads
[M::hk_bmap_gen] 211339 bin pairs
[M::blind-gpu] prepared pair buffers: n_diploid=5266 n_pairs=216450 n_block_keys=422816 n_steps=100
[I::fdg-gpu] blocklist CSR ready: edges=422816 avg_deg=80.29 max_deg=188
[M::hk_bmap_gen] generated 5266 beads
[M::hk_bmap_gen] 211336 bin pairs
[M::hk_bmap_gen] generated 5266 beads
[M::hk_bmap_gen] 211336 bin pairs
[M::blind-gpu] prepared pair buffers: n_diploid=5266 n_pairs=216454 n_block_keys=422826 n_steps=100
[I::fdg-gpu] blocklist CSR ready: edges=422826 avg_deg=80.29 max_deg=187
[M::hk_bmap_gen] generated 5266 beads
[M::hk_bmap_gen] 211329 bin pairs
[M::hk_bmap_gen] generated 5266 beads
[M::hk_bmap_gen] 211329 bin pairs
[M::blind-gpu] prepared pair buffers: n_diploid=5266 n_pairs=216453 n_block_keys=422824 n_steps=100
[I::fdg-gpu] blocklist CSR ready: edges=422824 avg_deg=80.29 max_deg=187
[M::hk_bmap_gen] generated 5266 beads
[M::hk_bmap_gen] 211359 bin pairs
[M::hk_bmap_gen] generated 5266 beads
[M::hk_bmap_gen] 211359 bin pairs
[M::blind-gpu] prepared pair buffers: n_diploid=5266 n_pairs=216481 n_block_keys=422880 n_steps=100
[I::fdg-gpu] blocklist CSR ready: edges=422880 avg_deg=80.30 max_deg=187
[M::hk_bmap_gen] generated 5266 beads
[M::hk_bmap_gen] 211321 bin pairs
[M::hk_bmap_gen] generated 5266 beads
[M::hk_bmap_gen] 211321 bin pairs
[M::blind-gpu] prepared pair buffers: n_diploid=5266 n_pairs=216447 n_block_keys=422812 n_steps=100
[I::fdg-gpu] blocklist CSR ready: edges=422812 avg_deg=80.29 max_deg=187
[M::hk_bmap_gen] generated 5266 beads
[M::hk_bmap_gen] 211341 bin pairs
[M::hk_bmap_gen] generated 5266 beads
[M::hk_bmap_gen] 211341 bin pairs
[M::blind-gpu] prepared pair buffers: n_diploid=5266 n_pairs=216469 n_block_keys=422854 n_steps=100
[I::fdg-gpu] blocklist CSR ready: edges=422854 avg_deg=80.30 max_deg=187
[M::hk_bmap_gen] generated 5266 beads
[M::hk_bmap_gen] 211341 bin pairs
[M::hk_bmap_gen] generated 5266 beads
[M::hk_bmap_gen] 211341 bin pairs
[M::blind-gpu] prepared pair buffers: n_diploid=5266 n_pairs=216473 n_block_keys=422862 n_steps=100
[I::fdg-gpu] blocklist CSR ready: edges=422862 avg_deg=80.30 max_deg=187
[M::hk_bmap_gen] generated 5266 beads
[M::hk_bmap_gen] 211288 bin pairs
[M::hk_bmap_gen] generated 5266 beads
[M::hk_bmap_gen] 211288 bin pairs
[M::blind-gpu] prepared pair buffers: n_diploid=5266 n_pairs=216422 n_block_keys=422762 n_steps=100
[I::fdg-gpu] blocklist CSR ready: edges=422762 avg_deg=80.28 max_deg=188
[M::hk_bmap_gen] generated 5266 beads
[M::hk_bmap_gen] 211225 bin pairs
[M::hk_bmap_gen] generated 5266 beads
[M::hk_bmap_gen] 211225 bin pairs
[M::blind-gpu] prepared pair buffers: n_diploid=5266 n_pairs=216357 n_block_keys=422632 n_steps=100
[I::fdg-gpu] blocklist CSR ready: edges=422632 avg_deg=80.26 max_deg=188
[M::hk_bmap_gen] generated 5266 beads
[M::hk_bmap_gen] 211188 bin pairs
[M::hk_bmap_gen] generated 5266 beads
[M::hk_bmap_gen] 211188 bin pairs
[M::blind-gpu] prepared pair buffers: n_diploid=5266 n_pairs=216319 n_block_keys=422556 n_steps=100
[I::fdg-gpu] blocklist CSR ready: edges=422556 avg_deg=80.24 max_deg=188
[M::hk_bmap_gen] generated 5266 beads
[M::hk_bmap_gen] 211163 bin pairs
[M::hk_bmap_gen] generated 5266 beads
[M::hk_bmap_gen] 211163 bin pairs
[M::blind-gpu] prepared pair buffers: n_diploid=5266 n_pairs=216294 n_block_keys=422506 n_steps=100
[I::fdg-gpu] blocklist CSR ready: edges=422506 avg_deg=80.23 max_deg=188
[M::hk_bmap_gen] generated 5266 beads
[M::hk_bmap_gen] 211095 bin pairs
[M::hk_bmap_gen] generated 5266 beads
[M::hk_bmap_gen] 211095 bin pairs
[M::blind-gpu] prepared pair buffers: n_diploid=5266 n_pairs=216231 n_block_keys=422380 n_steps=100
[I::fdg-gpu] blocklist CSR ready: edges=422380 avg_deg=80.21 max_deg=188
[M::hk_bmap_gen] generated 5266 beads
[M::hk_bmap_gen] 211025 bin pairs
[M::hk_bmap_gen] generated 5266 beads
[M::hk_bmap_gen] 211025 bin pairs
[M::blind-gpu] prepared pair buffers: n_diploid=5266 n_pairs=216157 n_block_keys=422232 n_steps=100
[I::fdg-gpu] blocklist CSR ready: edges=422232 avg_deg=80.18 max_deg=188
[M::hk_bmap_gen] generated 5266 beads
[M::hk_bmap_gen] 211027 bin pairs
[M::hk_bmap_gen] generated 5266 beads
[M::hk_bmap_gen] 211027 bin pairs
[M::blind-gpu] prepared pair buffers: n_diploid=5266 n_pairs=216156 n_block_keys=422230 n_steps=100
[I::fdg-gpu] blocklist CSR ready: edges=422230 avg_deg=80.18 max_deg=188
[M::hk_bmap_gen] generated 5266 beads
[M::hk_bmap_gen] 211006 bin pairs
[M::hk_bmap_gen] generated 5266 beads
[M::hk_bmap_gen] 211006 bin pairs
[M::blind-gpu] prepared pair buffers: n_diploid=5266 n_pairs=216136 n_block_keys=422190 n_steps=100
[I::fdg-gpu] blocklist CSR ready: edges=422190 avg_deg=80.17 max_deg=188
[M::hk_bmap_gen] generated 5266 beads
[M::hk_bmap_gen] 210984 bin pairs
[M::hk_bmap_gen] generated 5266 beads
[M::hk_bmap_gen] 210984 bin pairs
[M::blind-gpu] prepared pair buffers: n_diploid=5266 n_pairs=216116 n_block_keys=422152 n_steps=100
[I::fdg-gpu] blocklist CSR ready: edges=422152 avg_deg=80.17 max_deg=187
[M::hk_bmap_gen] generated 5266 beads
[M::hk_bmap_gen] 210942 bin pairs
[M::hk_bmap_gen] generated 5266 beads
[M::hk_bmap_gen] 210942 bin pairs
[M::blind-gpu] prepared pair buffers: n_diploid=5266 n_pairs=216070 n_block_keys=422060 n_steps=100
[I::fdg-gpu] blocklist CSR ready: edges=422060 avg_deg=80.15 max_deg=187
[M::hk_bmap_gen] generated 5266 beads
[M::hk_bmap_gen] 210929 bin pairs
[M::hk_bmap_gen] generated 5266 beads
[M::hk_bmap_gen] 210929 bin pairs
[M::blind-gpu] prepared pair buffers: n_diploid=5266 n_pairs=216057 n_block_keys=422034 n_steps=100
[I::fdg-gpu] blocklist CSR ready: edges=422034 avg_deg=80.14 max_deg=187
[M::hk_bmap_gen] generated 5266 beads
[M::hk_bmap_gen] 210895 bin pairs
[M::hk_bmap_gen] generated 5266 beads
[M::hk_bmap_gen] 210895 bin pairs
[M::blind-gpu] prepared pair buffers: n_diploid=5266 n_pairs=216021 n_block_keys=421962 n_steps=100
[I::fdg-gpu] blocklist CSR ready: edges=421962 avg_deg=80.13 max_deg=188
[M::hk_bmap_gen] generated 5266 beads
[M::hk_bmap_gen] 210905 bin pairs
[M::hk_bmap_gen] generated 5266 beads
[M::hk_bmap_gen] 210905 bin pairs
[M::blind-gpu] prepared pair buffers: n_diploid=5266 n_pairs=216034 n_block_keys=421988 n_steps=100
[I::fdg-gpu] blocklist CSR ready: edges=421988 avg_deg=80.13 max_deg=188
[M::hk_bmap_gen] generated 5266 beads
[M::hk_bmap_gen] 210892 bin pairs
[M::hk_bmap_gen] generated 5266 beads
[M::hk_bmap_gen] 210892 bin pairs
[M::blind-gpu] prepared pair buffers: n_diploid=5266 n_pairs=216017 n_block_keys=421954 n_steps=100
[I::fdg-gpu] blocklist CSR ready: edges=421954 avg_deg=80.13 max_deg=188
[M::hk_bmap_gen] generated 5266 beads
[M::hk_bmap_gen] 210871 bin pairs
[M::hk_bmap_gen] generated 5266 beads
[M::hk_bmap_gen] 210871 bin pairs
[M::blind-gpu] prepared pair buffers: n_diploid=5266 n_pairs=215998 n_block_keys=421916 n_steps=100
[I::fdg-gpu] blocklist CSR ready: edges=421916 avg_deg=80.12 max_deg=189
[M::hk_bmap_gen] generated 5266 beads
[M::hk_bmap_gen] 210845 bin pairs
[M::hk_bmap_gen] generated 5266 beads
[M::hk_bmap_gen] 210845 bin pairs
[M::blind-gpu] prepared pair buffers: n_diploid=5266 n_pairs=215976 n_block_keys=421872 n_steps=100
[I::fdg-gpu] blocklist CSR ready: edges=421872 avg_deg=80.11 max_deg=189
[M::hk_bmap_gen] generated 5266 beads
[M::hk_bmap_gen] 210799 bin pairs
[M::hk_bmap_gen] generated 5266 beads
[M::hk_bmap_gen] 210799 bin pairs
[M::blind-gpu] prepared pair buffers: n_diploid=5266 n_pairs=215929 n_block_keys=421780 n_steps=100
[I::fdg-gpu] blocklist CSR ready: edges=421780 avg_deg=80.09 max_deg=189
[M::hk_bmap_gen] generated 5266 beads
[M::hk_bmap_gen] 210710 bin pairs
[M::hk_bmap_gen] generated 5266 beads
[M::hk_bmap_gen] 210710 bin pairs
[M::blind-gpu] prepared pair buffers: n_diploid=5266 n_pairs=215837 n_block_keys=421596 n_steps=100
[I::fdg-gpu] blocklist CSR ready: edges=421596 avg_deg=80.06 max_deg=189
[M::hk_bmap_gen] generated 5266 beads
[M::hk_bmap_gen] 210689 bin pairs
[M::hk_bmap_gen] generated 5266 beads
[M::hk_bmap_gen] 210689 bin pairs
[M::blind-gpu] prepared pair buffers: n_diploid=5266 n_pairs=215818 n_block_keys=421556 n_steps=100
[I::fdg-gpu] blocklist CSR ready: edges=421556 avg_deg=80.05 max_deg=189
[M::hk_bmap_gen] generated 5266 beads
[M::hk_bmap_gen] 210657 bin pairs
[M::hk_bmap_gen] generated 5266 beads
[M::hk_bmap_gen] 210657 bin pairs
[M::blind-gpu] prepared pair buffers: n_diploid=5266 n_pairs=215786 n_block_keys=421492 n_steps=100
[I::fdg-gpu] blocklist CSR ready: edges=421492 avg_deg=80.04 max_deg=189
[M::hk_bmap_gen] generated 5266 beads
[M::hk_bmap_gen] 210640 bin pairs
[M::hk_bmap_gen] generated 5266 beads
[M::hk_bmap_gen] 210640 bin pairs
[M::blind-gpu] prepared pair buffers: n_diploid=5266 n_pairs=215769 n_block_keys=421458 n_steps=100
[I::fdg-gpu] blocklist CSR ready: edges=421458 avg_deg=80.03 max_deg=188
[M::hk_bmap_gen] generated 5266 beads
[M::hk_bmap_gen] 210651 bin pairs
[M::hk_bmap_gen] generated 5266 beads
[M::hk_bmap_gen] 210651 bin pairs
[M::blind-gpu] prepared pair buffers: n_diploid=5266 n_pairs=215783 n_block_keys=421486 n_steps=100
[I::fdg-gpu] blocklist CSR ready: edges=421486 avg_deg=80.04 max_deg=188
[M::hk_bmap_gen] generated 5266 beads
[M::hk_bmap_gen] 210635 bin pairs
[M::hk_bmap_gen] generated 5266 beads
[M::hk_bmap_gen] 210635 bin pairs
[M::blind-gpu] prepared pair buffers: n_diploid=5266 n_pairs=215762 n_block_keys=421442 n_steps=100
[I::fdg-gpu] blocklist CSR ready: edges=421442 avg_deg=80.03 max_deg=187
[M::hk_bmap_gen] generated 5266 beads
[M::hk_bmap_gen] 210631 bin pairs
[M::hk_bmap_gen] generated 5266 beads
[M::hk_bmap_gen] 210631 bin pairs
[M::blind-gpu] prepared pair buffers: n_diploid=5266 n_pairs=215760 n_block_keys=421442 n_steps=100
[I::fdg-gpu] blocklist CSR ready: edges=421442 avg_deg=80.03 max_deg=187
[M::hk_bmap_gen] generated 5266 beads
[M::hk_bmap_gen] 210591 bin pairs
[M::hk_bmap_gen] generated 5266 beads
[M::hk_bmap_gen] 210591 bin pairs
[M::blind-gpu] prepared pair buffers: n_diploid=5266 n_pairs=215722 n_block_keys=421362 n_steps=100
[I::fdg-gpu] blocklist CSR ready: edges=421362 avg_deg=80.02 max_deg=187
minimal P9016[1m]: write outputs to /mnt/ssd/zliu/phase3/test_res/044-20260620_040939-p9016_multiseed_basin_audit_1m/outputs/p9016_multiseed_best035_seed71_noise0p05/p9016_multiseed_best035_seed71_noise0p05
[M::hk_bmap_gen] generated 5266 beads
[M::hk_bmap_gen] 210567 bin pairs
[M::hk_bmap_gen] generated 5266 beads
[M::hk_bmap_gen] 210567 bin pairs
minimal P9016[1m]: status=OK final_entropy=0.69281775 final_pU=0.49976236
minimal P9016: summary /mnt/ssd/zliu/phase3/test_res/044-20260620_040939-p9016_multiseed_basin_audit_1m/outputs/p9016_multiseed_best035_seed71_noise0p05/matrix_summary.tsv
