minimal P9016: input=/shared/zliu/CHARM/CHARM_mesc/data/pairs/P9016.pairs.gz output_root=/mnt/ssd/zliu/phase3/test_res/044-20260620_040939-p9016_multiseed_basin_audit_1m/outputs/p9016_multiseed_best035_seed31_noise0p05 config=p9016_multiseed_best035_seed31_noise0p05 baseline=softall n_iter=100 relax_steps=100 relax_step=0.012 chain=0 init_mode=unphased_scaffold_split init_eps=0.5 init_noise=0.050000001 init_scale=10 init_seed=31 min_sep=0 lambda_sep=0 lambda_copytrack=0.029999999 lambda_global_copytrack=0.003 trans_chr_pair_prior_lambda=0 trans_chr_pair_prior_eps=0.001 trans_chr_pair_prior_power=1 trans_chr_pair_prior_warmup_iter=0 trans_chr_pair_mstep_lambda=0 trans_chr_pair_mstep_eps=0.001 trans_chr_pair_mstep_power=1 trans_chr_pair_mstep_warmup_iter=0 d_scale_mode=posterior_count d_scale_input=posterior_count d_scale_formula=n_raw*posterior_prob^1 d_scale_gamma=1 d_scale_eps=1e-06 trans_k_multiplier=1 trans_dscale_multiplier=0.5 trans_top1_mode=off trans_top1_min_pmax=1 trans_top1_min_margin=1 trans_top1_mix_weight=0 trans_gate_mode=off trans_gate_min_pmax=1 trans_gate_min_margin=1 trans_gate_min_neg_entropy=-1.3862944 readgroup_mode=off readgroup_max_segments=8 readgroup_eps=1e-06 relax_backend=gpu
minimal P9016: stage 1/1 name=1m bin_size_bp=1000000 parent=0
[M::hk_map_read] read 1703888 pairs
[M::hk_bmap_gen] generated 2633 beads
[M::hk_bmap_gen] 489556 bin pairs
minimal P9016[1m]: build binned contacts
minimal P9016[1m]: init mode=unphased_scaffold_split seed=31 scale=10
[M::hk_fdg] mid_dist:1000000 max_nei:69
[M::hk_fdg1_cpu] iter:10 elapsed:0.32s rep_coef:0.2092 RMS_force:367.6326 n_rep:43.5264 energy:25.3775,6.6426,0.0050 dist:5.6482,6.6102,1.4470
[M::hk_fdg1_cpu] iter:20 elapsed:0.80s rep_coef:0.6615 RMS_force:338.0015 n_rep:154.8029 energy:7.6587,3.4068,0.0178 dist:3.4132,4.2683,1.4007
[M::hk_fdg1_cpu] iter:30 elapsed:1.76s rep_coef:0.9352 RMS_force:223.6269 n_rep:602.4132 energy:1.8699,1.0505,0.0365 dist:1.9703,2.3042,1.2407
[M::hk_fdg1_cpu] iter:40 elapsed:3.17s rep_coef:0.9907 RMS_force:132.4653 n_rep:813.9537 energy:0.5486,0.4200,0.0367 dist:1.4193,1.7258,1.2538
[M::hk_fdg1_cpu] iter:50 elapsed:4.71s rep_coef:0.9987 RMS_force:98.6194 n_rep:814.7042 energy:0.1417,0.2620,0.0323 dist:1.0304,1.5977,1.3159
minimal P9016[1m]: run softall, n_iter=100 relax_steps=100 relax_step=0.012 relax_backend=gpu
[M::hk_bmap_gen] generated 5266 beads
[M::hk_bmap_gen] 287908 bin pairs
[M::hk_bmap_gen] generated 5266 beads
[M::hk_bmap_gen] 287908 bin pairs
[M::blind-gpu] prepared pair buffers: n_diploid=5266 n_pairs=293075 n_block_keys=576056 n_steps=100
[I::fdg-gpu] blocklist CSR ready: edges=576056 avg_deg=109.39 max_deg=193
[M::hk_bmap_gen] generated 5266 beads
[M::hk_bmap_gen] 285741 bin pairs
[M::hk_bmap_gen] generated 5266 beads
[M::hk_bmap_gen] 285741 bin pairs
[M::blind-gpu] prepared pair buffers: n_diploid=5266 n_pairs=290843 n_block_keys=571590 n_steps=100
[I::fdg-gpu] blocklist CSR ready: edges=571590 avg_deg=108.54 max_deg=205
[M::hk_bmap_gen] generated 5266 beads
[M::hk_bmap_gen] 272038 bin pairs
[M::hk_bmap_gen] generated 5266 beads
[M::hk_bmap_gen] 272038 bin pairs
[M::blind-gpu] prepared pair buffers: n_diploid=5266 n_pairs=277116 n_block_keys=544136 n_steps=100
[I::fdg-gpu] blocklist CSR ready: edges=544136 avg_deg=103.33 max_deg=199
[M::hk_bmap_gen] generated 5266 beads
[M::hk_bmap_gen] 260268 bin pairs
[M::hk_bmap_gen] generated 5266 beads
[M::hk_bmap_gen] 260268 bin pairs
[M::blind-gpu] prepared pair buffers: n_diploid=5266 n_pairs=265344 n_block_keys=520594 n_steps=100
[I::fdg-gpu] blocklist CSR ready: edges=520594 avg_deg=98.86 max_deg=196
[M::hk_bmap_gen] generated 5266 beads
[M::hk_bmap_gen] 251257 bin pairs
[M::hk_bmap_gen] generated 5266 beads
[M::hk_bmap_gen] 251257 bin pairs
[M::blind-gpu] prepared pair buffers: n_diploid=5266 n_pairs=256319 n_block_keys=502546 n_steps=100
[I::fdg-gpu] blocklist CSR ready: edges=502546 avg_deg=95.43 max_deg=193
[M::hk_bmap_gen] generated 5266 beads
[M::hk_bmap_gen] 245094 bin pairs
[M::hk_bmap_gen] generated 5266 beads
[M::hk_bmap_gen] 245094 bin pairs
[M::blind-gpu] prepared pair buffers: n_diploid=5266 n_pairs=250176 n_block_keys=490258 n_steps=100
[I::fdg-gpu] blocklist CSR ready: edges=490258 avg_deg=93.10 max_deg=190
[M::hk_bmap_gen] generated 5266 beads
[M::hk_bmap_gen] 239879 bin pairs
[M::hk_bmap_gen] generated 5266 beads
[M::hk_bmap_gen] 239879 bin pairs
[M::blind-gpu] prepared pair buffers: n_diploid=5266 n_pairs=244947 n_block_keys=479800 n_steps=100
[I::fdg-gpu] blocklist CSR ready: edges=479800 avg_deg=91.11 max_deg=191
[M::hk_bmap_gen] generated 5266 beads
[M::hk_bmap_gen] 235425 bin pairs
[M::hk_bmap_gen] generated 5266 beads
[M::hk_bmap_gen] 235425 bin pairs
[M::blind-gpu] prepared pair buffers: n_diploid=5266 n_pairs=240531 n_block_keys=470972 n_steps=100
[I::fdg-gpu] blocklist CSR ready: edges=470972 avg_deg=89.44 max_deg=185
[M::hk_bmap_gen] generated 5266 beads
[M::hk_bmap_gen] 231663 bin pairs
[M::hk_bmap_gen] generated 5266 beads
[M::hk_bmap_gen] 231663 bin pairs
[M::blind-gpu] prepared pair buffers: n_diploid=5266 n_pairs=236761 n_block_keys=463438 n_steps=100
[I::fdg-gpu] blocklist CSR ready: edges=463438 avg_deg=88.01 max_deg=184
[M::hk_bmap_gen] generated 5266 beads
[M::hk_bmap_gen] 228756 bin pairs
[M::hk_bmap_gen] generated 5266 beads
[M::hk_bmap_gen] 228756 bin pairs
[M::blind-gpu] prepared pair buffers: n_diploid=5266 n_pairs=233851 n_block_keys=457620 n_steps=100
[I::fdg-gpu] blocklist CSR ready: edges=457620 avg_deg=86.90 max_deg=190
[M::hk_bmap_gen] generated 5266 beads
[M::hk_bmap_gen] 226507 bin pairs
[M::hk_bmap_gen] generated 5266 beads
[M::hk_bmap_gen] 226507 bin pairs
[M::blind-gpu] prepared pair buffers: n_diploid=5266 n_pairs=231602 n_block_keys=453126 n_steps=100
[I::fdg-gpu] blocklist CSR ready: edges=453126 avg_deg=86.05 max_deg=195
[M::hk_bmap_gen] generated 5266 beads
[M::hk_bmap_gen] 224941 bin pairs
[M::hk_bmap_gen] generated 5266 beads
[M::hk_bmap_gen] 224941 bin pairs
[M::blind-gpu] prepared pair buffers: n_diploid=5266 n_pairs=230044 n_block_keys=450008 n_steps=100
[I::fdg-gpu] blocklist CSR ready: edges=450008 avg_deg=85.46 max_deg=196
[M::hk_bmap_gen] generated 5266 beads
[M::hk_bmap_gen] 223606 bin pairs
[M::hk_bmap_gen] generated 5266 beads
[M::hk_bmap_gen] 223606 bin pairs
[M::blind-gpu] prepared pair buffers: n_diploid=5266 n_pairs=228713 n_block_keys=447338 n_steps=100
[I::fdg-gpu] blocklist CSR ready: edges=447338 avg_deg=84.95 max_deg=199
[M::hk_bmap_gen] generated 5266 beads
[M::hk_bmap_gen] 222373 bin pairs
[M::hk_bmap_gen] generated 5266 beads
[M::hk_bmap_gen] 222373 bin pairs
[M::blind-gpu] prepared pair buffers: n_diploid=5266 n_pairs=227465 n_block_keys=444838 n_steps=100
[I::fdg-gpu] blocklist CSR ready: edges=444838 avg_deg=84.47 max_deg=196
[M::hk_bmap_gen] generated 5266 beads
[M::hk_bmap_gen] 221576 bin pairs
[M::hk_bmap_gen] generated 5266 beads
[M::hk_bmap_gen] 221576 bin pairs
[M::blind-gpu] prepared pair buffers: n_diploid=5266 n_pairs=226660 n_block_keys=443228 n_steps=100
[I::fdg-gpu] blocklist CSR ready: edges=443228 avg_deg=84.17 max_deg=195
[M::hk_bmap_gen] generated 5266 beads
[M::hk_bmap_gen] 220908 bin pairs
[M::hk_bmap_gen] generated 5266 beads
[M::hk_bmap_gen] 220908 bin pairs
[M::blind-gpu] prepared pair buffers: n_diploid=5266 n_pairs=225981 n_block_keys=441872 n_steps=100
[I::fdg-gpu] blocklist CSR ready: edges=441872 avg_deg=83.91 max_deg=195
[M::hk_bmap_gen] generated 5266 beads
[M::hk_bmap_gen] 220125 bin pairs
[M::hk_bmap_gen] generated 5266 beads
[M::hk_bmap_gen] 220125 bin pairs
[M::blind-gpu] prepared pair buffers: n_diploid=5266 n_pairs=225231 n_block_keys=440370 n_steps=100
[I::fdg-gpu] blocklist CSR ready: edges=440370 avg_deg=83.63 max_deg=195
[M::hk_bmap_gen] generated 5266 beads
[M::hk_bmap_gen] 219678 bin pairs
[M::hk_bmap_gen] generated 5266 beads
[M::hk_bmap_gen] 219678 bin pairs
[M::blind-gpu] prepared pair buffers: n_diploid=5266 n_pairs=224780 n_block_keys=439464 n_steps=100
[I::fdg-gpu] blocklist CSR ready: edges=439464 avg_deg=83.45 max_deg=198
[M::hk_bmap_gen] generated 5266 beads
[M::hk_bmap_gen] 219374 bin pairs
[M::hk_bmap_gen] generated 5266 beads
[M::hk_bmap_gen] 219374 bin pairs
[M::blind-gpu] prepared pair buffers: n_diploid=5266 n_pairs=224479 n_block_keys=438866 n_steps=100
[I::fdg-gpu] blocklist CSR ready: edges=438866 avg_deg=83.34 max_deg=209
[M::hk_bmap_gen] generated 5266 beads
[M::hk_bmap_gen] 218952 bin pairs
[M::hk_bmap_gen] generated 5266 beads
[M::hk_bmap_gen] 218952 bin pairs
[M::blind-gpu] prepared pair buffers: n_diploid=5266 n_pairs=224067 n_block_keys=438040 n_steps=100
[I::fdg-gpu] blocklist CSR ready: edges=438040 avg_deg=83.18 max_deg=214
[M::hk_bmap_gen] generated 5266 beads
[M::hk_bmap_gen] 218705 bin pairs
[M::hk_bmap_gen] generated 5266 beads
[M::hk_bmap_gen] 218705 bin pairs
[M::blind-gpu] prepared pair buffers: n_diploid=5266 n_pairs=223821 n_block_keys=437552 n_steps=100
[I::fdg-gpu] blocklist CSR ready: edges=437552 avg_deg=83.09 max_deg=214
[M::hk_bmap_gen] generated 5266 beads
[M::hk_bmap_gen] 218334 bin pairs
[M::hk_bmap_gen] generated 5266 beads
[M::hk_bmap_gen] 218334 bin pairs
[M::blind-gpu] prepared pair buffers: n_diploid=5266 n_pairs=223441 n_block_keys=436792 n_steps=100
[I::fdg-gpu] blocklist CSR ready: edges=436792 avg_deg=82.95 max_deg=219
[M::hk_bmap_gen] generated 5266 beads
[M::hk_bmap_gen] 218105 bin pairs
[M::hk_bmap_gen] generated 5266 beads
[M::hk_bmap_gen] 218105 bin pairs
[M::blind-gpu] prepared pair buffers: n_diploid=5266 n_pairs=223217 n_block_keys=436346 n_steps=100
[I::fdg-gpu] blocklist CSR ready: edges=436346 avg_deg=82.86 max_deg=220
[M::hk_bmap_gen] generated 5266 beads
[M::hk_bmap_gen] 217773 bin pairs
[M::hk_bmap_gen] generated 5266 beads
[M::hk_bmap_gen] 217773 bin pairs
[M::blind-gpu] prepared pair buffers: n_diploid=5266 n_pairs=222883 n_block_keys=435678 n_steps=100
[I::fdg-gpu] blocklist CSR ready: edges=435678 avg_deg=82.73 max_deg=224
[M::hk_bmap_gen] generated 5266 beads
[M::hk_bmap_gen] 217615 bin pairs
[M::hk_bmap_gen] generated 5266 beads
[M::hk_bmap_gen] 217615 bin pairs
[M::blind-gpu] prepared pair buffers: n_diploid=5266 n_pairs=222744 n_block_keys=435402 n_steps=100
[I::fdg-gpu] blocklist CSR ready: edges=435402 avg_deg=82.68 max_deg=226
[M::hk_bmap_gen] generated 5266 beads
[M::hk_bmap_gen] 217455 bin pairs
[M::hk_bmap_gen] generated 5266 beads
[M::hk_bmap_gen] 217455 bin pairs
[M::blind-gpu] prepared pair buffers: n_diploid=5266 n_pairs=222577 n_block_keys=435070 n_steps=100
[I::fdg-gpu] blocklist CSR ready: edges=435070 avg_deg=82.62 max_deg=225
[M::hk_bmap_gen] generated 5266 beads
[M::hk_bmap_gen] 217383 bin pairs
[M::hk_bmap_gen] generated 5266 beads
[M::hk_bmap_gen] 217383 bin pairs
[M::blind-gpu] prepared pair buffers: n_diploid=5266 n_pairs=222516 n_block_keys=434942 n_steps=100
[I::fdg-gpu] blocklist CSR ready: edges=434942 avg_deg=82.59 max_deg=218
[M::hk_bmap_gen] generated 5266 beads
[M::hk_bmap_gen] 217316 bin pairs
[M::hk_bmap_gen] generated 5266 beads
[M::hk_bmap_gen] 217316 bin pairs
[M::blind-gpu] prepared pair buffers: n_diploid=5266 n_pairs=222442 n_block_keys=434796 n_steps=100
[I::fdg-gpu] blocklist CSR ready: edges=434796 avg_deg=82.57 max_deg=216
[M::hk_bmap_gen] generated 5266 beads
[M::hk_bmap_gen] 217193 bin pairs
[M::hk_bmap_gen] generated 5266 beads
[M::hk_bmap_gen] 217193 bin pairs
[M::blind-gpu] prepared pair buffers: n_diploid=5266 n_pairs=222314 n_block_keys=434540 n_steps=100
[I::fdg-gpu] blocklist CSR ready: edges=434540 avg_deg=82.52 max_deg=214
[M::hk_bmap_gen] generated 5266 beads
[M::hk_bmap_gen] 217160 bin pairs
[M::hk_bmap_gen] generated 5266 beads
[M::hk_bmap_gen] 217160 bin pairs
[M::blind-gpu] prepared pair buffers: n_diploid=5266 n_pairs=222276 n_block_keys=434466 n_steps=100
[I::fdg-gpu] blocklist CSR ready: edges=434466 avg_deg=82.50 max_deg=215
[M::hk_bmap_gen] generated 5266 beads
[M::hk_bmap_gen] 217062 bin pairs
[M::hk_bmap_gen] generated 5266 beads
[M::hk_bmap_gen] 217062 bin pairs
[M::blind-gpu] prepared pair buffers: n_diploid=5266 n_pairs=222186 n_block_keys=434286 n_steps=100
[I::fdg-gpu] blocklist CSR ready: edges=434286 avg_deg=82.47 max_deg=215
[M::hk_bmap_gen] generated 5266 beads
[M::hk_bmap_gen] 216983 bin pairs
[M::hk_bmap_gen] generated 5266 beads
[M::hk_bmap_gen] 216983 bin pairs
[M::blind-gpu] prepared pair buffers: n_diploid=5266 n_pairs=222107 n_block_keys=434128 n_steps=100
[I::fdg-gpu] blocklist CSR ready: edges=434128 avg_deg=82.44 max_deg=217
[M::hk_bmap_gen] generated 5266 beads
[M::hk_bmap_gen] 216841 bin pairs
[M::hk_bmap_gen] generated 5266 beads
[M::hk_bmap_gen] 216841 bin pairs
[M::blind-gpu] prepared pair buffers: n_diploid=5266 n_pairs=221960 n_block_keys=433834 n_steps=100
[I::fdg-gpu] blocklist CSR ready: edges=433834 avg_deg=82.38 max_deg=218
[M::hk_bmap_gen] generated 5266 beads
[M::hk_bmap_gen] 216676 bin pairs
[M::hk_bmap_gen] generated 5266 beads
[M::hk_bmap_gen] 216676 bin pairs
[M::blind-gpu] prepared pair buffers: n_diploid=5266 n_pairs=221805 n_block_keys=433524 n_steps=100
[I::fdg-gpu] blocklist CSR ready: edges=433524 avg_deg=82.33 max_deg=220
[M::hk_bmap_gen] generated 5266 beads
[M::hk_bmap_gen] 216648 bin pairs
[M::hk_bmap_gen] generated 5266 beads
[M::hk_bmap_gen] 216648 bin pairs
[M::blind-gpu] prepared pair buffers: n_diploid=5266 n_pairs=221770 n_block_keys=433454 n_steps=100
[I::fdg-gpu] blocklist CSR ready: edges=433454 avg_deg=82.31 max_deg=222
[M::hk_bmap_gen] generated 5266 beads
[M::hk_bmap_gen] 216595 bin pairs
[M::hk_bmap_gen] generated 5266 beads
[M::hk_bmap_gen] 216595 bin pairs
[M::blind-gpu] prepared pair buffers: n_diploid=5266 n_pairs=221722 n_block_keys=433358 n_steps=100
[I::fdg-gpu] blocklist CSR ready: edges=433358 avg_deg=82.29 max_deg=220
[M::hk_bmap_gen] generated 5266 beads
[M::hk_bmap_gen] 216585 bin pairs
[M::hk_bmap_gen] generated 5266 beads
[M::hk_bmap_gen] 216585 bin pairs
[M::blind-gpu] prepared pair buffers: n_diploid=5266 n_pairs=221718 n_block_keys=433348 n_steps=100
[I::fdg-gpu] blocklist CSR ready: edges=433348 avg_deg=82.29 max_deg=220
[M::hk_bmap_gen] generated 5266 beads
[M::hk_bmap_gen] 216455 bin pairs
[M::hk_bmap_gen] generated 5266 beads
[M::hk_bmap_gen] 216455 bin pairs
[M::blind-gpu] prepared pair buffers: n_diploid=5266 n_pairs=221592 n_block_keys=433096 n_steps=100
[I::fdg-gpu] blocklist CSR ready: edges=433096 avg_deg=82.24 max_deg=221
[M::hk_bmap_gen] generated 5266 beads
[M::hk_bmap_gen] 216416 bin pairs
[M::hk_bmap_gen] generated 5266 beads
[M::hk_bmap_gen] 216416 bin pairs
[M::blind-gpu] prepared pair buffers: n_diploid=5266 n_pairs=221545 n_block_keys=433006 n_steps=100
[I::fdg-gpu] blocklist CSR ready: edges=433006 avg_deg=82.23 max_deg=222
[M::hk_bmap_gen] generated 5266 beads
[M::hk_bmap_gen] 216357 bin pairs
[M::hk_bmap_gen] generated 5266 beads
[M::hk_bmap_gen] 216357 bin pairs
[M::blind-gpu] prepared pair buffers: n_diploid=5266 n_pairs=221480 n_block_keys=432878 n_steps=100
[I::fdg-gpu] blocklist CSR ready: edges=432878 avg_deg=82.20 max_deg=223
[M::hk_bmap_gen] generated 5266 beads
[M::hk_bmap_gen] 216326 bin pairs
[M::hk_bmap_gen] generated 5266 beads
[M::hk_bmap_gen] 216326 bin pairs
[M::blind-gpu] prepared pair buffers: n_diploid=5266 n_pairs=221448 n_block_keys=432814 n_steps=100
[I::fdg-gpu] blocklist CSR ready: edges=432814 avg_deg=82.19 max_deg=223
[M::hk_bmap_gen] generated 5266 beads
[M::hk_bmap_gen] 216248 bin pairs
[M::hk_bmap_gen] generated 5266 beads
[M::hk_bmap_gen] 216248 bin pairs
[M::blind-gpu] prepared pair buffers: n_diploid=5266 n_pairs=221368 n_block_keys=432652 n_steps=100
[I::fdg-gpu] blocklist CSR ready: edges=432652 avg_deg=82.16 max_deg=223
[M::hk_bmap_gen] generated 5266 beads
[M::hk_bmap_gen] 216231 bin pairs
[M::hk_bmap_gen] generated 5266 beads
[M::hk_bmap_gen] 216231 bin pairs
[M::blind-gpu] prepared pair buffers: n_diploid=5266 n_pairs=221350 n_block_keys=432616 n_steps=100
[I::fdg-gpu] blocklist CSR ready: edges=432616 avg_deg=82.15 max_deg=223
[M::hk_bmap_gen] generated 5266 beads
[M::hk_bmap_gen] 216189 bin pairs
[M::hk_bmap_gen] generated 5266 beads
[M::hk_bmap_gen] 216189 bin pairs
[M::blind-gpu] prepared pair buffers: n_diploid=5266 n_pairs=221310 n_block_keys=432536 n_steps=100
[I::fdg-gpu] blocklist CSR ready: edges=432536 avg_deg=82.14 max_deg=223
[M::hk_bmap_gen] generated 5266 beads
[M::hk_bmap_gen] 216143 bin pairs
[M::hk_bmap_gen] generated 5266 beads
[M::hk_bmap_gen] 216143 bin pairs
[M::blind-gpu] prepared pair buffers: n_diploid=5266 n_pairs=221265 n_block_keys=432446 n_steps=100
[I::fdg-gpu] blocklist CSR ready: edges=432446 avg_deg=82.12 max_deg=225
[M::hk_bmap_gen] generated 5266 beads
[M::hk_bmap_gen] 216149 bin pairs
[M::hk_bmap_gen] generated 5266 beads
[M::hk_bmap_gen] 216149 bin pairs
[M::blind-gpu] prepared pair buffers: n_diploid=5266 n_pairs=221262 n_block_keys=432440 n_steps=100
[I::fdg-gpu] blocklist CSR ready: edges=432440 avg_deg=82.12 max_deg=226
[M::hk_bmap_gen] generated 5266 beads
[M::hk_bmap_gen] 216155 bin pairs
[M::hk_bmap_gen] generated 5266 beads
[M::hk_bmap_gen] 216155 bin pairs
[M::blind-gpu] prepared pair buffers: n_diploid=5266 n_pairs=221278 n_block_keys=432472 n_steps=100
[I::fdg-gpu] blocklist CSR ready: edges=432472 avg_deg=82.13 max_deg=226
[M::hk_bmap_gen] generated 5266 beads
[M::hk_bmap_gen] 216256 bin pairs
[M::hk_bmap_gen] generated 5266 beads
[M::hk_bmap_gen] 216256 bin pairs
[M::blind-gpu] prepared pair buffers: n_diploid=5266 n_pairs=221391 n_block_keys=432698 n_steps=100
[I::fdg-gpu] blocklist CSR ready: edges=432698 avg_deg=82.17 max_deg=227
[M::hk_bmap_gen] generated 5266 beads
[M::hk_bmap_gen] 216278 bin pairs
[M::hk_bmap_gen] generated 5266 beads
[M::hk_bmap_gen] 216278 bin pairs
[M::blind-gpu] prepared pair buffers: n_diploid=5266 n_pairs=221403 n_block_keys=432722 n_steps=100
[I::fdg-gpu] blocklist CSR ready: edges=432722 avg_deg=82.17 max_deg=228
[M::hk_bmap_gen] generated 5266 beads
[M::hk_bmap_gen] 216267 bin pairs
[M::hk_bmap_gen] generated 5266 beads
[M::hk_bmap_gen] 216267 bin pairs
[M::blind-gpu] prepared pair buffers: n_diploid=5266 n_pairs=221393 n_block_keys=432704 n_steps=100
[I::fdg-gpu] blocklist CSR ready: edges=432704 avg_deg=82.17 max_deg=230
[M::hk_bmap_gen] generated 5266 beads
[M::hk_bmap_gen] 216207 bin pairs
[M::hk_bmap_gen] generated 5266 beads
[M::hk_bmap_gen] 216207 bin pairs
[M::blind-gpu] prepared pair buffers: n_diploid=5266 n_pairs=221333 n_block_keys=432584 n_steps=100
[I::fdg-gpu] blocklist CSR ready: edges=432584 avg_deg=82.15 max_deg=230
[M::hk_bmap_gen] generated 5266 beads
[M::hk_bmap_gen] 216221 bin pairs
[M::hk_bmap_gen] generated 5266 beads
[M::hk_bmap_gen] 216221 bin pairs
[M::blind-gpu] prepared pair buffers: n_diploid=5266 n_pairs=221346 n_block_keys=432610 n_steps=100
[I::fdg-gpu] blocklist CSR ready: edges=432610 avg_deg=82.15 max_deg=230
[M::hk_bmap_gen] generated 5266 beads
[M::hk_bmap_gen] 216190 bin pairs
[M::hk_bmap_gen] generated 5266 beads
[M::hk_bmap_gen] 216190 bin pairs
[M::blind-gpu] prepared pair buffers: n_diploid=5266 n_pairs=221318 n_block_keys=432556 n_steps=100
[I::fdg-gpu] blocklist CSR ready: edges=432556 avg_deg=82.14 max_deg=231
[M::hk_bmap_gen] generated 5266 beads
[M::hk_bmap_gen] 216138 bin pairs
[M::hk_bmap_gen] generated 5266 beads
[M::hk_bmap_gen] 216138 bin pairs
[M::blind-gpu] prepared pair buffers: n_diploid=5266 n_pairs=221268 n_block_keys=432456 n_steps=100
[I::fdg-gpu] blocklist CSR ready: edges=432456 avg_deg=82.12 max_deg=231
[M::hk_bmap_gen] generated 5266 beads
[M::hk_bmap_gen] 216100 bin pairs
[M::hk_bmap_gen] generated 5266 beads
[M::hk_bmap_gen] 216100 bin pairs
[M::blind-gpu] prepared pair buffers: n_diploid=5266 n_pairs=221232 n_block_keys=432386 n_steps=100
[I::fdg-gpu] blocklist CSR ready: edges=432386 avg_deg=82.11 max_deg=231
[M::hk_bmap_gen] generated 5266 beads
[M::hk_bmap_gen] 216091 bin pairs
[M::hk_bmap_gen] generated 5266 beads
[M::hk_bmap_gen] 216091 bin pairs
[M::blind-gpu] prepared pair buffers: n_diploid=5266 n_pairs=221217 n_block_keys=432362 n_steps=100
[I::fdg-gpu] blocklist CSR ready: edges=432362 avg_deg=82.10 max_deg=231
[M::hk_bmap_gen] generated 5266 beads
[M::hk_bmap_gen] 216073 bin pairs
[M::hk_bmap_gen] generated 5266 beads
[M::hk_bmap_gen] 216073 bin pairs
[M::blind-gpu] prepared pair buffers: n_diploid=5266 n_pairs=221206 n_block_keys=432340 n_steps=100
[I::fdg-gpu] blocklist CSR ready: edges=432340 avg_deg=82.10 max_deg=231
[M::hk_bmap_gen] generated 5266 beads
[M::hk_bmap_gen] 216052 bin pairs
[M::hk_bmap_gen] generated 5266 beads
[M::hk_bmap_gen] 216052 bin pairs
[M::blind-gpu] prepared pair buffers: n_diploid=5266 n_pairs=221187 n_block_keys=432300 n_steps=100
[I::fdg-gpu] blocklist CSR ready: edges=432300 avg_deg=82.09 max_deg=232
[M::hk_bmap_gen] generated 5266 beads
[M::hk_bmap_gen] 216041 bin pairs
[M::hk_bmap_gen] generated 5266 beads
[M::hk_bmap_gen] 216041 bin pairs
[M::blind-gpu] prepared pair buffers: n_diploid=5266 n_pairs=221181 n_block_keys=432288 n_steps=100
[I::fdg-gpu] blocklist CSR ready: edges=432288 avg_deg=82.09 max_deg=230
[M::hk_bmap_gen] generated 5266 beads
[M::hk_bmap_gen] 215988 bin pairs
[M::hk_bmap_gen] generated 5266 beads
[M::hk_bmap_gen] 215988 bin pairs
[M::blind-gpu] prepared pair buffers: n_diploid=5266 n_pairs=221128 n_block_keys=432184 n_steps=100
[I::fdg-gpu] blocklist CSR ready: edges=432184 avg_deg=82.07 max_deg=230
[M::hk_bmap_gen] generated 5266 beads
[M::hk_bmap_gen] 215950 bin pairs
[M::hk_bmap_gen] generated 5266 beads
[M::hk_bmap_gen] 215950 bin pairs
[M::blind-gpu] prepared pair buffers: n_diploid=5266 n_pairs=221086 n_block_keys=432100 n_steps=100
[I::fdg-gpu] blocklist CSR ready: edges=432100 avg_deg=82.05 max_deg=231
[M::hk_bmap_gen] generated 5266 beads
[M::hk_bmap_gen] 215908 bin pairs
[M::hk_bmap_gen] generated 5266 beads
[M::hk_bmap_gen] 215908 bin pairs
[M::blind-gpu] prepared pair buffers: n_diploid=5266 n_pairs=221037 n_block_keys=431994 n_steps=100
[I::fdg-gpu] blocklist CSR ready: edges=431994 avg_deg=82.03 max_deg=231
[M::hk_bmap_gen] generated 5266 beads
[M::hk_bmap_gen] 215893 bin pairs
[M::hk_bmap_gen] generated 5266 beads
[M::hk_bmap_gen] 215893 bin pairs
[M::blind-gpu] prepared pair buffers: n_diploid=5266 n_pairs=221027 n_block_keys=431974 n_steps=100
[I::fdg-gpu] blocklist CSR ready: edges=431974 avg_deg=82.03 max_deg=231
[M::hk_bmap_gen] generated 5266 beads
[M::hk_bmap_gen] 215857 bin pairs
[M::hk_bmap_gen] generated 5266 beads
[M::hk_bmap_gen] 215857 bin pairs
[M::blind-gpu] prepared pair buffers: n_diploid=5266 n_pairs=220990 n_block_keys=431900 n_steps=100
[I::fdg-gpu] blocklist CSR ready: edges=431900 avg_deg=82.02 max_deg=231
[M::hk_bmap_gen] generated 5266 beads
[M::hk_bmap_gen] 215656 bin pairs
[M::hk_bmap_gen] generated 5266 beads
[M::hk_bmap_gen] 215656 bin pairs
[M::blind-gpu] prepared pair buffers: n_diploid=5266 n_pairs=220785 n_block_keys=431488 n_steps=100
[I::fdg-gpu] blocklist CSR ready: edges=431488 avg_deg=81.94 max_deg=231
[M::hk_bmap_gen] generated 5266 beads
[M::hk_bmap_gen] 215551 bin pairs
[M::hk_bmap_gen] generated 5266 beads
[M::hk_bmap_gen] 215551 bin pairs
[M::blind-gpu] prepared pair buffers: n_diploid=5266 n_pairs=220680 n_block_keys=431278 n_steps=100
[I::fdg-gpu] blocklist CSR ready: edges=431278 avg_deg=81.90 max_deg=231
[M::hk_bmap_gen] generated 5266 beads
[M::hk_bmap_gen] 215470 bin pairs
[M::hk_bmap_gen] generated 5266 beads
[M::hk_bmap_gen] 215470 bin pairs
[M::blind-gpu] prepared pair buffers: n_diploid=5266 n_pairs=220602 n_block_keys=431122 n_steps=100
[I::fdg-gpu] blocklist CSR ready: edges=431122 avg_deg=81.87 max_deg=232
[M::hk_bmap_gen] generated 5266 beads
[M::hk_bmap_gen] 215356 bin pairs
[M::hk_bmap_gen] generated 5266 beads
[M::hk_bmap_gen] 215356 bin pairs
[M::blind-gpu] prepared pair buffers: n_diploid=5266 n_pairs=220488 n_block_keys=430894 n_steps=100
[I::fdg-gpu] blocklist CSR ready: edges=430894 avg_deg=81.83 max_deg=232
[M::hk_bmap_gen] generated 5266 beads
[M::hk_bmap_gen] 215334 bin pairs
[M::hk_bmap_gen] generated 5266 beads
[M::hk_bmap_gen] 215334 bin pairs
[M::blind-gpu] prepared pair buffers: n_diploid=5266 n_pairs=220463 n_block_keys=430844 n_steps=100
[I::fdg-gpu] blocklist CSR ready: edges=430844 avg_deg=81.82 max_deg=232
[M::hk_bmap_gen] generated 5266 beads
[M::hk_bmap_gen] 215310 bin pairs
[M::hk_bmap_gen] generated 5266 beads
[M::hk_bmap_gen] 215310 bin pairs
[M::blind-gpu] prepared pair buffers: n_diploid=5266 n_pairs=220436 n_block_keys=430790 n_steps=100
[I::fdg-gpu] blocklist CSR ready: edges=430790 avg_deg=81.81 max_deg=232
[M::hk_bmap_gen] generated 5266 beads
[M::hk_bmap_gen] 215247 bin pairs
[M::hk_bmap_gen] generated 5266 beads
[M::hk_bmap_gen] 215247 bin pairs
[M::blind-gpu] prepared pair buffers: n_diploid=5266 n_pairs=220371 n_block_keys=430660 n_steps=100
[I::fdg-gpu] blocklist CSR ready: edges=430660 avg_deg=81.78 max_deg=233
[M::hk_bmap_gen] generated 5266 beads
[M::hk_bmap_gen] 215199 bin pairs
[M::hk_bmap_gen] generated 5266 beads
[M::hk_bmap_gen] 215199 bin pairs
[M::blind-gpu] prepared pair buffers: n_diploid=5266 n_pairs=220316 n_block_keys=430550 n_steps=100
[I::fdg-gpu] blocklist CSR ready: edges=430550 avg_deg=81.76 max_deg=233
[M::hk_bmap_gen] generated 5266 beads
[M::hk_bmap_gen] 215194 bin pairs
[M::hk_bmap_gen] generated 5266 beads
[M::hk_bmap_gen] 215194 bin pairs
[M::blind-gpu] prepared pair buffers: n_diploid=5266 n_pairs=220309 n_block_keys=430536 n_steps=100
[I::fdg-gpu] blocklist CSR ready: edges=430536 avg_deg=81.76 max_deg=233
[M::hk_bmap_gen] generated 5266 beads
[M::hk_bmap_gen] 215128 bin pairs
[M::hk_bmap_gen] generated 5266 beads
[M::hk_bmap_gen] 215128 bin pairs
[M::blind-gpu] prepared pair buffers: n_diploid=5266 n_pairs=220243 n_block_keys=430404 n_steps=100
[I::fdg-gpu] blocklist CSR ready: edges=430404 avg_deg=81.73 max_deg=233
[M::hk_bmap_gen] generated 5266 beads
[M::hk_bmap_gen] 215072 bin pairs
[M::hk_bmap_gen] generated 5266 beads
[M::hk_bmap_gen] 215072 bin pairs
[M::blind-gpu] prepared pair buffers: n_diploid=5266 n_pairs=220190 n_block_keys=430298 n_steps=100
[I::fdg-gpu] blocklist CSR ready: edges=430298 avg_deg=81.71 max_deg=233
[M::hk_bmap_gen] generated 5266 beads
[M::hk_bmap_gen] 215075 bin pairs
[M::hk_bmap_gen] generated 5266 beads
[M::hk_bmap_gen] 215075 bin pairs
[M::blind-gpu] prepared pair buffers: n_diploid=5266 n_pairs=220197 n_block_keys=430312 n_steps=100
[I::fdg-gpu] blocklist CSR ready: edges=430312 avg_deg=81.72 max_deg=233
[M::hk_bmap_gen] generated 5266 beads
[M::hk_bmap_gen] 215065 bin pairs
[M::hk_bmap_gen] generated 5266 beads
[M::hk_bmap_gen] 215065 bin pairs
[M::blind-gpu] prepared pair buffers: n_diploid=5266 n_pairs=220183 n_block_keys=430284 n_steps=100
[I::fdg-gpu] blocklist CSR ready: edges=430284 avg_deg=81.71 max_deg=233
[M::hk_bmap_gen] generated 5266 beads
[M::hk_bmap_gen] 215048 bin pairs
[M::hk_bmap_gen] generated 5266 beads
[M::hk_bmap_gen] 215048 bin pairs
[M::blind-gpu] prepared pair buffers: n_diploid=5266 n_pairs=220165 n_block_keys=430248 n_steps=100
[I::fdg-gpu] blocklist CSR ready: edges=430248 avg_deg=81.70 max_deg=233
[M::hk_bmap_gen] generated 5266 beads
[M::hk_bmap_gen] 214987 bin pairs
[M::hk_bmap_gen] generated 5266 beads
[M::hk_bmap_gen] 214987 bin pairs
[M::blind-gpu] prepared pair buffers: n_diploid=5266 n_pairs=220108 n_block_keys=430134 n_steps=100
[I::fdg-gpu] blocklist CSR ready: edges=430134 avg_deg=81.68 max_deg=232
[M::hk_bmap_gen] generated 5266 beads
[M::hk_bmap_gen] 214903 bin pairs
[M::hk_bmap_gen] generated 5266 beads
[M::hk_bmap_gen] 214903 bin pairs
[M::blind-gpu] prepared pair buffers: n_diploid=5266 n_pairs=220026 n_block_keys=429970 n_steps=100
[I::fdg-gpu] blocklist CSR ready: edges=429970 avg_deg=81.65 max_deg=233
[M::hk_bmap_gen] generated 5266 beads
[M::hk_bmap_gen] 214866 bin pairs
[M::hk_bmap_gen] generated 5266 beads
[M::hk_bmap_gen] 214866 bin pairs
[M::blind-gpu] prepared pair buffers: n_diploid=5266 n_pairs=219986 n_block_keys=429890 n_steps=100
[I::fdg-gpu] blocklist CSR ready: edges=429890 avg_deg=81.64 max_deg=233
[M::hk_bmap_gen] generated 5266 beads
[M::hk_bmap_gen] 214815 bin pairs
[M::hk_bmap_gen] generated 5266 beads
[M::hk_bmap_gen] 214815 bin pairs
[M::blind-gpu] prepared pair buffers: n_diploid=5266 n_pairs=219937 n_block_keys=429792 n_steps=100
[I::fdg-gpu] blocklist CSR ready: edges=429792 avg_deg=81.62 max_deg=232
[M::hk_bmap_gen] generated 5266 beads
[M::hk_bmap_gen] 214794 bin pairs
[M::hk_bmap_gen] generated 5266 beads
[M::hk_bmap_gen] 214794 bin pairs
[M::blind-gpu] prepared pair buffers: n_diploid=5266 n_pairs=219916 n_block_keys=429750 n_steps=100
[I::fdg-gpu] blocklist CSR ready: edges=429750 avg_deg=81.61 max_deg=232
[M::hk_bmap_gen] generated 5266 beads
[M::hk_bmap_gen] 214744 bin pairs
[M::hk_bmap_gen] generated 5266 beads
[M::hk_bmap_gen] 214744 bin pairs
[M::blind-gpu] prepared pair buffers: n_diploid=5266 n_pairs=219870 n_block_keys=429658 n_steps=100
[I::fdg-gpu] blocklist CSR ready: edges=429658 avg_deg=81.59 max_deg=232
[M::hk_bmap_gen] generated 5266 beads
[M::hk_bmap_gen] 214724 bin pairs
[M::hk_bmap_gen] generated 5266 beads
[M::hk_bmap_gen] 214724 bin pairs
[M::blind-gpu] prepared pair buffers: n_diploid=5266 n_pairs=219848 n_block_keys=429616 n_steps=100
[I::fdg-gpu] blocklist CSR ready: edges=429616 avg_deg=81.58 max_deg=232
[M::hk_bmap_gen] generated 5266 beads
[M::hk_bmap_gen] 214672 bin pairs
[M::hk_bmap_gen] generated 5266 beads
[M::hk_bmap_gen] 214672 bin pairs
[M::blind-gpu] prepared pair buffers: n_diploid=5266 n_pairs=219797 n_block_keys=429514 n_steps=100
[I::fdg-gpu] blocklist CSR ready: edges=429514 avg_deg=81.56 max_deg=231
[M::hk_bmap_gen] generated 5266 beads
[M::hk_bmap_gen] 214671 bin pairs
[M::hk_bmap_gen] generated 5266 beads
[M::hk_bmap_gen] 214671 bin pairs
[M::blind-gpu] prepared pair buffers: n_diploid=5266 n_pairs=219797 n_block_keys=429514 n_steps=100
[I::fdg-gpu] blocklist CSR ready: edges=429514 avg_deg=81.56 max_deg=230
[M::hk_bmap_gen] generated 5266 beads
[M::hk_bmap_gen] 214662 bin pairs
[M::hk_bmap_gen] generated 5266 beads
[M::hk_bmap_gen] 214662 bin pairs
[M::blind-gpu] prepared pair buffers: n_diploid=5266 n_pairs=219789 n_block_keys=429498 n_steps=100
[I::fdg-gpu] blocklist CSR ready: edges=429498 avg_deg=81.56 max_deg=229
[M::hk_bmap_gen] generated 5266 beads
[M::hk_bmap_gen] 214673 bin pairs
[M::hk_bmap_gen] generated 5266 beads
[M::hk_bmap_gen] 214673 bin pairs
[M::blind-gpu] prepared pair buffers: n_diploid=5266 n_pairs=219797 n_block_keys=429514 n_steps=100
[I::fdg-gpu] blocklist CSR ready: edges=429514 avg_deg=81.56 max_deg=228
[M::hk_bmap_gen] generated 5266 beads
[M::hk_bmap_gen] 214655 bin pairs
[M::hk_bmap_gen] generated 5266 beads
[M::hk_bmap_gen] 214655 bin pairs
[M::blind-gpu] prepared pair buffers: n_diploid=5266 n_pairs=219782 n_block_keys=429484 n_steps=100
[I::fdg-gpu] blocklist CSR ready: edges=429484 avg_deg=81.56 max_deg=228
[M::hk_bmap_gen] generated 5266 beads
[M::hk_bmap_gen] 214627 bin pairs
[M::hk_bmap_gen] generated 5266 beads
[M::hk_bmap_gen] 214627 bin pairs
[M::blind-gpu] prepared pair buffers: n_diploid=5266 n_pairs=219755 n_block_keys=429430 n_steps=100
[I::fdg-gpu] blocklist CSR ready: edges=429430 avg_deg=81.55 max_deg=228
[M::hk_bmap_gen] generated 5266 beads
[M::hk_bmap_gen] 214623 bin pairs
[M::hk_bmap_gen] generated 5266 beads
[M::hk_bmap_gen] 214623 bin pairs
[M::blind-gpu] prepared pair buffers: n_diploid=5266 n_pairs=219756 n_block_keys=429432 n_steps=100
[I::fdg-gpu] blocklist CSR ready: edges=429432 avg_deg=81.55 max_deg=228
[M::hk_bmap_gen] generated 5266 beads
[M::hk_bmap_gen] 214603 bin pairs
[M::hk_bmap_gen] generated 5266 beads
[M::hk_bmap_gen] 214603 bin pairs
[M::blind-gpu] prepared pair buffers: n_diploid=5266 n_pairs=219735 n_block_keys=429390 n_steps=100
[I::fdg-gpu] blocklist CSR ready: edges=429390 avg_deg=81.54 max_deg=228
[M::hk_bmap_gen] generated 5266 beads
[M::hk_bmap_gen] 214568 bin pairs
[M::hk_bmap_gen] generated 5266 beads
[M::hk_bmap_gen] 214568 bin pairs
[M::blind-gpu] prepared pair buffers: n_diploid=5266 n_pairs=219695 n_block_keys=429310 n_steps=100
[I::fdg-gpu] blocklist CSR ready: edges=429310 avg_deg=81.52 max_deg=228
[M::hk_bmap_gen] generated 5266 beads
[M::hk_bmap_gen] 214548 bin pairs
[M::hk_bmap_gen] generated 5266 beads
[M::hk_bmap_gen] 214548 bin pairs
[M::blind-gpu] prepared pair buffers: n_diploid=5266 n_pairs=219673 n_block_keys=429266 n_steps=100
[I::fdg-gpu] blocklist CSR ready: edges=429266 avg_deg=81.52 max_deg=229
[M::hk_bmap_gen] generated 5266 beads
[M::hk_bmap_gen] 214549 bin pairs
[M::hk_bmap_gen] generated 5266 beads
[M::hk_bmap_gen] 214549 bin pairs
[M::blind-gpu] prepared pair buffers: n_diploid=5266 n_pairs=219665 n_block_keys=429250 n_steps=100
[I::fdg-gpu] blocklist CSR ready: edges=429250 avg_deg=81.51 max_deg=232
[M::hk_bmap_gen] generated 5266 beads
[M::hk_bmap_gen] 214515 bin pairs
[M::hk_bmap_gen] generated 5266 beads
[M::hk_bmap_gen] 214515 bin pairs
[M::blind-gpu] prepared pair buffers: n_diploid=5266 n_pairs=219637 n_block_keys=429194 n_steps=100
[I::fdg-gpu] blocklist CSR ready: edges=429194 avg_deg=81.50 max_deg=231
[M::hk_bmap_gen] generated 5266 beads
[M::hk_bmap_gen] 214480 bin pairs
[M::hk_bmap_gen] generated 5266 beads
[M::hk_bmap_gen] 214480 bin pairs
[M::blind-gpu] prepared pair buffers: n_diploid=5266 n_pairs=219604 n_block_keys=429126 n_steps=100
[I::fdg-gpu] blocklist CSR ready: edges=429126 avg_deg=81.49 max_deg=231
[M::hk_bmap_gen] generated 5266 beads
[M::hk_bmap_gen] 214459 bin pairs
[M::hk_bmap_gen] generated 5266 beads
[M::hk_bmap_gen] 214459 bin pairs
[M::blind-gpu] prepared pair buffers: n_diploid=5266 n_pairs=219585 n_block_keys=429086 n_steps=100
[I::fdg-gpu] blocklist CSR ready: edges=429086 avg_deg=81.48 max_deg=231
[M::hk_bmap_gen] generated 5266 beads
[M::hk_bmap_gen] 214434 bin pairs
[M::hk_bmap_gen] generated 5266 beads
[M::hk_bmap_gen] 214434 bin pairs
[M::blind-gpu] prepared pair buffers: n_diploid=5266 n_pairs=219553 n_block_keys=429022 n_steps=100
[I::fdg-gpu] blocklist CSR ready: edges=429022 avg_deg=81.47 max_deg=230
minimal P9016[1m]: write outputs to /mnt/ssd/zliu/phase3/test_res/044-20260620_040939-p9016_multiseed_basin_audit_1m/outputs/p9016_multiseed_best035_seed31_noise0p05/p9016_multiseed_best035_seed31_noise0p05
[M::hk_bmap_gen] generated 5266 beads
[M::hk_bmap_gen] 214458 bin pairs
[M::hk_bmap_gen] generated 5266 beads
[M::hk_bmap_gen] 214458 bin pairs
minimal P9016[1m]: status=OK final_entropy=0.69711381 final_pU=0.50286132
minimal P9016: summary /mnt/ssd/zliu/phase3/test_res/044-20260620_040939-p9016_multiseed_basin_audit_1m/outputs/p9016_multiseed_best035_seed31_noise0p05/matrix_summary.tsv
