minimal P9016: input=/shared/zliu/CHARM/CHARM_mesc/data/pairs/P9016.pairs.gz output_root=/mnt/ssd/zliu/phase3/test_res/049-20260620_103248-p9016_trans_dscale_gamma_1m/outputs/p9016_transgamma_g1_td0p75_seed17_best035 config=p9016_transgamma_g1_td0p75_seed17_best035 baseline=softall n_iter=100 relax_steps=100 relax_step=0.012 chain=0 init_mode=unphased_scaffold_split init_eps=0.5 init_noise=0 init_scale=10 init_seed=17 min_sep=0 lambda_sep=0 lambda_copytrack=0.029999999 lambda_global_copytrack=0.003 init_coord_anchor_k=0 trans_chr_pair_prior_lambda=0 trans_chr_pair_prior_eps=0.001 trans_chr_pair_prior_power=1 trans_chr_pair_prior_warmup_iter=0 trans_chr_pair_mstep_lambda=0 trans_chr_pair_mstep_eps=0.001 trans_chr_pair_mstep_power=1 trans_chr_pair_mstep_warmup_iter=0 d_scale_mode=posterior_count d_scale_input=posterior_count d_scale_formula=n_raw*posterior_prob^1 d_scale_gamma=1 trans_d_scale_gamma=1 d_scale_eps=1e-06 trans_k_multiplier=1 trans_dscale_multiplier=0.75 trans_top1_mode=off trans_top1_min_pmax=1 trans_top1_min_margin=1 trans_top1_mix_weight=0 trans_gate_mode=off trans_gate_min_pmax=1 trans_gate_min_margin=1 trans_gate_min_neg_entropy=-1.3862944 readgroup_mode=off readgroup_max_segments=8 readgroup_eps=1e-06 relax_backend=gpu
minimal P9016: stage 1/1 name=1m bin_size_bp=1000000 parent=0
[M::hk_map_read] read 1703888 pairs
[M::hk_bmap_gen] generated 2633 beads
[M::hk_bmap_gen] 489556 bin pairs
minimal P9016[1m]: build binned contacts train_raw=1703888 heldout_raw=0 heldout_fraction=0
minimal P9016[1m]: init mode=unphased_scaffold_split seed=17 scale=10
[M::hk_fdg] mid_dist:1000000 max_nei:69
[M::hk_fdg1_cpu] iter:10 elapsed:0.32s rep_coef:0.2092 RMS_force:367.1874 n_rep:43.0820 energy:25.1082,6.6566,0.0049 dist:5.6169,6.6204,1.4501
[M::hk_fdg1_cpu] iter:20 elapsed:0.79s rep_coef:0.6615 RMS_force:336.9308 n_rep:157.7303 energy:7.7515,3.4068,0.0177 dist:3.4076,4.2658,1.4016
[M::hk_fdg1_cpu] iter:30 elapsed:1.75s rep_coef:0.9352 RMS_force:226.0828 n_rep:592.3505 energy:1.8327,1.0566,0.0354 dist:1.9896,2.3234,1.2554
[M::hk_fdg1_cpu] iter:40 elapsed:3.15s rep_coef:0.9907 RMS_force:132.8226 n_rep:808.7839 energy:0.5357,0.4158,0.0366 dist:1.4081,1.7237,1.2560
[M::hk_fdg1_cpu] iter:50 elapsed:4.72s rep_coef:0.9987 RMS_force:99.3491 n_rep:815.5837 energy:0.1678,0.2703,0.0325 dist:1.0643,1.6062,1.3142
minimal P9016[1m]: run softall, n_iter=100 relax_steps=100 relax_step=0.012 relax_backend=gpu
[M::hk_bmap_gen] generated 5266 beads
[M::hk_bmap_gen] 287142 bin pairs
[M::hk_bmap_gen] generated 5266 beads
[M::hk_bmap_gen] 287142 bin pairs
[M::blind-gpu] prepared pair buffers: n_diploid=5266 n_pairs=292308 n_block_keys=574524 n_steps=100
[I::fdg-gpu] blocklist CSR ready: edges=574524 avg_deg=109.10 max_deg=193
[M::hk_bmap_gen] generated 5266 beads
[M::hk_bmap_gen] 286403 bin pairs
[M::hk_bmap_gen] generated 5266 beads
[M::hk_bmap_gen] 286403 bin pairs
[M::blind-gpu] prepared pair buffers: n_diploid=5266 n_pairs=291515 n_block_keys=572934 n_steps=100
[I::fdg-gpu] blocklist CSR ready: edges=572934 avg_deg=108.80 max_deg=199
[M::hk_bmap_gen] generated 5266 beads
[M::hk_bmap_gen] 271329 bin pairs
[M::hk_bmap_gen] generated 5266 beads
[M::hk_bmap_gen] 271329 bin pairs
[M::blind-gpu] prepared pair buffers: n_diploid=5266 n_pairs=276380 n_block_keys=542664 n_steps=100
[I::fdg-gpu] blocklist CSR ready: edges=542664 avg_deg=103.05 max_deg=211
[M::hk_bmap_gen] generated 5266 beads
[M::hk_bmap_gen] 257654 bin pairs
[M::hk_bmap_gen] generated 5266 beads
[M::hk_bmap_gen] 257654 bin pairs
[M::blind-gpu] prepared pair buffers: n_diploid=5266 n_pairs=262738 n_block_keys=515382 n_steps=100
[I::fdg-gpu] blocklist CSR ready: edges=515382 avg_deg=97.87 max_deg=205
[M::hk_bmap_gen] generated 5266 beads
[M::hk_bmap_gen] 246690 bin pairs
[M::hk_bmap_gen] generated 5266 beads
[M::hk_bmap_gen] 246690 bin pairs
[M::blind-gpu] prepared pair buffers: n_diploid=5266 n_pairs=251778 n_block_keys=493470 n_steps=100
[I::fdg-gpu] blocklist CSR ready: edges=493470 avg_deg=93.71 max_deg=197
[M::hk_bmap_gen] generated 5266 beads
[M::hk_bmap_gen] 238631 bin pairs
[M::hk_bmap_gen] generated 5266 beads
[M::hk_bmap_gen] 238631 bin pairs
[M::blind-gpu] prepared pair buffers: n_diploid=5266 n_pairs=243728 n_block_keys=477368 n_steps=100
[I::fdg-gpu] blocklist CSR ready: edges=477368 avg_deg=90.65 max_deg=203
[M::hk_bmap_gen] generated 5266 beads
[M::hk_bmap_gen] 232767 bin pairs
[M::hk_bmap_gen] generated 5266 beads
[M::hk_bmap_gen] 232767 bin pairs
[M::blind-gpu] prepared pair buffers: n_diploid=5266 n_pairs=237845 n_block_keys=465602 n_steps=100
[I::fdg-gpu] blocklist CSR ready: edges=465602 avg_deg=88.42 max_deg=204
[M::hk_bmap_gen] generated 5266 beads
[M::hk_bmap_gen] 228022 bin pairs
[M::hk_bmap_gen] generated 5266 beads
[M::hk_bmap_gen] 228022 bin pairs
[M::blind-gpu] prepared pair buffers: n_diploid=5266 n_pairs=233103 n_block_keys=456120 n_steps=100
[I::fdg-gpu] blocklist CSR ready: edges=456120 avg_deg=86.62 max_deg=200
[M::hk_bmap_gen] generated 5266 beads
[M::hk_bmap_gen] 224876 bin pairs
[M::hk_bmap_gen] generated 5266 beads
[M::hk_bmap_gen] 224876 bin pairs
[M::blind-gpu] prepared pair buffers: n_diploid=5266 n_pairs=229977 n_block_keys=449866 n_steps=100
[I::fdg-gpu] blocklist CSR ready: edges=449866 avg_deg=85.43 max_deg=198
[M::hk_bmap_gen] generated 5266 beads
[M::hk_bmap_gen] 222512 bin pairs
[M::hk_bmap_gen] generated 5266 beads
[M::hk_bmap_gen] 222512 bin pairs
[M::blind-gpu] prepared pair buffers: n_diploid=5266 n_pairs=227607 n_block_keys=445134 n_steps=100
[I::fdg-gpu] blocklist CSR ready: edges=445134 avg_deg=84.53 max_deg=199
[M::hk_bmap_gen] generated 5266 beads
[M::hk_bmap_gen] 219825 bin pairs
[M::hk_bmap_gen] generated 5266 beads
[M::hk_bmap_gen] 219825 bin pairs
[M::blind-gpu] prepared pair buffers: n_diploid=5266 n_pairs=224903 n_block_keys=439728 n_steps=100
[I::fdg-gpu] blocklist CSR ready: edges=439728 avg_deg=83.50 max_deg=197
[M::hk_bmap_gen] generated 5266 beads
[M::hk_bmap_gen] 218220 bin pairs
[M::hk_bmap_gen] generated 5266 beads
[M::hk_bmap_gen] 218220 bin pairs
[M::blind-gpu] prepared pair buffers: n_diploid=5266 n_pairs=223319 n_block_keys=436550 n_steps=100
[I::fdg-gpu] blocklist CSR ready: edges=436550 avg_deg=82.90 max_deg=199
[M::hk_bmap_gen] generated 5266 beads
[M::hk_bmap_gen] 217513 bin pairs
[M::hk_bmap_gen] generated 5266 beads
[M::hk_bmap_gen] 217513 bin pairs
[M::blind-gpu] prepared pair buffers: n_diploid=5266 n_pairs=222616 n_block_keys=435144 n_steps=100
[I::fdg-gpu] blocklist CSR ready: edges=435144 avg_deg=82.63 max_deg=199
[M::hk_bmap_gen] generated 5266 beads
[M::hk_bmap_gen] 216653 bin pairs
[M::hk_bmap_gen] generated 5266 beads
[M::hk_bmap_gen] 216653 bin pairs
[M::blind-gpu] prepared pair buffers: n_diploid=5266 n_pairs=221765 n_block_keys=433440 n_steps=100
[I::fdg-gpu] blocklist CSR ready: edges=433440 avg_deg=82.31 max_deg=192
[M::hk_bmap_gen] generated 5266 beads
[M::hk_bmap_gen] 216026 bin pairs
[M::hk_bmap_gen] generated 5266 beads
[M::hk_bmap_gen] 216026 bin pairs
[M::blind-gpu] prepared pair buffers: n_diploid=5266 n_pairs=221138 n_block_keys=432186 n_steps=100
[I::fdg-gpu] blocklist CSR ready: edges=432186 avg_deg=82.07 max_deg=188
[M::hk_bmap_gen] generated 5266 beads
[M::hk_bmap_gen] 215421 bin pairs
[M::hk_bmap_gen] generated 5266 beads
[M::hk_bmap_gen] 215421 bin pairs
[M::blind-gpu] prepared pair buffers: n_diploid=5266 n_pairs=220524 n_block_keys=430956 n_steps=100
[I::fdg-gpu] blocklist CSR ready: edges=430956 avg_deg=81.84 max_deg=186
[M::hk_bmap_gen] generated 5266 beads
[M::hk_bmap_gen] 214857 bin pairs
[M::hk_bmap_gen] generated 5266 beads
[M::hk_bmap_gen] 214857 bin pairs
[M::blind-gpu] prepared pair buffers: n_diploid=5266 n_pairs=219959 n_block_keys=429828 n_steps=100
[I::fdg-gpu] blocklist CSR ready: edges=429828 avg_deg=81.62 max_deg=185
[M::hk_bmap_gen] generated 5266 beads
[M::hk_bmap_gen] 214524 bin pairs
[M::hk_bmap_gen] generated 5266 beads
[M::hk_bmap_gen] 214524 bin pairs
[M::blind-gpu] prepared pair buffers: n_diploid=5266 n_pairs=219632 n_block_keys=429176 n_steps=100
[I::fdg-gpu] blocklist CSR ready: edges=429176 avg_deg=81.50 max_deg=185
[M::hk_bmap_gen] generated 5266 beads
[M::hk_bmap_gen] 214258 bin pairs
[M::hk_bmap_gen] generated 5266 beads
[M::hk_bmap_gen] 214258 bin pairs
[M::blind-gpu] prepared pair buffers: n_diploid=5266 n_pairs=219364 n_block_keys=428644 n_steps=100
[I::fdg-gpu] blocklist CSR ready: edges=428644 avg_deg=81.40 max_deg=184
[M::hk_bmap_gen] generated 5266 beads
[M::hk_bmap_gen] 213997 bin pairs
[M::hk_bmap_gen] generated 5266 beads
[M::hk_bmap_gen] 213997 bin pairs
[M::blind-gpu] prepared pair buffers: n_diploid=5266 n_pairs=219100 n_block_keys=428118 n_steps=100
[I::fdg-gpu] blocklist CSR ready: edges=428118 avg_deg=81.30 max_deg=184
[M::hk_bmap_gen] generated 5266 beads
[M::hk_bmap_gen] 213630 bin pairs
[M::hk_bmap_gen] generated 5266 beads
[M::hk_bmap_gen] 213630 bin pairs
[M::blind-gpu] prepared pair buffers: n_diploid=5266 n_pairs=218748 n_block_keys=427418 n_steps=100
[I::fdg-gpu] blocklist CSR ready: edges=427418 avg_deg=81.17 max_deg=184
[M::hk_bmap_gen] generated 5266 beads
[M::hk_bmap_gen] 213262 bin pairs
[M::hk_bmap_gen] generated 5266 beads
[M::hk_bmap_gen] 213262 bin pairs
[M::blind-gpu] prepared pair buffers: n_diploid=5266 n_pairs=218394 n_block_keys=426710 n_steps=100
[I::fdg-gpu] blocklist CSR ready: edges=426710 avg_deg=81.03 max_deg=184
[M::hk_bmap_gen] generated 5266 beads
[M::hk_bmap_gen] 213172 bin pairs
[M::hk_bmap_gen] generated 5266 beads
[M::hk_bmap_gen] 213172 bin pairs
[M::blind-gpu] prepared pair buffers: n_diploid=5266 n_pairs=218304 n_block_keys=426530 n_steps=100
[I::fdg-gpu] blocklist CSR ready: edges=426530 avg_deg=81.00 max_deg=184
[M::hk_bmap_gen] generated 5266 beads
[M::hk_bmap_gen] 213118 bin pairs
[M::hk_bmap_gen] generated 5266 beads
[M::hk_bmap_gen] 213118 bin pairs
[M::blind-gpu] prepared pair buffers: n_diploid=5266 n_pairs=218244 n_block_keys=426406 n_steps=100
[I::fdg-gpu] blocklist CSR ready: edges=426406 avg_deg=80.97 max_deg=185
[M::hk_bmap_gen] generated 5266 beads
[M::hk_bmap_gen] 212829 bin pairs
[M::hk_bmap_gen] generated 5266 beads
[M::hk_bmap_gen] 212829 bin pairs
[M::blind-gpu] prepared pair buffers: n_diploid=5266 n_pairs=217938 n_block_keys=425798 n_steps=100
[I::fdg-gpu] blocklist CSR ready: edges=425798 avg_deg=80.86 max_deg=184
[M::hk_bmap_gen] generated 5266 beads
[M::hk_bmap_gen] 212609 bin pairs
[M::hk_bmap_gen] generated 5266 beads
[M::hk_bmap_gen] 212609 bin pairs
[M::blind-gpu] prepared pair buffers: n_diploid=5266 n_pairs=217718 n_block_keys=425358 n_steps=100
[I::fdg-gpu] blocklist CSR ready: edges=425358 avg_deg=80.77 max_deg=186
[M::hk_bmap_gen] generated 5266 beads
[M::hk_bmap_gen] 212410 bin pairs
[M::hk_bmap_gen] generated 5266 beads
[M::hk_bmap_gen] 212410 bin pairs
[M::blind-gpu] prepared pair buffers: n_diploid=5266 n_pairs=217527 n_block_keys=424972 n_steps=100
[I::fdg-gpu] blocklist CSR ready: edges=424972 avg_deg=80.70 max_deg=187
[M::hk_bmap_gen] generated 5266 beads
[M::hk_bmap_gen] 212156 bin pairs
[M::hk_bmap_gen] generated 5266 beads
[M::hk_bmap_gen] 212156 bin pairs
[M::blind-gpu] prepared pair buffers: n_diploid=5266 n_pairs=217282 n_block_keys=424482 n_steps=100
[I::fdg-gpu] blocklist CSR ready: edges=424482 avg_deg=80.61 max_deg=186
[M::hk_bmap_gen] generated 5266 beads
[M::hk_bmap_gen] 212173 bin pairs
[M::hk_bmap_gen] generated 5266 beads
[M::hk_bmap_gen] 212173 bin pairs
[M::blind-gpu] prepared pair buffers: n_diploid=5266 n_pairs=217318 n_block_keys=424558 n_steps=100
[I::fdg-gpu] blocklist CSR ready: edges=424558 avg_deg=80.62 max_deg=185
[M::hk_bmap_gen] generated 5266 beads
[M::hk_bmap_gen] 212029 bin pairs
[M::hk_bmap_gen] generated 5266 beads
[M::hk_bmap_gen] 212029 bin pairs
[M::blind-gpu] prepared pair buffers: n_diploid=5266 n_pairs=217159 n_block_keys=424240 n_steps=100
[I::fdg-gpu] blocklist CSR ready: edges=424240 avg_deg=80.56 max_deg=183
[M::hk_bmap_gen] generated 5266 beads
[M::hk_bmap_gen] 212045 bin pairs
[M::hk_bmap_gen] generated 5266 beads
[M::hk_bmap_gen] 212045 bin pairs
[M::blind-gpu] prepared pair buffers: n_diploid=5266 n_pairs=217181 n_block_keys=424290 n_steps=100
[I::fdg-gpu] blocklist CSR ready: edges=424290 avg_deg=80.57 max_deg=186
[M::hk_bmap_gen] generated 5266 beads
[M::hk_bmap_gen] 212076 bin pairs
[M::hk_bmap_gen] generated 5266 beads
[M::hk_bmap_gen] 212076 bin pairs
[M::blind-gpu] prepared pair buffers: n_diploid=5266 n_pairs=217206 n_block_keys=424342 n_steps=100
[I::fdg-gpu] blocklist CSR ready: edges=424342 avg_deg=80.58 max_deg=183
[M::hk_bmap_gen] generated 5266 beads
[M::hk_bmap_gen] 211932 bin pairs
[M::hk_bmap_gen] generated 5266 beads
[M::hk_bmap_gen] 211932 bin pairs
[M::blind-gpu] prepared pair buffers: n_diploid=5266 n_pairs=217054 n_block_keys=424038 n_steps=100
[I::fdg-gpu] blocklist CSR ready: edges=424038 avg_deg=80.52 max_deg=183
[M::hk_bmap_gen] generated 5266 beads
[M::hk_bmap_gen] 211830 bin pairs
[M::hk_bmap_gen] generated 5266 beads
[M::hk_bmap_gen] 211830 bin pairs
[M::blind-gpu] prepared pair buffers: n_diploid=5266 n_pairs=216939 n_block_keys=423808 n_steps=100
[I::fdg-gpu] blocklist CSR ready: edges=423808 avg_deg=80.48 max_deg=184
[M::hk_bmap_gen] generated 5266 beads
[M::hk_bmap_gen] 211712 bin pairs
[M::hk_bmap_gen] generated 5266 beads
[M::hk_bmap_gen] 211712 bin pairs
[M::blind-gpu] prepared pair buffers: n_diploid=5266 n_pairs=216825 n_block_keys=423580 n_steps=100
[I::fdg-gpu] blocklist CSR ready: edges=423580 avg_deg=80.44 max_deg=184
[M::hk_bmap_gen] generated 5266 beads
[M::hk_bmap_gen] 211688 bin pairs
[M::hk_bmap_gen] generated 5266 beads
[M::hk_bmap_gen] 211688 bin pairs
[M::blind-gpu] prepared pair buffers: n_diploid=5266 n_pairs=216802 n_block_keys=423530 n_steps=100
[I::fdg-gpu] blocklist CSR ready: edges=423530 avg_deg=80.43 max_deg=185
[M::hk_bmap_gen] generated 5266 beads
[M::hk_bmap_gen] 211558 bin pairs
[M::hk_bmap_gen] generated 5266 beads
[M::hk_bmap_gen] 211558 bin pairs
[M::blind-gpu] prepared pair buffers: n_diploid=5266 n_pairs=216676 n_block_keys=423278 n_steps=100
[I::fdg-gpu] blocklist CSR ready: edges=423278 avg_deg=80.38 max_deg=185
[M::hk_bmap_gen] generated 5266 beads
[M::hk_bmap_gen] 211578 bin pairs
[M::hk_bmap_gen] generated 5266 beads
[M::hk_bmap_gen] 211578 bin pairs
[M::blind-gpu] prepared pair buffers: n_diploid=5266 n_pairs=216711 n_block_keys=423346 n_steps=100
[I::fdg-gpu] blocklist CSR ready: edges=423346 avg_deg=80.39 max_deg=185
[M::hk_bmap_gen] generated 5266 beads
[M::hk_bmap_gen] 211487 bin pairs
[M::hk_bmap_gen] generated 5266 beads
[M::hk_bmap_gen] 211487 bin pairs
[M::blind-gpu] prepared pair buffers: n_diploid=5266 n_pairs=216612 n_block_keys=423140 n_steps=100
[I::fdg-gpu] blocklist CSR ready: edges=423140 avg_deg=80.35 max_deg=186
[M::hk_bmap_gen] generated 5266 beads
[M::hk_bmap_gen] 211377 bin pairs
[M::hk_bmap_gen] generated 5266 beads
[M::hk_bmap_gen] 211377 bin pairs
[M::blind-gpu] prepared pair buffers: n_diploid=5266 n_pairs=216519 n_block_keys=422960 n_steps=100
[I::fdg-gpu] blocklist CSR ready: edges=422960 avg_deg=80.32 max_deg=186
[M::hk_bmap_gen] generated 5266 beads
[M::hk_bmap_gen] 211253 bin pairs
[M::hk_bmap_gen] generated 5266 beads
[M::hk_bmap_gen] 211253 bin pairs
[M::blind-gpu] prepared pair buffers: n_diploid=5266 n_pairs=216387 n_block_keys=422692 n_steps=100
[I::fdg-gpu] blocklist CSR ready: edges=422692 avg_deg=80.27 max_deg=185
[M::hk_bmap_gen] generated 5266 beads
[M::hk_bmap_gen] 211276 bin pairs
[M::hk_bmap_gen] generated 5266 beads
[M::hk_bmap_gen] 211276 bin pairs
[M::blind-gpu] prepared pair buffers: n_diploid=5266 n_pairs=216400 n_block_keys=422718 n_steps=100
[I::fdg-gpu] blocklist CSR ready: edges=422718 avg_deg=80.27 max_deg=183
[M::hk_bmap_gen] generated 5266 beads
[M::hk_bmap_gen] 211213 bin pairs
[M::hk_bmap_gen] generated 5266 beads
[M::hk_bmap_gen] 211213 bin pairs
[M::blind-gpu] prepared pair buffers: n_diploid=5266 n_pairs=216336 n_block_keys=422590 n_steps=100
[I::fdg-gpu] blocklist CSR ready: edges=422590 avg_deg=80.25 max_deg=183
[M::hk_bmap_gen] generated 5266 beads
[M::hk_bmap_gen] 211248 bin pairs
[M::hk_bmap_gen] generated 5266 beads
[M::hk_bmap_gen] 211248 bin pairs
[M::blind-gpu] prepared pair buffers: n_diploid=5266 n_pairs=216373 n_block_keys=422664 n_steps=100
[I::fdg-gpu] blocklist CSR ready: edges=422664 avg_deg=80.26 max_deg=183
[M::hk_bmap_gen] generated 5266 beads
[M::hk_bmap_gen] 211130 bin pairs
[M::hk_bmap_gen] generated 5266 beads
[M::hk_bmap_gen] 211130 bin pairs
[M::blind-gpu] prepared pair buffers: n_diploid=5266 n_pairs=216257 n_block_keys=422432 n_steps=100
[I::fdg-gpu] blocklist CSR ready: edges=422432 avg_deg=80.22 max_deg=184
[M::hk_bmap_gen] generated 5266 beads
[M::hk_bmap_gen] 211163 bin pairs
[M::hk_bmap_gen] generated 5266 beads
[M::hk_bmap_gen] 211163 bin pairs
[M::blind-gpu] prepared pair buffers: n_diploid=5266 n_pairs=216293 n_block_keys=422508 n_steps=100
[I::fdg-gpu] blocklist CSR ready: edges=422508 avg_deg=80.23 max_deg=184
[M::hk_bmap_gen] generated 5266 beads
[M::hk_bmap_gen] 211064 bin pairs
[M::hk_bmap_gen] generated 5266 beads
[M::hk_bmap_gen] 211064 bin pairs
[M::blind-gpu] prepared pair buffers: n_diploid=5266 n_pairs=216193 n_block_keys=422310 n_steps=100
[I::fdg-gpu] blocklist CSR ready: edges=422310 avg_deg=80.20 max_deg=186
[M::hk_bmap_gen] generated 5266 beads
[M::hk_bmap_gen] 211022 bin pairs
[M::hk_bmap_gen] generated 5266 beads
[M::hk_bmap_gen] 211022 bin pairs
[M::blind-gpu] prepared pair buffers: n_diploid=5266 n_pairs=216156 n_block_keys=422236 n_steps=100
[I::fdg-gpu] blocklist CSR ready: edges=422236 avg_deg=80.18 max_deg=185
[M::hk_bmap_gen] generated 5266 beads
[M::hk_bmap_gen] 210980 bin pairs
[M::hk_bmap_gen] generated 5266 beads
[M::hk_bmap_gen] 210980 bin pairs
[M::blind-gpu] prepared pair buffers: n_diploid=5266 n_pairs=216120 n_block_keys=422164 n_steps=100
[I::fdg-gpu] blocklist CSR ready: edges=422164 avg_deg=80.17 max_deg=186
[M::hk_bmap_gen] generated 5266 beads
[M::hk_bmap_gen] 210855 bin pairs
[M::hk_bmap_gen] generated 5266 beads
[M::hk_bmap_gen] 210855 bin pairs
[M::blind-gpu] prepared pair buffers: n_diploid=5266 n_pairs=215989 n_block_keys=421902 n_steps=100
[I::fdg-gpu] blocklist CSR ready: edges=421902 avg_deg=80.12 max_deg=186
[M::hk_bmap_gen] generated 5266 beads
[M::hk_bmap_gen] 210841 bin pairs
[M::hk_bmap_gen] generated 5266 beads
[M::hk_bmap_gen] 210841 bin pairs
[M::blind-gpu] prepared pair buffers: n_diploid=5266 n_pairs=215971 n_block_keys=421866 n_steps=100
[I::fdg-gpu] blocklist CSR ready: edges=421866 avg_deg=80.11 max_deg=186
[M::hk_bmap_gen] generated 5266 beads
[M::hk_bmap_gen] 210788 bin pairs
[M::hk_bmap_gen] generated 5266 beads
[M::hk_bmap_gen] 210788 bin pairs
[M::blind-gpu] prepared pair buffers: n_diploid=5266 n_pairs=215915 n_block_keys=421752 n_steps=100
[I::fdg-gpu] blocklist CSR ready: edges=421752 avg_deg=80.09 max_deg=186
[M::hk_bmap_gen] generated 5266 beads
[M::hk_bmap_gen] 210823 bin pairs
[M::hk_bmap_gen] generated 5266 beads
[M::hk_bmap_gen] 210823 bin pairs
[M::blind-gpu] prepared pair buffers: n_diploid=5266 n_pairs=215944 n_block_keys=421810 n_steps=100
[I::fdg-gpu] blocklist CSR ready: edges=421810 avg_deg=80.10 max_deg=186
[M::hk_bmap_gen] generated 5266 beads
[M::hk_bmap_gen] 210758 bin pairs
[M::hk_bmap_gen] generated 5266 beads
[M::hk_bmap_gen] 210758 bin pairs
[M::blind-gpu] prepared pair buffers: n_diploid=5266 n_pairs=215887 n_block_keys=421696 n_steps=100
[I::fdg-gpu] blocklist CSR ready: edges=421696 avg_deg=80.08 max_deg=186
[M::hk_bmap_gen] generated 5266 beads
[M::hk_bmap_gen] 210660 bin pairs
[M::hk_bmap_gen] generated 5266 beads
[M::hk_bmap_gen] 210660 bin pairs
[M::blind-gpu] prepared pair buffers: n_diploid=5266 n_pairs=215779 n_block_keys=421480 n_steps=100
[I::fdg-gpu] blocklist CSR ready: edges=421480 avg_deg=80.04 max_deg=186
[M::hk_bmap_gen] generated 5266 beads
[M::hk_bmap_gen] 210608 bin pairs
[M::hk_bmap_gen] generated 5266 beads
[M::hk_bmap_gen] 210608 bin pairs
[M::blind-gpu] prepared pair buffers: n_diploid=5266 n_pairs=215737 n_block_keys=421396 n_steps=100
[I::fdg-gpu] blocklist CSR ready: edges=421396 avg_deg=80.02 max_deg=186
[M::hk_bmap_gen] generated 5266 beads
[M::hk_bmap_gen] 210577 bin pairs
[M::hk_bmap_gen] generated 5266 beads
[M::hk_bmap_gen] 210577 bin pairs
[M::blind-gpu] prepared pair buffers: n_diploid=5266 n_pairs=215717 n_block_keys=421356 n_steps=100
[I::fdg-gpu] blocklist CSR ready: edges=421356 avg_deg=80.01 max_deg=187
[M::hk_bmap_gen] generated 5266 beads
[M::hk_bmap_gen] 210604 bin pairs
[M::hk_bmap_gen] generated 5266 beads
[M::hk_bmap_gen] 210604 bin pairs
[M::blind-gpu] prepared pair buffers: n_diploid=5266 n_pairs=215748 n_block_keys=421420 n_steps=100
[I::fdg-gpu] blocklist CSR ready: edges=421420 avg_deg=80.03 max_deg=187
[M::hk_bmap_gen] generated 5266 beads
[M::hk_bmap_gen] 210634 bin pairs
[M::hk_bmap_gen] generated 5266 beads
[M::hk_bmap_gen] 210634 bin pairs
[M::blind-gpu] prepared pair buffers: n_diploid=5266 n_pairs=215774 n_block_keys=421472 n_steps=100
[I::fdg-gpu] blocklist CSR ready: edges=421472 avg_deg=80.04 max_deg=187
[M::hk_bmap_gen] generated 5266 beads
[M::hk_bmap_gen] 210602 bin pairs
[M::hk_bmap_gen] generated 5266 beads
[M::hk_bmap_gen] 210602 bin pairs
[M::blind-gpu] prepared pair buffers: n_diploid=5266 n_pairs=215739 n_block_keys=421402 n_steps=100
[I::fdg-gpu] blocklist CSR ready: edges=421402 avg_deg=80.02 max_deg=187
[M::hk_bmap_gen] generated 5266 beads
[M::hk_bmap_gen] 210605 bin pairs
[M::hk_bmap_gen] generated 5266 beads
[M::hk_bmap_gen] 210605 bin pairs
[M::blind-gpu] prepared pair buffers: n_diploid=5266 n_pairs=215746 n_block_keys=421416 n_steps=100
[I::fdg-gpu] blocklist CSR ready: edges=421416 avg_deg=80.03 max_deg=187
[M::hk_bmap_gen] generated 5266 beads
[M::hk_bmap_gen] 210660 bin pairs
[M::hk_bmap_gen] generated 5266 beads
[M::hk_bmap_gen] 210660 bin pairs
[M::blind-gpu] prepared pair buffers: n_diploid=5266 n_pairs=215795 n_block_keys=421514 n_steps=100
[I::fdg-gpu] blocklist CSR ready: edges=421514 avg_deg=80.04 max_deg=186
[M::hk_bmap_gen] generated 5266 beads
[M::hk_bmap_gen] 210629 bin pairs
[M::hk_bmap_gen] generated 5266 beads
[M::hk_bmap_gen] 210629 bin pairs
[M::blind-gpu] prepared pair buffers: n_diploid=5266 n_pairs=215763 n_block_keys=421452 n_steps=100
[I::fdg-gpu] blocklist CSR ready: edges=421452 avg_deg=80.03 max_deg=185
[M::hk_bmap_gen] generated 5266 beads
[M::hk_bmap_gen] 210600 bin pairs
[M::hk_bmap_gen] generated 5266 beads
[M::hk_bmap_gen] 210600 bin pairs
[M::blind-gpu] prepared pair buffers: n_diploid=5266 n_pairs=215733 n_block_keys=421394 n_steps=100
[I::fdg-gpu] blocklist CSR ready: edges=421394 avg_deg=80.02 max_deg=185
[M::hk_bmap_gen] generated 5266 beads
[M::hk_bmap_gen] 210605 bin pairs
[M::hk_bmap_gen] generated 5266 beads
[M::hk_bmap_gen] 210605 bin pairs
[M::blind-gpu] prepared pair buffers: n_diploid=5266 n_pairs=215740 n_block_keys=421408 n_steps=100
[I::fdg-gpu] blocklist CSR ready: edges=421408 avg_deg=80.02 max_deg=185
[M::hk_bmap_gen] generated 5266 beads
[M::hk_bmap_gen] 210616 bin pairs
[M::hk_bmap_gen] generated 5266 beads
[M::hk_bmap_gen] 210616 bin pairs
[M::blind-gpu] prepared pair buffers: n_diploid=5266 n_pairs=215754 n_block_keys=421436 n_steps=100
[I::fdg-gpu] blocklist CSR ready: edges=421436 avg_deg=80.03 max_deg=185
[M::hk_bmap_gen] generated 5266 beads
[M::hk_bmap_gen] 210615 bin pairs
[M::hk_bmap_gen] generated 5266 beads
[M::hk_bmap_gen] 210615 bin pairs
[M::blind-gpu] prepared pair buffers: n_diploid=5266 n_pairs=215747 n_block_keys=421422 n_steps=100
[I::fdg-gpu] blocklist CSR ready: edges=421422 avg_deg=80.03 max_deg=186
[M::hk_bmap_gen] generated 5266 beads
[M::hk_bmap_gen] 210588 bin pairs
[M::hk_bmap_gen] generated 5266 beads
[M::hk_bmap_gen] 210588 bin pairs
[M::blind-gpu] prepared pair buffers: n_diploid=5266 n_pairs=215715 n_block_keys=421358 n_steps=100
[I::fdg-gpu] blocklist CSR ready: edges=421358 avg_deg=80.01 max_deg=186
[M::hk_bmap_gen] generated 5266 beads
[M::hk_bmap_gen] 210527 bin pairs
[M::hk_bmap_gen] generated 5266 beads
[M::hk_bmap_gen] 210527 bin pairs
[M::blind-gpu] prepared pair buffers: n_diploid=5266 n_pairs=215656 n_block_keys=421240 n_steps=100
[I::fdg-gpu] blocklist CSR ready: edges=421240 avg_deg=79.99 max_deg=186
[M::hk_bmap_gen] generated 5266 beads
[M::hk_bmap_gen] 210451 bin pairs
[M::hk_bmap_gen] generated 5266 beads
[M::hk_bmap_gen] 210451 bin pairs
[M::blind-gpu] prepared pair buffers: n_diploid=5266 n_pairs=215594 n_block_keys=421116 n_steps=100
[I::fdg-gpu] blocklist CSR ready: edges=421116 avg_deg=79.97 max_deg=186
[M::hk_bmap_gen] generated 5266 beads
[M::hk_bmap_gen] 210318 bin pairs
[M::hk_bmap_gen] generated 5266 beads
[M::hk_bmap_gen] 210318 bin pairs
[M::blind-gpu] prepared pair buffers: n_diploid=5266 n_pairs=215459 n_block_keys=420846 n_steps=100
[I::fdg-gpu] blocklist CSR ready: edges=420846 avg_deg=79.92 max_deg=188
[M::hk_bmap_gen] generated 5266 beads
[M::hk_bmap_gen] 210293 bin pairs
[M::hk_bmap_gen] generated 5266 beads
[M::hk_bmap_gen] 210293 bin pairs
[M::blind-gpu] prepared pair buffers: n_diploid=5266 n_pairs=215427 n_block_keys=420782 n_steps=100
[I::fdg-gpu] blocklist CSR ready: edges=420782 avg_deg=79.91 max_deg=188
[M::hk_bmap_gen] generated 5266 beads
[M::hk_bmap_gen] 210219 bin pairs
[M::hk_bmap_gen] generated 5266 beads
[M::hk_bmap_gen] 210219 bin pairs
[M::blind-gpu] prepared pair buffers: n_diploid=5266 n_pairs=215351 n_block_keys=420630 n_steps=100
[I::fdg-gpu] blocklist CSR ready: edges=420630 avg_deg=79.88 max_deg=189
[M::hk_bmap_gen] generated 5266 beads
[M::hk_bmap_gen] 210206 bin pairs
[M::hk_bmap_gen] generated 5266 beads
[M::hk_bmap_gen] 210206 bin pairs
[M::blind-gpu] prepared pair buffers: n_diploid=5266 n_pairs=215334 n_block_keys=420596 n_steps=100
[I::fdg-gpu] blocklist CSR ready: edges=420596 avg_deg=79.87 max_deg=189
[M::hk_bmap_gen] generated 5266 beads
[M::hk_bmap_gen] 210227 bin pairs
[M::hk_bmap_gen] generated 5266 beads
[M::hk_bmap_gen] 210227 bin pairs
[M::blind-gpu] prepared pair buffers: n_diploid=5266 n_pairs=215364 n_block_keys=420656 n_steps=100
[I::fdg-gpu] blocklist CSR ready: edges=420656 avg_deg=79.88 max_deg=190
[M::hk_bmap_gen] generated 5266 beads
[M::hk_bmap_gen] 210196 bin pairs
[M::hk_bmap_gen] generated 5266 beads
[M::hk_bmap_gen] 210196 bin pairs
[M::blind-gpu] prepared pair buffers: n_diploid=5266 n_pairs=215334 n_block_keys=420596 n_steps=100
[I::fdg-gpu] blocklist CSR ready: edges=420596 avg_deg=79.87 max_deg=190
[M::hk_bmap_gen] generated 5266 beads
[M::hk_bmap_gen] 210208 bin pairs
[M::hk_bmap_gen] generated 5266 beads
[M::hk_bmap_gen] 210208 bin pairs
[M::blind-gpu] prepared pair buffers: n_diploid=5266 n_pairs=215342 n_block_keys=420610 n_steps=100
[I::fdg-gpu] blocklist CSR ready: edges=420610 avg_deg=79.87 max_deg=190
[M::hk_bmap_gen] generated 5266 beads
[M::hk_bmap_gen] 210137 bin pairs
[M::hk_bmap_gen] generated 5266 beads
[M::hk_bmap_gen] 210137 bin pairs
[M::blind-gpu] prepared pair buffers: n_diploid=5266 n_pairs=215263 n_block_keys=420452 n_steps=100
[I::fdg-gpu] blocklist CSR ready: edges=420452 avg_deg=79.84 max_deg=190
[M::hk_bmap_gen] generated 5266 beads
[M::hk_bmap_gen] 210107 bin pairs
[M::hk_bmap_gen] generated 5266 beads
[M::hk_bmap_gen] 210107 bin pairs
[M::blind-gpu] prepared pair buffers: n_diploid=5266 n_pairs=215235 n_block_keys=420396 n_steps=100
[I::fdg-gpu] blocklist CSR ready: edges=420396 avg_deg=79.83 max_deg=191
[M::hk_bmap_gen] generated 5266 beads
[M::hk_bmap_gen] 210124 bin pairs
[M::hk_bmap_gen] generated 5266 beads
[M::hk_bmap_gen] 210124 bin pairs
[M::blind-gpu] prepared pair buffers: n_diploid=5266 n_pairs=215256 n_block_keys=420436 n_steps=100
[I::fdg-gpu] blocklist CSR ready: edges=420436 avg_deg=79.84 max_deg=191
[M::hk_bmap_gen] generated 5266 beads
[M::hk_bmap_gen] 210047 bin pairs
[M::hk_bmap_gen] generated 5266 beads
[M::hk_bmap_gen] 210047 bin pairs
[M::blind-gpu] prepared pair buffers: n_diploid=5266 n_pairs=215179 n_block_keys=420284 n_steps=100
[I::fdg-gpu] blocklist CSR ready: edges=420284 avg_deg=79.81 max_deg=191
[M::hk_bmap_gen] generated 5266 beads
[M::hk_bmap_gen] 209963 bin pairs
[M::hk_bmap_gen] generated 5266 beads
[M::hk_bmap_gen] 209963 bin pairs
[M::blind-gpu] prepared pair buffers: n_diploid=5266 n_pairs=215092 n_block_keys=420112 n_steps=100
[I::fdg-gpu] blocklist CSR ready: edges=420112 avg_deg=79.78 max_deg=191
[M::hk_bmap_gen] generated 5266 beads
[M::hk_bmap_gen] 210005 bin pairs
[M::hk_bmap_gen] generated 5266 beads
[M::hk_bmap_gen] 210005 bin pairs
[M::blind-gpu] prepared pair buffers: n_diploid=5266 n_pairs=215127 n_block_keys=420184 n_steps=100
[I::fdg-gpu] blocklist CSR ready: edges=420184 avg_deg=79.79 max_deg=190
[M::hk_bmap_gen] generated 5266 beads
[M::hk_bmap_gen] 209969 bin pairs
[M::hk_bmap_gen] generated 5266 beads
[M::hk_bmap_gen] 209969 bin pairs
[M::blind-gpu] prepared pair buffers: n_diploid=5266 n_pairs=215100 n_block_keys=420130 n_steps=100
[I::fdg-gpu] blocklist CSR ready: edges=420130 avg_deg=79.78 max_deg=190
[M::hk_bmap_gen] generated 5266 beads
[M::hk_bmap_gen] 209963 bin pairs
[M::hk_bmap_gen] generated 5266 beads
[M::hk_bmap_gen] 209963 bin pairs
[M::blind-gpu] prepared pair buffers: n_diploid=5266 n_pairs=215107 n_block_keys=420144 n_steps=100
[I::fdg-gpu] blocklist CSR ready: edges=420144 avg_deg=79.78 max_deg=190
[M::hk_bmap_gen] generated 5266 beads
[M::hk_bmap_gen] 209993 bin pairs
[M::hk_bmap_gen] generated 5266 beads
[M::hk_bmap_gen] 209993 bin pairs
[M::blind-gpu] prepared pair buffers: n_diploid=5266 n_pairs=215135 n_block_keys=420202 n_steps=100
[I::fdg-gpu] blocklist CSR ready: edges=420202 avg_deg=79.80 max_deg=190
[M::hk_bmap_gen] generated 5266 beads
[M::hk_bmap_gen] 210003 bin pairs
[M::hk_bmap_gen] generated 5266 beads
[M::hk_bmap_gen] 210003 bin pairs
[M::blind-gpu] prepared pair buffers: n_diploid=5266 n_pairs=215144 n_block_keys=420224 n_steps=100
[I::fdg-gpu] blocklist CSR ready: edges=420224 avg_deg=79.80 max_deg=190
[M::hk_bmap_gen] generated 5266 beads
[M::hk_bmap_gen] 209984 bin pairs
[M::hk_bmap_gen] generated 5266 beads
[M::hk_bmap_gen] 209984 bin pairs
[M::blind-gpu] prepared pair buffers: n_diploid=5266 n_pairs=215118 n_block_keys=420170 n_steps=100
[I::fdg-gpu] blocklist CSR ready: edges=420170 avg_deg=79.79 max_deg=190
[M::hk_bmap_gen] generated 5266 beads
[M::hk_bmap_gen] 210001 bin pairs
[M::hk_bmap_gen] generated 5266 beads
[M::hk_bmap_gen] 210001 bin pairs
[M::blind-gpu] prepared pair buffers: n_diploid=5266 n_pairs=215138 n_block_keys=420212 n_steps=100
[I::fdg-gpu] blocklist CSR ready: edges=420212 avg_deg=79.80 max_deg=191
[M::hk_bmap_gen] generated 5266 beads
[M::hk_bmap_gen] 209990 bin pairs
[M::hk_bmap_gen] generated 5266 beads
[M::hk_bmap_gen] 209990 bin pairs
[M::blind-gpu] prepared pair buffers: n_diploid=5266 n_pairs=215120 n_block_keys=420176 n_steps=100
[I::fdg-gpu] blocklist CSR ready: edges=420176 avg_deg=79.79 max_deg=191
[M::hk_bmap_gen] generated 5266 beads
[M::hk_bmap_gen] 209964 bin pairs
[M::hk_bmap_gen] generated 5266 beads
[M::hk_bmap_gen] 209964 bin pairs
[M::blind-gpu] prepared pair buffers: n_diploid=5266 n_pairs=215093 n_block_keys=420118 n_steps=100
[I::fdg-gpu] blocklist CSR ready: edges=420118 avg_deg=79.78 max_deg=191
[M::hk_bmap_gen] generated 5266 beads
[M::hk_bmap_gen] 209934 bin pairs
[M::hk_bmap_gen] generated 5266 beads
[M::hk_bmap_gen] 209934 bin pairs
[M::blind-gpu] prepared pair buffers: n_diploid=5266 n_pairs=215067 n_block_keys=420064 n_steps=100
[I::fdg-gpu] blocklist CSR ready: edges=420064 avg_deg=79.77 max_deg=191
[M::hk_bmap_gen] generated 5266 beads
[M::hk_bmap_gen] 209962 bin pairs
[M::hk_bmap_gen] generated 5266 beads
[M::hk_bmap_gen] 209962 bin pairs
[M::blind-gpu] prepared pair buffers: n_diploid=5266 n_pairs=215102 n_block_keys=420134 n_steps=100
[I::fdg-gpu] blocklist CSR ready: edges=420134 avg_deg=79.78 max_deg=191
[M::hk_bmap_gen] generated 5266 beads
[M::hk_bmap_gen] 209991 bin pairs
[M::hk_bmap_gen] generated 5266 beads
[M::hk_bmap_gen] 209991 bin pairs
[M::blind-gpu] prepared pair buffers: n_diploid=5266 n_pairs=215126 n_block_keys=420182 n_steps=100
[I::fdg-gpu] blocklist CSR ready: edges=420182 avg_deg=79.79 max_deg=189
[M::hk_bmap_gen] generated 5266 beads
[M::hk_bmap_gen] 210012 bin pairs
[M::hk_bmap_gen] generated 5266 beads
[M::hk_bmap_gen] 210012 bin pairs
[M::blind-gpu] prepared pair buffers: n_diploid=5266 n_pairs=215148 n_block_keys=420228 n_steps=100
[I::fdg-gpu] blocklist CSR ready: edges=420228 avg_deg=79.80 max_deg=188
[M::hk_bmap_gen] generated 5266 beads
[M::hk_bmap_gen] 210027 bin pairs
[M::hk_bmap_gen] generated 5266 beads
[M::hk_bmap_gen] 210027 bin pairs
[M::blind-gpu] prepared pair buffers: n_diploid=5266 n_pairs=215164 n_block_keys=420260 n_steps=100
[I::fdg-gpu] blocklist CSR ready: edges=420260 avg_deg=79.81 max_deg=185
[M::hk_bmap_gen] generated 5266 beads
[M::hk_bmap_gen] 210011 bin pairs
[M::hk_bmap_gen] generated 5266 beads
[M::hk_bmap_gen] 210011 bin pairs
[M::blind-gpu] prepared pair buffers: n_diploid=5266 n_pairs=215149 n_block_keys=420230 n_steps=100
[I::fdg-gpu] blocklist CSR ready: edges=420230 avg_deg=79.80 max_deg=185
[M::hk_bmap_gen] generated 5266 beads
[M::hk_bmap_gen] 210020 bin pairs
[M::hk_bmap_gen] generated 5266 beads
[M::hk_bmap_gen] 210020 bin pairs
[M::blind-gpu] prepared pair buffers: n_diploid=5266 n_pairs=215158 n_block_keys=420248 n_steps=100
[I::fdg-gpu] blocklist CSR ready: edges=420248 avg_deg=79.80 max_deg=185
[M::hk_bmap_gen] generated 5266 beads
[M::hk_bmap_gen] 210009 bin pairs
[M::hk_bmap_gen] generated 5266 beads
[M::hk_bmap_gen] 210009 bin pairs
[M::blind-gpu] prepared pair buffers: n_diploid=5266 n_pairs=215147 n_block_keys=420230 n_steps=100
[I::fdg-gpu] blocklist CSR ready: edges=420230 avg_deg=79.80 max_deg=185
[M::hk_bmap_gen] generated 5266 beads
[M::hk_bmap_gen] 209976 bin pairs
[M::hk_bmap_gen] generated 5266 beads
[M::hk_bmap_gen] 209976 bin pairs
[M::blind-gpu] prepared pair buffers: n_diploid=5266 n_pairs=215112 n_block_keys=420160 n_steps=100
[I::fdg-gpu] blocklist CSR ready: edges=420160 avg_deg=79.79 max_deg=185
minimal P9016[1m]: write outputs to /mnt/ssd/zliu/phase3/test_res/049-20260620_103248-p9016_trans_dscale_gamma_1m/outputs/p9016_transgamma_g1_td0p75_seed17_best035/p9016_transgamma_g1_td0p75_seed17_best035
[M::hk_bmap_gen] generated 5266 beads
[M::hk_bmap_gen] 209994 bin pairs
[M::hk_bmap_gen] generated 5266 beads
[M::hk_bmap_gen] 209994 bin pairs
minimal P9016[1m]: status=OK final_entropy=0.65333784 final_pU=0.47128361
minimal P9016: summary /mnt/ssd/zliu/phase3/test_res/049-20260620_103248-p9016_trans_dscale_gamma_1m/outputs/p9016_transgamma_g1_td0p75_seed17_best035/matrix_summary.tsv
