minimal P9016: input=/shared/zliu/CHARM/CHARM_mesc/data/pairs/P9016.pairs.gz output_root=/mnt/ssd/zliu/phase3/test_res/049-20260620_103248-p9016_trans_dscale_gamma_1m/outputs/p9016_transgamma_g0p25_td0p75_seed17_best035 config=p9016_transgamma_g0p25_td0p75_seed17_best035 baseline=softall n_iter=100 relax_steps=100 relax_step=0.012 chain=0 init_mode=unphased_scaffold_split init_eps=0.5 init_noise=0 init_scale=10 init_seed=17 min_sep=0 lambda_sep=0 lambda_copytrack=0.029999999 lambda_global_copytrack=0.003 init_coord_anchor_k=0 trans_chr_pair_prior_lambda=0 trans_chr_pair_prior_eps=0.001 trans_chr_pair_prior_power=1 trans_chr_pair_prior_warmup_iter=0 trans_chr_pair_mstep_lambda=0 trans_chr_pair_mstep_eps=0.001 trans_chr_pair_mstep_power=1 trans_chr_pair_mstep_warmup_iter=0 d_scale_mode=posterior_count d_scale_input=posterior_count d_scale_formula=n_raw*posterior_prob^1 d_scale_gamma=1 trans_d_scale_gamma=0.25 d_scale_eps=1e-06 trans_k_multiplier=1 trans_dscale_multiplier=0.75 trans_top1_mode=off trans_top1_min_pmax=1 trans_top1_min_margin=1 trans_top1_mix_weight=0 trans_gate_mode=off trans_gate_min_pmax=1 trans_gate_min_margin=1 trans_gate_min_neg_entropy=-1.3862944 readgroup_mode=off readgroup_max_segments=8 readgroup_eps=1e-06 relax_backend=gpu
minimal P9016: stage 1/1 name=1m bin_size_bp=1000000 parent=0
[M::hk_map_read] read 1703888 pairs
[M::hk_bmap_gen] generated 2633 beads
[M::hk_bmap_gen] 489556 bin pairs
minimal P9016[1m]: build binned contacts train_raw=1703888 heldout_raw=0 heldout_fraction=0
minimal P9016[1m]: init mode=unphased_scaffold_split seed=17 scale=10
[M::hk_fdg] mid_dist:1000000 max_nei:69
[M::hk_fdg1_cpu] iter:10 elapsed:0.32s rep_coef:0.2092 RMS_force:367.1874 n_rep:43.0820 energy:25.1082,6.6566,0.0049 dist:5.6169,6.6204,1.4501
[M::hk_fdg1_cpu] iter:20 elapsed:0.78s rep_coef:0.6615 RMS_force:336.9308 n_rep:157.7303 energy:7.7515,3.4068,0.0177 dist:3.4076,4.2658,1.4016
[M::hk_fdg1_cpu] iter:30 elapsed:1.71s rep_coef:0.9352 RMS_force:226.0828 n_rep:592.3505 energy:1.8327,1.0566,0.0354 dist:1.9896,2.3234,1.2554
[M::hk_fdg1_cpu] iter:40 elapsed:3.05s rep_coef:0.9907 RMS_force:132.8226 n_rep:808.7839 energy:0.5357,0.4158,0.0366 dist:1.4081,1.7237,1.2560
[M::hk_fdg1_cpu] iter:50 elapsed:4.46s rep_coef:0.9987 RMS_force:99.3491 n_rep:815.5837 energy:0.1678,0.2703,0.0325 dist:1.0643,1.6062,1.3142
minimal P9016[1m]: run softall, n_iter=100 relax_steps=100 relax_step=0.012 relax_backend=gpu
[M::hk_bmap_gen] generated 5266 beads
[M::hk_bmap_gen] 287142 bin pairs
[M::hk_bmap_gen] generated 5266 beads
[M::hk_bmap_gen] 287142 bin pairs
[M::blind-gpu] prepared pair buffers: n_diploid=5266 n_pairs=292308 n_block_keys=574524 n_steps=100
[I::fdg-gpu] blocklist CSR ready: edges=574524 avg_deg=109.10 max_deg=193
[M::hk_bmap_gen] generated 5266 beads
[M::hk_bmap_gen] 286229 bin pairs
[M::hk_bmap_gen] generated 5266 beads
[M::hk_bmap_gen] 286229 bin pairs
[M::blind-gpu] prepared pair buffers: n_diploid=5266 n_pairs=291340 n_block_keys=572584 n_steps=100
[I::fdg-gpu] blocklist CSR ready: edges=572584 avg_deg=108.73 max_deg=199
[M::hk_bmap_gen] generated 5266 beads
[M::hk_bmap_gen] 272098 bin pairs
[M::hk_bmap_gen] generated 5266 beads
[M::hk_bmap_gen] 272098 bin pairs
[M::blind-gpu] prepared pair buffers: n_diploid=5266 n_pairs=277171 n_block_keys=544244 n_steps=100
[I::fdg-gpu] blocklist CSR ready: edges=544244 avg_deg=103.35 max_deg=209
[M::hk_bmap_gen] generated 5266 beads
[M::hk_bmap_gen] 259699 bin pairs
[M::hk_bmap_gen] generated 5266 beads
[M::hk_bmap_gen] 259699 bin pairs
[M::blind-gpu] prepared pair buffers: n_diploid=5266 n_pairs=264765 n_block_keys=519438 n_steps=100
[I::fdg-gpu] blocklist CSR ready: edges=519438 avg_deg=98.64 max_deg=204
[M::hk_bmap_gen] generated 5266 beads
[M::hk_bmap_gen] 249736 bin pairs
[M::hk_bmap_gen] generated 5266 beads
[M::hk_bmap_gen] 249736 bin pairs
[M::blind-gpu] prepared pair buffers: n_diploid=5266 n_pairs=254809 n_block_keys=499532 n_steps=100
[I::fdg-gpu] blocklist CSR ready: edges=499532 avg_deg=94.86 max_deg=201
[M::hk_bmap_gen] generated 5266 beads
[M::hk_bmap_gen] 242072 bin pairs
[M::hk_bmap_gen] generated 5266 beads
[M::hk_bmap_gen] 242072 bin pairs
[M::blind-gpu] prepared pair buffers: n_diploid=5266 n_pairs=247144 n_block_keys=484204 n_steps=100
[I::fdg-gpu] blocklist CSR ready: edges=484204 avg_deg=91.95 max_deg=206
[M::hk_bmap_gen] generated 5266 beads
[M::hk_bmap_gen] 236476 bin pairs
[M::hk_bmap_gen] generated 5266 beads
[M::hk_bmap_gen] 236476 bin pairs
[M::blind-gpu] prepared pair buffers: n_diploid=5266 n_pairs=241566 n_block_keys=473044 n_steps=100
[I::fdg-gpu] blocklist CSR ready: edges=473044 avg_deg=89.83 max_deg=206
[M::hk_bmap_gen] generated 5266 beads
[M::hk_bmap_gen] 231854 bin pairs
[M::hk_bmap_gen] generated 5266 beads
[M::hk_bmap_gen] 231854 bin pairs
[M::blind-gpu] prepared pair buffers: n_diploid=5266 n_pairs=236933 n_block_keys=463776 n_steps=100
[I::fdg-gpu] blocklist CSR ready: edges=463776 avg_deg=88.07 max_deg=208
[M::hk_bmap_gen] generated 5266 beads
[M::hk_bmap_gen] 228534 bin pairs
[M::hk_bmap_gen] generated 5266 beads
[M::hk_bmap_gen] 228534 bin pairs
[M::blind-gpu] prepared pair buffers: n_diploid=5266 n_pairs=233641 n_block_keys=457194 n_steps=100
[I::fdg-gpu] blocklist CSR ready: edges=457194 avg_deg=86.82 max_deg=209
[M::hk_bmap_gen] generated 5266 beads
[M::hk_bmap_gen] 226376 bin pairs
[M::hk_bmap_gen] generated 5266 beads
[M::hk_bmap_gen] 226376 bin pairs
[M::blind-gpu] prepared pair buffers: n_diploid=5266 n_pairs=231485 n_block_keys=452886 n_steps=100
[I::fdg-gpu] blocklist CSR ready: edges=452886 avg_deg=86.00 max_deg=212
[M::hk_bmap_gen] generated 5266 beads
[M::hk_bmap_gen] 224341 bin pairs
[M::hk_bmap_gen] generated 5266 beads
[M::hk_bmap_gen] 224341 bin pairs
[M::blind-gpu] prepared pair buffers: n_diploid=5266 n_pairs=229457 n_block_keys=448828 n_steps=100
[I::fdg-gpu] blocklist CSR ready: edges=448828 avg_deg=85.23 max_deg=214
[M::hk_bmap_gen] generated 5266 beads
[M::hk_bmap_gen] 222593 bin pairs
[M::hk_bmap_gen] generated 5266 beads
[M::hk_bmap_gen] 222593 bin pairs
[M::blind-gpu] prepared pair buffers: n_diploid=5266 n_pairs=227681 n_block_keys=445272 n_steps=100
[I::fdg-gpu] blocklist CSR ready: edges=445272 avg_deg=84.56 max_deg=211
[M::hk_bmap_gen] generated 5266 beads
[M::hk_bmap_gen] 220921 bin pairs
[M::hk_bmap_gen] generated 5266 beads
[M::hk_bmap_gen] 220921 bin pairs
[M::blind-gpu] prepared pair buffers: n_diploid=5266 n_pairs=226019 n_block_keys=441950 n_steps=100
[I::fdg-gpu] blocklist CSR ready: edges=441950 avg_deg=83.93 max_deg=210
[M::hk_bmap_gen] generated 5266 beads
[M::hk_bmap_gen] 219813 bin pairs
[M::hk_bmap_gen] generated 5266 beads
[M::hk_bmap_gen] 219813 bin pairs
[M::blind-gpu] prepared pair buffers: n_diploid=5266 n_pairs=224912 n_block_keys=439736 n_steps=100
[I::fdg-gpu] blocklist CSR ready: edges=439736 avg_deg=83.50 max_deg=206
[M::hk_bmap_gen] generated 5266 beads
[M::hk_bmap_gen] 218846 bin pairs
[M::hk_bmap_gen] generated 5266 beads
[M::hk_bmap_gen] 218846 bin pairs
[M::blind-gpu] prepared pair buffers: n_diploid=5266 n_pairs=223957 n_block_keys=437828 n_steps=100
[I::fdg-gpu] blocklist CSR ready: edges=437828 avg_deg=83.14 max_deg=204
[M::hk_bmap_gen] generated 5266 beads
[M::hk_bmap_gen] 218105 bin pairs
[M::hk_bmap_gen] generated 5266 beads
[M::hk_bmap_gen] 218105 bin pairs
[M::blind-gpu] prepared pair buffers: n_diploid=5266 n_pairs=223201 n_block_keys=436314 n_steps=100
[I::fdg-gpu] blocklist CSR ready: edges=436314 avg_deg=82.85 max_deg=208
[M::hk_bmap_gen] generated 5266 beads
[M::hk_bmap_gen] 217251 bin pairs
[M::hk_bmap_gen] generated 5266 beads
[M::hk_bmap_gen] 217251 bin pairs
[M::blind-gpu] prepared pair buffers: n_diploid=5266 n_pairs=222361 n_block_keys=434630 n_steps=100
[I::fdg-gpu] blocklist CSR ready: edges=434630 avg_deg=82.54 max_deg=205
[M::hk_bmap_gen] generated 5266 beads
[M::hk_bmap_gen] 216744 bin pairs
[M::hk_bmap_gen] generated 5266 beads
[M::hk_bmap_gen] 216744 bin pairs
[M::blind-gpu] prepared pair buffers: n_diploid=5266 n_pairs=221852 n_block_keys=433612 n_steps=100
[I::fdg-gpu] blocklist CSR ready: edges=433612 avg_deg=82.34 max_deg=203
[M::hk_bmap_gen] generated 5266 beads
[M::hk_bmap_gen] 216390 bin pairs
[M::hk_bmap_gen] generated 5266 beads
[M::hk_bmap_gen] 216390 bin pairs
[M::blind-gpu] prepared pair buffers: n_diploid=5266 n_pairs=221506 n_block_keys=432918 n_steps=100
[I::fdg-gpu] blocklist CSR ready: edges=432918 avg_deg=82.21 max_deg=204
[M::hk_bmap_gen] generated 5266 beads
[M::hk_bmap_gen] 216079 bin pairs
[M::hk_bmap_gen] generated 5266 beads
[M::hk_bmap_gen] 216079 bin pairs
[M::blind-gpu] prepared pair buffers: n_diploid=5266 n_pairs=221202 n_block_keys=432310 n_steps=100
[I::fdg-gpu] blocklist CSR ready: edges=432310 avg_deg=82.09 max_deg=204
[M::hk_bmap_gen] generated 5266 beads
[M::hk_bmap_gen] 215828 bin pairs
[M::hk_bmap_gen] generated 5266 beads
[M::hk_bmap_gen] 215828 bin pairs
[M::blind-gpu] prepared pair buffers: n_diploid=5266 n_pairs=220955 n_block_keys=431826 n_steps=100
[I::fdg-gpu] blocklist CSR ready: edges=431826 avg_deg=82.00 max_deg=202
[M::hk_bmap_gen] generated 5266 beads
[M::hk_bmap_gen] 215380 bin pairs
[M::hk_bmap_gen] generated 5266 beads
[M::hk_bmap_gen] 215380 bin pairs
[M::blind-gpu] prepared pair buffers: n_diploid=5266 n_pairs=220507 n_block_keys=430932 n_steps=100
[I::fdg-gpu] blocklist CSR ready: edges=430932 avg_deg=81.83 max_deg=204
[M::hk_bmap_gen] generated 5266 beads
[M::hk_bmap_gen] 215055 bin pairs
[M::hk_bmap_gen] generated 5266 beads
[M::hk_bmap_gen] 215055 bin pairs
[M::blind-gpu] prepared pair buffers: n_diploid=5266 n_pairs=220170 n_block_keys=430254 n_steps=100
[I::fdg-gpu] blocklist CSR ready: edges=430254 avg_deg=81.70 max_deg=205
[M::hk_bmap_gen] generated 5266 beads
[M::hk_bmap_gen] 214832 bin pairs
[M::hk_bmap_gen] generated 5266 beads
[M::hk_bmap_gen] 214832 bin pairs
[M::blind-gpu] prepared pair buffers: n_diploid=5266 n_pairs=219954 n_block_keys=429826 n_steps=100
[I::fdg-gpu] blocklist CSR ready: edges=429826 avg_deg=81.62 max_deg=205
[M::hk_bmap_gen] generated 5266 beads
[M::hk_bmap_gen] 214466 bin pairs
[M::hk_bmap_gen] generated 5266 beads
[M::hk_bmap_gen] 214466 bin pairs
[M::blind-gpu] prepared pair buffers: n_diploid=5266 n_pairs=219587 n_block_keys=429092 n_steps=100
[I::fdg-gpu] blocklist CSR ready: edges=429092 avg_deg=81.48 max_deg=205
[M::hk_bmap_gen] generated 5266 beads
[M::hk_bmap_gen] 214166 bin pairs
[M::hk_bmap_gen] generated 5266 beads
[M::hk_bmap_gen] 214166 bin pairs
[M::blind-gpu] prepared pair buffers: n_diploid=5266 n_pairs=219285 n_block_keys=428492 n_steps=100
[I::fdg-gpu] blocklist CSR ready: edges=428492 avg_deg=81.37 max_deg=203
[M::hk_bmap_gen] generated 5266 beads
[M::hk_bmap_gen] 213789 bin pairs
[M::hk_bmap_gen] generated 5266 beads
[M::hk_bmap_gen] 213789 bin pairs
[M::blind-gpu] prepared pair buffers: n_diploid=5266 n_pairs=218915 n_block_keys=427752 n_steps=100
[I::fdg-gpu] blocklist CSR ready: edges=427752 avg_deg=81.23 max_deg=203
[M::hk_bmap_gen] generated 5266 beads
[M::hk_bmap_gen] 213544 bin pairs
[M::hk_bmap_gen] generated 5266 beads
[M::hk_bmap_gen] 213544 bin pairs
[M::blind-gpu] prepared pair buffers: n_diploid=5266 n_pairs=218671 n_block_keys=427264 n_steps=100
[I::fdg-gpu] blocklist CSR ready: edges=427264 avg_deg=81.14 max_deg=201
[M::hk_bmap_gen] generated 5266 beads
[M::hk_bmap_gen] 213177 bin pairs
[M::hk_bmap_gen] generated 5266 beads
[M::hk_bmap_gen] 213177 bin pairs
[M::blind-gpu] prepared pair buffers: n_diploid=5266 n_pairs=218300 n_block_keys=426522 n_steps=100
[I::fdg-gpu] blocklist CSR ready: edges=426522 avg_deg=81.00 max_deg=201
[M::hk_bmap_gen] generated 5266 beads
[M::hk_bmap_gen] 212901 bin pairs
[M::hk_bmap_gen] generated 5266 beads
[M::hk_bmap_gen] 212901 bin pairs
[M::blind-gpu] prepared pair buffers: n_diploid=5266 n_pairs=218015 n_block_keys=425950 n_steps=100
[I::fdg-gpu] blocklist CSR ready: edges=425950 avg_deg=80.89 max_deg=201
[M::hk_bmap_gen] generated 5266 beads
[M::hk_bmap_gen] 212783 bin pairs
[M::hk_bmap_gen] generated 5266 beads
[M::hk_bmap_gen] 212783 bin pairs
[M::blind-gpu] prepared pair buffers: n_diploid=5266 n_pairs=217915 n_block_keys=425750 n_steps=100
[I::fdg-gpu] blocklist CSR ready: edges=425750 avg_deg=80.85 max_deg=201
[M::hk_bmap_gen] generated 5266 beads
[M::hk_bmap_gen] 212635 bin pairs
[M::hk_bmap_gen] generated 5266 beads
[M::hk_bmap_gen] 212635 bin pairs
[M::blind-gpu] prepared pair buffers: n_diploid=5266 n_pairs=217763 n_block_keys=425446 n_steps=100
[I::fdg-gpu] blocklist CSR ready: edges=425446 avg_deg=80.79 max_deg=202
[M::hk_bmap_gen] generated 5266 beads
[M::hk_bmap_gen] 212579 bin pairs
[M::hk_bmap_gen] generated 5266 beads
[M::hk_bmap_gen] 212579 bin pairs
[M::blind-gpu] prepared pair buffers: n_diploid=5266 n_pairs=217699 n_block_keys=425318 n_steps=100
[I::fdg-gpu] blocklist CSR ready: edges=425318 avg_deg=80.77 max_deg=202
[M::hk_bmap_gen] generated 5266 beads
[M::hk_bmap_gen] 212602 bin pairs
[M::hk_bmap_gen] generated 5266 beads
[M::hk_bmap_gen] 212602 bin pairs
[M::blind-gpu] prepared pair buffers: n_diploid=5266 n_pairs=217730 n_block_keys=425380 n_steps=100
[I::fdg-gpu] blocklist CSR ready: edges=425380 avg_deg=80.78 max_deg=202
[M::hk_bmap_gen] generated 5266 beads
[M::hk_bmap_gen] 212594 bin pairs
[M::hk_bmap_gen] generated 5266 beads
[M::hk_bmap_gen] 212594 bin pairs
[M::blind-gpu] prepared pair buffers: n_diploid=5266 n_pairs=217725 n_block_keys=425372 n_steps=100
[I::fdg-gpu] blocklist CSR ready: edges=425372 avg_deg=80.78 max_deg=204
[M::hk_bmap_gen] generated 5266 beads
[M::hk_bmap_gen] 212531 bin pairs
[M::hk_bmap_gen] generated 5266 beads
[M::hk_bmap_gen] 212531 bin pairs
[M::blind-gpu] prepared pair buffers: n_diploid=5266 n_pairs=217667 n_block_keys=425258 n_steps=100
[I::fdg-gpu] blocklist CSR ready: edges=425258 avg_deg=80.76 max_deg=205
[M::hk_bmap_gen] generated 5266 beads
[M::hk_bmap_gen] 212412 bin pairs
[M::hk_bmap_gen] generated 5266 beads
[M::hk_bmap_gen] 212412 bin pairs
[M::blind-gpu] prepared pair buffers: n_diploid=5266 n_pairs=217550 n_block_keys=425024 n_steps=100
[I::fdg-gpu] blocklist CSR ready: edges=425024 avg_deg=80.71 max_deg=204
[M::hk_bmap_gen] generated 5266 beads
[M::hk_bmap_gen] 212488 bin pairs
[M::hk_bmap_gen] generated 5266 beads
[M::hk_bmap_gen] 212488 bin pairs
[M::blind-gpu] prepared pair buffers: n_diploid=5266 n_pairs=217633 n_block_keys=425190 n_steps=100
[I::fdg-gpu] blocklist CSR ready: edges=425190 avg_deg=80.74 max_deg=204
[M::hk_bmap_gen] generated 5266 beads
[M::hk_bmap_gen] 212393 bin pairs
[M::hk_bmap_gen] generated 5266 beads
[M::hk_bmap_gen] 212393 bin pairs
[M::blind-gpu] prepared pair buffers: n_diploid=5266 n_pairs=217526 n_block_keys=424974 n_steps=100
[I::fdg-gpu] blocklist CSR ready: edges=424974 avg_deg=80.70 max_deg=201
[M::hk_bmap_gen] generated 5266 beads
[M::hk_bmap_gen] 212417 bin pairs
[M::hk_bmap_gen] generated 5266 beads
[M::hk_bmap_gen] 212417 bin pairs
[M::blind-gpu] prepared pair buffers: n_diploid=5266 n_pairs=217561 n_block_keys=425042 n_steps=100
[I::fdg-gpu] blocklist CSR ready: edges=425042 avg_deg=80.71 max_deg=201
[M::hk_bmap_gen] generated 5266 beads
[M::hk_bmap_gen] 212401 bin pairs
[M::hk_bmap_gen] generated 5266 beads
[M::hk_bmap_gen] 212401 bin pairs
[M::blind-gpu] prepared pair buffers: n_diploid=5266 n_pairs=217539 n_block_keys=424998 n_steps=100
[I::fdg-gpu] blocklist CSR ready: edges=424998 avg_deg=80.71 max_deg=200
[M::hk_bmap_gen] generated 5266 beads
[M::hk_bmap_gen] 212412 bin pairs
[M::hk_bmap_gen] generated 5266 beads
[M::hk_bmap_gen] 212412 bin pairs
[M::blind-gpu] prepared pair buffers: n_diploid=5266 n_pairs=217541 n_block_keys=424998 n_steps=100
[I::fdg-gpu] blocklist CSR ready: edges=424998 avg_deg=80.71 max_deg=200
[M::hk_bmap_gen] generated 5266 beads
[M::hk_bmap_gen] 212353 bin pairs
[M::hk_bmap_gen] generated 5266 beads
[M::hk_bmap_gen] 212353 bin pairs
[M::blind-gpu] prepared pair buffers: n_diploid=5266 n_pairs=217487 n_block_keys=424884 n_steps=100
[I::fdg-gpu] blocklist CSR ready: edges=424884 avg_deg=80.68 max_deg=200
[M::hk_bmap_gen] generated 5266 beads
[M::hk_bmap_gen] 212368 bin pairs
[M::hk_bmap_gen] generated 5266 beads
[M::hk_bmap_gen] 212368 bin pairs
[M::blind-gpu] prepared pair buffers: n_diploid=5266 n_pairs=217501 n_block_keys=424910 n_steps=100
[I::fdg-gpu] blocklist CSR ready: edges=424910 avg_deg=80.69 max_deg=200
[M::hk_bmap_gen] generated 5266 beads
[M::hk_bmap_gen] 212425 bin pairs
[M::hk_bmap_gen] generated 5266 beads
[M::hk_bmap_gen] 212425 bin pairs
[M::blind-gpu] prepared pair buffers: n_diploid=5266 n_pairs=217554 n_block_keys=425016 n_steps=100
[I::fdg-gpu] blocklist CSR ready: edges=425016 avg_deg=80.71 max_deg=201
[M::hk_bmap_gen] generated 5266 beads
[M::hk_bmap_gen] 212439 bin pairs
[M::hk_bmap_gen] generated 5266 beads
[M::hk_bmap_gen] 212439 bin pairs
[M::blind-gpu] prepared pair buffers: n_diploid=5266 n_pairs=217568 n_block_keys=425044 n_steps=100
[I::fdg-gpu] blocklist CSR ready: edges=425044 avg_deg=80.71 max_deg=202
[M::hk_bmap_gen] generated 5266 beads
[M::hk_bmap_gen] 212394 bin pairs
[M::hk_bmap_gen] generated 5266 beads
[M::hk_bmap_gen] 212394 bin pairs
[M::blind-gpu] prepared pair buffers: n_diploid=5266 n_pairs=217514 n_block_keys=424936 n_steps=100
[I::fdg-gpu] blocklist CSR ready: edges=424936 avg_deg=80.69 max_deg=202
[M::hk_bmap_gen] generated 5266 beads
[M::hk_bmap_gen] 212310 bin pairs
[M::hk_bmap_gen] generated 5266 beads
[M::hk_bmap_gen] 212310 bin pairs
[M::blind-gpu] prepared pair buffers: n_diploid=5266 n_pairs=217426 n_block_keys=424762 n_steps=100
[I::fdg-gpu] blocklist CSR ready: edges=424762 avg_deg=80.66 max_deg=203
[M::hk_bmap_gen] generated 5266 beads
[M::hk_bmap_gen] 212310 bin pairs
[M::hk_bmap_gen] generated 5266 beads
[M::hk_bmap_gen] 212310 bin pairs
[M::blind-gpu] prepared pair buffers: n_diploid=5266 n_pairs=217437 n_block_keys=424782 n_steps=100
[I::fdg-gpu] blocklist CSR ready: edges=424782 avg_deg=80.67 max_deg=203
[M::hk_bmap_gen] generated 5266 beads
[M::hk_bmap_gen] 212254 bin pairs
[M::hk_bmap_gen] generated 5266 beads
[M::hk_bmap_gen] 212254 bin pairs
[M::blind-gpu] prepared pair buffers: n_diploid=5266 n_pairs=217385 n_block_keys=424678 n_steps=100
[I::fdg-gpu] blocklist CSR ready: edges=424678 avg_deg=80.65 max_deg=203
[M::hk_bmap_gen] generated 5266 beads
[M::hk_bmap_gen] 212241 bin pairs
[M::hk_bmap_gen] generated 5266 beads
[M::hk_bmap_gen] 212241 bin pairs
[M::blind-gpu] prepared pair buffers: n_diploid=5266 n_pairs=217374 n_block_keys=424656 n_steps=100
[I::fdg-gpu] blocklist CSR ready: edges=424656 avg_deg=80.64 max_deg=203
[M::hk_bmap_gen] generated 5266 beads
[M::hk_bmap_gen] 212196 bin pairs
[M::hk_bmap_gen] generated 5266 beads
[M::hk_bmap_gen] 212196 bin pairs
[M::blind-gpu] prepared pair buffers: n_diploid=5266 n_pairs=217331 n_block_keys=424570 n_steps=100
[I::fdg-gpu] blocklist CSR ready: edges=424570 avg_deg=80.62 max_deg=203
[M::hk_bmap_gen] generated 5266 beads
[M::hk_bmap_gen] 212174 bin pairs
[M::hk_bmap_gen] generated 5266 beads
[M::hk_bmap_gen] 212174 bin pairs
[M::blind-gpu] prepared pair buffers: n_diploid=5266 n_pairs=217305 n_block_keys=424518 n_steps=100
[I::fdg-gpu] blocklist CSR ready: edges=424518 avg_deg=80.61 max_deg=203
[M::hk_bmap_gen] generated 5266 beads
[M::hk_bmap_gen] 212169 bin pairs
[M::hk_bmap_gen] generated 5266 beads
[M::hk_bmap_gen] 212169 bin pairs
[M::blind-gpu] prepared pair buffers: n_diploid=5266 n_pairs=217296 n_block_keys=424500 n_steps=100
[I::fdg-gpu] blocklist CSR ready: edges=424500 avg_deg=80.61 max_deg=203
[M::hk_bmap_gen] generated 5266 beads
[M::hk_bmap_gen] 212171 bin pairs
[M::hk_bmap_gen] generated 5266 beads
[M::hk_bmap_gen] 212171 bin pairs
[M::blind-gpu] prepared pair buffers: n_diploid=5266 n_pairs=217297 n_block_keys=424502 n_steps=100
[I::fdg-gpu] blocklist CSR ready: edges=424502 avg_deg=80.61 max_deg=203
[M::hk_bmap_gen] generated 5266 beads
[M::hk_bmap_gen] 212072 bin pairs
[M::hk_bmap_gen] generated 5266 beads
[M::hk_bmap_gen] 212072 bin pairs
[M::blind-gpu] prepared pair buffers: n_diploid=5266 n_pairs=217192 n_block_keys=424294 n_steps=100
[I::fdg-gpu] blocklist CSR ready: edges=424294 avg_deg=80.57 max_deg=204
[M::hk_bmap_gen] generated 5266 beads
[M::hk_bmap_gen] 212060 bin pairs
[M::hk_bmap_gen] generated 5266 beads
[M::hk_bmap_gen] 212060 bin pairs
[M::blind-gpu] prepared pair buffers: n_diploid=5266 n_pairs=217181 n_block_keys=424272 n_steps=100
[I::fdg-gpu] blocklist CSR ready: edges=424272 avg_deg=80.57 max_deg=203
[M::hk_bmap_gen] generated 5266 beads
[M::hk_bmap_gen] 211970 bin pairs
[M::hk_bmap_gen] generated 5266 beads
[M::hk_bmap_gen] 211970 bin pairs
[M::blind-gpu] prepared pair buffers: n_diploid=5266 n_pairs=217092 n_block_keys=424094 n_steps=100
[I::fdg-gpu] blocklist CSR ready: edges=424094 avg_deg=80.53 max_deg=202
[M::hk_bmap_gen] generated 5266 beads
[M::hk_bmap_gen] 211912 bin pairs
[M::hk_bmap_gen] generated 5266 beads
[M::hk_bmap_gen] 211912 bin pairs
[M::blind-gpu] prepared pair buffers: n_diploid=5266 n_pairs=217036 n_block_keys=423982 n_steps=100
[I::fdg-gpu] blocklist CSR ready: edges=423982 avg_deg=80.51 max_deg=203
[M::hk_bmap_gen] generated 5266 beads
[M::hk_bmap_gen] 211923 bin pairs
[M::hk_bmap_gen] generated 5266 beads
[M::hk_bmap_gen] 211923 bin pairs
[M::blind-gpu] prepared pair buffers: n_diploid=5266 n_pairs=217052 n_block_keys=424012 n_steps=100
[I::fdg-gpu] blocklist CSR ready: edges=424012 avg_deg=80.52 max_deg=203
[M::hk_bmap_gen] generated 5266 beads
[M::hk_bmap_gen] 211810 bin pairs
[M::hk_bmap_gen] generated 5266 beads
[M::hk_bmap_gen] 211810 bin pairs
[M::blind-gpu] prepared pair buffers: n_diploid=5266 n_pairs=216947 n_block_keys=423810 n_steps=100
[I::fdg-gpu] blocklist CSR ready: edges=423810 avg_deg=80.48 max_deg=202
[M::hk_bmap_gen] generated 5266 beads
[M::hk_bmap_gen] 211806 bin pairs
[M::hk_bmap_gen] generated 5266 beads
[M::hk_bmap_gen] 211806 bin pairs
[M::blind-gpu] prepared pair buffers: n_diploid=5266 n_pairs=216943 n_block_keys=423802 n_steps=100
[I::fdg-gpu] blocklist CSR ready: edges=423802 avg_deg=80.48 max_deg=202
[M::hk_bmap_gen] generated 5266 beads
[M::hk_bmap_gen] 211726 bin pairs
[M::hk_bmap_gen] generated 5266 beads
[M::hk_bmap_gen] 211726 bin pairs
[M::blind-gpu] prepared pair buffers: n_diploid=5266 n_pairs=216863 n_block_keys=423644 n_steps=100
[I::fdg-gpu] blocklist CSR ready: edges=423644 avg_deg=80.45 max_deg=201
[M::hk_bmap_gen] generated 5266 beads
[M::hk_bmap_gen] 211726 bin pairs
[M::hk_bmap_gen] generated 5266 beads
[M::hk_bmap_gen] 211726 bin pairs
[M::blind-gpu] prepared pair buffers: n_diploid=5266 n_pairs=216865 n_block_keys=423648 n_steps=100
[I::fdg-gpu] blocklist CSR ready: edges=423648 avg_deg=80.45 max_deg=201
[M::hk_bmap_gen] generated 5266 beads
[M::hk_bmap_gen] 211677 bin pairs
[M::hk_bmap_gen] generated 5266 beads
[M::hk_bmap_gen] 211677 bin pairs
[M::blind-gpu] prepared pair buffers: n_diploid=5266 n_pairs=216812 n_block_keys=423540 n_steps=100
[I::fdg-gpu] blocklist CSR ready: edges=423540 avg_deg=80.43 max_deg=201
[M::hk_bmap_gen] generated 5266 beads
[M::hk_bmap_gen] 211604 bin pairs
[M::hk_bmap_gen] generated 5266 beads
[M::hk_bmap_gen] 211604 bin pairs
[M::blind-gpu] prepared pair buffers: n_diploid=5266 n_pairs=216728 n_block_keys=423372 n_steps=100
[I::fdg-gpu] blocklist CSR ready: edges=423372 avg_deg=80.40 max_deg=200
[M::hk_bmap_gen] generated 5266 beads
[M::hk_bmap_gen] 211577 bin pairs
[M::hk_bmap_gen] generated 5266 beads
[M::hk_bmap_gen] 211577 bin pairs
[M::blind-gpu] prepared pair buffers: n_diploid=5266 n_pairs=216707 n_block_keys=423330 n_steps=100
[I::fdg-gpu] blocklist CSR ready: edges=423330 avg_deg=80.39 max_deg=200
[M::hk_bmap_gen] generated 5266 beads
[M::hk_bmap_gen] 211576 bin pairs
[M::hk_bmap_gen] generated 5266 beads
[M::hk_bmap_gen] 211576 bin pairs
[M::blind-gpu] prepared pair buffers: n_diploid=5266 n_pairs=216704 n_block_keys=423324 n_steps=100
[I::fdg-gpu] blocklist CSR ready: edges=423324 avg_deg=80.39 max_deg=198
[M::hk_bmap_gen] generated 5266 beads
[M::hk_bmap_gen] 211563 bin pairs
[M::hk_bmap_gen] generated 5266 beads
[M::hk_bmap_gen] 211563 bin pairs
[M::blind-gpu] prepared pair buffers: n_diploid=5266 n_pairs=216692 n_block_keys=423300 n_steps=100
[I::fdg-gpu] blocklist CSR ready: edges=423300 avg_deg=80.38 max_deg=197
[M::hk_bmap_gen] generated 5266 beads
[M::hk_bmap_gen] 211510 bin pairs
[M::hk_bmap_gen] generated 5266 beads
[M::hk_bmap_gen] 211510 bin pairs
[M::blind-gpu] prepared pair buffers: n_diploid=5266 n_pairs=216638 n_block_keys=423192 n_steps=100
[I::fdg-gpu] blocklist CSR ready: edges=423192 avg_deg=80.36 max_deg=197
[M::hk_bmap_gen] generated 5266 beads
[M::hk_bmap_gen] 211481 bin pairs
[M::hk_bmap_gen] generated 5266 beads
[M::hk_bmap_gen] 211481 bin pairs
[M::blind-gpu] prepared pair buffers: n_diploid=5266 n_pairs=216607 n_block_keys=423132 n_steps=100
[I::fdg-gpu] blocklist CSR ready: edges=423132 avg_deg=80.35 max_deg=196
[M::hk_bmap_gen] generated 5266 beads
[M::hk_bmap_gen] 211396 bin pairs
[M::hk_bmap_gen] generated 5266 beads
[M::hk_bmap_gen] 211396 bin pairs
[M::blind-gpu] prepared pair buffers: n_diploid=5266 n_pairs=216522 n_block_keys=422962 n_steps=100
[I::fdg-gpu] blocklist CSR ready: edges=422962 avg_deg=80.32 max_deg=196
[M::hk_bmap_gen] generated 5266 beads
[M::hk_bmap_gen] 211391 bin pairs
[M::hk_bmap_gen] generated 5266 beads
[M::hk_bmap_gen] 211391 bin pairs
[M::blind-gpu] prepared pair buffers: n_diploid=5266 n_pairs=216518 n_block_keys=422956 n_steps=100
[I::fdg-gpu] blocklist CSR ready: edges=422956 avg_deg=80.32 max_deg=196
[M::hk_bmap_gen] generated 5266 beads
[M::hk_bmap_gen] 211333 bin pairs
[M::hk_bmap_gen] generated 5266 beads
[M::hk_bmap_gen] 211333 bin pairs
[M::blind-gpu] prepared pair buffers: n_diploid=5266 n_pairs=216456 n_block_keys=422832 n_steps=100
[I::fdg-gpu] blocklist CSR ready: edges=422832 avg_deg=80.29 max_deg=195
[M::hk_bmap_gen] generated 5266 beads
[M::hk_bmap_gen] 211254 bin pairs
[M::hk_bmap_gen] generated 5266 beads
[M::hk_bmap_gen] 211254 bin pairs
[M::blind-gpu] prepared pair buffers: n_diploid=5266 n_pairs=216376 n_block_keys=422674 n_steps=100
[I::fdg-gpu] blocklist CSR ready: edges=422674 avg_deg=80.26 max_deg=195
[M::hk_bmap_gen] generated 5266 beads
[M::hk_bmap_gen] 211234 bin pairs
[M::hk_bmap_gen] generated 5266 beads
[M::hk_bmap_gen] 211234 bin pairs
[M::blind-gpu] prepared pair buffers: n_diploid=5266 n_pairs=216349 n_block_keys=422620 n_steps=100
[I::fdg-gpu] blocklist CSR ready: edges=422620 avg_deg=80.25 max_deg=195
[M::hk_bmap_gen] generated 5266 beads
[M::hk_bmap_gen] 211227 bin pairs
[M::hk_bmap_gen] generated 5266 beads
[M::hk_bmap_gen] 211227 bin pairs
[M::blind-gpu] prepared pair buffers: n_diploid=5266 n_pairs=216342 n_block_keys=422606 n_steps=100
[I::fdg-gpu] blocklist CSR ready: edges=422606 avg_deg=80.25 max_deg=195
[M::hk_bmap_gen] generated 5266 beads
[M::hk_bmap_gen] 211092 bin pairs
[M::hk_bmap_gen] generated 5266 beads
[M::hk_bmap_gen] 211092 bin pairs
[M::blind-gpu] prepared pair buffers: n_diploid=5266 n_pairs=216212 n_block_keys=422344 n_steps=100
[I::fdg-gpu] blocklist CSR ready: edges=422344 avg_deg=80.20 max_deg=195
[M::hk_bmap_gen] generated 5266 beads
[M::hk_bmap_gen] 211116 bin pairs
[M::hk_bmap_gen] generated 5266 beads
[M::hk_bmap_gen] 211116 bin pairs
[M::blind-gpu] prepared pair buffers: n_diploid=5266 n_pairs=216227 n_block_keys=422374 n_steps=100
[I::fdg-gpu] blocklist CSR ready: edges=422374 avg_deg=80.21 max_deg=194
[M::hk_bmap_gen] generated 5266 beads
[M::hk_bmap_gen] 211072 bin pairs
[M::hk_bmap_gen] generated 5266 beads
[M::hk_bmap_gen] 211072 bin pairs
[M::blind-gpu] prepared pair buffers: n_diploid=5266 n_pairs=216183 n_block_keys=422286 n_steps=100
[I::fdg-gpu] blocklist CSR ready: edges=422286 avg_deg=80.19 max_deg=194
[M::hk_bmap_gen] generated 5266 beads
[M::hk_bmap_gen] 211020 bin pairs
[M::hk_bmap_gen] generated 5266 beads
[M::hk_bmap_gen] 211020 bin pairs
[M::blind-gpu] prepared pair buffers: n_diploid=5266 n_pairs=216130 n_block_keys=422184 n_steps=100
[I::fdg-gpu] blocklist CSR ready: edges=422184 avg_deg=80.17 max_deg=194
[M::hk_bmap_gen] generated 5266 beads
[M::hk_bmap_gen] 211037 bin pairs
[M::hk_bmap_gen] generated 5266 beads
[M::hk_bmap_gen] 211037 bin pairs
[M::blind-gpu] prepared pair buffers: n_diploid=5266 n_pairs=216149 n_block_keys=422220 n_steps=100
[I::fdg-gpu] blocklist CSR ready: edges=422220 avg_deg=80.18 max_deg=194
[M::hk_bmap_gen] generated 5266 beads
[M::hk_bmap_gen] 210957 bin pairs
[M::hk_bmap_gen] generated 5266 beads
[M::hk_bmap_gen] 210957 bin pairs
[M::blind-gpu] prepared pair buffers: n_diploid=5266 n_pairs=216070 n_block_keys=422064 n_steps=100
[I::fdg-gpu] blocklist CSR ready: edges=422064 avg_deg=80.15 max_deg=194
[M::hk_bmap_gen] generated 5266 beads
[M::hk_bmap_gen] 210904 bin pairs
[M::hk_bmap_gen] generated 5266 beads
[M::hk_bmap_gen] 210904 bin pairs
[M::blind-gpu] prepared pair buffers: n_diploid=5266 n_pairs=216016 n_block_keys=421954 n_steps=100
[I::fdg-gpu] blocklist CSR ready: edges=421954 avg_deg=80.13 max_deg=194
[M::hk_bmap_gen] generated 5266 beads
[M::hk_bmap_gen] 210838 bin pairs
[M::hk_bmap_gen] generated 5266 beads
[M::hk_bmap_gen] 210838 bin pairs
[M::blind-gpu] prepared pair buffers: n_diploid=5266 n_pairs=215957 n_block_keys=421834 n_steps=100
[I::fdg-gpu] blocklist CSR ready: edges=421834 avg_deg=80.11 max_deg=194
[M::hk_bmap_gen] generated 5266 beads
[M::hk_bmap_gen] 210791 bin pairs
[M::hk_bmap_gen] generated 5266 beads
[M::hk_bmap_gen] 210791 bin pairs
[M::blind-gpu] prepared pair buffers: n_diploid=5266 n_pairs=215906 n_block_keys=421732 n_steps=100
[I::fdg-gpu] blocklist CSR ready: edges=421732 avg_deg=80.09 max_deg=194
[M::hk_bmap_gen] generated 5266 beads
[M::hk_bmap_gen] 210805 bin pairs
[M::hk_bmap_gen] generated 5266 beads
[M::hk_bmap_gen] 210805 bin pairs
[M::blind-gpu] prepared pair buffers: n_diploid=5266 n_pairs=215926 n_block_keys=421770 n_steps=100
[I::fdg-gpu] blocklist CSR ready: edges=421770 avg_deg=80.09 max_deg=194
[M::hk_bmap_gen] generated 5266 beads
[M::hk_bmap_gen] 210764 bin pairs
[M::hk_bmap_gen] generated 5266 beads
[M::hk_bmap_gen] 210764 bin pairs
[M::blind-gpu] prepared pair buffers: n_diploid=5266 n_pairs=215882 n_block_keys=421682 n_steps=100
[I::fdg-gpu] blocklist CSR ready: edges=421682 avg_deg=80.08 max_deg=194
[M::hk_bmap_gen] generated 5266 beads
[M::hk_bmap_gen] 210727 bin pairs
[M::hk_bmap_gen] generated 5266 beads
[M::hk_bmap_gen] 210727 bin pairs
[M::blind-gpu] prepared pair buffers: n_diploid=5266 n_pairs=215844 n_block_keys=421604 n_steps=100
[I::fdg-gpu] blocklist CSR ready: edges=421604 avg_deg=80.06 max_deg=193
[M::hk_bmap_gen] generated 5266 beads
[M::hk_bmap_gen] 210622 bin pairs
[M::hk_bmap_gen] generated 5266 beads
[M::hk_bmap_gen] 210622 bin pairs
[M::blind-gpu] prepared pair buffers: n_diploid=5266 n_pairs=215741 n_block_keys=421398 n_steps=100
[I::fdg-gpu] blocklist CSR ready: edges=421398 avg_deg=80.02 max_deg=192
[M::hk_bmap_gen] generated 5266 beads
[M::hk_bmap_gen] 210528 bin pairs
[M::hk_bmap_gen] generated 5266 beads
[M::hk_bmap_gen] 210528 bin pairs
[M::blind-gpu] prepared pair buffers: n_diploid=5266 n_pairs=215646 n_block_keys=421208 n_steps=100
[I::fdg-gpu] blocklist CSR ready: edges=421208 avg_deg=79.99 max_deg=192
[M::hk_bmap_gen] generated 5266 beads
[M::hk_bmap_gen] 210511 bin pairs
[M::hk_bmap_gen] generated 5266 beads
[M::hk_bmap_gen] 210511 bin pairs
[M::blind-gpu] prepared pair buffers: n_diploid=5266 n_pairs=215638 n_block_keys=421192 n_steps=100
[I::fdg-gpu] blocklist CSR ready: edges=421192 avg_deg=79.98 max_deg=192
[M::hk_bmap_gen] generated 5266 beads
[M::hk_bmap_gen] 210473 bin pairs
[M::hk_bmap_gen] generated 5266 beads
[M::hk_bmap_gen] 210473 bin pairs
[M::blind-gpu] prepared pair buffers: n_diploid=5266 n_pairs=215604 n_block_keys=421124 n_steps=100
[I::fdg-gpu] blocklist CSR ready: edges=421124 avg_deg=79.97 max_deg=192
[M::hk_bmap_gen] generated 5266 beads
[M::hk_bmap_gen] 210489 bin pairs
[M::hk_bmap_gen] generated 5266 beads
[M::hk_bmap_gen] 210489 bin pairs
[M::blind-gpu] prepared pair buffers: n_diploid=5266 n_pairs=215613 n_block_keys=421142 n_steps=100
[I::fdg-gpu] blocklist CSR ready: edges=421142 avg_deg=79.97 max_deg=192
[M::hk_bmap_gen] generated 5266 beads
[M::hk_bmap_gen] 210466 bin pairs
[M::hk_bmap_gen] generated 5266 beads
[M::hk_bmap_gen] 210466 bin pairs
[M::blind-gpu] prepared pair buffers: n_diploid=5266 n_pairs=215589 n_block_keys=421094 n_steps=100
[I::fdg-gpu] blocklist CSR ready: edges=421094 avg_deg=79.96 max_deg=192
[M::hk_bmap_gen] generated 5266 beads
[M::hk_bmap_gen] 210432 bin pairs
[M::hk_bmap_gen] generated 5266 beads
[M::hk_bmap_gen] 210432 bin pairs
[M::blind-gpu] prepared pair buffers: n_diploid=5266 n_pairs=215556 n_block_keys=421028 n_steps=100
[I::fdg-gpu] blocklist CSR ready: edges=421028 avg_deg=79.95 max_deg=192
[M::hk_bmap_gen] generated 5266 beads
[M::hk_bmap_gen] 210426 bin pairs
[M::hk_bmap_gen] generated 5266 beads
[M::hk_bmap_gen] 210426 bin pairs
[M::blind-gpu] prepared pair buffers: n_diploid=5266 n_pairs=215553 n_block_keys=421022 n_steps=100
[I::fdg-gpu] blocklist CSR ready: edges=421022 avg_deg=79.95 max_deg=192
[M::hk_bmap_gen] generated 5266 beads
[M::hk_bmap_gen] 210378 bin pairs
[M::hk_bmap_gen] generated 5266 beads
[M::hk_bmap_gen] 210378 bin pairs
[M::blind-gpu] prepared pair buffers: n_diploid=5266 n_pairs=215500 n_block_keys=420916 n_steps=100
[I::fdg-gpu] blocklist CSR ready: edges=420916 avg_deg=79.93 max_deg=192
[M::hk_bmap_gen] generated 5266 beads
[M::hk_bmap_gen] 210356 bin pairs
[M::hk_bmap_gen] generated 5266 beads
[M::hk_bmap_gen] 210356 bin pairs
[M::blind-gpu] prepared pair buffers: n_diploid=5266 n_pairs=215482 n_block_keys=420878 n_steps=100
[I::fdg-gpu] blocklist CSR ready: edges=420878 avg_deg=79.92 max_deg=192
[M::hk_bmap_gen] generated 5266 beads
[M::hk_bmap_gen] 210341 bin pairs
[M::hk_bmap_gen] generated 5266 beads
[M::hk_bmap_gen] 210341 bin pairs
[M::blind-gpu] prepared pair buffers: n_diploid=5266 n_pairs=215466 n_block_keys=420848 n_steps=100
[I::fdg-gpu] blocklist CSR ready: edges=420848 avg_deg=79.92 max_deg=192
minimal P9016[1m]: write outputs to /mnt/ssd/zliu/phase3/test_res/049-20260620_103248-p9016_trans_dscale_gamma_1m/outputs/p9016_transgamma_g0p25_td0p75_seed17_best035/p9016_transgamma_g0p25_td0p75_seed17_best035
[M::hk_bmap_gen] generated 5266 beads
[M::hk_bmap_gen] 210321 bin pairs
[M::hk_bmap_gen] generated 5266 beads
[M::hk_bmap_gen] 210321 bin pairs
minimal P9016[1m]: status=OK final_entropy=0.6721642 final_pU=0.484864
minimal P9016: summary /mnt/ssd/zliu/phase3/test_res/049-20260620_103248-p9016_trans_dscale_gamma_1m/outputs/p9016_transgamma_g0p25_td0p75_seed17_best035/matrix_summary.tsv
