minimal P9016: input=/shared/zliu/CHARM/CHARM_mesc/data/pairs/P9016.pairs.gz output_root=/mnt/ssd/zliu/phase3/test_res/049-20260620_103248-p9016_trans_dscale_gamma_1m/outputs/p9016_transgamma_g1_td1_seed17_best035 config=p9016_transgamma_g1_td1_seed17_best035 baseline=softall n_iter=100 relax_steps=100 relax_step=0.012 chain=0 init_mode=unphased_scaffold_split init_eps=0.5 init_noise=0 init_scale=10 init_seed=17 min_sep=0 lambda_sep=0 lambda_copytrack=0.029999999 lambda_global_copytrack=0.003 init_coord_anchor_k=0 trans_chr_pair_prior_lambda=0 trans_chr_pair_prior_eps=0.001 trans_chr_pair_prior_power=1 trans_chr_pair_prior_warmup_iter=0 trans_chr_pair_mstep_lambda=0 trans_chr_pair_mstep_eps=0.001 trans_chr_pair_mstep_power=1 trans_chr_pair_mstep_warmup_iter=0 d_scale_mode=posterior_count d_scale_input=posterior_count d_scale_formula=n_raw*posterior_prob^1 d_scale_gamma=1 trans_d_scale_gamma=1 d_scale_eps=1e-06 trans_k_multiplier=1 trans_dscale_multiplier=1 trans_top1_mode=off trans_top1_min_pmax=1 trans_top1_min_margin=1 trans_top1_mix_weight=0 trans_gate_mode=off trans_gate_min_pmax=1 trans_gate_min_margin=1 trans_gate_min_neg_entropy=-1.3862944 readgroup_mode=off readgroup_max_segments=8 readgroup_eps=1e-06 relax_backend=gpu
minimal P9016: stage 1/1 name=1m bin_size_bp=1000000 parent=0
[M::hk_map_read] read 1703888 pairs
[M::hk_bmap_gen] generated 2633 beads
[M::hk_bmap_gen] 489556 bin pairs
minimal P9016[1m]: build binned contacts train_raw=1703888 heldout_raw=0 heldout_fraction=0
minimal P9016[1m]: init mode=unphased_scaffold_split seed=17 scale=10
[M::hk_fdg] mid_dist:1000000 max_nei:69
[M::hk_fdg1_cpu] iter:10 elapsed:0.32s rep_coef:0.2092 RMS_force:367.1874 n_rep:43.0820 energy:25.1082,6.6566,0.0049 dist:5.6169,6.6204,1.4501
[M::hk_fdg1_cpu] iter:20 elapsed:0.79s rep_coef:0.6615 RMS_force:336.9308 n_rep:157.7303 energy:7.7515,3.4068,0.0177 dist:3.4076,4.2658,1.4016
[M::hk_fdg1_cpu] iter:30 elapsed:1.74s rep_coef:0.9352 RMS_force:226.0828 n_rep:592.3505 energy:1.8327,1.0566,0.0354 dist:1.9896,2.3234,1.2554
[M::hk_fdg1_cpu] iter:40 elapsed:3.12s rep_coef:0.9907 RMS_force:132.8226 n_rep:808.7839 energy:0.5357,0.4158,0.0366 dist:1.4081,1.7237,1.2560
[M::hk_fdg1_cpu] iter:50 elapsed:4.55s rep_coef:0.9987 RMS_force:99.3491 n_rep:815.5837 energy:0.1678,0.2703,0.0325 dist:1.0643,1.6062,1.3142
minimal P9016[1m]: run softall, n_iter=100 relax_steps=100 relax_step=0.012 relax_backend=gpu
[M::hk_bmap_gen] generated 5266 beads
[M::hk_bmap_gen] 287142 bin pairs
[M::hk_bmap_gen] generated 5266 beads
[M::hk_bmap_gen] 287142 bin pairs
[M::blind-gpu] prepared pair buffers: n_diploid=5266 n_pairs=292308 n_block_keys=574524 n_steps=100
[I::fdg-gpu] blocklist CSR ready: edges=574524 avg_deg=109.10 max_deg=193
[M::hk_bmap_gen] generated 5266 beads
[M::hk_bmap_gen] 286213 bin pairs
[M::hk_bmap_gen] generated 5266 beads
[M::hk_bmap_gen] 286213 bin pairs
[M::blind-gpu] prepared pair buffers: n_diploid=5266 n_pairs=291323 n_block_keys=572550 n_steps=100
[I::fdg-gpu] blocklist CSR ready: edges=572550 avg_deg=108.73 max_deg=202
[M::hk_bmap_gen] generated 5266 beads
[M::hk_bmap_gen] 270886 bin pairs
[M::hk_bmap_gen] generated 5266 beads
[M::hk_bmap_gen] 270886 bin pairs
[M::blind-gpu] prepared pair buffers: n_diploid=5266 n_pairs=275991 n_block_keys=541884 n_steps=100
[I::fdg-gpu] blocklist CSR ready: edges=541884 avg_deg=102.90 max_deg=202
[M::hk_bmap_gen] generated 5266 beads
[M::hk_bmap_gen] 257008 bin pairs
[M::hk_bmap_gen] generated 5266 beads
[M::hk_bmap_gen] 257008 bin pairs
[M::blind-gpu] prepared pair buffers: n_diploid=5266 n_pairs=262092 n_block_keys=514092 n_steps=100
[I::fdg-gpu] blocklist CSR ready: edges=514092 avg_deg=97.62 max_deg=208
[M::hk_bmap_gen] generated 5266 beads
[M::hk_bmap_gen] 245512 bin pairs
[M::hk_bmap_gen] generated 5266 beads
[M::hk_bmap_gen] 245512 bin pairs
[M::blind-gpu] prepared pair buffers: n_diploid=5266 n_pairs=250571 n_block_keys=491054 n_steps=100
[I::fdg-gpu] blocklist CSR ready: edges=491054 avg_deg=93.25 max_deg=203
[M::hk_bmap_gen] generated 5266 beads
[M::hk_bmap_gen] 236921 bin pairs
[M::hk_bmap_gen] generated 5266 beads
[M::hk_bmap_gen] 236921 bin pairs
[M::blind-gpu] prepared pair buffers: n_diploid=5266 n_pairs=242024 n_block_keys=473962 n_steps=100
[I::fdg-gpu] blocklist CSR ready: edges=473962 avg_deg=90.00 max_deg=201
[M::hk_bmap_gen] generated 5266 beads
[M::hk_bmap_gen] 230802 bin pairs
[M::hk_bmap_gen] generated 5266 beads
[M::hk_bmap_gen] 230802 bin pairs
[M::blind-gpu] prepared pair buffers: n_diploid=5266 n_pairs=235892 n_block_keys=461702 n_steps=100
[I::fdg-gpu] blocklist CSR ready: edges=461702 avg_deg=87.68 max_deg=200
[M::hk_bmap_gen] generated 5266 beads
[M::hk_bmap_gen] 225561 bin pairs
[M::hk_bmap_gen] generated 5266 beads
[M::hk_bmap_gen] 225561 bin pairs
[M::blind-gpu] prepared pair buffers: n_diploid=5266 n_pairs=230668 n_block_keys=451250 n_steps=100
[I::fdg-gpu] blocklist CSR ready: edges=451250 avg_deg=85.69 max_deg=201
[M::hk_bmap_gen] generated 5266 beads
[M::hk_bmap_gen] 222059 bin pairs
[M::hk_bmap_gen] generated 5266 beads
[M::hk_bmap_gen] 222059 bin pairs
[M::blind-gpu] prepared pair buffers: n_diploid=5266 n_pairs=227177 n_block_keys=444264 n_steps=100
[I::fdg-gpu] blocklist CSR ready: edges=444264 avg_deg=84.36 max_deg=198
[M::hk_bmap_gen] generated 5266 beads
[M::hk_bmap_gen] 219616 bin pairs
[M::hk_bmap_gen] generated 5266 beads
[M::hk_bmap_gen] 219616 bin pairs
[M::blind-gpu] prepared pair buffers: n_diploid=5266 n_pairs=224741 n_block_keys=439398 n_steps=100
[I::fdg-gpu] blocklist CSR ready: edges=439398 avg_deg=83.44 max_deg=194
[M::hk_bmap_gen] generated 5266 beads
[M::hk_bmap_gen] 217543 bin pairs
[M::hk_bmap_gen] generated 5266 beads
[M::hk_bmap_gen] 217543 bin pairs
[M::blind-gpu] prepared pair buffers: n_diploid=5266 n_pairs=222674 n_block_keys=435266 n_steps=100
[I::fdg-gpu] blocklist CSR ready: edges=435266 avg_deg=82.66 max_deg=194
[M::hk_bmap_gen] generated 5266 beads
[M::hk_bmap_gen] 216719 bin pairs
[M::hk_bmap_gen] generated 5266 beads
[M::hk_bmap_gen] 216719 bin pairs
[M::blind-gpu] prepared pair buffers: n_diploid=5266 n_pairs=221844 n_block_keys=433600 n_steps=100
[I::fdg-gpu] blocklist CSR ready: edges=433600 avg_deg=82.34 max_deg=186
[M::hk_bmap_gen] generated 5266 beads
[M::hk_bmap_gen] 216368 bin pairs
[M::hk_bmap_gen] generated 5266 beads
[M::hk_bmap_gen] 216368 bin pairs
[M::blind-gpu] prepared pair buffers: n_diploid=5266 n_pairs=221476 n_block_keys=432866 n_steps=100
[I::fdg-gpu] blocklist CSR ready: edges=432866 avg_deg=82.20 max_deg=184
[M::hk_bmap_gen] generated 5266 beads
[M::hk_bmap_gen] 216154 bin pairs
[M::hk_bmap_gen] generated 5266 beads
[M::hk_bmap_gen] 216154 bin pairs
[M::blind-gpu] prepared pair buffers: n_diploid=5266 n_pairs=221284 n_block_keys=432474 n_steps=100
[I::fdg-gpu] blocklist CSR ready: edges=432474 avg_deg=82.13 max_deg=183
[M::hk_bmap_gen] generated 5266 beads
[M::hk_bmap_gen] 216153 bin pairs
[M::hk_bmap_gen] generated 5266 beads
[M::hk_bmap_gen] 216153 bin pairs
[M::blind-gpu] prepared pair buffers: n_diploid=5266 n_pairs=221296 n_block_keys=432500 n_steps=100
[I::fdg-gpu] blocklist CSR ready: edges=432500 avg_deg=82.13 max_deg=183
[M::hk_bmap_gen] generated 5266 beads
[M::hk_bmap_gen] 216084 bin pairs
[M::hk_bmap_gen] generated 5266 beads
[M::hk_bmap_gen] 216084 bin pairs
[M::blind-gpu] prepared pair buffers: n_diploid=5266 n_pairs=221219 n_block_keys=432352 n_steps=100
[I::fdg-gpu] blocklist CSR ready: edges=432352 avg_deg=82.10 max_deg=180
[M::hk_bmap_gen] generated 5266 beads
[M::hk_bmap_gen] 216113 bin pairs
[M::hk_bmap_gen] generated 5266 beads
[M::hk_bmap_gen] 216113 bin pairs
[M::blind-gpu] prepared pair buffers: n_diploid=5266 n_pairs=221253 n_block_keys=432412 n_steps=100
[I::fdg-gpu] blocklist CSR ready: edges=432412 avg_deg=82.11 max_deg=181
[M::hk_bmap_gen] generated 5266 beads
[M::hk_bmap_gen] 216029 bin pairs
[M::hk_bmap_gen] generated 5266 beads
[M::hk_bmap_gen] 216029 bin pairs
[M::blind-gpu] prepared pair buffers: n_diploid=5266 n_pairs=221170 n_block_keys=432244 n_steps=100
[I::fdg-gpu] blocklist CSR ready: edges=432244 avg_deg=82.08 max_deg=181
[M::hk_bmap_gen] generated 5266 beads
[M::hk_bmap_gen] 215887 bin pairs
[M::hk_bmap_gen] generated 5266 beads
[M::hk_bmap_gen] 215887 bin pairs
[M::blind-gpu] prepared pair buffers: n_diploid=5266 n_pairs=221025 n_block_keys=431954 n_steps=100
[I::fdg-gpu] blocklist CSR ready: edges=431954 avg_deg=82.03 max_deg=181
[M::hk_bmap_gen] generated 5266 beads
[M::hk_bmap_gen] 215703 bin pairs
[M::hk_bmap_gen] generated 5266 beads
[M::hk_bmap_gen] 215703 bin pairs
[M::blind-gpu] prepared pair buffers: n_diploid=5266 n_pairs=220830 n_block_keys=431564 n_steps=100
[I::fdg-gpu] blocklist CSR ready: edges=431564 avg_deg=81.95 max_deg=181
[M::hk_bmap_gen] generated 5266 beads
[M::hk_bmap_gen] 215530 bin pairs
[M::hk_bmap_gen] generated 5266 beads
[M::hk_bmap_gen] 215530 bin pairs
[M::blind-gpu] prepared pair buffers: n_diploid=5266 n_pairs=220678 n_block_keys=431262 n_steps=100
[I::fdg-gpu] blocklist CSR ready: edges=431262 avg_deg=81.90 max_deg=181
[M::hk_bmap_gen] generated 5266 beads
[M::hk_bmap_gen] 215435 bin pairs
[M::hk_bmap_gen] generated 5266 beads
[M::hk_bmap_gen] 215435 bin pairs
[M::blind-gpu] prepared pair buffers: n_diploid=5266 n_pairs=220587 n_block_keys=431078 n_steps=100
[I::fdg-gpu] blocklist CSR ready: edges=431078 avg_deg=81.86 max_deg=181
[M::hk_bmap_gen] generated 5266 beads
[M::hk_bmap_gen] 215543 bin pairs
[M::hk_bmap_gen] generated 5266 beads
[M::hk_bmap_gen] 215543 bin pairs
[M::blind-gpu] prepared pair buffers: n_diploid=5266 n_pairs=220685 n_block_keys=431276 n_steps=100
[I::fdg-gpu] blocklist CSR ready: edges=431276 avg_deg=81.90 max_deg=181
[M::hk_bmap_gen] generated 5266 beads
[M::hk_bmap_gen] 215508 bin pairs
[M::hk_bmap_gen] generated 5266 beads
[M::hk_bmap_gen] 215508 bin pairs
[M::blind-gpu] prepared pair buffers: n_diploid=5266 n_pairs=220649 n_block_keys=431206 n_steps=100
[I::fdg-gpu] blocklist CSR ready: edges=431206 avg_deg=81.88 max_deg=181
[M::hk_bmap_gen] generated 5266 beads
[M::hk_bmap_gen] 215323 bin pairs
[M::hk_bmap_gen] generated 5266 beads
[M::hk_bmap_gen] 215323 bin pairs
[M::blind-gpu] prepared pair buffers: n_diploid=5266 n_pairs=220466 n_block_keys=430842 n_steps=100
[I::fdg-gpu] blocklist CSR ready: edges=430842 avg_deg=81.82 max_deg=181
[M::hk_bmap_gen] generated 5266 beads
[M::hk_bmap_gen] 215256 bin pairs
[M::hk_bmap_gen] generated 5266 beads
[M::hk_bmap_gen] 215256 bin pairs
[M::blind-gpu] prepared pair buffers: n_diploid=5266 n_pairs=220405 n_block_keys=430718 n_steps=100
[I::fdg-gpu] blocklist CSR ready: edges=430718 avg_deg=81.79 max_deg=181
[M::hk_bmap_gen] generated 5266 beads
[M::hk_bmap_gen] 215103 bin pairs
[M::hk_bmap_gen] generated 5266 beads
[M::hk_bmap_gen] 215103 bin pairs
[M::blind-gpu] prepared pair buffers: n_diploid=5266 n_pairs=220247 n_block_keys=430402 n_steps=100
[I::fdg-gpu] blocklist CSR ready: edges=430402 avg_deg=81.73 max_deg=182
[M::hk_bmap_gen] generated 5266 beads
[M::hk_bmap_gen] 215058 bin pairs
[M::hk_bmap_gen] generated 5266 beads
[M::hk_bmap_gen] 215058 bin pairs
[M::blind-gpu] prepared pair buffers: n_diploid=5266 n_pairs=220206 n_block_keys=430320 n_steps=100
[I::fdg-gpu] blocklist CSR ready: edges=430320 avg_deg=81.72 max_deg=182
[M::hk_bmap_gen] generated 5266 beads
[M::hk_bmap_gen] 215081 bin pairs
[M::hk_bmap_gen] generated 5266 beads
[M::hk_bmap_gen] 215081 bin pairs
[M::blind-gpu] prepared pair buffers: n_diploid=5266 n_pairs=220234 n_block_keys=430378 n_steps=100
[I::fdg-gpu] blocklist CSR ready: edges=430378 avg_deg=81.73 max_deg=182
[M::hk_bmap_gen] generated 5266 beads
[M::hk_bmap_gen] 215071 bin pairs
[M::hk_bmap_gen] generated 5266 beads
[M::hk_bmap_gen] 215071 bin pairs
[M::blind-gpu] prepared pair buffers: n_diploid=5266 n_pairs=220231 n_block_keys=430372 n_steps=100
[I::fdg-gpu] blocklist CSR ready: edges=430372 avg_deg=81.73 max_deg=182
[M::hk_bmap_gen] generated 5266 beads
[M::hk_bmap_gen] 214923 bin pairs
[M::hk_bmap_gen] generated 5266 beads
[M::hk_bmap_gen] 214923 bin pairs
[M::blind-gpu] prepared pair buffers: n_diploid=5266 n_pairs=220082 n_block_keys=430076 n_steps=100
[I::fdg-gpu] blocklist CSR ready: edges=430076 avg_deg=81.67 max_deg=182
[M::hk_bmap_gen] generated 5266 beads
[M::hk_bmap_gen] 214924 bin pairs
[M::hk_bmap_gen] generated 5266 beads
[M::hk_bmap_gen] 214924 bin pairs
[M::blind-gpu] prepared pair buffers: n_diploid=5266 n_pairs=220073 n_block_keys=430060 n_steps=100
[I::fdg-gpu] blocklist CSR ready: edges=430060 avg_deg=81.67 max_deg=182
[M::hk_bmap_gen] generated 5266 beads
[M::hk_bmap_gen] 214959 bin pairs
[M::hk_bmap_gen] generated 5266 beads
[M::hk_bmap_gen] 214959 bin pairs
[M::blind-gpu] prepared pair buffers: n_diploid=5266 n_pairs=220100 n_block_keys=430114 n_steps=100
[I::fdg-gpu] blocklist CSR ready: edges=430114 avg_deg=81.68 max_deg=182
[M::hk_bmap_gen] generated 5266 beads
[M::hk_bmap_gen] 214919 bin pairs
[M::hk_bmap_gen] generated 5266 beads
[M::hk_bmap_gen] 214919 bin pairs
[M::blind-gpu] prepared pair buffers: n_diploid=5266 n_pairs=220055 n_block_keys=430022 n_steps=100
[I::fdg-gpu] blocklist CSR ready: edges=430022 avg_deg=81.66 max_deg=182
[M::hk_bmap_gen] generated 5266 beads
[M::hk_bmap_gen] 214767 bin pairs
[M::hk_bmap_gen] generated 5266 beads
[M::hk_bmap_gen] 214767 bin pairs
[M::blind-gpu] prepared pair buffers: n_diploid=5266 n_pairs=219903 n_block_keys=429714 n_steps=100
[I::fdg-gpu] blocklist CSR ready: edges=429714 avg_deg=81.60 max_deg=181
[M::hk_bmap_gen] generated 5266 beads
[M::hk_bmap_gen] 214700 bin pairs
[M::hk_bmap_gen] generated 5266 beads
[M::hk_bmap_gen] 214700 bin pairs
[M::blind-gpu] prepared pair buffers: n_diploid=5266 n_pairs=219842 n_block_keys=429590 n_steps=100
[I::fdg-gpu] blocklist CSR ready: edges=429590 avg_deg=81.58 max_deg=183
[M::hk_bmap_gen] generated 5266 beads
[M::hk_bmap_gen] 214566 bin pairs
[M::hk_bmap_gen] generated 5266 beads
[M::hk_bmap_gen] 214566 bin pairs
[M::blind-gpu] prepared pair buffers: n_diploid=5266 n_pairs=219716 n_block_keys=429342 n_steps=100
[I::fdg-gpu] blocklist CSR ready: edges=429342 avg_deg=81.53 max_deg=184
[M::hk_bmap_gen] generated 5266 beads
[M::hk_bmap_gen] 214526 bin pairs
[M::hk_bmap_gen] generated 5266 beads
[M::hk_bmap_gen] 214526 bin pairs
[M::blind-gpu] prepared pair buffers: n_diploid=5266 n_pairs=219685 n_block_keys=429280 n_steps=100
[I::fdg-gpu] blocklist CSR ready: edges=429280 avg_deg=81.52 max_deg=184
[M::hk_bmap_gen] generated 5266 beads
[M::hk_bmap_gen] 214509 bin pairs
[M::hk_bmap_gen] generated 5266 beads
[M::hk_bmap_gen] 214509 bin pairs
[M::blind-gpu] prepared pair buffers: n_diploid=5266 n_pairs=219661 n_block_keys=429226 n_steps=100
[I::fdg-gpu] blocklist CSR ready: edges=429226 avg_deg=81.51 max_deg=183
[M::hk_bmap_gen] generated 5266 beads
[M::hk_bmap_gen] 214504 bin pairs
[M::hk_bmap_gen] generated 5266 beads
[M::hk_bmap_gen] 214504 bin pairs
[M::blind-gpu] prepared pair buffers: n_diploid=5266 n_pairs=219663 n_block_keys=429230 n_steps=100
[I::fdg-gpu] blocklist CSR ready: edges=429230 avg_deg=81.51 max_deg=181
[M::hk_bmap_gen] generated 5266 beads
[M::hk_bmap_gen] 214477 bin pairs
[M::hk_bmap_gen] generated 5266 beads
[M::hk_bmap_gen] 214477 bin pairs
[M::blind-gpu] prepared pair buffers: n_diploid=5266 n_pairs=219628 n_block_keys=429160 n_steps=100
[I::fdg-gpu] blocklist CSR ready: edges=429160 avg_deg=81.50 max_deg=181
[M::hk_bmap_gen] generated 5266 beads
[M::hk_bmap_gen] 214392 bin pairs
[M::hk_bmap_gen] generated 5266 beads
[M::hk_bmap_gen] 214392 bin pairs
[M::blind-gpu] prepared pair buffers: n_diploid=5266 n_pairs=219552 n_block_keys=429010 n_steps=100
[I::fdg-gpu] blocklist CSR ready: edges=429010 avg_deg=81.47 max_deg=181
[M::hk_bmap_gen] generated 5266 beads
[M::hk_bmap_gen] 214312 bin pairs
[M::hk_bmap_gen] generated 5266 beads
[M::hk_bmap_gen] 214312 bin pairs
[M::blind-gpu] prepared pair buffers: n_diploid=5266 n_pairs=219467 n_block_keys=428840 n_steps=100
[I::fdg-gpu] blocklist CSR ready: edges=428840 avg_deg=81.44 max_deg=181
[M::hk_bmap_gen] generated 5266 beads
[M::hk_bmap_gen] 214269 bin pairs
[M::hk_bmap_gen] generated 5266 beads
[M::hk_bmap_gen] 214269 bin pairs
[M::blind-gpu] prepared pair buffers: n_diploid=5266 n_pairs=219417 n_block_keys=428740 n_steps=100
[I::fdg-gpu] blocklist CSR ready: edges=428740 avg_deg=81.42 max_deg=181
[M::hk_bmap_gen] generated 5266 beads
[M::hk_bmap_gen] 214258 bin pairs
[M::hk_bmap_gen] generated 5266 beads
[M::hk_bmap_gen] 214258 bin pairs
[M::blind-gpu] prepared pair buffers: n_diploid=5266 n_pairs=219401 n_block_keys=428708 n_steps=100
[I::fdg-gpu] blocklist CSR ready: edges=428708 avg_deg=81.41 max_deg=181
[M::hk_bmap_gen] generated 5266 beads
[M::hk_bmap_gen] 214204 bin pairs
[M::hk_bmap_gen] generated 5266 beads
[M::hk_bmap_gen] 214204 bin pairs
[M::blind-gpu] prepared pair buffers: n_diploid=5266 n_pairs=219352 n_block_keys=428610 n_steps=100
[I::fdg-gpu] blocklist CSR ready: edges=428610 avg_deg=81.39 max_deg=180
[M::hk_bmap_gen] generated 5266 beads
[M::hk_bmap_gen] 214171 bin pairs
[M::hk_bmap_gen] generated 5266 beads
[M::hk_bmap_gen] 214171 bin pairs
[M::blind-gpu] prepared pair buffers: n_diploid=5266 n_pairs=219318 n_block_keys=428542 n_steps=100
[I::fdg-gpu] blocklist CSR ready: edges=428542 avg_deg=81.38 max_deg=180
[M::hk_bmap_gen] generated 5266 beads
[M::hk_bmap_gen] 214131 bin pairs
[M::hk_bmap_gen] generated 5266 beads
[M::hk_bmap_gen] 214131 bin pairs
[M::blind-gpu] prepared pair buffers: n_diploid=5266 n_pairs=219279 n_block_keys=428464 n_steps=100
[I::fdg-gpu] blocklist CSR ready: edges=428464 avg_deg=81.36 max_deg=180
[M::hk_bmap_gen] generated 5266 beads
[M::hk_bmap_gen] 214032 bin pairs
[M::hk_bmap_gen] generated 5266 beads
[M::hk_bmap_gen] 214032 bin pairs
[M::blind-gpu] prepared pair buffers: n_diploid=5266 n_pairs=219172 n_block_keys=428250 n_steps=100
[I::fdg-gpu] blocklist CSR ready: edges=428250 avg_deg=81.32 max_deg=181
[M::hk_bmap_gen] generated 5266 beads
[M::hk_bmap_gen] 214014 bin pairs
[M::hk_bmap_gen] generated 5266 beads
[M::hk_bmap_gen] 214014 bin pairs
[M::blind-gpu] prepared pair buffers: n_diploid=5266 n_pairs=219153 n_block_keys=428212 n_steps=100
[I::fdg-gpu] blocklist CSR ready: edges=428212 avg_deg=81.32 max_deg=181
[M::hk_bmap_gen] generated 5266 beads
[M::hk_bmap_gen] 213962 bin pairs
[M::hk_bmap_gen] generated 5266 beads
[M::hk_bmap_gen] 213962 bin pairs
[M::blind-gpu] prepared pair buffers: n_diploid=5266 n_pairs=219100 n_block_keys=428106 n_steps=100
[I::fdg-gpu] blocklist CSR ready: edges=428106 avg_deg=81.30 max_deg=181
[M::hk_bmap_gen] generated 5266 beads
[M::hk_bmap_gen] 213897 bin pairs
[M::hk_bmap_gen] generated 5266 beads
[M::hk_bmap_gen] 213897 bin pairs
[M::blind-gpu] prepared pair buffers: n_diploid=5266 n_pairs=219039 n_block_keys=427982 n_steps=100
[I::fdg-gpu] blocklist CSR ready: edges=427982 avg_deg=81.27 max_deg=181
[M::hk_bmap_gen] generated 5266 beads
[M::hk_bmap_gen] 213846 bin pairs
[M::hk_bmap_gen] generated 5266 beads
[M::hk_bmap_gen] 213846 bin pairs
[M::blind-gpu] prepared pair buffers: n_diploid=5266 n_pairs=218983 n_block_keys=427872 n_steps=100
[I::fdg-gpu] blocklist CSR ready: edges=427872 avg_deg=81.25 max_deg=181
[M::hk_bmap_gen] generated 5266 beads
[M::hk_bmap_gen] 213791 bin pairs
[M::hk_bmap_gen] generated 5266 beads
[M::hk_bmap_gen] 213791 bin pairs
[M::blind-gpu] prepared pair buffers: n_diploid=5266 n_pairs=218920 n_block_keys=427746 n_steps=100
[I::fdg-gpu] blocklist CSR ready: edges=427746 avg_deg=81.23 max_deg=181
[M::hk_bmap_gen] generated 5266 beads
[M::hk_bmap_gen] 213798 bin pairs
[M::hk_bmap_gen] generated 5266 beads
[M::hk_bmap_gen] 213798 bin pairs
[M::blind-gpu] prepared pair buffers: n_diploid=5266 n_pairs=218929 n_block_keys=427764 n_steps=100
[I::fdg-gpu] blocklist CSR ready: edges=427764 avg_deg=81.23 max_deg=182
[M::hk_bmap_gen] generated 5266 beads
[M::hk_bmap_gen] 213735 bin pairs
[M::hk_bmap_gen] generated 5266 beads
[M::hk_bmap_gen] 213735 bin pairs
[M::blind-gpu] prepared pair buffers: n_diploid=5266 n_pairs=218873 n_block_keys=427652 n_steps=100
[I::fdg-gpu] blocklist CSR ready: edges=427652 avg_deg=81.21 max_deg=182
[M::hk_bmap_gen] generated 5266 beads
[M::hk_bmap_gen] 213767 bin pairs
[M::hk_bmap_gen] generated 5266 beads
[M::hk_bmap_gen] 213767 bin pairs
[M::blind-gpu] prepared pair buffers: n_diploid=5266 n_pairs=218907 n_block_keys=427720 n_steps=100
[I::fdg-gpu] blocklist CSR ready: edges=427720 avg_deg=81.22 max_deg=182
[M::hk_bmap_gen] generated 5266 beads
[M::hk_bmap_gen] 213715 bin pairs
[M::hk_bmap_gen] generated 5266 beads
[M::hk_bmap_gen] 213715 bin pairs
[M::blind-gpu] prepared pair buffers: n_diploid=5266 n_pairs=218851 n_block_keys=427608 n_steps=100
[I::fdg-gpu] blocklist CSR ready: edges=427608 avg_deg=81.20 max_deg=182
[M::hk_bmap_gen] generated 5266 beads
[M::hk_bmap_gen] 213683 bin pairs
[M::hk_bmap_gen] generated 5266 beads
[M::hk_bmap_gen] 213683 bin pairs
[M::blind-gpu] prepared pair buffers: n_diploid=5266 n_pairs=218822 n_block_keys=427550 n_steps=100
[I::fdg-gpu] blocklist CSR ready: edges=427550 avg_deg=81.19 max_deg=182
[M::hk_bmap_gen] generated 5266 beads
[M::hk_bmap_gen] 213652 bin pairs
[M::hk_bmap_gen] generated 5266 beads
[M::hk_bmap_gen] 213652 bin pairs
[M::blind-gpu] prepared pair buffers: n_diploid=5266 n_pairs=218793 n_block_keys=427494 n_steps=100
[I::fdg-gpu] blocklist CSR ready: edges=427494 avg_deg=81.18 max_deg=182
[M::hk_bmap_gen] generated 5266 beads
[M::hk_bmap_gen] 213678 bin pairs
[M::hk_bmap_gen] generated 5266 beads
[M::hk_bmap_gen] 213678 bin pairs
[M::blind-gpu] prepared pair buffers: n_diploid=5266 n_pairs=218823 n_block_keys=427554 n_steps=100
[I::fdg-gpu] blocklist CSR ready: edges=427554 avg_deg=81.19 max_deg=183
[M::hk_bmap_gen] generated 5266 beads
[M::hk_bmap_gen] 213666 bin pairs
[M::hk_bmap_gen] generated 5266 beads
[M::hk_bmap_gen] 213666 bin pairs
[M::blind-gpu] prepared pair buffers: n_diploid=5266 n_pairs=218818 n_block_keys=427544 n_steps=100
[I::fdg-gpu] blocklist CSR ready: edges=427544 avg_deg=81.19 max_deg=183
[M::hk_bmap_gen] generated 5266 beads
[M::hk_bmap_gen] 213654 bin pairs
[M::hk_bmap_gen] generated 5266 beads
[M::hk_bmap_gen] 213654 bin pairs
[M::blind-gpu] prepared pair buffers: n_diploid=5266 n_pairs=218805 n_block_keys=427518 n_steps=100
[I::fdg-gpu] blocklist CSR ready: edges=427518 avg_deg=81.18 max_deg=183
[M::hk_bmap_gen] generated 5266 beads
[M::hk_bmap_gen] 213650 bin pairs
[M::hk_bmap_gen] generated 5266 beads
[M::hk_bmap_gen] 213650 bin pairs
[M::blind-gpu] prepared pair buffers: n_diploid=5266 n_pairs=218794 n_block_keys=427496 n_steps=100
[I::fdg-gpu] blocklist CSR ready: edges=427496 avg_deg=81.18 max_deg=183
[M::hk_bmap_gen] generated 5266 beads
[M::hk_bmap_gen] 213654 bin pairs
[M::hk_bmap_gen] generated 5266 beads
[M::hk_bmap_gen] 213654 bin pairs
[M::blind-gpu] prepared pair buffers: n_diploid=5266 n_pairs=218800 n_block_keys=427508 n_steps=100
[I::fdg-gpu] blocklist CSR ready: edges=427508 avg_deg=81.18 max_deg=183
[M::hk_bmap_gen] generated 5266 beads
[M::hk_bmap_gen] 213646 bin pairs
[M::hk_bmap_gen] generated 5266 beads
[M::hk_bmap_gen] 213646 bin pairs
[M::blind-gpu] prepared pair buffers: n_diploid=5266 n_pairs=218801 n_block_keys=427510 n_steps=100
[I::fdg-gpu] blocklist CSR ready: edges=427510 avg_deg=81.18 max_deg=183
[M::hk_bmap_gen] generated 5266 beads
[M::hk_bmap_gen] 213631 bin pairs
[M::hk_bmap_gen] generated 5266 beads
[M::hk_bmap_gen] 213631 bin pairs
[M::blind-gpu] prepared pair buffers: n_diploid=5266 n_pairs=218783 n_block_keys=427474 n_steps=100
[I::fdg-gpu] blocklist CSR ready: edges=427474 avg_deg=81.18 max_deg=183
[M::hk_bmap_gen] generated 5266 beads
[M::hk_bmap_gen] 213648 bin pairs
[M::hk_bmap_gen] generated 5266 beads
[M::hk_bmap_gen] 213648 bin pairs
[M::blind-gpu] prepared pair buffers: n_diploid=5266 n_pairs=218800 n_block_keys=427508 n_steps=100
[I::fdg-gpu] blocklist CSR ready: edges=427508 avg_deg=81.18 max_deg=183
[M::hk_bmap_gen] generated 5266 beads
[M::hk_bmap_gen] 213655 bin pairs
[M::hk_bmap_gen] generated 5266 beads
[M::hk_bmap_gen] 213655 bin pairs
[M::blind-gpu] prepared pair buffers: n_diploid=5266 n_pairs=218810 n_block_keys=427526 n_steps=100
[I::fdg-gpu] blocklist CSR ready: edges=427526 avg_deg=81.19 max_deg=183
[M::hk_bmap_gen] generated 5266 beads
[M::hk_bmap_gen] 213636 bin pairs
[M::hk_bmap_gen] generated 5266 beads
[M::hk_bmap_gen] 213636 bin pairs
[M::blind-gpu] prepared pair buffers: n_diploid=5266 n_pairs=218785 n_block_keys=427476 n_steps=100
[I::fdg-gpu] blocklist CSR ready: edges=427476 avg_deg=81.18 max_deg=183
[M::hk_bmap_gen] generated 5266 beads
[M::hk_bmap_gen] 213653 bin pairs
[M::hk_bmap_gen] generated 5266 beads
[M::hk_bmap_gen] 213653 bin pairs
[M::blind-gpu] prepared pair buffers: n_diploid=5266 n_pairs=218797 n_block_keys=427502 n_steps=100
[I::fdg-gpu] blocklist CSR ready: edges=427502 avg_deg=81.18 max_deg=183
[M::hk_bmap_gen] generated 5266 beads
[M::hk_bmap_gen] 213673 bin pairs
[M::hk_bmap_gen] generated 5266 beads
[M::hk_bmap_gen] 213673 bin pairs
[M::blind-gpu] prepared pair buffers: n_diploid=5266 n_pairs=218821 n_block_keys=427550 n_steps=100
[I::fdg-gpu] blocklist CSR ready: edges=427550 avg_deg=81.19 max_deg=181
[M::hk_bmap_gen] generated 5266 beads
[M::hk_bmap_gen] 213686 bin pairs
[M::hk_bmap_gen] generated 5266 beads
[M::hk_bmap_gen] 213686 bin pairs
[M::blind-gpu] prepared pair buffers: n_diploid=5266 n_pairs=218840 n_block_keys=427588 n_steps=100
[I::fdg-gpu] blocklist CSR ready: edges=427588 avg_deg=81.20 max_deg=181
[M::hk_bmap_gen] generated 5266 beads
[M::hk_bmap_gen] 213680 bin pairs
[M::hk_bmap_gen] generated 5266 beads
[M::hk_bmap_gen] 213680 bin pairs
[M::blind-gpu] prepared pair buffers: n_diploid=5266 n_pairs=218833 n_block_keys=427574 n_steps=100
[I::fdg-gpu] blocklist CSR ready: edges=427574 avg_deg=81.20 max_deg=181
[M::hk_bmap_gen] generated 5266 beads
[M::hk_bmap_gen] 213657 bin pairs
[M::hk_bmap_gen] generated 5266 beads
[M::hk_bmap_gen] 213657 bin pairs
[M::blind-gpu] prepared pair buffers: n_diploid=5266 n_pairs=218804 n_block_keys=427518 n_steps=100
[I::fdg-gpu] blocklist CSR ready: edges=427518 avg_deg=81.18 max_deg=181
[M::hk_bmap_gen] generated 5266 beads
[M::hk_bmap_gen] 213647 bin pairs
[M::hk_bmap_gen] generated 5266 beads
[M::hk_bmap_gen] 213647 bin pairs
[M::blind-gpu] prepared pair buffers: n_diploid=5266 n_pairs=218799 n_block_keys=427508 n_steps=100
[I::fdg-gpu] blocklist CSR ready: edges=427508 avg_deg=81.18 max_deg=181
[M::hk_bmap_gen] generated 5266 beads
[M::hk_bmap_gen] 213647 bin pairs
[M::hk_bmap_gen] generated 5266 beads
[M::hk_bmap_gen] 213647 bin pairs
[M::blind-gpu] prepared pair buffers: n_diploid=5266 n_pairs=218800 n_block_keys=427510 n_steps=100
[I::fdg-gpu] blocklist CSR ready: edges=427510 avg_deg=81.18 max_deg=181
[M::hk_bmap_gen] generated 5266 beads
[M::hk_bmap_gen] 213667 bin pairs
[M::hk_bmap_gen] generated 5266 beads
[M::hk_bmap_gen] 213667 bin pairs
[M::blind-gpu] prepared pair buffers: n_diploid=5266 n_pairs=218822 n_block_keys=427554 n_steps=100
[I::fdg-gpu] blocklist CSR ready: edges=427554 avg_deg=81.19 max_deg=181
[M::hk_bmap_gen] generated 5266 beads
[M::hk_bmap_gen] 213659 bin pairs
[M::hk_bmap_gen] generated 5266 beads
[M::hk_bmap_gen] 213659 bin pairs
[M::blind-gpu] prepared pair buffers: n_diploid=5266 n_pairs=218816 n_block_keys=427542 n_steps=100
[I::fdg-gpu] blocklist CSR ready: edges=427542 avg_deg=81.19 max_deg=181
[M::hk_bmap_gen] generated 5266 beads
[M::hk_bmap_gen] 213655 bin pairs
[M::hk_bmap_gen] generated 5266 beads
[M::hk_bmap_gen] 213655 bin pairs
[M::blind-gpu] prepared pair buffers: n_diploid=5266 n_pairs=218807 n_block_keys=427524 n_steps=100
[I::fdg-gpu] blocklist CSR ready: edges=427524 avg_deg=81.19 max_deg=181
[M::hk_bmap_gen] generated 5266 beads
[M::hk_bmap_gen] 213679 bin pairs
[M::hk_bmap_gen] generated 5266 beads
[M::hk_bmap_gen] 213679 bin pairs
[M::blind-gpu] prepared pair buffers: n_diploid=5266 n_pairs=218830 n_block_keys=427570 n_steps=100
[I::fdg-gpu] blocklist CSR ready: edges=427570 avg_deg=81.19 max_deg=181
[M::hk_bmap_gen] generated 5266 beads
[M::hk_bmap_gen] 213653 bin pairs
[M::hk_bmap_gen] generated 5266 beads
[M::hk_bmap_gen] 213653 bin pairs
[M::blind-gpu] prepared pair buffers: n_diploid=5266 n_pairs=218804 n_block_keys=427518 n_steps=100
[I::fdg-gpu] blocklist CSR ready: edges=427518 avg_deg=81.18 max_deg=181
[M::hk_bmap_gen] generated 5266 beads
[M::hk_bmap_gen] 213668 bin pairs
[M::hk_bmap_gen] generated 5266 beads
[M::hk_bmap_gen] 213668 bin pairs
[M::blind-gpu] prepared pair buffers: n_diploid=5266 n_pairs=218817 n_block_keys=427544 n_steps=100
[I::fdg-gpu] blocklist CSR ready: edges=427544 avg_deg=81.19 max_deg=181
[M::hk_bmap_gen] generated 5266 beads
[M::hk_bmap_gen] 213634 bin pairs
[M::hk_bmap_gen] generated 5266 beads
[M::hk_bmap_gen] 213634 bin pairs
[M::blind-gpu] prepared pair buffers: n_diploid=5266 n_pairs=218783 n_block_keys=427476 n_steps=100
[I::fdg-gpu] blocklist CSR ready: edges=427476 avg_deg=81.18 max_deg=181
[M::hk_bmap_gen] generated 5266 beads
[M::hk_bmap_gen] 213612 bin pairs
[M::hk_bmap_gen] generated 5266 beads
[M::hk_bmap_gen] 213612 bin pairs
[M::blind-gpu] prepared pair buffers: n_diploid=5266 n_pairs=218758 n_block_keys=427426 n_steps=100
[I::fdg-gpu] blocklist CSR ready: edges=427426 avg_deg=81.17 max_deg=181
[M::hk_bmap_gen] generated 5266 beads
[M::hk_bmap_gen] 213577 bin pairs
[M::hk_bmap_gen] generated 5266 beads
[M::hk_bmap_gen] 213577 bin pairs
[M::blind-gpu] prepared pair buffers: n_diploid=5266 n_pairs=218721 n_block_keys=427352 n_steps=100
[I::fdg-gpu] blocklist CSR ready: edges=427352 avg_deg=81.15 max_deg=181
[M::hk_bmap_gen] generated 5266 beads
[M::hk_bmap_gen] 213594 bin pairs
[M::hk_bmap_gen] generated 5266 beads
[M::hk_bmap_gen] 213594 bin pairs
[M::blind-gpu] prepared pair buffers: n_diploid=5266 n_pairs=218736 n_block_keys=427382 n_steps=100
[I::fdg-gpu] blocklist CSR ready: edges=427382 avg_deg=81.16 max_deg=181
[M::hk_bmap_gen] generated 5266 beads
[M::hk_bmap_gen] 213610 bin pairs
[M::hk_bmap_gen] generated 5266 beads
[M::hk_bmap_gen] 213610 bin pairs
[M::blind-gpu] prepared pair buffers: n_diploid=5266 n_pairs=218752 n_block_keys=427414 n_steps=100
[I::fdg-gpu] blocklist CSR ready: edges=427414 avg_deg=81.16 max_deg=181
[M::hk_bmap_gen] generated 5266 beads
[M::hk_bmap_gen] 213589 bin pairs
[M::hk_bmap_gen] generated 5266 beads
[M::hk_bmap_gen] 213589 bin pairs
[M::blind-gpu] prepared pair buffers: n_diploid=5266 n_pairs=218732 n_block_keys=427374 n_steps=100
[I::fdg-gpu] blocklist CSR ready: edges=427374 avg_deg=81.16 max_deg=181
[M::hk_bmap_gen] generated 5266 beads
[M::hk_bmap_gen] 213571 bin pairs
[M::hk_bmap_gen] generated 5266 beads
[M::hk_bmap_gen] 213571 bin pairs
[M::blind-gpu] prepared pair buffers: n_diploid=5266 n_pairs=218712 n_block_keys=427334 n_steps=100
[I::fdg-gpu] blocklist CSR ready: edges=427334 avg_deg=81.15 max_deg=181
[M::hk_bmap_gen] generated 5266 beads
[M::hk_bmap_gen] 213575 bin pairs
[M::hk_bmap_gen] generated 5266 beads
[M::hk_bmap_gen] 213575 bin pairs
[M::blind-gpu] prepared pair buffers: n_diploid=5266 n_pairs=218715 n_block_keys=427340 n_steps=100
[I::fdg-gpu] blocklist CSR ready: edges=427340 avg_deg=81.15 max_deg=181
[M::hk_bmap_gen] generated 5266 beads
[M::hk_bmap_gen] 213581 bin pairs
[M::hk_bmap_gen] generated 5266 beads
[M::hk_bmap_gen] 213581 bin pairs
[M::blind-gpu] prepared pair buffers: n_diploid=5266 n_pairs=218718 n_block_keys=427346 n_steps=100
[I::fdg-gpu] blocklist CSR ready: edges=427346 avg_deg=81.15 max_deg=181
[M::hk_bmap_gen] generated 5266 beads
[M::hk_bmap_gen] 213591 bin pairs
[M::hk_bmap_gen] generated 5266 beads
[M::hk_bmap_gen] 213591 bin pairs
[M::blind-gpu] prepared pair buffers: n_diploid=5266 n_pairs=218732 n_block_keys=427374 n_steps=100
[I::fdg-gpu] blocklist CSR ready: edges=427374 avg_deg=81.16 max_deg=181
[M::hk_bmap_gen] generated 5266 beads
[M::hk_bmap_gen] 213577 bin pairs
[M::hk_bmap_gen] generated 5266 beads
[M::hk_bmap_gen] 213577 bin pairs
[M::blind-gpu] prepared pair buffers: n_diploid=5266 n_pairs=218717 n_block_keys=427344 n_steps=100
[I::fdg-gpu] blocklist CSR ready: edges=427344 avg_deg=81.15 max_deg=181
[M::hk_bmap_gen] generated 5266 beads
[M::hk_bmap_gen] 213561 bin pairs
[M::hk_bmap_gen] generated 5266 beads
[M::hk_bmap_gen] 213561 bin pairs
[M::blind-gpu] prepared pair buffers: n_diploid=5266 n_pairs=218706 n_block_keys=427322 n_steps=100
[I::fdg-gpu] blocklist CSR ready: edges=427322 avg_deg=81.15 max_deg=181
[M::hk_bmap_gen] generated 5266 beads
[M::hk_bmap_gen] 213553 bin pairs
[M::hk_bmap_gen] generated 5266 beads
[M::hk_bmap_gen] 213553 bin pairs
[M::blind-gpu] prepared pair buffers: n_diploid=5266 n_pairs=218697 n_block_keys=427304 n_steps=100
[I::fdg-gpu] blocklist CSR ready: edges=427304 avg_deg=81.14 max_deg=181
[M::hk_bmap_gen] generated 5266 beads
[M::hk_bmap_gen] 213562 bin pairs
[M::hk_bmap_gen] generated 5266 beads
[M::hk_bmap_gen] 213562 bin pairs
[M::blind-gpu] prepared pair buffers: n_diploid=5266 n_pairs=218704 n_block_keys=427318 n_steps=100
[I::fdg-gpu] blocklist CSR ready: edges=427318 avg_deg=81.15 max_deg=181
[M::hk_bmap_gen] generated 5266 beads
[M::hk_bmap_gen] 213560 bin pairs
[M::hk_bmap_gen] generated 5266 beads
[M::hk_bmap_gen] 213560 bin pairs
[M::blind-gpu] prepared pair buffers: n_diploid=5266 n_pairs=218703 n_block_keys=427316 n_steps=100
[I::fdg-gpu] blocklist CSR ready: edges=427316 avg_deg=81.15 max_deg=181
[M::hk_bmap_gen] generated 5266 beads
[M::hk_bmap_gen] 213532 bin pairs
[M::hk_bmap_gen] generated 5266 beads
[M::hk_bmap_gen] 213532 bin pairs
[M::blind-gpu] prepared pair buffers: n_diploid=5266 n_pairs=218678 n_block_keys=427266 n_steps=100
[I::fdg-gpu] blocklist CSR ready: edges=427266 avg_deg=81.14 max_deg=180
[M::hk_bmap_gen] generated 5266 beads
[M::hk_bmap_gen] 213516 bin pairs
[M::hk_bmap_gen] generated 5266 beads
[M::hk_bmap_gen] 213516 bin pairs
[M::blind-gpu] prepared pair buffers: n_diploid=5266 n_pairs=218666 n_block_keys=427242 n_steps=100
[I::fdg-gpu] blocklist CSR ready: edges=427242 avg_deg=81.13 max_deg=180
minimal P9016[1m]: write outputs to /mnt/ssd/zliu/phase3/test_res/049-20260620_103248-p9016_trans_dscale_gamma_1m/outputs/p9016_transgamma_g1_td1_seed17_best035/p9016_transgamma_g1_td1_seed17_best035
[M::hk_bmap_gen] generated 5266 beads
[M::hk_bmap_gen] 213473 bin pairs
[M::hk_bmap_gen] generated 5266 beads
[M::hk_bmap_gen] 213473 bin pairs
minimal P9016[1m]: status=OK final_entropy=0.61283129 final_pU=0.44206434
minimal P9016: summary /mnt/ssd/zliu/phase3/test_res/049-20260620_103248-p9016_trans_dscale_gamma_1m/outputs/p9016_transgamma_g1_td1_seed17_best035/matrix_summary.tsv
