minimal P9016: input=/shared/zliu/CHARM/CHARM_mesc/data/pairs/P9016.pairs.gz output_root=/mnt/ssd/zliu/phase3/test_res/049-20260620_103248-p9016_trans_dscale_gamma_1m/outputs/p9016_transgamma_g0p75_td1_seed71_best035 config=p9016_transgamma_g0p75_td1_seed71_best035 baseline=softall n_iter=100 relax_steps=100 relax_step=0.012 chain=0 init_mode=unphased_scaffold_split init_eps=0.5 init_noise=0.050000001 init_scale=10 init_seed=71 min_sep=0 lambda_sep=0 lambda_copytrack=0.029999999 lambda_global_copytrack=0.003 init_coord_anchor_k=0 trans_chr_pair_prior_lambda=0 trans_chr_pair_prior_eps=0.001 trans_chr_pair_prior_power=1 trans_chr_pair_prior_warmup_iter=0 trans_chr_pair_mstep_lambda=0 trans_chr_pair_mstep_eps=0.001 trans_chr_pair_mstep_power=1 trans_chr_pair_mstep_warmup_iter=0 d_scale_mode=posterior_count d_scale_input=posterior_count d_scale_formula=n_raw*posterior_prob^1 d_scale_gamma=1 trans_d_scale_gamma=0.75 d_scale_eps=1e-06 trans_k_multiplier=1 trans_dscale_multiplier=1 trans_top1_mode=off trans_top1_min_pmax=1 trans_top1_min_margin=1 trans_top1_mix_weight=0 trans_gate_mode=off trans_gate_min_pmax=1 trans_gate_min_margin=1 trans_gate_min_neg_entropy=-1.3862944 readgroup_mode=off readgroup_max_segments=8 readgroup_eps=1e-06 relax_backend=gpu
minimal P9016: stage 1/1 name=1m bin_size_bp=1000000 parent=0
[M::hk_map_read] read 1703888 pairs
[M::hk_bmap_gen] generated 2633 beads
[M::hk_bmap_gen] 489556 bin pairs
minimal P9016[1m]: build binned contacts train_raw=1703888 heldout_raw=0 heldout_fraction=0
minimal P9016[1m]: init mode=unphased_scaffold_split seed=71 scale=10
[M::hk_fdg] mid_dist:1000000 max_nei:69
[M::hk_fdg1_cpu] iter:10 elapsed:0.32s rep_coef:0.2092 RMS_force:367.7282 n_rep:42.9351 energy:25.4741,6.7271,0.0049 dist:5.6541,6.6698,1.4487
[M::hk_fdg1_cpu] iter:20 elapsed:0.79s rep_coef:0.6615 RMS_force:338.2522 n_rep:151.6927 energy:7.7405,3.4462,0.0177 dist:3.3961,4.2978,1.4008
[M::hk_fdg1_cpu] iter:30 elapsed:1.75s rep_coef:0.9352 RMS_force:224.8150 n_rep:590.1945 energy:1.7694,1.0665,0.0352 dist:1.9576,2.3312,1.2564
[M::hk_fdg1_cpu] iter:40 elapsed:3.14s rep_coef:0.9907 RMS_force:131.5153 n_rep:803.0726 energy:0.5225,0.4149,0.0364 dist:1.4006,1.7260,1.2593
[M::hk_fdg1_cpu] iter:50 elapsed:4.61s rep_coef:0.9987 RMS_force:108.0339 n_rep:806.6813 energy:0.2109,0.3021,0.0330 dist:1.1220,1.6404,1.3064
minimal P9016[1m]: run softall, n_iter=100 relax_steps=100 relax_step=0.012 relax_backend=gpu
[M::hk_bmap_gen] generated 5266 beads
[M::hk_bmap_gen] 286444 bin pairs
[M::hk_bmap_gen] generated 5266 beads
[M::hk_bmap_gen] 286444 bin pairs
[M::blind-gpu] prepared pair buffers: n_diploid=5266 n_pairs=291612 n_block_keys=573128 n_steps=100
[I::fdg-gpu] blocklist CSR ready: edges=573128 avg_deg=108.84 max_deg=193
[M::hk_bmap_gen] generated 5266 beads
[M::hk_bmap_gen] 286990 bin pairs
[M::hk_bmap_gen] generated 5266 beads
[M::hk_bmap_gen] 286990 bin pairs
[M::blind-gpu] prepared pair buffers: n_diploid=5266 n_pairs=292097 n_block_keys=574104 n_steps=100
[I::fdg-gpu] blocklist CSR ready: edges=574104 avg_deg=109.02 max_deg=224
[M::hk_bmap_gen] generated 5266 beads
[M::hk_bmap_gen] 272549 bin pairs
[M::hk_bmap_gen] generated 5266 beads
[M::hk_bmap_gen] 272549 bin pairs
[M::blind-gpu] prepared pair buffers: n_diploid=5266 n_pairs=277615 n_block_keys=545138 n_steps=100
[I::fdg-gpu] blocklist CSR ready: edges=545138 avg_deg=103.52 max_deg=209
[M::hk_bmap_gen] generated 5266 beads
[M::hk_bmap_gen] 257980 bin pairs
[M::hk_bmap_gen] generated 5266 beads
[M::hk_bmap_gen] 257980 bin pairs
[M::blind-gpu] prepared pair buffers: n_diploid=5266 n_pairs=263054 n_block_keys=516018 n_steps=100
[I::fdg-gpu] blocklist CSR ready: edges=516018 avg_deg=97.99 max_deg=210
[M::hk_bmap_gen] generated 5266 beads
[M::hk_bmap_gen] 246587 bin pairs
[M::hk_bmap_gen] generated 5266 beads
[M::hk_bmap_gen] 246587 bin pairs
[M::blind-gpu] prepared pair buffers: n_diploid=5266 n_pairs=251659 n_block_keys=493228 n_steps=100
[I::fdg-gpu] blocklist CSR ready: edges=493228 avg_deg=93.66 max_deg=212
[M::hk_bmap_gen] generated 5266 beads
[M::hk_bmap_gen] 237363 bin pairs
[M::hk_bmap_gen] generated 5266 beads
[M::hk_bmap_gen] 237363 bin pairs
[M::blind-gpu] prepared pair buffers: n_diploid=5266 n_pairs=242430 n_block_keys=474770 n_steps=100
[I::fdg-gpu] blocklist CSR ready: edges=474770 avg_deg=90.16 max_deg=195
[M::hk_bmap_gen] generated 5266 beads
[M::hk_bmap_gen] 230873 bin pairs
[M::hk_bmap_gen] generated 5266 beads
[M::hk_bmap_gen] 230873 bin pairs
[M::blind-gpu] prepared pair buffers: n_diploid=5266 n_pairs=235944 n_block_keys=461798 n_steps=100
[I::fdg-gpu] blocklist CSR ready: edges=461798 avg_deg=87.69 max_deg=199
[M::hk_bmap_gen] generated 5266 beads
[M::hk_bmap_gen] 226190 bin pairs
[M::hk_bmap_gen] generated 5266 beads
[M::hk_bmap_gen] 226190 bin pairs
[M::blind-gpu] prepared pair buffers: n_diploid=5266 n_pairs=231293 n_block_keys=452494 n_steps=100
[I::fdg-gpu] blocklist CSR ready: edges=452494 avg_deg=85.93 max_deg=187
[M::hk_bmap_gen] generated 5266 beads
[M::hk_bmap_gen] 223042 bin pairs
[M::hk_bmap_gen] generated 5266 beads
[M::hk_bmap_gen] 223042 bin pairs
[M::blind-gpu] prepared pair buffers: n_diploid=5266 n_pairs=228150 n_block_keys=446208 n_steps=100
[I::fdg-gpu] blocklist CSR ready: edges=446208 avg_deg=84.73 max_deg=179
[M::hk_bmap_gen] generated 5266 beads
[M::hk_bmap_gen] 221158 bin pairs
[M::hk_bmap_gen] generated 5266 beads
[M::hk_bmap_gen] 221158 bin pairs
[M::blind-gpu] prepared pair buffers: n_diploid=5266 n_pairs=226258 n_block_keys=442424 n_steps=100
[I::fdg-gpu] blocklist CSR ready: edges=442424 avg_deg=84.02 max_deg=181
[M::hk_bmap_gen] generated 5266 beads
[M::hk_bmap_gen] 219775 bin pairs
[M::hk_bmap_gen] generated 5266 beads
[M::hk_bmap_gen] 219775 bin pairs
[M::blind-gpu] prepared pair buffers: n_diploid=5266 n_pairs=224887 n_block_keys=439680 n_steps=100
[I::fdg-gpu] blocklist CSR ready: edges=439680 avg_deg=83.49 max_deg=185
[M::hk_bmap_gen] generated 5266 beads
[M::hk_bmap_gen] 218623 bin pairs
[M::hk_bmap_gen] generated 5266 beads
[M::hk_bmap_gen] 218623 bin pairs
[M::blind-gpu] prepared pair buffers: n_diploid=5266 n_pairs=223723 n_block_keys=437356 n_steps=100
[I::fdg-gpu] blocklist CSR ready: edges=437356 avg_deg=83.05 max_deg=192
[M::hk_bmap_gen] generated 5266 beads
[M::hk_bmap_gen] 217811 bin pairs
[M::hk_bmap_gen] generated 5266 beads
[M::hk_bmap_gen] 217811 bin pairs
[M::blind-gpu] prepared pair buffers: n_diploid=5266 n_pairs=222922 n_block_keys=435758 n_steps=100
[I::fdg-gpu] blocklist CSR ready: edges=435758 avg_deg=82.75 max_deg=193
[M::hk_bmap_gen] generated 5266 beads
[M::hk_bmap_gen] 217082 bin pairs
[M::hk_bmap_gen] generated 5266 beads
[M::hk_bmap_gen] 217082 bin pairs
[M::blind-gpu] prepared pair buffers: n_diploid=5266 n_pairs=222185 n_block_keys=434284 n_steps=100
[I::fdg-gpu] blocklist CSR ready: edges=434284 avg_deg=82.47 max_deg=193
[M::hk_bmap_gen] generated 5266 beads
[M::hk_bmap_gen] 216712 bin pairs
[M::hk_bmap_gen] generated 5266 beads
[M::hk_bmap_gen] 216712 bin pairs
[M::blind-gpu] prepared pair buffers: n_diploid=5266 n_pairs=221834 n_block_keys=433584 n_steps=100
[I::fdg-gpu] blocklist CSR ready: edges=433584 avg_deg=82.34 max_deg=195
[M::hk_bmap_gen] generated 5266 beads
[M::hk_bmap_gen] 216182 bin pairs
[M::hk_bmap_gen] generated 5266 beads
[M::hk_bmap_gen] 216182 bin pairs
[M::blind-gpu] prepared pair buffers: n_diploid=5266 n_pairs=221317 n_block_keys=432550 n_steps=100
[I::fdg-gpu] blocklist CSR ready: edges=432550 avg_deg=82.14 max_deg=195
[M::hk_bmap_gen] generated 5266 beads
[M::hk_bmap_gen] 215506 bin pairs
[M::hk_bmap_gen] generated 5266 beads
[M::hk_bmap_gen] 215506 bin pairs
[M::blind-gpu] prepared pair buffers: n_diploid=5266 n_pairs=220621 n_block_keys=431158 n_steps=100
[I::fdg-gpu] blocklist CSR ready: edges=431158 avg_deg=81.88 max_deg=197
[M::hk_bmap_gen] generated 5266 beads
[M::hk_bmap_gen] 215062 bin pairs
[M::hk_bmap_gen] generated 5266 beads
[M::hk_bmap_gen] 215062 bin pairs
[M::blind-gpu] prepared pair buffers: n_diploid=5266 n_pairs=220194 n_block_keys=430304 n_steps=100
[I::fdg-gpu] blocklist CSR ready: edges=430304 avg_deg=81.71 max_deg=193
[M::hk_bmap_gen] generated 5266 beads
[M::hk_bmap_gen] 214683 bin pairs
[M::hk_bmap_gen] generated 5266 beads
[M::hk_bmap_gen] 214683 bin pairs
[M::blind-gpu] prepared pair buffers: n_diploid=5266 n_pairs=219817 n_block_keys=429550 n_steps=100
[I::fdg-gpu] blocklist CSR ready: edges=429550 avg_deg=81.57 max_deg=194
[M::hk_bmap_gen] generated 5266 beads
[M::hk_bmap_gen] 214350 bin pairs
[M::hk_bmap_gen] generated 5266 beads
[M::hk_bmap_gen] 214350 bin pairs
[M::blind-gpu] prepared pair buffers: n_diploid=5266 n_pairs=219477 n_block_keys=428868 n_steps=100
[I::fdg-gpu] blocklist CSR ready: edges=428868 avg_deg=81.44 max_deg=193
[M::hk_bmap_gen] generated 5266 beads
[M::hk_bmap_gen] 214113 bin pairs
[M::hk_bmap_gen] generated 5266 beads
[M::hk_bmap_gen] 214113 bin pairs
[M::blind-gpu] prepared pair buffers: n_diploid=5266 n_pairs=219249 n_block_keys=428414 n_steps=100
[I::fdg-gpu] blocklist CSR ready: edges=428414 avg_deg=81.35 max_deg=193
[M::hk_bmap_gen] generated 5266 beads
[M::hk_bmap_gen] 213943 bin pairs
[M::hk_bmap_gen] generated 5266 beads
[M::hk_bmap_gen] 213943 bin pairs
[M::blind-gpu] prepared pair buffers: n_diploid=5266 n_pairs=219096 n_block_keys=428110 n_steps=100
[I::fdg-gpu] blocklist CSR ready: edges=428110 avg_deg=81.30 max_deg=191
[M::hk_bmap_gen] generated 5266 beads
[M::hk_bmap_gen] 213762 bin pairs
[M::hk_bmap_gen] generated 5266 beads
[M::hk_bmap_gen] 213762 bin pairs
[M::blind-gpu] prepared pair buffers: n_diploid=5266 n_pairs=218896 n_block_keys=427708 n_steps=100
[I::fdg-gpu] blocklist CSR ready: edges=427708 avg_deg=81.22 max_deg=194
[M::hk_bmap_gen] generated 5266 beads
[M::hk_bmap_gen] 213592 bin pairs
[M::hk_bmap_gen] generated 5266 beads
[M::hk_bmap_gen] 213592 bin pairs
[M::blind-gpu] prepared pair buffers: n_diploid=5266 n_pairs=218733 n_block_keys=427382 n_steps=100
[I::fdg-gpu] blocklist CSR ready: edges=427382 avg_deg=81.16 max_deg=192
[M::hk_bmap_gen] generated 5266 beads
[M::hk_bmap_gen] 213467 bin pairs
[M::hk_bmap_gen] generated 5266 beads
[M::hk_bmap_gen] 213467 bin pairs
[M::blind-gpu] prepared pair buffers: n_diploid=5266 n_pairs=218607 n_block_keys=427130 n_steps=100
[I::fdg-gpu] blocklist CSR ready: edges=427130 avg_deg=81.11 max_deg=190
[M::hk_bmap_gen] generated 5266 beads
[M::hk_bmap_gen] 213523 bin pairs
[M::hk_bmap_gen] generated 5266 beads
[M::hk_bmap_gen] 213523 bin pairs
[M::blind-gpu] prepared pair buffers: n_diploid=5266 n_pairs=218674 n_block_keys=427268 n_steps=100
[I::fdg-gpu] blocklist CSR ready: edges=427268 avg_deg=81.14 max_deg=190
[M::hk_bmap_gen] generated 5266 beads
[M::hk_bmap_gen] 213446 bin pairs
[M::hk_bmap_gen] generated 5266 beads
[M::hk_bmap_gen] 213446 bin pairs
[M::blind-gpu] prepared pair buffers: n_diploid=5266 n_pairs=218602 n_block_keys=427126 n_steps=100
[I::fdg-gpu] blocklist CSR ready: edges=427126 avg_deg=81.11 max_deg=190
[M::hk_bmap_gen] generated 5266 beads
[M::hk_bmap_gen] 213355 bin pairs
[M::hk_bmap_gen] generated 5266 beads
[M::hk_bmap_gen] 213355 bin pairs
[M::blind-gpu] prepared pair buffers: n_diploid=5266 n_pairs=218498 n_block_keys=426920 n_steps=100
[I::fdg-gpu] blocklist CSR ready: edges=426920 avg_deg=81.07 max_deg=190
[M::hk_bmap_gen] generated 5266 beads
[M::hk_bmap_gen] 213362 bin pairs
[M::hk_bmap_gen] generated 5266 beads
[M::hk_bmap_gen] 213362 bin pairs
[M::blind-gpu] prepared pair buffers: n_diploid=5266 n_pairs=218507 n_block_keys=426940 n_steps=100
[I::fdg-gpu] blocklist CSR ready: edges=426940 avg_deg=81.07 max_deg=190
[M::hk_bmap_gen] generated 5266 beads
[M::hk_bmap_gen] 213313 bin pairs
[M::hk_bmap_gen] generated 5266 beads
[M::hk_bmap_gen] 213313 bin pairs
[M::blind-gpu] prepared pair buffers: n_diploid=5266 n_pairs=218453 n_block_keys=426834 n_steps=100
[I::fdg-gpu] blocklist CSR ready: edges=426834 avg_deg=81.05 max_deg=189
[M::hk_bmap_gen] generated 5266 beads
[M::hk_bmap_gen] 213117 bin pairs
[M::hk_bmap_gen] generated 5266 beads
[M::hk_bmap_gen] 213117 bin pairs
[M::blind-gpu] prepared pair buffers: n_diploid=5266 n_pairs=218262 n_block_keys=426444 n_steps=100
[I::fdg-gpu] blocklist CSR ready: edges=426444 avg_deg=80.98 max_deg=188
[M::hk_bmap_gen] generated 5266 beads
[M::hk_bmap_gen] 212981 bin pairs
[M::hk_bmap_gen] generated 5266 beads
[M::hk_bmap_gen] 212981 bin pairs
[M::blind-gpu] prepared pair buffers: n_diploid=5266 n_pairs=218118 n_block_keys=426160 n_steps=100
[I::fdg-gpu] blocklist CSR ready: edges=426160 avg_deg=80.93 max_deg=188
[M::hk_bmap_gen] generated 5266 beads
[M::hk_bmap_gen] 212920 bin pairs
[M::hk_bmap_gen] generated 5266 beads
[M::hk_bmap_gen] 212920 bin pairs
[M::blind-gpu] prepared pair buffers: n_diploid=5266 n_pairs=218064 n_block_keys=426052 n_steps=100
[I::fdg-gpu] blocklist CSR ready: edges=426052 avg_deg=80.91 max_deg=191
[M::hk_bmap_gen] generated 5266 beads
[M::hk_bmap_gen] 212758 bin pairs
[M::hk_bmap_gen] generated 5266 beads
[M::hk_bmap_gen] 212758 bin pairs
[M::blind-gpu] prepared pair buffers: n_diploid=5266 n_pairs=217906 n_block_keys=425736 n_steps=100
[I::fdg-gpu] blocklist CSR ready: edges=425736 avg_deg=80.85 max_deg=194
[M::hk_bmap_gen] generated 5266 beads
[M::hk_bmap_gen] 212704 bin pairs
[M::hk_bmap_gen] generated 5266 beads
[M::hk_bmap_gen] 212704 bin pairs
[M::blind-gpu] prepared pair buffers: n_diploid=5266 n_pairs=217842 n_block_keys=425612 n_steps=100
[I::fdg-gpu] blocklist CSR ready: edges=425612 avg_deg=80.82 max_deg=199
[M::hk_bmap_gen] generated 5266 beads
[M::hk_bmap_gen] 212646 bin pairs
[M::hk_bmap_gen] generated 5266 beads
[M::hk_bmap_gen] 212646 bin pairs
[M::blind-gpu] prepared pair buffers: n_diploid=5266 n_pairs=217772 n_block_keys=425472 n_steps=100
[I::fdg-gpu] blocklist CSR ready: edges=425472 avg_deg=80.80 max_deg=201
[M::hk_bmap_gen] generated 5266 beads
[M::hk_bmap_gen] 212570 bin pairs
[M::hk_bmap_gen] generated 5266 beads
[M::hk_bmap_gen] 212570 bin pairs
[M::blind-gpu] prepared pair buffers: n_diploid=5266 n_pairs=217707 n_block_keys=425344 n_steps=100
[I::fdg-gpu] blocklist CSR ready: edges=425344 avg_deg=80.77 max_deg=202
[M::hk_bmap_gen] generated 5266 beads
[M::hk_bmap_gen] 212338 bin pairs
[M::hk_bmap_gen] generated 5266 beads
[M::hk_bmap_gen] 212338 bin pairs
[M::blind-gpu] prepared pair buffers: n_diploid=5266 n_pairs=217470 n_block_keys=424868 n_steps=100
[I::fdg-gpu] blocklist CSR ready: edges=424868 avg_deg=80.68 max_deg=200
[M::hk_bmap_gen] generated 5266 beads
[M::hk_bmap_gen] 212321 bin pairs
[M::hk_bmap_gen] generated 5266 beads
[M::hk_bmap_gen] 212321 bin pairs
[M::blind-gpu] prepared pair buffers: n_diploid=5266 n_pairs=217451 n_block_keys=424828 n_steps=100
[I::fdg-gpu] blocklist CSR ready: edges=424828 avg_deg=80.67 max_deg=201
[M::hk_bmap_gen] generated 5266 beads
[M::hk_bmap_gen] 212310 bin pairs
[M::hk_bmap_gen] generated 5266 beads
[M::hk_bmap_gen] 212310 bin pairs
[M::blind-gpu] prepared pair buffers: n_diploid=5266 n_pairs=217423 n_block_keys=424772 n_steps=100
[I::fdg-gpu] blocklist CSR ready: edges=424772 avg_deg=80.66 max_deg=201
[M::hk_bmap_gen] generated 5266 beads
[M::hk_bmap_gen] 212211 bin pairs
[M::hk_bmap_gen] generated 5266 beads
[M::hk_bmap_gen] 212211 bin pairs
[M::blind-gpu] prepared pair buffers: n_diploid=5266 n_pairs=217332 n_block_keys=424582 n_steps=100
[I::fdg-gpu] blocklist CSR ready: edges=424582 avg_deg=80.63 max_deg=200
[M::hk_bmap_gen] generated 5266 beads
[M::hk_bmap_gen] 212156 bin pairs
[M::hk_bmap_gen] generated 5266 beads
[M::hk_bmap_gen] 212156 bin pairs
[M::blind-gpu] prepared pair buffers: n_diploid=5266 n_pairs=217282 n_block_keys=424482 n_steps=100
[I::fdg-gpu] blocklist CSR ready: edges=424482 avg_deg=80.61 max_deg=199
[M::hk_bmap_gen] generated 5266 beads
[M::hk_bmap_gen] 212206 bin pairs
[M::hk_bmap_gen] generated 5266 beads
[M::hk_bmap_gen] 212206 bin pairs
[M::blind-gpu] prepared pair buffers: n_diploid=5266 n_pairs=217336 n_block_keys=424592 n_steps=100
[I::fdg-gpu] blocklist CSR ready: edges=424592 avg_deg=80.63 max_deg=200
[M::hk_bmap_gen] generated 5266 beads
[M::hk_bmap_gen] 212199 bin pairs
[M::hk_bmap_gen] generated 5266 beads
[M::hk_bmap_gen] 212199 bin pairs
[M::blind-gpu] prepared pair buffers: n_diploid=5266 n_pairs=217340 n_block_keys=424600 n_steps=100
[I::fdg-gpu] blocklist CSR ready: edges=424600 avg_deg=80.63 max_deg=201
[M::hk_bmap_gen] generated 5266 beads
[M::hk_bmap_gen] 212199 bin pairs
[M::hk_bmap_gen] generated 5266 beads
[M::hk_bmap_gen] 212199 bin pairs
[M::blind-gpu] prepared pair buffers: n_diploid=5266 n_pairs=217333 n_block_keys=424588 n_steps=100
[I::fdg-gpu] blocklist CSR ready: edges=424588 avg_deg=80.63 max_deg=202
[M::hk_bmap_gen] generated 5266 beads
[M::hk_bmap_gen] 212229 bin pairs
[M::hk_bmap_gen] generated 5266 beads
[M::hk_bmap_gen] 212229 bin pairs
[M::blind-gpu] prepared pair buffers: n_diploid=5266 n_pairs=217365 n_block_keys=424654 n_steps=100
[I::fdg-gpu] blocklist CSR ready: edges=424654 avg_deg=80.64 max_deg=202
[M::hk_bmap_gen] generated 5266 beads
[M::hk_bmap_gen] 212347 bin pairs
[M::hk_bmap_gen] generated 5266 beads
[M::hk_bmap_gen] 212347 bin pairs
[M::blind-gpu] prepared pair buffers: n_diploid=5266 n_pairs=217477 n_block_keys=424880 n_steps=100
[I::fdg-gpu] blocklist CSR ready: edges=424880 avg_deg=80.68 max_deg=200
[M::hk_bmap_gen] generated 5266 beads
[M::hk_bmap_gen] 212402 bin pairs
[M::hk_bmap_gen] generated 5266 beads
[M::hk_bmap_gen] 212402 bin pairs
[M::blind-gpu] prepared pair buffers: n_diploid=5266 n_pairs=217545 n_block_keys=425016 n_steps=100
[I::fdg-gpu] blocklist CSR ready: edges=425016 avg_deg=80.71 max_deg=202
[M::hk_bmap_gen] generated 5266 beads
[M::hk_bmap_gen] 212323 bin pairs
[M::hk_bmap_gen] generated 5266 beads
[M::hk_bmap_gen] 212323 bin pairs
[M::blind-gpu] prepared pair buffers: n_diploid=5266 n_pairs=217461 n_block_keys=424846 n_steps=100
[I::fdg-gpu] blocklist CSR ready: edges=424846 avg_deg=80.68 max_deg=201
[M::hk_bmap_gen] generated 5266 beads
[M::hk_bmap_gen] 212328 bin pairs
[M::hk_bmap_gen] generated 5266 beads
[M::hk_bmap_gen] 212328 bin pairs
[M::blind-gpu] prepared pair buffers: n_diploid=5266 n_pairs=217453 n_block_keys=424832 n_steps=100
[I::fdg-gpu] blocklist CSR ready: edges=424832 avg_deg=80.67 max_deg=201
[M::hk_bmap_gen] generated 5266 beads
[M::hk_bmap_gen] 212349 bin pairs
[M::hk_bmap_gen] generated 5266 beads
[M::hk_bmap_gen] 212349 bin pairs
[M::blind-gpu] prepared pair buffers: n_diploid=5266 n_pairs=217468 n_block_keys=424858 n_steps=100
[I::fdg-gpu] blocklist CSR ready: edges=424858 avg_deg=80.68 max_deg=201
[M::hk_bmap_gen] generated 5266 beads
[M::hk_bmap_gen] 212297 bin pairs
[M::hk_bmap_gen] generated 5266 beads
[M::hk_bmap_gen] 212297 bin pairs
[M::blind-gpu] prepared pair buffers: n_diploid=5266 n_pairs=217407 n_block_keys=424736 n_steps=100
[I::fdg-gpu] blocklist CSR ready: edges=424736 avg_deg=80.66 max_deg=204
[M::hk_bmap_gen] generated 5266 beads
[M::hk_bmap_gen] 212257 bin pairs
[M::hk_bmap_gen] generated 5266 beads
[M::hk_bmap_gen] 212257 bin pairs
[M::blind-gpu] prepared pair buffers: n_diploid=5266 n_pairs=217379 n_block_keys=424680 n_steps=100
[I::fdg-gpu] blocklist CSR ready: edges=424680 avg_deg=80.65 max_deg=204
[M::hk_bmap_gen] generated 5266 beads
[M::hk_bmap_gen] 212314 bin pairs
[M::hk_bmap_gen] generated 5266 beads
[M::hk_bmap_gen] 212314 bin pairs
[M::blind-gpu] prepared pair buffers: n_diploid=5266 n_pairs=217446 n_block_keys=424814 n_steps=100
[I::fdg-gpu] blocklist CSR ready: edges=424814 avg_deg=80.67 max_deg=204
[M::hk_bmap_gen] generated 5266 beads
[M::hk_bmap_gen] 212265 bin pairs
[M::hk_bmap_gen] generated 5266 beads
[M::hk_bmap_gen] 212265 bin pairs
[M::blind-gpu] prepared pair buffers: n_diploid=5266 n_pairs=217399 n_block_keys=424720 n_steps=100
[I::fdg-gpu] blocklist CSR ready: edges=424720 avg_deg=80.65 max_deg=203
[M::hk_bmap_gen] generated 5266 beads
[M::hk_bmap_gen] 212240 bin pairs
[M::hk_bmap_gen] generated 5266 beads
[M::hk_bmap_gen] 212240 bin pairs
[M::blind-gpu] prepared pair buffers: n_diploid=5266 n_pairs=217372 n_block_keys=424668 n_steps=100
[I::fdg-gpu] blocklist CSR ready: edges=424668 avg_deg=80.64 max_deg=204
[M::hk_bmap_gen] generated 5266 beads
[M::hk_bmap_gen] 212167 bin pairs
[M::hk_bmap_gen] generated 5266 beads
[M::hk_bmap_gen] 212167 bin pairs
[M::blind-gpu] prepared pair buffers: n_diploid=5266 n_pairs=217299 n_block_keys=424522 n_steps=100
[I::fdg-gpu] blocklist CSR ready: edges=424522 avg_deg=80.62 max_deg=204
[M::hk_bmap_gen] generated 5266 beads
[M::hk_bmap_gen] 212167 bin pairs
[M::hk_bmap_gen] generated 5266 beads
[M::hk_bmap_gen] 212167 bin pairs
[M::blind-gpu] prepared pair buffers: n_diploid=5266 n_pairs=217301 n_block_keys=424524 n_steps=100
[I::fdg-gpu] blocklist CSR ready: edges=424524 avg_deg=80.62 max_deg=205
[M::hk_bmap_gen] generated 5266 beads
[M::hk_bmap_gen] 212121 bin pairs
[M::hk_bmap_gen] generated 5266 beads
[M::hk_bmap_gen] 212121 bin pairs
[M::blind-gpu] prepared pair buffers: n_diploid=5266 n_pairs=217252 n_block_keys=424426 n_steps=100
[I::fdg-gpu] blocklist CSR ready: edges=424426 avg_deg=80.60 max_deg=205
[M::hk_bmap_gen] generated 5266 beads
[M::hk_bmap_gen] 212033 bin pairs
[M::hk_bmap_gen] generated 5266 beads
[M::hk_bmap_gen] 212033 bin pairs
[M::blind-gpu] prepared pair buffers: n_diploid=5266 n_pairs=217166 n_block_keys=424250 n_steps=100
[I::fdg-gpu] blocklist CSR ready: edges=424250 avg_deg=80.56 max_deg=206
[M::hk_bmap_gen] generated 5266 beads
[M::hk_bmap_gen] 211943 bin pairs
[M::hk_bmap_gen] generated 5266 beads
[M::hk_bmap_gen] 211943 bin pairs
[M::blind-gpu] prepared pair buffers: n_diploid=5266 n_pairs=217070 n_block_keys=424058 n_steps=100
[I::fdg-gpu] blocklist CSR ready: edges=424058 avg_deg=80.53 max_deg=207
[M::hk_bmap_gen] generated 5266 beads
[M::hk_bmap_gen] 211911 bin pairs
[M::hk_bmap_gen] generated 5266 beads
[M::hk_bmap_gen] 211911 bin pairs
[M::blind-gpu] prepared pair buffers: n_diploid=5266 n_pairs=217037 n_block_keys=423992 n_steps=100
[I::fdg-gpu] blocklist CSR ready: edges=423992 avg_deg=80.52 max_deg=208
[M::hk_bmap_gen] generated 5266 beads
[M::hk_bmap_gen] 211880 bin pairs
[M::hk_bmap_gen] generated 5266 beads
[M::hk_bmap_gen] 211880 bin pairs
[M::blind-gpu] prepared pair buffers: n_diploid=5266 n_pairs=217007 n_block_keys=423930 n_steps=100
[I::fdg-gpu] blocklist CSR ready: edges=423930 avg_deg=80.50 max_deg=208
[M::hk_bmap_gen] generated 5266 beads
[M::hk_bmap_gen] 211784 bin pairs
[M::hk_bmap_gen] generated 5266 beads
[M::hk_bmap_gen] 211784 bin pairs
[M::blind-gpu] prepared pair buffers: n_diploid=5266 n_pairs=216923 n_block_keys=423762 n_steps=100
[I::fdg-gpu] blocklist CSR ready: edges=423762 avg_deg=80.47 max_deg=207
[M::hk_bmap_gen] generated 5266 beads
[M::hk_bmap_gen] 211754 bin pairs
[M::hk_bmap_gen] generated 5266 beads
[M::hk_bmap_gen] 211754 bin pairs
[M::blind-gpu] prepared pair buffers: n_diploid=5266 n_pairs=216891 n_block_keys=423698 n_steps=100
[I::fdg-gpu] blocklist CSR ready: edges=423698 avg_deg=80.46 max_deg=208
[M::hk_bmap_gen] generated 5266 beads
[M::hk_bmap_gen] 211789 bin pairs
[M::hk_bmap_gen] generated 5266 beads
[M::hk_bmap_gen] 211789 bin pairs
[M::blind-gpu] prepared pair buffers: n_diploid=5266 n_pairs=216919 n_block_keys=423752 n_steps=100
[I::fdg-gpu] blocklist CSR ready: edges=423752 avg_deg=80.47 max_deg=207
[M::hk_bmap_gen] generated 5266 beads
[M::hk_bmap_gen] 211797 bin pairs
[M::hk_bmap_gen] generated 5266 beads
[M::hk_bmap_gen] 211797 bin pairs
[M::blind-gpu] prepared pair buffers: n_diploid=5266 n_pairs=216931 n_block_keys=423776 n_steps=100
[I::fdg-gpu] blocklist CSR ready: edges=423776 avg_deg=80.47 max_deg=204
[M::hk_bmap_gen] generated 5266 beads
[M::hk_bmap_gen] 211822 bin pairs
[M::hk_bmap_gen] generated 5266 beads
[M::hk_bmap_gen] 211822 bin pairs
[M::blind-gpu] prepared pair buffers: n_diploid=5266 n_pairs=216958 n_block_keys=423830 n_steps=100
[I::fdg-gpu] blocklist CSR ready: edges=423830 avg_deg=80.48 max_deg=204
[M::hk_bmap_gen] generated 5266 beads
[M::hk_bmap_gen] 211815 bin pairs
[M::hk_bmap_gen] generated 5266 beads
[M::hk_bmap_gen] 211815 bin pairs
[M::blind-gpu] prepared pair buffers: n_diploid=5266 n_pairs=216954 n_block_keys=423822 n_steps=100
[I::fdg-gpu] blocklist CSR ready: edges=423822 avg_deg=80.48 max_deg=204
[M::hk_bmap_gen] generated 5266 beads
[M::hk_bmap_gen] 211768 bin pairs
[M::hk_bmap_gen] generated 5266 beads
[M::hk_bmap_gen] 211768 bin pairs
[M::blind-gpu] prepared pair buffers: n_diploid=5266 n_pairs=216906 n_block_keys=423726 n_steps=100
[I::fdg-gpu] blocklist CSR ready: edges=423726 avg_deg=80.46 max_deg=204
[M::hk_bmap_gen] generated 5266 beads
[M::hk_bmap_gen] 211727 bin pairs
[M::hk_bmap_gen] generated 5266 beads
[M::hk_bmap_gen] 211727 bin pairs
[M::blind-gpu] prepared pair buffers: n_diploid=5266 n_pairs=216864 n_block_keys=423642 n_steps=100
[I::fdg-gpu] blocklist CSR ready: edges=423642 avg_deg=80.45 max_deg=204
[M::hk_bmap_gen] generated 5266 beads
[M::hk_bmap_gen] 211695 bin pairs
[M::hk_bmap_gen] generated 5266 beads
[M::hk_bmap_gen] 211695 bin pairs
[M::blind-gpu] prepared pair buffers: n_diploid=5266 n_pairs=216833 n_block_keys=423580 n_steps=100
[I::fdg-gpu] blocklist CSR ready: edges=423580 avg_deg=80.44 max_deg=204
[M::hk_bmap_gen] generated 5266 beads
[M::hk_bmap_gen] 211677 bin pairs
[M::hk_bmap_gen] generated 5266 beads
[M::hk_bmap_gen] 211677 bin pairs
[M::blind-gpu] prepared pair buffers: n_diploid=5266 n_pairs=216823 n_block_keys=423560 n_steps=100
[I::fdg-gpu] blocklist CSR ready: edges=423560 avg_deg=80.43 max_deg=204
[M::hk_bmap_gen] generated 5266 beads
[M::hk_bmap_gen] 211609 bin pairs
[M::hk_bmap_gen] generated 5266 beads
[M::hk_bmap_gen] 211609 bin pairs
[M::blind-gpu] prepared pair buffers: n_diploid=5266 n_pairs=216756 n_block_keys=423428 n_steps=100
[I::fdg-gpu] blocklist CSR ready: edges=423428 avg_deg=80.41 max_deg=204
[M::hk_bmap_gen] generated 5266 beads
[M::hk_bmap_gen] 211585 bin pairs
[M::hk_bmap_gen] generated 5266 beads
[M::hk_bmap_gen] 211585 bin pairs
[M::blind-gpu] prepared pair buffers: n_diploid=5266 n_pairs=216731 n_block_keys=423380 n_steps=100
[I::fdg-gpu] blocklist CSR ready: edges=423380 avg_deg=80.40 max_deg=204
[M::hk_bmap_gen] generated 5266 beads
[M::hk_bmap_gen] 211560 bin pairs
[M::hk_bmap_gen] generated 5266 beads
[M::hk_bmap_gen] 211560 bin pairs
[M::blind-gpu] prepared pair buffers: n_diploid=5266 n_pairs=216709 n_block_keys=423340 n_steps=100
[I::fdg-gpu] blocklist CSR ready: edges=423340 avg_deg=80.39 max_deg=204
[M::hk_bmap_gen] generated 5266 beads
[M::hk_bmap_gen] 211557 bin pairs
[M::hk_bmap_gen] generated 5266 beads
[M::hk_bmap_gen] 211557 bin pairs
[M::blind-gpu] prepared pair buffers: n_diploid=5266 n_pairs=216705 n_block_keys=423334 n_steps=100
[I::fdg-gpu] blocklist CSR ready: edges=423334 avg_deg=80.39 max_deg=204
[M::hk_bmap_gen] generated 5266 beads
[M::hk_bmap_gen] 211577 bin pairs
[M::hk_bmap_gen] generated 5266 beads
[M::hk_bmap_gen] 211577 bin pairs
[M::blind-gpu] prepared pair buffers: n_diploid=5266 n_pairs=216731 n_block_keys=423388 n_steps=100
[I::fdg-gpu] blocklist CSR ready: edges=423388 avg_deg=80.40 max_deg=204
[M::hk_bmap_gen] generated 5266 beads
[M::hk_bmap_gen] 211536 bin pairs
[M::hk_bmap_gen] generated 5266 beads
[M::hk_bmap_gen] 211536 bin pairs
[M::blind-gpu] prepared pair buffers: n_diploid=5266 n_pairs=216692 n_block_keys=423312 n_steps=100
[I::fdg-gpu] blocklist CSR ready: edges=423312 avg_deg=80.39 max_deg=202
[M::hk_bmap_gen] generated 5266 beads
[M::hk_bmap_gen] 211537 bin pairs
[M::hk_bmap_gen] generated 5266 beads
[M::hk_bmap_gen] 211537 bin pairs
[M::blind-gpu] prepared pair buffers: n_diploid=5266 n_pairs=216690 n_block_keys=423308 n_steps=100
[I::fdg-gpu] blocklist CSR ready: edges=423308 avg_deg=80.39 max_deg=202
[M::hk_bmap_gen] generated 5266 beads
[M::hk_bmap_gen] 211587 bin pairs
[M::hk_bmap_gen] generated 5266 beads
[M::hk_bmap_gen] 211587 bin pairs
[M::blind-gpu] prepared pair buffers: n_diploid=5266 n_pairs=216743 n_block_keys=423414 n_steps=100
[I::fdg-gpu] blocklist CSR ready: edges=423414 avg_deg=80.41 max_deg=202
[M::hk_bmap_gen] generated 5266 beads
[M::hk_bmap_gen] 211550 bin pairs
[M::hk_bmap_gen] generated 5266 beads
[M::hk_bmap_gen] 211550 bin pairs
[M::blind-gpu] prepared pair buffers: n_diploid=5266 n_pairs=216707 n_block_keys=423344 n_steps=100
[I::fdg-gpu] blocklist CSR ready: edges=423344 avg_deg=80.39 max_deg=202
[M::hk_bmap_gen] generated 5266 beads
[M::hk_bmap_gen] 211525 bin pairs
[M::hk_bmap_gen] generated 5266 beads
[M::hk_bmap_gen] 211525 bin pairs
[M::blind-gpu] prepared pair buffers: n_diploid=5266 n_pairs=216679 n_block_keys=423286 n_steps=100
[I::fdg-gpu] blocklist CSR ready: edges=423286 avg_deg=80.38 max_deg=202
[M::hk_bmap_gen] generated 5266 beads
[M::hk_bmap_gen] 211493 bin pairs
[M::hk_bmap_gen] generated 5266 beads
[M::hk_bmap_gen] 211493 bin pairs
[M::blind-gpu] prepared pair buffers: n_diploid=5266 n_pairs=216645 n_block_keys=423218 n_steps=100
[I::fdg-gpu] blocklist CSR ready: edges=423218 avg_deg=80.37 max_deg=201
[M::hk_bmap_gen] generated 5266 beads
[M::hk_bmap_gen] 211462 bin pairs
[M::hk_bmap_gen] generated 5266 beads
[M::hk_bmap_gen] 211462 bin pairs
[M::blind-gpu] prepared pair buffers: n_diploid=5266 n_pairs=216608 n_block_keys=423144 n_steps=100
[I::fdg-gpu] blocklist CSR ready: edges=423144 avg_deg=80.35 max_deg=202
[M::hk_bmap_gen] generated 5266 beads
[M::hk_bmap_gen] 211410 bin pairs
[M::hk_bmap_gen] generated 5266 beads
[M::hk_bmap_gen] 211410 bin pairs
[M::blind-gpu] prepared pair buffers: n_diploid=5266 n_pairs=216558 n_block_keys=423042 n_steps=100
[I::fdg-gpu] blocklist CSR ready: edges=423042 avg_deg=80.33 max_deg=202
[M::hk_bmap_gen] generated 5266 beads
[M::hk_bmap_gen] 211395 bin pairs
[M::hk_bmap_gen] generated 5266 beads
[M::hk_bmap_gen] 211395 bin pairs
[M::blind-gpu] prepared pair buffers: n_diploid=5266 n_pairs=216548 n_block_keys=423022 n_steps=100
[I::fdg-gpu] blocklist CSR ready: edges=423022 avg_deg=80.33 max_deg=202
[M::hk_bmap_gen] generated 5266 beads
[M::hk_bmap_gen] 211417 bin pairs
[M::hk_bmap_gen] generated 5266 beads
[M::hk_bmap_gen] 211417 bin pairs
[M::blind-gpu] prepared pair buffers: n_diploid=5266 n_pairs=216569 n_block_keys=423062 n_steps=100
[I::fdg-gpu] blocklist CSR ready: edges=423062 avg_deg=80.34 max_deg=202
[M::hk_bmap_gen] generated 5266 beads
[M::hk_bmap_gen] 211408 bin pairs
[M::hk_bmap_gen] generated 5266 beads
[M::hk_bmap_gen] 211408 bin pairs
[M::blind-gpu] prepared pair buffers: n_diploid=5266 n_pairs=216559 n_block_keys=423042 n_steps=100
[I::fdg-gpu] blocklist CSR ready: edges=423042 avg_deg=80.33 max_deg=200
[M::hk_bmap_gen] generated 5266 beads
[M::hk_bmap_gen] 211412 bin pairs
[M::hk_bmap_gen] generated 5266 beads
[M::hk_bmap_gen] 211412 bin pairs
[M::blind-gpu] prepared pair buffers: n_diploid=5266 n_pairs=216561 n_block_keys=423048 n_steps=100
[I::fdg-gpu] blocklist CSR ready: edges=423048 avg_deg=80.34 max_deg=200
[M::hk_bmap_gen] generated 5266 beads
[M::hk_bmap_gen] 211416 bin pairs
[M::hk_bmap_gen] generated 5266 beads
[M::hk_bmap_gen] 211416 bin pairs
[M::blind-gpu] prepared pair buffers: n_diploid=5266 n_pairs=216561 n_block_keys=423048 n_steps=100
[I::fdg-gpu] blocklist CSR ready: edges=423048 avg_deg=80.34 max_deg=200
[M::hk_bmap_gen] generated 5266 beads
[M::hk_bmap_gen] 211385 bin pairs
[M::hk_bmap_gen] generated 5266 beads
[M::hk_bmap_gen] 211385 bin pairs
[M::blind-gpu] prepared pair buffers: n_diploid=5266 n_pairs=216536 n_block_keys=422998 n_steps=100
[I::fdg-gpu] blocklist CSR ready: edges=422998 avg_deg=80.33 max_deg=200
[M::hk_bmap_gen] generated 5266 beads
[M::hk_bmap_gen] 211364 bin pairs
[M::hk_bmap_gen] generated 5266 beads
[M::hk_bmap_gen] 211364 bin pairs
[M::blind-gpu] prepared pair buffers: n_diploid=5266 n_pairs=216514 n_block_keys=422952 n_steps=100
[I::fdg-gpu] blocklist CSR ready: edges=422952 avg_deg=80.32 max_deg=200
[M::hk_bmap_gen] generated 5266 beads
[M::hk_bmap_gen] 211328 bin pairs
[M::hk_bmap_gen] generated 5266 beads
[M::hk_bmap_gen] 211328 bin pairs
[M::blind-gpu] prepared pair buffers: n_diploid=5266 n_pairs=216479 n_block_keys=422880 n_steps=100
[I::fdg-gpu] blocklist CSR ready: edges=422880 avg_deg=80.30 max_deg=200
[M::hk_bmap_gen] generated 5266 beads
[M::hk_bmap_gen] 211297 bin pairs
[M::hk_bmap_gen] generated 5266 beads
[M::hk_bmap_gen] 211297 bin pairs
[M::blind-gpu] prepared pair buffers: n_diploid=5266 n_pairs=216445 n_block_keys=422812 n_steps=100
[I::fdg-gpu] blocklist CSR ready: edges=422812 avg_deg=80.29 max_deg=200
[M::hk_bmap_gen] generated 5266 beads
[M::hk_bmap_gen] 211248 bin pairs
[M::hk_bmap_gen] generated 5266 beads
[M::hk_bmap_gen] 211248 bin pairs
[M::blind-gpu] prepared pair buffers: n_diploid=5266 n_pairs=216395 n_block_keys=422712 n_steps=100
[I::fdg-gpu] blocklist CSR ready: edges=422712 avg_deg=80.27 max_deg=200
[M::hk_bmap_gen] generated 5266 beads
[M::hk_bmap_gen] 211242 bin pairs
[M::hk_bmap_gen] generated 5266 beads
[M::hk_bmap_gen] 211242 bin pairs
[M::blind-gpu] prepared pair buffers: n_diploid=5266 n_pairs=216389 n_block_keys=422700 n_steps=100
[I::fdg-gpu] blocklist CSR ready: edges=422700 avg_deg=80.27 max_deg=200
[M::hk_bmap_gen] generated 5266 beads
[M::hk_bmap_gen] 211219 bin pairs
[M::hk_bmap_gen] generated 5266 beads
[M::hk_bmap_gen] 211219 bin pairs
[M::blind-gpu] prepared pair buffers: n_diploid=5266 n_pairs=216366 n_block_keys=422656 n_steps=100
[I::fdg-gpu] blocklist CSR ready: edges=422656 avg_deg=80.26 max_deg=200
[M::hk_bmap_gen] generated 5266 beads
[M::hk_bmap_gen] 211199 bin pairs
[M::hk_bmap_gen] generated 5266 beads
[M::hk_bmap_gen] 211199 bin pairs
[M::blind-gpu] prepared pair buffers: n_diploid=5266 n_pairs=216346 n_block_keys=422614 n_steps=100
[I::fdg-gpu] blocklist CSR ready: edges=422614 avg_deg=80.25 max_deg=200
[M::hk_bmap_gen] generated 5266 beads
[M::hk_bmap_gen] 211168 bin pairs
[M::hk_bmap_gen] generated 5266 beads
[M::hk_bmap_gen] 211168 bin pairs
[M::blind-gpu] prepared pair buffers: n_diploid=5266 n_pairs=216308 n_block_keys=422536 n_steps=100
[I::fdg-gpu] blocklist CSR ready: edges=422536 avg_deg=80.24 max_deg=200
minimal P9016[1m]: write outputs to /mnt/ssd/zliu/phase3/test_res/049-20260620_103248-p9016_trans_dscale_gamma_1m/outputs/p9016_transgamma_g0p75_td1_seed71_best035/p9016_transgamma_g0p75_td1_seed71_best035
[M::hk_bmap_gen] generated 5266 beads
[M::hk_bmap_gen] 211120 bin pairs
[M::hk_bmap_gen] generated 5266 beads
[M::hk_bmap_gen] 211120 bin pairs
minimal P9016[1m]: status=OK final_entropy=0.59961176 final_pU=0.43252844
minimal P9016: summary /mnt/ssd/zliu/phase3/test_res/049-20260620_103248-p9016_trans_dscale_gamma_1m/outputs/p9016_transgamma_g0p75_td1_seed71_best035/matrix_summary.tsv
