minimal P9016: input=/shared/zliu/CHARM/CHARM_mesc/data/pairs/P9016.pairs.gz output_root=/mnt/ssd/zliu/phase3/test_res/033-20260619_131815-p9016_trans_top1_mstep_1m/outputs config=p9016_pcgamma1_top1mix0p75_pmax0p35_m0p02_td1_sep0 baseline=softall n_iter=100 relax_steps=100 relax_step=0.012 chain=0 init_mode=unphased_scaffold_split init_eps=0.5 init_noise=0 init_scale=10 init_seed=17 min_sep=0 lambda_sep=0 lambda_copytrack=0 lambda_global_copytrack=0 trans_chr_pair_prior_lambda=0 trans_chr_pair_prior_eps=0.001 trans_chr_pair_prior_power=1 trans_chr_pair_prior_warmup_iter=0 d_scale_mode=posterior_count d_scale_input=posterior_count d_scale_formula=n_raw*posterior_prob^1 d_scale_gamma=1 d_scale_eps=1e-06 trans_k_multiplier=1 trans_dscale_multiplier=1 trans_top1_mode=mix trans_top1_min_pmax=0.34999999 trans_top1_min_margin=0.02 trans_top1_mix_weight=0.75 readgroup_mode=off readgroup_max_segments=8 readgroup_eps=1e-06 relax_backend=gpu
minimal P9016: stage 1/1 name=1m bin_size_bp=1000000 parent=0
[M::hk_map_read] read 1703888 pairs
[M::hk_bmap_gen] generated 2633 beads
[M::hk_bmap_gen] 489556 bin pairs
minimal P9016[1m]: build binned contacts
minimal P9016[1m]: init mode=unphased_scaffold_split seed=17 scale=10
[M::hk_fdg] mid_dist:1000000 max_nei:69
[M::hk_fdg1_cpu] iter:10 elapsed:0.32s rep_coef:0.2092 RMS_force:367.1874 n_rep:43.0820 energy:25.1082,6.6566,0.0049 dist:5.6169,6.6204,1.4501
[M::hk_fdg1_cpu] iter:20 elapsed:0.79s rep_coef:0.6615 RMS_force:336.9308 n_rep:157.7303 energy:7.7515,3.4068,0.0177 dist:3.4076,4.2658,1.4016
[M::hk_fdg1_cpu] iter:30 elapsed:1.75s rep_coef:0.9352 RMS_force:226.0828 n_rep:592.3505 energy:1.8327,1.0566,0.0354 dist:1.9896,2.3234,1.2554
[M::hk_fdg1_cpu] iter:40 elapsed:3.12s rep_coef:0.9907 RMS_force:132.8226 n_rep:808.7839 energy:0.5357,0.4158,0.0366 dist:1.4081,1.7237,1.2560
[M::hk_fdg1_cpu] iter:50 elapsed:4.56s rep_coef:0.9987 RMS_force:99.3491 n_rep:815.5837 energy:0.1678,0.2703,0.0325 dist:1.0643,1.6062,1.3142
minimal P9016[1m]: run softall, n_iter=100 relax_steps=100 relax_step=0.012 relax_backend=gpu
[M::hk_bmap_gen] generated 5266 beads
[M::hk_bmap_gen] 282847 bin pairs
[M::blind-gpu] prepared pair buffers: n_diploid=5266 n_pairs=287943 n_block_keys=565794 n_steps=100
[I::fdg-gpu] blocklist CSR ready: edges=565794 avg_deg=107.44 max_deg=191
[M::hk_bmap_gen] generated 5266 beads
[M::hk_bmap_gen] 297655 bin pairs
[M::blind-gpu] prepared pair buffers: n_diploid=5266 n_pairs=302506 n_block_keys=594916 n_steps=100
[I::fdg-gpu] blocklist CSR ready: edges=594916 avg_deg=112.97 max_deg=233
[M::hk_bmap_gen] generated 5266 beads
[M::hk_bmap_gen] 270618 bin pairs
[M::blind-gpu] prepared pair buffers: n_diploid=5266 n_pairs=275469 n_block_keys=540844 n_steps=100
[I::fdg-gpu] blocklist CSR ready: edges=540844 avg_deg=102.70 max_deg=215
[M::hk_bmap_gen] generated 5266 beads
[M::hk_bmap_gen] 249552 bin pairs
[M::blind-gpu] prepared pair buffers: n_diploid=5266 n_pairs=254466 n_block_keys=498840 n_steps=100
[I::fdg-gpu] blocklist CSR ready: edges=498840 avg_deg=94.73 max_deg=205
[M::hk_bmap_gen] generated 5266 beads
[M::hk_bmap_gen] 236276 bin pairs
[M::blind-gpu] prepared pair buffers: n_diploid=5266 n_pairs=241228 n_block_keys=472360 n_steps=100
[I::fdg-gpu] blocklist CSR ready: edges=472360 avg_deg=89.70 max_deg=200
[M::hk_bmap_gen] generated 5266 beads
[M::hk_bmap_gen] 228332 bin pairs
[M::blind-gpu] prepared pair buffers: n_diploid=5266 n_pairs=233334 n_block_keys=456570 n_steps=100
[I::fdg-gpu] blocklist CSR ready: edges=456570 avg_deg=86.70 max_deg=194
[M::hk_bmap_gen] generated 5266 beads
[M::hk_bmap_gen] 223961 bin pairs
[M::blind-gpu] prepared pair buffers: n_diploid=5266 n_pairs=228953 n_block_keys=447808 n_steps=100
[I::fdg-gpu] blocklist CSR ready: edges=447808 avg_deg=85.04 max_deg=196
[M::hk_bmap_gen] generated 5266 beads
[M::hk_bmap_gen] 220815 bin pairs
[M::blind-gpu] prepared pair buffers: n_diploid=5266 n_pairs=225836 n_block_keys=441576 n_steps=100
[I::fdg-gpu] blocklist CSR ready: edges=441576 avg_deg=83.85 max_deg=196
[M::hk_bmap_gen] generated 5266 beads
[M::hk_bmap_gen] 219087 bin pairs
[M::blind-gpu] prepared pair buffers: n_diploid=5266 n_pairs=224116 n_block_keys=438134 n_steps=100
[I::fdg-gpu] blocklist CSR ready: edges=438134 avg_deg=83.20 max_deg=197
[M::hk_bmap_gen] generated 5266 beads
[M::hk_bmap_gen] 218165 bin pairs
[M::blind-gpu] prepared pair buffers: n_diploid=5266 n_pairs=223239 n_block_keys=436384 n_steps=100
[I::fdg-gpu] blocklist CSR ready: edges=436384 avg_deg=82.87 max_deg=195
[M::hk_bmap_gen] generated 5266 beads
[M::hk_bmap_gen] 217739 bin pairs
[M::blind-gpu] prepared pair buffers: n_diploid=5266 n_pairs=222824 n_block_keys=435554 n_steps=100
[I::fdg-gpu] blocklist CSR ready: edges=435554 avg_deg=82.71 max_deg=196
[M::hk_bmap_gen] generated 5266 beads
[M::hk_bmap_gen] 217129 bin pairs
[M::blind-gpu] prepared pair buffers: n_diploid=5266 n_pairs=222196 n_block_keys=434298 n_steps=100
[I::fdg-gpu] blocklist CSR ready: edges=434298 avg_deg=82.47 max_deg=191
[M::hk_bmap_gen] generated 5266 beads
[M::hk_bmap_gen] 216993 bin pairs
[M::blind-gpu] prepared pair buffers: n_diploid=5266 n_pairs=222078 n_block_keys=434064 n_steps=100
[I::fdg-gpu] blocklist CSR ready: edges=434064 avg_deg=82.43 max_deg=192
[M::hk_bmap_gen] generated 5266 beads
[M::hk_bmap_gen] 216858 bin pairs
[M::blind-gpu] prepared pair buffers: n_diploid=5266 n_pairs=221949 n_block_keys=433808 n_steps=100
[I::fdg-gpu] blocklist CSR ready: edges=433808 avg_deg=82.38 max_deg=191
[M::hk_bmap_gen] generated 5266 beads
[M::hk_bmap_gen] 216594 bin pairs
[M::blind-gpu] prepared pair buffers: n_diploid=5266 n_pairs=221698 n_block_keys=433306 n_steps=100
[I::fdg-gpu] blocklist CSR ready: edges=433306 avg_deg=82.28 max_deg=187
[M::hk_bmap_gen] generated 5266 beads
[M::hk_bmap_gen] 216642 bin pairs
[M::blind-gpu] prepared pair buffers: n_diploid=5266 n_pairs=221726 n_block_keys=433370 n_steps=100
[I::fdg-gpu] blocklist CSR ready: edges=433370 avg_deg=82.30 max_deg=186
[M::hk_bmap_gen] generated 5266 beads
[M::hk_bmap_gen] 216455 bin pairs
[M::blind-gpu] prepared pair buffers: n_diploid=5266 n_pairs=221554 n_block_keys=433024 n_steps=100
[I::fdg-gpu] blocklist CSR ready: edges=433024 avg_deg=82.23 max_deg=186
[M::hk_bmap_gen] generated 5266 beads
[M::hk_bmap_gen] 216265 bin pairs
[M::blind-gpu] prepared pair buffers: n_diploid=5266 n_pairs=221369 n_block_keys=432652 n_steps=100
[I::fdg-gpu] blocklist CSR ready: edges=432652 avg_deg=82.16 max_deg=187
[M::hk_bmap_gen] generated 5266 beads
[M::hk_bmap_gen] 216158 bin pairs
[M::blind-gpu] prepared pair buffers: n_diploid=5266 n_pairs=221269 n_block_keys=432454 n_steps=100
[I::fdg-gpu] blocklist CSR ready: edges=432454 avg_deg=82.12 max_deg=187
[M::hk_bmap_gen] generated 5266 beads
[M::hk_bmap_gen] 215958 bin pairs
[M::blind-gpu] prepared pair buffers: n_diploid=5266 n_pairs=221073 n_block_keys=432062 n_steps=100
[I::fdg-gpu] blocklist CSR ready: edges=432062 avg_deg=82.05 max_deg=188
[M::hk_bmap_gen] generated 5266 beads
[M::hk_bmap_gen] 215858 bin pairs
[M::blind-gpu] prepared pair buffers: n_diploid=5266 n_pairs=220975 n_block_keys=431870 n_steps=100
[I::fdg-gpu] blocklist CSR ready: edges=431870 avg_deg=82.01 max_deg=187
[M::hk_bmap_gen] generated 5266 beads
[M::hk_bmap_gen] 215885 bin pairs
[M::blind-gpu] prepared pair buffers: n_diploid=5266 n_pairs=220977 n_block_keys=431874 n_steps=100
[I::fdg-gpu] blocklist CSR ready: edges=431874 avg_deg=82.01 max_deg=188
[M::hk_bmap_gen] generated 5266 beads
[M::hk_bmap_gen] 215821 bin pairs
[M::blind-gpu] prepared pair buffers: n_diploid=5266 n_pairs=220917 n_block_keys=431754 n_steps=100
[I::fdg-gpu] blocklist CSR ready: edges=431754 avg_deg=81.99 max_deg=188
[M::hk_bmap_gen] generated 5266 beads
[M::hk_bmap_gen] 215613 bin pairs
[M::blind-gpu] prepared pair buffers: n_diploid=5266 n_pairs=220698 n_block_keys=431318 n_steps=100
[I::fdg-gpu] blocklist CSR ready: edges=431318 avg_deg=81.91 max_deg=188
[M::hk_bmap_gen] generated 5266 beads
[M::hk_bmap_gen] 215495 bin pairs
[M::blind-gpu] prepared pair buffers: n_diploid=5266 n_pairs=220581 n_block_keys=431082 n_steps=100
[I::fdg-gpu] blocklist CSR ready: edges=431082 avg_deg=81.86 max_deg=188
[M::hk_bmap_gen] generated 5266 beads
[M::hk_bmap_gen] 215441 bin pairs
[M::blind-gpu] prepared pair buffers: n_diploid=5266 n_pairs=220526 n_block_keys=430964 n_steps=100
[I::fdg-gpu] blocklist CSR ready: edges=430964 avg_deg=81.84 max_deg=188
[M::hk_bmap_gen] generated 5266 beads
[M::hk_bmap_gen] 215423 bin pairs
[M::blind-gpu] prepared pair buffers: n_diploid=5266 n_pairs=220502 n_block_keys=430914 n_steps=100
[I::fdg-gpu] blocklist CSR ready: edges=430914 avg_deg=81.83 max_deg=187
[M::hk_bmap_gen] generated 5266 beads
[M::hk_bmap_gen] 215315 bin pairs
[M::blind-gpu] prepared pair buffers: n_diploid=5266 n_pairs=220401 n_block_keys=430712 n_steps=100
[I::fdg-gpu] blocklist CSR ready: edges=430712 avg_deg=81.79 max_deg=188
[M::hk_bmap_gen] generated 5266 beads
[M::hk_bmap_gen] 215238 bin pairs
[M::blind-gpu] prepared pair buffers: n_diploid=5266 n_pairs=220318 n_block_keys=430548 n_steps=100
[I::fdg-gpu] blocklist CSR ready: edges=430548 avg_deg=81.76 max_deg=188
[M::hk_bmap_gen] generated 5266 beads
[M::hk_bmap_gen] 215181 bin pairs
[M::blind-gpu] prepared pair buffers: n_diploid=5266 n_pairs=220274 n_block_keys=430460 n_steps=100
[I::fdg-gpu] blocklist CSR ready: edges=430460 avg_deg=81.74 max_deg=189
[M::hk_bmap_gen] generated 5266 beads
[M::hk_bmap_gen] 215139 bin pairs
[M::blind-gpu] prepared pair buffers: n_diploid=5266 n_pairs=220226 n_block_keys=430370 n_steps=100
[I::fdg-gpu] blocklist CSR ready: edges=430370 avg_deg=81.73 max_deg=189
[M::hk_bmap_gen] generated 5266 beads
[M::hk_bmap_gen] 215068 bin pairs
[M::blind-gpu] prepared pair buffers: n_diploid=5266 n_pairs=220167 n_block_keys=430248 n_steps=100
[I::fdg-gpu] blocklist CSR ready: edges=430248 avg_deg=81.70 max_deg=189
[M::hk_bmap_gen] generated 5266 beads
[M::hk_bmap_gen] 215071 bin pairs
[M::blind-gpu] prepared pair buffers: n_diploid=5266 n_pairs=220168 n_block_keys=430248 n_steps=100
[I::fdg-gpu] blocklist CSR ready: edges=430248 avg_deg=81.70 max_deg=189
[M::hk_bmap_gen] generated 5266 beads
[M::hk_bmap_gen] 215029 bin pairs
[M::blind-gpu] prepared pair buffers: n_diploid=5266 n_pairs=220129 n_block_keys=430172 n_steps=100
[I::fdg-gpu] blocklist CSR ready: edges=430172 avg_deg=81.69 max_deg=189
[M::hk_bmap_gen] generated 5266 beads
[M::hk_bmap_gen] 215046 bin pairs
[M::blind-gpu] prepared pair buffers: n_diploid=5266 n_pairs=220132 n_block_keys=430178 n_steps=100
[I::fdg-gpu] blocklist CSR ready: edges=430178 avg_deg=81.69 max_deg=189
[M::hk_bmap_gen] generated 5266 beads
[M::hk_bmap_gen] 215077 bin pairs
[M::blind-gpu] prepared pair buffers: n_diploid=5266 n_pairs=220171 n_block_keys=430254 n_steps=100
[I::fdg-gpu] blocklist CSR ready: edges=430254 avg_deg=81.70 max_deg=189
[M::hk_bmap_gen] generated 5266 beads
[M::hk_bmap_gen] 215062 bin pairs
[M::blind-gpu] prepared pair buffers: n_diploid=5266 n_pairs=220153 n_block_keys=430218 n_steps=100
[I::fdg-gpu] blocklist CSR ready: edges=430218 avg_deg=81.70 max_deg=189
[M::hk_bmap_gen] generated 5266 beads
[M::hk_bmap_gen] 215077 bin pairs
[M::blind-gpu] prepared pair buffers: n_diploid=5266 n_pairs=220169 n_block_keys=430250 n_steps=100
[I::fdg-gpu] blocklist CSR ready: edges=430250 avg_deg=81.70 max_deg=189
[M::hk_bmap_gen] generated 5266 beads
[M::hk_bmap_gen] 215097 bin pairs
[M::blind-gpu] prepared pair buffers: n_diploid=5266 n_pairs=220193 n_block_keys=430298 n_steps=100
[I::fdg-gpu] blocklist CSR ready: edges=430298 avg_deg=81.71 max_deg=189
[M::hk_bmap_gen] generated 5266 beads
[M::hk_bmap_gen] 215036 bin pairs
[M::blind-gpu] prepared pair buffers: n_diploid=5266 n_pairs=220133 n_block_keys=430178 n_steps=100
[I::fdg-gpu] blocklist CSR ready: edges=430178 avg_deg=81.69 max_deg=189
[M::hk_bmap_gen] generated 5266 beads
[M::hk_bmap_gen] 214995 bin pairs
[M::blind-gpu] prepared pair buffers: n_diploid=5266 n_pairs=220090 n_block_keys=430092 n_steps=100
[I::fdg-gpu] blocklist CSR ready: edges=430092 avg_deg=81.67 max_deg=189
[M::hk_bmap_gen] generated 5266 beads
[M::hk_bmap_gen] 214993 bin pairs
[M::blind-gpu] prepared pair buffers: n_diploid=5266 n_pairs=220094 n_block_keys=430102 n_steps=100
[I::fdg-gpu] blocklist CSR ready: edges=430102 avg_deg=81.68 max_deg=189
[M::hk_bmap_gen] generated 5266 beads
[M::hk_bmap_gen] 214954 bin pairs
[M::blind-gpu] prepared pair buffers: n_diploid=5266 n_pairs=220049 n_block_keys=430014 n_steps=100
[I::fdg-gpu] blocklist CSR ready: edges=430014 avg_deg=81.66 max_deg=189
[M::hk_bmap_gen] generated 5266 beads
[M::hk_bmap_gen] 214906 bin pairs
[M::blind-gpu] prepared pair buffers: n_diploid=5266 n_pairs=220000 n_block_keys=429916 n_steps=100
[I::fdg-gpu] blocklist CSR ready: edges=429916 avg_deg=81.64 max_deg=189
[M::hk_bmap_gen] generated 5266 beads
[M::hk_bmap_gen] 214911 bin pairs
[M::blind-gpu] prepared pair buffers: n_diploid=5266 n_pairs=220011 n_block_keys=429938 n_steps=100
[I::fdg-gpu] blocklist CSR ready: edges=429938 avg_deg=81.64 max_deg=189
[M::hk_bmap_gen] generated 5266 beads
[M::hk_bmap_gen] 214851 bin pairs
[M::blind-gpu] prepared pair buffers: n_diploid=5266 n_pairs=219958 n_block_keys=429830 n_steps=100
[I::fdg-gpu] blocklist CSR ready: edges=429830 avg_deg=81.62 max_deg=189
[M::hk_bmap_gen] generated 5266 beads
[M::hk_bmap_gen] 214783 bin pairs
[M::blind-gpu] prepared pair buffers: n_diploid=5266 n_pairs=219888 n_block_keys=429690 n_steps=100
[I::fdg-gpu] blocklist CSR ready: edges=429690 avg_deg=81.60 max_deg=189
[M::hk_bmap_gen] generated 5266 beads
[M::hk_bmap_gen] 214782 bin pairs
[M::blind-gpu] prepared pair buffers: n_diploid=5266 n_pairs=219881 n_block_keys=429676 n_steps=100
[I::fdg-gpu] blocklist CSR ready: edges=429676 avg_deg=81.59 max_deg=189
[M::hk_bmap_gen] generated 5266 beads
[M::hk_bmap_gen] 214759 bin pairs
[M::blind-gpu] prepared pair buffers: n_diploid=5266 n_pairs=219868 n_block_keys=429650 n_steps=100
[I::fdg-gpu] blocklist CSR ready: edges=429650 avg_deg=81.59 max_deg=189
[M::hk_bmap_gen] generated 5266 beads
[M::hk_bmap_gen] 214706 bin pairs
[M::blind-gpu] prepared pair buffers: n_diploid=5266 n_pairs=219809 n_block_keys=429532 n_steps=100
[I::fdg-gpu] blocklist CSR ready: edges=429532 avg_deg=81.57 max_deg=189
[M::hk_bmap_gen] generated 5266 beads
[M::hk_bmap_gen] 214709 bin pairs
[M::blind-gpu] prepared pair buffers: n_diploid=5266 n_pairs=219806 n_block_keys=429526 n_steps=100
[I::fdg-gpu] blocklist CSR ready: edges=429526 avg_deg=81.57 max_deg=189
[M::hk_bmap_gen] generated 5266 beads
[M::hk_bmap_gen] 214693 bin pairs
[M::blind-gpu] prepared pair buffers: n_diploid=5266 n_pairs=219785 n_block_keys=429484 n_steps=100
[I::fdg-gpu] blocklist CSR ready: edges=429484 avg_deg=81.56 max_deg=188
[M::hk_bmap_gen] generated 5266 beads
[M::hk_bmap_gen] 214705 bin pairs
[M::blind-gpu] prepared pair buffers: n_diploid=5266 n_pairs=219802 n_block_keys=429516 n_steps=100
[I::fdg-gpu] blocklist CSR ready: edges=429516 avg_deg=81.56 max_deg=188
[M::hk_bmap_gen] generated 5266 beads
[M::hk_bmap_gen] 214687 bin pairs
[M::blind-gpu] prepared pair buffers: n_diploid=5266 n_pairs=219775 n_block_keys=429462 n_steps=100
[I::fdg-gpu] blocklist CSR ready: edges=429462 avg_deg=81.55 max_deg=188
[M::hk_bmap_gen] generated 5266 beads
[M::hk_bmap_gen] 214678 bin pairs
[M::blind-gpu] prepared pair buffers: n_diploid=5266 n_pairs=219771 n_block_keys=429454 n_steps=100
[I::fdg-gpu] blocklist CSR ready: edges=429454 avg_deg=81.55 max_deg=188
[M::hk_bmap_gen] generated 5266 beads
[M::hk_bmap_gen] 214704 bin pairs
[M::blind-gpu] prepared pair buffers: n_diploid=5266 n_pairs=219799 n_block_keys=429512 n_steps=100
[I::fdg-gpu] blocklist CSR ready: edges=429512 avg_deg=81.56 max_deg=188
[M::hk_bmap_gen] generated 5266 beads
[M::hk_bmap_gen] 214659 bin pairs
[M::blind-gpu] prepared pair buffers: n_diploid=5266 n_pairs=219755 n_block_keys=429426 n_steps=100
[I::fdg-gpu] blocklist CSR ready: edges=429426 avg_deg=81.55 max_deg=188
[M::hk_bmap_gen] generated 5266 beads
[M::hk_bmap_gen] 214643 bin pairs
[M::blind-gpu] prepared pair buffers: n_diploid=5266 n_pairs=219737 n_block_keys=429392 n_steps=100
[I::fdg-gpu] blocklist CSR ready: edges=429392 avg_deg=81.54 max_deg=189
[M::hk_bmap_gen] generated 5266 beads
[M::hk_bmap_gen] 214680 bin pairs
[M::blind-gpu] prepared pair buffers: n_diploid=5266 n_pairs=219772 n_block_keys=429462 n_steps=100
[I::fdg-gpu] blocklist CSR ready: edges=429462 avg_deg=81.55 max_deg=189
[M::hk_bmap_gen] generated 5266 beads
[M::hk_bmap_gen] 214723 bin pairs
[M::blind-gpu] prepared pair buffers: n_diploid=5266 n_pairs=219817 n_block_keys=429552 n_steps=100
[I::fdg-gpu] blocklist CSR ready: edges=429552 avg_deg=81.57 max_deg=189
[M::hk_bmap_gen] generated 5266 beads
[M::hk_bmap_gen] 214695 bin pairs
[M::blind-gpu] prepared pair buffers: n_diploid=5266 n_pairs=219789 n_block_keys=429498 n_steps=100
[I::fdg-gpu] blocklist CSR ready: edges=429498 avg_deg=81.56 max_deg=189
[M::hk_bmap_gen] generated 5266 beads
[M::hk_bmap_gen] 214706 bin pairs
[M::blind-gpu] prepared pair buffers: n_diploid=5266 n_pairs=219800 n_block_keys=429516 n_steps=100
[I::fdg-gpu] blocklist CSR ready: edges=429516 avg_deg=81.56 max_deg=189
[M::hk_bmap_gen] generated 5266 beads
[M::hk_bmap_gen] 214767 bin pairs
[M::blind-gpu] prepared pair buffers: n_diploid=5266 n_pairs=219861 n_block_keys=429636 n_steps=100
[I::fdg-gpu] blocklist CSR ready: edges=429636 avg_deg=81.59 max_deg=189
[M::hk_bmap_gen] generated 5266 beads
[M::hk_bmap_gen] 214766 bin pairs
[M::blind-gpu] prepared pair buffers: n_diploid=5266 n_pairs=219861 n_block_keys=429636 n_steps=100
[I::fdg-gpu] blocklist CSR ready: edges=429636 avg_deg=81.59 max_deg=189
[M::hk_bmap_gen] generated 5266 beads
[M::hk_bmap_gen] 214749 bin pairs
[M::blind-gpu] prepared pair buffers: n_diploid=5266 n_pairs=219838 n_block_keys=429590 n_steps=100
[I::fdg-gpu] blocklist CSR ready: edges=429590 avg_deg=81.58 max_deg=189
[M::hk_bmap_gen] generated 5266 beads
[M::hk_bmap_gen] 214761 bin pairs
[M::blind-gpu] prepared pair buffers: n_diploid=5266 n_pairs=219859 n_block_keys=429632 n_steps=100
[I::fdg-gpu] blocklist CSR ready: edges=429632 avg_deg=81.59 max_deg=189
[M::hk_bmap_gen] generated 5266 beads
[M::hk_bmap_gen] 214800 bin pairs
[M::blind-gpu] prepared pair buffers: n_diploid=5266 n_pairs=219892 n_block_keys=429700 n_steps=100
[I::fdg-gpu] blocklist CSR ready: edges=429700 avg_deg=81.60 max_deg=189
[M::hk_bmap_gen] generated 5266 beads
[M::hk_bmap_gen] 214788 bin pairs
[M::blind-gpu] prepared pair buffers: n_diploid=5266 n_pairs=219874 n_block_keys=429664 n_steps=100
[I::fdg-gpu] blocklist CSR ready: edges=429664 avg_deg=81.59 max_deg=189
[M::hk_bmap_gen] generated 5266 beads
[M::hk_bmap_gen] 214765 bin pairs
[M::blind-gpu] prepared pair buffers: n_diploid=5266 n_pairs=219860 n_block_keys=429636 n_steps=100
[I::fdg-gpu] blocklist CSR ready: edges=429636 avg_deg=81.59 max_deg=189
[M::hk_bmap_gen] generated 5266 beads
[M::hk_bmap_gen] 214716 bin pairs
[M::blind-gpu] prepared pair buffers: n_diploid=5266 n_pairs=219810 n_block_keys=429532 n_steps=100
[I::fdg-gpu] blocklist CSR ready: edges=429532 avg_deg=81.57 max_deg=189
[M::hk_bmap_gen] generated 5266 beads
[M::hk_bmap_gen] 214747 bin pairs
[M::blind-gpu] prepared pair buffers: n_diploid=5266 n_pairs=219846 n_block_keys=429606 n_steps=100
[I::fdg-gpu] blocklist CSR ready: edges=429606 avg_deg=81.58 max_deg=189
[M::hk_bmap_gen] generated 5266 beads
[M::hk_bmap_gen] 214732 bin pairs
[M::blind-gpu] prepared pair buffers: n_diploid=5266 n_pairs=219828 n_block_keys=429572 n_steps=100
[I::fdg-gpu] blocklist CSR ready: edges=429572 avg_deg=81.57 max_deg=189
[M::hk_bmap_gen] generated 5266 beads
[M::hk_bmap_gen] 214718 bin pairs
[M::blind-gpu] prepared pair buffers: n_diploid=5266 n_pairs=219820 n_block_keys=429556 n_steps=100
[I::fdg-gpu] blocklist CSR ready: edges=429556 avg_deg=81.57 max_deg=189
[M::hk_bmap_gen] generated 5266 beads
[M::hk_bmap_gen] 214759 bin pairs
[M::blind-gpu] prepared pair buffers: n_diploid=5266 n_pairs=219862 n_block_keys=429640 n_steps=100
[I::fdg-gpu] blocklist CSR ready: edges=429640 avg_deg=81.59 max_deg=189
[M::hk_bmap_gen] generated 5266 beads
[M::hk_bmap_gen] 214747 bin pairs
[M::blind-gpu] prepared pair buffers: n_diploid=5266 n_pairs=219848 n_block_keys=429610 n_steps=100
[I::fdg-gpu] blocklist CSR ready: edges=429610 avg_deg=81.58 max_deg=189
[M::hk_bmap_gen] generated 5266 beads
[M::hk_bmap_gen] 214749 bin pairs
[M::blind-gpu] prepared pair buffers: n_diploid=5266 n_pairs=219844 n_block_keys=429602 n_steps=100
[I::fdg-gpu] blocklist CSR ready: edges=429602 avg_deg=81.58 max_deg=189
[M::hk_bmap_gen] generated 5266 beads
[M::hk_bmap_gen] 214745 bin pairs
[M::blind-gpu] prepared pair buffers: n_diploid=5266 n_pairs=219839 n_block_keys=429588 n_steps=100
[I::fdg-gpu] blocklist CSR ready: edges=429588 avg_deg=81.58 max_deg=189
[M::hk_bmap_gen] generated 5266 beads
[M::hk_bmap_gen] 214775 bin pairs
[M::blind-gpu] prepared pair buffers: n_diploid=5266 n_pairs=219868 n_block_keys=429646 n_steps=100
[I::fdg-gpu] blocklist CSR ready: edges=429646 avg_deg=81.59 max_deg=189
[M::hk_bmap_gen] generated 5266 beads
[M::hk_bmap_gen] 214775 bin pairs
[M::blind-gpu] prepared pair buffers: n_diploid=5266 n_pairs=219870 n_block_keys=429650 n_steps=100
[I::fdg-gpu] blocklist CSR ready: edges=429650 avg_deg=81.59 max_deg=189
[M::hk_bmap_gen] generated 5266 beads
[M::hk_bmap_gen] 214777 bin pairs
[M::blind-gpu] prepared pair buffers: n_diploid=5266 n_pairs=219873 n_block_keys=429656 n_steps=100
[I::fdg-gpu] blocklist CSR ready: edges=429656 avg_deg=81.59 max_deg=189
[M::hk_bmap_gen] generated 5266 beads
[M::hk_bmap_gen] 214792 bin pairs
[M::blind-gpu] prepared pair buffers: n_diploid=5266 n_pairs=219890 n_block_keys=429690 n_steps=100
[I::fdg-gpu] blocklist CSR ready: edges=429690 avg_deg=81.60 max_deg=189
[M::hk_bmap_gen] generated 5266 beads
[M::hk_bmap_gen] 214799 bin pairs
[M::blind-gpu] prepared pair buffers: n_diploid=5266 n_pairs=219900 n_block_keys=429710 n_steps=100
[I::fdg-gpu] blocklist CSR ready: edges=429710 avg_deg=81.60 max_deg=189
[M::hk_bmap_gen] generated 5266 beads
[M::hk_bmap_gen] 214800 bin pairs
[M::blind-gpu] prepared pair buffers: n_diploid=5266 n_pairs=219898 n_block_keys=429708 n_steps=100
[I::fdg-gpu] blocklist CSR ready: edges=429708 avg_deg=81.60 max_deg=189
[M::hk_bmap_gen] generated 5266 beads
[M::hk_bmap_gen] 214817 bin pairs
[M::blind-gpu] prepared pair buffers: n_diploid=5266 n_pairs=219912 n_block_keys=429736 n_steps=100
[I::fdg-gpu] blocklist CSR ready: edges=429736 avg_deg=81.61 max_deg=189
[M::hk_bmap_gen] generated 5266 beads
[M::hk_bmap_gen] 214836 bin pairs
[M::blind-gpu] prepared pair buffers: n_diploid=5266 n_pairs=219931 n_block_keys=429776 n_steps=100
[I::fdg-gpu] blocklist CSR ready: edges=429776 avg_deg=81.61 max_deg=189
[M::hk_bmap_gen] generated 5266 beads
[M::hk_bmap_gen] 214820 bin pairs
[M::blind-gpu] prepared pair buffers: n_diploid=5266 n_pairs=219912 n_block_keys=429738 n_steps=100
[I::fdg-gpu] blocklist CSR ready: edges=429738 avg_deg=81.61 max_deg=189
[M::hk_bmap_gen] generated 5266 beads
[M::hk_bmap_gen] 214803 bin pairs
[M::blind-gpu] prepared pair buffers: n_diploid=5266 n_pairs=219896 n_block_keys=429706 n_steps=100
[I::fdg-gpu] blocklist CSR ready: edges=429706 avg_deg=81.60 max_deg=189
[M::hk_bmap_gen] generated 5266 beads
[M::hk_bmap_gen] 214800 bin pairs
[M::blind-gpu] prepared pair buffers: n_diploid=5266 n_pairs=219896 n_block_keys=429706 n_steps=100
[I::fdg-gpu] blocklist CSR ready: edges=429706 avg_deg=81.60 max_deg=189
[M::hk_bmap_gen] generated 5266 beads
[M::hk_bmap_gen] 214818 bin pairs
[M::blind-gpu] prepared pair buffers: n_diploid=5266 n_pairs=219913 n_block_keys=429740 n_steps=100
[I::fdg-gpu] blocklist CSR ready: edges=429740 avg_deg=81.61 max_deg=189
[M::hk_bmap_gen] generated 5266 beads
[M::hk_bmap_gen] 214806 bin pairs
[M::blind-gpu] prepared pair buffers: n_diploid=5266 n_pairs=219900 n_block_keys=429714 n_steps=100
[I::fdg-gpu] blocklist CSR ready: edges=429714 avg_deg=81.60 max_deg=189
[M::hk_bmap_gen] generated 5266 beads
[M::hk_bmap_gen] 214803 bin pairs
[M::blind-gpu] prepared pair buffers: n_diploid=5266 n_pairs=219901 n_block_keys=429716 n_steps=100
[I::fdg-gpu] blocklist CSR ready: edges=429716 avg_deg=81.60 max_deg=189
[M::hk_bmap_gen] generated 5266 beads
[M::hk_bmap_gen] 214800 bin pairs
[M::blind-gpu] prepared pair buffers: n_diploid=5266 n_pairs=219895 n_block_keys=429706 n_steps=100
[I::fdg-gpu] blocklist CSR ready: edges=429706 avg_deg=81.60 max_deg=189
[M::hk_bmap_gen] generated 5266 beads
[M::hk_bmap_gen] 214801 bin pairs
[M::blind-gpu] prepared pair buffers: n_diploid=5266 n_pairs=219895 n_block_keys=429706 n_steps=100
[I::fdg-gpu] blocklist CSR ready: edges=429706 avg_deg=81.60 max_deg=189
[M::hk_bmap_gen] generated 5266 beads
[M::hk_bmap_gen] 214791 bin pairs
[M::blind-gpu] prepared pair buffers: n_diploid=5266 n_pairs=219889 n_block_keys=429694 n_steps=100
[I::fdg-gpu] blocklist CSR ready: edges=429694 avg_deg=81.60 max_deg=189
[M::hk_bmap_gen] generated 5266 beads
[M::hk_bmap_gen] 214795 bin pairs
[M::blind-gpu] prepared pair buffers: n_diploid=5266 n_pairs=219892 n_block_keys=429698 n_steps=100
[I::fdg-gpu] blocklist CSR ready: edges=429698 avg_deg=81.60 max_deg=189
[M::hk_bmap_gen] generated 5266 beads
[M::hk_bmap_gen] 214788 bin pairs
[M::blind-gpu] prepared pair buffers: n_diploid=5266 n_pairs=219887 n_block_keys=429690 n_steps=100
[I::fdg-gpu] blocklist CSR ready: edges=429690 avg_deg=81.60 max_deg=189
[M::hk_bmap_gen] generated 5266 beads
[M::hk_bmap_gen] 214785 bin pairs
[M::blind-gpu] prepared pair buffers: n_diploid=5266 n_pairs=219886 n_block_keys=429686 n_steps=100
[I::fdg-gpu] blocklist CSR ready: edges=429686 avg_deg=81.60 max_deg=189
[M::hk_bmap_gen] generated 5266 beads
[M::hk_bmap_gen] 214768 bin pairs
[M::blind-gpu] prepared pair buffers: n_diploid=5266 n_pairs=219870 n_block_keys=429654 n_steps=100
[I::fdg-gpu] blocklist CSR ready: edges=429654 avg_deg=81.59 max_deg=188
[M::hk_bmap_gen] generated 5266 beads
[M::hk_bmap_gen] 214752 bin pairs
[M::blind-gpu] prepared pair buffers: n_diploid=5266 n_pairs=219848 n_block_keys=429610 n_steps=100
[I::fdg-gpu] blocklist CSR ready: edges=429610 avg_deg=81.58 max_deg=188
[M::hk_bmap_gen] generated 5266 beads
[M::hk_bmap_gen] 214765 bin pairs
[M::blind-gpu] prepared pair buffers: n_diploid=5266 n_pairs=219863 n_block_keys=429640 n_steps=100
[I::fdg-gpu] blocklist CSR ready: edges=429640 avg_deg=81.59 max_deg=187
minimal P9016[1m]: write outputs to /mnt/ssd/zliu/phase3/test_res/033-20260619_131815-p9016_trans_top1_mstep_1m/outputs/p9016_pcgamma1_top1mix0p75_pmax0p35_m0p02_td1_sep0
[M::hk_bmap_gen] generated 5266 beads
[M::hk_bmap_gen] 214759 bin pairs
minimal P9016[1m]: status=OK final_entropy=0.61370522 final_pU=0.44269472
minimal P9016: summary /mnt/ssd/zliu/phase3/test_res/033-20260619_131815-p9016_trans_top1_mstep_1m/outputs/matrix_summary.tsv
