minimal P9016: input=/shared/zliu/CHARM/CHARM_mesc/data/pairs/P9016.pairs.gz output_root=/mnt/ssd/zliu/phase3/test_res/034-20260619_140108-p9016_entropy_rho_temperature_1m/outputs config=p9016_pcgamma1_rho_constant_temp1_td1_sep0_ieps0p5_noise0_seed17 baseline=softall n_iter=100 relax_steps=100 relax_step=0.012 chain=0 init_mode=unphased_scaffold_split init_eps=0.5 init_noise=0 init_scale=10 init_seed=17 min_sep=0 lambda_sep=0 lambda_copytrack=0 lambda_global_copytrack=0 trans_chr_pair_prior_lambda=0 trans_chr_pair_prior_eps=0.001 trans_chr_pair_prior_power=1 trans_chr_pair_prior_warmup_iter=0 d_scale_mode=posterior_count d_scale_input=posterior_count d_scale_formula=n_raw*posterior_prob^1 d_scale_gamma=1 d_scale_eps=1e-06 trans_k_multiplier=1 trans_dscale_multiplier=1 trans_top1_mode=off trans_top1_min_pmax=1 trans_top1_min_margin=1 trans_top1_mix_weight=0 readgroup_mode=off readgroup_max_segments=8 readgroup_eps=1e-06 relax_backend=gpu
minimal P9016: stage 1/1 name=1m bin_size_bp=1000000 parent=0
[M::hk_map_read] read 1703888 pairs
[M::hk_bmap_gen] generated 2633 beads
[M::hk_bmap_gen] 489556 bin pairs
minimal P9016[1m]: build binned contacts
minimal P9016[1m]: init mode=unphased_scaffold_split seed=17 scale=10
[M::hk_fdg] mid_dist:1000000 max_nei:69
[M::hk_fdg1_cpu] iter:10 elapsed:0.32s rep_coef:0.2092 RMS_force:367.1874 n_rep:43.0820 energy:25.1082,6.6566,0.0049 dist:5.6169,6.6204,1.4501
[M::hk_fdg1_cpu] iter:20 elapsed:0.79s rep_coef:0.6615 RMS_force:336.9308 n_rep:157.7303 energy:7.7515,3.4068,0.0177 dist:3.4076,4.2658,1.4016
[M::hk_fdg1_cpu] iter:30 elapsed:1.73s rep_coef:0.9352 RMS_force:226.0828 n_rep:592.3505 energy:1.8327,1.0566,0.0354 dist:1.9896,2.3234,1.2554
[M::hk_fdg1_cpu] iter:40 elapsed:3.11s rep_coef:0.9907 RMS_force:132.8226 n_rep:808.7839 energy:0.5357,0.4158,0.0366 dist:1.4081,1.7237,1.2560
[M::hk_fdg1_cpu] iter:50 elapsed:4.78s rep_coef:0.9987 RMS_force:99.3491 n_rep:815.5837 energy:0.1678,0.2703,0.0325 dist:1.0643,1.6062,1.3142
minimal P9016[1m]: run softall, n_iter=100 relax_steps=100 relax_step=0.012 relax_backend=gpu
[M::hk_bmap_gen] generated 5266 beads
[M::hk_bmap_gen] 287142 bin pairs
[M::blind-gpu] prepared pair buffers: n_diploid=5266 n_pairs=292308 n_block_keys=574524 n_steps=100
[I::fdg-gpu] blocklist CSR ready: edges=574524 avg_deg=109.10 max_deg=193
[M::hk_bmap_gen] generated 5266 beads
[M::hk_bmap_gen] 286178 bin pairs
[M::blind-gpu] prepared pair buffers: n_diploid=5266 n_pairs=291285 n_block_keys=572474 n_steps=100
[I::fdg-gpu] blocklist CSR ready: edges=572474 avg_deg=108.71 max_deg=201
[M::hk_bmap_gen] generated 5266 beads
[M::hk_bmap_gen] 270723 bin pairs
[M::blind-gpu] prepared pair buffers: n_diploid=5266 n_pairs=275818 n_block_keys=541538 n_steps=100
[I::fdg-gpu] blocklist CSR ready: edges=541538 avg_deg=102.84 max_deg=202
[M::hk_bmap_gen] generated 5266 beads
[M::hk_bmap_gen] 256944 bin pairs
[M::blind-gpu] prepared pair buffers: n_diploid=5266 n_pairs=262032 n_block_keys=513972 n_steps=100
[I::fdg-gpu] blocklist CSR ready: edges=513972 avg_deg=97.60 max_deg=207
[M::hk_bmap_gen] generated 5266 beads
[M::hk_bmap_gen] 245438 bin pairs
[M::blind-gpu] prepared pair buffers: n_diploid=5266 n_pairs=250489 n_block_keys=490890 n_steps=100
[I::fdg-gpu] blocklist CSR ready: edges=490890 avg_deg=93.22 max_deg=203
[M::hk_bmap_gen] generated 5266 beads
[M::hk_bmap_gen] 236890 bin pairs
[M::blind-gpu] prepared pair buffers: n_diploid=5266 n_pairs=241983 n_block_keys=473880 n_steps=100
[I::fdg-gpu] blocklist CSR ready: edges=473880 avg_deg=89.99 max_deg=201
[M::hk_bmap_gen] generated 5266 beads
[M::hk_bmap_gen] 230787 bin pairs
[M::blind-gpu] prepared pair buffers: n_diploid=5266 n_pairs=235871 n_block_keys=461660 n_steps=100
[I::fdg-gpu] blocklist CSR ready: edges=461660 avg_deg=87.67 max_deg=199
[M::hk_bmap_gen] generated 5266 beads
[M::hk_bmap_gen] 225543 bin pairs
[M::blind-gpu] prepared pair buffers: n_diploid=5266 n_pairs=230638 n_block_keys=451190 n_steps=100
[I::fdg-gpu] blocklist CSR ready: edges=451190 avg_deg=85.68 max_deg=201
[M::hk_bmap_gen] generated 5266 beads
[M::hk_bmap_gen] 221981 bin pairs
[M::blind-gpu] prepared pair buffers: n_diploid=5266 n_pairs=227087 n_block_keys=444084 n_steps=100
[I::fdg-gpu] blocklist CSR ready: edges=444084 avg_deg=84.33 max_deg=199
[M::hk_bmap_gen] generated 5266 beads
[M::hk_bmap_gen] 219571 bin pairs
[M::blind-gpu] prepared pair buffers: n_diploid=5266 n_pairs=224690 n_block_keys=439298 n_steps=100
[I::fdg-gpu] blocklist CSR ready: edges=439298 avg_deg=83.42 max_deg=194
[M::hk_bmap_gen] generated 5266 beads
[M::hk_bmap_gen] 217584 bin pairs
[M::blind-gpu] prepared pair buffers: n_diploid=5266 n_pairs=222714 n_block_keys=435346 n_steps=100
[I::fdg-gpu] blocklist CSR ready: edges=435346 avg_deg=82.67 max_deg=193
[M::hk_bmap_gen] generated 5266 beads
[M::hk_bmap_gen] 216601 bin pairs
[M::blind-gpu] prepared pair buffers: n_diploid=5266 n_pairs=221734 n_block_keys=433378 n_steps=100
[I::fdg-gpu] blocklist CSR ready: edges=433378 avg_deg=82.30 max_deg=189
[M::hk_bmap_gen] generated 5266 beads
[M::hk_bmap_gen] 216189 bin pairs
[M::blind-gpu] prepared pair buffers: n_diploid=5266 n_pairs=221316 n_block_keys=432544 n_steps=100
[I::fdg-gpu] blocklist CSR ready: edges=432544 avg_deg=82.14 max_deg=188
[M::hk_bmap_gen] generated 5266 beads
[M::hk_bmap_gen] 216053 bin pairs
[M::blind-gpu] prepared pair buffers: n_diploid=5266 n_pairs=221190 n_block_keys=432284 n_steps=100
[I::fdg-gpu] blocklist CSR ready: edges=432284 avg_deg=82.09 max_deg=185
[M::hk_bmap_gen] generated 5266 beads
[M::hk_bmap_gen] 215936 bin pairs
[M::blind-gpu] prepared pair buffers: n_diploid=5266 n_pairs=221076 n_block_keys=432062 n_steps=100
[I::fdg-gpu] blocklist CSR ready: edges=432062 avg_deg=82.05 max_deg=182
[M::hk_bmap_gen] generated 5266 beads
[M::hk_bmap_gen] 215893 bin pairs
[M::blind-gpu] prepared pair buffers: n_diploid=5266 n_pairs=221055 n_block_keys=432028 n_steps=100
[I::fdg-gpu] blocklist CSR ready: edges=432028 avg_deg=82.04 max_deg=181
[M::hk_bmap_gen] generated 5266 beads
[M::hk_bmap_gen] 215841 bin pairs
[M::blind-gpu] prepared pair buffers: n_diploid=5266 n_pairs=220987 n_block_keys=431892 n_steps=100
[I::fdg-gpu] blocklist CSR ready: edges=431892 avg_deg=82.02 max_deg=181
[M::hk_bmap_gen] generated 5266 beads
[M::hk_bmap_gen] 215744 bin pairs
[M::blind-gpu] prepared pair buffers: n_diploid=5266 n_pairs=220884 n_block_keys=431680 n_steps=100
[I::fdg-gpu] blocklist CSR ready: edges=431680 avg_deg=81.97 max_deg=181
[M::hk_bmap_gen] generated 5266 beads
[M::hk_bmap_gen] 215592 bin pairs
[M::blind-gpu] prepared pair buffers: n_diploid=5266 n_pairs=220731 n_block_keys=431374 n_steps=100
[I::fdg-gpu] blocklist CSR ready: edges=431374 avg_deg=81.92 max_deg=181
[M::hk_bmap_gen] generated 5266 beads
[M::hk_bmap_gen] 215577 bin pairs
[M::blind-gpu] prepared pair buffers: n_diploid=5266 n_pairs=220713 n_block_keys=431340 n_steps=100
[I::fdg-gpu] blocklist CSR ready: edges=431340 avg_deg=81.91 max_deg=181
[M::hk_bmap_gen] generated 5266 beads
[M::hk_bmap_gen] 215429 bin pairs
[M::blind-gpu] prepared pair buffers: n_diploid=5266 n_pairs=220581 n_block_keys=431080 n_steps=100
[I::fdg-gpu] blocklist CSR ready: edges=431080 avg_deg=81.86 max_deg=181
[M::hk_bmap_gen] generated 5266 beads
[M::hk_bmap_gen] 215454 bin pairs
[M::blind-gpu] prepared pair buffers: n_diploid=5266 n_pairs=220596 n_block_keys=431112 n_steps=100
[I::fdg-gpu] blocklist CSR ready: edges=431112 avg_deg=81.87 max_deg=181
[M::hk_bmap_gen] generated 5266 beads
[M::hk_bmap_gen] 215341 bin pairs
[M::blind-gpu] prepared pair buffers: n_diploid=5266 n_pairs=220481 n_block_keys=430884 n_steps=100
[I::fdg-gpu] blocklist CSR ready: edges=430884 avg_deg=81.82 max_deg=181
[M::hk_bmap_gen] generated 5266 beads
[M::hk_bmap_gen] 215099 bin pairs
[M::blind-gpu] prepared pair buffers: n_diploid=5266 n_pairs=220239 n_block_keys=430400 n_steps=100
[I::fdg-gpu] blocklist CSR ready: edges=430400 avg_deg=81.73 max_deg=181
[M::hk_bmap_gen] generated 5266 beads
[M::hk_bmap_gen] 214913 bin pairs
[M::blind-gpu] prepared pair buffers: n_diploid=5266 n_pairs=220046 n_block_keys=430014 n_steps=100
[I::fdg-gpu] blocklist CSR ready: edges=430014 avg_deg=81.66 max_deg=181
[M::hk_bmap_gen] generated 5266 beads
[M::hk_bmap_gen] 214827 bin pairs
[M::blind-gpu] prepared pair buffers: n_diploid=5266 n_pairs=219970 n_block_keys=429868 n_steps=100
[I::fdg-gpu] blocklist CSR ready: edges=429868 avg_deg=81.63 max_deg=181
[M::hk_bmap_gen] generated 5266 beads
[M::hk_bmap_gen] 214727 bin pairs
[M::blind-gpu] prepared pair buffers: n_diploid=5266 n_pairs=219858 n_block_keys=429646 n_steps=100
[I::fdg-gpu] blocklist CSR ready: edges=429646 avg_deg=81.59 max_deg=181
[M::hk_bmap_gen] generated 5266 beads
[M::hk_bmap_gen] 214640 bin pairs
[M::blind-gpu] prepared pair buffers: n_diploid=5266 n_pairs=219780 n_block_keys=429488 n_steps=100
[I::fdg-gpu] blocklist CSR ready: edges=429488 avg_deg=81.56 max_deg=182
[M::hk_bmap_gen] generated 5266 beads
[M::hk_bmap_gen] 214758 bin pairs
[M::blind-gpu] prepared pair buffers: n_diploid=5266 n_pairs=219900 n_block_keys=429724 n_steps=100
[I::fdg-gpu] blocklist CSR ready: edges=429724 avg_deg=81.60 max_deg=182
[M::hk_bmap_gen] generated 5266 beads
[M::hk_bmap_gen] 214752 bin pairs
[M::blind-gpu] prepared pair buffers: n_diploid=5266 n_pairs=219888 n_block_keys=429694 n_steps=100
[I::fdg-gpu] blocklist CSR ready: edges=429694 avg_deg=81.60 max_deg=183
[M::hk_bmap_gen] generated 5266 beads
[M::hk_bmap_gen] 214678 bin pairs
[M::blind-gpu] prepared pair buffers: n_diploid=5266 n_pairs=219821 n_block_keys=429560 n_steps=100
[I::fdg-gpu] blocklist CSR ready: edges=429560 avg_deg=81.57 max_deg=183
[M::hk_bmap_gen] generated 5266 beads
[M::hk_bmap_gen] 214722 bin pairs
[M::blind-gpu] prepared pair buffers: n_diploid=5266 n_pairs=219869 n_block_keys=429658 n_steps=100
[I::fdg-gpu] blocklist CSR ready: edges=429658 avg_deg=81.59 max_deg=184
[M::hk_bmap_gen] generated 5266 beads
[M::hk_bmap_gen] 214682 bin pairs
[M::blind-gpu] prepared pair buffers: n_diploid=5266 n_pairs=219830 n_block_keys=429578 n_steps=100
[I::fdg-gpu] blocklist CSR ready: edges=429578 avg_deg=81.58 max_deg=185
[M::hk_bmap_gen] generated 5266 beads
[M::hk_bmap_gen] 214658 bin pairs
[M::blind-gpu] prepared pair buffers: n_diploid=5266 n_pairs=219808 n_block_keys=429534 n_steps=100
[I::fdg-gpu] blocklist CSR ready: edges=429534 avg_deg=81.57 max_deg=184
[M::hk_bmap_gen] generated 5266 beads
[M::hk_bmap_gen] 214680 bin pairs
[M::blind-gpu] prepared pair buffers: n_diploid=5266 n_pairs=219831 n_block_keys=429582 n_steps=100
[I::fdg-gpu] blocklist CSR ready: edges=429582 avg_deg=81.58 max_deg=182
[M::hk_bmap_gen] generated 5266 beads
[M::hk_bmap_gen] 214643 bin pairs
[M::blind-gpu] prepared pair buffers: n_diploid=5266 n_pairs=219788 n_block_keys=429494 n_steps=100
[I::fdg-gpu] blocklist CSR ready: edges=429494 avg_deg=81.56 max_deg=182
[M::hk_bmap_gen] generated 5266 beads
[M::hk_bmap_gen] 214645 bin pairs
[M::blind-gpu] prepared pair buffers: n_diploid=5266 n_pairs=219794 n_block_keys=429502 n_steps=100
[I::fdg-gpu] blocklist CSR ready: edges=429502 avg_deg=81.56 max_deg=183
[M::hk_bmap_gen] generated 5266 beads
[M::hk_bmap_gen] 214592 bin pairs
[M::blind-gpu] prepared pair buffers: n_diploid=5266 n_pairs=219739 n_block_keys=429390 n_steps=100
[I::fdg-gpu] blocklist CSR ready: edges=429390 avg_deg=81.54 max_deg=183
[M::hk_bmap_gen] generated 5266 beads
[M::hk_bmap_gen] 214542 bin pairs
[M::blind-gpu] prepared pair buffers: n_diploid=5266 n_pairs=219674 n_block_keys=429262 n_steps=100
[I::fdg-gpu] blocklist CSR ready: edges=429262 avg_deg=81.52 max_deg=184
[M::hk_bmap_gen] generated 5266 beads
[M::hk_bmap_gen] 214397 bin pairs
[M::blind-gpu] prepared pair buffers: n_diploid=5266 n_pairs=219535 n_block_keys=428986 n_steps=100
[I::fdg-gpu] blocklist CSR ready: edges=428986 avg_deg=81.46 max_deg=183
[M::hk_bmap_gen] generated 5266 beads
[M::hk_bmap_gen] 214344 bin pairs
[M::blind-gpu] prepared pair buffers: n_diploid=5266 n_pairs=219495 n_block_keys=428904 n_steps=100
[I::fdg-gpu] blocklist CSR ready: edges=428904 avg_deg=81.45 max_deg=183
[M::hk_bmap_gen] generated 5266 beads
[M::hk_bmap_gen] 214323 bin pairs
[M::blind-gpu] prepared pair buffers: n_diploid=5266 n_pairs=219478 n_block_keys=428870 n_steps=100
[I::fdg-gpu] blocklist CSR ready: edges=428870 avg_deg=81.44 max_deg=183
[M::hk_bmap_gen] generated 5266 beads
[M::hk_bmap_gen] 214259 bin pairs
[M::blind-gpu] prepared pair buffers: n_diploid=5266 n_pairs=219418 n_block_keys=428752 n_steps=100
[I::fdg-gpu] blocklist CSR ready: edges=428752 avg_deg=81.42 max_deg=184
[M::hk_bmap_gen] generated 5266 beads
[M::hk_bmap_gen] 214226 bin pairs
[M::blind-gpu] prepared pair buffers: n_diploid=5266 n_pairs=219370 n_block_keys=428656 n_steps=100
[I::fdg-gpu] blocklist CSR ready: edges=428656 avg_deg=81.40 max_deg=184
[M::hk_bmap_gen] generated 5266 beads
[M::hk_bmap_gen] 214228 bin pairs
[M::blind-gpu] prepared pair buffers: n_diploid=5266 n_pairs=219375 n_block_keys=428666 n_steps=100
[I::fdg-gpu] blocklist CSR ready: edges=428666 avg_deg=81.40 max_deg=184
[M::hk_bmap_gen] generated 5266 beads
[M::hk_bmap_gen] 214228 bin pairs
[M::blind-gpu] prepared pair buffers: n_diploid=5266 n_pairs=219379 n_block_keys=428676 n_steps=100
[I::fdg-gpu] blocklist CSR ready: edges=428676 avg_deg=81.40 max_deg=184
[M::hk_bmap_gen] generated 5266 beads
[M::hk_bmap_gen] 214202 bin pairs
[M::blind-gpu] prepared pair buffers: n_diploid=5266 n_pairs=219345 n_block_keys=428610 n_steps=100
[I::fdg-gpu] blocklist CSR ready: edges=428610 avg_deg=81.39 max_deg=184
[M::hk_bmap_gen] generated 5266 beads
[M::hk_bmap_gen] 214113 bin pairs
[M::blind-gpu] prepared pair buffers: n_diploid=5266 n_pairs=219260 n_block_keys=428440 n_steps=100
[I::fdg-gpu] blocklist CSR ready: edges=428440 avg_deg=81.36 max_deg=184
[M::hk_bmap_gen] generated 5266 beads
[M::hk_bmap_gen] 214084 bin pairs
[M::blind-gpu] prepared pair buffers: n_diploid=5266 n_pairs=219226 n_block_keys=428372 n_steps=100
[I::fdg-gpu] blocklist CSR ready: edges=428372 avg_deg=81.35 max_deg=184
[M::hk_bmap_gen] generated 5266 beads
[M::hk_bmap_gen] 214016 bin pairs
[M::blind-gpu] prepared pair buffers: n_diploid=5266 n_pairs=219160 n_block_keys=428242 n_steps=100
[I::fdg-gpu] blocklist CSR ready: edges=428242 avg_deg=81.32 max_deg=185
[M::hk_bmap_gen] generated 5266 beads
[M::hk_bmap_gen] 214001 bin pairs
[M::blind-gpu] prepared pair buffers: n_diploid=5266 n_pairs=219143 n_block_keys=428206 n_steps=100
[I::fdg-gpu] blocklist CSR ready: edges=428206 avg_deg=81.32 max_deg=185
[M::hk_bmap_gen] generated 5266 beads
[M::hk_bmap_gen] 213944 bin pairs
[M::blind-gpu] prepared pair buffers: n_diploid=5266 n_pairs=219093 n_block_keys=428106 n_steps=100
[I::fdg-gpu] blocklist CSR ready: edges=428106 avg_deg=81.30 max_deg=185
[M::hk_bmap_gen] generated 5266 beads
[M::hk_bmap_gen] 213941 bin pairs
[M::blind-gpu] prepared pair buffers: n_diploid=5266 n_pairs=219089 n_block_keys=428098 n_steps=100
[I::fdg-gpu] blocklist CSR ready: edges=428098 avg_deg=81.29 max_deg=186
[M::hk_bmap_gen] generated 5266 beads
[M::hk_bmap_gen] 213885 bin pairs
[M::blind-gpu] prepared pair buffers: n_diploid=5266 n_pairs=219027 n_block_keys=427972 n_steps=100
[I::fdg-gpu] blocklist CSR ready: edges=427972 avg_deg=81.27 max_deg=186
[M::hk_bmap_gen] generated 5266 beads
[M::hk_bmap_gen] 213848 bin pairs
[M::blind-gpu] prepared pair buffers: n_diploid=5266 n_pairs=218994 n_block_keys=427906 n_steps=100
[I::fdg-gpu] blocklist CSR ready: edges=427906 avg_deg=81.26 max_deg=186
[M::hk_bmap_gen] generated 5266 beads
[M::hk_bmap_gen] 213853 bin pairs
[M::blind-gpu] prepared pair buffers: n_diploid=5266 n_pairs=219001 n_block_keys=427918 n_steps=100
[I::fdg-gpu] blocklist CSR ready: edges=427918 avg_deg=81.26 max_deg=186
[M::hk_bmap_gen] generated 5266 beads
[M::hk_bmap_gen] 213802 bin pairs
[M::blind-gpu] prepared pair buffers: n_diploid=5266 n_pairs=218949 n_block_keys=427814 n_steps=100
[I::fdg-gpu] blocklist CSR ready: edges=427814 avg_deg=81.24 max_deg=186
[M::hk_bmap_gen] generated 5266 beads
[M::hk_bmap_gen] 213809 bin pairs
[M::blind-gpu] prepared pair buffers: n_diploid=5266 n_pairs=218964 n_block_keys=427844 n_steps=100
[I::fdg-gpu] blocklist CSR ready: edges=427844 avg_deg=81.25 max_deg=186
[M::hk_bmap_gen] generated 5266 beads
[M::hk_bmap_gen] 213813 bin pairs
[M::blind-gpu] prepared pair buffers: n_diploid=5266 n_pairs=218972 n_block_keys=427860 n_steps=100
[I::fdg-gpu] blocklist CSR ready: edges=427860 avg_deg=81.25 max_deg=186
[M::hk_bmap_gen] generated 5266 beads
[M::hk_bmap_gen] 213797 bin pairs
[M::blind-gpu] prepared pair buffers: n_diploid=5266 n_pairs=218958 n_block_keys=427832 n_steps=100
[I::fdg-gpu] blocklist CSR ready: edges=427832 avg_deg=81.24 max_deg=186
[M::hk_bmap_gen] generated 5266 beads
[M::hk_bmap_gen] 213820 bin pairs
[M::blind-gpu] prepared pair buffers: n_diploid=5266 n_pairs=218977 n_block_keys=427870 n_steps=100
[I::fdg-gpu] blocklist CSR ready: edges=427870 avg_deg=81.25 max_deg=186
[M::hk_bmap_gen] generated 5266 beads
[M::hk_bmap_gen] 213813 bin pairs
[M::blind-gpu] prepared pair buffers: n_diploid=5266 n_pairs=218970 n_block_keys=427856 n_steps=100
[I::fdg-gpu] blocklist CSR ready: edges=427856 avg_deg=81.25 max_deg=186
[M::hk_bmap_gen] generated 5266 beads
[M::hk_bmap_gen] 213772 bin pairs
[M::blind-gpu] prepared pair buffers: n_diploid=5266 n_pairs=218925 n_block_keys=427766 n_steps=100
[I::fdg-gpu] blocklist CSR ready: edges=427766 avg_deg=81.23 max_deg=186
[M::hk_bmap_gen] generated 5266 beads
[M::hk_bmap_gen] 213769 bin pairs
[M::blind-gpu] prepared pair buffers: n_diploid=5266 n_pairs=218912 n_block_keys=427740 n_steps=100
[I::fdg-gpu] blocklist CSR ready: edges=427740 avg_deg=81.23 max_deg=186
[M::hk_bmap_gen] generated 5266 beads
[M::hk_bmap_gen] 213765 bin pairs
[M::blind-gpu] prepared pair buffers: n_diploid=5266 n_pairs=218903 n_block_keys=427720 n_steps=100
[I::fdg-gpu] blocklist CSR ready: edges=427720 avg_deg=81.22 max_deg=186
[M::hk_bmap_gen] generated 5266 beads
[M::hk_bmap_gen] 213769 bin pairs
[M::blind-gpu] prepared pair buffers: n_diploid=5266 n_pairs=218911 n_block_keys=427736 n_steps=100
[I::fdg-gpu] blocklist CSR ready: edges=427736 avg_deg=81.23 max_deg=186
[M::hk_bmap_gen] generated 5266 beads
[M::hk_bmap_gen] 213751 bin pairs
[M::blind-gpu] prepared pair buffers: n_diploid=5266 n_pairs=218894 n_block_keys=427702 n_steps=100
[I::fdg-gpu] blocklist CSR ready: edges=427702 avg_deg=81.22 max_deg=186
[M::hk_bmap_gen] generated 5266 beads
[M::hk_bmap_gen] 213742 bin pairs
[M::blind-gpu] prepared pair buffers: n_diploid=5266 n_pairs=218880 n_block_keys=427676 n_steps=100
[I::fdg-gpu] blocklist CSR ready: edges=427676 avg_deg=81.21 max_deg=186
[M::hk_bmap_gen] generated 5266 beads
[M::hk_bmap_gen] 213733 bin pairs
[M::blind-gpu] prepared pair buffers: n_diploid=5266 n_pairs=218877 n_block_keys=427670 n_steps=100
[I::fdg-gpu] blocklist CSR ready: edges=427670 avg_deg=81.21 max_deg=186
[M::hk_bmap_gen] generated 5266 beads
[M::hk_bmap_gen] 213766 bin pairs
[M::blind-gpu] prepared pair buffers: n_diploid=5266 n_pairs=218910 n_block_keys=427736 n_steps=100
[I::fdg-gpu] blocklist CSR ready: edges=427736 avg_deg=81.23 max_deg=186
[M::hk_bmap_gen] generated 5266 beads
[M::hk_bmap_gen] 213749 bin pairs
[M::blind-gpu] prepared pair buffers: n_diploid=5266 n_pairs=218893 n_block_keys=427702 n_steps=100
[I::fdg-gpu] blocklist CSR ready: edges=427702 avg_deg=81.22 max_deg=186
[M::hk_bmap_gen] generated 5266 beads
[M::hk_bmap_gen] 213759 bin pairs
[M::blind-gpu] prepared pair buffers: n_diploid=5266 n_pairs=218901 n_block_keys=427718 n_steps=100
[I::fdg-gpu] blocklist CSR ready: edges=427718 avg_deg=81.22 max_deg=186
[M::hk_bmap_gen] generated 5266 beads
[M::hk_bmap_gen] 213787 bin pairs
[M::blind-gpu] prepared pair buffers: n_diploid=5266 n_pairs=218936 n_block_keys=427788 n_steps=100
[I::fdg-gpu] blocklist CSR ready: edges=427788 avg_deg=81.24 max_deg=186
[M::hk_bmap_gen] generated 5266 beads
[M::hk_bmap_gen] 213768 bin pairs
[M::blind-gpu] prepared pair buffers: n_diploid=5266 n_pairs=218912 n_block_keys=427740 n_steps=100
[I::fdg-gpu] blocklist CSR ready: edges=427740 avg_deg=81.23 max_deg=186
[M::hk_bmap_gen] generated 5266 beads
[M::hk_bmap_gen] 213775 bin pairs
[M::blind-gpu] prepared pair buffers: n_diploid=5266 n_pairs=218919 n_block_keys=427754 n_steps=100
[I::fdg-gpu] blocklist CSR ready: edges=427754 avg_deg=81.23 max_deg=186
[M::hk_bmap_gen] generated 5266 beads
[M::hk_bmap_gen] 213759 bin pairs
[M::blind-gpu] prepared pair buffers: n_diploid=5266 n_pairs=218903 n_block_keys=427722 n_steps=100
[I::fdg-gpu] blocklist CSR ready: edges=427722 avg_deg=81.22 max_deg=185
[M::hk_bmap_gen] generated 5266 beads
[M::hk_bmap_gen] 213751 bin pairs
[M::blind-gpu] prepared pair buffers: n_diploid=5266 n_pairs=218901 n_block_keys=427718 n_steps=100
[I::fdg-gpu] blocklist CSR ready: edges=427718 avg_deg=81.22 max_deg=185
[M::hk_bmap_gen] generated 5266 beads
[M::hk_bmap_gen] 213745 bin pairs
[M::blind-gpu] prepared pair buffers: n_diploid=5266 n_pairs=218894 n_block_keys=427702 n_steps=100
[I::fdg-gpu] blocklist CSR ready: edges=427702 avg_deg=81.22 max_deg=185
[M::hk_bmap_gen] generated 5266 beads
[M::hk_bmap_gen] 213737 bin pairs
[M::blind-gpu] prepared pair buffers: n_diploid=5266 n_pairs=218883 n_block_keys=427680 n_steps=100
[I::fdg-gpu] blocklist CSR ready: edges=427680 avg_deg=81.22 max_deg=185
[M::hk_bmap_gen] generated 5266 beads
[M::hk_bmap_gen] 213793 bin pairs
[M::blind-gpu] prepared pair buffers: n_diploid=5266 n_pairs=218941 n_block_keys=427796 n_steps=100
[I::fdg-gpu] blocklist CSR ready: edges=427796 avg_deg=81.24 max_deg=185
[M::hk_bmap_gen] generated 5266 beads
[M::hk_bmap_gen] 213830 bin pairs
[M::blind-gpu] prepared pair buffers: n_diploid=5266 n_pairs=218977 n_block_keys=427868 n_steps=100
[I::fdg-gpu] blocklist CSR ready: edges=427868 avg_deg=81.25 max_deg=185
[M::hk_bmap_gen] generated 5266 beads
[M::hk_bmap_gen] 213818 bin pairs
[M::blind-gpu] prepared pair buffers: n_diploid=5266 n_pairs=218962 n_block_keys=427838 n_steps=100
[I::fdg-gpu] blocklist CSR ready: edges=427838 avg_deg=81.25 max_deg=185
[M::hk_bmap_gen] generated 5266 beads
[M::hk_bmap_gen] 213821 bin pairs
[M::blind-gpu] prepared pair buffers: n_diploid=5266 n_pairs=218967 n_block_keys=427848 n_steps=100
[I::fdg-gpu] blocklist CSR ready: edges=427848 avg_deg=81.25 max_deg=185
[M::hk_bmap_gen] generated 5266 beads
[M::hk_bmap_gen] 213836 bin pairs
[M::blind-gpu] prepared pair buffers: n_diploid=5266 n_pairs=218984 n_block_keys=427882 n_steps=100
[I::fdg-gpu] blocklist CSR ready: edges=427882 avg_deg=81.25 max_deg=185
[M::hk_bmap_gen] generated 5266 beads
[M::hk_bmap_gen] 213828 bin pairs
[M::blind-gpu] prepared pair buffers: n_diploid=5266 n_pairs=218973 n_block_keys=427860 n_steps=100
[I::fdg-gpu] blocklist CSR ready: edges=427860 avg_deg=81.25 max_deg=185
[M::hk_bmap_gen] generated 5266 beads
[M::hk_bmap_gen] 213815 bin pairs
[M::blind-gpu] prepared pair buffers: n_diploid=5266 n_pairs=218965 n_block_keys=427846 n_steps=100
[I::fdg-gpu] blocklist CSR ready: edges=427846 avg_deg=81.25 max_deg=185
[M::hk_bmap_gen] generated 5266 beads
[M::hk_bmap_gen] 213805 bin pairs
[M::blind-gpu] prepared pair buffers: n_diploid=5266 n_pairs=218953 n_block_keys=427822 n_steps=100
[I::fdg-gpu] blocklist CSR ready: edges=427822 avg_deg=81.24 max_deg=185
[M::hk_bmap_gen] generated 5266 beads
[M::hk_bmap_gen] 213785 bin pairs
[M::blind-gpu] prepared pair buffers: n_diploid=5266 n_pairs=218939 n_block_keys=427794 n_steps=100
[I::fdg-gpu] blocklist CSR ready: edges=427794 avg_deg=81.24 max_deg=185
[M::hk_bmap_gen] generated 5266 beads
[M::hk_bmap_gen] 213784 bin pairs
[M::blind-gpu] prepared pair buffers: n_diploid=5266 n_pairs=218938 n_block_keys=427792 n_steps=100
[I::fdg-gpu] blocklist CSR ready: edges=427792 avg_deg=81.24 max_deg=185
[M::hk_bmap_gen] generated 5266 beads
[M::hk_bmap_gen] 213765 bin pairs
[M::blind-gpu] prepared pair buffers: n_diploid=5266 n_pairs=218914 n_block_keys=427744 n_steps=100
[I::fdg-gpu] blocklist CSR ready: edges=427744 avg_deg=81.23 max_deg=185
[M::hk_bmap_gen] generated 5266 beads
[M::hk_bmap_gen] 213757 bin pairs
[M::blind-gpu] prepared pair buffers: n_diploid=5266 n_pairs=218906 n_block_keys=427730 n_steps=100
[I::fdg-gpu] blocklist CSR ready: edges=427730 avg_deg=81.22 max_deg=185
[M::hk_bmap_gen] generated 5266 beads
[M::hk_bmap_gen] 213768 bin pairs
[M::blind-gpu] prepared pair buffers: n_diploid=5266 n_pairs=218919 n_block_keys=427758 n_steps=100
[I::fdg-gpu] blocklist CSR ready: edges=427758 avg_deg=81.23 max_deg=185
[M::hk_bmap_gen] generated 5266 beads
[M::hk_bmap_gen] 213774 bin pairs
[M::blind-gpu] prepared pair buffers: n_diploid=5266 n_pairs=218925 n_block_keys=427772 n_steps=100
[I::fdg-gpu] blocklist CSR ready: edges=427772 avg_deg=81.23 max_deg=185
[M::hk_bmap_gen] generated 5266 beads
[M::hk_bmap_gen] 213771 bin pairs
[M::blind-gpu] prepared pair buffers: n_diploid=5266 n_pairs=218925 n_block_keys=427772 n_steps=100
[I::fdg-gpu] blocklist CSR ready: edges=427772 avg_deg=81.23 max_deg=185
[M::hk_bmap_gen] generated 5266 beads
[M::hk_bmap_gen] 213749 bin pairs
[M::blind-gpu] prepared pair buffers: n_diploid=5266 n_pairs=218899 n_block_keys=427720 n_steps=100
[I::fdg-gpu] blocklist CSR ready: edges=427720 avg_deg=81.22 max_deg=185
[M::hk_bmap_gen] generated 5266 beads
[M::hk_bmap_gen] 213746 bin pairs
[M::blind-gpu] prepared pair buffers: n_diploid=5266 n_pairs=218894 n_block_keys=427710 n_steps=100
[I::fdg-gpu] blocklist CSR ready: edges=427710 avg_deg=81.22 max_deg=185
[M::hk_bmap_gen] generated 5266 beads
[M::hk_bmap_gen] 213756 bin pairs
[M::blind-gpu] prepared pair buffers: n_diploid=5266 n_pairs=218905 n_block_keys=427732 n_steps=100
[I::fdg-gpu] blocklist CSR ready: edges=427732 avg_deg=81.23 max_deg=185
[M::hk_bmap_gen] generated 5266 beads
[M::hk_bmap_gen] 213744 bin pairs
[M::blind-gpu] prepared pair buffers: n_diploid=5266 n_pairs=218893 n_block_keys=427708 n_steps=100
[I::fdg-gpu] blocklist CSR ready: edges=427708 avg_deg=81.22 max_deg=185
[M::hk_bmap_gen] generated 5266 beads
[M::hk_bmap_gen] 213749 bin pairs
[M::blind-gpu] prepared pair buffers: n_diploid=5266 n_pairs=218898 n_block_keys=427718 n_steps=100
[I::fdg-gpu] blocklist CSR ready: edges=427718 avg_deg=81.22 max_deg=185
[M::hk_bmap_gen] generated 5266 beads
[M::hk_bmap_gen] 213755 bin pairs
[M::blind-gpu] prepared pair buffers: n_diploid=5266 n_pairs=218907 n_block_keys=427736 n_steps=100
[I::fdg-gpu] blocklist CSR ready: edges=427736 avg_deg=81.23 max_deg=185
minimal P9016[1m]: write outputs to /mnt/ssd/zliu/phase3/test_res/034-20260619_140108-p9016_entropy_rho_temperature_1m/outputs/p9016_pcgamma1_rho_constant_temp1_td1_sep0_ieps0p5_noise0_seed17
[M::hk_bmap_gen] generated 5266 beads
[M::hk_bmap_gen] 213773 bin pairs
minimal P9016[1m]: status=OK final_entropy=0.61163151 final_pU=0.44119886
minimal P9016: summary /mnt/ssd/zliu/phase3/test_res/034-20260619_140108-p9016_entropy_rho_temperature_1m/outputs/matrix_summary.tsv
