minimal P9016: input=/shared/zliu/CHARM/CHARM_mesc/data/pairs/P9016.pairs.gz output_root=/mnt/ssd/zliu/phase3/test_res/034-20260619_140108-p9016_entropy_rho_temperature_1m/outputs config=p9016_pcgamma1_rho_entropy_temp2to1_td1_sep0 baseline=softall n_iter=100 relax_steps=100 relax_step=0.012 chain=0 init_mode=unphased_scaffold_split init_eps=0.5 init_noise=0 init_scale=10 init_seed=17 min_sep=0 lambda_sep=0 lambda_copytrack=0 lambda_global_copytrack=0 trans_chr_pair_prior_lambda=0 trans_chr_pair_prior_eps=0.001 trans_chr_pair_prior_power=1 trans_chr_pair_prior_warmup_iter=0 d_scale_mode=posterior_count d_scale_input=posterior_count d_scale_formula=n_raw*posterior_prob^1 d_scale_gamma=1 d_scale_eps=1e-06 trans_k_multiplier=1 trans_dscale_multiplier=1 trans_top1_mode=off trans_top1_min_pmax=1 trans_top1_min_margin=1 trans_top1_mix_weight=0 readgroup_mode=off readgroup_max_segments=8 readgroup_eps=1e-06 relax_backend=gpu
minimal P9016: stage 1/1 name=1m bin_size_bp=1000000 parent=0
[M::hk_map_read] read 1703888 pairs
[M::hk_bmap_gen] generated 2633 beads
[M::hk_bmap_gen] 489556 bin pairs
minimal P9016[1m]: build binned contacts
minimal P9016[1m]: init mode=unphased_scaffold_split seed=17 scale=10
[M::hk_fdg] mid_dist:1000000 max_nei:69
[M::hk_fdg1_cpu] iter:10 elapsed:0.32s rep_coef:0.2092 RMS_force:367.1874 n_rep:43.0820 energy:25.1082,6.6566,0.0049 dist:5.6169,6.6204,1.4501
[M::hk_fdg1_cpu] iter:20 elapsed:0.79s rep_coef:0.6615 RMS_force:336.9308 n_rep:157.7303 energy:7.7515,3.4068,0.0177 dist:3.4076,4.2658,1.4016
[M::hk_fdg1_cpu] iter:30 elapsed:1.73s rep_coef:0.9352 RMS_force:226.0828 n_rep:592.3505 energy:1.8327,1.0566,0.0354 dist:1.9896,2.3234,1.2554
[M::hk_fdg1_cpu] iter:40 elapsed:3.11s rep_coef:0.9907 RMS_force:132.8226 n_rep:808.7839 energy:0.5357,0.4158,0.0366 dist:1.4081,1.7237,1.2560
[M::hk_fdg1_cpu] iter:50 elapsed:4.56s rep_coef:0.9987 RMS_force:99.3491 n_rep:815.5837 energy:0.1678,0.2703,0.0325 dist:1.0643,1.6062,1.3142
minimal P9016[1m]: run softall, n_iter=100 relax_steps=100 relax_step=0.012 relax_backend=gpu
[M::hk_bmap_gen] generated 5266 beads
[M::hk_bmap_gen] 296072 bin pairs
[M::blind-gpu] prepared pair buffers: n_diploid=5266 n_pairs=301259 n_block_keys=592426 n_steps=100
[I::fdg-gpu] blocklist CSR ready: edges=592426 avg_deg=112.50 max_deg=191
[M::hk_bmap_gen] generated 5266 beads
[M::hk_bmap_gen] 294041 bin pairs
[M::blind-gpu] prepared pair buffers: n_diploid=5266 n_pairs=299215 n_block_keys=588336 n_steps=100
[I::fdg-gpu] blocklist CSR ready: edges=588336 avg_deg=111.72 max_deg=192
[M::hk_bmap_gen] generated 5266 beads
[M::hk_bmap_gen] 290268 bin pairs
[M::blind-gpu] prepared pair buffers: n_diploid=5266 n_pairs=295417 n_block_keys=580740 n_steps=100
[I::fdg-gpu] blocklist CSR ready: edges=580740 avg_deg=110.28 max_deg=190
[M::hk_bmap_gen] generated 5266 beads
[M::hk_bmap_gen] 285778 bin pairs
[M::blind-gpu] prepared pair buffers: n_diploid=5266 n_pairs=290932 n_block_keys=571770 n_steps=100
[I::fdg-gpu] blocklist CSR ready: edges=571770 avg_deg=108.58 max_deg=187
[M::hk_bmap_gen] generated 5266 beads
[M::hk_bmap_gen] 282006 bin pairs
[M::blind-gpu] prepared pair buffers: n_diploid=5266 n_pairs=287162 n_block_keys=564230 n_steps=100
[I::fdg-gpu] blocklist CSR ready: edges=564230 avg_deg=107.15 max_deg=188
[M::hk_bmap_gen] generated 5266 beads
[M::hk_bmap_gen] 278751 bin pairs
[M::blind-gpu] prepared pair buffers: n_diploid=5266 n_pairs=283905 n_block_keys=557716 n_steps=100
[I::fdg-gpu] blocklist CSR ready: edges=557716 avg_deg=105.91 max_deg=186
[M::hk_bmap_gen] generated 5266 beads
[M::hk_bmap_gen] 276132 bin pairs
[M::blind-gpu] prepared pair buffers: n_diploid=5266 n_pairs=281270 n_block_keys=552446 n_steps=100
[I::fdg-gpu] blocklist CSR ready: edges=552446 avg_deg=104.91 max_deg=187
[M::hk_bmap_gen] generated 5266 beads
[M::hk_bmap_gen] 274028 bin pairs
[M::blind-gpu] prepared pair buffers: n_diploid=5266 n_pairs=279168 n_block_keys=548242 n_steps=100
[I::fdg-gpu] blocklist CSR ready: edges=548242 avg_deg=104.11 max_deg=188
[M::hk_bmap_gen] generated 5266 beads
[M::hk_bmap_gen] 271740 bin pairs
[M::blind-gpu] prepared pair buffers: n_diploid=5266 n_pairs=276841 n_block_keys=543590 n_steps=100
[I::fdg-gpu] blocklist CSR ready: edges=543590 avg_deg=103.23 max_deg=190
[M::hk_bmap_gen] generated 5266 beads
[M::hk_bmap_gen] 269702 bin pairs
[M::blind-gpu] prepared pair buffers: n_diploid=5266 n_pairs=274831 n_block_keys=539570 n_steps=100
[I::fdg-gpu] blocklist CSR ready: edges=539570 avg_deg=102.46 max_deg=190
[M::hk_bmap_gen] generated 5266 beads
[M::hk_bmap_gen] 267914 bin pairs
[M::blind-gpu] prepared pair buffers: n_diploid=5266 n_pairs=273006 n_block_keys=535920 n_steps=100
[I::fdg-gpu] blocklist CSR ready: edges=535920 avg_deg=101.77 max_deg=190
[M::hk_bmap_gen] generated 5266 beads
[M::hk_bmap_gen] 266547 bin pairs
[M::blind-gpu] prepared pair buffers: n_diploid=5266 n_pairs=271658 n_block_keys=533224 n_steps=100
[I::fdg-gpu] blocklist CSR ready: edges=533224 avg_deg=101.26 max_deg=193
[M::hk_bmap_gen] generated 5266 beads
[M::hk_bmap_gen] 265046 bin pairs
[M::blind-gpu] prepared pair buffers: n_diploid=5266 n_pairs=270126 n_block_keys=530160 n_steps=100
[I::fdg-gpu] blocklist CSR ready: edges=530160 avg_deg=100.68 max_deg=191
[M::hk_bmap_gen] generated 5266 beads
[M::hk_bmap_gen] 263660 bin pairs
[M::blind-gpu] prepared pair buffers: n_diploid=5266 n_pairs=268756 n_block_keys=527420 n_steps=100
[I::fdg-gpu] blocklist CSR ready: edges=527420 avg_deg=100.16 max_deg=193
[M::hk_bmap_gen] generated 5266 beads
[M::hk_bmap_gen] 262188 bin pairs
[M::blind-gpu] prepared pair buffers: n_diploid=5266 n_pairs=267272 n_block_keys=524454 n_steps=100
[I::fdg-gpu] blocklist CSR ready: edges=524454 avg_deg=99.59 max_deg=196
[M::hk_bmap_gen] generated 5266 beads
[M::hk_bmap_gen] 260833 bin pairs
[M::blind-gpu] prepared pair buffers: n_diploid=5266 n_pairs=265930 n_block_keys=521768 n_steps=100
[I::fdg-gpu] blocklist CSR ready: edges=521768 avg_deg=99.08 max_deg=197
[M::hk_bmap_gen] generated 5266 beads
[M::hk_bmap_gen] 259621 bin pairs
[M::blind-gpu] prepared pair buffers: n_diploid=5266 n_pairs=264720 n_block_keys=519348 n_steps=100
[I::fdg-gpu] blocklist CSR ready: edges=519348 avg_deg=98.62 max_deg=201
[M::hk_bmap_gen] generated 5266 beads
[M::hk_bmap_gen] 258312 bin pairs
[M::blind-gpu] prepared pair buffers: n_diploid=5266 n_pairs=263420 n_block_keys=516748 n_steps=100
[I::fdg-gpu] blocklist CSR ready: edges=516748 avg_deg=98.13 max_deg=201
[M::hk_bmap_gen] generated 5266 beads
[M::hk_bmap_gen] 257123 bin pairs
[M::blind-gpu] prepared pair buffers: n_diploid=5266 n_pairs=262237 n_block_keys=514382 n_steps=100
[I::fdg-gpu] blocklist CSR ready: edges=514382 avg_deg=97.68 max_deg=203
[M::hk_bmap_gen] generated 5266 beads
[M::hk_bmap_gen] 256011 bin pairs
[M::blind-gpu] prepared pair buffers: n_diploid=5266 n_pairs=261116 n_block_keys=512142 n_steps=100
[I::fdg-gpu] blocklist CSR ready: edges=512142 avg_deg=97.25 max_deg=203
[M::hk_bmap_gen] generated 5266 beads
[M::hk_bmap_gen] 255126 bin pairs
[M::blind-gpu] prepared pair buffers: n_diploid=5266 n_pairs=260237 n_block_keys=510384 n_steps=100
[I::fdg-gpu] blocklist CSR ready: edges=510384 avg_deg=96.92 max_deg=201
[M::hk_bmap_gen] generated 5266 beads
[M::hk_bmap_gen] 253893 bin pairs
[M::blind-gpu] prepared pair buffers: n_diploid=5266 n_pairs=259002 n_block_keys=507916 n_steps=100
[I::fdg-gpu] blocklist CSR ready: edges=507916 avg_deg=96.45 max_deg=196
[M::hk_bmap_gen] generated 5266 beads
[M::hk_bmap_gen] 252613 bin pairs
[M::blind-gpu] prepared pair buffers: n_diploid=5266 n_pairs=257703 n_block_keys=505318 n_steps=100
[I::fdg-gpu] blocklist CSR ready: edges=505318 avg_deg=95.96 max_deg=199
[M::hk_bmap_gen] generated 5266 beads
[M::hk_bmap_gen] 251184 bin pairs
[M::blind-gpu] prepared pair buffers: n_diploid=5266 n_pairs=256283 n_block_keys=502474 n_steps=100
[I::fdg-gpu] blocklist CSR ready: edges=502474 avg_deg=95.42 max_deg=200
[M::hk_bmap_gen] generated 5266 beads
[M::hk_bmap_gen] 249609 bin pairs
[M::blind-gpu] prepared pair buffers: n_diploid=5266 n_pairs=254710 n_block_keys=499330 n_steps=100
[I::fdg-gpu] blocklist CSR ready: edges=499330 avg_deg=94.82 max_deg=200
[M::hk_bmap_gen] generated 5266 beads
[M::hk_bmap_gen] 248325 bin pairs
[M::blind-gpu] prepared pair buffers: n_diploid=5266 n_pairs=253435 n_block_keys=496782 n_steps=100
[I::fdg-gpu] blocklist CSR ready: edges=496782 avg_deg=94.34 max_deg=196
[M::hk_bmap_gen] generated 5266 beads
[M::hk_bmap_gen] 246961 bin pairs
[M::blind-gpu] prepared pair buffers: n_diploid=5266 n_pairs=252057 n_block_keys=494026 n_steps=100
[I::fdg-gpu] blocklist CSR ready: edges=494026 avg_deg=93.81 max_deg=197
[M::hk_bmap_gen] generated 5266 beads
[M::hk_bmap_gen] 245774 bin pairs
[M::blind-gpu] prepared pair buffers: n_diploid=5266 n_pairs=250864 n_block_keys=491638 n_steps=100
[I::fdg-gpu] blocklist CSR ready: edges=491638 avg_deg=93.36 max_deg=195
[M::hk_bmap_gen] generated 5266 beads
[M::hk_bmap_gen] 244400 bin pairs
[M::blind-gpu] prepared pair buffers: n_diploid=5266 n_pairs=249492 n_block_keys=488894 n_steps=100
[I::fdg-gpu] blocklist CSR ready: edges=488894 avg_deg=92.84 max_deg=197
[M::hk_bmap_gen] generated 5266 beads
[M::hk_bmap_gen] 243564 bin pairs
[M::blind-gpu] prepared pair buffers: n_diploid=5266 n_pairs=248653 n_block_keys=487216 n_steps=100
[I::fdg-gpu] blocklist CSR ready: edges=487216 avg_deg=92.52 max_deg=198
[M::hk_bmap_gen] generated 5266 beads
[M::hk_bmap_gen] 242495 bin pairs
[M::blind-gpu] prepared pair buffers: n_diploid=5266 n_pairs=247588 n_block_keys=485086 n_steps=100
[I::fdg-gpu] blocklist CSR ready: edges=485086 avg_deg=92.12 max_deg=199
[M::hk_bmap_gen] generated 5266 beads
[M::hk_bmap_gen] 241727 bin pairs
[M::blind-gpu] prepared pair buffers: n_diploid=5266 n_pairs=246826 n_block_keys=483560 n_steps=100
[I::fdg-gpu] blocklist CSR ready: edges=483560 avg_deg=91.83 max_deg=206
[M::hk_bmap_gen] generated 5266 beads
[M::hk_bmap_gen] 241058 bin pairs
[M::blind-gpu] prepared pair buffers: n_diploid=5266 n_pairs=246150 n_block_keys=482206 n_steps=100
[I::fdg-gpu] blocklist CSR ready: edges=482206 avg_deg=91.57 max_deg=205
[M::hk_bmap_gen] generated 5266 beads
[M::hk_bmap_gen] 240300 bin pairs
[M::blind-gpu] prepared pair buffers: n_diploid=5266 n_pairs=245396 n_block_keys=480700 n_steps=100
[I::fdg-gpu] blocklist CSR ready: edges=480700 avg_deg=91.28 max_deg=205
[M::hk_bmap_gen] generated 5266 beads
[M::hk_bmap_gen] 239332 bin pairs
[M::blind-gpu] prepared pair buffers: n_diploid=5266 n_pairs=244442 n_block_keys=478792 n_steps=100
[I::fdg-gpu] blocklist CSR ready: edges=478792 avg_deg=90.92 max_deg=206
[M::hk_bmap_gen] generated 5266 beads
[M::hk_bmap_gen] 238350 bin pairs
[M::blind-gpu] prepared pair buffers: n_diploid=5266 n_pairs=243454 n_block_keys=476818 n_steps=100
[I::fdg-gpu] blocklist CSR ready: edges=476818 avg_deg=90.55 max_deg=203
[M::hk_bmap_gen] generated 5266 beads
[M::hk_bmap_gen] 237488 bin pairs
[M::blind-gpu] prepared pair buffers: n_diploid=5266 n_pairs=242604 n_block_keys=475118 n_steps=100
[I::fdg-gpu] blocklist CSR ready: edges=475118 avg_deg=90.22 max_deg=195
[M::hk_bmap_gen] generated 5266 beads
[M::hk_bmap_gen] 236632 bin pairs
[M::blind-gpu] prepared pair buffers: n_diploid=5266 n_pairs=241754 n_block_keys=473418 n_steps=100
[I::fdg-gpu] blocklist CSR ready: edges=473418 avg_deg=89.90 max_deg=191
[M::hk_bmap_gen] generated 5266 beads
[M::hk_bmap_gen] 235599 bin pairs
[M::blind-gpu] prepared pair buffers: n_diploid=5266 n_pairs=240723 n_block_keys=471356 n_steps=100
[I::fdg-gpu] blocklist CSR ready: edges=471356 avg_deg=89.51 max_deg=186
[M::hk_bmap_gen] generated 5266 beads
[M::hk_bmap_gen] 234445 bin pairs
[M::blind-gpu] prepared pair buffers: n_diploid=5266 n_pairs=239568 n_block_keys=469048 n_steps=100
[I::fdg-gpu] blocklist CSR ready: edges=469048 avg_deg=89.07 max_deg=188
[M::hk_bmap_gen] generated 5266 beads
[M::hk_bmap_gen] 233496 bin pairs
[M::blind-gpu] prepared pair buffers: n_diploid=5266 n_pairs=238597 n_block_keys=467106 n_steps=100
[I::fdg-gpu] blocklist CSR ready: edges=467106 avg_deg=88.70 max_deg=186
[M::hk_bmap_gen] generated 5266 beads
[M::hk_bmap_gen] 232485 bin pairs
[M::blind-gpu] prepared pair buffers: n_diploid=5266 n_pairs=237592 n_block_keys=465096 n_steps=100
[I::fdg-gpu] blocklist CSR ready: edges=465096 avg_deg=88.32 max_deg=184
[M::hk_bmap_gen] generated 5266 beads
[M::hk_bmap_gen] 231363 bin pairs
[M::blind-gpu] prepared pair buffers: n_diploid=5266 n_pairs=236439 n_block_keys=462788 n_steps=100
[I::fdg-gpu] blocklist CSR ready: edges=462788 avg_deg=87.88 max_deg=185
[M::hk_bmap_gen] generated 5266 beads
[M::hk_bmap_gen] 230409 bin pairs
[M::blind-gpu] prepared pair buffers: n_diploid=5266 n_pairs=235507 n_block_keys=460928 n_steps=100
[I::fdg-gpu] blocklist CSR ready: edges=460928 avg_deg=87.53 max_deg=183
[M::hk_bmap_gen] generated 5266 beads
[M::hk_bmap_gen] 229531 bin pairs
[M::blind-gpu] prepared pair buffers: n_diploid=5266 n_pairs=234636 n_block_keys=459186 n_steps=100
[I::fdg-gpu] blocklist CSR ready: edges=459186 avg_deg=87.20 max_deg=183
[M::hk_bmap_gen] generated 5266 beads
[M::hk_bmap_gen] 228802 bin pairs
[M::blind-gpu] prepared pair buffers: n_diploid=5266 n_pairs=233907 n_block_keys=457728 n_steps=100
[I::fdg-gpu] blocklist CSR ready: edges=457728 avg_deg=86.92 max_deg=182
[M::hk_bmap_gen] generated 5266 beads
[M::hk_bmap_gen] 227996 bin pairs
[M::blind-gpu] prepared pair buffers: n_diploid=5266 n_pairs=233108 n_block_keys=456132 n_steps=100
[I::fdg-gpu] blocklist CSR ready: edges=456132 avg_deg=86.62 max_deg=181
[M::hk_bmap_gen] generated 5266 beads
[M::hk_bmap_gen] 227204 bin pairs
[M::blind-gpu] prepared pair buffers: n_diploid=5266 n_pairs=232311 n_block_keys=454538 n_steps=100
[I::fdg-gpu] blocklist CSR ready: edges=454538 avg_deg=86.32 max_deg=179
[M::hk_bmap_gen] generated 5266 beads
[M::hk_bmap_gen] 226559 bin pairs
[M::blind-gpu] prepared pair buffers: n_diploid=5266 n_pairs=231665 n_block_keys=453246 n_steps=100
[I::fdg-gpu] blocklist CSR ready: edges=453246 avg_deg=86.07 max_deg=178
[M::hk_bmap_gen] generated 5266 beads
[M::hk_bmap_gen] 225876 bin pairs
[M::blind-gpu] prepared pair buffers: n_diploid=5266 n_pairs=230962 n_block_keys=451840 n_steps=100
[I::fdg-gpu] blocklist CSR ready: edges=451840 avg_deg=85.80 max_deg=180
[M::hk_bmap_gen] generated 5266 beads
[M::hk_bmap_gen] 225392 bin pairs
[M::blind-gpu] prepared pair buffers: n_diploid=5266 n_pairs=230500 n_block_keys=450916 n_steps=100
[I::fdg-gpu] blocklist CSR ready: edges=450916 avg_deg=85.63 max_deg=181
[M::hk_bmap_gen] generated 5266 beads
[M::hk_bmap_gen] 224888 bin pairs
[M::blind-gpu] prepared pair buffers: n_diploid=5266 n_pairs=229979 n_block_keys=449874 n_steps=100
[I::fdg-gpu] blocklist CSR ready: edges=449874 avg_deg=85.43 max_deg=181
[M::hk_bmap_gen] generated 5266 beads
[M::hk_bmap_gen] 224567 bin pairs
[M::blind-gpu] prepared pair buffers: n_diploid=5266 n_pairs=229652 n_block_keys=449220 n_steps=100
[I::fdg-gpu] blocklist CSR ready: edges=449220 avg_deg=85.31 max_deg=174
[M::hk_bmap_gen] generated 5266 beads
[M::hk_bmap_gen] 224208 bin pairs
[M::blind-gpu] prepared pair buffers: n_diploid=5266 n_pairs=229293 n_block_keys=448500 n_steps=100
[I::fdg-gpu] blocklist CSR ready: edges=448500 avg_deg=85.17 max_deg=173
[M::hk_bmap_gen] generated 5266 beads
[M::hk_bmap_gen] 223911 bin pairs
[M::blind-gpu] prepared pair buffers: n_diploid=5266 n_pairs=228982 n_block_keys=447880 n_steps=100
[I::fdg-gpu] blocklist CSR ready: edges=447880 avg_deg=85.05 max_deg=178
[M::hk_bmap_gen] generated 5266 beads
[M::hk_bmap_gen] 223748 bin pairs
[M::blind-gpu] prepared pair buffers: n_diploid=5266 n_pairs=228821 n_block_keys=447552 n_steps=100
[I::fdg-gpu] blocklist CSR ready: edges=447552 avg_deg=84.99 max_deg=179
[M::hk_bmap_gen] generated 5266 beads
[M::hk_bmap_gen] 223505 bin pairs
[M::blind-gpu] prepared pair buffers: n_diploid=5266 n_pairs=228585 n_block_keys=447078 n_steps=100
[I::fdg-gpu] blocklist CSR ready: edges=447078 avg_deg=84.90 max_deg=178
[M::hk_bmap_gen] generated 5266 beads
[M::hk_bmap_gen] 223325 bin pairs
[M::blind-gpu] prepared pair buffers: n_diploid=5266 n_pairs=228411 n_block_keys=446732 n_steps=100
[I::fdg-gpu] blocklist CSR ready: edges=446732 avg_deg=84.83 max_deg=180
[M::hk_bmap_gen] generated 5266 beads
[M::hk_bmap_gen] 223068 bin pairs
[M::blind-gpu] prepared pair buffers: n_diploid=5266 n_pairs=228162 n_block_keys=446238 n_steps=100
[I::fdg-gpu] blocklist CSR ready: edges=446238 avg_deg=84.74 max_deg=178
[M::hk_bmap_gen] generated 5266 beads
[M::hk_bmap_gen] 222798 bin pairs
[M::blind-gpu] prepared pair buffers: n_diploid=5266 n_pairs=227911 n_block_keys=445736 n_steps=100
[I::fdg-gpu] blocklist CSR ready: edges=445736 avg_deg=84.64 max_deg=181
[M::hk_bmap_gen] generated 5266 beads
[M::hk_bmap_gen] 222550 bin pairs
[M::blind-gpu] prepared pair buffers: n_diploid=5266 n_pairs=227671 n_block_keys=445258 n_steps=100
[I::fdg-gpu] blocklist CSR ready: edges=445258 avg_deg=84.55 max_deg=184
[M::hk_bmap_gen] generated 5266 beads
[M::hk_bmap_gen] 222200 bin pairs
[M::blind-gpu] prepared pair buffers: n_diploid=5266 n_pairs=227313 n_block_keys=444544 n_steps=100
[I::fdg-gpu] blocklist CSR ready: edges=444544 avg_deg=84.42 max_deg=183
[M::hk_bmap_gen] generated 5266 beads
[M::hk_bmap_gen] 221928 bin pairs
[M::blind-gpu] prepared pair buffers: n_diploid=5266 n_pairs=227030 n_block_keys=443976 n_steps=100
[I::fdg-gpu] blocklist CSR ready: edges=443976 avg_deg=84.31 max_deg=182
[M::hk_bmap_gen] generated 5266 beads
[M::hk_bmap_gen] 221639 bin pairs
[M::blind-gpu] prepared pair buffers: n_diploid=5266 n_pairs=226742 n_block_keys=443400 n_steps=100
[I::fdg-gpu] blocklist CSR ready: edges=443400 avg_deg=84.20 max_deg=182
[M::hk_bmap_gen] generated 5266 beads
[M::hk_bmap_gen] 221499 bin pairs
[M::blind-gpu] prepared pair buffers: n_diploid=5266 n_pairs=226607 n_block_keys=443126 n_steps=100
[I::fdg-gpu] blocklist CSR ready: edges=443126 avg_deg=84.15 max_deg=182
[M::hk_bmap_gen] generated 5266 beads
[M::hk_bmap_gen] 221236 bin pairs
[M::blind-gpu] prepared pair buffers: n_diploid=5266 n_pairs=226354 n_block_keys=442620 n_steps=100
[I::fdg-gpu] blocklist CSR ready: edges=442620 avg_deg=84.05 max_deg=182
[M::hk_bmap_gen] generated 5266 beads
[M::hk_bmap_gen] 220941 bin pairs
[M::blind-gpu] prepared pair buffers: n_diploid=5266 n_pairs=226058 n_block_keys=442026 n_steps=100
[I::fdg-gpu] blocklist CSR ready: edges=442026 avg_deg=83.94 max_deg=181
[M::hk_bmap_gen] generated 5266 beads
[M::hk_bmap_gen] 220603 bin pairs
[M::blind-gpu] prepared pair buffers: n_diploid=5266 n_pairs=225715 n_block_keys=441340 n_steps=100
[I::fdg-gpu] blocklist CSR ready: edges=441340 avg_deg=83.81 max_deg=182
[M::hk_bmap_gen] generated 5266 beads
[M::hk_bmap_gen] 220320 bin pairs
[M::blind-gpu] prepared pair buffers: n_diploid=5266 n_pairs=225428 n_block_keys=440766 n_steps=100
[I::fdg-gpu] blocklist CSR ready: edges=440766 avg_deg=83.70 max_deg=182
[M::hk_bmap_gen] generated 5266 beads
[M::hk_bmap_gen] 219954 bin pairs
[M::blind-gpu] prepared pair buffers: n_diploid=5266 n_pairs=225057 n_block_keys=440024 n_steps=100
[I::fdg-gpu] blocklist CSR ready: edges=440024 avg_deg=83.56 max_deg=182
[M::hk_bmap_gen] generated 5266 beads
[M::hk_bmap_gen] 219808 bin pairs
[M::blind-gpu] prepared pair buffers: n_diploid=5266 n_pairs=224928 n_block_keys=439770 n_steps=100
[I::fdg-gpu] blocklist CSR ready: edges=439770 avg_deg=83.51 max_deg=182
[M::hk_bmap_gen] generated 5266 beads
[M::hk_bmap_gen] 219521 bin pairs
[M::blind-gpu] prepared pair buffers: n_diploid=5266 n_pairs=224648 n_block_keys=439210 n_steps=100
[I::fdg-gpu] blocklist CSR ready: edges=439210 avg_deg=83.40 max_deg=183
[M::hk_bmap_gen] generated 5266 beads
[M::hk_bmap_gen] 219230 bin pairs
[M::blind-gpu] prepared pair buffers: n_diploid=5266 n_pairs=224349 n_block_keys=438612 n_steps=100
[I::fdg-gpu] blocklist CSR ready: edges=438612 avg_deg=83.29 max_deg=184
[M::hk_bmap_gen] generated 5266 beads
[M::hk_bmap_gen] 218962 bin pairs
[M::blind-gpu] prepared pair buffers: n_diploid=5266 n_pairs=224067 n_block_keys=438052 n_steps=100
[I::fdg-gpu] blocklist CSR ready: edges=438052 avg_deg=83.18 max_deg=184
[M::hk_bmap_gen] generated 5266 beads
[M::hk_bmap_gen] 218817 bin pairs
[M::blind-gpu] prepared pair buffers: n_diploid=5266 n_pairs=223913 n_block_keys=437744 n_steps=100
[I::fdg-gpu] blocklist CSR ready: edges=437744 avg_deg=83.13 max_deg=182
[M::hk_bmap_gen] generated 5266 beads
[M::hk_bmap_gen] 218618 bin pairs
[M::blind-gpu] prepared pair buffers: n_diploid=5266 n_pairs=223730 n_block_keys=437376 n_steps=100
[I::fdg-gpu] blocklist CSR ready: edges=437376 avg_deg=83.06 max_deg=179
[M::hk_bmap_gen] generated 5266 beads
[M::hk_bmap_gen] 218411 bin pairs
[M::blind-gpu] prepared pair buffers: n_diploid=5266 n_pairs=223528 n_block_keys=436970 n_steps=100
[I::fdg-gpu] blocklist CSR ready: edges=436970 avg_deg=82.98 max_deg=178
[M::hk_bmap_gen] generated 5266 beads
[M::hk_bmap_gen] 218305 bin pairs
[M::blind-gpu] prepared pair buffers: n_diploid=5266 n_pairs=223430 n_block_keys=436772 n_steps=100
[I::fdg-gpu] blocklist CSR ready: edges=436772 avg_deg=82.94 max_deg=176
[M::hk_bmap_gen] generated 5266 beads
[M::hk_bmap_gen] 218155 bin pairs
[M::blind-gpu] prepared pair buffers: n_diploid=5266 n_pairs=223296 n_block_keys=436508 n_steps=100
[I::fdg-gpu] blocklist CSR ready: edges=436508 avg_deg=82.89 max_deg=176
[M::hk_bmap_gen] generated 5266 beads
[M::hk_bmap_gen] 218059 bin pairs
[M::blind-gpu] prepared pair buffers: n_diploid=5266 n_pairs=223196 n_block_keys=436308 n_steps=100
[I::fdg-gpu] blocklist CSR ready: edges=436308 avg_deg=82.85 max_deg=177
[M::hk_bmap_gen] generated 5266 beads
[M::hk_bmap_gen] 217931 bin pairs
[M::blind-gpu] prepared pair buffers: n_diploid=5266 n_pairs=223063 n_block_keys=436044 n_steps=100
[I::fdg-gpu] blocklist CSR ready: edges=436044 avg_deg=82.80 max_deg=176
[M::hk_bmap_gen] generated 5266 beads
[M::hk_bmap_gen] 217757 bin pairs
[M::blind-gpu] prepared pair buffers: n_diploid=5266 n_pairs=222882 n_block_keys=435684 n_steps=100
[I::fdg-gpu] blocklist CSR ready: edges=435684 avg_deg=82.74 max_deg=174
[M::hk_bmap_gen] generated 5266 beads
[M::hk_bmap_gen] 217663 bin pairs
[M::blind-gpu] prepared pair buffers: n_diploid=5266 n_pairs=222777 n_block_keys=435476 n_steps=100
[I::fdg-gpu] blocklist CSR ready: edges=435476 avg_deg=82.70 max_deg=177
[M::hk_bmap_gen] generated 5266 beads
[M::hk_bmap_gen] 217576 bin pairs
[M::blind-gpu] prepared pair buffers: n_diploid=5266 n_pairs=222691 n_block_keys=435304 n_steps=100
[I::fdg-gpu] blocklist CSR ready: edges=435304 avg_deg=82.66 max_deg=176
[M::hk_bmap_gen] generated 5266 beads
[M::hk_bmap_gen] 217421 bin pairs
[M::blind-gpu] prepared pair buffers: n_diploid=5266 n_pairs=222529 n_block_keys=434978 n_steps=100
[I::fdg-gpu] blocklist CSR ready: edges=434978 avg_deg=82.60 max_deg=175
[M::hk_bmap_gen] generated 5266 beads
[M::hk_bmap_gen] 217365 bin pairs
[M::blind-gpu] prepared pair buffers: n_diploid=5266 n_pairs=222463 n_block_keys=434846 n_steps=100
[I::fdg-gpu] blocklist CSR ready: edges=434846 avg_deg=82.58 max_deg=175
[M::hk_bmap_gen] generated 5266 beads
[M::hk_bmap_gen] 217281 bin pairs
[M::blind-gpu] prepared pair buffers: n_diploid=5266 n_pairs=222371 n_block_keys=434660 n_steps=100
[I::fdg-gpu] blocklist CSR ready: edges=434660 avg_deg=82.54 max_deg=175
[M::hk_bmap_gen] generated 5266 beads
[M::hk_bmap_gen] 217165 bin pairs
[M::blind-gpu] prepared pair buffers: n_diploid=5266 n_pairs=222270 n_block_keys=434456 n_steps=100
[I::fdg-gpu] blocklist CSR ready: edges=434456 avg_deg=82.50 max_deg=175
[M::hk_bmap_gen] generated 5266 beads
[M::hk_bmap_gen] 217011 bin pairs
[M::blind-gpu] prepared pair buffers: n_diploid=5266 n_pairs=222115 n_block_keys=434146 n_steps=100
[I::fdg-gpu] blocklist CSR ready: edges=434146 avg_deg=82.44 max_deg=175
[M::hk_bmap_gen] generated 5266 beads
[M::hk_bmap_gen] 216929 bin pairs
[M::blind-gpu] prepared pair buffers: n_diploid=5266 n_pairs=222029 n_block_keys=433976 n_steps=100
[I::fdg-gpu] blocklist CSR ready: edges=433976 avg_deg=82.41 max_deg=175
[M::hk_bmap_gen] generated 5266 beads
[M::hk_bmap_gen] 216744 bin pairs
[M::blind-gpu] prepared pair buffers: n_diploid=5266 n_pairs=221841 n_block_keys=433602 n_steps=100
[I::fdg-gpu] blocklist CSR ready: edges=433602 avg_deg=82.34 max_deg=175
[M::hk_bmap_gen] generated 5266 beads
[M::hk_bmap_gen] 216600 bin pairs
[M::blind-gpu] prepared pair buffers: n_diploid=5266 n_pairs=221702 n_block_keys=433326 n_steps=100
[I::fdg-gpu] blocklist CSR ready: edges=433326 avg_deg=82.29 max_deg=176
[M::hk_bmap_gen] generated 5266 beads
[M::hk_bmap_gen] 216512 bin pairs
[M::blind-gpu] prepared pair buffers: n_diploid=5266 n_pairs=221610 n_block_keys=433142 n_steps=100
[I::fdg-gpu] blocklist CSR ready: edges=433142 avg_deg=82.25 max_deg=176
[M::hk_bmap_gen] generated 5266 beads
[M::hk_bmap_gen] 216393 bin pairs
[M::blind-gpu] prepared pair buffers: n_diploid=5266 n_pairs=221481 n_block_keys=432884 n_steps=100
[I::fdg-gpu] blocklist CSR ready: edges=432884 avg_deg=82.20 max_deg=176
[M::hk_bmap_gen] generated 5266 beads
[M::hk_bmap_gen] 216346 bin pairs
[M::blind-gpu] prepared pair buffers: n_diploid=5266 n_pairs=221443 n_block_keys=432806 n_steps=100
[I::fdg-gpu] blocklist CSR ready: edges=432806 avg_deg=82.19 max_deg=176
[M::hk_bmap_gen] generated 5266 beads
[M::hk_bmap_gen] 216232 bin pairs
[M::blind-gpu] prepared pair buffers: n_diploid=5266 n_pairs=221328 n_block_keys=432576 n_steps=100
[I::fdg-gpu] blocklist CSR ready: edges=432576 avg_deg=82.15 max_deg=176
[M::hk_bmap_gen] generated 5266 beads
[M::hk_bmap_gen] 216079 bin pairs
[M::blind-gpu] prepared pair buffers: n_diploid=5266 n_pairs=221176 n_block_keys=432276 n_steps=100
[I::fdg-gpu] blocklist CSR ready: edges=432276 avg_deg=82.09 max_deg=176
[M::hk_bmap_gen] generated 5266 beads
[M::hk_bmap_gen] 215944 bin pairs
[M::blind-gpu] prepared pair buffers: n_diploid=5266 n_pairs=221040 n_block_keys=432004 n_steps=100
[I::fdg-gpu] blocklist CSR ready: edges=432004 avg_deg=82.04 max_deg=176
[M::hk_bmap_gen] generated 5266 beads
[M::hk_bmap_gen] 215764 bin pairs
[M::blind-gpu] prepared pair buffers: n_diploid=5266 n_pairs=220861 n_block_keys=431648 n_steps=100
[I::fdg-gpu] blocklist CSR ready: edges=431648 avg_deg=81.97 max_deg=176
[M::hk_bmap_gen] generated 5266 beads
[M::hk_bmap_gen] 215517 bin pairs
[M::blind-gpu] prepared pair buffers: n_diploid=5266 n_pairs=220607 n_block_keys=431142 n_steps=100
[I::fdg-gpu] blocklist CSR ready: edges=431142 avg_deg=81.87 max_deg=176
minimal P9016[1m]: write outputs to /mnt/ssd/zliu/phase3/test_res/034-20260619_140108-p9016_entropy_rho_temperature_1m/outputs/p9016_pcgamma1_rho_entropy_temp2to1_td1_sep0
[M::hk_bmap_gen] generated 5266 beads
[M::hk_bmap_gen] 215347 bin pairs
minimal P9016[1m]: status=OK final_entropy=0.66129291 final_pU=0.47702202
minimal P9016: summary /mnt/ssd/zliu/phase3/test_res/034-20260619_140108-p9016_entropy_rho_temperature_1m/outputs/matrix_summary.tsv
