CONFIG=p9016_seg_all_pcgamma1_ieps0p5_noise0_seed17
pairs=/mnt/ssd/zliu/phase3/test_res/027-20260619_030424-p9016_contacts_seg_source_sweep_1m/generated_pairs/P9016.seg_all.pairs.gz
allow_custom=1
source=raw_pairs
minimal P9016: input=/mnt/ssd/zliu/phase3/test_res/027-20260619_030424-p9016_contacts_seg_source_sweep_1m/generated_pairs/P9016.seg_all.pairs.gz output_root=/mnt/ssd/zliu/phase3/test_res/027-20260619_030424-p9016_contacts_seg_source_sweep_1m/work_outputs/p9016_seg_all_pcgamma1_ieps0p5_noise0_seed17 config=p9016_seg_all_pcgamma1_ieps0p5_noise0_seed17 baseline=softall n_iter=100 relax_steps=100 relax_step=0.012 chain=0 init_mode=unphased_scaffold_split init_eps=0.5 init_noise=0 init_scale=10 init_seed=17 min_sep=0 lambda_sep=0 lambda_copytrack=0 trans_chr_pair_prior_lambda=0 trans_chr_pair_prior_eps=0.001 trans_chr_pair_prior_power=1 trans_chr_pair_prior_warmup_iter=0 d_scale_mode=posterior_count d_scale_input=posterior_count d_scale_formula=n_raw*posterior_prob^1 d_scale_gamma=1 d_scale_eps=1e-06 relax_backend=gpu
minimal P9016: stage 1/1 name=1m bin_size_bp=1000000 parent=0
[M::hk_map_read] read 2000000 pairs
[M::hk_bmap_gen] generated 2633 beads
[M::hk_bmap_gen] 389157 bin pairs
minimal P9016[1m]: build binned contacts
minimal P9016[1m]: init mode=unphased_scaffold_split seed=17 scale=10
[M::hk_fdg] mid_dist:1000000 max_nei:113
[M::hk_fdg1_cpu] iter:10 elapsed:0.32s rep_coef:0.2092 RMS_force:297.3766 n_rep:44.5689 energy:25.1779,8.5797,0.0049 dist:5.6246,8.0130,1.4523
[M::hk_fdg1_cpu] iter:20 elapsed:0.82s rep_coef:0.6615 RMS_force:274.3074 n_rep:164.0141 energy:7.4939,4.5651,0.0177 dist:3.3513,5.1173,1.4027
[M::hk_fdg1_cpu] iter:30 elapsed:1.92s rep_coef:0.9352 RMS_force:190.4633 n_rep:607.8879 energy:1.7492,1.6123,0.0344 dist:1.9637,2.7987,1.2671
[M::hk_fdg1_cpu] iter:40 elapsed:3.62s rep_coef:0.9907 RMS_force:106.1364 n_rep:885.4086 energy:0.4993,0.6586,0.0388 dist:1.3664,1.9619,1.2272
[M::hk_fdg1_cpu] iter:50 elapsed:5.37s rep_coef:0.9987 RMS_force:73.1617 n_rep:905.2233 energy:0.1157,0.4342,0.0344 dist:0.9487,1.7820,1.2874
minimal P9016[1m]: run softall, n_iter=100 relax_steps=100 relax_step=0.012 relax_backend=gpu
[M::hk_bmap_gen] generated 5266 beads
[M::hk_bmap_gen] 486977 bin pairs
[E::blind-gpu] GPU backend requested but CUDA backend/device is unavailable; rebuild with make gpu=1 and check CUDA device visibility
check failed: scheduled run got -1 expected 0
minimal P9016: FAILED
manifest missing: /mnt/ssd/zliu/phase3/test_res/027-20260619_030424-p9016_contacts_seg_source_sweep_1m/work_outputs/p9016_seg_all_pcgamma1_ieps0p5_noise0_seed17/p9016_seg_all_pcgamma1_ieps0p5_noise0_seed17/p9016_full.manifest.tsv
bpair posterior missing: /mnt/ssd/zliu/phase3/test_res/027-20260619_030424-p9016_contacts_seg_source_sweep_1m/work_outputs/p9016_seg_all_pcgamma1_ieps0p5_noise0_seed17/p9016_seg_all_pcgamma1_ieps0p5_noise0_seed17/p9016_full.bpair_posterior.tsv
coords missing: /mnt/ssd/zliu/phase3/test_res/027-20260619_030424-p9016_contacts_seg_source_sweep_1m/work_outputs/p9016_seg_all_pcgamma1_ieps0p5_noise0_seed17/p9016_seg_all_pcgamma1_ieps0p5_noise0_seed17/p9016_full.coords.tsv
loop diag missing: /mnt/ssd/zliu/phase3/test_res/027-20260619_030424-p9016_contacts_seg_source_sweep_1m/work_outputs/p9016_seg_all_pcgamma1_ieps0p5_noise0_seed17/p9016_seg_all_pcgamma1_ieps0p5_noise0_seed17/p9016_full.loop_diag.tsv
