minimal P9016: input=/shared/zliu/CHARM/CHARM_mesc/data/pairs/P9016.pairs.gz output_root=/mnt/ssd/zliu/phase3/test_res/048-20260620_092323-p9016_callable_anchor_mstep_1m/outputs/p9016_callable_negent_t0p01_m0p10_w10_seed71_best035 config=p9016_callable_negent_t0p01_m0p10_w10_seed71_best035 baseline=softall n_iter=100 relax_steps=100 relax_step=0.012 chain=0 init_mode=unphased_scaffold_split init_eps=0.5 init_noise=0.050000001 init_scale=10 init_seed=71 min_sep=0 lambda_sep=0 lambda_copytrack=0.029999999 lambda_global_copytrack=0.003 init_coord_anchor_k=0 trans_chr_pair_prior_lambda=0 trans_chr_pair_prior_eps=0.001 trans_chr_pair_prior_power=1 trans_chr_pair_prior_warmup_iter=0 trans_chr_pair_mstep_lambda=0 trans_chr_pair_mstep_eps=0.001 trans_chr_pair_mstep_power=1 trans_chr_pair_mstep_warmup_iter=0 d_scale_mode=posterior_count d_scale_input=posterior_count d_scale_formula=n_raw*posterior_prob^1 d_scale_gamma=1 d_scale_eps=1e-06 trans_k_multiplier=1 trans_dscale_multiplier=0.5 trans_top1_mode=off trans_top1_min_pmax=1 trans_top1_min_margin=1 trans_top1_mix_weight=0 trans_gate_mode=off trans_gate_min_pmax=1 trans_gate_min_margin=1 trans_gate_min_neg_entropy=-1.3862944 readgroup_mode=off readgroup_max_segments=8 readgroup_eps=1e-06 relax_backend=gpu
minimal P9016: stage 1/1 name=1m bin_size_bp=1000000 parent=0
[M::hk_map_read] read 1703888 pairs
[M::hk_bmap_gen] generated 2633 beads
[M::hk_bmap_gen] 489556 bin pairs
minimal P9016[1m]: build binned contacts train_raw=1703888 heldout_raw=0 heldout_fraction=0
minimal P9016[1m]: init mode=unphased_scaffold_split seed=71 scale=10
[M::hk_fdg] mid_dist:1000000 max_nei:69
[M::hk_fdg1_cpu] iter:10 elapsed:0.33s rep_coef:0.2092 RMS_force:367.7282 n_rep:42.9351 energy:25.4741,6.7271,0.0049 dist:5.6541,6.6698,1.4487
[M::hk_fdg1_cpu] iter:20 elapsed:0.80s rep_coef:0.6615 RMS_force:338.2522 n_rep:151.6927 energy:7.7405,3.4462,0.0177 dist:3.3961,4.2978,1.4008
[M::hk_fdg1_cpu] iter:30 elapsed:1.75s rep_coef:0.9352 RMS_force:224.8150 n_rep:590.1945 energy:1.7694,1.0665,0.0352 dist:1.9576,2.3312,1.2564
[M::hk_fdg1_cpu] iter:40 elapsed:3.13s rep_coef:0.9907 RMS_force:131.5153 n_rep:803.0726 energy:0.5225,0.4149,0.0364 dist:1.4006,1.7260,1.2593
[M::hk_fdg1_cpu] iter:50 elapsed:4.56s rep_coef:0.9987 RMS_force:108.0339 n_rep:806.6813 energy:0.2109,0.3021,0.0330 dist:1.1220,1.6404,1.3064
minimal P9016[1m]: run softall, n_iter=100 relax_steps=100 relax_step=0.012 relax_backend=gpu
[M::hk_bmap_gen] generated 5266 beads
[M::hk_bmap_gen] 286444 bin pairs
[M::hk_bmap_gen] generated 5266 beads
[M::hk_bmap_gen] 286444 bin pairs
[M::blind-gpu] prepared pair buffers: n_diploid=5266 n_pairs=291612 n_block_keys=573128 n_steps=100
[I::fdg-gpu] blocklist CSR ready: edges=573128 avg_deg=108.84 max_deg=193
[M::hk_bmap_gen] generated 5266 beads
[M::hk_bmap_gen] 286440 bin pairs
[M::hk_bmap_gen] generated 5266 beads
[M::hk_bmap_gen] 286440 bin pairs
[M::blind-gpu] prepared pair buffers: n_diploid=5266 n_pairs=291543 n_block_keys=572998 n_steps=100
[I::fdg-gpu] blocklist CSR ready: edges=572998 avg_deg=108.81 max_deg=214
[M::hk_bmap_gen] generated 5266 beads
[M::hk_bmap_gen] 272358 bin pairs
[M::hk_bmap_gen] generated 5266 beads
[M::hk_bmap_gen] 272358 bin pairs
[M::blind-gpu] prepared pair buffers: n_diploid=5266 n_pairs=277429 n_block_keys=544764 n_steps=100
[I::fdg-gpu] blocklist CSR ready: edges=544764 avg_deg=103.45 max_deg=201
[M::hk_bmap_gen] generated 5266 beads
[M::hk_bmap_gen] 258888 bin pairs
[M::hk_bmap_gen] generated 5266 beads
[M::hk_bmap_gen] 258888 bin pairs
[M::blind-gpu] prepared pair buffers: n_diploid=5266 n_pairs=263965 n_block_keys=517840 n_steps=100
[I::fdg-gpu] blocklist CSR ready: edges=517840 avg_deg=98.34 max_deg=203
[M::hk_bmap_gen] generated 5266 beads
[M::hk_bmap_gen] 248231 bin pairs
[M::hk_bmap_gen] generated 5266 beads
[M::hk_bmap_gen] 248231 bin pairs
[M::blind-gpu] prepared pair buffers: n_diploid=5266 n_pairs=253293 n_block_keys=496504 n_steps=100
[I::fdg-gpu] blocklist CSR ready: edges=496504 avg_deg=94.28 max_deg=205
[M::hk_bmap_gen] generated 5266 beads
[M::hk_bmap_gen] 239778 bin pairs
[M::hk_bmap_gen] generated 5266 beads
[M::hk_bmap_gen] 239778 bin pairs
[M::blind-gpu] prepared pair buffers: n_diploid=5266 n_pairs=244844 n_block_keys=479610 n_steps=100
[I::fdg-gpu] blocklist CSR ready: edges=479610 avg_deg=91.08 max_deg=197
[M::hk_bmap_gen] generated 5266 beads
[M::hk_bmap_gen] 233614 bin pairs
[M::hk_bmap_gen] generated 5266 beads
[M::hk_bmap_gen] 233614 bin pairs
[M::blind-gpu] prepared pair buffers: n_diploid=5266 n_pairs=238702 n_block_keys=467320 n_steps=100
[I::fdg-gpu] blocklist CSR ready: edges=467320 avg_deg=88.74 max_deg=193
[M::hk_bmap_gen] generated 5266 beads
[M::hk_bmap_gen] 229517 bin pairs
[M::hk_bmap_gen] generated 5266 beads
[M::hk_bmap_gen] 229517 bin pairs
[M::blind-gpu] prepared pair buffers: n_diploid=5266 n_pairs=234622 n_block_keys=459160 n_steps=100
[I::fdg-gpu] blocklist CSR ready: edges=459160 avg_deg=87.19 max_deg=188
[M::hk_bmap_gen] generated 5266 beads
[M::hk_bmap_gen] 226579 bin pairs
[M::hk_bmap_gen] generated 5266 beads
[M::hk_bmap_gen] 226579 bin pairs
[M::blind-gpu] prepared pair buffers: n_diploid=5266 n_pairs=231679 n_block_keys=453280 n_steps=100
[I::fdg-gpu] blocklist CSR ready: edges=453280 avg_deg=86.08 max_deg=189
[M::hk_bmap_gen] generated 5266 beads
[M::hk_bmap_gen] 224437 bin pairs
[M::hk_bmap_gen] generated 5266 beads
[M::hk_bmap_gen] 224437 bin pairs
[M::blind-gpu] prepared pair buffers: n_diploid=5266 n_pairs=229535 n_block_keys=448994 n_steps=100
[I::fdg-gpu] blocklist CSR ready: edges=448994 avg_deg=85.26 max_deg=189
[M::hk_bmap_gen] generated 5266 beads
[M::hk_bmap_gen] 222349 bin pairs
[M::hk_bmap_gen] generated 5266 beads
[M::hk_bmap_gen] 222349 bin pairs
[M::blind-gpu] prepared pair buffers: n_diploid=5266 n_pairs=227435 n_block_keys=444796 n_steps=100
[I::fdg-gpu] blocklist CSR ready: edges=444796 avg_deg=84.47 max_deg=186
[M::hk_bmap_gen] generated 5266 beads
[M::hk_bmap_gen] 221088 bin pairs
[M::hk_bmap_gen] generated 5266 beads
[M::hk_bmap_gen] 221088 bin pairs
[M::blind-gpu] prepared pair buffers: n_diploid=5266 n_pairs=226170 n_block_keys=442264 n_steps=100
[I::fdg-gpu] blocklist CSR ready: edges=442264 avg_deg=83.98 max_deg=187
[M::hk_bmap_gen] generated 5266 beads
[M::hk_bmap_gen] 220202 bin pairs
[M::hk_bmap_gen] generated 5266 beads
[M::hk_bmap_gen] 220202 bin pairs
[M::blind-gpu] prepared pair buffers: n_diploid=5266 n_pairs=225301 n_block_keys=440528 n_steps=100
[I::fdg-gpu] blocklist CSR ready: edges=440528 avg_deg=83.66 max_deg=187
[M::hk_bmap_gen] generated 5266 beads
[M::hk_bmap_gen] 219345 bin pairs
[M::hk_bmap_gen] generated 5266 beads
[M::hk_bmap_gen] 219345 bin pairs
[M::blind-gpu] prepared pair buffers: n_diploid=5266 n_pairs=224441 n_block_keys=438802 n_steps=100
[I::fdg-gpu] blocklist CSR ready: edges=438802 avg_deg=83.33 max_deg=186
[M::hk_bmap_gen] generated 5266 beads
[M::hk_bmap_gen] 218475 bin pairs
[M::hk_bmap_gen] generated 5266 beads
[M::hk_bmap_gen] 218475 bin pairs
[M::blind-gpu] prepared pair buffers: n_diploid=5266 n_pairs=223591 n_block_keys=437102 n_steps=100
[I::fdg-gpu] blocklist CSR ready: edges=437102 avg_deg=83.00 max_deg=185
[M::hk_bmap_gen] generated 5266 beads
[M::hk_bmap_gen] 217711 bin pairs
[M::hk_bmap_gen] generated 5266 beads
[M::hk_bmap_gen] 217711 bin pairs
[M::blind-gpu] prepared pair buffers: n_diploid=5266 n_pairs=222828 n_block_keys=435572 n_steps=100
[I::fdg-gpu] blocklist CSR ready: edges=435572 avg_deg=82.71 max_deg=191
[M::hk_bmap_gen] generated 5266 beads
[M::hk_bmap_gen] 216873 bin pairs
[M::hk_bmap_gen] generated 5266 beads
[M::hk_bmap_gen] 216873 bin pairs
[M::blind-gpu] prepared pair buffers: n_diploid=5266 n_pairs=221989 n_block_keys=433892 n_steps=100
[I::fdg-gpu] blocklist CSR ready: edges=433892 avg_deg=82.39 max_deg=190
[M::hk_bmap_gen] generated 5266 beads
[M::hk_bmap_gen] 216226 bin pairs
[M::hk_bmap_gen] generated 5266 beads
[M::hk_bmap_gen] 216226 bin pairs
[M::blind-gpu] prepared pair buffers: n_diploid=5266 n_pairs=221339 n_block_keys=432592 n_steps=100
[I::fdg-gpu] blocklist CSR ready: edges=432592 avg_deg=82.15 max_deg=189
[M::hk_bmap_gen] generated 5266 beads
[M::hk_bmap_gen] 215701 bin pairs
[M::hk_bmap_gen] generated 5266 beads
[M::hk_bmap_gen] 215701 bin pairs
[M::blind-gpu] prepared pair buffers: n_diploid=5266 n_pairs=220825 n_block_keys=431568 n_steps=100
[I::fdg-gpu] blocklist CSR ready: edges=431568 avg_deg=81.95 max_deg=188
[M::hk_bmap_gen] generated 5266 beads
[M::hk_bmap_gen] 215297 bin pairs
[M::hk_bmap_gen] generated 5266 beads
[M::hk_bmap_gen] 215297 bin pairs
[M::blind-gpu] prepared pair buffers: n_diploid=5266 n_pairs=220411 n_block_keys=430738 n_steps=100
[I::fdg-gpu] blocklist CSR ready: edges=430738 avg_deg=81.80 max_deg=188
[M::hk_bmap_gen] generated 5266 beads
[M::hk_bmap_gen] 215095 bin pairs
[M::hk_bmap_gen] generated 5266 beads
[M::hk_bmap_gen] 215095 bin pairs
[M::blind-gpu] prepared pair buffers: n_diploid=5266 n_pairs=220216 n_block_keys=430346 n_steps=100
[I::fdg-gpu] blocklist CSR ready: edges=430346 avg_deg=81.72 max_deg=187
[M::hk_bmap_gen] generated 5266 beads
[M::hk_bmap_gen] 215018 bin pairs
[M::hk_bmap_gen] generated 5266 beads
[M::hk_bmap_gen] 215018 bin pairs
[M::blind-gpu] prepared pair buffers: n_diploid=5266 n_pairs=220127 n_block_keys=430170 n_steps=100
[I::fdg-gpu] blocklist CSR ready: edges=430170 avg_deg=81.69 max_deg=189
[M::hk_bmap_gen] generated 5266 beads
[M::hk_bmap_gen] 214570 bin pairs
[M::hk_bmap_gen] generated 5266 beads
[M::hk_bmap_gen] 214570 bin pairs
[M::blind-gpu] prepared pair buffers: n_diploid=5266 n_pairs=219685 n_block_keys=429278 n_steps=100
[I::fdg-gpu] blocklist CSR ready: edges=429278 avg_deg=81.52 max_deg=187
[M::hk_bmap_gen] generated 5266 beads
[M::hk_bmap_gen] 214498 bin pairs
[M::hk_bmap_gen] generated 5266 beads
[M::hk_bmap_gen] 214498 bin pairs
[M::blind-gpu] prepared pair buffers: n_diploid=5266 n_pairs=219611 n_block_keys=429130 n_steps=100
[I::fdg-gpu] blocklist CSR ready: edges=429130 avg_deg=81.49 max_deg=183
[M::hk_bmap_gen] generated 5266 beads
[M::hk_bmap_gen] 214414 bin pairs
[M::hk_bmap_gen] generated 5266 beads
[M::hk_bmap_gen] 214414 bin pairs
[M::blind-gpu] prepared pair buffers: n_diploid=5266 n_pairs=219543 n_block_keys=428990 n_steps=100
[I::fdg-gpu] blocklist CSR ready: edges=428990 avg_deg=81.46 max_deg=184
[M::hk_bmap_gen] generated 5266 beads
[M::hk_bmap_gen] 214282 bin pairs
[M::hk_bmap_gen] generated 5266 beads
[M::hk_bmap_gen] 214282 bin pairs
[M::blind-gpu] prepared pair buffers: n_diploid=5266 n_pairs=219392 n_block_keys=428688 n_steps=100
[I::fdg-gpu] blocklist CSR ready: edges=428688 avg_deg=81.41 max_deg=187
[M::hk_bmap_gen] generated 5266 beads
[M::hk_bmap_gen] 214162 bin pairs
[M::hk_bmap_gen] generated 5266 beads
[M::hk_bmap_gen] 214162 bin pairs
[M::blind-gpu] prepared pair buffers: n_diploid=5266 n_pairs=219279 n_block_keys=428464 n_steps=100
[I::fdg-gpu] blocklist CSR ready: edges=428464 avg_deg=81.36 max_deg=185
[M::hk_bmap_gen] generated 5266 beads
[M::hk_bmap_gen] 214031 bin pairs
[M::hk_bmap_gen] generated 5266 beads
[M::hk_bmap_gen] 214031 bin pairs
[M::blind-gpu] prepared pair buffers: n_diploid=5266 n_pairs=219149 n_block_keys=428202 n_steps=100
[I::fdg-gpu] blocklist CSR ready: edges=428202 avg_deg=81.31 max_deg=185
[M::hk_bmap_gen] generated 5266 beads
[M::hk_bmap_gen] 213863 bin pairs
[M::hk_bmap_gen] generated 5266 beads
[M::hk_bmap_gen] 213863 bin pairs
[M::blind-gpu] prepared pair buffers: n_diploid=5266 n_pairs=218977 n_block_keys=427858 n_steps=100
[I::fdg-gpu] blocklist CSR ready: edges=427858 avg_deg=81.25 max_deg=185
[M::hk_bmap_gen] generated 5266 beads
[M::hk_bmap_gen] 213751 bin pairs
[M::hk_bmap_gen] generated 5266 beads
[M::hk_bmap_gen] 213751 bin pairs
[M::blind-gpu] prepared pair buffers: n_diploid=5266 n_pairs=218865 n_block_keys=427634 n_steps=100
[I::fdg-gpu] blocklist CSR ready: edges=427634 avg_deg=81.21 max_deg=186
[M::hk_bmap_gen] generated 5266 beads
[M::hk_bmap_gen] 213692 bin pairs
[M::hk_bmap_gen] generated 5266 beads
[M::hk_bmap_gen] 213692 bin pairs
[M::blind-gpu] prepared pair buffers: n_diploid=5266 n_pairs=218808 n_block_keys=427522 n_steps=100
[I::fdg-gpu] blocklist CSR ready: edges=427522 avg_deg=81.19 max_deg=185
[M::hk_bmap_gen] generated 5266 beads
[M::hk_bmap_gen] 213622 bin pairs
[M::hk_bmap_gen] generated 5266 beads
[M::hk_bmap_gen] 213622 bin pairs
[M::blind-gpu] prepared pair buffers: n_diploid=5266 n_pairs=218743 n_block_keys=427392 n_steps=100
[I::fdg-gpu] blocklist CSR ready: edges=427392 avg_deg=81.16 max_deg=184
[M::hk_bmap_gen] generated 5266 beads
[M::hk_bmap_gen] 213494 bin pairs
[M::hk_bmap_gen] generated 5266 beads
[M::hk_bmap_gen] 213494 bin pairs
[M::blind-gpu] prepared pair buffers: n_diploid=5266 n_pairs=218619 n_block_keys=427144 n_steps=100
[I::fdg-gpu] blocklist CSR ready: edges=427144 avg_deg=81.11 max_deg=183
[M::hk_bmap_gen] generated 5266 beads
[M::hk_bmap_gen] 213403 bin pairs
[M::hk_bmap_gen] generated 5266 beads
[M::hk_bmap_gen] 213403 bin pairs
[M::blind-gpu] prepared pair buffers: n_diploid=5266 n_pairs=218520 n_block_keys=426946 n_steps=100
[I::fdg-gpu] blocklist CSR ready: edges=426946 avg_deg=81.08 max_deg=183
[M::hk_bmap_gen] generated 5266 beads
[M::hk_bmap_gen] 213250 bin pairs
[M::hk_bmap_gen] generated 5266 beads
[M::hk_bmap_gen] 213250 bin pairs
[M::blind-gpu] prepared pair buffers: n_diploid=5266 n_pairs=218370 n_block_keys=426648 n_steps=100
[I::fdg-gpu] blocklist CSR ready: edges=426648 avg_deg=81.02 max_deg=183
[M::hk_bmap_gen] generated 5266 beads
[M::hk_bmap_gen] 213115 bin pairs
[M::hk_bmap_gen] generated 5266 beads
[M::hk_bmap_gen] 213115 bin pairs
[M::blind-gpu] prepared pair buffers: n_diploid=5266 n_pairs=218227 n_block_keys=426360 n_steps=100
[I::fdg-gpu] blocklist CSR ready: edges=426360 avg_deg=80.96 max_deg=185
[M::hk_bmap_gen] generated 5266 beads
[M::hk_bmap_gen] 212963 bin pairs
[M::hk_bmap_gen] generated 5266 beads
[M::hk_bmap_gen] 212963 bin pairs
[M::blind-gpu] prepared pair buffers: n_diploid=5266 n_pairs=218073 n_block_keys=426052 n_steps=100
[I::fdg-gpu] blocklist CSR ready: edges=426052 avg_deg=80.91 max_deg=185
[M::hk_bmap_gen] generated 5266 beads
[M::hk_bmap_gen] 212832 bin pairs
[M::hk_bmap_gen] generated 5266 beads
[M::hk_bmap_gen] 212832 bin pairs
[M::blind-gpu] prepared pair buffers: n_diploid=5266 n_pairs=217953 n_block_keys=425812 n_steps=100
[I::fdg-gpu] blocklist CSR ready: edges=425812 avg_deg=80.86 max_deg=187
[M::hk_bmap_gen] generated 5266 beads
[M::hk_bmap_gen] 212662 bin pairs
[M::hk_bmap_gen] generated 5266 beads
[M::hk_bmap_gen] 212662 bin pairs
[M::blind-gpu] prepared pair buffers: n_diploid=5266 n_pairs=217778 n_block_keys=425462 n_steps=100
[I::fdg-gpu] blocklist CSR ready: edges=425462 avg_deg=80.79 max_deg=187
[M::hk_bmap_gen] generated 5266 beads
[M::hk_bmap_gen] 212541 bin pairs
[M::hk_bmap_gen] generated 5266 beads
[M::hk_bmap_gen] 212541 bin pairs
[M::blind-gpu] prepared pair buffers: n_diploid=5266 n_pairs=217649 n_block_keys=425206 n_steps=100
[I::fdg-gpu] blocklist CSR ready: edges=425206 avg_deg=80.75 max_deg=189
[M::hk_bmap_gen] generated 5266 beads
[M::hk_bmap_gen] 212438 bin pairs
[M::hk_bmap_gen] generated 5266 beads
[M::hk_bmap_gen] 212438 bin pairs
[M::blind-gpu] prepared pair buffers: n_diploid=5266 n_pairs=217551 n_block_keys=425016 n_steps=100
[I::fdg-gpu] blocklist CSR ready: edges=425016 avg_deg=80.71 max_deg=189
[M::hk_bmap_gen] generated 5266 beads
[M::hk_bmap_gen] 212334 bin pairs
[M::hk_bmap_gen] generated 5266 beads
[M::hk_bmap_gen] 212334 bin pairs
[M::blind-gpu] prepared pair buffers: n_diploid=5266 n_pairs=217451 n_block_keys=424816 n_steps=100
[I::fdg-gpu] blocklist CSR ready: edges=424816 avg_deg=80.67 max_deg=188
[M::hk_bmap_gen] generated 5266 beads
[M::hk_bmap_gen] 212317 bin pairs
[M::hk_bmap_gen] generated 5266 beads
[M::hk_bmap_gen] 212317 bin pairs
[M::blind-gpu] prepared pair buffers: n_diploid=5266 n_pairs=217437 n_block_keys=424794 n_steps=100
[I::fdg-gpu] blocklist CSR ready: edges=424794 avg_deg=80.67 max_deg=189
[M::hk_bmap_gen] generated 5266 beads
[M::hk_bmap_gen] 212292 bin pairs
[M::hk_bmap_gen] generated 5266 beads
[M::hk_bmap_gen] 212292 bin pairs
[M::blind-gpu] prepared pair buffers: n_diploid=5266 n_pairs=217414 n_block_keys=424748 n_steps=100
[I::fdg-gpu] blocklist CSR ready: edges=424748 avg_deg=80.66 max_deg=186
[M::hk_bmap_gen] generated 5266 beads
[M::hk_bmap_gen] 212203 bin pairs
[M::hk_bmap_gen] generated 5266 beads
[M::hk_bmap_gen] 212203 bin pairs
[M::blind-gpu] prepared pair buffers: n_diploid=5266 n_pairs=217316 n_block_keys=424552 n_steps=100
[I::fdg-gpu] blocklist CSR ready: edges=424552 avg_deg=80.62 max_deg=186
[M::hk_bmap_gen] generated 5266 beads
[M::hk_bmap_gen] 212043 bin pairs
[M::hk_bmap_gen] generated 5266 beads
[M::hk_bmap_gen] 212043 bin pairs
[M::blind-gpu] prepared pair buffers: n_diploid=5266 n_pairs=217145 n_block_keys=424210 n_steps=100
[I::fdg-gpu] blocklist CSR ready: edges=424210 avg_deg=80.56 max_deg=185
[M::hk_bmap_gen] generated 5266 beads
[M::hk_bmap_gen] 211999 bin pairs
[M::hk_bmap_gen] generated 5266 beads
[M::hk_bmap_gen] 211999 bin pairs
[M::blind-gpu] prepared pair buffers: n_diploid=5266 n_pairs=217110 n_block_keys=424136 n_steps=100
[I::fdg-gpu] blocklist CSR ready: edges=424136 avg_deg=80.54 max_deg=185
[M::hk_bmap_gen] generated 5266 beads
[M::hk_bmap_gen] 211931 bin pairs
[M::hk_bmap_gen] generated 5266 beads
[M::hk_bmap_gen] 211931 bin pairs
[M::blind-gpu] prepared pair buffers: n_diploid=5266 n_pairs=217041 n_block_keys=423998 n_steps=100
[I::fdg-gpu] blocklist CSR ready: edges=423998 avg_deg=80.52 max_deg=185
[M::hk_bmap_gen] generated 5266 beads
[M::hk_bmap_gen] 211912 bin pairs
[M::hk_bmap_gen] generated 5266 beads
[M::hk_bmap_gen] 211912 bin pairs
[M::blind-gpu] prepared pair buffers: n_diploid=5266 n_pairs=217018 n_block_keys=423956 n_steps=100
[I::fdg-gpu] blocklist CSR ready: edges=423956 avg_deg=80.51 max_deg=185
[M::hk_bmap_gen] generated 5266 beads
[M::hk_bmap_gen] 211867 bin pairs
[M::hk_bmap_gen] generated 5266 beads
[M::hk_bmap_gen] 211867 bin pairs
[M::blind-gpu] prepared pair buffers: n_diploid=5266 n_pairs=216976 n_block_keys=423872 n_steps=100
[I::fdg-gpu] blocklist CSR ready: edges=423872 avg_deg=80.49 max_deg=185
[M::hk_bmap_gen] generated 5266 beads
[M::hk_bmap_gen] 211834 bin pairs
[M::hk_bmap_gen] generated 5266 beads
[M::hk_bmap_gen] 211834 bin pairs
[M::blind-gpu] prepared pair buffers: n_diploid=5266 n_pairs=216947 n_block_keys=423810 n_steps=100
[I::fdg-gpu] blocklist CSR ready: edges=423810 avg_deg=80.48 max_deg=185
[M::hk_bmap_gen] generated 5266 beads
[M::hk_bmap_gen] 211851 bin pairs
[M::hk_bmap_gen] generated 5266 beads
[M::hk_bmap_gen] 211851 bin pairs
[M::blind-gpu] prepared pair buffers: n_diploid=5266 n_pairs=216964 n_block_keys=423844 n_steps=100
[I::fdg-gpu] blocklist CSR ready: edges=423844 avg_deg=80.49 max_deg=185
[M::hk_bmap_gen] generated 5266 beads
[M::hk_bmap_gen] 211813 bin pairs
[M::hk_bmap_gen] generated 5266 beads
[M::hk_bmap_gen] 211813 bin pairs
[M::blind-gpu] prepared pair buffers: n_diploid=5266 n_pairs=216930 n_block_keys=423776 n_steps=100
[I::fdg-gpu] blocklist CSR ready: edges=423776 avg_deg=80.47 max_deg=185
[M::hk_bmap_gen] generated 5266 beads
[M::hk_bmap_gen] 211750 bin pairs
[M::hk_bmap_gen] generated 5266 beads
[M::hk_bmap_gen] 211750 bin pairs
[M::blind-gpu] prepared pair buffers: n_diploid=5266 n_pairs=216863 n_block_keys=423642 n_steps=100
[I::fdg-gpu] blocklist CSR ready: edges=423642 avg_deg=80.45 max_deg=185
[M::hk_bmap_gen] generated 5266 beads
[M::hk_bmap_gen] 211732 bin pairs
[M::hk_bmap_gen] generated 5266 beads
[M::hk_bmap_gen] 211732 bin pairs
[M::blind-gpu] prepared pair buffers: n_diploid=5266 n_pairs=216842 n_block_keys=423602 n_steps=100
[I::fdg-gpu] blocklist CSR ready: edges=423602 avg_deg=80.44 max_deg=185
[M::hk_bmap_gen] generated 5266 beads
[M::hk_bmap_gen] 211650 bin pairs
[M::hk_bmap_gen] generated 5266 beads
[M::hk_bmap_gen] 211650 bin pairs
[M::blind-gpu] prepared pair buffers: n_diploid=5266 n_pairs=216770 n_block_keys=423458 n_steps=100
[I::fdg-gpu] blocklist CSR ready: edges=423458 avg_deg=80.41 max_deg=187
[M::hk_bmap_gen] generated 5266 beads
[M::hk_bmap_gen] 211610 bin pairs
[M::hk_bmap_gen] generated 5266 beads
[M::hk_bmap_gen] 211610 bin pairs
[M::blind-gpu] prepared pair buffers: n_diploid=5266 n_pairs=216723 n_block_keys=423364 n_steps=100
[I::fdg-gpu] blocklist CSR ready: edges=423364 avg_deg=80.40 max_deg=187
[M::hk_bmap_gen] generated 5266 beads
[M::hk_bmap_gen] 211605 bin pairs
[M::hk_bmap_gen] generated 5266 beads
[M::hk_bmap_gen] 211605 bin pairs
[M::blind-gpu] prepared pair buffers: n_diploid=5266 n_pairs=216716 n_block_keys=423350 n_steps=100
[I::fdg-gpu] blocklist CSR ready: edges=423350 avg_deg=80.39 max_deg=187
[M::hk_bmap_gen] generated 5266 beads
[M::hk_bmap_gen] 211592 bin pairs
[M::hk_bmap_gen] generated 5266 beads
[M::hk_bmap_gen] 211592 bin pairs
[M::blind-gpu] prepared pair buffers: n_diploid=5266 n_pairs=216701 n_block_keys=423320 n_steps=100
[I::fdg-gpu] blocklist CSR ready: edges=423320 avg_deg=80.39 max_deg=187
[M::hk_bmap_gen] generated 5266 beads
[M::hk_bmap_gen] 211542 bin pairs
[M::hk_bmap_gen] generated 5266 beads
[M::hk_bmap_gen] 211542 bin pairs
[M::blind-gpu] prepared pair buffers: n_diploid=5266 n_pairs=216654 n_block_keys=423226 n_steps=100
[I::fdg-gpu] blocklist CSR ready: edges=423226 avg_deg=80.37 max_deg=187
[M::hk_bmap_gen] generated 5266 beads
[M::hk_bmap_gen] 211517 bin pairs
[M::hk_bmap_gen] generated 5266 beads
[M::hk_bmap_gen] 211517 bin pairs
[M::blind-gpu] prepared pair buffers: n_diploid=5266 n_pairs=216630 n_block_keys=423178 n_steps=100
[I::fdg-gpu] blocklist CSR ready: edges=423178 avg_deg=80.36 max_deg=187
[M::hk_bmap_gen] generated 5266 beads
[M::hk_bmap_gen] 211504 bin pairs
[M::hk_bmap_gen] generated 5266 beads
[M::hk_bmap_gen] 211504 bin pairs
[M::blind-gpu] prepared pair buffers: n_diploid=5266 n_pairs=216616 n_block_keys=423150 n_steps=100
[I::fdg-gpu] blocklist CSR ready: edges=423150 avg_deg=80.36 max_deg=187
[M::hk_bmap_gen] generated 5266 beads
[M::hk_bmap_gen] 211535 bin pairs
[M::hk_bmap_gen] generated 5266 beads
[M::hk_bmap_gen] 211535 bin pairs
[M::blind-gpu] prepared pair buffers: n_diploid=5266 n_pairs=216651 n_block_keys=423220 n_steps=100
[I::fdg-gpu] blocklist CSR ready: edges=423220 avg_deg=80.37 max_deg=188
[M::hk_bmap_gen] generated 5266 beads
[M::hk_bmap_gen] 211516 bin pairs
[M::hk_bmap_gen] generated 5266 beads
[M::hk_bmap_gen] 211516 bin pairs
[M::blind-gpu] prepared pair buffers: n_diploid=5266 n_pairs=216627 n_block_keys=423172 n_steps=100
[I::fdg-gpu] blocklist CSR ready: edges=423172 avg_deg=80.36 max_deg=188
[M::hk_bmap_gen] generated 5266 beads
[M::hk_bmap_gen] 211454 bin pairs
[M::hk_bmap_gen] generated 5266 beads
[M::hk_bmap_gen] 211454 bin pairs
[M::blind-gpu] prepared pair buffers: n_diploid=5266 n_pairs=216565 n_block_keys=423048 n_steps=100
[I::fdg-gpu] blocklist CSR ready: edges=423048 avg_deg=80.34 max_deg=188
[M::hk_bmap_gen] generated 5266 beads
[M::hk_bmap_gen] 211425 bin pairs
[M::hk_bmap_gen] generated 5266 beads
[M::hk_bmap_gen] 211425 bin pairs
[M::blind-gpu] prepared pair buffers: n_diploid=5266 n_pairs=216544 n_block_keys=423006 n_steps=100
[I::fdg-gpu] blocklist CSR ready: edges=423006 avg_deg=80.33 max_deg=188
[M::hk_bmap_gen] generated 5266 beads
[M::hk_bmap_gen] 211415 bin pairs
[M::hk_bmap_gen] generated 5266 beads
[M::hk_bmap_gen] 211415 bin pairs
[M::blind-gpu] prepared pair buffers: n_diploid=5266 n_pairs=216535 n_block_keys=422986 n_steps=100
[I::fdg-gpu] blocklist CSR ready: edges=422986 avg_deg=80.32 max_deg=188
[M::hk_bmap_gen] generated 5266 beads
[M::hk_bmap_gen] 211370 bin pairs
[M::hk_bmap_gen] generated 5266 beads
[M::hk_bmap_gen] 211370 bin pairs
[M::blind-gpu] prepared pair buffers: n_diploid=5266 n_pairs=216484 n_block_keys=422886 n_steps=100
[I::fdg-gpu] blocklist CSR ready: edges=422886 avg_deg=80.30 max_deg=188
[M::hk_bmap_gen] generated 5266 beads
[M::hk_bmap_gen] 211339 bin pairs
[M::hk_bmap_gen] generated 5266 beads
[M::hk_bmap_gen] 211339 bin pairs
[M::blind-gpu] prepared pair buffers: n_diploid=5266 n_pairs=216451 n_block_keys=422818 n_steps=100
[I::fdg-gpu] blocklist CSR ready: edges=422818 avg_deg=80.29 max_deg=188
[M::hk_bmap_gen] generated 5266 beads
[M::hk_bmap_gen] 211335 bin pairs
[M::hk_bmap_gen] generated 5266 beads
[M::hk_bmap_gen] 211335 bin pairs
[M::blind-gpu] prepared pair buffers: n_diploid=5266 n_pairs=216454 n_block_keys=422826 n_steps=100
[I::fdg-gpu] blocklist CSR ready: edges=422826 avg_deg=80.29 max_deg=187
[M::hk_bmap_gen] generated 5266 beads
[M::hk_bmap_gen] 211336 bin pairs
[M::hk_bmap_gen] generated 5266 beads
[M::hk_bmap_gen] 211336 bin pairs
[M::blind-gpu] prepared pair buffers: n_diploid=5266 n_pairs=216455 n_block_keys=422828 n_steps=100
[I::fdg-gpu] blocklist CSR ready: edges=422828 avg_deg=80.29 max_deg=187
[M::hk_bmap_gen] generated 5266 beads
[M::hk_bmap_gen] 211348 bin pairs
[M::hk_bmap_gen] generated 5266 beads
[M::hk_bmap_gen] 211348 bin pairs
[M::blind-gpu] prepared pair buffers: n_diploid=5266 n_pairs=216471 n_block_keys=422860 n_steps=100
[I::fdg-gpu] blocklist CSR ready: edges=422860 avg_deg=80.30 max_deg=187
[M::hk_bmap_gen] generated 5266 beads
[M::hk_bmap_gen] 211322 bin pairs
[M::hk_bmap_gen] generated 5266 beads
[M::hk_bmap_gen] 211322 bin pairs
[M::blind-gpu] prepared pair buffers: n_diploid=5266 n_pairs=216447 n_block_keys=422812 n_steps=100
[I::fdg-gpu] blocklist CSR ready: edges=422812 avg_deg=80.29 max_deg=187
[M::hk_bmap_gen] generated 5266 beads
[M::hk_bmap_gen] 211357 bin pairs
[M::hk_bmap_gen] generated 5266 beads
[M::hk_bmap_gen] 211357 bin pairs
[M::blind-gpu] prepared pair buffers: n_diploid=5266 n_pairs=216483 n_block_keys=422882 n_steps=100
[I::fdg-gpu] blocklist CSR ready: edges=422882 avg_deg=80.30 max_deg=187
[M::hk_bmap_gen] generated 5266 beads
[M::hk_bmap_gen] 211330 bin pairs
[M::hk_bmap_gen] generated 5266 beads
[M::hk_bmap_gen] 211330 bin pairs
[M::blind-gpu] prepared pair buffers: n_diploid=5266 n_pairs=216462 n_block_keys=422840 n_steps=100
[I::fdg-gpu] blocklist CSR ready: edges=422840 avg_deg=80.30 max_deg=187
[M::hk_bmap_gen] generated 5266 beads
[M::hk_bmap_gen] 211302 bin pairs
[M::hk_bmap_gen] generated 5266 beads
[M::hk_bmap_gen] 211302 bin pairs
[M::blind-gpu] prepared pair buffers: n_diploid=5266 n_pairs=216434 n_block_keys=422784 n_steps=100
[I::fdg-gpu] blocklist CSR ready: edges=422784 avg_deg=80.29 max_deg=188
[M::hk_bmap_gen] generated 5266 beads
[M::hk_bmap_gen] 211260 bin pairs
[M::hk_bmap_gen] generated 5266 beads
[M::hk_bmap_gen] 211260 bin pairs
[M::blind-gpu] prepared pair buffers: n_diploid=5266 n_pairs=216392 n_block_keys=422702 n_steps=100
[I::fdg-gpu] blocklist CSR ready: edges=422702 avg_deg=80.27 max_deg=188
[M::hk_bmap_gen] generated 5266 beads
[M::hk_bmap_gen] 211176 bin pairs
[M::hk_bmap_gen] generated 5266 beads
[M::hk_bmap_gen] 211176 bin pairs
[M::blind-gpu] prepared pair buffers: n_diploid=5266 n_pairs=216307 n_block_keys=422532 n_steps=100
[I::fdg-gpu] blocklist CSR ready: edges=422532 avg_deg=80.24 max_deg=188
[M::hk_bmap_gen] generated 5266 beads
[M::hk_bmap_gen] 211157 bin pairs
[M::hk_bmap_gen] generated 5266 beads
[M::hk_bmap_gen] 211157 bin pairs
[M::blind-gpu] prepared pair buffers: n_diploid=5266 n_pairs=216288 n_block_keys=422494 n_steps=100
[I::fdg-gpu] blocklist CSR ready: edges=422494 avg_deg=80.23 max_deg=188
[M::hk_bmap_gen] generated 5266 beads
[M::hk_bmap_gen] 211101 bin pairs
[M::hk_bmap_gen] generated 5266 beads
[M::hk_bmap_gen] 211101 bin pairs
[M::blind-gpu] prepared pair buffers: n_diploid=5266 n_pairs=216230 n_block_keys=422378 n_steps=100
[I::fdg-gpu] blocklist CSR ready: edges=422378 avg_deg=80.21 max_deg=188
[M::hk_bmap_gen] generated 5266 beads
[M::hk_bmap_gen] 211014 bin pairs
[M::hk_bmap_gen] generated 5266 beads
[M::hk_bmap_gen] 211014 bin pairs
[M::blind-gpu] prepared pair buffers: n_diploid=5266 n_pairs=216148 n_block_keys=422214 n_steps=100
[I::fdg-gpu] blocklist CSR ready: edges=422214 avg_deg=80.18 max_deg=188
[M::hk_bmap_gen] generated 5266 beads
[M::hk_bmap_gen] 211012 bin pairs
[M::hk_bmap_gen] generated 5266 beads
[M::hk_bmap_gen] 211012 bin pairs
[M::blind-gpu] prepared pair buffers: n_diploid=5266 n_pairs=216144 n_block_keys=422206 n_steps=100
[I::fdg-gpu] blocklist CSR ready: edges=422206 avg_deg=80.18 max_deg=188
[M::hk_bmap_gen] generated 5266 beads
[M::hk_bmap_gen] 210985 bin pairs
[M::hk_bmap_gen] generated 5266 beads
[M::hk_bmap_gen] 210985 bin pairs
[M::blind-gpu] prepared pair buffers: n_diploid=5266 n_pairs=216114 n_block_keys=422146 n_steps=100
[I::fdg-gpu] blocklist CSR ready: edges=422146 avg_deg=80.16 max_deg=188
[M::hk_bmap_gen] generated 5266 beads
[M::hk_bmap_gen] 210972 bin pairs
[M::hk_bmap_gen] generated 5266 beads
[M::hk_bmap_gen] 210972 bin pairs
[M::blind-gpu] prepared pair buffers: n_diploid=5266 n_pairs=216101 n_block_keys=422122 n_steps=100
[I::fdg-gpu] blocklist CSR ready: edges=422122 avg_deg=80.16 max_deg=187
[M::hk_bmap_gen] generated 5266 beads
[M::hk_bmap_gen] 210929 bin pairs
[M::hk_bmap_gen] generated 5266 beads
[M::hk_bmap_gen] 210929 bin pairs
[M::blind-gpu] prepared pair buffers: n_diploid=5266 n_pairs=216056 n_block_keys=422032 n_steps=100
[I::fdg-gpu] blocklist CSR ready: edges=422032 avg_deg=80.14 max_deg=187
[M::hk_bmap_gen] generated 5266 beads
[M::hk_bmap_gen] 210901 bin pairs
[M::hk_bmap_gen] generated 5266 beads
[M::hk_bmap_gen] 210901 bin pairs
[M::blind-gpu] prepared pair buffers: n_diploid=5266 n_pairs=216031 n_block_keys=421982 n_steps=100
[I::fdg-gpu] blocklist CSR ready: edges=421982 avg_deg=80.13 max_deg=188
[M::hk_bmap_gen] generated 5266 beads
[M::hk_bmap_gen] 210883 bin pairs
[M::hk_bmap_gen] generated 5266 beads
[M::hk_bmap_gen] 210883 bin pairs
[M::blind-gpu] prepared pair buffers: n_diploid=5266 n_pairs=216010 n_block_keys=421940 n_steps=100
[I::fdg-gpu] blocklist CSR ready: edges=421940 avg_deg=80.13 max_deg=188
[M::hk_bmap_gen] generated 5266 beads
[M::hk_bmap_gen] 210899 bin pairs
[M::hk_bmap_gen] generated 5266 beads
[M::hk_bmap_gen] 210899 bin pairs
[M::blind-gpu] prepared pair buffers: n_diploid=5266 n_pairs=216028 n_block_keys=421976 n_steps=100
[I::fdg-gpu] blocklist CSR ready: edges=421976 avg_deg=80.13 max_deg=188
[M::hk_bmap_gen] generated 5266 beads
[M::hk_bmap_gen] 210873 bin pairs
[M::hk_bmap_gen] generated 5266 beads
[M::hk_bmap_gen] 210873 bin pairs
[M::blind-gpu] prepared pair buffers: n_diploid=5266 n_pairs=216001 n_block_keys=421922 n_steps=100
[I::fdg-gpu] blocklist CSR ready: edges=421922 avg_deg=80.12 max_deg=188
[M::hk_bmap_gen] generated 5266 beads
[M::hk_bmap_gen] 210868 bin pairs
[M::hk_bmap_gen] generated 5266 beads
[M::hk_bmap_gen] 210868 bin pairs
[M::blind-gpu] prepared pair buffers: n_diploid=5266 n_pairs=215998 n_block_keys=421916 n_steps=100
[I::fdg-gpu] blocklist CSR ready: edges=421916 avg_deg=80.12 max_deg=188
[M::hk_bmap_gen] generated 5266 beads
[M::hk_bmap_gen] 210853 bin pairs
[M::hk_bmap_gen] generated 5266 beads
[M::hk_bmap_gen] 210853 bin pairs
[M::blind-gpu] prepared pair buffers: n_diploid=5266 n_pairs=215980 n_block_keys=421882 n_steps=100
[I::fdg-gpu] blocklist CSR ready: edges=421882 avg_deg=80.11 max_deg=188
[M::hk_bmap_gen] generated 5266 beads
[M::hk_bmap_gen] 210809 bin pairs
[M::hk_bmap_gen] generated 5266 beads
[M::hk_bmap_gen] 210809 bin pairs
[M::blind-gpu] prepared pair buffers: n_diploid=5266 n_pairs=215936 n_block_keys=421794 n_steps=100
[I::fdg-gpu] blocklist CSR ready: edges=421794 avg_deg=80.10 max_deg=188
[M::hk_bmap_gen] generated 5266 beads
[M::hk_bmap_gen] 210714 bin pairs
[M::hk_bmap_gen] generated 5266 beads
[M::hk_bmap_gen] 210714 bin pairs
[M::blind-gpu] prepared pair buffers: n_diploid=5266 n_pairs=215843 n_block_keys=421608 n_steps=100
[I::fdg-gpu] blocklist CSR ready: edges=421608 avg_deg=80.06 max_deg=188
[M::hk_bmap_gen] generated 5266 beads
[M::hk_bmap_gen] 210678 bin pairs
[M::hk_bmap_gen] generated 5266 beads
[M::hk_bmap_gen] 210678 bin pairs
[M::blind-gpu] prepared pair buffers: n_diploid=5266 n_pairs=215806 n_block_keys=421532 n_steps=100
[I::fdg-gpu] blocklist CSR ready: edges=421532 avg_deg=80.05 max_deg=188
[M::hk_bmap_gen] generated 5266 beads
[M::hk_bmap_gen] 210652 bin pairs
[M::hk_bmap_gen] generated 5266 beads
[M::hk_bmap_gen] 210652 bin pairs
[M::blind-gpu] prepared pair buffers: n_diploid=5266 n_pairs=215778 n_block_keys=421476 n_steps=100
[I::fdg-gpu] blocklist CSR ready: edges=421476 avg_deg=80.04 max_deg=188
[M::hk_bmap_gen] generated 5266 beads
[M::hk_bmap_gen] 210635 bin pairs
[M::hk_bmap_gen] generated 5266 beads
[M::hk_bmap_gen] 210635 bin pairs
[M::blind-gpu] prepared pair buffers: n_diploid=5266 n_pairs=215766 n_block_keys=421452 n_steps=100
[I::fdg-gpu] blocklist CSR ready: edges=421452 avg_deg=80.03 max_deg=188
[M::hk_bmap_gen] generated 5266 beads
[M::hk_bmap_gen] 210636 bin pairs
[M::hk_bmap_gen] generated 5266 beads
[M::hk_bmap_gen] 210636 bin pairs
[M::blind-gpu] prepared pair buffers: n_diploid=5266 n_pairs=215768 n_block_keys=421456 n_steps=100
[I::fdg-gpu] blocklist CSR ready: edges=421456 avg_deg=80.03 max_deg=187
[M::hk_bmap_gen] generated 5266 beads
[M::hk_bmap_gen] 210636 bin pairs
[M::hk_bmap_gen] generated 5266 beads
[M::hk_bmap_gen] 210636 bin pairs
[M::blind-gpu] prepared pair buffers: n_diploid=5266 n_pairs=215765 n_block_keys=421448 n_steps=100
[I::fdg-gpu] blocklist CSR ready: edges=421448 avg_deg=80.03 max_deg=187
[M::hk_bmap_gen] generated 5266 beads
[M::hk_bmap_gen] 210610 bin pairs
[M::hk_bmap_gen] generated 5266 beads
[M::hk_bmap_gen] 210610 bin pairs
[M::blind-gpu] prepared pair buffers: n_diploid=5266 n_pairs=215743 n_block_keys=421408 n_steps=100
[I::fdg-gpu] blocklist CSR ready: edges=421408 avg_deg=80.02 max_deg=187
[M::hk_bmap_gen] generated 5266 beads
[M::hk_bmap_gen] 210580 bin pairs
[M::hk_bmap_gen] generated 5266 beads
[M::hk_bmap_gen] 210580 bin pairs
[M::blind-gpu] prepared pair buffers: n_diploid=5266 n_pairs=215712 n_block_keys=421342 n_steps=100
[I::fdg-gpu] blocklist CSR ready: edges=421342 avg_deg=80.01 max_deg=187
minimal P9016[1m]: write outputs to /mnt/ssd/zliu/phase3/test_res/048-20260620_092323-p9016_callable_anchor_mstep_1m/outputs/p9016_callable_negent_t0p01_m0p10_w10_seed71_best035/p9016_callable_negent_t0p01_m0p10_w10_seed71_best035
[M::hk_bmap_gen] generated 5266 beads
[M::hk_bmap_gen] 210576 bin pairs
[M::hk_bmap_gen] generated 5266 beads
[M::hk_bmap_gen] 210576 bin pairs
minimal P9016[1m]: status=OK final_entropy=0.69282067 final_pU=0.49976444
minimal P9016: summary /mnt/ssd/zliu/phase3/test_res/048-20260620_092323-p9016_callable_anchor_mstep_1m/outputs/p9016_callable_negent_t0p01_m0p10_w10_seed71_best035/matrix_summary.tsv
