minimal P9016: input=/shared/zliu/CHARM/CHARM_mesc/data/pairs/P9016.pairs.gz output_root=/mnt/ssd/zliu/phase3/test_res/048-20260620_092323-p9016_callable_anchor_mstep_1m/outputs/p9016_callable_negent_t0p10_m0p05_w10_seed17_best035 config=p9016_callable_negent_t0p10_m0p05_w10_seed17_best035 baseline=softall n_iter=100 relax_steps=100 relax_step=0.012 chain=0 init_mode=unphased_scaffold_split init_eps=0.5 init_noise=0 init_scale=10 init_seed=17 min_sep=0 lambda_sep=0 lambda_copytrack=0.029999999 lambda_global_copytrack=0.003 init_coord_anchor_k=0 trans_chr_pair_prior_lambda=0 trans_chr_pair_prior_eps=0.001 trans_chr_pair_prior_power=1 trans_chr_pair_prior_warmup_iter=0 trans_chr_pair_mstep_lambda=0 trans_chr_pair_mstep_eps=0.001 trans_chr_pair_mstep_power=1 trans_chr_pair_mstep_warmup_iter=0 d_scale_mode=posterior_count d_scale_input=posterior_count d_scale_formula=n_raw*posterior_prob^1 d_scale_gamma=1 d_scale_eps=1e-06 trans_k_multiplier=1 trans_dscale_multiplier=0.5 trans_top1_mode=off trans_top1_min_pmax=1 trans_top1_min_margin=1 trans_top1_mix_weight=0 trans_gate_mode=off trans_gate_min_pmax=1 trans_gate_min_margin=1 trans_gate_min_neg_entropy=-1.3862944 readgroup_mode=off readgroup_max_segments=8 readgroup_eps=1e-06 relax_backend=gpu
minimal P9016: stage 1/1 name=1m bin_size_bp=1000000 parent=0
[M::hk_map_read] read 1703888 pairs
[M::hk_bmap_gen] generated 2633 beads
[M::hk_bmap_gen] 489556 bin pairs
minimal P9016[1m]: build binned contacts train_raw=1703888 heldout_raw=0 heldout_fraction=0
minimal P9016[1m]: init mode=unphased_scaffold_split seed=17 scale=10
[M::hk_fdg] mid_dist:1000000 max_nei:69
[M::hk_fdg1_cpu] iter:10 elapsed:0.32s rep_coef:0.2092 RMS_force:367.1874 n_rep:43.0820 energy:25.1082,6.6566,0.0049 dist:5.6169,6.6204,1.4501
[M::hk_fdg1_cpu] iter:20 elapsed:0.79s rep_coef:0.6615 RMS_force:336.9308 n_rep:157.7303 energy:7.7515,3.4068,0.0177 dist:3.4076,4.2658,1.4016
[M::hk_fdg1_cpu] iter:30 elapsed:1.73s rep_coef:0.9352 RMS_force:226.0828 n_rep:592.3505 energy:1.8327,1.0566,0.0354 dist:1.9896,2.3234,1.2554
[M::hk_fdg1_cpu] iter:40 elapsed:3.11s rep_coef:0.9907 RMS_force:132.8226 n_rep:808.7839 energy:0.5357,0.4158,0.0366 dist:1.4081,1.7237,1.2560
[M::hk_fdg1_cpu] iter:50 elapsed:4.55s rep_coef:0.9987 RMS_force:99.3491 n_rep:815.5837 energy:0.1678,0.2703,0.0325 dist:1.0643,1.6062,1.3142
minimal P9016[1m]: run softall, n_iter=100 relax_steps=100 relax_step=0.012 relax_backend=gpu
[M::hk_bmap_gen] generated 5266 beads
[M::hk_bmap_gen] 287142 bin pairs
[M::hk_bmap_gen] generated 5266 beads
[M::hk_bmap_gen] 287142 bin pairs
[M::blind-gpu] prepared pair buffers: n_diploid=5266 n_pairs=292308 n_block_keys=574524 n_steps=100
[I::fdg-gpu] blocklist CSR ready: edges=574524 avg_deg=109.10 max_deg=193
[M::hk_bmap_gen] generated 5266 beads
[M::hk_bmap_gen] 286179 bin pairs
[M::hk_bmap_gen] generated 5266 beads
[M::hk_bmap_gen] 286179 bin pairs
[M::blind-gpu] prepared pair buffers: n_diploid=5266 n_pairs=291284 n_block_keys=572472 n_steps=100
[I::fdg-gpu] blocklist CSR ready: edges=572472 avg_deg=108.71 max_deg=198
[M::hk_bmap_gen] generated 5266 beads
[M::hk_bmap_gen] 271829 bin pairs
[M::hk_bmap_gen] generated 5266 beads
[M::hk_bmap_gen] 271829 bin pairs
[M::blind-gpu] prepared pair buffers: n_diploid=5266 n_pairs=276902 n_block_keys=543706 n_steps=100
[I::fdg-gpu] blocklist CSR ready: edges=543706 avg_deg=103.25 max_deg=212
[M::hk_bmap_gen] generated 5266 beads
[M::hk_bmap_gen] 259362 bin pairs
[M::hk_bmap_gen] generated 5266 beads
[M::hk_bmap_gen] 259362 bin pairs
[M::blind-gpu] prepared pair buffers: n_diploid=5266 n_pairs=264422 n_block_keys=518754 n_steps=100
[I::fdg-gpu] blocklist CSR ready: edges=518754 avg_deg=98.51 max_deg=204
[M::hk_bmap_gen] generated 5266 beads
[M::hk_bmap_gen] 249358 bin pairs
[M::hk_bmap_gen] generated 5266 beads
[M::hk_bmap_gen] 249358 bin pairs
[M::blind-gpu] prepared pair buffers: n_diploid=5266 n_pairs=254441 n_block_keys=498792 n_steps=100
[I::fdg-gpu] blocklist CSR ready: edges=498792 avg_deg=94.72 max_deg=206
[M::hk_bmap_gen] generated 5266 beads
[M::hk_bmap_gen] 241763 bin pairs
[M::hk_bmap_gen] generated 5266 beads
[M::hk_bmap_gen] 241763 bin pairs
[M::blind-gpu] prepared pair buffers: n_diploid=5266 n_pairs=246823 n_block_keys=483562 n_steps=100
[I::fdg-gpu] blocklist CSR ready: edges=483562 avg_deg=91.83 max_deg=200
[M::hk_bmap_gen] generated 5266 beads
[M::hk_bmap_gen] 236234 bin pairs
[M::hk_bmap_gen] generated 5266 beads
[M::hk_bmap_gen] 236234 bin pairs
[M::blind-gpu] prepared pair buffers: n_diploid=5266 n_pairs=241306 n_block_keys=472530 n_steps=100
[I::fdg-gpu] blocklist CSR ready: edges=472530 avg_deg=89.73 max_deg=205
[M::hk_bmap_gen] generated 5266 beads
[M::hk_bmap_gen] 231874 bin pairs
[M::hk_bmap_gen] generated 5266 beads
[M::hk_bmap_gen] 231874 bin pairs
[M::blind-gpu] prepared pair buffers: n_diploid=5266 n_pairs=236964 n_block_keys=463844 n_steps=100
[I::fdg-gpu] blocklist CSR ready: edges=463844 avg_deg=88.08 max_deg=204
[M::hk_bmap_gen] generated 5266 beads
[M::hk_bmap_gen] 229061 bin pairs
[M::hk_bmap_gen] generated 5266 beads
[M::hk_bmap_gen] 229061 bin pairs
[M::blind-gpu] prepared pair buffers: n_diploid=5266 n_pairs=234131 n_block_keys=458176 n_steps=100
[I::fdg-gpu] blocklist CSR ready: edges=458176 avg_deg=87.01 max_deg=205
[M::hk_bmap_gen] generated 5266 beads
[M::hk_bmap_gen] 226668 bin pairs
[M::hk_bmap_gen] generated 5266 beads
[M::hk_bmap_gen] 226668 bin pairs
[M::blind-gpu] prepared pair buffers: n_diploid=5266 n_pairs=231764 n_block_keys=453448 n_steps=100
[I::fdg-gpu] blocklist CSR ready: edges=453448 avg_deg=86.11 max_deg=214
[M::hk_bmap_gen] generated 5266 beads
[M::hk_bmap_gen] 224777 bin pairs
[M::hk_bmap_gen] generated 5266 beads
[M::hk_bmap_gen] 224777 bin pairs
[M::blind-gpu] prepared pair buffers: n_diploid=5266 n_pairs=229866 n_block_keys=449652 n_steps=100
[I::fdg-gpu] blocklist CSR ready: edges=449652 avg_deg=85.39 max_deg=215
[M::hk_bmap_gen] generated 5266 beads
[M::hk_bmap_gen] 223302 bin pairs
[M::hk_bmap_gen] generated 5266 beads
[M::hk_bmap_gen] 223302 bin pairs
[M::blind-gpu] prepared pair buffers: n_diploid=5266 n_pairs=228403 n_block_keys=446720 n_steps=100
[I::fdg-gpu] blocklist CSR ready: edges=446720 avg_deg=84.83 max_deg=215
[M::hk_bmap_gen] generated 5266 beads
[M::hk_bmap_gen] 222127 bin pairs
[M::hk_bmap_gen] generated 5266 beads
[M::hk_bmap_gen] 222127 bin pairs
[M::blind-gpu] prepared pair buffers: n_diploid=5266 n_pairs=227207 n_block_keys=444332 n_steps=100
[I::fdg-gpu] blocklist CSR ready: edges=444332 avg_deg=84.38 max_deg=212
[M::hk_bmap_gen] generated 5266 beads
[M::hk_bmap_gen] 221104 bin pairs
[M::hk_bmap_gen] generated 5266 beads
[M::hk_bmap_gen] 221104 bin pairs
[M::blind-gpu] prepared pair buffers: n_diploid=5266 n_pairs=226203 n_block_keys=442324 n_steps=100
[I::fdg-gpu] blocklist CSR ready: edges=442324 avg_deg=84.00 max_deg=207
[M::hk_bmap_gen] generated 5266 beads
[M::hk_bmap_gen] 220191 bin pairs
[M::hk_bmap_gen] generated 5266 beads
[M::hk_bmap_gen] 220191 bin pairs
[M::blind-gpu] prepared pair buffers: n_diploid=5266 n_pairs=225299 n_block_keys=440512 n_steps=100
[I::fdg-gpu] blocklist CSR ready: edges=440512 avg_deg=83.65 max_deg=211
[M::hk_bmap_gen] generated 5266 beads
[M::hk_bmap_gen] 219363 bin pairs
[M::hk_bmap_gen] generated 5266 beads
[M::hk_bmap_gen] 219363 bin pairs
[M::blind-gpu] prepared pair buffers: n_diploid=5266 n_pairs=224475 n_block_keys=438866 n_steps=100
[I::fdg-gpu] blocklist CSR ready: edges=438866 avg_deg=83.34 max_deg=207
[M::hk_bmap_gen] generated 5266 beads
[M::hk_bmap_gen] 218675 bin pairs
[M::hk_bmap_gen] generated 5266 beads
[M::hk_bmap_gen] 218675 bin pairs
[M::blind-gpu] prepared pair buffers: n_diploid=5266 n_pairs=223781 n_block_keys=437482 n_steps=100
[I::fdg-gpu] blocklist CSR ready: edges=437482 avg_deg=83.08 max_deg=211
[M::hk_bmap_gen] generated 5266 beads
[M::hk_bmap_gen] 217956 bin pairs
[M::hk_bmap_gen] generated 5266 beads
[M::hk_bmap_gen] 217956 bin pairs
[M::blind-gpu] prepared pair buffers: n_diploid=5266 n_pairs=223048 n_block_keys=436014 n_steps=100
[I::fdg-gpu] blocklist CSR ready: edges=436014 avg_deg=82.80 max_deg=208
[M::hk_bmap_gen] generated 5266 beads
[M::hk_bmap_gen] 217065 bin pairs
[M::hk_bmap_gen] generated 5266 beads
[M::hk_bmap_gen] 217065 bin pairs
[M::blind-gpu] prepared pair buffers: n_diploid=5266 n_pairs=222162 n_block_keys=434236 n_steps=100
[I::fdg-gpu] blocklist CSR ready: edges=434236 avg_deg=82.46 max_deg=208
[M::hk_bmap_gen] generated 5266 beads
[M::hk_bmap_gen] 216499 bin pairs
[M::hk_bmap_gen] generated 5266 beads
[M::hk_bmap_gen] 216499 bin pairs
[M::blind-gpu] prepared pair buffers: n_diploid=5266 n_pairs=221603 n_block_keys=433118 n_steps=100
[I::fdg-gpu] blocklist CSR ready: edges=433118 avg_deg=82.25 max_deg=206
[M::hk_bmap_gen] generated 5266 beads
[M::hk_bmap_gen] 216066 bin pairs
[M::hk_bmap_gen] generated 5266 beads
[M::hk_bmap_gen] 216066 bin pairs
[M::blind-gpu] prepared pair buffers: n_diploid=5266 n_pairs=221147 n_block_keys=432206 n_steps=100
[I::fdg-gpu] blocklist CSR ready: edges=432206 avg_deg=82.07 max_deg=204
[M::hk_bmap_gen] generated 5266 beads
[M::hk_bmap_gen] 215736 bin pairs
[M::hk_bmap_gen] generated 5266 beads
[M::hk_bmap_gen] 215736 bin pairs
[M::blind-gpu] prepared pair buffers: n_diploid=5266 n_pairs=220804 n_block_keys=431522 n_steps=100
[I::fdg-gpu] blocklist CSR ready: edges=431522 avg_deg=81.94 max_deg=202
[M::hk_bmap_gen] generated 5266 beads
[M::hk_bmap_gen] 215209 bin pairs
[M::hk_bmap_gen] generated 5266 beads
[M::hk_bmap_gen] 215209 bin pairs
[M::blind-gpu] prepared pair buffers: n_diploid=5266 n_pairs=220313 n_block_keys=430540 n_steps=100
[I::fdg-gpu] blocklist CSR ready: edges=430540 avg_deg=81.76 max_deg=201
[M::hk_bmap_gen] generated 5266 beads
[M::hk_bmap_gen] 214948 bin pairs
[M::hk_bmap_gen] generated 5266 beads
[M::hk_bmap_gen] 214948 bin pairs
[M::blind-gpu] prepared pair buffers: n_diploid=5266 n_pairs=220047 n_block_keys=430008 n_steps=100
[I::fdg-gpu] blocklist CSR ready: edges=430008 avg_deg=81.66 max_deg=201
[M::hk_bmap_gen] generated 5266 beads
[M::hk_bmap_gen] 214628 bin pairs
[M::hk_bmap_gen] generated 5266 beads
[M::hk_bmap_gen] 214628 bin pairs
[M::blind-gpu] prepared pair buffers: n_diploid=5266 n_pairs=219728 n_block_keys=429370 n_steps=100
[I::fdg-gpu] blocklist CSR ready: edges=429370 avg_deg=81.54 max_deg=200
[M::hk_bmap_gen] generated 5266 beads
[M::hk_bmap_gen] 214379 bin pairs
[M::hk_bmap_gen] generated 5266 beads
[M::hk_bmap_gen] 214379 bin pairs
[M::blind-gpu] prepared pair buffers: n_diploid=5266 n_pairs=219479 n_block_keys=428868 n_steps=100
[I::fdg-gpu] blocklist CSR ready: edges=428868 avg_deg=81.44 max_deg=199
[M::hk_bmap_gen] generated 5266 beads
[M::hk_bmap_gen] 214169 bin pairs
[M::hk_bmap_gen] generated 5266 beads
[M::hk_bmap_gen] 214169 bin pairs
[M::blind-gpu] prepared pair buffers: n_diploid=5266 n_pairs=219258 n_block_keys=428428 n_steps=100
[I::fdg-gpu] blocklist CSR ready: edges=428428 avg_deg=81.36 max_deg=199
[M::hk_bmap_gen] generated 5266 beads
[M::hk_bmap_gen] 214032 bin pairs
[M::hk_bmap_gen] generated 5266 beads
[M::hk_bmap_gen] 214032 bin pairs
[M::blind-gpu] prepared pair buffers: n_diploid=5266 n_pairs=219140 n_block_keys=428194 n_steps=100
[I::fdg-gpu] blocklist CSR ready: edges=428194 avg_deg=81.31 max_deg=199
[M::hk_bmap_gen] generated 5266 beads
[M::hk_bmap_gen] 213812 bin pairs
[M::hk_bmap_gen] generated 5266 beads
[M::hk_bmap_gen] 213812 bin pairs
[M::blind-gpu] prepared pair buffers: n_diploid=5266 n_pairs=218926 n_block_keys=427768 n_steps=100
[I::fdg-gpu] blocklist CSR ready: edges=427768 avg_deg=81.23 max_deg=197
[M::hk_bmap_gen] generated 5266 beads
[M::hk_bmap_gen] 213738 bin pairs
[M::hk_bmap_gen] generated 5266 beads
[M::hk_bmap_gen] 213738 bin pairs
[M::blind-gpu] prepared pair buffers: n_diploid=5266 n_pairs=218850 n_block_keys=427616 n_steps=100
[I::fdg-gpu] blocklist CSR ready: edges=427616 avg_deg=81.20 max_deg=197
[M::hk_bmap_gen] generated 5266 beads
[M::hk_bmap_gen] 213549 bin pairs
[M::hk_bmap_gen] generated 5266 beads
[M::hk_bmap_gen] 213549 bin pairs
[M::blind-gpu] prepared pair buffers: n_diploid=5266 n_pairs=218669 n_block_keys=427254 n_steps=100
[I::fdg-gpu] blocklist CSR ready: edges=427254 avg_deg=81.13 max_deg=196
[M::hk_bmap_gen] generated 5266 beads
[M::hk_bmap_gen] 213309 bin pairs
[M::hk_bmap_gen] generated 5266 beads
[M::hk_bmap_gen] 213309 bin pairs
[M::blind-gpu] prepared pair buffers: n_diploid=5266 n_pairs=218416 n_block_keys=426748 n_steps=100
[I::fdg-gpu] blocklist CSR ready: edges=426748 avg_deg=81.04 max_deg=196
[M::hk_bmap_gen] generated 5266 beads
[M::hk_bmap_gen] 213034 bin pairs
[M::hk_bmap_gen] generated 5266 beads
[M::hk_bmap_gen] 213034 bin pairs
[M::blind-gpu] prepared pair buffers: n_diploid=5266 n_pairs=218157 n_block_keys=426234 n_steps=100
[I::fdg-gpu] blocklist CSR ready: edges=426234 avg_deg=80.94 max_deg=198
[M::hk_bmap_gen] generated 5266 beads
[M::hk_bmap_gen] 212864 bin pairs
[M::hk_bmap_gen] generated 5266 beads
[M::hk_bmap_gen] 212864 bin pairs
[M::blind-gpu] prepared pair buffers: n_diploid=5266 n_pairs=217990 n_block_keys=425900 n_steps=100
[I::fdg-gpu] blocklist CSR ready: edges=425900 avg_deg=80.88 max_deg=197
[M::hk_bmap_gen] generated 5266 beads
[M::hk_bmap_gen] 212856 bin pairs
[M::hk_bmap_gen] generated 5266 beads
[M::hk_bmap_gen] 212856 bin pairs
[M::blind-gpu] prepared pair buffers: n_diploid=5266 n_pairs=217965 n_block_keys=425850 n_steps=100
[I::fdg-gpu] blocklist CSR ready: edges=425850 avg_deg=80.87 max_deg=196
[M::hk_bmap_gen] generated 5266 beads
[M::hk_bmap_gen] 212830 bin pairs
[M::hk_bmap_gen] generated 5266 beads
[M::hk_bmap_gen] 212830 bin pairs
[M::blind-gpu] prepared pair buffers: n_diploid=5266 n_pairs=217940 n_block_keys=425798 n_steps=100
[I::fdg-gpu] blocklist CSR ready: edges=425798 avg_deg=80.86 max_deg=196
[M::hk_bmap_gen] generated 5266 beads
[M::hk_bmap_gen] 212779 bin pairs
[M::hk_bmap_gen] generated 5266 beads
[M::hk_bmap_gen] 212779 bin pairs
[M::blind-gpu] prepared pair buffers: n_diploid=5266 n_pairs=217891 n_block_keys=425700 n_steps=100
[I::fdg-gpu] blocklist CSR ready: edges=425700 avg_deg=80.84 max_deg=197
[M::hk_bmap_gen] generated 5266 beads
[M::hk_bmap_gen] 212692 bin pairs
[M::hk_bmap_gen] generated 5266 beads
[M::hk_bmap_gen] 212692 bin pairs
[M::blind-gpu] prepared pair buffers: n_diploid=5266 n_pairs=217810 n_block_keys=425540 n_steps=100
[I::fdg-gpu] blocklist CSR ready: edges=425540 avg_deg=80.81 max_deg=197
[M::hk_bmap_gen] generated 5266 beads
[M::hk_bmap_gen] 212608 bin pairs
[M::hk_bmap_gen] generated 5266 beads
[M::hk_bmap_gen] 212608 bin pairs
[M::blind-gpu] prepared pair buffers: n_diploid=5266 n_pairs=217729 n_block_keys=425376 n_steps=100
[I::fdg-gpu] blocklist CSR ready: edges=425376 avg_deg=80.78 max_deg=197
[M::hk_bmap_gen] generated 5266 beads
[M::hk_bmap_gen] 212557 bin pairs
[M::hk_bmap_gen] generated 5266 beads
[M::hk_bmap_gen] 212557 bin pairs
[M::blind-gpu] prepared pair buffers: n_diploid=5266 n_pairs=217680 n_block_keys=425278 n_steps=100
[I::fdg-gpu] blocklist CSR ready: edges=425278 avg_deg=80.76 max_deg=198
[M::hk_bmap_gen] generated 5266 beads
[M::hk_bmap_gen] 212526 bin pairs
[M::hk_bmap_gen] generated 5266 beads
[M::hk_bmap_gen] 212526 bin pairs
[M::blind-gpu] prepared pair buffers: n_diploid=5266 n_pairs=217644 n_block_keys=425206 n_steps=100
[I::fdg-gpu] blocklist CSR ready: edges=425206 avg_deg=80.75 max_deg=198
[M::hk_bmap_gen] generated 5266 beads
[M::hk_bmap_gen] 212426 bin pairs
[M::hk_bmap_gen] generated 5266 beads
[M::hk_bmap_gen] 212426 bin pairs
[M::blind-gpu] prepared pair buffers: n_diploid=5266 n_pairs=217539 n_block_keys=424996 n_steps=100
[I::fdg-gpu] blocklist CSR ready: edges=424996 avg_deg=80.71 max_deg=197
[M::hk_bmap_gen] generated 5266 beads
[M::hk_bmap_gen] 212340 bin pairs
[M::hk_bmap_gen] generated 5266 beads
[M::hk_bmap_gen] 212340 bin pairs
[M::blind-gpu] prepared pair buffers: n_diploid=5266 n_pairs=217446 n_block_keys=424808 n_steps=100
[I::fdg-gpu] blocklist CSR ready: edges=424808 avg_deg=80.67 max_deg=195
[M::hk_bmap_gen] generated 5266 beads
[M::hk_bmap_gen] 212172 bin pairs
[M::hk_bmap_gen] generated 5266 beads
[M::hk_bmap_gen] 212172 bin pairs
[M::blind-gpu] prepared pair buffers: n_diploid=5266 n_pairs=217285 n_block_keys=424482 n_steps=100
[I::fdg-gpu] blocklist CSR ready: edges=424482 avg_deg=80.61 max_deg=194
[M::hk_bmap_gen] generated 5266 beads
[M::hk_bmap_gen] 212157 bin pairs
[M::hk_bmap_gen] generated 5266 beads
[M::hk_bmap_gen] 212157 bin pairs
[M::blind-gpu] prepared pair buffers: n_diploid=5266 n_pairs=217273 n_block_keys=424458 n_steps=100
[I::fdg-gpu] blocklist CSR ready: edges=424458 avg_deg=80.60 max_deg=195
[M::hk_bmap_gen] generated 5266 beads
[M::hk_bmap_gen] 212103 bin pairs
[M::hk_bmap_gen] generated 5266 beads
[M::hk_bmap_gen] 212103 bin pairs
[M::blind-gpu] prepared pair buffers: n_diploid=5266 n_pairs=217208 n_block_keys=424332 n_steps=100
[I::fdg-gpu] blocklist CSR ready: edges=424332 avg_deg=80.58 max_deg=194
[M::hk_bmap_gen] generated 5266 beads
[M::hk_bmap_gen] 212056 bin pairs
[M::hk_bmap_gen] generated 5266 beads
[M::hk_bmap_gen] 212056 bin pairs
[M::blind-gpu] prepared pair buffers: n_diploid=5266 n_pairs=217162 n_block_keys=424240 n_steps=100
[I::fdg-gpu] blocklist CSR ready: edges=424240 avg_deg=80.56 max_deg=195
[M::hk_bmap_gen] generated 5266 beads
[M::hk_bmap_gen] 212060 bin pairs
[M::hk_bmap_gen] generated 5266 beads
[M::hk_bmap_gen] 212060 bin pairs
[M::blind-gpu] prepared pair buffers: n_diploid=5266 n_pairs=217158 n_block_keys=424234 n_steps=100
[I::fdg-gpu] blocklist CSR ready: edges=424234 avg_deg=80.56 max_deg=196
[M::hk_bmap_gen] generated 5266 beads
[M::hk_bmap_gen] 212160 bin pairs
[M::hk_bmap_gen] generated 5266 beads
[M::hk_bmap_gen] 212160 bin pairs
[M::blind-gpu] prepared pair buffers: n_diploid=5266 n_pairs=217265 n_block_keys=424448 n_steps=100
[I::fdg-gpu] blocklist CSR ready: edges=424448 avg_deg=80.60 max_deg=197
[M::hk_bmap_gen] generated 5266 beads
[M::hk_bmap_gen] 212192 bin pairs
[M::hk_bmap_gen] generated 5266 beads
[M::hk_bmap_gen] 212192 bin pairs
[M::blind-gpu] prepared pair buffers: n_diploid=5266 n_pairs=217311 n_block_keys=424540 n_steps=100
[I::fdg-gpu] blocklist CSR ready: edges=424540 avg_deg=80.62 max_deg=196
[M::hk_bmap_gen] generated 5266 beads
[M::hk_bmap_gen] 212183 bin pairs
[M::hk_bmap_gen] generated 5266 beads
[M::hk_bmap_gen] 212183 bin pairs
[M::blind-gpu] prepared pair buffers: n_diploid=5266 n_pairs=217312 n_block_keys=424542 n_steps=100
[I::fdg-gpu] blocklist CSR ready: edges=424542 avg_deg=80.62 max_deg=196
[M::hk_bmap_gen] generated 5266 beads
[M::hk_bmap_gen] 212201 bin pairs
[M::hk_bmap_gen] generated 5266 beads
[M::hk_bmap_gen] 212201 bin pairs
[M::blind-gpu] prepared pair buffers: n_diploid=5266 n_pairs=217319 n_block_keys=424556 n_steps=100
[I::fdg-gpu] blocklist CSR ready: edges=424556 avg_deg=80.62 max_deg=195
[M::hk_bmap_gen] generated 5266 beads
[M::hk_bmap_gen] 212254 bin pairs
[M::hk_bmap_gen] generated 5266 beads
[M::hk_bmap_gen] 212254 bin pairs
[M::blind-gpu] prepared pair buffers: n_diploid=5266 n_pairs=217371 n_block_keys=424662 n_steps=100
[I::fdg-gpu] blocklist CSR ready: edges=424662 avg_deg=80.64 max_deg=194
[M::hk_bmap_gen] generated 5266 beads
[M::hk_bmap_gen] 212249 bin pairs
[M::hk_bmap_gen] generated 5266 beads
[M::hk_bmap_gen] 212249 bin pairs
[M::blind-gpu] prepared pair buffers: n_diploid=5266 n_pairs=217365 n_block_keys=424650 n_steps=100
[I::fdg-gpu] blocklist CSR ready: edges=424650 avg_deg=80.64 max_deg=194
[M::hk_bmap_gen] generated 5266 beads
[M::hk_bmap_gen] 212337 bin pairs
[M::hk_bmap_gen] generated 5266 beads
[M::hk_bmap_gen] 212337 bin pairs
[M::blind-gpu] prepared pair buffers: n_diploid=5266 n_pairs=217451 n_block_keys=424816 n_steps=100
[I::fdg-gpu] blocklist CSR ready: edges=424816 avg_deg=80.67 max_deg=195
[M::hk_bmap_gen] generated 5266 beads
[M::hk_bmap_gen] 212306 bin pairs
[M::hk_bmap_gen] generated 5266 beads
[M::hk_bmap_gen] 212306 bin pairs
[M::blind-gpu] prepared pair buffers: n_diploid=5266 n_pairs=217417 n_block_keys=424750 n_steps=100
[I::fdg-gpu] blocklist CSR ready: edges=424750 avg_deg=80.66 max_deg=195
[M::hk_bmap_gen] generated 5266 beads
[M::hk_bmap_gen] 212349 bin pairs
[M::hk_bmap_gen] generated 5266 beads
[M::hk_bmap_gen] 212349 bin pairs
[M::blind-gpu] prepared pair buffers: n_diploid=5266 n_pairs=217461 n_block_keys=424836 n_steps=100
[I::fdg-gpu] blocklist CSR ready: edges=424836 avg_deg=80.68 max_deg=196
[M::hk_bmap_gen] generated 5266 beads
[M::hk_bmap_gen] 212322 bin pairs
[M::hk_bmap_gen] generated 5266 beads
[M::hk_bmap_gen] 212322 bin pairs
[M::blind-gpu] prepared pair buffers: n_diploid=5266 n_pairs=217435 n_block_keys=424782 n_steps=100
[I::fdg-gpu] blocklist CSR ready: edges=424782 avg_deg=80.67 max_deg=197
[M::hk_bmap_gen] generated 5266 beads
[M::hk_bmap_gen] 212361 bin pairs
[M::hk_bmap_gen] generated 5266 beads
[M::hk_bmap_gen] 212361 bin pairs
[M::blind-gpu] prepared pair buffers: n_diploid=5266 n_pairs=217471 n_block_keys=424854 n_steps=100
[I::fdg-gpu] blocklist CSR ready: edges=424854 avg_deg=80.68 max_deg=198
[M::hk_bmap_gen] generated 5266 beads
[M::hk_bmap_gen] 212347 bin pairs
[M::hk_bmap_gen] generated 5266 beads
[M::hk_bmap_gen] 212347 bin pairs
[M::blind-gpu] prepared pair buffers: n_diploid=5266 n_pairs=217465 n_block_keys=424840 n_steps=100
[I::fdg-gpu] blocklist CSR ready: edges=424840 avg_deg=80.68 max_deg=198
[M::hk_bmap_gen] generated 5266 beads
[M::hk_bmap_gen] 212402 bin pairs
[M::hk_bmap_gen] generated 5266 beads
[M::hk_bmap_gen] 212402 bin pairs
[M::blind-gpu] prepared pair buffers: n_diploid=5266 n_pairs=217524 n_block_keys=424958 n_steps=100
[I::fdg-gpu] blocklist CSR ready: edges=424958 avg_deg=80.70 max_deg=197
[M::hk_bmap_gen] generated 5266 beads
[M::hk_bmap_gen] 212440 bin pairs
[M::hk_bmap_gen] generated 5266 beads
[M::hk_bmap_gen] 212440 bin pairs
[M::blind-gpu] prepared pair buffers: n_diploid=5266 n_pairs=217572 n_block_keys=425054 n_steps=100
[I::fdg-gpu] blocklist CSR ready: edges=425054 avg_deg=80.72 max_deg=196
[M::hk_bmap_gen] generated 5266 beads
[M::hk_bmap_gen] 212388 bin pairs
[M::hk_bmap_gen] generated 5266 beads
[M::hk_bmap_gen] 212388 bin pairs
[M::blind-gpu] prepared pair buffers: n_diploid=5266 n_pairs=217515 n_block_keys=424940 n_steps=100
[I::fdg-gpu] blocklist CSR ready: edges=424940 avg_deg=80.70 max_deg=196
[M::hk_bmap_gen] generated 5266 beads
[M::hk_bmap_gen] 212363 bin pairs
[M::hk_bmap_gen] generated 5266 beads
[M::hk_bmap_gen] 212363 bin pairs
[M::blind-gpu] prepared pair buffers: n_diploid=5266 n_pairs=217489 n_block_keys=424888 n_steps=100
[I::fdg-gpu] blocklist CSR ready: edges=424888 avg_deg=80.69 max_deg=197
[M::hk_bmap_gen] generated 5266 beads
[M::hk_bmap_gen] 212319 bin pairs
[M::hk_bmap_gen] generated 5266 beads
[M::hk_bmap_gen] 212319 bin pairs
[M::blind-gpu] prepared pair buffers: n_diploid=5266 n_pairs=217453 n_block_keys=424814 n_steps=100
[I::fdg-gpu] blocklist CSR ready: edges=424814 avg_deg=80.67 max_deg=196
[M::hk_bmap_gen] generated 5266 beads
[M::hk_bmap_gen] 212267 bin pairs
[M::hk_bmap_gen] generated 5266 beads
[M::hk_bmap_gen] 212267 bin pairs
[M::blind-gpu] prepared pair buffers: n_diploid=5266 n_pairs=217404 n_block_keys=424714 n_steps=100
[I::fdg-gpu] blocklist CSR ready: edges=424714 avg_deg=80.65 max_deg=196
[M::hk_bmap_gen] generated 5266 beads
[M::hk_bmap_gen] 212168 bin pairs
[M::hk_bmap_gen] generated 5266 beads
[M::hk_bmap_gen] 212168 bin pairs
[M::blind-gpu] prepared pair buffers: n_diploid=5266 n_pairs=217295 n_block_keys=424496 n_steps=100
[I::fdg-gpu] blocklist CSR ready: edges=424496 avg_deg=80.61 max_deg=196
[M::hk_bmap_gen] generated 5266 beads
[M::hk_bmap_gen] 212056 bin pairs
[M::hk_bmap_gen] generated 5266 beads
[M::hk_bmap_gen] 212056 bin pairs
[M::blind-gpu] prepared pair buffers: n_diploid=5266 n_pairs=217185 n_block_keys=424276 n_steps=100
[I::fdg-gpu] blocklist CSR ready: edges=424276 avg_deg=80.57 max_deg=196
[M::hk_bmap_gen] generated 5266 beads
[M::hk_bmap_gen] 212053 bin pairs
[M::hk_bmap_gen] generated 5266 beads
[M::hk_bmap_gen] 212053 bin pairs
[M::blind-gpu] prepared pair buffers: n_diploid=5266 n_pairs=217184 n_block_keys=424274 n_steps=100
[I::fdg-gpu] blocklist CSR ready: edges=424274 avg_deg=80.57 max_deg=196
[M::hk_bmap_gen] generated 5266 beads
[M::hk_bmap_gen] 212084 bin pairs
[M::hk_bmap_gen] generated 5266 beads
[M::hk_bmap_gen] 212084 bin pairs
[M::blind-gpu] prepared pair buffers: n_diploid=5266 n_pairs=217210 n_block_keys=424324 n_steps=100
[I::fdg-gpu] blocklist CSR ready: edges=424324 avg_deg=80.58 max_deg=195
[M::hk_bmap_gen] generated 5266 beads
[M::hk_bmap_gen] 212053 bin pairs
[M::hk_bmap_gen] generated 5266 beads
[M::hk_bmap_gen] 212053 bin pairs
[M::blind-gpu] prepared pair buffers: n_diploid=5266 n_pairs=217177 n_block_keys=424260 n_steps=100
[I::fdg-gpu] blocklist CSR ready: edges=424260 avg_deg=80.57 max_deg=195
[M::hk_bmap_gen] generated 5266 beads
[M::hk_bmap_gen] 212023 bin pairs
[M::hk_bmap_gen] generated 5266 beads
[M::hk_bmap_gen] 212023 bin pairs
[M::blind-gpu] prepared pair buffers: n_diploid=5266 n_pairs=217144 n_block_keys=424196 n_steps=100
[I::fdg-gpu] blocklist CSR ready: edges=424196 avg_deg=80.55 max_deg=195
[M::hk_bmap_gen] generated 5266 beads
[M::hk_bmap_gen] 212066 bin pairs
[M::hk_bmap_gen] generated 5266 beads
[M::hk_bmap_gen] 212066 bin pairs
[M::blind-gpu] prepared pair buffers: n_diploid=5266 n_pairs=217183 n_block_keys=424276 n_steps=100
[I::fdg-gpu] blocklist CSR ready: edges=424276 avg_deg=80.57 max_deg=195
[M::hk_bmap_gen] generated 5266 beads
[M::hk_bmap_gen] 212080 bin pairs
[M::hk_bmap_gen] generated 5266 beads
[M::hk_bmap_gen] 212080 bin pairs
[M::blind-gpu] prepared pair buffers: n_diploid=5266 n_pairs=217198 n_block_keys=424306 n_steps=100
[I::fdg-gpu] blocklist CSR ready: edges=424306 avg_deg=80.57 max_deg=196
[M::hk_bmap_gen] generated 5266 beads
[M::hk_bmap_gen] 212128 bin pairs
[M::hk_bmap_gen] generated 5266 beads
[M::hk_bmap_gen] 212128 bin pairs
[M::blind-gpu] prepared pair buffers: n_diploid=5266 n_pairs=217246 n_block_keys=424402 n_steps=100
[I::fdg-gpu] blocklist CSR ready: edges=424402 avg_deg=80.59 max_deg=197
[M::hk_bmap_gen] generated 5266 beads
[M::hk_bmap_gen] 212144 bin pairs
[M::hk_bmap_gen] generated 5266 beads
[M::hk_bmap_gen] 212144 bin pairs
[M::blind-gpu] prepared pair buffers: n_diploid=5266 n_pairs=217260 n_block_keys=424430 n_steps=100
[I::fdg-gpu] blocklist CSR ready: edges=424430 avg_deg=80.60 max_deg=197
[M::hk_bmap_gen] generated 5266 beads
[M::hk_bmap_gen] 212164 bin pairs
[M::hk_bmap_gen] generated 5266 beads
[M::hk_bmap_gen] 212164 bin pairs
[M::blind-gpu] prepared pair buffers: n_diploid=5266 n_pairs=217284 n_block_keys=424478 n_steps=100
[I::fdg-gpu] blocklist CSR ready: edges=424478 avg_deg=80.61 max_deg=197
[M::hk_bmap_gen] generated 5266 beads
[M::hk_bmap_gen] 212129 bin pairs
[M::hk_bmap_gen] generated 5266 beads
[M::hk_bmap_gen] 212129 bin pairs
[M::blind-gpu] prepared pair buffers: n_diploid=5266 n_pairs=217250 n_block_keys=424408 n_steps=100
[I::fdg-gpu] blocklist CSR ready: edges=424408 avg_deg=80.59 max_deg=197
[M::hk_bmap_gen] generated 5266 beads
[M::hk_bmap_gen] 212193 bin pairs
[M::hk_bmap_gen] generated 5266 beads
[M::hk_bmap_gen] 212193 bin pairs
[M::blind-gpu] prepared pair buffers: n_diploid=5266 n_pairs=217311 n_block_keys=424528 n_steps=100
[I::fdg-gpu] blocklist CSR ready: edges=424528 avg_deg=80.62 max_deg=197
[M::hk_bmap_gen] generated 5266 beads
[M::hk_bmap_gen] 212215 bin pairs
[M::hk_bmap_gen] generated 5266 beads
[M::hk_bmap_gen] 212215 bin pairs
[M::blind-gpu] prepared pair buffers: n_diploid=5266 n_pairs=217332 n_block_keys=424570 n_steps=100
[I::fdg-gpu] blocklist CSR ready: edges=424570 avg_deg=80.62 max_deg=198
[M::hk_bmap_gen] generated 5266 beads
[M::hk_bmap_gen] 212224 bin pairs
[M::hk_bmap_gen] generated 5266 beads
[M::hk_bmap_gen] 212224 bin pairs
[M::blind-gpu] prepared pair buffers: n_diploid=5266 n_pairs=217337 n_block_keys=424582 n_steps=100
[I::fdg-gpu] blocklist CSR ready: edges=424582 avg_deg=80.63 max_deg=198
[M::hk_bmap_gen] generated 5266 beads
[M::hk_bmap_gen] 212228 bin pairs
[M::hk_bmap_gen] generated 5266 beads
[M::hk_bmap_gen] 212228 bin pairs
[M::blind-gpu] prepared pair buffers: n_diploid=5266 n_pairs=217342 n_block_keys=424592 n_steps=100
[I::fdg-gpu] blocklist CSR ready: edges=424592 avg_deg=80.63 max_deg=198
[M::hk_bmap_gen] generated 5266 beads
[M::hk_bmap_gen] 212243 bin pairs
[M::hk_bmap_gen] generated 5266 beads
[M::hk_bmap_gen] 212243 bin pairs
[M::blind-gpu] prepared pair buffers: n_diploid=5266 n_pairs=217358 n_block_keys=424624 n_steps=100
[I::fdg-gpu] blocklist CSR ready: edges=424624 avg_deg=80.64 max_deg=199
[M::hk_bmap_gen] generated 5266 beads
[M::hk_bmap_gen] 212216 bin pairs
[M::hk_bmap_gen] generated 5266 beads
[M::hk_bmap_gen] 212216 bin pairs
[M::blind-gpu] prepared pair buffers: n_diploid=5266 n_pairs=217332 n_block_keys=424572 n_steps=100
[I::fdg-gpu] blocklist CSR ready: edges=424572 avg_deg=80.63 max_deg=198
[M::hk_bmap_gen] generated 5266 beads
[M::hk_bmap_gen] 212240 bin pairs
[M::hk_bmap_gen] generated 5266 beads
[M::hk_bmap_gen] 212240 bin pairs
[M::blind-gpu] prepared pair buffers: n_diploid=5266 n_pairs=217358 n_block_keys=424624 n_steps=100
[I::fdg-gpu] blocklist CSR ready: edges=424624 avg_deg=80.64 max_deg=198
[M::hk_bmap_gen] generated 5266 beads
[M::hk_bmap_gen] 212227 bin pairs
[M::hk_bmap_gen] generated 5266 beads
[M::hk_bmap_gen] 212227 bin pairs
[M::blind-gpu] prepared pair buffers: n_diploid=5266 n_pairs=217343 n_block_keys=424594 n_steps=100
[I::fdg-gpu] blocklist CSR ready: edges=424594 avg_deg=80.63 max_deg=198
[M::hk_bmap_gen] generated 5266 beads
[M::hk_bmap_gen] 212186 bin pairs
[M::hk_bmap_gen] generated 5266 beads
[M::hk_bmap_gen] 212186 bin pairs
[M::blind-gpu] prepared pair buffers: n_diploid=5266 n_pairs=217306 n_block_keys=424520 n_steps=100
[I::fdg-gpu] blocklist CSR ready: edges=424520 avg_deg=80.62 max_deg=198
[M::hk_bmap_gen] generated 5266 beads
[M::hk_bmap_gen] 212168 bin pairs
[M::hk_bmap_gen] generated 5266 beads
[M::hk_bmap_gen] 212168 bin pairs
[M::blind-gpu] prepared pair buffers: n_diploid=5266 n_pairs=217289 n_block_keys=424486 n_steps=100
[I::fdg-gpu] blocklist CSR ready: edges=424486 avg_deg=80.61 max_deg=198
[M::hk_bmap_gen] generated 5266 beads
[M::hk_bmap_gen] 212197 bin pairs
[M::hk_bmap_gen] generated 5266 beads
[M::hk_bmap_gen] 212197 bin pairs
[M::blind-gpu] prepared pair buffers: n_diploid=5266 n_pairs=217321 n_block_keys=424550 n_steps=100
[I::fdg-gpu] blocklist CSR ready: edges=424550 avg_deg=80.62 max_deg=197
[M::hk_bmap_gen] generated 5266 beads
[M::hk_bmap_gen] 212117 bin pairs
[M::hk_bmap_gen] generated 5266 beads
[M::hk_bmap_gen] 212117 bin pairs
[M::blind-gpu] prepared pair buffers: n_diploid=5266 n_pairs=217235 n_block_keys=424378 n_steps=100
[I::fdg-gpu] blocklist CSR ready: edges=424378 avg_deg=80.59 max_deg=196
[M::hk_bmap_gen] generated 5266 beads
[M::hk_bmap_gen] 212083 bin pairs
[M::hk_bmap_gen] generated 5266 beads
[M::hk_bmap_gen] 212083 bin pairs
[M::blind-gpu] prepared pair buffers: n_diploid=5266 n_pairs=217204 n_block_keys=424316 n_steps=100
[I::fdg-gpu] blocklist CSR ready: edges=424316 avg_deg=80.58 max_deg=196
[M::hk_bmap_gen] generated 5266 beads
[M::hk_bmap_gen] 212105 bin pairs
[M::hk_bmap_gen] generated 5266 beads
[M::hk_bmap_gen] 212105 bin pairs
[M::blind-gpu] prepared pair buffers: n_diploid=5266 n_pairs=217218 n_block_keys=424342 n_steps=100
[I::fdg-gpu] blocklist CSR ready: edges=424342 avg_deg=80.58 max_deg=196
[M::hk_bmap_gen] generated 5266 beads
[M::hk_bmap_gen] 212108 bin pairs
[M::hk_bmap_gen] generated 5266 beads
[M::hk_bmap_gen] 212108 bin pairs
[M::blind-gpu] prepared pair buffers: n_diploid=5266 n_pairs=217221 n_block_keys=424348 n_steps=100
[I::fdg-gpu] blocklist CSR ready: edges=424348 avg_deg=80.58 max_deg=195
[M::hk_bmap_gen] generated 5266 beads
[M::hk_bmap_gen] 212091 bin pairs
[M::hk_bmap_gen] generated 5266 beads
[M::hk_bmap_gen] 212091 bin pairs
[M::blind-gpu] prepared pair buffers: n_diploid=5266 n_pairs=217206 n_block_keys=424318 n_steps=100
[I::fdg-gpu] blocklist CSR ready: edges=424318 avg_deg=80.58 max_deg=195
[M::hk_bmap_gen] generated 5266 beads
[M::hk_bmap_gen] 212152 bin pairs
[M::hk_bmap_gen] generated 5266 beads
[M::hk_bmap_gen] 212152 bin pairs
[M::blind-gpu] prepared pair buffers: n_diploid=5266 n_pairs=217266 n_block_keys=424438 n_steps=100
[I::fdg-gpu] blocklist CSR ready: edges=424438 avg_deg=80.60 max_deg=196
[M::hk_bmap_gen] generated 5266 beads
[M::hk_bmap_gen] 212153 bin pairs
[M::hk_bmap_gen] generated 5266 beads
[M::hk_bmap_gen] 212153 bin pairs
[M::blind-gpu] prepared pair buffers: n_diploid=5266 n_pairs=217269 n_block_keys=424444 n_steps=100
[I::fdg-gpu] blocklist CSR ready: edges=424444 avg_deg=80.60 max_deg=196
[M::hk_bmap_gen] generated 5266 beads
[M::hk_bmap_gen] 212189 bin pairs
[M::hk_bmap_gen] generated 5266 beads
[M::hk_bmap_gen] 212189 bin pairs
[M::blind-gpu] prepared pair buffers: n_diploid=5266 n_pairs=217311 n_block_keys=424528 n_steps=100
[I::fdg-gpu] blocklist CSR ready: edges=424528 avg_deg=80.62 max_deg=196
[M::hk_bmap_gen] generated 5266 beads
[M::hk_bmap_gen] 212215 bin pairs
[M::hk_bmap_gen] generated 5266 beads
[M::hk_bmap_gen] 212215 bin pairs
[M::blind-gpu] prepared pair buffers: n_diploid=5266 n_pairs=217334 n_block_keys=424574 n_steps=100
[I::fdg-gpu] blocklist CSR ready: edges=424574 avg_deg=80.63 max_deg=195
[M::hk_bmap_gen] generated 5266 beads
[M::hk_bmap_gen] 212198 bin pairs
[M::hk_bmap_gen] generated 5266 beads
[M::hk_bmap_gen] 212198 bin pairs
[M::blind-gpu] prepared pair buffers: n_diploid=5266 n_pairs=217315 n_block_keys=424536 n_steps=100
[I::fdg-gpu] blocklist CSR ready: edges=424536 avg_deg=80.62 max_deg=195
[M::hk_bmap_gen] generated 5266 beads
[M::hk_bmap_gen] 212185 bin pairs
[M::hk_bmap_gen] generated 5266 beads
[M::hk_bmap_gen] 212185 bin pairs
[M::blind-gpu] prepared pair buffers: n_diploid=5266 n_pairs=217309 n_block_keys=424524 n_steps=100
[I::fdg-gpu] blocklist CSR ready: edges=424524 avg_deg=80.62 max_deg=193
minimal P9016[1m]: write outputs to /mnt/ssd/zliu/phase3/test_res/048-20260620_092323-p9016_callable_anchor_mstep_1m/outputs/p9016_callable_negent_t0p10_m0p05_w10_seed17_best035/p9016_callable_negent_t0p10_m0p05_w10_seed17_best035
[M::hk_bmap_gen] generated 5266 beads
[M::hk_bmap_gen] 212152 bin pairs
[M::hk_bmap_gen] generated 5266 beads
[M::hk_bmap_gen] 212152 bin pairs
minimal P9016[1m]: status=OK final_entropy=0.69672316 final_pU=0.50257951
minimal P9016: summary /mnt/ssd/zliu/phase3/test_res/048-20260620_092323-p9016_callable_anchor_mstep_1m/outputs/p9016_callable_negent_t0p10_m0p05_w10_seed17_best035/matrix_summary.tsv
