minimal P9016: input=/shared/zliu/CHARM/CHARM_mesc/data/pairs/P9016.pairs.gz output_root=/mnt/ssd/zliu/phase3/test_res/048-20260620_092323-p9016_callable_anchor_mstep_1m/outputs/p9016_callable_negent_t0p05_m0p10_w10_seed71_best035 config=p9016_callable_negent_t0p05_m0p10_w10_seed71_best035 baseline=softall n_iter=100 relax_steps=100 relax_step=0.012 chain=0 init_mode=unphased_scaffold_split init_eps=0.5 init_noise=0.050000001 init_scale=10 init_seed=71 min_sep=0 lambda_sep=0 lambda_copytrack=0.029999999 lambda_global_copytrack=0.003 init_coord_anchor_k=0 trans_chr_pair_prior_lambda=0 trans_chr_pair_prior_eps=0.001 trans_chr_pair_prior_power=1 trans_chr_pair_prior_warmup_iter=0 trans_chr_pair_mstep_lambda=0 trans_chr_pair_mstep_eps=0.001 trans_chr_pair_mstep_power=1 trans_chr_pair_mstep_warmup_iter=0 d_scale_mode=posterior_count d_scale_input=posterior_count d_scale_formula=n_raw*posterior_prob^1 d_scale_gamma=1 d_scale_eps=1e-06 trans_k_multiplier=1 trans_dscale_multiplier=0.5 trans_top1_mode=off trans_top1_min_pmax=1 trans_top1_min_margin=1 trans_top1_mix_weight=0 trans_gate_mode=off trans_gate_min_pmax=1 trans_gate_min_margin=1 trans_gate_min_neg_entropy=-1.3862944 readgroup_mode=off readgroup_max_segments=8 readgroup_eps=1e-06 relax_backend=gpu
minimal P9016: stage 1/1 name=1m bin_size_bp=1000000 parent=0
[M::hk_map_read] read 1703888 pairs
[M::hk_bmap_gen] generated 2633 beads
[M::hk_bmap_gen] 489556 bin pairs
minimal P9016[1m]: build binned contacts train_raw=1703888 heldout_raw=0 heldout_fraction=0
minimal P9016[1m]: init mode=unphased_scaffold_split seed=71 scale=10
[M::hk_fdg] mid_dist:1000000 max_nei:69
[M::hk_fdg1_cpu] iter:10 elapsed:0.32s rep_coef:0.2092 RMS_force:367.7282 n_rep:42.9351 energy:25.4741,6.7271,0.0049 dist:5.6541,6.6698,1.4487
[M::hk_fdg1_cpu] iter:20 elapsed:0.78s rep_coef:0.6615 RMS_force:338.2522 n_rep:151.6927 energy:7.7405,3.4462,0.0177 dist:3.3961,4.2978,1.4008
[M::hk_fdg1_cpu] iter:30 elapsed:1.73s rep_coef:0.9352 RMS_force:224.8150 n_rep:590.1945 energy:1.7694,1.0665,0.0352 dist:1.9576,2.3312,1.2564
[M::hk_fdg1_cpu] iter:40 elapsed:3.09s rep_coef:0.9907 RMS_force:131.5153 n_rep:803.0726 energy:0.5225,0.4149,0.0364 dist:1.4006,1.7260,1.2593
[M::hk_fdg1_cpu] iter:50 elapsed:4.51s rep_coef:0.9987 RMS_force:108.0339 n_rep:806.6813 energy:0.2109,0.3021,0.0330 dist:1.1220,1.6404,1.3064
minimal P9016[1m]: run softall, n_iter=100 relax_steps=100 relax_step=0.012 relax_backend=gpu
[M::hk_bmap_gen] generated 5266 beads
[M::hk_bmap_gen] 286444 bin pairs
[M::hk_bmap_gen] generated 5266 beads
[M::hk_bmap_gen] 286444 bin pairs
[M::blind-gpu] prepared pair buffers: n_diploid=5266 n_pairs=291612 n_block_keys=573128 n_steps=100
[I::fdg-gpu] blocklist CSR ready: edges=573128 avg_deg=108.84 max_deg=193
[M::hk_bmap_gen] generated 5266 beads
[M::hk_bmap_gen] 286440 bin pairs
[M::hk_bmap_gen] generated 5266 beads
[M::hk_bmap_gen] 286440 bin pairs
[M::blind-gpu] prepared pair buffers: n_diploid=5266 n_pairs=291543 n_block_keys=572998 n_steps=100
[I::fdg-gpu] blocklist CSR ready: edges=572998 avg_deg=108.81 max_deg=214
[M::hk_bmap_gen] generated 5266 beads
[M::hk_bmap_gen] 272358 bin pairs
[M::hk_bmap_gen] generated 5266 beads
[M::hk_bmap_gen] 272358 bin pairs
[M::blind-gpu] prepared pair buffers: n_diploid=5266 n_pairs=277429 n_block_keys=544764 n_steps=100
[I::fdg-gpu] blocklist CSR ready: edges=544764 avg_deg=103.45 max_deg=201
[M::hk_bmap_gen] generated 5266 beads
[M::hk_bmap_gen] 258888 bin pairs
[M::hk_bmap_gen] generated 5266 beads
[M::hk_bmap_gen] 258888 bin pairs
[M::blind-gpu] prepared pair buffers: n_diploid=5266 n_pairs=263965 n_block_keys=517840 n_steps=100
[I::fdg-gpu] blocklist CSR ready: edges=517840 avg_deg=98.34 max_deg=203
[M::hk_bmap_gen] generated 5266 beads
[M::hk_bmap_gen] 248231 bin pairs
[M::hk_bmap_gen] generated 5266 beads
[M::hk_bmap_gen] 248231 bin pairs
[M::blind-gpu] prepared pair buffers: n_diploid=5266 n_pairs=253293 n_block_keys=496504 n_steps=100
[I::fdg-gpu] blocklist CSR ready: edges=496504 avg_deg=94.28 max_deg=205
[M::hk_bmap_gen] generated 5266 beads
[M::hk_bmap_gen] 239778 bin pairs
[M::hk_bmap_gen] generated 5266 beads
[M::hk_bmap_gen] 239778 bin pairs
[M::blind-gpu] prepared pair buffers: n_diploid=5266 n_pairs=244844 n_block_keys=479610 n_steps=100
[I::fdg-gpu] blocklist CSR ready: edges=479610 avg_deg=91.08 max_deg=197
[M::hk_bmap_gen] generated 5266 beads
[M::hk_bmap_gen] 233614 bin pairs
[M::hk_bmap_gen] generated 5266 beads
[M::hk_bmap_gen] 233614 bin pairs
[M::blind-gpu] prepared pair buffers: n_diploid=5266 n_pairs=238702 n_block_keys=467320 n_steps=100
[I::fdg-gpu] blocklist CSR ready: edges=467320 avg_deg=88.74 max_deg=193
[M::hk_bmap_gen] generated 5266 beads
[M::hk_bmap_gen] 229517 bin pairs
[M::hk_bmap_gen] generated 5266 beads
[M::hk_bmap_gen] 229517 bin pairs
[M::blind-gpu] prepared pair buffers: n_diploid=5266 n_pairs=234622 n_block_keys=459160 n_steps=100
[I::fdg-gpu] blocklist CSR ready: edges=459160 avg_deg=87.19 max_deg=188
[M::hk_bmap_gen] generated 5266 beads
[M::hk_bmap_gen] 226579 bin pairs
[M::hk_bmap_gen] generated 5266 beads
[M::hk_bmap_gen] 226579 bin pairs
[M::blind-gpu] prepared pair buffers: n_diploid=5266 n_pairs=231679 n_block_keys=453280 n_steps=100
[I::fdg-gpu] blocklist CSR ready: edges=453280 avg_deg=86.08 max_deg=189
[M::hk_bmap_gen] generated 5266 beads
[M::hk_bmap_gen] 224437 bin pairs
[M::hk_bmap_gen] generated 5266 beads
[M::hk_bmap_gen] 224437 bin pairs
[M::blind-gpu] prepared pair buffers: n_diploid=5266 n_pairs=229535 n_block_keys=448994 n_steps=100
[I::fdg-gpu] blocklist CSR ready: edges=448994 avg_deg=85.26 max_deg=189
[M::hk_bmap_gen] generated 5266 beads
[M::hk_bmap_gen] 222349 bin pairs
[M::hk_bmap_gen] generated 5266 beads
[M::hk_bmap_gen] 222349 bin pairs
[M::blind-gpu] prepared pair buffers: n_diploid=5266 n_pairs=227435 n_block_keys=444796 n_steps=100
[I::fdg-gpu] blocklist CSR ready: edges=444796 avg_deg=84.47 max_deg=186
[M::hk_bmap_gen] generated 5266 beads
[M::hk_bmap_gen] 221087 bin pairs
[M::hk_bmap_gen] generated 5266 beads
[M::hk_bmap_gen] 221087 bin pairs
[M::blind-gpu] prepared pair buffers: n_diploid=5266 n_pairs=226169 n_block_keys=442262 n_steps=100
[I::fdg-gpu] blocklist CSR ready: edges=442262 avg_deg=83.98 max_deg=187
[M::hk_bmap_gen] generated 5266 beads
[M::hk_bmap_gen] 220201 bin pairs
[M::hk_bmap_gen] generated 5266 beads
[M::hk_bmap_gen] 220201 bin pairs
[M::blind-gpu] prepared pair buffers: n_diploid=5266 n_pairs=225300 n_block_keys=440526 n_steps=100
[I::fdg-gpu] blocklist CSR ready: edges=440526 avg_deg=83.65 max_deg=187
[M::hk_bmap_gen] generated 5266 beads
[M::hk_bmap_gen] 219343 bin pairs
[M::hk_bmap_gen] generated 5266 beads
[M::hk_bmap_gen] 219343 bin pairs
[M::blind-gpu] prepared pair buffers: n_diploid=5266 n_pairs=224439 n_block_keys=438798 n_steps=100
[I::fdg-gpu] blocklist CSR ready: edges=438798 avg_deg=83.33 max_deg=186
[M::hk_bmap_gen] generated 5266 beads
[M::hk_bmap_gen] 218471 bin pairs
[M::hk_bmap_gen] generated 5266 beads
[M::hk_bmap_gen] 218471 bin pairs
[M::blind-gpu] prepared pair buffers: n_diploid=5266 n_pairs=223586 n_block_keys=437092 n_steps=100
[I::fdg-gpu] blocklist CSR ready: edges=437092 avg_deg=83.00 max_deg=185
[M::hk_bmap_gen] generated 5266 beads
[M::hk_bmap_gen] 217713 bin pairs
[M::hk_bmap_gen] generated 5266 beads
[M::hk_bmap_gen] 217713 bin pairs
[M::blind-gpu] prepared pair buffers: n_diploid=5266 n_pairs=222830 n_block_keys=435576 n_steps=100
[I::fdg-gpu] blocklist CSR ready: edges=435576 avg_deg=82.71 max_deg=191
[M::hk_bmap_gen] generated 5266 beads
[M::hk_bmap_gen] 216873 bin pairs
[M::hk_bmap_gen] generated 5266 beads
[M::hk_bmap_gen] 216873 bin pairs
[M::blind-gpu] prepared pair buffers: n_diploid=5266 n_pairs=221989 n_block_keys=433892 n_steps=100
[I::fdg-gpu] blocklist CSR ready: edges=433892 avg_deg=82.39 max_deg=190
[M::hk_bmap_gen] generated 5266 beads
[M::hk_bmap_gen] 216235 bin pairs
[M::hk_bmap_gen] generated 5266 beads
[M::hk_bmap_gen] 216235 bin pairs
[M::blind-gpu] prepared pair buffers: n_diploid=5266 n_pairs=221349 n_block_keys=432612 n_steps=100
[I::fdg-gpu] blocklist CSR ready: edges=432612 avg_deg=82.15 max_deg=189
[M::hk_bmap_gen] generated 5266 beads
[M::hk_bmap_gen] 215708 bin pairs
[M::hk_bmap_gen] generated 5266 beads
[M::hk_bmap_gen] 215708 bin pairs
[M::blind-gpu] prepared pair buffers: n_diploid=5266 n_pairs=220832 n_block_keys=431582 n_steps=100
[I::fdg-gpu] blocklist CSR ready: edges=431582 avg_deg=81.96 max_deg=188
[M::hk_bmap_gen] generated 5266 beads
[M::hk_bmap_gen] 215302 bin pairs
[M::hk_bmap_gen] generated 5266 beads
[M::hk_bmap_gen] 215302 bin pairs
[M::blind-gpu] prepared pair buffers: n_diploid=5266 n_pairs=220417 n_block_keys=430750 n_steps=100
[I::fdg-gpu] blocklist CSR ready: edges=430750 avg_deg=81.80 max_deg=188
[M::hk_bmap_gen] generated 5266 beads
[M::hk_bmap_gen] 215088 bin pairs
[M::hk_bmap_gen] generated 5266 beads
[M::hk_bmap_gen] 215088 bin pairs
[M::blind-gpu] prepared pair buffers: n_diploid=5266 n_pairs=220210 n_block_keys=430334 n_steps=100
[I::fdg-gpu] blocklist CSR ready: edges=430334 avg_deg=81.72 max_deg=187
[M::hk_bmap_gen] generated 5266 beads
[M::hk_bmap_gen] 215015 bin pairs
[M::hk_bmap_gen] generated 5266 beads
[M::hk_bmap_gen] 215015 bin pairs
[M::blind-gpu] prepared pair buffers: n_diploid=5266 n_pairs=220124 n_block_keys=430164 n_steps=100
[I::fdg-gpu] blocklist CSR ready: edges=430164 avg_deg=81.69 max_deg=189
[M::hk_bmap_gen] generated 5266 beads
[M::hk_bmap_gen] 214573 bin pairs
[M::hk_bmap_gen] generated 5266 beads
[M::hk_bmap_gen] 214573 bin pairs
[M::blind-gpu] prepared pair buffers: n_diploid=5266 n_pairs=219689 n_block_keys=429286 n_steps=100
[I::fdg-gpu] blocklist CSR ready: edges=429286 avg_deg=81.52 max_deg=187
[M::hk_bmap_gen] generated 5266 beads
[M::hk_bmap_gen] 214490 bin pairs
[M::hk_bmap_gen] generated 5266 beads
[M::hk_bmap_gen] 214490 bin pairs
[M::blind-gpu] prepared pair buffers: n_diploid=5266 n_pairs=219604 n_block_keys=429116 n_steps=100
[I::fdg-gpu] blocklist CSR ready: edges=429116 avg_deg=81.49 max_deg=183
[M::hk_bmap_gen] generated 5266 beads
[M::hk_bmap_gen] 214416 bin pairs
[M::hk_bmap_gen] generated 5266 beads
[M::hk_bmap_gen] 214416 bin pairs
[M::blind-gpu] prepared pair buffers: n_diploid=5266 n_pairs=219541 n_block_keys=428986 n_steps=100
[I::fdg-gpu] blocklist CSR ready: edges=428986 avg_deg=81.46 max_deg=184
[M::hk_bmap_gen] generated 5266 beads
[M::hk_bmap_gen] 214286 bin pairs
[M::hk_bmap_gen] generated 5266 beads
[M::hk_bmap_gen] 214286 bin pairs
[M::blind-gpu] prepared pair buffers: n_diploid=5266 n_pairs=219394 n_block_keys=428692 n_steps=100
[I::fdg-gpu] blocklist CSR ready: edges=428692 avg_deg=81.41 max_deg=187
[M::hk_bmap_gen] generated 5266 beads
[M::hk_bmap_gen] 214178 bin pairs
[M::hk_bmap_gen] generated 5266 beads
[M::hk_bmap_gen] 214178 bin pairs
[M::blind-gpu] prepared pair buffers: n_diploid=5266 n_pairs=219296 n_block_keys=428498 n_steps=100
[I::fdg-gpu] blocklist CSR ready: edges=428498 avg_deg=81.37 max_deg=185
[M::hk_bmap_gen] generated 5266 beads
[M::hk_bmap_gen] 214039 bin pairs
[M::hk_bmap_gen] generated 5266 beads
[M::hk_bmap_gen] 214039 bin pairs
[M::blind-gpu] prepared pair buffers: n_diploid=5266 n_pairs=219156 n_block_keys=428216 n_steps=100
[I::fdg-gpu] blocklist CSR ready: edges=428216 avg_deg=81.32 max_deg=185
[M::hk_bmap_gen] generated 5266 beads
[M::hk_bmap_gen] 213860 bin pairs
[M::hk_bmap_gen] generated 5266 beads
[M::hk_bmap_gen] 213860 bin pairs
[M::blind-gpu] prepared pair buffers: n_diploid=5266 n_pairs=218973 n_block_keys=427850 n_steps=100
[I::fdg-gpu] blocklist CSR ready: edges=427850 avg_deg=81.25 max_deg=185
[M::hk_bmap_gen] generated 5266 beads
[M::hk_bmap_gen] 213723 bin pairs
[M::hk_bmap_gen] generated 5266 beads
[M::hk_bmap_gen] 213723 bin pairs
[M::blind-gpu] prepared pair buffers: n_diploid=5266 n_pairs=218839 n_block_keys=427582 n_steps=100
[I::fdg-gpu] blocklist CSR ready: edges=427582 avg_deg=81.20 max_deg=185
[M::hk_bmap_gen] generated 5266 beads
[M::hk_bmap_gen] 213676 bin pairs
[M::hk_bmap_gen] generated 5266 beads
[M::hk_bmap_gen] 213676 bin pairs
[M::blind-gpu] prepared pair buffers: n_diploid=5266 n_pairs=218791 n_block_keys=427488 n_steps=100
[I::fdg-gpu] blocklist CSR ready: edges=427488 avg_deg=81.18 max_deg=185
[M::hk_bmap_gen] generated 5266 beads
[M::hk_bmap_gen] 213623 bin pairs
[M::hk_bmap_gen] generated 5266 beads
[M::hk_bmap_gen] 213623 bin pairs
[M::blind-gpu] prepared pair buffers: n_diploid=5266 n_pairs=218748 n_block_keys=427402 n_steps=100
[I::fdg-gpu] blocklist CSR ready: edges=427402 avg_deg=81.16 max_deg=185
[M::hk_bmap_gen] generated 5266 beads
[M::hk_bmap_gen] 213492 bin pairs
[M::hk_bmap_gen] generated 5266 beads
[M::hk_bmap_gen] 213492 bin pairs
[M::blind-gpu] prepared pair buffers: n_diploid=5266 n_pairs=218614 n_block_keys=427134 n_steps=100
[I::fdg-gpu] blocklist CSR ready: edges=427134 avg_deg=81.11 max_deg=183
[M::hk_bmap_gen] generated 5266 beads
[M::hk_bmap_gen] 213369 bin pairs
[M::hk_bmap_gen] generated 5266 beads
[M::hk_bmap_gen] 213369 bin pairs
[M::blind-gpu] prepared pair buffers: n_diploid=5266 n_pairs=218486 n_block_keys=426878 n_steps=100
[I::fdg-gpu] blocklist CSR ready: edges=426878 avg_deg=81.06 max_deg=183
[M::hk_bmap_gen] generated 5266 beads
[M::hk_bmap_gen] 213265 bin pairs
[M::hk_bmap_gen] generated 5266 beads
[M::hk_bmap_gen] 213265 bin pairs
[M::blind-gpu] prepared pair buffers: n_diploid=5266 n_pairs=218389 n_block_keys=426686 n_steps=100
[I::fdg-gpu] blocklist CSR ready: edges=426686 avg_deg=81.03 max_deg=183
[M::hk_bmap_gen] generated 5266 beads
[M::hk_bmap_gen] 213107 bin pairs
[M::hk_bmap_gen] generated 5266 beads
[M::hk_bmap_gen] 213107 bin pairs
[M::blind-gpu] prepared pair buffers: n_diploid=5266 n_pairs=218223 n_block_keys=426352 n_steps=100
[I::fdg-gpu] blocklist CSR ready: edges=426352 avg_deg=80.96 max_deg=185
[M::hk_bmap_gen] generated 5266 beads
[M::hk_bmap_gen] 213004 bin pairs
[M::hk_bmap_gen] generated 5266 beads
[M::hk_bmap_gen] 213004 bin pairs
[M::blind-gpu] prepared pair buffers: n_diploid=5266 n_pairs=218111 n_block_keys=426128 n_steps=100
[I::fdg-gpu] blocklist CSR ready: edges=426128 avg_deg=80.92 max_deg=185
[M::hk_bmap_gen] generated 5266 beads
[M::hk_bmap_gen] 212822 bin pairs
[M::hk_bmap_gen] generated 5266 beads
[M::hk_bmap_gen] 212822 bin pairs
[M::blind-gpu] prepared pair buffers: n_diploid=5266 n_pairs=217941 n_block_keys=425788 n_steps=100
[I::fdg-gpu] blocklist CSR ready: edges=425788 avg_deg=80.86 max_deg=187
[M::hk_bmap_gen] generated 5266 beads
[M::hk_bmap_gen] 212658 bin pairs
[M::hk_bmap_gen] generated 5266 beads
[M::hk_bmap_gen] 212658 bin pairs
[M::blind-gpu] prepared pair buffers: n_diploid=5266 n_pairs=217776 n_block_keys=425458 n_steps=100
[I::fdg-gpu] blocklist CSR ready: edges=425458 avg_deg=80.79 max_deg=187
[M::hk_bmap_gen] generated 5266 beads
[M::hk_bmap_gen] 212557 bin pairs
[M::hk_bmap_gen] generated 5266 beads
[M::hk_bmap_gen] 212557 bin pairs
[M::blind-gpu] prepared pair buffers: n_diploid=5266 n_pairs=217659 n_block_keys=425226 n_steps=100
[I::fdg-gpu] blocklist CSR ready: edges=425226 avg_deg=80.75 max_deg=189
[M::hk_bmap_gen] generated 5266 beads
[M::hk_bmap_gen] 212446 bin pairs
[M::hk_bmap_gen] generated 5266 beads
[M::hk_bmap_gen] 212446 bin pairs
[M::blind-gpu] prepared pair buffers: n_diploid=5266 n_pairs=217558 n_block_keys=425026 n_steps=100
[I::fdg-gpu] blocklist CSR ready: edges=425026 avg_deg=80.71 max_deg=189
[M::hk_bmap_gen] generated 5266 beads
[M::hk_bmap_gen] 212334 bin pairs
[M::hk_bmap_gen] generated 5266 beads
[M::hk_bmap_gen] 212334 bin pairs
[M::blind-gpu] prepared pair buffers: n_diploid=5266 n_pairs=217451 n_block_keys=424816 n_steps=100
[I::fdg-gpu] blocklist CSR ready: edges=424816 avg_deg=80.67 max_deg=188
[M::hk_bmap_gen] generated 5266 beads
[M::hk_bmap_gen] 212296 bin pairs
[M::hk_bmap_gen] generated 5266 beads
[M::hk_bmap_gen] 212296 bin pairs
[M::blind-gpu] prepared pair buffers: n_diploid=5266 n_pairs=217417 n_block_keys=424754 n_steps=100
[I::fdg-gpu] blocklist CSR ready: edges=424754 avg_deg=80.66 max_deg=188
[M::hk_bmap_gen] generated 5266 beads
[M::hk_bmap_gen] 212269 bin pairs
[M::hk_bmap_gen] generated 5266 beads
[M::hk_bmap_gen] 212269 bin pairs
[M::blind-gpu] prepared pair buffers: n_diploid=5266 n_pairs=217391 n_block_keys=424702 n_steps=100
[I::fdg-gpu] blocklist CSR ready: edges=424702 avg_deg=80.65 max_deg=186
[M::hk_bmap_gen] generated 5266 beads
[M::hk_bmap_gen] 212184 bin pairs
[M::hk_bmap_gen] generated 5266 beads
[M::hk_bmap_gen] 212184 bin pairs
[M::blind-gpu] prepared pair buffers: n_diploid=5266 n_pairs=217295 n_block_keys=424510 n_steps=100
[I::fdg-gpu] blocklist CSR ready: edges=424510 avg_deg=80.61 max_deg=185
[M::hk_bmap_gen] generated 5266 beads
[M::hk_bmap_gen] 212000 bin pairs
[M::hk_bmap_gen] generated 5266 beads
[M::hk_bmap_gen] 212000 bin pairs
[M::blind-gpu] prepared pair buffers: n_diploid=5266 n_pairs=217099 n_block_keys=424118 n_steps=100
[I::fdg-gpu] blocklist CSR ready: edges=424118 avg_deg=80.54 max_deg=185
[M::hk_bmap_gen] generated 5266 beads
[M::hk_bmap_gen] 211959 bin pairs
[M::hk_bmap_gen] generated 5266 beads
[M::hk_bmap_gen] 211959 bin pairs
[M::blind-gpu] prepared pair buffers: n_diploid=5266 n_pairs=217067 n_block_keys=424050 n_steps=100
[I::fdg-gpu] blocklist CSR ready: edges=424050 avg_deg=80.53 max_deg=185
[M::hk_bmap_gen] generated 5266 beads
[M::hk_bmap_gen] 211917 bin pairs
[M::hk_bmap_gen] generated 5266 beads
[M::hk_bmap_gen] 211917 bin pairs
[M::blind-gpu] prepared pair buffers: n_diploid=5266 n_pairs=217023 n_block_keys=423960 n_steps=100
[I::fdg-gpu] blocklist CSR ready: edges=423960 avg_deg=80.51 max_deg=185
[M::hk_bmap_gen] generated 5266 beads
[M::hk_bmap_gen] 211892 bin pairs
[M::hk_bmap_gen] generated 5266 beads
[M::hk_bmap_gen] 211892 bin pairs
[M::blind-gpu] prepared pair buffers: n_diploid=5266 n_pairs=216995 n_block_keys=423908 n_steps=100
[I::fdg-gpu] blocklist CSR ready: edges=423908 avg_deg=80.50 max_deg=185
[M::hk_bmap_gen] generated 5266 beads
[M::hk_bmap_gen] 211851 bin pairs
[M::hk_bmap_gen] generated 5266 beads
[M::hk_bmap_gen] 211851 bin pairs
[M::blind-gpu] prepared pair buffers: n_diploid=5266 n_pairs=216961 n_block_keys=423840 n_steps=100
[I::fdg-gpu] blocklist CSR ready: edges=423840 avg_deg=80.49 max_deg=185
[M::hk_bmap_gen] generated 5266 beads
[M::hk_bmap_gen] 211822 bin pairs
[M::hk_bmap_gen] generated 5266 beads
[M::hk_bmap_gen] 211822 bin pairs
[M::blind-gpu] prepared pair buffers: n_diploid=5266 n_pairs=216931 n_block_keys=423778 n_steps=100
[I::fdg-gpu] blocklist CSR ready: edges=423778 avg_deg=80.47 max_deg=185
[M::hk_bmap_gen] generated 5266 beads
[M::hk_bmap_gen] 211851 bin pairs
[M::hk_bmap_gen] generated 5266 beads
[M::hk_bmap_gen] 211851 bin pairs
[M::blind-gpu] prepared pair buffers: n_diploid=5266 n_pairs=216963 n_block_keys=423842 n_steps=100
[I::fdg-gpu] blocklist CSR ready: edges=423842 avg_deg=80.49 max_deg=185
[M::hk_bmap_gen] generated 5266 beads
[M::hk_bmap_gen] 211821 bin pairs
[M::hk_bmap_gen] generated 5266 beads
[M::hk_bmap_gen] 211821 bin pairs
[M::blind-gpu] prepared pair buffers: n_diploid=5266 n_pairs=216938 n_block_keys=423792 n_steps=100
[I::fdg-gpu] blocklist CSR ready: edges=423792 avg_deg=80.48 max_deg=185
[M::hk_bmap_gen] generated 5266 beads
[M::hk_bmap_gen] 211773 bin pairs
[M::hk_bmap_gen] generated 5266 beads
[M::hk_bmap_gen] 211773 bin pairs
[M::blind-gpu] prepared pair buffers: n_diploid=5266 n_pairs=216886 n_block_keys=423688 n_steps=100
[I::fdg-gpu] blocklist CSR ready: edges=423688 avg_deg=80.46 max_deg=185
[M::hk_bmap_gen] generated 5266 beads
[M::hk_bmap_gen] 211688 bin pairs
[M::hk_bmap_gen] generated 5266 beads
[M::hk_bmap_gen] 211688 bin pairs
[M::blind-gpu] prepared pair buffers: n_diploid=5266 n_pairs=216802 n_block_keys=423522 n_steps=100
[I::fdg-gpu] blocklist CSR ready: edges=423522 avg_deg=80.43 max_deg=186
[M::hk_bmap_gen] generated 5266 beads
[M::hk_bmap_gen] 211630 bin pairs
[M::hk_bmap_gen] generated 5266 beads
[M::hk_bmap_gen] 211630 bin pairs
[M::blind-gpu] prepared pair buffers: n_diploid=5266 n_pairs=216753 n_block_keys=423424 n_steps=100
[I::fdg-gpu] blocklist CSR ready: edges=423424 avg_deg=80.41 max_deg=187
[M::hk_bmap_gen] generated 5266 beads
[M::hk_bmap_gen] 211600 bin pairs
[M::hk_bmap_gen] generated 5266 beads
[M::hk_bmap_gen] 211600 bin pairs
[M::blind-gpu] prepared pair buffers: n_diploid=5266 n_pairs=216717 n_block_keys=423352 n_steps=100
[I::fdg-gpu] blocklist CSR ready: edges=423352 avg_deg=80.39 max_deg=187
[M::hk_bmap_gen] generated 5266 beads
[M::hk_bmap_gen] 211631 bin pairs
[M::hk_bmap_gen] generated 5266 beads
[M::hk_bmap_gen] 211631 bin pairs
[M::blind-gpu] prepared pair buffers: n_diploid=5266 n_pairs=216750 n_block_keys=423418 n_steps=100
[I::fdg-gpu] blocklist CSR ready: edges=423418 avg_deg=80.41 max_deg=187
[M::hk_bmap_gen] generated 5266 beads
[M::hk_bmap_gen] 211577 bin pairs
[M::hk_bmap_gen] generated 5266 beads
[M::hk_bmap_gen] 211577 bin pairs
[M::blind-gpu] prepared pair buffers: n_diploid=5266 n_pairs=216682 n_block_keys=423282 n_steps=100
[I::fdg-gpu] blocklist CSR ready: edges=423282 avg_deg=80.38 max_deg=187
[M::hk_bmap_gen] generated 5266 beads
[M::hk_bmap_gen] 211515 bin pairs
[M::hk_bmap_gen] generated 5266 beads
[M::hk_bmap_gen] 211515 bin pairs
[M::blind-gpu] prepared pair buffers: n_diploid=5266 n_pairs=216624 n_block_keys=423166 n_steps=100
[I::fdg-gpu] blocklist CSR ready: edges=423166 avg_deg=80.36 max_deg=187
[M::hk_bmap_gen] generated 5266 beads
[M::hk_bmap_gen] 211495 bin pairs
[M::hk_bmap_gen] generated 5266 beads
[M::hk_bmap_gen] 211495 bin pairs
[M::blind-gpu] prepared pair buffers: n_diploid=5266 n_pairs=216609 n_block_keys=423136 n_steps=100
[I::fdg-gpu] blocklist CSR ready: edges=423136 avg_deg=80.35 max_deg=187
[M::hk_bmap_gen] generated 5266 beads
[M::hk_bmap_gen] 211487 bin pairs
[M::hk_bmap_gen] generated 5266 beads
[M::hk_bmap_gen] 211487 bin pairs
[M::blind-gpu] prepared pair buffers: n_diploid=5266 n_pairs=216600 n_block_keys=423118 n_steps=100
[I::fdg-gpu] blocklist CSR ready: edges=423118 avg_deg=80.35 max_deg=188
[M::hk_bmap_gen] generated 5266 beads
[M::hk_bmap_gen] 211491 bin pairs
[M::hk_bmap_gen] generated 5266 beads
[M::hk_bmap_gen] 211491 bin pairs
[M::blind-gpu] prepared pair buffers: n_diploid=5266 n_pairs=216603 n_block_keys=423124 n_steps=100
[I::fdg-gpu] blocklist CSR ready: edges=423124 avg_deg=80.35 max_deg=188
[M::hk_bmap_gen] generated 5266 beads
[M::hk_bmap_gen] 211463 bin pairs
[M::hk_bmap_gen] generated 5266 beads
[M::hk_bmap_gen] 211463 bin pairs
[M::blind-gpu] prepared pair buffers: n_diploid=5266 n_pairs=216573 n_block_keys=423064 n_steps=100
[I::fdg-gpu] blocklist CSR ready: edges=423064 avg_deg=80.34 max_deg=188
[M::hk_bmap_gen] generated 5266 beads
[M::hk_bmap_gen] 211395 bin pairs
[M::hk_bmap_gen] generated 5266 beads
[M::hk_bmap_gen] 211395 bin pairs
[M::blind-gpu] prepared pair buffers: n_diploid=5266 n_pairs=216508 n_block_keys=422934 n_steps=100
[I::fdg-gpu] blocklist CSR ready: edges=422934 avg_deg=80.31 max_deg=188
[M::hk_bmap_gen] generated 5266 beads
[M::hk_bmap_gen] 211365 bin pairs
[M::hk_bmap_gen] generated 5266 beads
[M::hk_bmap_gen] 211365 bin pairs
[M::blind-gpu] prepared pair buffers: n_diploid=5266 n_pairs=216485 n_block_keys=422888 n_steps=100
[I::fdg-gpu] blocklist CSR ready: edges=422888 avg_deg=80.31 max_deg=188
[M::hk_bmap_gen] generated 5266 beads
[M::hk_bmap_gen] 211349 bin pairs
[M::hk_bmap_gen] generated 5266 beads
[M::hk_bmap_gen] 211349 bin pairs
[M::blind-gpu] prepared pair buffers: n_diploid=5266 n_pairs=216471 n_block_keys=422858 n_steps=100
[I::fdg-gpu] blocklist CSR ready: edges=422858 avg_deg=80.30 max_deg=188
[M::hk_bmap_gen] generated 5266 beads
[M::hk_bmap_gen] 211353 bin pairs
[M::hk_bmap_gen] generated 5266 beads
[M::hk_bmap_gen] 211353 bin pairs
[M::blind-gpu] prepared pair buffers: n_diploid=5266 n_pairs=216464 n_block_keys=422846 n_steps=100
[I::fdg-gpu] blocklist CSR ready: edges=422846 avg_deg=80.30 max_deg=188
[M::hk_bmap_gen] generated 5266 beads
[M::hk_bmap_gen] 211304 bin pairs
[M::hk_bmap_gen] generated 5266 beads
[M::hk_bmap_gen] 211304 bin pairs
[M::blind-gpu] prepared pair buffers: n_diploid=5266 n_pairs=216415 n_block_keys=422746 n_steps=100
[I::fdg-gpu] blocklist CSR ready: edges=422746 avg_deg=80.28 max_deg=188
[M::hk_bmap_gen] generated 5266 beads
[M::hk_bmap_gen] 211309 bin pairs
[M::hk_bmap_gen] generated 5266 beads
[M::hk_bmap_gen] 211309 bin pairs
[M::blind-gpu] prepared pair buffers: n_diploid=5266 n_pairs=216427 n_block_keys=422772 n_steps=100
[I::fdg-gpu] blocklist CSR ready: edges=422772 avg_deg=80.28 max_deg=187
[M::hk_bmap_gen] generated 5266 beads
[M::hk_bmap_gen] 211306 bin pairs
[M::hk_bmap_gen] generated 5266 beads
[M::hk_bmap_gen] 211306 bin pairs
[M::blind-gpu] prepared pair buffers: n_diploid=5266 n_pairs=216427 n_block_keys=422772 n_steps=100
[I::fdg-gpu] blocklist CSR ready: edges=422772 avg_deg=80.28 max_deg=188
[M::hk_bmap_gen] generated 5266 beads
[M::hk_bmap_gen] 211322 bin pairs
[M::hk_bmap_gen] generated 5266 beads
[M::hk_bmap_gen] 211322 bin pairs
[M::blind-gpu] prepared pair buffers: n_diploid=5266 n_pairs=216447 n_block_keys=422812 n_steps=100
[I::fdg-gpu] blocklist CSR ready: edges=422812 avg_deg=80.29 max_deg=188
[M::hk_bmap_gen] generated 5266 beads
[M::hk_bmap_gen] 211303 bin pairs
[M::hk_bmap_gen] generated 5266 beads
[M::hk_bmap_gen] 211303 bin pairs
[M::blind-gpu] prepared pair buffers: n_diploid=5266 n_pairs=216433 n_block_keys=422782 n_steps=100
[I::fdg-gpu] blocklist CSR ready: edges=422782 avg_deg=80.29 max_deg=188
[M::hk_bmap_gen] generated 5266 beads
[M::hk_bmap_gen] 211317 bin pairs
[M::hk_bmap_gen] generated 5266 beads
[M::hk_bmap_gen] 211317 bin pairs
[M::blind-gpu] prepared pair buffers: n_diploid=5266 n_pairs=216449 n_block_keys=422814 n_steps=100
[I::fdg-gpu] blocklist CSR ready: edges=422814 avg_deg=80.29 max_deg=188
[M::hk_bmap_gen] generated 5266 beads
[M::hk_bmap_gen] 211315 bin pairs
[M::hk_bmap_gen] generated 5266 beads
[M::hk_bmap_gen] 211315 bin pairs
[M::blind-gpu] prepared pair buffers: n_diploid=5266 n_pairs=216451 n_block_keys=422818 n_steps=100
[I::fdg-gpu] blocklist CSR ready: edges=422818 avg_deg=80.29 max_deg=188
[M::hk_bmap_gen] generated 5266 beads
[M::hk_bmap_gen] 211270 bin pairs
[M::hk_bmap_gen] generated 5266 beads
[M::hk_bmap_gen] 211270 bin pairs
[M::blind-gpu] prepared pair buffers: n_diploid=5266 n_pairs=216407 n_block_keys=422732 n_steps=100
[I::fdg-gpu] blocklist CSR ready: edges=422732 avg_deg=80.28 max_deg=189
[M::hk_bmap_gen] generated 5266 beads
[M::hk_bmap_gen] 211242 bin pairs
[M::hk_bmap_gen] generated 5266 beads
[M::hk_bmap_gen] 211242 bin pairs
[M::blind-gpu] prepared pair buffers: n_diploid=5266 n_pairs=216374 n_block_keys=422666 n_steps=100
[I::fdg-gpu] blocklist CSR ready: edges=422666 avg_deg=80.26 max_deg=189
[M::hk_bmap_gen] generated 5266 beads
[M::hk_bmap_gen] 211202 bin pairs
[M::hk_bmap_gen] generated 5266 beads
[M::hk_bmap_gen] 211202 bin pairs
[M::blind-gpu] prepared pair buffers: n_diploid=5266 n_pairs=216337 n_block_keys=422592 n_steps=100
[I::fdg-gpu] blocklist CSR ready: edges=422592 avg_deg=80.25 max_deg=189
[M::hk_bmap_gen] generated 5266 beads
[M::hk_bmap_gen] 211147 bin pairs
[M::hk_bmap_gen] generated 5266 beads
[M::hk_bmap_gen] 211147 bin pairs
[M::blind-gpu] prepared pair buffers: n_diploid=5266 n_pairs=216281 n_block_keys=422480 n_steps=100
[I::fdg-gpu] blocklist CSR ready: edges=422480 avg_deg=80.23 max_deg=189
[M::hk_bmap_gen] generated 5266 beads
[M::hk_bmap_gen] 211067 bin pairs
[M::hk_bmap_gen] generated 5266 beads
[M::hk_bmap_gen] 211067 bin pairs
[M::blind-gpu] prepared pair buffers: n_diploid=5266 n_pairs=216198 n_block_keys=422314 n_steps=100
[I::fdg-gpu] blocklist CSR ready: edges=422314 avg_deg=80.20 max_deg=189
[M::hk_bmap_gen] generated 5266 beads
[M::hk_bmap_gen] 210986 bin pairs
[M::hk_bmap_gen] generated 5266 beads
[M::hk_bmap_gen] 210986 bin pairs
[M::blind-gpu] prepared pair buffers: n_diploid=5266 n_pairs=216117 n_block_keys=422152 n_steps=100
[I::fdg-gpu] blocklist CSR ready: edges=422152 avg_deg=80.17 max_deg=189
[M::hk_bmap_gen] generated 5266 beads
[M::hk_bmap_gen] 210954 bin pairs
[M::hk_bmap_gen] generated 5266 beads
[M::hk_bmap_gen] 210954 bin pairs
[M::blind-gpu] prepared pair buffers: n_diploid=5266 n_pairs=216084 n_block_keys=422086 n_steps=100
[I::fdg-gpu] blocklist CSR ready: edges=422086 avg_deg=80.15 max_deg=189
[M::hk_bmap_gen] generated 5266 beads
[M::hk_bmap_gen] 210948 bin pairs
[M::hk_bmap_gen] generated 5266 beads
[M::hk_bmap_gen] 210948 bin pairs
[M::blind-gpu] prepared pair buffers: n_diploid=5266 n_pairs=216078 n_block_keys=422076 n_steps=100
[I::fdg-gpu] blocklist CSR ready: edges=422076 avg_deg=80.15 max_deg=189
[M::hk_bmap_gen] generated 5266 beads
[M::hk_bmap_gen] 210914 bin pairs
[M::hk_bmap_gen] generated 5266 beads
[M::hk_bmap_gen] 210914 bin pairs
[M::blind-gpu] prepared pair buffers: n_diploid=5266 n_pairs=216040 n_block_keys=422000 n_steps=100
[I::fdg-gpu] blocklist CSR ready: edges=422000 avg_deg=80.14 max_deg=189
[M::hk_bmap_gen] generated 5266 beads
[M::hk_bmap_gen] 210893 bin pairs
[M::hk_bmap_gen] generated 5266 beads
[M::hk_bmap_gen] 210893 bin pairs
[M::blind-gpu] prepared pair buffers: n_diploid=5266 n_pairs=216019 n_block_keys=421958 n_steps=100
[I::fdg-gpu] blocklist CSR ready: edges=421958 avg_deg=80.13 max_deg=189
[M::hk_bmap_gen] generated 5266 beads
[M::hk_bmap_gen] 210895 bin pairs
[M::hk_bmap_gen] generated 5266 beads
[M::hk_bmap_gen] 210895 bin pairs
[M::blind-gpu] prepared pair buffers: n_diploid=5266 n_pairs=216023 n_block_keys=421966 n_steps=100
[I::fdg-gpu] blocklist CSR ready: edges=421966 avg_deg=80.13 max_deg=189
[M::hk_bmap_gen] generated 5266 beads
[M::hk_bmap_gen] 210832 bin pairs
[M::hk_bmap_gen] generated 5266 beads
[M::hk_bmap_gen] 210832 bin pairs
[M::blind-gpu] prepared pair buffers: n_diploid=5266 n_pairs=215960 n_block_keys=421840 n_steps=100
[I::fdg-gpu] blocklist CSR ready: edges=421840 avg_deg=80.11 max_deg=189
[M::hk_bmap_gen] generated 5266 beads
[M::hk_bmap_gen] 210772 bin pairs
[M::hk_bmap_gen] generated 5266 beads
[M::hk_bmap_gen] 210772 bin pairs
[M::blind-gpu] prepared pair buffers: n_diploid=5266 n_pairs=215902 n_block_keys=421724 n_steps=100
[I::fdg-gpu] blocklist CSR ready: edges=421724 avg_deg=80.08 max_deg=189
[M::hk_bmap_gen] generated 5266 beads
[M::hk_bmap_gen] 210788 bin pairs
[M::hk_bmap_gen] generated 5266 beads
[M::hk_bmap_gen] 210788 bin pairs
[M::blind-gpu] prepared pair buffers: n_diploid=5266 n_pairs=215920 n_block_keys=421760 n_steps=100
[I::fdg-gpu] blocklist CSR ready: edges=421760 avg_deg=80.09 max_deg=189
[M::hk_bmap_gen] generated 5266 beads
[M::hk_bmap_gen] 210771 bin pairs
[M::hk_bmap_gen] generated 5266 beads
[M::hk_bmap_gen] 210771 bin pairs
[M::blind-gpu] prepared pair buffers: n_diploid=5266 n_pairs=215904 n_block_keys=421728 n_steps=100
[I::fdg-gpu] blocklist CSR ready: edges=421728 avg_deg=80.09 max_deg=189
[M::hk_bmap_gen] generated 5266 beads
[M::hk_bmap_gen] 210739 bin pairs
[M::hk_bmap_gen] generated 5266 beads
[M::hk_bmap_gen] 210739 bin pairs
[M::blind-gpu] prepared pair buffers: n_diploid=5266 n_pairs=215873 n_block_keys=421668 n_steps=100
[I::fdg-gpu] blocklist CSR ready: edges=421668 avg_deg=80.07 max_deg=189
[M::hk_bmap_gen] generated 5266 beads
[M::hk_bmap_gen] 210695 bin pairs
[M::hk_bmap_gen] generated 5266 beads
[M::hk_bmap_gen] 210695 bin pairs
[M::blind-gpu] prepared pair buffers: n_diploid=5266 n_pairs=215827 n_block_keys=421576 n_steps=100
[I::fdg-gpu] blocklist CSR ready: edges=421576 avg_deg=80.06 max_deg=189
[M::hk_bmap_gen] generated 5266 beads
[M::hk_bmap_gen] 210668 bin pairs
[M::hk_bmap_gen] generated 5266 beads
[M::hk_bmap_gen] 210668 bin pairs
[M::blind-gpu] prepared pair buffers: n_diploid=5266 n_pairs=215795 n_block_keys=421512 n_steps=100
[I::fdg-gpu] blocklist CSR ready: edges=421512 avg_deg=80.04 max_deg=189
[M::hk_bmap_gen] generated 5266 beads
[M::hk_bmap_gen] 210656 bin pairs
[M::hk_bmap_gen] generated 5266 beads
[M::hk_bmap_gen] 210656 bin pairs
[M::blind-gpu] prepared pair buffers: n_diploid=5266 n_pairs=215785 n_block_keys=421490 n_steps=100
[I::fdg-gpu] blocklist CSR ready: edges=421490 avg_deg=80.04 max_deg=189
[M::hk_bmap_gen] generated 5266 beads
[M::hk_bmap_gen] 210658 bin pairs
[M::hk_bmap_gen] generated 5266 beads
[M::hk_bmap_gen] 210658 bin pairs
[M::blind-gpu] prepared pair buffers: n_diploid=5266 n_pairs=215789 n_block_keys=421498 n_steps=100
[I::fdg-gpu] blocklist CSR ready: edges=421498 avg_deg=80.04 max_deg=188
[M::hk_bmap_gen] generated 5266 beads
[M::hk_bmap_gen] 210692 bin pairs
[M::hk_bmap_gen] generated 5266 beads
[M::hk_bmap_gen] 210692 bin pairs
[M::blind-gpu] prepared pair buffers: n_diploid=5266 n_pairs=215823 n_block_keys=421568 n_steps=100
[I::fdg-gpu] blocklist CSR ready: edges=421568 avg_deg=80.05 max_deg=188
[M::hk_bmap_gen] generated 5266 beads
[M::hk_bmap_gen] 210667 bin pairs
[M::hk_bmap_gen] generated 5266 beads
[M::hk_bmap_gen] 210667 bin pairs
[M::blind-gpu] prepared pair buffers: n_diploid=5266 n_pairs=215797 n_block_keys=421514 n_steps=100
[I::fdg-gpu] blocklist CSR ready: edges=421514 avg_deg=80.04 max_deg=188
[M::hk_bmap_gen] generated 5266 beads
[M::hk_bmap_gen] 210648 bin pairs
[M::hk_bmap_gen] generated 5266 beads
[M::hk_bmap_gen] 210648 bin pairs
[M::blind-gpu] prepared pair buffers: n_diploid=5266 n_pairs=215778 n_block_keys=421478 n_steps=100
[I::fdg-gpu] blocklist CSR ready: edges=421478 avg_deg=80.04 max_deg=188
[M::hk_bmap_gen] generated 5266 beads
[M::hk_bmap_gen] 210619 bin pairs
[M::hk_bmap_gen] generated 5266 beads
[M::hk_bmap_gen] 210619 bin pairs
[M::blind-gpu] prepared pair buffers: n_diploid=5266 n_pairs=215752 n_block_keys=421424 n_steps=100
[I::fdg-gpu] blocklist CSR ready: edges=421424 avg_deg=80.03 max_deg=188
[M::hk_bmap_gen] generated 5266 beads
[M::hk_bmap_gen] 210625 bin pairs
[M::hk_bmap_gen] generated 5266 beads
[M::hk_bmap_gen] 210625 bin pairs
[M::blind-gpu] prepared pair buffers: n_diploid=5266 n_pairs=215758 n_block_keys=421432 n_steps=100
[I::fdg-gpu] blocklist CSR ready: edges=421432 avg_deg=80.03 max_deg=188
minimal P9016[1m]: write outputs to /mnt/ssd/zliu/phase3/test_res/048-20260620_092323-p9016_callable_anchor_mstep_1m/outputs/p9016_callable_negent_t0p05_m0p10_w10_seed71_best035/p9016_callable_negent_t0p05_m0p10_w10_seed71_best035
[M::hk_bmap_gen] generated 5266 beads
[M::hk_bmap_gen] 210616 bin pairs
[M::hk_bmap_gen] generated 5266 beads
[M::hk_bmap_gen] 210616 bin pairs
minimal P9016[1m]: status=OK final_entropy=0.69280344 final_pU=0.49975204
minimal P9016: summary /mnt/ssd/zliu/phase3/test_res/048-20260620_092323-p9016_callable_anchor_mstep_1m/outputs/p9016_callable_negent_t0p05_m0p10_w10_seed71_best035/matrix_summary.tsv
