minimal P9016: input=/shared/zliu/CHARM/CHARM_mesc/data/pairs/P9016.pairs.gz output_root=/mnt/ssd/zliu/phase3/test_res/048-20260620_092323-p9016_callable_anchor_mstep_1m/outputs/p9016_callable_negent_t0p10_m0p05_w10_seed71_best035 config=p9016_callable_negent_t0p10_m0p05_w10_seed71_best035 baseline=softall n_iter=100 relax_steps=100 relax_step=0.012 chain=0 init_mode=unphased_scaffold_split init_eps=0.5 init_noise=0.050000001 init_scale=10 init_seed=71 min_sep=0 lambda_sep=0 lambda_copytrack=0.029999999 lambda_global_copytrack=0.003 init_coord_anchor_k=0 trans_chr_pair_prior_lambda=0 trans_chr_pair_prior_eps=0.001 trans_chr_pair_prior_power=1 trans_chr_pair_prior_warmup_iter=0 trans_chr_pair_mstep_lambda=0 trans_chr_pair_mstep_eps=0.001 trans_chr_pair_mstep_power=1 trans_chr_pair_mstep_warmup_iter=0 d_scale_mode=posterior_count d_scale_input=posterior_count d_scale_formula=n_raw*posterior_prob^1 d_scale_gamma=1 d_scale_eps=1e-06 trans_k_multiplier=1 trans_dscale_multiplier=0.5 trans_top1_mode=off trans_top1_min_pmax=1 trans_top1_min_margin=1 trans_top1_mix_weight=0 trans_gate_mode=off trans_gate_min_pmax=1 trans_gate_min_margin=1 trans_gate_min_neg_entropy=-1.3862944 readgroup_mode=off readgroup_max_segments=8 readgroup_eps=1e-06 relax_backend=gpu
minimal P9016: stage 1/1 name=1m bin_size_bp=1000000 parent=0
[M::hk_map_read] read 1703888 pairs
[M::hk_bmap_gen] generated 2633 beads
[M::hk_bmap_gen] 489556 bin pairs
minimal P9016[1m]: build binned contacts train_raw=1703888 heldout_raw=0 heldout_fraction=0
minimal P9016[1m]: init mode=unphased_scaffold_split seed=71 scale=10
[M::hk_fdg] mid_dist:1000000 max_nei:69
[M::hk_fdg1_cpu] iter:10 elapsed:0.32s rep_coef:0.2092 RMS_force:367.7282 n_rep:42.9351 energy:25.4741,6.7271,0.0049 dist:5.6541,6.6698,1.4487
[M::hk_fdg1_cpu] iter:20 elapsed:0.79s rep_coef:0.6615 RMS_force:338.2522 n_rep:151.6927 energy:7.7405,3.4462,0.0177 dist:3.3961,4.2978,1.4008
[M::hk_fdg1_cpu] iter:30 elapsed:1.74s rep_coef:0.9352 RMS_force:224.8150 n_rep:590.1945 energy:1.7694,1.0665,0.0352 dist:1.9576,2.3312,1.2564
[M::hk_fdg1_cpu] iter:40 elapsed:3.12s rep_coef:0.9907 RMS_force:131.5153 n_rep:803.0726 energy:0.5225,0.4149,0.0364 dist:1.4006,1.7260,1.2593
[M::hk_fdg1_cpu] iter:50 elapsed:4.55s rep_coef:0.9987 RMS_force:108.0339 n_rep:806.6813 energy:0.2109,0.3021,0.0330 dist:1.1220,1.6404,1.3064
minimal P9016[1m]: run softall, n_iter=100 relax_steps=100 relax_step=0.012 relax_backend=gpu
[M::hk_bmap_gen] generated 5266 beads
[M::hk_bmap_gen] 286444 bin pairs
[M::hk_bmap_gen] generated 5266 beads
[M::hk_bmap_gen] 286444 bin pairs
[M::blind-gpu] prepared pair buffers: n_diploid=5266 n_pairs=291612 n_block_keys=573128 n_steps=100
[I::fdg-gpu] blocklist CSR ready: edges=573128 avg_deg=108.84 max_deg=193
[M::hk_bmap_gen] generated 5266 beads
[M::hk_bmap_gen] 286440 bin pairs
[M::hk_bmap_gen] generated 5266 beads
[M::hk_bmap_gen] 286440 bin pairs
[M::blind-gpu] prepared pair buffers: n_diploid=5266 n_pairs=291543 n_block_keys=572998 n_steps=100
[I::fdg-gpu] blocklist CSR ready: edges=572998 avg_deg=108.81 max_deg=214
[M::hk_bmap_gen] generated 5266 beads
[M::hk_bmap_gen] 272358 bin pairs
[M::hk_bmap_gen] generated 5266 beads
[M::hk_bmap_gen] 272358 bin pairs
[M::blind-gpu] prepared pair buffers: n_diploid=5266 n_pairs=277429 n_block_keys=544764 n_steps=100
[I::fdg-gpu] blocklist CSR ready: edges=544764 avg_deg=103.45 max_deg=201
[M::hk_bmap_gen] generated 5266 beads
[M::hk_bmap_gen] 258888 bin pairs
[M::hk_bmap_gen] generated 5266 beads
[M::hk_bmap_gen] 258888 bin pairs
[M::blind-gpu] prepared pair buffers: n_diploid=5266 n_pairs=263965 n_block_keys=517840 n_steps=100
[I::fdg-gpu] blocklist CSR ready: edges=517840 avg_deg=98.34 max_deg=203
[M::hk_bmap_gen] generated 5266 beads
[M::hk_bmap_gen] 248231 bin pairs
[M::hk_bmap_gen] generated 5266 beads
[M::hk_bmap_gen] 248231 bin pairs
[M::blind-gpu] prepared pair buffers: n_diploid=5266 n_pairs=253293 n_block_keys=496504 n_steps=100
[I::fdg-gpu] blocklist CSR ready: edges=496504 avg_deg=94.28 max_deg=205
[M::hk_bmap_gen] generated 5266 beads
[M::hk_bmap_gen] 239777 bin pairs
[M::hk_bmap_gen] generated 5266 beads
[M::hk_bmap_gen] 239777 bin pairs
[M::blind-gpu] prepared pair buffers: n_diploid=5266 n_pairs=244843 n_block_keys=479608 n_steps=100
[I::fdg-gpu] blocklist CSR ready: edges=479608 avg_deg=91.08 max_deg=197
[M::hk_bmap_gen] generated 5266 beads
[M::hk_bmap_gen] 233613 bin pairs
[M::hk_bmap_gen] generated 5266 beads
[M::hk_bmap_gen] 233613 bin pairs
[M::blind-gpu] prepared pair buffers: n_diploid=5266 n_pairs=238701 n_block_keys=467318 n_steps=100
[I::fdg-gpu] blocklist CSR ready: edges=467318 avg_deg=88.74 max_deg=193
[M::hk_bmap_gen] generated 5266 beads
[M::hk_bmap_gen] 229517 bin pairs
[M::hk_bmap_gen] generated 5266 beads
[M::hk_bmap_gen] 229517 bin pairs
[M::blind-gpu] prepared pair buffers: n_diploid=5266 n_pairs=234622 n_block_keys=459160 n_steps=100
[I::fdg-gpu] blocklist CSR ready: edges=459160 avg_deg=87.19 max_deg=188
[M::hk_bmap_gen] generated 5266 beads
[M::hk_bmap_gen] 226580 bin pairs
[M::hk_bmap_gen] generated 5266 beads
[M::hk_bmap_gen] 226580 bin pairs
[M::blind-gpu] prepared pair buffers: n_diploid=5266 n_pairs=231680 n_block_keys=453282 n_steps=100
[I::fdg-gpu] blocklist CSR ready: edges=453282 avg_deg=86.08 max_deg=189
[M::hk_bmap_gen] generated 5266 beads
[M::hk_bmap_gen] 224437 bin pairs
[M::hk_bmap_gen] generated 5266 beads
[M::hk_bmap_gen] 224437 bin pairs
[M::blind-gpu] prepared pair buffers: n_diploid=5266 n_pairs=229535 n_block_keys=448994 n_steps=100
[I::fdg-gpu] blocklist CSR ready: edges=448994 avg_deg=85.26 max_deg=189
[M::hk_bmap_gen] generated 5266 beads
[M::hk_bmap_gen] 222346 bin pairs
[M::hk_bmap_gen] generated 5266 beads
[M::hk_bmap_gen] 222346 bin pairs
[M::blind-gpu] prepared pair buffers: n_diploid=5266 n_pairs=227432 n_block_keys=444790 n_steps=100
[I::fdg-gpu] blocklist CSR ready: edges=444790 avg_deg=84.46 max_deg=186
[M::hk_bmap_gen] generated 5266 beads
[M::hk_bmap_gen] 221086 bin pairs
[M::hk_bmap_gen] generated 5266 beads
[M::hk_bmap_gen] 221086 bin pairs
[M::blind-gpu] prepared pair buffers: n_diploid=5266 n_pairs=226168 n_block_keys=442260 n_steps=100
[I::fdg-gpu] blocklist CSR ready: edges=442260 avg_deg=83.98 max_deg=187
[M::hk_bmap_gen] generated 5266 beads
[M::hk_bmap_gen] 220197 bin pairs
[M::hk_bmap_gen] generated 5266 beads
[M::hk_bmap_gen] 220197 bin pairs
[M::blind-gpu] prepared pair buffers: n_diploid=5266 n_pairs=225295 n_block_keys=440516 n_steps=100
[I::fdg-gpu] blocklist CSR ready: edges=440516 avg_deg=83.65 max_deg=187
[M::hk_bmap_gen] generated 5266 beads
[M::hk_bmap_gen] 219340 bin pairs
[M::hk_bmap_gen] generated 5266 beads
[M::hk_bmap_gen] 219340 bin pairs
[M::blind-gpu] prepared pair buffers: n_diploid=5266 n_pairs=224436 n_block_keys=438792 n_steps=100
[I::fdg-gpu] blocklist CSR ready: edges=438792 avg_deg=83.33 max_deg=186
[M::hk_bmap_gen] generated 5266 beads
[M::hk_bmap_gen] 218475 bin pairs
[M::hk_bmap_gen] generated 5266 beads
[M::hk_bmap_gen] 218475 bin pairs
[M::blind-gpu] prepared pair buffers: n_diploid=5266 n_pairs=223590 n_block_keys=437102 n_steps=100
[I::fdg-gpu] blocklist CSR ready: edges=437102 avg_deg=83.00 max_deg=185
[M::hk_bmap_gen] generated 5266 beads
[M::hk_bmap_gen] 217718 bin pairs
[M::hk_bmap_gen] generated 5266 beads
[M::hk_bmap_gen] 217718 bin pairs
[M::blind-gpu] prepared pair buffers: n_diploid=5266 n_pairs=222835 n_block_keys=435586 n_steps=100
[I::fdg-gpu] blocklist CSR ready: edges=435586 avg_deg=82.72 max_deg=191
[M::hk_bmap_gen] generated 5266 beads
[M::hk_bmap_gen] 216871 bin pairs
[M::hk_bmap_gen] generated 5266 beads
[M::hk_bmap_gen] 216871 bin pairs
[M::blind-gpu] prepared pair buffers: n_diploid=5266 n_pairs=221986 n_block_keys=433886 n_steps=100
[I::fdg-gpu] blocklist CSR ready: edges=433886 avg_deg=82.39 max_deg=190
[M::hk_bmap_gen] generated 5266 beads
[M::hk_bmap_gen] 216225 bin pairs
[M::hk_bmap_gen] generated 5266 beads
[M::hk_bmap_gen] 216225 bin pairs
[M::blind-gpu] prepared pair buffers: n_diploid=5266 n_pairs=221339 n_block_keys=432594 n_steps=100
[I::fdg-gpu] blocklist CSR ready: edges=432594 avg_deg=82.15 max_deg=189
[M::hk_bmap_gen] generated 5266 beads
[M::hk_bmap_gen] 215701 bin pairs
[M::hk_bmap_gen] generated 5266 beads
[M::hk_bmap_gen] 215701 bin pairs
[M::blind-gpu] prepared pair buffers: n_diploid=5266 n_pairs=220824 n_block_keys=431566 n_steps=100
[I::fdg-gpu] blocklist CSR ready: edges=431566 avg_deg=81.95 max_deg=188
[M::hk_bmap_gen] generated 5266 beads
[M::hk_bmap_gen] 215320 bin pairs
[M::hk_bmap_gen] generated 5266 beads
[M::hk_bmap_gen] 215320 bin pairs
[M::blind-gpu] prepared pair buffers: n_diploid=5266 n_pairs=220439 n_block_keys=430796 n_steps=100
[I::fdg-gpu] blocklist CSR ready: edges=430796 avg_deg=81.81 max_deg=188
[M::hk_bmap_gen] generated 5266 beads
[M::hk_bmap_gen] 215099 bin pairs
[M::hk_bmap_gen] generated 5266 beads
[M::hk_bmap_gen] 215099 bin pairs
[M::blind-gpu] prepared pair buffers: n_diploid=5266 n_pairs=220217 n_block_keys=430344 n_steps=100
[I::fdg-gpu] blocklist CSR ready: edges=430344 avg_deg=81.72 max_deg=187
[M::hk_bmap_gen] generated 5266 beads
[M::hk_bmap_gen] 215004 bin pairs
[M::hk_bmap_gen] generated 5266 beads
[M::hk_bmap_gen] 215004 bin pairs
[M::blind-gpu] prepared pair buffers: n_diploid=5266 n_pairs=220123 n_block_keys=430158 n_steps=100
[I::fdg-gpu] blocklist CSR ready: edges=430158 avg_deg=81.69 max_deg=188
[M::hk_bmap_gen] generated 5266 beads
[M::hk_bmap_gen] 214589 bin pairs
[M::hk_bmap_gen] generated 5266 beads
[M::hk_bmap_gen] 214589 bin pairs
[M::blind-gpu] prepared pair buffers: n_diploid=5266 n_pairs=219703 n_block_keys=429314 n_steps=100
[I::fdg-gpu] blocklist CSR ready: edges=429314 avg_deg=81.53 max_deg=187
[M::hk_bmap_gen] generated 5266 beads
[M::hk_bmap_gen] 214504 bin pairs
[M::hk_bmap_gen] generated 5266 beads
[M::hk_bmap_gen] 214504 bin pairs
[M::blind-gpu] prepared pair buffers: n_diploid=5266 n_pairs=219618 n_block_keys=429144 n_steps=100
[I::fdg-gpu] blocklist CSR ready: edges=429144 avg_deg=81.49 max_deg=183
[M::hk_bmap_gen] generated 5266 beads
[M::hk_bmap_gen] 214430 bin pairs
[M::hk_bmap_gen] generated 5266 beads
[M::hk_bmap_gen] 214430 bin pairs
[M::blind-gpu] prepared pair buffers: n_diploid=5266 n_pairs=219557 n_block_keys=429018 n_steps=100
[I::fdg-gpu] blocklist CSR ready: edges=429018 avg_deg=81.47 max_deg=186
[M::hk_bmap_gen] generated 5266 beads
[M::hk_bmap_gen] 214286 bin pairs
[M::hk_bmap_gen] generated 5266 beads
[M::hk_bmap_gen] 214286 bin pairs
[M::blind-gpu] prepared pair buffers: n_diploid=5266 n_pairs=219400 n_block_keys=428706 n_steps=100
[I::fdg-gpu] blocklist CSR ready: edges=428706 avg_deg=81.41 max_deg=187
[M::hk_bmap_gen] generated 5266 beads
[M::hk_bmap_gen] 214147 bin pairs
[M::hk_bmap_gen] generated 5266 beads
[M::hk_bmap_gen] 214147 bin pairs
[M::blind-gpu] prepared pair buffers: n_diploid=5266 n_pairs=219269 n_block_keys=428444 n_steps=100
[I::fdg-gpu] blocklist CSR ready: edges=428444 avg_deg=81.36 max_deg=185
[M::hk_bmap_gen] generated 5266 beads
[M::hk_bmap_gen] 214030 bin pairs
[M::hk_bmap_gen] generated 5266 beads
[M::hk_bmap_gen] 214030 bin pairs
[M::blind-gpu] prepared pair buffers: n_diploid=5266 n_pairs=219151 n_block_keys=428204 n_steps=100
[I::fdg-gpu] blocklist CSR ready: edges=428204 avg_deg=81.31 max_deg=185
[M::hk_bmap_gen] generated 5266 beads
[M::hk_bmap_gen] 213860 bin pairs
[M::hk_bmap_gen] generated 5266 beads
[M::hk_bmap_gen] 213860 bin pairs
[M::blind-gpu] prepared pair buffers: n_diploid=5266 n_pairs=218971 n_block_keys=427846 n_steps=100
[I::fdg-gpu] blocklist CSR ready: edges=427846 avg_deg=81.25 max_deg=185
[M::hk_bmap_gen] generated 5266 beads
[M::hk_bmap_gen] 213704 bin pairs
[M::hk_bmap_gen] generated 5266 beads
[M::hk_bmap_gen] 213704 bin pairs
[M::blind-gpu] prepared pair buffers: n_diploid=5266 n_pairs=218819 n_block_keys=427542 n_steps=100
[I::fdg-gpu] blocklist CSR ready: edges=427542 avg_deg=81.19 max_deg=185
[M::hk_bmap_gen] generated 5266 beads
[M::hk_bmap_gen] 213670 bin pairs
[M::hk_bmap_gen] generated 5266 beads
[M::hk_bmap_gen] 213670 bin pairs
[M::blind-gpu] prepared pair buffers: n_diploid=5266 n_pairs=218791 n_block_keys=427488 n_steps=100
[I::fdg-gpu] blocklist CSR ready: edges=427488 avg_deg=81.18 max_deg=185
[M::hk_bmap_gen] generated 5266 beads
[M::hk_bmap_gen] 213596 bin pairs
[M::hk_bmap_gen] generated 5266 beads
[M::hk_bmap_gen] 213596 bin pairs
[M::blind-gpu] prepared pair buffers: n_diploid=5266 n_pairs=218724 n_block_keys=427354 n_steps=100
[I::fdg-gpu] blocklist CSR ready: edges=427354 avg_deg=81.15 max_deg=184
[M::hk_bmap_gen] generated 5266 beads
[M::hk_bmap_gen] 213474 bin pairs
[M::hk_bmap_gen] generated 5266 beads
[M::hk_bmap_gen] 213474 bin pairs
[M::blind-gpu] prepared pair buffers: n_diploid=5266 n_pairs=218598 n_block_keys=427102 n_steps=100
[I::fdg-gpu] blocklist CSR ready: edges=427102 avg_deg=81.11 max_deg=183
[M::hk_bmap_gen] generated 5266 beads
[M::hk_bmap_gen] 213381 bin pairs
[M::hk_bmap_gen] generated 5266 beads
[M::hk_bmap_gen] 213381 bin pairs
[M::blind-gpu] prepared pair buffers: n_diploid=5266 n_pairs=218496 n_block_keys=426898 n_steps=100
[I::fdg-gpu] blocklist CSR ready: edges=426898 avg_deg=81.07 max_deg=183
[M::hk_bmap_gen] generated 5266 beads
[M::hk_bmap_gen] 213253 bin pairs
[M::hk_bmap_gen] generated 5266 beads
[M::hk_bmap_gen] 213253 bin pairs
[M::blind-gpu] prepared pair buffers: n_diploid=5266 n_pairs=218377 n_block_keys=426662 n_steps=100
[I::fdg-gpu] blocklist CSR ready: edges=426662 avg_deg=81.02 max_deg=183
[M::hk_bmap_gen] generated 5266 beads
[M::hk_bmap_gen] 213164 bin pairs
[M::hk_bmap_gen] generated 5266 beads
[M::hk_bmap_gen] 213164 bin pairs
[M::blind-gpu] prepared pair buffers: n_diploid=5266 n_pairs=218279 n_block_keys=426464 n_steps=100
[I::fdg-gpu] blocklist CSR ready: edges=426464 avg_deg=80.98 max_deg=185
[M::hk_bmap_gen] generated 5266 beads
[M::hk_bmap_gen] 213008 bin pairs
[M::hk_bmap_gen] generated 5266 beads
[M::hk_bmap_gen] 213008 bin pairs
[M::blind-gpu] prepared pair buffers: n_diploid=5266 n_pairs=218122 n_block_keys=426150 n_steps=100
[I::fdg-gpu] blocklist CSR ready: edges=426150 avg_deg=80.92 max_deg=185
[M::hk_bmap_gen] generated 5266 beads
[M::hk_bmap_gen] 212844 bin pairs
[M::hk_bmap_gen] generated 5266 beads
[M::hk_bmap_gen] 212844 bin pairs
[M::blind-gpu] prepared pair buffers: n_diploid=5266 n_pairs=217964 n_block_keys=425834 n_steps=100
[I::fdg-gpu] blocklist CSR ready: edges=425834 avg_deg=80.86 max_deg=186
[M::hk_bmap_gen] generated 5266 beads
[M::hk_bmap_gen] 212667 bin pairs
[M::hk_bmap_gen] generated 5266 beads
[M::hk_bmap_gen] 212667 bin pairs
[M::blind-gpu] prepared pair buffers: n_diploid=5266 n_pairs=217776 n_block_keys=425458 n_steps=100
[I::fdg-gpu] blocklist CSR ready: edges=425458 avg_deg=80.79 max_deg=186
[M::hk_bmap_gen] generated 5266 beads
[M::hk_bmap_gen] 212556 bin pairs
[M::hk_bmap_gen] generated 5266 beads
[M::hk_bmap_gen] 212556 bin pairs
[M::blind-gpu] prepared pair buffers: n_diploid=5266 n_pairs=217667 n_block_keys=425242 n_steps=100
[I::fdg-gpu] blocklist CSR ready: edges=425242 avg_deg=80.75 max_deg=189
[M::hk_bmap_gen] generated 5266 beads
[M::hk_bmap_gen] 212440 bin pairs
[M::hk_bmap_gen] generated 5266 beads
[M::hk_bmap_gen] 212440 bin pairs
[M::blind-gpu] prepared pair buffers: n_diploid=5266 n_pairs=217562 n_block_keys=425038 n_steps=100
[I::fdg-gpu] blocklist CSR ready: edges=425038 avg_deg=80.71 max_deg=188
[M::hk_bmap_gen] generated 5266 beads
[M::hk_bmap_gen] 212381 bin pairs
[M::hk_bmap_gen] generated 5266 beads
[M::hk_bmap_gen] 212381 bin pairs
[M::blind-gpu] prepared pair buffers: n_diploid=5266 n_pairs=217498 n_block_keys=424914 n_steps=100
[I::fdg-gpu] blocklist CSR ready: edges=424914 avg_deg=80.69 max_deg=188
[M::hk_bmap_gen] generated 5266 beads
[M::hk_bmap_gen] 212316 bin pairs
[M::hk_bmap_gen] generated 5266 beads
[M::hk_bmap_gen] 212316 bin pairs
[M::blind-gpu] prepared pair buffers: n_diploid=5266 n_pairs=217435 n_block_keys=424790 n_steps=100
[I::fdg-gpu] blocklist CSR ready: edges=424790 avg_deg=80.67 max_deg=188
[M::hk_bmap_gen] generated 5266 beads
[M::hk_bmap_gen] 212247 bin pairs
[M::hk_bmap_gen] generated 5266 beads
[M::hk_bmap_gen] 212247 bin pairs
[M::blind-gpu] prepared pair buffers: n_diploid=5266 n_pairs=217366 n_block_keys=424652 n_steps=100
[I::fdg-gpu] blocklist CSR ready: edges=424652 avg_deg=80.64 max_deg=186
[M::hk_bmap_gen] generated 5266 beads
[M::hk_bmap_gen] 212149 bin pairs
[M::hk_bmap_gen] generated 5266 beads
[M::hk_bmap_gen] 212149 bin pairs
[M::blind-gpu] prepared pair buffers: n_diploid=5266 n_pairs=217266 n_block_keys=424452 n_steps=100
[I::fdg-gpu] blocklist CSR ready: edges=424452 avg_deg=80.60 max_deg=186
[M::hk_bmap_gen] generated 5266 beads
[M::hk_bmap_gen] 212006 bin pairs
[M::hk_bmap_gen] generated 5266 beads
[M::hk_bmap_gen] 212006 bin pairs
[M::blind-gpu] prepared pair buffers: n_diploid=5266 n_pairs=217108 n_block_keys=424136 n_steps=100
[I::fdg-gpu] blocklist CSR ready: edges=424136 avg_deg=80.54 max_deg=184
[M::hk_bmap_gen] generated 5266 beads
[M::hk_bmap_gen] 211955 bin pairs
[M::hk_bmap_gen] generated 5266 beads
[M::hk_bmap_gen] 211955 bin pairs
[M::blind-gpu] prepared pair buffers: n_diploid=5266 n_pairs=217062 n_block_keys=424040 n_steps=100
[I::fdg-gpu] blocklist CSR ready: edges=424040 avg_deg=80.52 max_deg=184
[M::hk_bmap_gen] generated 5266 beads
[M::hk_bmap_gen] 211933 bin pairs
[M::hk_bmap_gen] generated 5266 beads
[M::hk_bmap_gen] 211933 bin pairs
[M::blind-gpu] prepared pair buffers: n_diploid=5266 n_pairs=217037 n_block_keys=423990 n_steps=100
[I::fdg-gpu] blocklist CSR ready: edges=423990 avg_deg=80.51 max_deg=184
[M::hk_bmap_gen] generated 5266 beads
[M::hk_bmap_gen] 211895 bin pairs
[M::hk_bmap_gen] generated 5266 beads
[M::hk_bmap_gen] 211895 bin pairs
[M::blind-gpu] prepared pair buffers: n_diploid=5266 n_pairs=217001 n_block_keys=423918 n_steps=100
[I::fdg-gpu] blocklist CSR ready: edges=423918 avg_deg=80.50 max_deg=184
[M::hk_bmap_gen] generated 5266 beads
[M::hk_bmap_gen] 211871 bin pairs
[M::hk_bmap_gen] generated 5266 beads
[M::hk_bmap_gen] 211871 bin pairs
[M::blind-gpu] prepared pair buffers: n_diploid=5266 n_pairs=216977 n_block_keys=423872 n_steps=100
[I::fdg-gpu] blocklist CSR ready: edges=423872 avg_deg=80.49 max_deg=184
[M::hk_bmap_gen] generated 5266 beads
[M::hk_bmap_gen] 211823 bin pairs
[M::hk_bmap_gen] generated 5266 beads
[M::hk_bmap_gen] 211823 bin pairs
[M::blind-gpu] prepared pair buffers: n_diploid=5266 n_pairs=216936 n_block_keys=423788 n_steps=100
[I::fdg-gpu] blocklist CSR ready: edges=423788 avg_deg=80.48 max_deg=184
[M::hk_bmap_gen] generated 5266 beads
[M::hk_bmap_gen] 211876 bin pairs
[M::hk_bmap_gen] generated 5266 beads
[M::hk_bmap_gen] 211876 bin pairs
[M::blind-gpu] prepared pair buffers: n_diploid=5266 n_pairs=216986 n_block_keys=423888 n_steps=100
[I::fdg-gpu] blocklist CSR ready: edges=423888 avg_deg=80.50 max_deg=184
[M::hk_bmap_gen] generated 5266 beads
[M::hk_bmap_gen] 211808 bin pairs
[M::hk_bmap_gen] generated 5266 beads
[M::hk_bmap_gen] 211808 bin pairs
[M::blind-gpu] prepared pair buffers: n_diploid=5266 n_pairs=216919 n_block_keys=423754 n_steps=100
[I::fdg-gpu] blocklist CSR ready: edges=423754 avg_deg=80.47 max_deg=184
[M::hk_bmap_gen] generated 5266 beads
[M::hk_bmap_gen] 211774 bin pairs
[M::hk_bmap_gen] generated 5266 beads
[M::hk_bmap_gen] 211774 bin pairs
[M::blind-gpu] prepared pair buffers: n_diploid=5266 n_pairs=216885 n_block_keys=423686 n_steps=100
[I::fdg-gpu] blocklist CSR ready: edges=423686 avg_deg=80.46 max_deg=184
[M::hk_bmap_gen] generated 5266 beads
[M::hk_bmap_gen] 211693 bin pairs
[M::hk_bmap_gen] generated 5266 beads
[M::hk_bmap_gen] 211693 bin pairs
[M::blind-gpu] prepared pair buffers: n_diploid=5266 n_pairs=216807 n_block_keys=423532 n_steps=100
[I::fdg-gpu] blocklist CSR ready: edges=423532 avg_deg=80.43 max_deg=185
[M::hk_bmap_gen] generated 5266 beads
[M::hk_bmap_gen] 211626 bin pairs
[M::hk_bmap_gen] generated 5266 beads
[M::hk_bmap_gen] 211626 bin pairs
[M::blind-gpu] prepared pair buffers: n_diploid=5266 n_pairs=216741 n_block_keys=423400 n_steps=100
[I::fdg-gpu] blocklist CSR ready: edges=423400 avg_deg=80.40 max_deg=186
[M::hk_bmap_gen] generated 5266 beads
[M::hk_bmap_gen] 211605 bin pairs
[M::hk_bmap_gen] generated 5266 beads
[M::hk_bmap_gen] 211605 bin pairs
[M::blind-gpu] prepared pair buffers: n_diploid=5266 n_pairs=216722 n_block_keys=423362 n_steps=100
[I::fdg-gpu] blocklist CSR ready: edges=423362 avg_deg=80.40 max_deg=186
[M::hk_bmap_gen] generated 5266 beads
[M::hk_bmap_gen] 211616 bin pairs
[M::hk_bmap_gen] generated 5266 beads
[M::hk_bmap_gen] 211616 bin pairs
[M::blind-gpu] prepared pair buffers: n_diploid=5266 n_pairs=216732 n_block_keys=423382 n_steps=100
[I::fdg-gpu] blocklist CSR ready: edges=423382 avg_deg=80.40 max_deg=186
[M::hk_bmap_gen] generated 5266 beads
[M::hk_bmap_gen] 211596 bin pairs
[M::hk_bmap_gen] generated 5266 beads
[M::hk_bmap_gen] 211596 bin pairs
[M::blind-gpu] prepared pair buffers: n_diploid=5266 n_pairs=216713 n_block_keys=423344 n_steps=100
[I::fdg-gpu] blocklist CSR ready: edges=423344 avg_deg=80.39 max_deg=186
[M::hk_bmap_gen] generated 5266 beads
[M::hk_bmap_gen] 211503 bin pairs
[M::hk_bmap_gen] generated 5266 beads
[M::hk_bmap_gen] 211503 bin pairs
[M::blind-gpu] prepared pair buffers: n_diploid=5266 n_pairs=216613 n_block_keys=423144 n_steps=100
[I::fdg-gpu] blocklist CSR ready: edges=423144 avg_deg=80.35 max_deg=186
[M::hk_bmap_gen] generated 5266 beads
[M::hk_bmap_gen] 211499 bin pairs
[M::hk_bmap_gen] generated 5266 beads
[M::hk_bmap_gen] 211499 bin pairs
[M::blind-gpu] prepared pair buffers: n_diploid=5266 n_pairs=216608 n_block_keys=423134 n_steps=100
[I::fdg-gpu] blocklist CSR ready: edges=423134 avg_deg=80.35 max_deg=188
[M::hk_bmap_gen] generated 5266 beads
[M::hk_bmap_gen] 211499 bin pairs
[M::hk_bmap_gen] generated 5266 beads
[M::hk_bmap_gen] 211499 bin pairs
[M::blind-gpu] prepared pair buffers: n_diploid=5266 n_pairs=216608 n_block_keys=423134 n_steps=100
[I::fdg-gpu] blocklist CSR ready: edges=423134 avg_deg=80.35 max_deg=188
[M::hk_bmap_gen] generated 5266 beads
[M::hk_bmap_gen] 211501 bin pairs
[M::hk_bmap_gen] generated 5266 beads
[M::hk_bmap_gen] 211501 bin pairs
[M::blind-gpu] prepared pair buffers: n_diploid=5266 n_pairs=216603 n_block_keys=423124 n_steps=100
[I::fdg-gpu] blocklist CSR ready: edges=423124 avg_deg=80.35 max_deg=188
[M::hk_bmap_gen] generated 5266 beads
[M::hk_bmap_gen] 211469 bin pairs
[M::hk_bmap_gen] generated 5266 beads
[M::hk_bmap_gen] 211469 bin pairs
[M::blind-gpu] prepared pair buffers: n_diploid=5266 n_pairs=216576 n_block_keys=423070 n_steps=100
[I::fdg-gpu] blocklist CSR ready: edges=423070 avg_deg=80.34 max_deg=188
[M::hk_bmap_gen] generated 5266 beads
[M::hk_bmap_gen] 211435 bin pairs
[M::hk_bmap_gen] generated 5266 beads
[M::hk_bmap_gen] 211435 bin pairs
[M::blind-gpu] prepared pair buffers: n_diploid=5266 n_pairs=216542 n_block_keys=423002 n_steps=100
[I::fdg-gpu] blocklist CSR ready: edges=423002 avg_deg=80.33 max_deg=188
[M::hk_bmap_gen] generated 5266 beads
[M::hk_bmap_gen] 211416 bin pairs
[M::hk_bmap_gen] generated 5266 beads
[M::hk_bmap_gen] 211416 bin pairs
[M::blind-gpu] prepared pair buffers: n_diploid=5266 n_pairs=216532 n_block_keys=422982 n_steps=100
[I::fdg-gpu] blocklist CSR ready: edges=422982 avg_deg=80.32 max_deg=188
[M::hk_bmap_gen] generated 5266 beads
[M::hk_bmap_gen] 211393 bin pairs
[M::hk_bmap_gen] generated 5266 beads
[M::hk_bmap_gen] 211393 bin pairs
[M::blind-gpu] prepared pair buffers: n_diploid=5266 n_pairs=216507 n_block_keys=422932 n_steps=100
[I::fdg-gpu] blocklist CSR ready: edges=422932 avg_deg=80.31 max_deg=188
[M::hk_bmap_gen] generated 5266 beads
[M::hk_bmap_gen] 211391 bin pairs
[M::hk_bmap_gen] generated 5266 beads
[M::hk_bmap_gen] 211391 bin pairs
[M::blind-gpu] prepared pair buffers: n_diploid=5266 n_pairs=216502 n_block_keys=422922 n_steps=100
[I::fdg-gpu] blocklist CSR ready: edges=422922 avg_deg=80.31 max_deg=188
[M::hk_bmap_gen] generated 5266 beads
[M::hk_bmap_gen] 211384 bin pairs
[M::hk_bmap_gen] generated 5266 beads
[M::hk_bmap_gen] 211384 bin pairs
[M::blind-gpu] prepared pair buffers: n_diploid=5266 n_pairs=216502 n_block_keys=422922 n_steps=100
[I::fdg-gpu] blocklist CSR ready: edges=422922 avg_deg=80.31 max_deg=188
[M::hk_bmap_gen] generated 5266 beads
[M::hk_bmap_gen] 211320 bin pairs
[M::hk_bmap_gen] generated 5266 beads
[M::hk_bmap_gen] 211320 bin pairs
[M::blind-gpu] prepared pair buffers: n_diploid=5266 n_pairs=216438 n_block_keys=422794 n_steps=100
[I::fdg-gpu] blocklist CSR ready: edges=422794 avg_deg=80.29 max_deg=187
[M::hk_bmap_gen] generated 5266 beads
[M::hk_bmap_gen] 211337 bin pairs
[M::hk_bmap_gen] generated 5266 beads
[M::hk_bmap_gen] 211337 bin pairs
[M::blind-gpu] prepared pair buffers: n_diploid=5266 n_pairs=216458 n_block_keys=422832 n_steps=100
[I::fdg-gpu] blocklist CSR ready: edges=422832 avg_deg=80.29 max_deg=187
[M::hk_bmap_gen] generated 5266 beads
[M::hk_bmap_gen] 211360 bin pairs
[M::hk_bmap_gen] generated 5266 beads
[M::hk_bmap_gen] 211360 bin pairs
[M::blind-gpu] prepared pair buffers: n_diploid=5266 n_pairs=216486 n_block_keys=422888 n_steps=100
[I::fdg-gpu] blocklist CSR ready: edges=422888 avg_deg=80.31 max_deg=187
[M::hk_bmap_gen] generated 5266 beads
[M::hk_bmap_gen] 211360 bin pairs
[M::hk_bmap_gen] generated 5266 beads
[M::hk_bmap_gen] 211360 bin pairs
[M::blind-gpu] prepared pair buffers: n_diploid=5266 n_pairs=216491 n_block_keys=422898 n_steps=100
[I::fdg-gpu] blocklist CSR ready: edges=422898 avg_deg=80.31 max_deg=187
[M::hk_bmap_gen] generated 5266 beads
[M::hk_bmap_gen] 211341 bin pairs
[M::hk_bmap_gen] generated 5266 beads
[M::hk_bmap_gen] 211341 bin pairs
[M::blind-gpu] prepared pair buffers: n_diploid=5266 n_pairs=216476 n_block_keys=422868 n_steps=100
[I::fdg-gpu] blocklist CSR ready: edges=422868 avg_deg=80.30 max_deg=187
[M::hk_bmap_gen] generated 5266 beads
[M::hk_bmap_gen] 211335 bin pairs
[M::hk_bmap_gen] generated 5266 beads
[M::hk_bmap_gen] 211335 bin pairs
[M::blind-gpu] prepared pair buffers: n_diploid=5266 n_pairs=216473 n_block_keys=422862 n_steps=100
[I::fdg-gpu] blocklist CSR ready: edges=422862 avg_deg=80.30 max_deg=187
[M::hk_bmap_gen] generated 5266 beads
[M::hk_bmap_gen] 211263 bin pairs
[M::hk_bmap_gen] generated 5266 beads
[M::hk_bmap_gen] 211263 bin pairs
[M::blind-gpu] prepared pair buffers: n_diploid=5266 n_pairs=216399 n_block_keys=422714 n_steps=100
[I::fdg-gpu] blocklist CSR ready: edges=422714 avg_deg=80.27 max_deg=188
[M::hk_bmap_gen] generated 5266 beads
[M::hk_bmap_gen] 211192 bin pairs
[M::hk_bmap_gen] generated 5266 beads
[M::hk_bmap_gen] 211192 bin pairs
[M::blind-gpu] prepared pair buffers: n_diploid=5266 n_pairs=216325 n_block_keys=422568 n_steps=100
[I::fdg-gpu] blocklist CSR ready: edges=422568 avg_deg=80.24 max_deg=188
[M::hk_bmap_gen] generated 5266 beads
[M::hk_bmap_gen] 211138 bin pairs
[M::hk_bmap_gen] generated 5266 beads
[M::hk_bmap_gen] 211138 bin pairs
[M::blind-gpu] prepared pair buffers: n_diploid=5266 n_pairs=216267 n_block_keys=422452 n_steps=100
[I::fdg-gpu] blocklist CSR ready: edges=422452 avg_deg=80.22 max_deg=188
[M::hk_bmap_gen] generated 5266 beads
[M::hk_bmap_gen] 211076 bin pairs
[M::hk_bmap_gen] generated 5266 beads
[M::hk_bmap_gen] 211076 bin pairs
[M::blind-gpu] prepared pair buffers: n_diploid=5266 n_pairs=216208 n_block_keys=422334 n_steps=100
[I::fdg-gpu] blocklist CSR ready: edges=422334 avg_deg=80.20 max_deg=188
[M::hk_bmap_gen] generated 5266 beads
[M::hk_bmap_gen] 211022 bin pairs
[M::hk_bmap_gen] generated 5266 beads
[M::hk_bmap_gen] 211022 bin pairs
[M::blind-gpu] prepared pair buffers: n_diploid=5266 n_pairs=216152 n_block_keys=422222 n_steps=100
[I::fdg-gpu] blocklist CSR ready: edges=422222 avg_deg=80.18 max_deg=188
[M::hk_bmap_gen] generated 5266 beads
[M::hk_bmap_gen] 210967 bin pairs
[M::hk_bmap_gen] generated 5266 beads
[M::hk_bmap_gen] 210967 bin pairs
[M::blind-gpu] prepared pair buffers: n_diploid=5266 n_pairs=216100 n_block_keys=422118 n_steps=100
[I::fdg-gpu] blocklist CSR ready: edges=422118 avg_deg=80.16 max_deg=188
[M::hk_bmap_gen] generated 5266 beads
[M::hk_bmap_gen] 210930 bin pairs
[M::hk_bmap_gen] generated 5266 beads
[M::hk_bmap_gen] 210930 bin pairs
[M::blind-gpu] prepared pair buffers: n_diploid=5266 n_pairs=216065 n_block_keys=422048 n_steps=100
[I::fdg-gpu] blocklist CSR ready: edges=422048 avg_deg=80.15 max_deg=188
[M::hk_bmap_gen] generated 5266 beads
[M::hk_bmap_gen] 210936 bin pairs
[M::hk_bmap_gen] generated 5266 beads
[M::hk_bmap_gen] 210936 bin pairs
[M::blind-gpu] prepared pair buffers: n_diploid=5266 n_pairs=216070 n_block_keys=422058 n_steps=100
[I::fdg-gpu] blocklist CSR ready: edges=422058 avg_deg=80.15 max_deg=188
[M::hk_bmap_gen] generated 5266 beads
[M::hk_bmap_gen] 210885 bin pairs
[M::hk_bmap_gen] generated 5266 beads
[M::hk_bmap_gen] 210885 bin pairs
[M::blind-gpu] prepared pair buffers: n_diploid=5266 n_pairs=216018 n_block_keys=421956 n_steps=100
[I::fdg-gpu] blocklist CSR ready: edges=421956 avg_deg=80.13 max_deg=187
[M::hk_bmap_gen] generated 5266 beads
[M::hk_bmap_gen] 210856 bin pairs
[M::hk_bmap_gen] generated 5266 beads
[M::hk_bmap_gen] 210856 bin pairs
[M::blind-gpu] prepared pair buffers: n_diploid=5266 n_pairs=215991 n_block_keys=421902 n_steps=100
[I::fdg-gpu] blocklist CSR ready: edges=421902 avg_deg=80.12 max_deg=187
[M::hk_bmap_gen] generated 5266 beads
[M::hk_bmap_gen] 210866 bin pairs
[M::hk_bmap_gen] generated 5266 beads
[M::hk_bmap_gen] 210866 bin pairs
[M::blind-gpu] prepared pair buffers: n_diploid=5266 n_pairs=215994 n_block_keys=421908 n_steps=100
[I::fdg-gpu] blocklist CSR ready: edges=421908 avg_deg=80.12 max_deg=187
[M::hk_bmap_gen] generated 5266 beads
[M::hk_bmap_gen] 210865 bin pairs
[M::hk_bmap_gen] generated 5266 beads
[M::hk_bmap_gen] 210865 bin pairs
[M::blind-gpu] prepared pair buffers: n_diploid=5266 n_pairs=215995 n_block_keys=421910 n_steps=100
[I::fdg-gpu] blocklist CSR ready: edges=421910 avg_deg=80.12 max_deg=188
[M::hk_bmap_gen] generated 5266 beads
[M::hk_bmap_gen] 210849 bin pairs
[M::hk_bmap_gen] generated 5266 beads
[M::hk_bmap_gen] 210849 bin pairs
[M::blind-gpu] prepared pair buffers: n_diploid=5266 n_pairs=215976 n_block_keys=421872 n_steps=100
[I::fdg-gpu] blocklist CSR ready: edges=421872 avg_deg=80.11 max_deg=188
[M::hk_bmap_gen] generated 5266 beads
[M::hk_bmap_gen] 210842 bin pairs
[M::hk_bmap_gen] generated 5266 beads
[M::hk_bmap_gen] 210842 bin pairs
[M::blind-gpu] prepared pair buffers: n_diploid=5266 n_pairs=215966 n_block_keys=421852 n_steps=100
[I::fdg-gpu] blocklist CSR ready: edges=421852 avg_deg=80.11 max_deg=188
[M::hk_bmap_gen] generated 5266 beads
[M::hk_bmap_gen] 210846 bin pairs
[M::hk_bmap_gen] generated 5266 beads
[M::hk_bmap_gen] 210846 bin pairs
[M::blind-gpu] prepared pair buffers: n_diploid=5266 n_pairs=215970 n_block_keys=421860 n_steps=100
[I::fdg-gpu] blocklist CSR ready: edges=421860 avg_deg=80.11 max_deg=188
[M::hk_bmap_gen] generated 5266 beads
[M::hk_bmap_gen] 210818 bin pairs
[M::hk_bmap_gen] generated 5266 beads
[M::hk_bmap_gen] 210818 bin pairs
[M::blind-gpu] prepared pair buffers: n_diploid=5266 n_pairs=215940 n_block_keys=421800 n_steps=100
[I::fdg-gpu] blocklist CSR ready: edges=421800 avg_deg=80.10 max_deg=188
[M::hk_bmap_gen] generated 5266 beads
[M::hk_bmap_gen] 210720 bin pairs
[M::hk_bmap_gen] generated 5266 beads
[M::hk_bmap_gen] 210720 bin pairs
[M::blind-gpu] prepared pair buffers: n_diploid=5266 n_pairs=215846 n_block_keys=421612 n_steps=100
[I::fdg-gpu] blocklist CSR ready: edges=421612 avg_deg=80.06 max_deg=188
[M::hk_bmap_gen] generated 5266 beads
[M::hk_bmap_gen] 210715 bin pairs
[M::hk_bmap_gen] generated 5266 beads
[M::hk_bmap_gen] 210715 bin pairs
[M::blind-gpu] prepared pair buffers: n_diploid=5266 n_pairs=215842 n_block_keys=421604 n_steps=100
[I::fdg-gpu] blocklist CSR ready: edges=421604 avg_deg=80.06 max_deg=188
[M::hk_bmap_gen] generated 5266 beads
[M::hk_bmap_gen] 210708 bin pairs
[M::hk_bmap_gen] generated 5266 beads
[M::hk_bmap_gen] 210708 bin pairs
[M::blind-gpu] prepared pair buffers: n_diploid=5266 n_pairs=215834 n_block_keys=421588 n_steps=100
[I::fdg-gpu] blocklist CSR ready: edges=421588 avg_deg=80.06 max_deg=188
[M::hk_bmap_gen] generated 5266 beads
[M::hk_bmap_gen] 210693 bin pairs
[M::hk_bmap_gen] generated 5266 beads
[M::hk_bmap_gen] 210693 bin pairs
[M::blind-gpu] prepared pair buffers: n_diploid=5266 n_pairs=215818 n_block_keys=421558 n_steps=100
[I::fdg-gpu] blocklist CSR ready: edges=421558 avg_deg=80.05 max_deg=188
[M::hk_bmap_gen] generated 5266 beads
[M::hk_bmap_gen] 210683 bin pairs
[M::hk_bmap_gen] generated 5266 beads
[M::hk_bmap_gen] 210683 bin pairs
[M::blind-gpu] prepared pair buffers: n_diploid=5266 n_pairs=215812 n_block_keys=421544 n_steps=100
[I::fdg-gpu] blocklist CSR ready: edges=421544 avg_deg=80.05 max_deg=187
[M::hk_bmap_gen] generated 5266 beads
[M::hk_bmap_gen] 210659 bin pairs
[M::hk_bmap_gen] generated 5266 beads
[M::hk_bmap_gen] 210659 bin pairs
[M::blind-gpu] prepared pair buffers: n_diploid=5266 n_pairs=215784 n_block_keys=421488 n_steps=100
[I::fdg-gpu] blocklist CSR ready: edges=421488 avg_deg=80.04 max_deg=187
[M::hk_bmap_gen] generated 5266 beads
[M::hk_bmap_gen] 210631 bin pairs
[M::hk_bmap_gen] generated 5266 beads
[M::hk_bmap_gen] 210631 bin pairs
[M::blind-gpu] prepared pair buffers: n_diploid=5266 n_pairs=215755 n_block_keys=421430 n_steps=100
[I::fdg-gpu] blocklist CSR ready: edges=421430 avg_deg=80.03 max_deg=187
[M::hk_bmap_gen] generated 5266 beads
[M::hk_bmap_gen] 210611 bin pairs
[M::hk_bmap_gen] generated 5266 beads
[M::hk_bmap_gen] 210611 bin pairs
[M::blind-gpu] prepared pair buffers: n_diploid=5266 n_pairs=215734 n_block_keys=421386 n_steps=100
[I::fdg-gpu] blocklist CSR ready: edges=421386 avg_deg=80.02 max_deg=187
[M::hk_bmap_gen] generated 5266 beads
[M::hk_bmap_gen] 210615 bin pairs
[M::hk_bmap_gen] generated 5266 beads
[M::hk_bmap_gen] 210615 bin pairs
[M::blind-gpu] prepared pair buffers: n_diploid=5266 n_pairs=215744 n_block_keys=421404 n_steps=100
[I::fdg-gpu] blocklist CSR ready: edges=421404 avg_deg=80.02 max_deg=187
minimal P9016[1m]: write outputs to /mnt/ssd/zliu/phase3/test_res/048-20260620_092323-p9016_callable_anchor_mstep_1m/outputs/p9016_callable_negent_t0p10_m0p05_w10_seed71_best035/p9016_callable_negent_t0p10_m0p05_w10_seed71_best035
[M::hk_bmap_gen] generated 5266 beads
[M::hk_bmap_gen] 210587 bin pairs
[M::hk_bmap_gen] generated 5266 beads
[M::hk_bmap_gen] 210587 bin pairs
minimal P9016[1m]: status=OK final_entropy=0.69273877 final_pU=0.4997054
minimal P9016: summary /mnt/ssd/zliu/phase3/test_res/048-20260620_092323-p9016_callable_anchor_mstep_1m/outputs/p9016_callable_negent_t0p10_m0p05_w10_seed71_best035/matrix_summary.tsv
