minimal P9016: input=/shared/zliu/CHARM/CHARM_mesc/data/pairs/P9016.pairs.gz output_root=/mnt/ssd/zliu/phase3/test_res/048-20260620_092323-p9016_callable_anchor_mstep_1m/outputs/p9016_callable_negent_t0p10_m0p10_w10_seed71_best035 config=p9016_callable_negent_t0p10_m0p10_w10_seed71_best035 baseline=softall n_iter=100 relax_steps=100 relax_step=0.012 chain=0 init_mode=unphased_scaffold_split init_eps=0.5 init_noise=0.050000001 init_scale=10 init_seed=71 min_sep=0 lambda_sep=0 lambda_copytrack=0.029999999 lambda_global_copytrack=0.003 init_coord_anchor_k=0 trans_chr_pair_prior_lambda=0 trans_chr_pair_prior_eps=0.001 trans_chr_pair_prior_power=1 trans_chr_pair_prior_warmup_iter=0 trans_chr_pair_mstep_lambda=0 trans_chr_pair_mstep_eps=0.001 trans_chr_pair_mstep_power=1 trans_chr_pair_mstep_warmup_iter=0 d_scale_mode=posterior_count d_scale_input=posterior_count d_scale_formula=n_raw*posterior_prob^1 d_scale_gamma=1 d_scale_eps=1e-06 trans_k_multiplier=1 trans_dscale_multiplier=0.5 trans_top1_mode=off trans_top1_min_pmax=1 trans_top1_min_margin=1 trans_top1_mix_weight=0 trans_gate_mode=off trans_gate_min_pmax=1 trans_gate_min_margin=1 trans_gate_min_neg_entropy=-1.3862944 readgroup_mode=off readgroup_max_segments=8 readgroup_eps=1e-06 relax_backend=gpu
minimal P9016: stage 1/1 name=1m bin_size_bp=1000000 parent=0
[M::hk_map_read] read 1703888 pairs
[M::hk_bmap_gen] generated 2633 beads
[M::hk_bmap_gen] 489556 bin pairs
minimal P9016[1m]: build binned contacts train_raw=1703888 heldout_raw=0 heldout_fraction=0
minimal P9016[1m]: init mode=unphased_scaffold_split seed=71 scale=10
[M::hk_fdg] mid_dist:1000000 max_nei:69
[M::hk_fdg1_cpu] iter:10 elapsed:0.34s rep_coef:0.2092 RMS_force:367.7282 n_rep:42.9351 energy:25.4741,6.7271,0.0049 dist:5.6541,6.6698,1.4487
[M::hk_fdg1_cpu] iter:20 elapsed:0.82s rep_coef:0.6615 RMS_force:338.2522 n_rep:151.6927 energy:7.7405,3.4462,0.0177 dist:3.3961,4.2978,1.4008
[M::hk_fdg1_cpu] iter:30 elapsed:1.78s rep_coef:0.9352 RMS_force:224.8150 n_rep:590.1945 energy:1.7694,1.0665,0.0352 dist:1.9576,2.3312,1.2564
[M::hk_fdg1_cpu] iter:40 elapsed:3.32s rep_coef:0.9907 RMS_force:131.5153 n_rep:803.0726 energy:0.5225,0.4149,0.0364 dist:1.4006,1.7260,1.2593
[M::hk_fdg1_cpu] iter:50 elapsed:4.74s rep_coef:0.9987 RMS_force:108.0339 n_rep:806.6813 energy:0.2109,0.3021,0.0330 dist:1.1220,1.6404,1.3064
minimal P9016[1m]: run softall, n_iter=100 relax_steps=100 relax_step=0.012 relax_backend=gpu
[M::hk_bmap_gen] generated 5266 beads
[M::hk_bmap_gen] 286444 bin pairs
[M::hk_bmap_gen] generated 5266 beads
[M::hk_bmap_gen] 286444 bin pairs
[M::blind-gpu] prepared pair buffers: n_diploid=5266 n_pairs=291612 n_block_keys=573128 n_steps=100
[I::fdg-gpu] blocklist CSR ready: edges=573128 avg_deg=108.84 max_deg=193
[M::hk_bmap_gen] generated 5266 beads
[M::hk_bmap_gen] 286440 bin pairs
[M::hk_bmap_gen] generated 5266 beads
[M::hk_bmap_gen] 286440 bin pairs
[M::blind-gpu] prepared pair buffers: n_diploid=5266 n_pairs=291543 n_block_keys=572998 n_steps=100
[I::fdg-gpu] blocklist CSR ready: edges=572998 avg_deg=108.81 max_deg=214
[M::hk_bmap_gen] generated 5266 beads
[M::hk_bmap_gen] 272358 bin pairs
[M::hk_bmap_gen] generated 5266 beads
[M::hk_bmap_gen] 272358 bin pairs
[M::blind-gpu] prepared pair buffers: n_diploid=5266 n_pairs=277429 n_block_keys=544764 n_steps=100
[I::fdg-gpu] blocklist CSR ready: edges=544764 avg_deg=103.45 max_deg=201
[M::hk_bmap_gen] generated 5266 beads
[M::hk_bmap_gen] 258888 bin pairs
[M::hk_bmap_gen] generated 5266 beads
[M::hk_bmap_gen] 258888 bin pairs
[M::blind-gpu] prepared pair buffers: n_diploid=5266 n_pairs=263965 n_block_keys=517840 n_steps=100
[I::fdg-gpu] blocklist CSR ready: edges=517840 avg_deg=98.34 max_deg=203
[M::hk_bmap_gen] generated 5266 beads
[M::hk_bmap_gen] 248231 bin pairs
[M::hk_bmap_gen] generated 5266 beads
[M::hk_bmap_gen] 248231 bin pairs
[M::blind-gpu] prepared pair buffers: n_diploid=5266 n_pairs=253293 n_block_keys=496504 n_steps=100
[I::fdg-gpu] blocklist CSR ready: edges=496504 avg_deg=94.28 max_deg=205
[M::hk_bmap_gen] generated 5266 beads
[M::hk_bmap_gen] 239778 bin pairs
[M::hk_bmap_gen] generated 5266 beads
[M::hk_bmap_gen] 239778 bin pairs
[M::blind-gpu] prepared pair buffers: n_diploid=5266 n_pairs=244844 n_block_keys=479610 n_steps=100
[I::fdg-gpu] blocklist CSR ready: edges=479610 avg_deg=91.08 max_deg=197
[M::hk_bmap_gen] generated 5266 beads
[M::hk_bmap_gen] 233614 bin pairs
[M::hk_bmap_gen] generated 5266 beads
[M::hk_bmap_gen] 233614 bin pairs
[M::blind-gpu] prepared pair buffers: n_diploid=5266 n_pairs=238702 n_block_keys=467320 n_steps=100
[I::fdg-gpu] blocklist CSR ready: edges=467320 avg_deg=88.74 max_deg=193
[M::hk_bmap_gen] generated 5266 beads
[M::hk_bmap_gen] 229517 bin pairs
[M::hk_bmap_gen] generated 5266 beads
[M::hk_bmap_gen] 229517 bin pairs
[M::blind-gpu] prepared pair buffers: n_diploid=5266 n_pairs=234622 n_block_keys=459160 n_steps=100
[I::fdg-gpu] blocklist CSR ready: edges=459160 avg_deg=87.19 max_deg=188
[M::hk_bmap_gen] generated 5266 beads
[M::hk_bmap_gen] 226579 bin pairs
[M::hk_bmap_gen] generated 5266 beads
[M::hk_bmap_gen] 226579 bin pairs
[M::blind-gpu] prepared pair buffers: n_diploid=5266 n_pairs=231679 n_block_keys=453280 n_steps=100
[I::fdg-gpu] blocklist CSR ready: edges=453280 avg_deg=86.08 max_deg=189
[M::hk_bmap_gen] generated 5266 beads
[M::hk_bmap_gen] 224437 bin pairs
[M::hk_bmap_gen] generated 5266 beads
[M::hk_bmap_gen] 224437 bin pairs
[M::blind-gpu] prepared pair buffers: n_diploid=5266 n_pairs=229535 n_block_keys=448994 n_steps=100
[I::fdg-gpu] blocklist CSR ready: edges=448994 avg_deg=85.26 max_deg=189
[M::hk_bmap_gen] generated 5266 beads
[M::hk_bmap_gen] 222339 bin pairs
[M::hk_bmap_gen] generated 5266 beads
[M::hk_bmap_gen] 222339 bin pairs
[M::blind-gpu] prepared pair buffers: n_diploid=5266 n_pairs=227425 n_block_keys=444776 n_steps=100
[I::fdg-gpu] blocklist CSR ready: edges=444776 avg_deg=84.46 max_deg=186
[M::hk_bmap_gen] generated 5266 beads
[M::hk_bmap_gen] 221081 bin pairs
[M::hk_bmap_gen] generated 5266 beads
[M::hk_bmap_gen] 221081 bin pairs
[M::blind-gpu] prepared pair buffers: n_diploid=5266 n_pairs=226163 n_block_keys=442250 n_steps=100
[I::fdg-gpu] blocklist CSR ready: edges=442250 avg_deg=83.98 max_deg=187
[M::hk_bmap_gen] generated 5266 beads
[M::hk_bmap_gen] 220186 bin pairs
[M::hk_bmap_gen] generated 5266 beads
[M::hk_bmap_gen] 220186 bin pairs
[M::blind-gpu] prepared pair buffers: n_diploid=5266 n_pairs=225285 n_block_keys=440496 n_steps=100
[I::fdg-gpu] blocklist CSR ready: edges=440496 avg_deg=83.65 max_deg=187
[M::hk_bmap_gen] generated 5266 beads
[M::hk_bmap_gen] 219320 bin pairs
[M::hk_bmap_gen] generated 5266 beads
[M::hk_bmap_gen] 219320 bin pairs
[M::blind-gpu] prepared pair buffers: n_diploid=5266 n_pairs=224415 n_block_keys=438750 n_steps=100
[I::fdg-gpu] blocklist CSR ready: edges=438750 avg_deg=83.32 max_deg=186
[M::hk_bmap_gen] generated 5266 beads
[M::hk_bmap_gen] 218460 bin pairs
[M::hk_bmap_gen] generated 5266 beads
[M::hk_bmap_gen] 218460 bin pairs
[M::blind-gpu] prepared pair buffers: n_diploid=5266 n_pairs=223577 n_block_keys=437076 n_steps=100
[I::fdg-gpu] blocklist CSR ready: edges=437076 avg_deg=83.00 max_deg=185
[M::hk_bmap_gen] generated 5266 beads
[M::hk_bmap_gen] 217720 bin pairs
[M::hk_bmap_gen] generated 5266 beads
[M::hk_bmap_gen] 217720 bin pairs
[M::blind-gpu] prepared pair buffers: n_diploid=5266 n_pairs=222836 n_block_keys=435588 n_steps=100
[I::fdg-gpu] blocklist CSR ready: edges=435588 avg_deg=82.72 max_deg=191
[M::hk_bmap_gen] generated 5266 beads
[M::hk_bmap_gen] 216861 bin pairs
[M::hk_bmap_gen] generated 5266 beads
[M::hk_bmap_gen] 216861 bin pairs
[M::blind-gpu] prepared pair buffers: n_diploid=5266 n_pairs=221972 n_block_keys=433858 n_steps=100
[I::fdg-gpu] blocklist CSR ready: edges=433858 avg_deg=82.39 max_deg=190
[M::hk_bmap_gen] generated 5266 beads
[M::hk_bmap_gen] 216217 bin pairs
[M::hk_bmap_gen] generated 5266 beads
[M::hk_bmap_gen] 216217 bin pairs
[M::blind-gpu] prepared pair buffers: n_diploid=5266 n_pairs=221333 n_block_keys=432582 n_steps=100
[I::fdg-gpu] blocklist CSR ready: edges=432582 avg_deg=82.15 max_deg=189
[M::hk_bmap_gen] generated 5266 beads
[M::hk_bmap_gen] 215689 bin pairs
[M::hk_bmap_gen] generated 5266 beads
[M::hk_bmap_gen] 215689 bin pairs
[M::blind-gpu] prepared pair buffers: n_diploid=5266 n_pairs=220819 n_block_keys=431556 n_steps=100
[I::fdg-gpu] blocklist CSR ready: edges=431556 avg_deg=81.95 max_deg=188
[M::hk_bmap_gen] generated 5266 beads
[M::hk_bmap_gen] 215302 bin pairs
[M::hk_bmap_gen] generated 5266 beads
[M::hk_bmap_gen] 215302 bin pairs
[M::blind-gpu] prepared pair buffers: n_diploid=5266 n_pairs=220425 n_block_keys=430768 n_steps=100
[I::fdg-gpu] blocklist CSR ready: edges=430768 avg_deg=81.80 max_deg=188
[M::hk_bmap_gen] generated 5266 beads
[M::hk_bmap_gen] 215106 bin pairs
[M::hk_bmap_gen] generated 5266 beads
[M::hk_bmap_gen] 215106 bin pairs
[M::blind-gpu] prepared pair buffers: n_diploid=5266 n_pairs=220222 n_block_keys=430356 n_steps=100
[I::fdg-gpu] blocklist CSR ready: edges=430356 avg_deg=81.72 max_deg=187
[M::hk_bmap_gen] generated 5266 beads
[M::hk_bmap_gen] 214972 bin pairs
[M::hk_bmap_gen] generated 5266 beads
[M::hk_bmap_gen] 214972 bin pairs
[M::blind-gpu] prepared pair buffers: n_diploid=5266 n_pairs=220085 n_block_keys=430082 n_steps=100
[I::fdg-gpu] blocklist CSR ready: edges=430082 avg_deg=81.67 max_deg=188
[M::hk_bmap_gen] generated 5266 beads
[M::hk_bmap_gen] 214572 bin pairs
[M::hk_bmap_gen] generated 5266 beads
[M::hk_bmap_gen] 214572 bin pairs
[M::blind-gpu] prepared pair buffers: n_diploid=5266 n_pairs=219695 n_block_keys=429300 n_steps=100
[I::fdg-gpu] blocklist CSR ready: edges=429300 avg_deg=81.52 max_deg=186
[M::hk_bmap_gen] generated 5266 beads
[M::hk_bmap_gen] 214500 bin pairs
[M::hk_bmap_gen] generated 5266 beads
[M::hk_bmap_gen] 214500 bin pairs
[M::blind-gpu] prepared pair buffers: n_diploid=5266 n_pairs=219615 n_block_keys=429138 n_steps=100
[I::fdg-gpu] blocklist CSR ready: edges=429138 avg_deg=81.49 max_deg=183
[M::hk_bmap_gen] generated 5266 beads
[M::hk_bmap_gen] 214438 bin pairs
[M::hk_bmap_gen] generated 5266 beads
[M::hk_bmap_gen] 214438 bin pairs
[M::blind-gpu] prepared pair buffers: n_diploid=5266 n_pairs=219560 n_block_keys=429024 n_steps=100
[I::fdg-gpu] blocklist CSR ready: edges=429024 avg_deg=81.47 max_deg=185
[M::hk_bmap_gen] generated 5266 beads
[M::hk_bmap_gen] 214257 bin pairs
[M::hk_bmap_gen] generated 5266 beads
[M::hk_bmap_gen] 214257 bin pairs
[M::blind-gpu] prepared pair buffers: n_diploid=5266 n_pairs=219364 n_block_keys=428634 n_steps=100
[I::fdg-gpu] blocklist CSR ready: edges=428634 avg_deg=81.40 max_deg=187
[M::hk_bmap_gen] generated 5266 beads
[M::hk_bmap_gen] 214155 bin pairs
[M::hk_bmap_gen] generated 5266 beads
[M::hk_bmap_gen] 214155 bin pairs
[M::blind-gpu] prepared pair buffers: n_diploid=5266 n_pairs=219274 n_block_keys=428452 n_steps=100
[I::fdg-gpu] blocklist CSR ready: edges=428452 avg_deg=81.36 max_deg=185
[M::hk_bmap_gen] generated 5266 beads
[M::hk_bmap_gen] 214039 bin pairs
[M::hk_bmap_gen] generated 5266 beads
[M::hk_bmap_gen] 214039 bin pairs
[M::blind-gpu] prepared pair buffers: n_diploid=5266 n_pairs=219164 n_block_keys=428230 n_steps=100
[I::fdg-gpu] blocklist CSR ready: edges=428230 avg_deg=81.32 max_deg=186
[M::hk_bmap_gen] generated 5266 beads
[M::hk_bmap_gen] 213885 bin pairs
[M::hk_bmap_gen] generated 5266 beads
[M::hk_bmap_gen] 213885 bin pairs
[M::blind-gpu] prepared pair buffers: n_diploid=5266 n_pairs=218997 n_block_keys=427898 n_steps=100
[I::fdg-gpu] blocklist CSR ready: edges=427898 avg_deg=81.26 max_deg=185
[M::hk_bmap_gen] generated 5266 beads
[M::hk_bmap_gen] 213727 bin pairs
[M::hk_bmap_gen] generated 5266 beads
[M::hk_bmap_gen] 213727 bin pairs
[M::blind-gpu] prepared pair buffers: n_diploid=5266 n_pairs=218844 n_block_keys=427592 n_steps=100
[I::fdg-gpu] blocklist CSR ready: edges=427592 avg_deg=81.20 max_deg=186
[M::hk_bmap_gen] generated 5266 beads
[M::hk_bmap_gen] 213639 bin pairs
[M::hk_bmap_gen] generated 5266 beads
[M::hk_bmap_gen] 213639 bin pairs
[M::blind-gpu] prepared pair buffers: n_diploid=5266 n_pairs=218757 n_block_keys=427420 n_steps=100
[I::fdg-gpu] blocklist CSR ready: edges=427420 avg_deg=81.17 max_deg=185
[M::hk_bmap_gen] generated 5266 beads
[M::hk_bmap_gen] 213605 bin pairs
[M::hk_bmap_gen] generated 5266 beads
[M::hk_bmap_gen] 213605 bin pairs
[M::blind-gpu] prepared pair buffers: n_diploid=5266 n_pairs=218723 n_block_keys=427352 n_steps=100
[I::fdg-gpu] blocklist CSR ready: edges=427352 avg_deg=81.15 max_deg=186
[M::hk_bmap_gen] generated 5266 beads
[M::hk_bmap_gen] 213498 bin pairs
[M::hk_bmap_gen] generated 5266 beads
[M::hk_bmap_gen] 213498 bin pairs
[M::blind-gpu] prepared pair buffers: n_diploid=5266 n_pairs=218622 n_block_keys=427150 n_steps=100
[I::fdg-gpu] blocklist CSR ready: edges=427150 avg_deg=81.11 max_deg=183
[M::hk_bmap_gen] generated 5266 beads
[M::hk_bmap_gen] 213380 bin pairs
[M::hk_bmap_gen] generated 5266 beads
[M::hk_bmap_gen] 213380 bin pairs
[M::blind-gpu] prepared pair buffers: n_diploid=5266 n_pairs=218492 n_block_keys=426890 n_steps=100
[I::fdg-gpu] blocklist CSR ready: edges=426890 avg_deg=81.07 max_deg=183
[M::hk_bmap_gen] generated 5266 beads
[M::hk_bmap_gen] 213267 bin pairs
[M::hk_bmap_gen] generated 5266 beads
[M::hk_bmap_gen] 213267 bin pairs
[M::blind-gpu] prepared pair buffers: n_diploid=5266 n_pairs=218398 n_block_keys=426704 n_steps=100
[I::fdg-gpu] blocklist CSR ready: edges=426704 avg_deg=81.03 max_deg=183
[M::hk_bmap_gen] generated 5266 beads
[M::hk_bmap_gen] 213131 bin pairs
[M::hk_bmap_gen] generated 5266 beads
[M::hk_bmap_gen] 213131 bin pairs
[M::blind-gpu] prepared pair buffers: n_diploid=5266 n_pairs=218246 n_block_keys=426398 n_steps=100
[I::fdg-gpu] blocklist CSR ready: edges=426398 avg_deg=80.97 max_deg=184
[M::hk_bmap_gen] generated 5266 beads
[M::hk_bmap_gen] 213037 bin pairs
[M::hk_bmap_gen] generated 5266 beads
[M::hk_bmap_gen] 213037 bin pairs
[M::blind-gpu] prepared pair buffers: n_diploid=5266 n_pairs=218148 n_block_keys=426202 n_steps=100
[I::fdg-gpu] blocklist CSR ready: edges=426202 avg_deg=80.93 max_deg=185
[M::hk_bmap_gen] generated 5266 beads
[M::hk_bmap_gen] 212878 bin pairs
[M::hk_bmap_gen] generated 5266 beads
[M::hk_bmap_gen] 212878 bin pairs
[M::blind-gpu] prepared pair buffers: n_diploid=5266 n_pairs=217998 n_block_keys=425902 n_steps=100
[I::fdg-gpu] blocklist CSR ready: edges=425902 avg_deg=80.88 max_deg=186
[M::hk_bmap_gen] generated 5266 beads
[M::hk_bmap_gen] 212666 bin pairs
[M::hk_bmap_gen] generated 5266 beads
[M::hk_bmap_gen] 212666 bin pairs
[M::blind-gpu] prepared pair buffers: n_diploid=5266 n_pairs=217780 n_block_keys=425466 n_steps=100
[I::fdg-gpu] blocklist CSR ready: edges=425466 avg_deg=80.79 max_deg=186
[M::hk_bmap_gen] generated 5266 beads
[M::hk_bmap_gen] 212553 bin pairs
[M::hk_bmap_gen] generated 5266 beads
[M::hk_bmap_gen] 212553 bin pairs
[M::blind-gpu] prepared pair buffers: n_diploid=5266 n_pairs=217667 n_block_keys=425242 n_steps=100
[I::fdg-gpu] blocklist CSR ready: edges=425242 avg_deg=80.75 max_deg=188
[M::hk_bmap_gen] generated 5266 beads
[M::hk_bmap_gen] 212505 bin pairs
[M::hk_bmap_gen] generated 5266 beads
[M::hk_bmap_gen] 212505 bin pairs
[M::blind-gpu] prepared pair buffers: n_diploid=5266 n_pairs=217622 n_block_keys=425154 n_steps=100
[I::fdg-gpu] blocklist CSR ready: edges=425154 avg_deg=80.74 max_deg=187
[M::hk_bmap_gen] generated 5266 beads
[M::hk_bmap_gen] 212435 bin pairs
[M::hk_bmap_gen] generated 5266 beads
[M::hk_bmap_gen] 212435 bin pairs
[M::blind-gpu] prepared pair buffers: n_diploid=5266 n_pairs=217551 n_block_keys=425018 n_steps=100
[I::fdg-gpu] blocklist CSR ready: edges=425018 avg_deg=80.71 max_deg=187
[M::hk_bmap_gen] generated 5266 beads
[M::hk_bmap_gen] 212357 bin pairs
[M::hk_bmap_gen] generated 5266 beads
[M::hk_bmap_gen] 212357 bin pairs
[M::blind-gpu] prepared pair buffers: n_diploid=5266 n_pairs=217472 n_block_keys=424864 n_steps=100
[I::fdg-gpu] blocklist CSR ready: edges=424864 avg_deg=80.68 max_deg=187
[M::hk_bmap_gen] generated 5266 beads
[M::hk_bmap_gen] 212305 bin pairs
[M::hk_bmap_gen] generated 5266 beads
[M::hk_bmap_gen] 212305 bin pairs
[M::blind-gpu] prepared pair buffers: n_diploid=5266 n_pairs=217428 n_block_keys=424776 n_steps=100
[I::fdg-gpu] blocklist CSR ready: edges=424776 avg_deg=80.66 max_deg=187
[M::hk_bmap_gen] generated 5266 beads
[M::hk_bmap_gen] 212189 bin pairs
[M::hk_bmap_gen] generated 5266 beads
[M::hk_bmap_gen] 212189 bin pairs
[M::blind-gpu] prepared pair buffers: n_diploid=5266 n_pairs=217307 n_block_keys=424534 n_steps=100
[I::fdg-gpu] blocklist CSR ready: edges=424534 avg_deg=80.62 max_deg=186
[M::hk_bmap_gen] generated 5266 beads
[M::hk_bmap_gen] 212033 bin pairs
[M::hk_bmap_gen] generated 5266 beads
[M::hk_bmap_gen] 212033 bin pairs
[M::blind-gpu] prepared pair buffers: n_diploid=5266 n_pairs=217141 n_block_keys=424202 n_steps=100
[I::fdg-gpu] blocklist CSR ready: edges=424202 avg_deg=80.55 max_deg=185
[M::hk_bmap_gen] generated 5266 beads
[M::hk_bmap_gen] 211907 bin pairs
[M::hk_bmap_gen] generated 5266 beads
[M::hk_bmap_gen] 211907 bin pairs
[M::blind-gpu] prepared pair buffers: n_diploid=5266 n_pairs=217016 n_block_keys=423948 n_steps=100
[I::fdg-gpu] blocklist CSR ready: edges=423948 avg_deg=80.51 max_deg=184
[M::hk_bmap_gen] generated 5266 beads
[M::hk_bmap_gen] 211897 bin pairs
[M::hk_bmap_gen] generated 5266 beads
[M::hk_bmap_gen] 211897 bin pairs
[M::blind-gpu] prepared pair buffers: n_diploid=5266 n_pairs=217002 n_block_keys=423920 n_steps=100
[I::fdg-gpu] blocklist CSR ready: edges=423920 avg_deg=80.50 max_deg=184
[M::hk_bmap_gen] generated 5266 beads
[M::hk_bmap_gen] 211848 bin pairs
[M::hk_bmap_gen] generated 5266 beads
[M::hk_bmap_gen] 211848 bin pairs
[M::blind-gpu] prepared pair buffers: n_diploid=5266 n_pairs=216952 n_block_keys=423820 n_steps=100
[I::fdg-gpu] blocklist CSR ready: edges=423820 avg_deg=80.48 max_deg=184
[M::hk_bmap_gen] generated 5266 beads
[M::hk_bmap_gen] 211792 bin pairs
[M::hk_bmap_gen] generated 5266 beads
[M::hk_bmap_gen] 211792 bin pairs
[M::blind-gpu] prepared pair buffers: n_diploid=5266 n_pairs=216899 n_block_keys=423716 n_steps=100
[I::fdg-gpu] blocklist CSR ready: edges=423716 avg_deg=80.46 max_deg=184
[M::hk_bmap_gen] generated 5266 beads
[M::hk_bmap_gen] 211807 bin pairs
[M::hk_bmap_gen] generated 5266 beads
[M::hk_bmap_gen] 211807 bin pairs
[M::blind-gpu] prepared pair buffers: n_diploid=5266 n_pairs=216920 n_block_keys=423758 n_steps=100
[I::fdg-gpu] blocklist CSR ready: edges=423758 avg_deg=80.47 max_deg=184
[M::hk_bmap_gen] generated 5266 beads
[M::hk_bmap_gen] 211768 bin pairs
[M::hk_bmap_gen] generated 5266 beads
[M::hk_bmap_gen] 211768 bin pairs
[M::blind-gpu] prepared pair buffers: n_diploid=5266 n_pairs=216881 n_block_keys=423678 n_steps=100
[I::fdg-gpu] blocklist CSR ready: edges=423678 avg_deg=80.46 max_deg=184
[M::hk_bmap_gen] generated 5266 beads
[M::hk_bmap_gen] 211820 bin pairs
[M::hk_bmap_gen] generated 5266 beads
[M::hk_bmap_gen] 211820 bin pairs
[M::blind-gpu] prepared pair buffers: n_diploid=5266 n_pairs=216934 n_block_keys=423784 n_steps=100
[I::fdg-gpu] blocklist CSR ready: edges=423784 avg_deg=80.48 max_deg=184
[M::hk_bmap_gen] generated 5266 beads
[M::hk_bmap_gen] 211759 bin pairs
[M::hk_bmap_gen] generated 5266 beads
[M::hk_bmap_gen] 211759 bin pairs
[M::blind-gpu] prepared pair buffers: n_diploid=5266 n_pairs=216864 n_block_keys=423644 n_steps=100
[I::fdg-gpu] blocklist CSR ready: edges=423644 avg_deg=80.45 max_deg=184
[M::hk_bmap_gen] generated 5266 beads
[M::hk_bmap_gen] 211698 bin pairs
[M::hk_bmap_gen] generated 5266 beads
[M::hk_bmap_gen] 211698 bin pairs
[M::blind-gpu] prepared pair buffers: n_diploid=5266 n_pairs=216812 n_block_keys=423542 n_steps=100
[I::fdg-gpu] blocklist CSR ready: edges=423542 avg_deg=80.43 max_deg=186
[M::hk_bmap_gen] generated 5266 beads
[M::hk_bmap_gen] 211623 bin pairs
[M::hk_bmap_gen] generated 5266 beads
[M::hk_bmap_gen] 211623 bin pairs
[M::blind-gpu] prepared pair buffers: n_diploid=5266 n_pairs=216735 n_block_keys=423388 n_steps=100
[I::fdg-gpu] blocklist CSR ready: edges=423388 avg_deg=80.40 max_deg=186
[M::hk_bmap_gen] generated 5266 beads
[M::hk_bmap_gen] 211585 bin pairs
[M::hk_bmap_gen] generated 5266 beads
[M::hk_bmap_gen] 211585 bin pairs
[M::blind-gpu] prepared pair buffers: n_diploid=5266 n_pairs=216706 n_block_keys=423330 n_steps=100
[I::fdg-gpu] blocklist CSR ready: edges=423330 avg_deg=80.39 max_deg=186
[M::hk_bmap_gen] generated 5266 beads
[M::hk_bmap_gen] 211587 bin pairs
[M::hk_bmap_gen] generated 5266 beads
[M::hk_bmap_gen] 211587 bin pairs
[M::blind-gpu] prepared pair buffers: n_diploid=5266 n_pairs=216706 n_block_keys=423330 n_steps=100
[I::fdg-gpu] blocklist CSR ready: edges=423330 avg_deg=80.39 max_deg=186
[M::hk_bmap_gen] generated 5266 beads
[M::hk_bmap_gen] 211560 bin pairs
[M::hk_bmap_gen] generated 5266 beads
[M::hk_bmap_gen] 211560 bin pairs
[M::blind-gpu] prepared pair buffers: n_diploid=5266 n_pairs=216680 n_block_keys=423278 n_steps=100
[I::fdg-gpu] blocklist CSR ready: edges=423278 avg_deg=80.38 max_deg=186
[M::hk_bmap_gen] generated 5266 beads
[M::hk_bmap_gen] 211505 bin pairs
[M::hk_bmap_gen] generated 5266 beads
[M::hk_bmap_gen] 211505 bin pairs
[M::blind-gpu] prepared pair buffers: n_diploid=5266 n_pairs=216615 n_block_keys=423148 n_steps=100
[I::fdg-gpu] blocklist CSR ready: edges=423148 avg_deg=80.35 max_deg=186
[M::hk_bmap_gen] generated 5266 beads
[M::hk_bmap_gen] 211481 bin pairs
[M::hk_bmap_gen] generated 5266 beads
[M::hk_bmap_gen] 211481 bin pairs
[M::blind-gpu] prepared pair buffers: n_diploid=5266 n_pairs=216593 n_block_keys=423104 n_steps=100
[I::fdg-gpu] blocklist CSR ready: edges=423104 avg_deg=80.35 max_deg=187
[M::hk_bmap_gen] generated 5266 beads
[M::hk_bmap_gen] 211493 bin pairs
[M::hk_bmap_gen] generated 5266 beads
[M::hk_bmap_gen] 211493 bin pairs
[M::blind-gpu] prepared pair buffers: n_diploid=5266 n_pairs=216606 n_block_keys=423130 n_steps=100
[I::fdg-gpu] blocklist CSR ready: edges=423130 avg_deg=80.35 max_deg=188
[M::hk_bmap_gen] generated 5266 beads
[M::hk_bmap_gen] 211464 bin pairs
[M::hk_bmap_gen] generated 5266 beads
[M::hk_bmap_gen] 211464 bin pairs
[M::blind-gpu] prepared pair buffers: n_diploid=5266 n_pairs=216580 n_block_keys=423078 n_steps=100
[I::fdg-gpu] blocklist CSR ready: edges=423078 avg_deg=80.34 max_deg=188
[M::hk_bmap_gen] generated 5266 beads
[M::hk_bmap_gen] 211487 bin pairs
[M::hk_bmap_gen] generated 5266 beads
[M::hk_bmap_gen] 211487 bin pairs
[M::blind-gpu] prepared pair buffers: n_diploid=5266 n_pairs=216596 n_block_keys=423110 n_steps=100
[I::fdg-gpu] blocklist CSR ready: edges=423110 avg_deg=80.35 max_deg=188
[M::hk_bmap_gen] generated 5266 beads
[M::hk_bmap_gen] 211456 bin pairs
[M::hk_bmap_gen] generated 5266 beads
[M::hk_bmap_gen] 211456 bin pairs
[M::blind-gpu] prepared pair buffers: n_diploid=5266 n_pairs=216570 n_block_keys=423058 n_steps=100
[I::fdg-gpu] blocklist CSR ready: edges=423058 avg_deg=80.34 max_deg=188
[M::hk_bmap_gen] generated 5266 beads
[M::hk_bmap_gen] 211427 bin pairs
[M::hk_bmap_gen] generated 5266 beads
[M::hk_bmap_gen] 211427 bin pairs
[M::blind-gpu] prepared pair buffers: n_diploid=5266 n_pairs=216548 n_block_keys=423014 n_steps=100
[I::fdg-gpu] blocklist CSR ready: edges=423014 avg_deg=80.33 max_deg=188
[M::hk_bmap_gen] generated 5266 beads
[M::hk_bmap_gen] 211416 bin pairs
[M::hk_bmap_gen] generated 5266 beads
[M::hk_bmap_gen] 211416 bin pairs
[M::blind-gpu] prepared pair buffers: n_diploid=5266 n_pairs=216533 n_block_keys=422984 n_steps=100
[I::fdg-gpu] blocklist CSR ready: edges=422984 avg_deg=80.32 max_deg=188
[M::hk_bmap_gen] generated 5266 beads
[M::hk_bmap_gen] 211387 bin pairs
[M::hk_bmap_gen] generated 5266 beads
[M::hk_bmap_gen] 211387 bin pairs
[M::blind-gpu] prepared pair buffers: n_diploid=5266 n_pairs=216502 n_block_keys=422922 n_steps=100
[I::fdg-gpu] blocklist CSR ready: edges=422922 avg_deg=80.31 max_deg=188
[M::hk_bmap_gen] generated 5266 beads
[M::hk_bmap_gen] 211329 bin pairs
[M::hk_bmap_gen] generated 5266 beads
[M::hk_bmap_gen] 211329 bin pairs
[M::blind-gpu] prepared pair buffers: n_diploid=5266 n_pairs=216449 n_block_keys=422816 n_steps=100
[I::fdg-gpu] blocklist CSR ready: edges=422816 avg_deg=80.29 max_deg=188
[M::hk_bmap_gen] generated 5266 beads
[M::hk_bmap_gen] 211333 bin pairs
[M::hk_bmap_gen] generated 5266 beads
[M::hk_bmap_gen] 211333 bin pairs
[M::blind-gpu] prepared pair buffers: n_diploid=5266 n_pairs=216450 n_block_keys=422820 n_steps=100
[I::fdg-gpu] blocklist CSR ready: edges=422820 avg_deg=80.29 max_deg=187
[M::hk_bmap_gen] generated 5266 beads
[M::hk_bmap_gen] 211333 bin pairs
[M::hk_bmap_gen] generated 5266 beads
[M::hk_bmap_gen] 211333 bin pairs
[M::blind-gpu] prepared pair buffers: n_diploid=5266 n_pairs=216458 n_block_keys=422834 n_steps=100
[I::fdg-gpu] blocklist CSR ready: edges=422834 avg_deg=80.30 max_deg=187
[M::hk_bmap_gen] generated 5266 beads
[M::hk_bmap_gen] 211338 bin pairs
[M::hk_bmap_gen] generated 5266 beads
[M::hk_bmap_gen] 211338 bin pairs
[M::blind-gpu] prepared pair buffers: n_diploid=5266 n_pairs=216466 n_block_keys=422850 n_steps=100
[I::fdg-gpu] blocklist CSR ready: edges=422850 avg_deg=80.30 max_deg=187
[M::hk_bmap_gen] generated 5266 beads
[M::hk_bmap_gen] 211337 bin pairs
[M::hk_bmap_gen] generated 5266 beads
[M::hk_bmap_gen] 211337 bin pairs
[M::blind-gpu] prepared pair buffers: n_diploid=5266 n_pairs=216469 n_block_keys=422856 n_steps=100
[I::fdg-gpu] blocklist CSR ready: edges=422856 avg_deg=80.30 max_deg=187
[M::hk_bmap_gen] generated 5266 beads
[M::hk_bmap_gen] 211292 bin pairs
[M::hk_bmap_gen] generated 5266 beads
[M::hk_bmap_gen] 211292 bin pairs
[M::blind-gpu] prepared pair buffers: n_diploid=5266 n_pairs=216428 n_block_keys=422774 n_steps=100
[I::fdg-gpu] blocklist CSR ready: edges=422774 avg_deg=80.28 max_deg=187
[M::hk_bmap_gen] generated 5266 beads
[M::hk_bmap_gen] 211289 bin pairs
[M::hk_bmap_gen] generated 5266 beads
[M::hk_bmap_gen] 211289 bin pairs
[M::blind-gpu] prepared pair buffers: n_diploid=5266 n_pairs=216422 n_block_keys=422760 n_steps=100
[I::fdg-gpu] blocklist CSR ready: edges=422760 avg_deg=80.28 max_deg=187
[M::hk_bmap_gen] generated 5266 beads
[M::hk_bmap_gen] 211276 bin pairs
[M::hk_bmap_gen] generated 5266 beads
[M::hk_bmap_gen] 211276 bin pairs
[M::blind-gpu] prepared pair buffers: n_diploid=5266 n_pairs=216408 n_block_keys=422732 n_steps=100
[I::fdg-gpu] blocklist CSR ready: edges=422732 avg_deg=80.28 max_deg=188
[M::hk_bmap_gen] generated 5266 beads
[M::hk_bmap_gen] 211233 bin pairs
[M::hk_bmap_gen] generated 5266 beads
[M::hk_bmap_gen] 211233 bin pairs
[M::blind-gpu] prepared pair buffers: n_diploid=5266 n_pairs=216371 n_block_keys=422660 n_steps=100
[I::fdg-gpu] blocklist CSR ready: edges=422660 avg_deg=80.26 max_deg=188
[M::hk_bmap_gen] generated 5266 beads
[M::hk_bmap_gen] 211179 bin pairs
[M::hk_bmap_gen] generated 5266 beads
[M::hk_bmap_gen] 211179 bin pairs
[M::blind-gpu] prepared pair buffers: n_diploid=5266 n_pairs=216317 n_block_keys=422552 n_steps=100
[I::fdg-gpu] blocklist CSR ready: edges=422552 avg_deg=80.24 max_deg=188
[M::hk_bmap_gen] generated 5266 beads
[M::hk_bmap_gen] 211148 bin pairs
[M::hk_bmap_gen] generated 5266 beads
[M::hk_bmap_gen] 211148 bin pairs
[M::blind-gpu] prepared pair buffers: n_diploid=5266 n_pairs=216280 n_block_keys=422478 n_steps=100
[I::fdg-gpu] blocklist CSR ready: edges=422478 avg_deg=80.23 max_deg=188
[M::hk_bmap_gen] generated 5266 beads
[M::hk_bmap_gen] 211081 bin pairs
[M::hk_bmap_gen] generated 5266 beads
[M::hk_bmap_gen] 211081 bin pairs
[M::blind-gpu] prepared pair buffers: n_diploid=5266 n_pairs=216217 n_block_keys=422352 n_steps=100
[I::fdg-gpu] blocklist CSR ready: edges=422352 avg_deg=80.20 max_deg=188
[M::hk_bmap_gen] generated 5266 beads
[M::hk_bmap_gen] 211012 bin pairs
[M::hk_bmap_gen] generated 5266 beads
[M::hk_bmap_gen] 211012 bin pairs
[M::blind-gpu] prepared pair buffers: n_diploid=5266 n_pairs=216143 n_block_keys=422204 n_steps=100
[I::fdg-gpu] blocklist CSR ready: edges=422204 avg_deg=80.18 max_deg=188
[M::hk_bmap_gen] generated 5266 beads
[M::hk_bmap_gen] 210944 bin pairs
[M::hk_bmap_gen] generated 5266 beads
[M::hk_bmap_gen] 210944 bin pairs
[M::blind-gpu] prepared pair buffers: n_diploid=5266 n_pairs=216079 n_block_keys=422076 n_steps=100
[I::fdg-gpu] blocklist CSR ready: edges=422076 avg_deg=80.15 max_deg=188
[M::hk_bmap_gen] generated 5266 beads
[M::hk_bmap_gen] 210936 bin pairs
[M::hk_bmap_gen] generated 5266 beads
[M::hk_bmap_gen] 210936 bin pairs
[M::blind-gpu] prepared pair buffers: n_diploid=5266 n_pairs=216071 n_block_keys=422062 n_steps=100
[I::fdg-gpu] blocklist CSR ready: edges=422062 avg_deg=80.15 max_deg=188
[M::hk_bmap_gen] generated 5266 beads
[M::hk_bmap_gen] 210937 bin pairs
[M::hk_bmap_gen] generated 5266 beads
[M::hk_bmap_gen] 210937 bin pairs
[M::blind-gpu] prepared pair buffers: n_diploid=5266 n_pairs=216072 n_block_keys=422064 n_steps=100
[I::fdg-gpu] blocklist CSR ready: edges=422064 avg_deg=80.15 max_deg=188
[M::hk_bmap_gen] generated 5266 beads
[M::hk_bmap_gen] 210920 bin pairs
[M::hk_bmap_gen] generated 5266 beads
[M::hk_bmap_gen] 210920 bin pairs
[M::blind-gpu] prepared pair buffers: n_diploid=5266 n_pairs=216053 n_block_keys=422026 n_steps=100
[I::fdg-gpu] blocklist CSR ready: edges=422026 avg_deg=80.14 max_deg=188
[M::hk_bmap_gen] generated 5266 beads
[M::hk_bmap_gen] 210867 bin pairs
[M::hk_bmap_gen] generated 5266 beads
[M::hk_bmap_gen] 210867 bin pairs
[M::blind-gpu] prepared pair buffers: n_diploid=5266 n_pairs=215999 n_block_keys=421916 n_steps=100
[I::fdg-gpu] blocklist CSR ready: edges=421916 avg_deg=80.12 max_deg=189
[M::hk_bmap_gen] generated 5266 beads
[M::hk_bmap_gen] 210817 bin pairs
[M::hk_bmap_gen] generated 5266 beads
[M::hk_bmap_gen] 210817 bin pairs
[M::blind-gpu] prepared pair buffers: n_diploid=5266 n_pairs=215947 n_block_keys=421812 n_steps=100
[I::fdg-gpu] blocklist CSR ready: edges=421812 avg_deg=80.10 max_deg=189
[M::hk_bmap_gen] generated 5266 beads
[M::hk_bmap_gen] 210822 bin pairs
[M::hk_bmap_gen] generated 5266 beads
[M::hk_bmap_gen] 210822 bin pairs
[M::blind-gpu] prepared pair buffers: n_diploid=5266 n_pairs=215956 n_block_keys=421830 n_steps=100
[I::fdg-gpu] blocklist CSR ready: edges=421830 avg_deg=80.10 max_deg=189
[M::hk_bmap_gen] generated 5266 beads
[M::hk_bmap_gen] 210807 bin pairs
[M::hk_bmap_gen] generated 5266 beads
[M::hk_bmap_gen] 210807 bin pairs
[M::blind-gpu] prepared pair buffers: n_diploid=5266 n_pairs=215940 n_block_keys=421798 n_steps=100
[I::fdg-gpu] blocklist CSR ready: edges=421798 avg_deg=80.10 max_deg=189
[M::hk_bmap_gen] generated 5266 beads
[M::hk_bmap_gen] 210754 bin pairs
[M::hk_bmap_gen] generated 5266 beads
[M::hk_bmap_gen] 210754 bin pairs
[M::blind-gpu] prepared pair buffers: n_diploid=5266 n_pairs=215886 n_block_keys=421692 n_steps=100
[I::fdg-gpu] blocklist CSR ready: edges=421692 avg_deg=80.08 max_deg=189
[M::hk_bmap_gen] generated 5266 beads
[M::hk_bmap_gen] 210705 bin pairs
[M::hk_bmap_gen] generated 5266 beads
[M::hk_bmap_gen] 210705 bin pairs
[M::blind-gpu] prepared pair buffers: n_diploid=5266 n_pairs=215835 n_block_keys=421590 n_steps=100
[I::fdg-gpu] blocklist CSR ready: edges=421590 avg_deg=80.06 max_deg=189
[M::hk_bmap_gen] generated 5266 beads
[M::hk_bmap_gen] 210683 bin pairs
[M::hk_bmap_gen] generated 5266 beads
[M::hk_bmap_gen] 210683 bin pairs
[M::blind-gpu] prepared pair buffers: n_diploid=5266 n_pairs=215818 n_block_keys=421556 n_steps=100
[I::fdg-gpu] blocklist CSR ready: edges=421556 avg_deg=80.05 max_deg=189
[M::hk_bmap_gen] generated 5266 beads
[M::hk_bmap_gen] 210679 bin pairs
[M::hk_bmap_gen] generated 5266 beads
[M::hk_bmap_gen] 210679 bin pairs
[M::blind-gpu] prepared pair buffers: n_diploid=5266 n_pairs=215809 n_block_keys=421536 n_steps=100
[I::fdg-gpu] blocklist CSR ready: edges=421536 avg_deg=80.05 max_deg=189
[M::hk_bmap_gen] generated 5266 beads
[M::hk_bmap_gen] 210672 bin pairs
[M::hk_bmap_gen] generated 5266 beads
[M::hk_bmap_gen] 210672 bin pairs
[M::blind-gpu] prepared pair buffers: n_diploid=5266 n_pairs=215803 n_block_keys=421524 n_steps=100
[I::fdg-gpu] blocklist CSR ready: edges=421524 avg_deg=80.05 max_deg=189
[M::hk_bmap_gen] generated 5266 beads
[M::hk_bmap_gen] 210684 bin pairs
[M::hk_bmap_gen] generated 5266 beads
[M::hk_bmap_gen] 210684 bin pairs
[M::blind-gpu] prepared pair buffers: n_diploid=5266 n_pairs=215817 n_block_keys=421552 n_steps=100
[I::fdg-gpu] blocklist CSR ready: edges=421552 avg_deg=80.05 max_deg=189
[M::hk_bmap_gen] generated 5266 beads
[M::hk_bmap_gen] 210631 bin pairs
[M::hk_bmap_gen] generated 5266 beads
[M::hk_bmap_gen] 210631 bin pairs
[M::blind-gpu] prepared pair buffers: n_diploid=5266 n_pairs=215761 n_block_keys=421440 n_steps=100
[I::fdg-gpu] blocklist CSR ready: edges=421440 avg_deg=80.03 max_deg=189
[M::hk_bmap_gen] generated 5266 beads
[M::hk_bmap_gen] 210600 bin pairs
[M::hk_bmap_gen] generated 5266 beads
[M::hk_bmap_gen] 210600 bin pairs
[M::blind-gpu] prepared pair buffers: n_diploid=5266 n_pairs=215727 n_block_keys=421370 n_steps=100
[I::fdg-gpu] blocklist CSR ready: edges=421370 avg_deg=80.02 max_deg=188
[M::hk_bmap_gen] generated 5266 beads
[M::hk_bmap_gen] 210581 bin pairs
[M::hk_bmap_gen] generated 5266 beads
[M::hk_bmap_gen] 210581 bin pairs
[M::blind-gpu] prepared pair buffers: n_diploid=5266 n_pairs=215710 n_block_keys=421334 n_steps=100
[I::fdg-gpu] blocklist CSR ready: edges=421334 avg_deg=80.01 max_deg=188
[M::hk_bmap_gen] generated 5266 beads
[M::hk_bmap_gen] 210585 bin pairs
[M::hk_bmap_gen] generated 5266 beads
[M::hk_bmap_gen] 210585 bin pairs
[M::blind-gpu] prepared pair buffers: n_diploid=5266 n_pairs=215712 n_block_keys=421338 n_steps=100
[I::fdg-gpu] blocklist CSR ready: edges=421338 avg_deg=80.01 max_deg=188
[M::hk_bmap_gen] generated 5266 beads
[M::hk_bmap_gen] 210551 bin pairs
[M::hk_bmap_gen] generated 5266 beads
[M::hk_bmap_gen] 210551 bin pairs
[M::blind-gpu] prepared pair buffers: n_diploid=5266 n_pairs=215680 n_block_keys=421276 n_steps=100
[I::fdg-gpu] blocklist CSR ready: edges=421276 avg_deg=80.00 max_deg=188
minimal P9016[1m]: write outputs to /mnt/ssd/zliu/phase3/test_res/048-20260620_092323-p9016_callable_anchor_mstep_1m/outputs/p9016_callable_negent_t0p10_m0p10_w10_seed71_best035/p9016_callable_negent_t0p10_m0p10_w10_seed71_best035
[M::hk_bmap_gen] generated 5266 beads
[M::hk_bmap_gen] 210527 bin pairs
[M::hk_bmap_gen] generated 5266 beads
[M::hk_bmap_gen] 210527 bin pairs
minimal P9016[1m]: status=OK final_entropy=0.69248271 final_pU=0.49952066
minimal P9016: summary /mnt/ssd/zliu/phase3/test_res/048-20260620_092323-p9016_callable_anchor_mstep_1m/outputs/p9016_callable_negent_t0p10_m0p10_w10_seed71_best035/matrix_summary.tsv
