minimal P9016: input=/shared/zliu/CHARM/CHARM_mesc/data/pairs/P9016.pairs.gz output_root=/mnt/ssd/zliu/phase3/test_res/048-20260620_092323-p9016_callable_anchor_mstep_1m/outputs/p9016_callable_negent_t0p05_m0p05_w10_seed71_best035 config=p9016_callable_negent_t0p05_m0p05_w10_seed71_best035 baseline=softall n_iter=100 relax_steps=100 relax_step=0.012 chain=0 init_mode=unphased_scaffold_split init_eps=0.5 init_noise=0.050000001 init_scale=10 init_seed=71 min_sep=0 lambda_sep=0 lambda_copytrack=0.029999999 lambda_global_copytrack=0.003 init_coord_anchor_k=0 trans_chr_pair_prior_lambda=0 trans_chr_pair_prior_eps=0.001 trans_chr_pair_prior_power=1 trans_chr_pair_prior_warmup_iter=0 trans_chr_pair_mstep_lambda=0 trans_chr_pair_mstep_eps=0.001 trans_chr_pair_mstep_power=1 trans_chr_pair_mstep_warmup_iter=0 d_scale_mode=posterior_count d_scale_input=posterior_count d_scale_formula=n_raw*posterior_prob^1 d_scale_gamma=1 d_scale_eps=1e-06 trans_k_multiplier=1 trans_dscale_multiplier=0.5 trans_top1_mode=off trans_top1_min_pmax=1 trans_top1_min_margin=1 trans_top1_mix_weight=0 trans_gate_mode=off trans_gate_min_pmax=1 trans_gate_min_margin=1 trans_gate_min_neg_entropy=-1.3862944 readgroup_mode=off readgroup_max_segments=8 readgroup_eps=1e-06 relax_backend=gpu
minimal P9016: stage 1/1 name=1m bin_size_bp=1000000 parent=0
[M::hk_map_read] read 1703888 pairs
[M::hk_bmap_gen] generated 2633 beads
[M::hk_bmap_gen] 489556 bin pairs
minimal P9016[1m]: build binned contacts train_raw=1703888 heldout_raw=0 heldout_fraction=0
minimal P9016[1m]: init mode=unphased_scaffold_split seed=71 scale=10
[M::hk_fdg] mid_dist:1000000 max_nei:69
[M::hk_fdg1_cpu] iter:10 elapsed:0.34s rep_coef:0.2092 RMS_force:367.7282 n_rep:42.9351 energy:25.4741,6.7271,0.0049 dist:5.6541,6.6698,1.4487
[M::hk_fdg1_cpu] iter:20 elapsed:0.81s rep_coef:0.6615 RMS_force:338.2522 n_rep:151.6927 energy:7.7405,3.4462,0.0177 dist:3.3961,4.2978,1.4008
[M::hk_fdg1_cpu] iter:30 elapsed:1.77s rep_coef:0.9352 RMS_force:224.8150 n_rep:590.1945 energy:1.7694,1.0665,0.0352 dist:1.9576,2.3312,1.2564
[M::hk_fdg1_cpu] iter:40 elapsed:3.24s rep_coef:0.9907 RMS_force:131.5153 n_rep:803.0726 energy:0.5225,0.4149,0.0364 dist:1.4006,1.7260,1.2593
[M::hk_fdg1_cpu] iter:50 elapsed:4.99s rep_coef:0.9987 RMS_force:108.0339 n_rep:806.6813 energy:0.2109,0.3021,0.0330 dist:1.1220,1.6404,1.3064
minimal P9016[1m]: run softall, n_iter=100 relax_steps=100 relax_step=0.012 relax_backend=gpu
[M::hk_bmap_gen] generated 5266 beads
[M::hk_bmap_gen] 286444 bin pairs
[M::hk_bmap_gen] generated 5266 beads
[M::hk_bmap_gen] 286444 bin pairs
[M::blind-gpu] prepared pair buffers: n_diploid=5266 n_pairs=291612 n_block_keys=573128 n_steps=100
[I::fdg-gpu] blocklist CSR ready: edges=573128 avg_deg=108.84 max_deg=193
[M::hk_bmap_gen] generated 5266 beads
[M::hk_bmap_gen] 286440 bin pairs
[M::hk_bmap_gen] generated 5266 beads
[M::hk_bmap_gen] 286440 bin pairs
[M::blind-gpu] prepared pair buffers: n_diploid=5266 n_pairs=291543 n_block_keys=572998 n_steps=100
[I::fdg-gpu] blocklist CSR ready: edges=572998 avg_deg=108.81 max_deg=214
[M::hk_bmap_gen] generated 5266 beads
[M::hk_bmap_gen] 272358 bin pairs
[M::hk_bmap_gen] generated 5266 beads
[M::hk_bmap_gen] 272358 bin pairs
[M::blind-gpu] prepared pair buffers: n_diploid=5266 n_pairs=277429 n_block_keys=544764 n_steps=100
[I::fdg-gpu] blocklist CSR ready: edges=544764 avg_deg=103.45 max_deg=201
[M::hk_bmap_gen] generated 5266 beads
[M::hk_bmap_gen] 258888 bin pairs
[M::hk_bmap_gen] generated 5266 beads
[M::hk_bmap_gen] 258888 bin pairs
[M::blind-gpu] prepared pair buffers: n_diploid=5266 n_pairs=263965 n_block_keys=517840 n_steps=100
[I::fdg-gpu] blocklist CSR ready: edges=517840 avg_deg=98.34 max_deg=203
[M::hk_bmap_gen] generated 5266 beads
[M::hk_bmap_gen] 248231 bin pairs
[M::hk_bmap_gen] generated 5266 beads
[M::hk_bmap_gen] 248231 bin pairs
[M::blind-gpu] prepared pair buffers: n_diploid=5266 n_pairs=253293 n_block_keys=496504 n_steps=100
[I::fdg-gpu] blocklist CSR ready: edges=496504 avg_deg=94.28 max_deg=205
[M::hk_bmap_gen] generated 5266 beads
[M::hk_bmap_gen] 239777 bin pairs
[M::hk_bmap_gen] generated 5266 beads
[M::hk_bmap_gen] 239777 bin pairs
[M::blind-gpu] prepared pair buffers: n_diploid=5266 n_pairs=244843 n_block_keys=479608 n_steps=100
[I::fdg-gpu] blocklist CSR ready: edges=479608 avg_deg=91.08 max_deg=197
[M::hk_bmap_gen] generated 5266 beads
[M::hk_bmap_gen] 233613 bin pairs
[M::hk_bmap_gen] generated 5266 beads
[M::hk_bmap_gen] 233613 bin pairs
[M::blind-gpu] prepared pair buffers: n_diploid=5266 n_pairs=238701 n_block_keys=467318 n_steps=100
[I::fdg-gpu] blocklist CSR ready: edges=467318 avg_deg=88.74 max_deg=193
[M::hk_bmap_gen] generated 5266 beads
[M::hk_bmap_gen] 229517 bin pairs
[M::hk_bmap_gen] generated 5266 beads
[M::hk_bmap_gen] 229517 bin pairs
[M::blind-gpu] prepared pair buffers: n_diploid=5266 n_pairs=234622 n_block_keys=459160 n_steps=100
[I::fdg-gpu] blocklist CSR ready: edges=459160 avg_deg=87.19 max_deg=188
[M::hk_bmap_gen] generated 5266 beads
[M::hk_bmap_gen] 226580 bin pairs
[M::hk_bmap_gen] generated 5266 beads
[M::hk_bmap_gen] 226580 bin pairs
[M::blind-gpu] prepared pair buffers: n_diploid=5266 n_pairs=231680 n_block_keys=453282 n_steps=100
[I::fdg-gpu] blocklist CSR ready: edges=453282 avg_deg=86.08 max_deg=189
[M::hk_bmap_gen] generated 5266 beads
[M::hk_bmap_gen] 224437 bin pairs
[M::hk_bmap_gen] generated 5266 beads
[M::hk_bmap_gen] 224437 bin pairs
[M::blind-gpu] prepared pair buffers: n_diploid=5266 n_pairs=229535 n_block_keys=448994 n_steps=100
[I::fdg-gpu] blocklist CSR ready: edges=448994 avg_deg=85.26 max_deg=189
[M::hk_bmap_gen] generated 5266 beads
[M::hk_bmap_gen] 222350 bin pairs
[M::hk_bmap_gen] generated 5266 beads
[M::hk_bmap_gen] 222350 bin pairs
[M::blind-gpu] prepared pair buffers: n_diploid=5266 n_pairs=227436 n_block_keys=444798 n_steps=100
[I::fdg-gpu] blocklist CSR ready: edges=444798 avg_deg=84.47 max_deg=186
[M::hk_bmap_gen] generated 5266 beads
[M::hk_bmap_gen] 221087 bin pairs
[M::hk_bmap_gen] generated 5266 beads
[M::hk_bmap_gen] 221087 bin pairs
[M::blind-gpu] prepared pair buffers: n_diploid=5266 n_pairs=226169 n_block_keys=442262 n_steps=100
[I::fdg-gpu] blocklist CSR ready: edges=442262 avg_deg=83.98 max_deg=187
[M::hk_bmap_gen] generated 5266 beads
[M::hk_bmap_gen] 220202 bin pairs
[M::hk_bmap_gen] generated 5266 beads
[M::hk_bmap_gen] 220202 bin pairs
[M::blind-gpu] prepared pair buffers: n_diploid=5266 n_pairs=225301 n_block_keys=440528 n_steps=100
[I::fdg-gpu] blocklist CSR ready: edges=440528 avg_deg=83.66 max_deg=187
[M::hk_bmap_gen] generated 5266 beads
[M::hk_bmap_gen] 219344 bin pairs
[M::hk_bmap_gen] generated 5266 beads
[M::hk_bmap_gen] 219344 bin pairs
[M::blind-gpu] prepared pair buffers: n_diploid=5266 n_pairs=224440 n_block_keys=438800 n_steps=100
[I::fdg-gpu] blocklist CSR ready: edges=438800 avg_deg=83.33 max_deg=186
[M::hk_bmap_gen] generated 5266 beads
[M::hk_bmap_gen] 218472 bin pairs
[M::hk_bmap_gen] generated 5266 beads
[M::hk_bmap_gen] 218472 bin pairs
[M::blind-gpu] prepared pair buffers: n_diploid=5266 n_pairs=223587 n_block_keys=437094 n_steps=100
[I::fdg-gpu] blocklist CSR ready: edges=437094 avg_deg=83.00 max_deg=185
[M::hk_bmap_gen] generated 5266 beads
[M::hk_bmap_gen] 217714 bin pairs
[M::hk_bmap_gen] generated 5266 beads
[M::hk_bmap_gen] 217714 bin pairs
[M::blind-gpu] prepared pair buffers: n_diploid=5266 n_pairs=222831 n_block_keys=435578 n_steps=100
[I::fdg-gpu] blocklist CSR ready: edges=435578 avg_deg=82.72 max_deg=191
[M::hk_bmap_gen] generated 5266 beads
[M::hk_bmap_gen] 216870 bin pairs
[M::hk_bmap_gen] generated 5266 beads
[M::hk_bmap_gen] 216870 bin pairs
[M::blind-gpu] prepared pair buffers: n_diploid=5266 n_pairs=221986 n_block_keys=433886 n_steps=100
[I::fdg-gpu] blocklist CSR ready: edges=433886 avg_deg=82.39 max_deg=190
[M::hk_bmap_gen] generated 5266 beads
[M::hk_bmap_gen] 216230 bin pairs
[M::hk_bmap_gen] generated 5266 beads
[M::hk_bmap_gen] 216230 bin pairs
[M::blind-gpu] prepared pair buffers: n_diploid=5266 n_pairs=221344 n_block_keys=432602 n_steps=100
[I::fdg-gpu] blocklist CSR ready: edges=432602 avg_deg=82.15 max_deg=189
[M::hk_bmap_gen] generated 5266 beads
[M::hk_bmap_gen] 215703 bin pairs
[M::hk_bmap_gen] generated 5266 beads
[M::hk_bmap_gen] 215703 bin pairs
[M::blind-gpu] prepared pair buffers: n_diploid=5266 n_pairs=220827 n_block_keys=431572 n_steps=100
[I::fdg-gpu] blocklist CSR ready: edges=431572 avg_deg=81.95 max_deg=188
[M::hk_bmap_gen] generated 5266 beads
[M::hk_bmap_gen] 215304 bin pairs
[M::hk_bmap_gen] generated 5266 beads
[M::hk_bmap_gen] 215304 bin pairs
[M::blind-gpu] prepared pair buffers: n_diploid=5266 n_pairs=220419 n_block_keys=430752 n_steps=100
[I::fdg-gpu] blocklist CSR ready: edges=430752 avg_deg=81.80 max_deg=188
[M::hk_bmap_gen] generated 5266 beads
[M::hk_bmap_gen] 215091 bin pairs
[M::hk_bmap_gen] generated 5266 beads
[M::hk_bmap_gen] 215091 bin pairs
[M::blind-gpu] prepared pair buffers: n_diploid=5266 n_pairs=220210 n_block_keys=430334 n_steps=100
[I::fdg-gpu] blocklist CSR ready: edges=430334 avg_deg=81.72 max_deg=187
[M::hk_bmap_gen] generated 5266 beads
[M::hk_bmap_gen] 215004 bin pairs
[M::hk_bmap_gen] generated 5266 beads
[M::hk_bmap_gen] 215004 bin pairs
[M::blind-gpu] prepared pair buffers: n_diploid=5266 n_pairs=220115 n_block_keys=430146 n_steps=100
[I::fdg-gpu] blocklist CSR ready: edges=430146 avg_deg=81.68 max_deg=189
[M::hk_bmap_gen] generated 5266 beads
[M::hk_bmap_gen] 214567 bin pairs
[M::hk_bmap_gen] generated 5266 beads
[M::hk_bmap_gen] 214567 bin pairs
[M::blind-gpu] prepared pair buffers: n_diploid=5266 n_pairs=219683 n_block_keys=429274 n_steps=100
[I::fdg-gpu] blocklist CSR ready: edges=429274 avg_deg=81.52 max_deg=187
[M::hk_bmap_gen] generated 5266 beads
[M::hk_bmap_gen] 214510 bin pairs
[M::hk_bmap_gen] generated 5266 beads
[M::hk_bmap_gen] 214510 bin pairs
[M::blind-gpu] prepared pair buffers: n_diploid=5266 n_pairs=219620 n_block_keys=429148 n_steps=100
[I::fdg-gpu] blocklist CSR ready: edges=429148 avg_deg=81.49 max_deg=183
[M::hk_bmap_gen] generated 5266 beads
[M::hk_bmap_gen] 214406 bin pairs
[M::hk_bmap_gen] generated 5266 beads
[M::hk_bmap_gen] 214406 bin pairs
[M::blind-gpu] prepared pair buffers: n_diploid=5266 n_pairs=219532 n_block_keys=428968 n_steps=100
[I::fdg-gpu] blocklist CSR ready: edges=428968 avg_deg=81.46 max_deg=184
[M::hk_bmap_gen] generated 5266 beads
[M::hk_bmap_gen] 214275 bin pairs
[M::hk_bmap_gen] generated 5266 beads
[M::hk_bmap_gen] 214275 bin pairs
[M::blind-gpu] prepared pair buffers: n_diploid=5266 n_pairs=219385 n_block_keys=428674 n_steps=100
[I::fdg-gpu] blocklist CSR ready: edges=428674 avg_deg=81.40 max_deg=187
[M::hk_bmap_gen] generated 5266 beads
[M::hk_bmap_gen] 214145 bin pairs
[M::hk_bmap_gen] generated 5266 beads
[M::hk_bmap_gen] 214145 bin pairs
[M::blind-gpu] prepared pair buffers: n_diploid=5266 n_pairs=219262 n_block_keys=428430 n_steps=100
[I::fdg-gpu] blocklist CSR ready: edges=428430 avg_deg=81.36 max_deg=185
[M::hk_bmap_gen] generated 5266 beads
[M::hk_bmap_gen] 214015 bin pairs
[M::hk_bmap_gen] generated 5266 beads
[M::hk_bmap_gen] 214015 bin pairs
[M::blind-gpu] prepared pair buffers: n_diploid=5266 n_pairs=219134 n_block_keys=428172 n_steps=100
[I::fdg-gpu] blocklist CSR ready: edges=428172 avg_deg=81.31 max_deg=185
[M::hk_bmap_gen] generated 5266 beads
[M::hk_bmap_gen] 213846 bin pairs
[M::hk_bmap_gen] generated 5266 beads
[M::hk_bmap_gen] 213846 bin pairs
[M::blind-gpu] prepared pair buffers: n_diploid=5266 n_pairs=218960 n_block_keys=427824 n_steps=100
[I::fdg-gpu] blocklist CSR ready: edges=427824 avg_deg=81.24 max_deg=185
[M::hk_bmap_gen] generated 5266 beads
[M::hk_bmap_gen] 213726 bin pairs
[M::hk_bmap_gen] generated 5266 beads
[M::hk_bmap_gen] 213726 bin pairs
[M::blind-gpu] prepared pair buffers: n_diploid=5266 n_pairs=218844 n_block_keys=427592 n_steps=100
[I::fdg-gpu] blocklist CSR ready: edges=427592 avg_deg=81.20 max_deg=186
[M::hk_bmap_gen] generated 5266 beads
[M::hk_bmap_gen] 213686 bin pairs
[M::hk_bmap_gen] generated 5266 beads
[M::hk_bmap_gen] 213686 bin pairs
[M::blind-gpu] prepared pair buffers: n_diploid=5266 n_pairs=218807 n_block_keys=427520 n_steps=100
[I::fdg-gpu] blocklist CSR ready: edges=427520 avg_deg=81.18 max_deg=185
[M::hk_bmap_gen] generated 5266 beads
[M::hk_bmap_gen] 213614 bin pairs
[M::hk_bmap_gen] generated 5266 beads
[M::hk_bmap_gen] 213614 bin pairs
[M::blind-gpu] prepared pair buffers: n_diploid=5266 n_pairs=218739 n_block_keys=427384 n_steps=100
[I::fdg-gpu] blocklist CSR ready: edges=427384 avg_deg=81.16 max_deg=184
[M::hk_bmap_gen] generated 5266 beads
[M::hk_bmap_gen] 213501 bin pairs
[M::hk_bmap_gen] generated 5266 beads
[M::hk_bmap_gen] 213501 bin pairs
[M::blind-gpu] prepared pair buffers: n_diploid=5266 n_pairs=218625 n_block_keys=427156 n_steps=100
[I::fdg-gpu] blocklist CSR ready: edges=427156 avg_deg=81.12 max_deg=183
[M::hk_bmap_gen] generated 5266 beads
[M::hk_bmap_gen] 213364 bin pairs
[M::hk_bmap_gen] generated 5266 beads
[M::hk_bmap_gen] 213364 bin pairs
[M::blind-gpu] prepared pair buffers: n_diploid=5266 n_pairs=218481 n_block_keys=426868 n_steps=100
[I::fdg-gpu] blocklist CSR ready: edges=426868 avg_deg=81.06 max_deg=183
[M::hk_bmap_gen] generated 5266 beads
[M::hk_bmap_gen] 213263 bin pairs
[M::hk_bmap_gen] generated 5266 beads
[M::hk_bmap_gen] 213263 bin pairs
[M::blind-gpu] prepared pair buffers: n_diploid=5266 n_pairs=218389 n_block_keys=426686 n_steps=100
[I::fdg-gpu] blocklist CSR ready: edges=426686 avg_deg=81.03 max_deg=183
[M::hk_bmap_gen] generated 5266 beads
[M::hk_bmap_gen] 213109 bin pairs
[M::hk_bmap_gen] generated 5266 beads
[M::hk_bmap_gen] 213109 bin pairs
[M::blind-gpu] prepared pair buffers: n_diploid=5266 n_pairs=218225 n_block_keys=426356 n_steps=100
[I::fdg-gpu] blocklist CSR ready: edges=426356 avg_deg=80.96 max_deg=185
[M::hk_bmap_gen] generated 5266 beads
[M::hk_bmap_gen] 213015 bin pairs
[M::hk_bmap_gen] generated 5266 beads
[M::hk_bmap_gen] 213015 bin pairs
[M::blind-gpu] prepared pair buffers: n_diploid=5266 n_pairs=218123 n_block_keys=426152 n_steps=100
[I::fdg-gpu] blocklist CSR ready: edges=426152 avg_deg=80.93 max_deg=185
[M::hk_bmap_gen] generated 5266 beads
[M::hk_bmap_gen] 212850 bin pairs
[M::hk_bmap_gen] generated 5266 beads
[M::hk_bmap_gen] 212850 bin pairs
[M::blind-gpu] prepared pair buffers: n_diploid=5266 n_pairs=217969 n_block_keys=425844 n_steps=100
[I::fdg-gpu] blocklist CSR ready: edges=425844 avg_deg=80.87 max_deg=185
[M::hk_bmap_gen] generated 5266 beads
[M::hk_bmap_gen] 212678 bin pairs
[M::hk_bmap_gen] generated 5266 beads
[M::hk_bmap_gen] 212678 bin pairs
[M::blind-gpu] prepared pair buffers: n_diploid=5266 n_pairs=217796 n_block_keys=425498 n_steps=100
[I::fdg-gpu] blocklist CSR ready: edges=425498 avg_deg=80.80 max_deg=186
[M::hk_bmap_gen] generated 5266 beads
[M::hk_bmap_gen] 212601 bin pairs
[M::hk_bmap_gen] generated 5266 beads
[M::hk_bmap_gen] 212601 bin pairs
[M::blind-gpu] prepared pair buffers: n_diploid=5266 n_pairs=217707 n_block_keys=425322 n_steps=100
[I::fdg-gpu] blocklist CSR ready: edges=425322 avg_deg=80.77 max_deg=188
[M::hk_bmap_gen] generated 5266 beads
[M::hk_bmap_gen] 212557 bin pairs
[M::hk_bmap_gen] generated 5266 beads
[M::hk_bmap_gen] 212557 bin pairs
[M::blind-gpu] prepared pair buffers: n_diploid=5266 n_pairs=217678 n_block_keys=425268 n_steps=100
[I::fdg-gpu] blocklist CSR ready: edges=425268 avg_deg=80.76 max_deg=188
[M::hk_bmap_gen] generated 5266 beads
[M::hk_bmap_gen] 212459 bin pairs
[M::hk_bmap_gen] generated 5266 beads
[M::hk_bmap_gen] 212459 bin pairs
[M::blind-gpu] prepared pair buffers: n_diploid=5266 n_pairs=217577 n_block_keys=425072 n_steps=100
[I::fdg-gpu] blocklist CSR ready: edges=425072 avg_deg=80.72 max_deg=187
[M::hk_bmap_gen] generated 5266 beads
[M::hk_bmap_gen] 212421 bin pairs
[M::hk_bmap_gen] generated 5266 beads
[M::hk_bmap_gen] 212421 bin pairs
[M::blind-gpu] prepared pair buffers: n_diploid=5266 n_pairs=217542 n_block_keys=425004 n_steps=100
[I::fdg-gpu] blocklist CSR ready: edges=425004 avg_deg=80.71 max_deg=186
[M::hk_bmap_gen] generated 5266 beads
[M::hk_bmap_gen] 212357 bin pairs
[M::hk_bmap_gen] generated 5266 beads
[M::hk_bmap_gen] 212357 bin pairs
[M::blind-gpu] prepared pair buffers: n_diploid=5266 n_pairs=217477 n_block_keys=424874 n_steps=100
[I::fdg-gpu] blocklist CSR ready: edges=424874 avg_deg=80.68 max_deg=187
[M::hk_bmap_gen] generated 5266 beads
[M::hk_bmap_gen] 212236 bin pairs
[M::hk_bmap_gen] generated 5266 beads
[M::hk_bmap_gen] 212236 bin pairs
[M::blind-gpu] prepared pair buffers: n_diploid=5266 n_pairs=217351 n_block_keys=424622 n_steps=100
[I::fdg-gpu] blocklist CSR ready: edges=424622 avg_deg=80.63 max_deg=186
[M::hk_bmap_gen] generated 5266 beads
[M::hk_bmap_gen] 212044 bin pairs
[M::hk_bmap_gen] generated 5266 beads
[M::hk_bmap_gen] 212044 bin pairs
[M::blind-gpu] prepared pair buffers: n_diploid=5266 n_pairs=217154 n_block_keys=424228 n_steps=100
[I::fdg-gpu] blocklist CSR ready: edges=424228 avg_deg=80.56 max_deg=185
[M::hk_bmap_gen] generated 5266 beads
[M::hk_bmap_gen] 211936 bin pairs
[M::hk_bmap_gen] generated 5266 beads
[M::hk_bmap_gen] 211936 bin pairs
[M::blind-gpu] prepared pair buffers: n_diploid=5266 n_pairs=217054 n_block_keys=424024 n_steps=100
[I::fdg-gpu] blocklist CSR ready: edges=424024 avg_deg=80.52 max_deg=185
[M::hk_bmap_gen] generated 5266 beads
[M::hk_bmap_gen] 211924 bin pairs
[M::hk_bmap_gen] generated 5266 beads
[M::hk_bmap_gen] 211924 bin pairs
[M::blind-gpu] prepared pair buffers: n_diploid=5266 n_pairs=217031 n_block_keys=423978 n_steps=100
[I::fdg-gpu] blocklist CSR ready: edges=423978 avg_deg=80.51 max_deg=184
[M::hk_bmap_gen] generated 5266 beads
[M::hk_bmap_gen] 211882 bin pairs
[M::hk_bmap_gen] generated 5266 beads
[M::hk_bmap_gen] 211882 bin pairs
[M::blind-gpu] prepared pair buffers: n_diploid=5266 n_pairs=216985 n_block_keys=423890 n_steps=100
[I::fdg-gpu] blocklist CSR ready: edges=423890 avg_deg=80.50 max_deg=184
[M::hk_bmap_gen] generated 5266 beads
[M::hk_bmap_gen] 211842 bin pairs
[M::hk_bmap_gen] generated 5266 beads
[M::hk_bmap_gen] 211842 bin pairs
[M::blind-gpu] prepared pair buffers: n_diploid=5266 n_pairs=216947 n_block_keys=423814 n_steps=100
[I::fdg-gpu] blocklist CSR ready: edges=423814 avg_deg=80.48 max_deg=184
[M::hk_bmap_gen] generated 5266 beads
[M::hk_bmap_gen] 211830 bin pairs
[M::hk_bmap_gen] generated 5266 beads
[M::hk_bmap_gen] 211830 bin pairs
[M::blind-gpu] prepared pair buffers: n_diploid=5266 n_pairs=216940 n_block_keys=423796 n_steps=100
[I::fdg-gpu] blocklist CSR ready: edges=423796 avg_deg=80.48 max_deg=184
[M::hk_bmap_gen] generated 5266 beads
[M::hk_bmap_gen] 211835 bin pairs
[M::hk_bmap_gen] generated 5266 beads
[M::hk_bmap_gen] 211835 bin pairs
[M::blind-gpu] prepared pair buffers: n_diploid=5266 n_pairs=216946 n_block_keys=423808 n_steps=100
[I::fdg-gpu] blocklist CSR ready: edges=423808 avg_deg=80.48 max_deg=184
[M::hk_bmap_gen] generated 5266 beads
[M::hk_bmap_gen] 211839 bin pairs
[M::hk_bmap_gen] generated 5266 beads
[M::hk_bmap_gen] 211839 bin pairs
[M::blind-gpu] prepared pair buffers: n_diploid=5266 n_pairs=216949 n_block_keys=423814 n_steps=100
[I::fdg-gpu] blocklist CSR ready: edges=423814 avg_deg=80.48 max_deg=185
[M::hk_bmap_gen] generated 5266 beads
[M::hk_bmap_gen] 211769 bin pairs
[M::hk_bmap_gen] generated 5266 beads
[M::hk_bmap_gen] 211769 bin pairs
[M::blind-gpu] prepared pair buffers: n_diploid=5266 n_pairs=216877 n_block_keys=423670 n_steps=100
[I::fdg-gpu] blocklist CSR ready: edges=423670 avg_deg=80.45 max_deg=185
[M::hk_bmap_gen] generated 5266 beads
[M::hk_bmap_gen] 211741 bin pairs
[M::hk_bmap_gen] generated 5266 beads
[M::hk_bmap_gen] 211741 bin pairs
[M::blind-gpu] prepared pair buffers: n_diploid=5266 n_pairs=216853 n_block_keys=423624 n_steps=100
[I::fdg-gpu] blocklist CSR ready: edges=423624 avg_deg=80.45 max_deg=186
[M::hk_bmap_gen] generated 5266 beads
[M::hk_bmap_gen] 211621 bin pairs
[M::hk_bmap_gen] generated 5266 beads
[M::hk_bmap_gen] 211621 bin pairs
[M::blind-gpu] prepared pair buffers: n_diploid=5266 n_pairs=216740 n_block_keys=423398 n_steps=100
[I::fdg-gpu] blocklist CSR ready: edges=423398 avg_deg=80.40 max_deg=188
[M::hk_bmap_gen] generated 5266 beads
[M::hk_bmap_gen] 211595 bin pairs
[M::hk_bmap_gen] generated 5266 beads
[M::hk_bmap_gen] 211595 bin pairs
[M::blind-gpu] prepared pair buffers: n_diploid=5266 n_pairs=216716 n_block_keys=423350 n_steps=100
[I::fdg-gpu] blocklist CSR ready: edges=423350 avg_deg=80.39 max_deg=188
[M::hk_bmap_gen] generated 5266 beads
[M::hk_bmap_gen] 211588 bin pairs
[M::hk_bmap_gen] generated 5266 beads
[M::hk_bmap_gen] 211588 bin pairs
[M::blind-gpu] prepared pair buffers: n_diploid=5266 n_pairs=216710 n_block_keys=423338 n_steps=100
[I::fdg-gpu] blocklist CSR ready: edges=423338 avg_deg=80.39 max_deg=187
[M::hk_bmap_gen] generated 5266 beads
[M::hk_bmap_gen] 211517 bin pairs
[M::hk_bmap_gen] generated 5266 beads
[M::hk_bmap_gen] 211517 bin pairs
[M::blind-gpu] prepared pair buffers: n_diploid=5266 n_pairs=216632 n_block_keys=423182 n_steps=100
[I::fdg-gpu] blocklist CSR ready: edges=423182 avg_deg=80.36 max_deg=187
[M::hk_bmap_gen] generated 5266 beads
[M::hk_bmap_gen] 211499 bin pairs
[M::hk_bmap_gen] generated 5266 beads
[M::hk_bmap_gen] 211499 bin pairs
[M::blind-gpu] prepared pair buffers: n_diploid=5266 n_pairs=216611 n_block_keys=423140 n_steps=100
[I::fdg-gpu] blocklist CSR ready: edges=423140 avg_deg=80.35 max_deg=187
[M::hk_bmap_gen] generated 5266 beads
[M::hk_bmap_gen] 211503 bin pairs
[M::hk_bmap_gen] generated 5266 beads
[M::hk_bmap_gen] 211503 bin pairs
[M::blind-gpu] prepared pair buffers: n_diploid=5266 n_pairs=216620 n_block_keys=423158 n_steps=100
[I::fdg-gpu] blocklist CSR ready: edges=423158 avg_deg=80.36 max_deg=188
[M::hk_bmap_gen] generated 5266 beads
[M::hk_bmap_gen] 211493 bin pairs
[M::hk_bmap_gen] generated 5266 beads
[M::hk_bmap_gen] 211493 bin pairs
[M::blind-gpu] prepared pair buffers: n_diploid=5266 n_pairs=216611 n_block_keys=423140 n_steps=100
[I::fdg-gpu] blocklist CSR ready: edges=423140 avg_deg=80.35 max_deg=188
[M::hk_bmap_gen] generated 5266 beads
[M::hk_bmap_gen] 211484 bin pairs
[M::hk_bmap_gen] generated 5266 beads
[M::hk_bmap_gen] 211484 bin pairs
[M::blind-gpu] prepared pair buffers: n_diploid=5266 n_pairs=216601 n_block_keys=423120 n_steps=100
[I::fdg-gpu] blocklist CSR ready: edges=423120 avg_deg=80.35 max_deg=188
[M::hk_bmap_gen] generated 5266 beads
[M::hk_bmap_gen] 211471 bin pairs
[M::hk_bmap_gen] generated 5266 beads
[M::hk_bmap_gen] 211471 bin pairs
[M::blind-gpu] prepared pair buffers: n_diploid=5266 n_pairs=216581 n_block_keys=423080 n_steps=100
[I::fdg-gpu] blocklist CSR ready: edges=423080 avg_deg=80.34 max_deg=188
[M::hk_bmap_gen] generated 5266 beads
[M::hk_bmap_gen] 211476 bin pairs
[M::hk_bmap_gen] generated 5266 beads
[M::hk_bmap_gen] 211476 bin pairs
[M::blind-gpu] prepared pair buffers: n_diploid=5266 n_pairs=216586 n_block_keys=423090 n_steps=100
[I::fdg-gpu] blocklist CSR ready: edges=423090 avg_deg=80.34 max_deg=188
[M::hk_bmap_gen] generated 5266 beads
[M::hk_bmap_gen] 211427 bin pairs
[M::hk_bmap_gen] generated 5266 beads
[M::hk_bmap_gen] 211427 bin pairs
[M::blind-gpu] prepared pair buffers: n_diploid=5266 n_pairs=216537 n_block_keys=422992 n_steps=100
[I::fdg-gpu] blocklist CSR ready: edges=422992 avg_deg=80.33 max_deg=188
[M::hk_bmap_gen] generated 5266 beads
[M::hk_bmap_gen] 211387 bin pairs
[M::hk_bmap_gen] generated 5266 beads
[M::hk_bmap_gen] 211387 bin pairs
[M::blind-gpu] prepared pair buffers: n_diploid=5266 n_pairs=216505 n_block_keys=422928 n_steps=100
[I::fdg-gpu] blocklist CSR ready: edges=422928 avg_deg=80.31 max_deg=188
[M::hk_bmap_gen] generated 5266 beads
[M::hk_bmap_gen] 211359 bin pairs
[M::hk_bmap_gen] generated 5266 beads
[M::hk_bmap_gen] 211359 bin pairs
[M::blind-gpu] prepared pair buffers: n_diploid=5266 n_pairs=216470 n_block_keys=422858 n_steps=100
[I::fdg-gpu] blocklist CSR ready: edges=422858 avg_deg=80.30 max_deg=188
[M::hk_bmap_gen] generated 5266 beads
[M::hk_bmap_gen] 211338 bin pairs
[M::hk_bmap_gen] generated 5266 beads
[M::hk_bmap_gen] 211338 bin pairs
[M::blind-gpu] prepared pair buffers: n_diploid=5266 n_pairs=216454 n_block_keys=422826 n_steps=100
[I::fdg-gpu] blocklist CSR ready: edges=422826 avg_deg=80.29 max_deg=188
[M::hk_bmap_gen] generated 5266 beads
[M::hk_bmap_gen] 211288 bin pairs
[M::hk_bmap_gen] generated 5266 beads
[M::hk_bmap_gen] 211288 bin pairs
[M::blind-gpu] prepared pair buffers: n_diploid=5266 n_pairs=216405 n_block_keys=422728 n_steps=100
[I::fdg-gpu] blocklist CSR ready: edges=422728 avg_deg=80.27 max_deg=187
[M::hk_bmap_gen] generated 5266 beads
[M::hk_bmap_gen] 211319 bin pairs
[M::hk_bmap_gen] generated 5266 beads
[M::hk_bmap_gen] 211319 bin pairs
[M::blind-gpu] prepared pair buffers: n_diploid=5266 n_pairs=216437 n_block_keys=422790 n_steps=100
[I::fdg-gpu] blocklist CSR ready: edges=422790 avg_deg=80.29 max_deg=187
[M::hk_bmap_gen] generated 5266 beads
[M::hk_bmap_gen] 211338 bin pairs
[M::hk_bmap_gen] generated 5266 beads
[M::hk_bmap_gen] 211338 bin pairs
[M::blind-gpu] prepared pair buffers: n_diploid=5266 n_pairs=216460 n_block_keys=422838 n_steps=100
[I::fdg-gpu] blocklist CSR ready: edges=422838 avg_deg=80.30 max_deg=187
[M::hk_bmap_gen] generated 5266 beads
[M::hk_bmap_gen] 211329 bin pairs
[M::hk_bmap_gen] generated 5266 beads
[M::hk_bmap_gen] 211329 bin pairs
[M::blind-gpu] prepared pair buffers: n_diploid=5266 n_pairs=216459 n_block_keys=422834 n_steps=100
[I::fdg-gpu] blocklist CSR ready: edges=422834 avg_deg=80.30 max_deg=187
[M::hk_bmap_gen] generated 5266 beads
[M::hk_bmap_gen] 211334 bin pairs
[M::hk_bmap_gen] generated 5266 beads
[M::hk_bmap_gen] 211334 bin pairs
[M::blind-gpu] prepared pair buffers: n_diploid=5266 n_pairs=216469 n_block_keys=422854 n_steps=100
[I::fdg-gpu] blocklist CSR ready: edges=422854 avg_deg=80.30 max_deg=187
[M::hk_bmap_gen] generated 5266 beads
[M::hk_bmap_gen] 211311 bin pairs
[M::hk_bmap_gen] generated 5266 beads
[M::hk_bmap_gen] 211311 bin pairs
[M::blind-gpu] prepared pair buffers: n_diploid=5266 n_pairs=216443 n_block_keys=422802 n_steps=100
[I::fdg-gpu] blocklist CSR ready: edges=422802 avg_deg=80.29 max_deg=188
[M::hk_bmap_gen] generated 5266 beads
[M::hk_bmap_gen] 211256 bin pairs
[M::hk_bmap_gen] generated 5266 beads
[M::hk_bmap_gen] 211256 bin pairs
[M::blind-gpu] prepared pair buffers: n_diploid=5266 n_pairs=216387 n_block_keys=422692 n_steps=100
[I::fdg-gpu] blocklist CSR ready: edges=422692 avg_deg=80.27 max_deg=188
[M::hk_bmap_gen] generated 5266 beads
[M::hk_bmap_gen] 211215 bin pairs
[M::hk_bmap_gen] generated 5266 beads
[M::hk_bmap_gen] 211215 bin pairs
[M::blind-gpu] prepared pair buffers: n_diploid=5266 n_pairs=216350 n_block_keys=422618 n_steps=100
[I::fdg-gpu] blocklist CSR ready: edges=422618 avg_deg=80.25 max_deg=188
[M::hk_bmap_gen] generated 5266 beads
[M::hk_bmap_gen] 211206 bin pairs
[M::hk_bmap_gen] generated 5266 beads
[M::hk_bmap_gen] 211206 bin pairs
[M::blind-gpu] prepared pair buffers: n_diploid=5266 n_pairs=216343 n_block_keys=422604 n_steps=100
[I::fdg-gpu] blocklist CSR ready: edges=422604 avg_deg=80.25 max_deg=188
[M::hk_bmap_gen] generated 5266 beads
[M::hk_bmap_gen] 211167 bin pairs
[M::hk_bmap_gen] generated 5266 beads
[M::hk_bmap_gen] 211167 bin pairs
[M::blind-gpu] prepared pair buffers: n_diploid=5266 n_pairs=216304 n_block_keys=422526 n_steps=100
[I::fdg-gpu] blocklist CSR ready: edges=422526 avg_deg=80.24 max_deg=188
[M::hk_bmap_gen] generated 5266 beads
[M::hk_bmap_gen] 211105 bin pairs
[M::hk_bmap_gen] generated 5266 beads
[M::hk_bmap_gen] 211105 bin pairs
[M::blind-gpu] prepared pair buffers: n_diploid=5266 n_pairs=216239 n_block_keys=422396 n_steps=100
[I::fdg-gpu] blocklist CSR ready: edges=422396 avg_deg=80.21 max_deg=186
[M::hk_bmap_gen] generated 5266 beads
[M::hk_bmap_gen] 211039 bin pairs
[M::hk_bmap_gen] generated 5266 beads
[M::hk_bmap_gen] 211039 bin pairs
[M::blind-gpu] prepared pair buffers: n_diploid=5266 n_pairs=216171 n_block_keys=422260 n_steps=100
[I::fdg-gpu] blocklist CSR ready: edges=422260 avg_deg=80.19 max_deg=186
[M::hk_bmap_gen] generated 5266 beads
[M::hk_bmap_gen] 210993 bin pairs
[M::hk_bmap_gen] generated 5266 beads
[M::hk_bmap_gen] 210993 bin pairs
[M::blind-gpu] prepared pair buffers: n_diploid=5266 n_pairs=216126 n_block_keys=422170 n_steps=100
[I::fdg-gpu] blocklist CSR ready: edges=422170 avg_deg=80.17 max_deg=186
[M::hk_bmap_gen] generated 5266 beads
[M::hk_bmap_gen] 211000 bin pairs
[M::hk_bmap_gen] generated 5266 beads
[M::hk_bmap_gen] 211000 bin pairs
[M::blind-gpu] prepared pair buffers: n_diploid=5266 n_pairs=216132 n_block_keys=422184 n_steps=100
[I::fdg-gpu] blocklist CSR ready: edges=422184 avg_deg=80.17 max_deg=186
[M::hk_bmap_gen] generated 5266 beads
[M::hk_bmap_gen] 210954 bin pairs
[M::hk_bmap_gen] generated 5266 beads
[M::hk_bmap_gen] 210954 bin pairs
[M::blind-gpu] prepared pair buffers: n_diploid=5266 n_pairs=216087 n_block_keys=422094 n_steps=100
[I::fdg-gpu] blocklist CSR ready: edges=422094 avg_deg=80.15 max_deg=186
[M::hk_bmap_gen] generated 5266 beads
[M::hk_bmap_gen] 210913 bin pairs
[M::hk_bmap_gen] generated 5266 beads
[M::hk_bmap_gen] 210913 bin pairs
[M::blind-gpu] prepared pair buffers: n_diploid=5266 n_pairs=216046 n_block_keys=422012 n_steps=100
[I::fdg-gpu] blocklist CSR ready: edges=422012 avg_deg=80.14 max_deg=186
[M::hk_bmap_gen] generated 5266 beads
[M::hk_bmap_gen] 210892 bin pairs
[M::hk_bmap_gen] generated 5266 beads
[M::hk_bmap_gen] 210892 bin pairs
[M::blind-gpu] prepared pair buffers: n_diploid=5266 n_pairs=216024 n_block_keys=421966 n_steps=100
[I::fdg-gpu] blocklist CSR ready: edges=421966 avg_deg=80.13 max_deg=187
[M::hk_bmap_gen] generated 5266 beads
[M::hk_bmap_gen] 210868 bin pairs
[M::hk_bmap_gen] generated 5266 beads
[M::hk_bmap_gen] 210868 bin pairs
[M::blind-gpu] prepared pair buffers: n_diploid=5266 n_pairs=216000 n_block_keys=421918 n_steps=100
[I::fdg-gpu] blocklist CSR ready: edges=421918 avg_deg=80.12 max_deg=187
[M::hk_bmap_gen] generated 5266 beads
[M::hk_bmap_gen] 210863 bin pairs
[M::hk_bmap_gen] generated 5266 beads
[M::hk_bmap_gen] 210863 bin pairs
[M::blind-gpu] prepared pair buffers: n_diploid=5266 n_pairs=215993 n_block_keys=421904 n_steps=100
[I::fdg-gpu] blocklist CSR ready: edges=421904 avg_deg=80.12 max_deg=188
[M::hk_bmap_gen] generated 5266 beads
[M::hk_bmap_gen] 210837 bin pairs
[M::hk_bmap_gen] generated 5266 beads
[M::hk_bmap_gen] 210837 bin pairs
[M::blind-gpu] prepared pair buffers: n_diploid=5266 n_pairs=215967 n_block_keys=421852 n_steps=100
[I::fdg-gpu] blocklist CSR ready: edges=421852 avg_deg=80.11 max_deg=188
[M::hk_bmap_gen] generated 5266 beads
[M::hk_bmap_gen] 210734 bin pairs
[M::hk_bmap_gen] generated 5266 beads
[M::hk_bmap_gen] 210734 bin pairs
[M::blind-gpu] prepared pair buffers: n_diploid=5266 n_pairs=215864 n_block_keys=421646 n_steps=100
[I::fdg-gpu] blocklist CSR ready: edges=421646 avg_deg=80.07 max_deg=188
[M::hk_bmap_gen] generated 5266 beads
[M::hk_bmap_gen] 210710 bin pairs
[M::hk_bmap_gen] generated 5266 beads
[M::hk_bmap_gen] 210710 bin pairs
[M::blind-gpu] prepared pair buffers: n_diploid=5266 n_pairs=215842 n_block_keys=421602 n_steps=100
[I::fdg-gpu] blocklist CSR ready: edges=421602 avg_deg=80.06 max_deg=188
[M::hk_bmap_gen] generated 5266 beads
[M::hk_bmap_gen] 210705 bin pairs
[M::hk_bmap_gen] generated 5266 beads
[M::hk_bmap_gen] 210705 bin pairs
[M::blind-gpu] prepared pair buffers: n_diploid=5266 n_pairs=215835 n_block_keys=421588 n_steps=100
[I::fdg-gpu] blocklist CSR ready: edges=421588 avg_deg=80.06 max_deg=188
[M::hk_bmap_gen] generated 5266 beads
[M::hk_bmap_gen] 210679 bin pairs
[M::hk_bmap_gen] generated 5266 beads
[M::hk_bmap_gen] 210679 bin pairs
[M::blind-gpu] prepared pair buffers: n_diploid=5266 n_pairs=215805 n_block_keys=421530 n_steps=100
[I::fdg-gpu] blocklist CSR ready: edges=421530 avg_deg=80.05 max_deg=188
[M::hk_bmap_gen] generated 5266 beads
[M::hk_bmap_gen] 210667 bin pairs
[M::hk_bmap_gen] generated 5266 beads
[M::hk_bmap_gen] 210667 bin pairs
[M::blind-gpu] prepared pair buffers: n_diploid=5266 n_pairs=215796 n_block_keys=421512 n_steps=100
[I::fdg-gpu] blocklist CSR ready: edges=421512 avg_deg=80.04 max_deg=188
[M::hk_bmap_gen] generated 5266 beads
[M::hk_bmap_gen] 210638 bin pairs
[M::hk_bmap_gen] generated 5266 beads
[M::hk_bmap_gen] 210638 bin pairs
[M::blind-gpu] prepared pair buffers: n_diploid=5266 n_pairs=215769 n_block_keys=421456 n_steps=100
[I::fdg-gpu] blocklist CSR ready: edges=421456 avg_deg=80.03 max_deg=188
[M::hk_bmap_gen] generated 5266 beads
[M::hk_bmap_gen] 210606 bin pairs
[M::hk_bmap_gen] generated 5266 beads
[M::hk_bmap_gen] 210606 bin pairs
[M::blind-gpu] prepared pair buffers: n_diploid=5266 n_pairs=215739 n_block_keys=421394 n_steps=100
[I::fdg-gpu] blocklist CSR ready: edges=421394 avg_deg=80.02 max_deg=188
[M::hk_bmap_gen] generated 5266 beads
[M::hk_bmap_gen] 210568 bin pairs
[M::hk_bmap_gen] generated 5266 beads
[M::hk_bmap_gen] 210568 bin pairs
[M::blind-gpu] prepared pair buffers: n_diploid=5266 n_pairs=215697 n_block_keys=421312 n_steps=100
[I::fdg-gpu] blocklist CSR ready: edges=421312 avg_deg=80.01 max_deg=187
[M::hk_bmap_gen] generated 5266 beads
[M::hk_bmap_gen] 210553 bin pairs
[M::hk_bmap_gen] generated 5266 beads
[M::hk_bmap_gen] 210553 bin pairs
[M::blind-gpu] prepared pair buffers: n_diploid=5266 n_pairs=215683 n_block_keys=421282 n_steps=100
[I::fdg-gpu] blocklist CSR ready: edges=421282 avg_deg=80.00 max_deg=187
[M::hk_bmap_gen] generated 5266 beads
[M::hk_bmap_gen] 210545 bin pairs
[M::hk_bmap_gen] generated 5266 beads
[M::hk_bmap_gen] 210545 bin pairs
[M::blind-gpu] prepared pair buffers: n_diploid=5266 n_pairs=215674 n_block_keys=421264 n_steps=100
[I::fdg-gpu] blocklist CSR ready: edges=421264 avg_deg=80.00 max_deg=187
[M::hk_bmap_gen] generated 5266 beads
[M::hk_bmap_gen] 210561 bin pairs
[M::hk_bmap_gen] generated 5266 beads
[M::hk_bmap_gen] 210561 bin pairs
[M::blind-gpu] prepared pair buffers: n_diploid=5266 n_pairs=215690 n_block_keys=421296 n_steps=100
[I::fdg-gpu] blocklist CSR ready: edges=421296 avg_deg=80.00 max_deg=187
minimal P9016[1m]: write outputs to /mnt/ssd/zliu/phase3/test_res/048-20260620_092323-p9016_callable_anchor_mstep_1m/outputs/p9016_callable_negent_t0p05_m0p05_w10_seed71_best035/p9016_callable_negent_t0p05_m0p05_w10_seed71_best035
[M::hk_bmap_gen] generated 5266 beads
[M::hk_bmap_gen] 210548 bin pairs
[M::hk_bmap_gen] generated 5266 beads
[M::hk_bmap_gen] 210548 bin pairs
minimal P9016[1m]: status=OK final_entropy=0.69247681 final_pU=0.4995164
minimal P9016: summary /mnt/ssd/zliu/phase3/test_res/048-20260620_092323-p9016_callable_anchor_mstep_1m/outputs/p9016_callable_negent_t0p05_m0p05_w10_seed71_best035/matrix_summary.tsv
