minimal P9016: input=/shared/zliu/CHARM/CHARM_mesc/data/pairs/P9016.pairs.gz output_root=/mnt/ssd/zliu/phase3/test_res/048-20260620_092323-p9016_callable_anchor_mstep_1m/outputs/p9016_samecross_m0p25_p1_w10_seed71_best035 config=p9016_samecross_m0p25_p1_w10_seed71_best035 baseline=softall n_iter=100 relax_steps=100 relax_step=0.012 chain=0 init_mode=unphased_scaffold_split init_eps=0.5 init_noise=0.050000001 init_scale=10 init_seed=71 min_sep=0 lambda_sep=0 lambda_copytrack=0.029999999 lambda_global_copytrack=0.003 init_coord_anchor_k=0 trans_chr_pair_prior_lambda=0 trans_chr_pair_prior_eps=0.001 trans_chr_pair_prior_power=1 trans_chr_pair_prior_warmup_iter=0 trans_chr_pair_mstep_lambda=0.25 trans_chr_pair_mstep_eps=0.001 trans_chr_pair_mstep_power=1 trans_chr_pair_mstep_warmup_iter=10 d_scale_mode=posterior_count d_scale_input=posterior_count d_scale_formula=n_raw*posterior_prob^1 d_scale_gamma=1 d_scale_eps=1e-06 trans_k_multiplier=1 trans_dscale_multiplier=0.5 trans_top1_mode=off trans_top1_min_pmax=1 trans_top1_min_margin=1 trans_top1_mix_weight=0 trans_gate_mode=off trans_gate_min_pmax=1 trans_gate_min_margin=1 trans_gate_min_neg_entropy=-1.3862944 readgroup_mode=off readgroup_max_segments=8 readgroup_eps=1e-06 relax_backend=gpu
minimal P9016: stage 1/1 name=1m bin_size_bp=1000000 parent=0
[M::hk_map_read] read 1703888 pairs
[M::hk_bmap_gen] generated 2633 beads
[M::hk_bmap_gen] 489556 bin pairs
minimal P9016[1m]: build binned contacts train_raw=1703888 heldout_raw=0 heldout_fraction=0
minimal P9016[1m]: init mode=unphased_scaffold_split seed=71 scale=10
[M::hk_fdg] mid_dist:1000000 max_nei:69
[M::hk_fdg1_cpu] iter:10 elapsed:0.33s rep_coef:0.2092 RMS_force:367.7282 n_rep:42.9351 energy:25.4741,6.7271,0.0049 dist:5.6541,6.6698,1.4487
[M::hk_fdg1_cpu] iter:20 elapsed:0.80s rep_coef:0.6615 RMS_force:338.2522 n_rep:151.6927 energy:7.7405,3.4462,0.0177 dist:3.3961,4.2978,1.4008
[M::hk_fdg1_cpu] iter:30 elapsed:1.79s rep_coef:0.9352 RMS_force:224.8150 n_rep:590.1945 energy:1.7694,1.0665,0.0352 dist:1.9576,2.3312,1.2564
[M::hk_fdg1_cpu] iter:40 elapsed:3.29s rep_coef:0.9907 RMS_force:131.5153 n_rep:803.0726 energy:0.5225,0.4149,0.0364 dist:1.4006,1.7260,1.2593
[M::hk_fdg1_cpu] iter:50 elapsed:4.82s rep_coef:0.9987 RMS_force:108.0339 n_rep:806.6813 energy:0.2109,0.3021,0.0330 dist:1.1220,1.6404,1.3064
minimal P9016[1m]: run softall, n_iter=100 relax_steps=100 relax_step=0.012 relax_backend=gpu
[M::hk_bmap_gen] generated 5266 beads
[M::hk_bmap_gen] 286444 bin pairs
[M::hk_bmap_gen] generated 5266 beads
[M::hk_bmap_gen] 286444 bin pairs
[M::blind-gpu] prepared pair buffers: n_diploid=5266 n_pairs=291612 n_block_keys=573128 n_steps=100
[I::fdg-gpu] blocklist CSR ready: edges=573128 avg_deg=108.84 max_deg=193
[M::hk_bmap_gen] generated 5266 beads
[M::hk_bmap_gen] 286440 bin pairs
[M::hk_bmap_gen] generated 5266 beads
[M::hk_bmap_gen] 286440 bin pairs
[M::blind-gpu] prepared pair buffers: n_diploid=5266 n_pairs=291543 n_block_keys=572998 n_steps=100
[I::fdg-gpu] blocklist CSR ready: edges=572998 avg_deg=108.81 max_deg=214
[M::hk_bmap_gen] generated 5266 beads
[M::hk_bmap_gen] 272358 bin pairs
[M::hk_bmap_gen] generated 5266 beads
[M::hk_bmap_gen] 272358 bin pairs
[M::blind-gpu] prepared pair buffers: n_diploid=5266 n_pairs=277429 n_block_keys=544764 n_steps=100
[I::fdg-gpu] blocklist CSR ready: edges=544764 avg_deg=103.45 max_deg=201
[M::hk_bmap_gen] generated 5266 beads
[M::hk_bmap_gen] 258888 bin pairs
[M::hk_bmap_gen] generated 5266 beads
[M::hk_bmap_gen] 258888 bin pairs
[M::blind-gpu] prepared pair buffers: n_diploid=5266 n_pairs=263965 n_block_keys=517840 n_steps=100
[I::fdg-gpu] blocklist CSR ready: edges=517840 avg_deg=98.34 max_deg=203
[M::hk_bmap_gen] generated 5266 beads
[M::hk_bmap_gen] 248231 bin pairs
[M::hk_bmap_gen] generated 5266 beads
[M::hk_bmap_gen] 248231 bin pairs
[M::blind-gpu] prepared pair buffers: n_diploid=5266 n_pairs=253293 n_block_keys=496504 n_steps=100
[I::fdg-gpu] blocklist CSR ready: edges=496504 avg_deg=94.28 max_deg=205
[M::hk_bmap_gen] generated 5266 beads
[M::hk_bmap_gen] 239777 bin pairs
[M::hk_bmap_gen] generated 5266 beads
[M::hk_bmap_gen] 239777 bin pairs
[M::blind-gpu] prepared pair buffers: n_diploid=5266 n_pairs=244843 n_block_keys=479608 n_steps=100
[I::fdg-gpu] blocklist CSR ready: edges=479608 avg_deg=91.08 max_deg=197
[M::hk_bmap_gen] generated 5266 beads
[M::hk_bmap_gen] 233614 bin pairs
[M::hk_bmap_gen] generated 5266 beads
[M::hk_bmap_gen] 233614 bin pairs
[M::blind-gpu] prepared pair buffers: n_diploid=5266 n_pairs=238702 n_block_keys=467320 n_steps=100
[I::fdg-gpu] blocklist CSR ready: edges=467320 avg_deg=88.74 max_deg=193
[M::hk_bmap_gen] generated 5266 beads
[M::hk_bmap_gen] 229517 bin pairs
[M::hk_bmap_gen] generated 5266 beads
[M::hk_bmap_gen] 229517 bin pairs
[M::blind-gpu] prepared pair buffers: n_diploid=5266 n_pairs=234622 n_block_keys=459160 n_steps=100
[I::fdg-gpu] blocklist CSR ready: edges=459160 avg_deg=87.19 max_deg=188
[M::hk_bmap_gen] generated 5266 beads
[M::hk_bmap_gen] 226580 bin pairs
[M::hk_bmap_gen] generated 5266 beads
[M::hk_bmap_gen] 226580 bin pairs
[M::blind-gpu] prepared pair buffers: n_diploid=5266 n_pairs=231680 n_block_keys=453282 n_steps=100
[I::fdg-gpu] blocklist CSR ready: edges=453282 avg_deg=86.08 max_deg=189
[M::hk_bmap_gen] generated 5266 beads
[M::hk_bmap_gen] 224437 bin pairs
[M::hk_bmap_gen] generated 5266 beads
[M::hk_bmap_gen] 224437 bin pairs
[M::blind-gpu] prepared pair buffers: n_diploid=5266 n_pairs=229535 n_block_keys=448994 n_steps=100
[I::fdg-gpu] blocklist CSR ready: edges=448994 avg_deg=85.26 max_deg=189
[M::hk_bmap_gen] generated 5266 beads
[M::hk_bmap_gen] 222350 bin pairs
[M::hk_bmap_gen] generated 5266 beads
[M::hk_bmap_gen] 222350 bin pairs
[M::blind-gpu] prepared pair buffers: n_diploid=5266 n_pairs=227436 n_block_keys=444798 n_steps=100
[I::fdg-gpu] blocklist CSR ready: edges=444798 avg_deg=84.47 max_deg=186
[M::hk_bmap_gen] generated 5266 beads
[M::hk_bmap_gen] 221119 bin pairs
[M::hk_bmap_gen] generated 5266 beads
[M::hk_bmap_gen] 221119 bin pairs
[M::blind-gpu] prepared pair buffers: n_diploid=5266 n_pairs=226214 n_block_keys=442352 n_steps=100
[I::fdg-gpu] blocklist CSR ready: edges=442352 avg_deg=84.00 max_deg=187
[M::hk_bmap_gen] generated 5266 beads
[M::hk_bmap_gen] 220163 bin pairs
[M::hk_bmap_gen] generated 5266 beads
[M::hk_bmap_gen] 220163 bin pairs
[M::blind-gpu] prepared pair buffers: n_diploid=5266 n_pairs=225255 n_block_keys=440434 n_steps=100
[I::fdg-gpu] blocklist CSR ready: edges=440434 avg_deg=83.64 max_deg=188
[M::hk_bmap_gen] generated 5266 beads
[M::hk_bmap_gen] 219204 bin pairs
[M::hk_bmap_gen] generated 5266 beads
[M::hk_bmap_gen] 219204 bin pairs
[M::blind-gpu] prepared pair buffers: n_diploid=5266 n_pairs=224303 n_block_keys=438526 n_steps=100
[I::fdg-gpu] blocklist CSR ready: edges=438526 avg_deg=83.27 max_deg=188
[M::hk_bmap_gen] generated 5266 beads
[M::hk_bmap_gen] 218294 bin pairs
[M::hk_bmap_gen] generated 5266 beads
[M::hk_bmap_gen] 218294 bin pairs
[M::blind-gpu] prepared pair buffers: n_diploid=5266 n_pairs=223398 n_block_keys=436718 n_steps=100
[I::fdg-gpu] blocklist CSR ready: edges=436718 avg_deg=82.93 max_deg=191
[M::hk_bmap_gen] generated 5266 beads
[M::hk_bmap_gen] 217327 bin pairs
[M::hk_bmap_gen] generated 5266 beads
[M::hk_bmap_gen] 217327 bin pairs
[M::blind-gpu] prepared pair buffers: n_diploid=5266 n_pairs=222455 n_block_keys=434828 n_steps=100
[I::fdg-gpu] blocklist CSR ready: edges=434828 avg_deg=82.57 max_deg=194
[M::hk_bmap_gen] generated 5266 beads
[M::hk_bmap_gen] 216484 bin pairs
[M::hk_bmap_gen] generated 5266 beads
[M::hk_bmap_gen] 216484 bin pairs
[M::blind-gpu] prepared pair buffers: n_diploid=5266 n_pairs=221595 n_block_keys=433106 n_steps=100
[I::fdg-gpu] blocklist CSR ready: edges=433106 avg_deg=82.25 max_deg=192
[M::hk_bmap_gen] generated 5266 beads
[M::hk_bmap_gen] 215850 bin pairs
[M::hk_bmap_gen] generated 5266 beads
[M::hk_bmap_gen] 215850 bin pairs
[M::blind-gpu] prepared pair buffers: n_diploid=5266 n_pairs=220979 n_block_keys=431874 n_steps=100
[I::fdg-gpu] blocklist CSR ready: edges=431874 avg_deg=82.01 max_deg=189
[M::hk_bmap_gen] generated 5266 beads
[M::hk_bmap_gen] 215431 bin pairs
[M::hk_bmap_gen] generated 5266 beads
[M::hk_bmap_gen] 215431 bin pairs
[M::blind-gpu] prepared pair buffers: n_diploid=5266 n_pairs=220560 n_block_keys=431040 n_steps=100
[I::fdg-gpu] blocklist CSR ready: edges=431040 avg_deg=81.85 max_deg=188
[M::hk_bmap_gen] generated 5266 beads
[M::hk_bmap_gen] 215113 bin pairs
[M::hk_bmap_gen] generated 5266 beads
[M::hk_bmap_gen] 215113 bin pairs
[M::blind-gpu] prepared pair buffers: n_diploid=5266 n_pairs=220243 n_block_keys=430400 n_steps=100
[I::fdg-gpu] blocklist CSR ready: edges=430400 avg_deg=81.73 max_deg=189
[M::hk_bmap_gen] generated 5266 beads
[M::hk_bmap_gen] 214846 bin pairs
[M::hk_bmap_gen] generated 5266 beads
[M::hk_bmap_gen] 214846 bin pairs
[M::blind-gpu] prepared pair buffers: n_diploid=5266 n_pairs=219955 n_block_keys=429822 n_steps=100
[I::fdg-gpu] blocklist CSR ready: edges=429822 avg_deg=81.62 max_deg=189
[M::hk_bmap_gen] generated 5266 beads
[M::hk_bmap_gen] 214428 bin pairs
[M::hk_bmap_gen] generated 5266 beads
[M::hk_bmap_gen] 214428 bin pairs
[M::blind-gpu] prepared pair buffers: n_diploid=5266 n_pairs=219552 n_block_keys=429016 n_steps=100
[I::fdg-gpu] blocklist CSR ready: edges=429016 avg_deg=81.47 max_deg=190
[M::hk_bmap_gen] generated 5266 beads
[M::hk_bmap_gen] 214350 bin pairs
[M::hk_bmap_gen] generated 5266 beads
[M::hk_bmap_gen] 214350 bin pairs
[M::blind-gpu] prepared pair buffers: n_diploid=5266 n_pairs=219474 n_block_keys=428856 n_steps=100
[I::fdg-gpu] blocklist CSR ready: edges=428856 avg_deg=81.44 max_deg=186
[M::hk_bmap_gen] generated 5266 beads
[M::hk_bmap_gen] 214284 bin pairs
[M::hk_bmap_gen] generated 5266 beads
[M::hk_bmap_gen] 214284 bin pairs
[M::blind-gpu] prepared pair buffers: n_diploid=5266 n_pairs=219405 n_block_keys=428718 n_steps=100
[I::fdg-gpu] blocklist CSR ready: edges=428718 avg_deg=81.41 max_deg=188
[M::hk_bmap_gen] generated 5266 beads
[M::hk_bmap_gen] 214165 bin pairs
[M::hk_bmap_gen] generated 5266 beads
[M::hk_bmap_gen] 214165 bin pairs
[M::blind-gpu] prepared pair buffers: n_diploid=5266 n_pairs=219283 n_block_keys=428476 n_steps=100
[I::fdg-gpu] blocklist CSR ready: edges=428476 avg_deg=81.37 max_deg=187
[M::hk_bmap_gen] generated 5266 beads
[M::hk_bmap_gen] 213963 bin pairs
[M::hk_bmap_gen] generated 5266 beads
[M::hk_bmap_gen] 213963 bin pairs
[M::blind-gpu] prepared pair buffers: n_diploid=5266 n_pairs=219086 n_block_keys=428080 n_steps=100
[I::fdg-gpu] blocklist CSR ready: edges=428080 avg_deg=81.29 max_deg=184
[M::hk_bmap_gen] generated 5266 beads
[M::hk_bmap_gen] 213881 bin pairs
[M::hk_bmap_gen] generated 5266 beads
[M::hk_bmap_gen] 213881 bin pairs
[M::blind-gpu] prepared pair buffers: n_diploid=5266 n_pairs=218989 n_block_keys=427890 n_steps=100
[I::fdg-gpu] blocklist CSR ready: edges=427890 avg_deg=81.26 max_deg=183
[M::hk_bmap_gen] generated 5266 beads
[M::hk_bmap_gen] 213756 bin pairs
[M::hk_bmap_gen] generated 5266 beads
[M::hk_bmap_gen] 213756 bin pairs
[M::blind-gpu] prepared pair buffers: n_diploid=5266 n_pairs=218858 n_block_keys=427632 n_steps=100
[I::fdg-gpu] blocklist CSR ready: edges=427632 avg_deg=81.21 max_deg=188
[M::hk_bmap_gen] generated 5266 beads
[M::hk_bmap_gen] 213735 bin pairs
[M::hk_bmap_gen] generated 5266 beads
[M::hk_bmap_gen] 213735 bin pairs
[M::blind-gpu] prepared pair buffers: n_diploid=5266 n_pairs=218839 n_block_keys=427592 n_steps=100
[I::fdg-gpu] blocklist CSR ready: edges=427592 avg_deg=81.20 max_deg=189
[M::hk_bmap_gen] generated 5266 beads
[M::hk_bmap_gen] 213539 bin pairs
[M::hk_bmap_gen] generated 5266 beads
[M::hk_bmap_gen] 213539 bin pairs
[M::blind-gpu] prepared pair buffers: n_diploid=5266 n_pairs=218642 n_block_keys=427196 n_steps=100
[I::fdg-gpu] blocklist CSR ready: edges=427196 avg_deg=81.12 max_deg=189
[M::hk_bmap_gen] generated 5266 beads
[M::hk_bmap_gen] 213414 bin pairs
[M::hk_bmap_gen] generated 5266 beads
[M::hk_bmap_gen] 213414 bin pairs
[M::blind-gpu] prepared pair buffers: n_diploid=5266 n_pairs=218517 n_block_keys=426948 n_steps=100
[I::fdg-gpu] blocklist CSR ready: edges=426948 avg_deg=81.08 max_deg=188
[M::hk_bmap_gen] generated 5266 beads
[M::hk_bmap_gen] 213222 bin pairs
[M::hk_bmap_gen] generated 5266 beads
[M::hk_bmap_gen] 213222 bin pairs
[M::blind-gpu] prepared pair buffers: n_diploid=5266 n_pairs=218334 n_block_keys=426580 n_steps=100
[I::fdg-gpu] blocklist CSR ready: edges=426580 avg_deg=81.01 max_deg=189
[M::hk_bmap_gen] generated 5266 beads
[M::hk_bmap_gen] 213002 bin pairs
[M::hk_bmap_gen] generated 5266 beads
[M::hk_bmap_gen] 213002 bin pairs
[M::blind-gpu] prepared pair buffers: n_diploid=5266 n_pairs=218115 n_block_keys=426140 n_steps=100
[I::fdg-gpu] blocklist CSR ready: edges=426140 avg_deg=80.92 max_deg=188
[M::hk_bmap_gen] generated 5266 beads
[M::hk_bmap_gen] 212877 bin pairs
[M::hk_bmap_gen] generated 5266 beads
[M::hk_bmap_gen] 212877 bin pairs
[M::blind-gpu] prepared pair buffers: n_diploid=5266 n_pairs=217981 n_block_keys=425874 n_steps=100
[I::fdg-gpu] blocklist CSR ready: edges=425874 avg_deg=80.87 max_deg=187
[M::hk_bmap_gen] generated 5266 beads
[M::hk_bmap_gen] 212797 bin pairs
[M::hk_bmap_gen] generated 5266 beads
[M::hk_bmap_gen] 212797 bin pairs
[M::blind-gpu] prepared pair buffers: n_diploid=5266 n_pairs=217915 n_block_keys=425744 n_steps=100
[I::fdg-gpu] blocklist CSR ready: edges=425744 avg_deg=80.85 max_deg=187
[M::hk_bmap_gen] generated 5266 beads
[M::hk_bmap_gen] 212677 bin pairs
[M::hk_bmap_gen] generated 5266 beads
[M::hk_bmap_gen] 212677 bin pairs
[M::blind-gpu] prepared pair buffers: n_diploid=5266 n_pairs=217787 n_block_keys=425490 n_steps=100
[I::fdg-gpu] blocklist CSR ready: edges=425490 avg_deg=80.80 max_deg=187
[M::hk_bmap_gen] generated 5266 beads
[M::hk_bmap_gen] 212515 bin pairs
[M::hk_bmap_gen] generated 5266 beads
[M::hk_bmap_gen] 212515 bin pairs
[M::blind-gpu] prepared pair buffers: n_diploid=5266 n_pairs=217622 n_block_keys=425158 n_steps=100
[I::fdg-gpu] blocklist CSR ready: edges=425158 avg_deg=80.74 max_deg=186
[M::hk_bmap_gen] generated 5266 beads
[M::hk_bmap_gen] 212482 bin pairs
[M::hk_bmap_gen] generated 5266 beads
[M::hk_bmap_gen] 212482 bin pairs
[M::blind-gpu] prepared pair buffers: n_diploid=5266 n_pairs=217587 n_block_keys=425090 n_steps=100
[I::fdg-gpu] blocklist CSR ready: edges=425090 avg_deg=80.72 max_deg=186
[M::hk_bmap_gen] generated 5266 beads
[M::hk_bmap_gen] 212469 bin pairs
[M::hk_bmap_gen] generated 5266 beads
[M::hk_bmap_gen] 212469 bin pairs
[M::blind-gpu] prepared pair buffers: n_diploid=5266 n_pairs=217580 n_block_keys=425078 n_steps=100
[I::fdg-gpu] blocklist CSR ready: edges=425078 avg_deg=80.72 max_deg=186
[M::hk_bmap_gen] generated 5266 beads
[M::hk_bmap_gen] 212414 bin pairs
[M::hk_bmap_gen] generated 5266 beads
[M::hk_bmap_gen] 212414 bin pairs
[M::blind-gpu] prepared pair buffers: n_diploid=5266 n_pairs=217526 n_block_keys=424970 n_steps=100
[I::fdg-gpu] blocklist CSR ready: edges=424970 avg_deg=80.70 max_deg=187
[M::hk_bmap_gen] generated 5266 beads
[M::hk_bmap_gen] 212358 bin pairs
[M::hk_bmap_gen] generated 5266 beads
[M::hk_bmap_gen] 212358 bin pairs
[M::blind-gpu] prepared pair buffers: n_diploid=5266 n_pairs=217471 n_block_keys=424862 n_steps=100
[I::fdg-gpu] blocklist CSR ready: edges=424862 avg_deg=80.68 max_deg=187
[M::hk_bmap_gen] generated 5266 beads
[M::hk_bmap_gen] 212252 bin pairs
[M::hk_bmap_gen] generated 5266 beads
[M::hk_bmap_gen] 212252 bin pairs
[M::blind-gpu] prepared pair buffers: n_diploid=5266 n_pairs=217370 n_block_keys=424658 n_steps=100
[I::fdg-gpu] blocklist CSR ready: edges=424658 avg_deg=80.64 max_deg=187
[M::hk_bmap_gen] generated 5266 beads
[M::hk_bmap_gen] 212207 bin pairs
[M::hk_bmap_gen] generated 5266 beads
[M::hk_bmap_gen] 212207 bin pairs
[M::blind-gpu] prepared pair buffers: n_diploid=5266 n_pairs=217315 n_block_keys=424548 n_steps=100
[I::fdg-gpu] blocklist CSR ready: edges=424548 avg_deg=80.62 max_deg=186
[M::hk_bmap_gen] generated 5266 beads
[M::hk_bmap_gen] 212204 bin pairs
[M::hk_bmap_gen] generated 5266 beads
[M::hk_bmap_gen] 212204 bin pairs
[M::blind-gpu] prepared pair buffers: n_diploid=5266 n_pairs=217310 n_block_keys=424540 n_steps=100
[I::fdg-gpu] blocklist CSR ready: edges=424540 avg_deg=80.62 max_deg=186
[M::hk_bmap_gen] generated 5266 beads
[M::hk_bmap_gen] 212233 bin pairs
[M::hk_bmap_gen] generated 5266 beads
[M::hk_bmap_gen] 212233 bin pairs
[M::blind-gpu] prepared pair buffers: n_diploid=5266 n_pairs=217334 n_block_keys=424584 n_steps=100
[I::fdg-gpu] blocklist CSR ready: edges=424584 avg_deg=80.63 max_deg=186
[M::hk_bmap_gen] generated 5266 beads
[M::hk_bmap_gen] 212205 bin pairs
[M::hk_bmap_gen] generated 5266 beads
[M::hk_bmap_gen] 212205 bin pairs
[M::blind-gpu] prepared pair buffers: n_diploid=5266 n_pairs=217300 n_block_keys=424514 n_steps=100
[I::fdg-gpu] blocklist CSR ready: edges=424514 avg_deg=80.61 max_deg=188
[M::hk_bmap_gen] generated 5266 beads
[M::hk_bmap_gen] 212153 bin pairs
[M::hk_bmap_gen] generated 5266 beads
[M::hk_bmap_gen] 212153 bin pairs
[M::blind-gpu] prepared pair buffers: n_diploid=5266 n_pairs=217261 n_block_keys=424436 n_steps=100
[I::fdg-gpu] blocklist CSR ready: edges=424436 avg_deg=80.60 max_deg=188
[M::hk_bmap_gen] generated 5266 beads
[M::hk_bmap_gen] 212132 bin pairs
[M::hk_bmap_gen] generated 5266 beads
[M::hk_bmap_gen] 212132 bin pairs
[M::blind-gpu] prepared pair buffers: n_diploid=5266 n_pairs=217234 n_block_keys=424384 n_steps=100
[I::fdg-gpu] blocklist CSR ready: edges=424384 avg_deg=80.59 max_deg=188
[M::hk_bmap_gen] generated 5266 beads
[M::hk_bmap_gen] 212141 bin pairs
[M::hk_bmap_gen] generated 5266 beads
[M::hk_bmap_gen] 212141 bin pairs
[M::blind-gpu] prepared pair buffers: n_diploid=5266 n_pairs=217242 n_block_keys=424400 n_steps=100
[I::fdg-gpu] blocklist CSR ready: edges=424400 avg_deg=80.59 max_deg=189
[M::hk_bmap_gen] generated 5266 beads
[M::hk_bmap_gen] 212057 bin pairs
[M::hk_bmap_gen] generated 5266 beads
[M::hk_bmap_gen] 212057 bin pairs
[M::blind-gpu] prepared pair buffers: n_diploid=5266 n_pairs=217156 n_block_keys=424228 n_steps=100
[I::fdg-gpu] blocklist CSR ready: edges=424228 avg_deg=80.56 max_deg=189
[M::hk_bmap_gen] generated 5266 beads
[M::hk_bmap_gen] 212050 bin pairs
[M::hk_bmap_gen] generated 5266 beads
[M::hk_bmap_gen] 212050 bin pairs
[M::blind-gpu] prepared pair buffers: n_diploid=5266 n_pairs=217150 n_block_keys=424216 n_steps=100
[I::fdg-gpu] blocklist CSR ready: edges=424216 avg_deg=80.56 max_deg=189
[M::hk_bmap_gen] generated 5266 beads
[M::hk_bmap_gen] 211976 bin pairs
[M::hk_bmap_gen] generated 5266 beads
[M::hk_bmap_gen] 211976 bin pairs
[M::blind-gpu] prepared pair buffers: n_diploid=5266 n_pairs=217067 n_block_keys=424050 n_steps=100
[I::fdg-gpu] blocklist CSR ready: edges=424050 avg_deg=80.53 max_deg=190
[M::hk_bmap_gen] generated 5266 beads
[M::hk_bmap_gen] 211912 bin pairs
[M::hk_bmap_gen] generated 5266 beads
[M::hk_bmap_gen] 211912 bin pairs
[M::blind-gpu] prepared pair buffers: n_diploid=5266 n_pairs=217012 n_block_keys=423940 n_steps=100
[I::fdg-gpu] blocklist CSR ready: edges=423940 avg_deg=80.51 max_deg=191
[M::hk_bmap_gen] generated 5266 beads
[M::hk_bmap_gen] 211814 bin pairs
[M::hk_bmap_gen] generated 5266 beads
[M::hk_bmap_gen] 211814 bin pairs
[M::blind-gpu] prepared pair buffers: n_diploid=5266 n_pairs=216919 n_block_keys=423754 n_steps=100
[I::fdg-gpu] blocklist CSR ready: edges=423754 avg_deg=80.47 max_deg=192
[M::hk_bmap_gen] generated 5266 beads
[M::hk_bmap_gen] 211694 bin pairs
[M::hk_bmap_gen] generated 5266 beads
[M::hk_bmap_gen] 211694 bin pairs
[M::blind-gpu] prepared pair buffers: n_diploid=5266 n_pairs=216807 n_block_keys=423530 n_steps=100
[I::fdg-gpu] blocklist CSR ready: edges=423530 avg_deg=80.43 max_deg=190
[M::hk_bmap_gen] generated 5266 beads
[M::hk_bmap_gen] 211604 bin pairs
[M::hk_bmap_gen] generated 5266 beads
[M::hk_bmap_gen] 211604 bin pairs
[M::blind-gpu] prepared pair buffers: n_diploid=5266 n_pairs=216722 n_block_keys=423360 n_steps=100
[I::fdg-gpu] blocklist CSR ready: edges=423360 avg_deg=80.39 max_deg=190
[M::hk_bmap_gen] generated 5266 beads
[M::hk_bmap_gen] 211537 bin pairs
[M::hk_bmap_gen] generated 5266 beads
[M::hk_bmap_gen] 211537 bin pairs
[M::blind-gpu] prepared pair buffers: n_diploid=5266 n_pairs=216652 n_block_keys=423220 n_steps=100
[I::fdg-gpu] blocklist CSR ready: edges=423220 avg_deg=80.37 max_deg=190
[M::hk_bmap_gen] generated 5266 beads
[M::hk_bmap_gen] 211481 bin pairs
[M::hk_bmap_gen] generated 5266 beads
[M::hk_bmap_gen] 211481 bin pairs
[M::blind-gpu] prepared pair buffers: n_diploid=5266 n_pairs=216593 n_block_keys=423102 n_steps=100
[I::fdg-gpu] blocklist CSR ready: edges=423102 avg_deg=80.35 max_deg=190
[M::hk_bmap_gen] generated 5266 beads
[M::hk_bmap_gen] 211469 bin pairs
[M::hk_bmap_gen] generated 5266 beads
[M::hk_bmap_gen] 211469 bin pairs
[M::blind-gpu] prepared pair buffers: n_diploid=5266 n_pairs=216583 n_block_keys=423082 n_steps=100
[I::fdg-gpu] blocklist CSR ready: edges=423082 avg_deg=80.34 max_deg=189
[M::hk_bmap_gen] generated 5266 beads
[M::hk_bmap_gen] 211432 bin pairs
[M::hk_bmap_gen] generated 5266 beads
[M::hk_bmap_gen] 211432 bin pairs
[M::blind-gpu] prepared pair buffers: n_diploid=5266 n_pairs=216541 n_block_keys=422996 n_steps=100
[I::fdg-gpu] blocklist CSR ready: edges=422996 avg_deg=80.33 max_deg=189
[M::hk_bmap_gen] generated 5266 beads
[M::hk_bmap_gen] 211347 bin pairs
[M::hk_bmap_gen] generated 5266 beads
[M::hk_bmap_gen] 211347 bin pairs
[M::blind-gpu] prepared pair buffers: n_diploid=5266 n_pairs=216460 n_block_keys=422834 n_steps=100
[I::fdg-gpu] blocklist CSR ready: edges=422834 avg_deg=80.30 max_deg=189
[M::hk_bmap_gen] generated 5266 beads
[M::hk_bmap_gen] 211236 bin pairs
[M::hk_bmap_gen] generated 5266 beads
[M::hk_bmap_gen] 211236 bin pairs
[M::blind-gpu] prepared pair buffers: n_diploid=5266 n_pairs=216359 n_block_keys=422634 n_steps=100
[I::fdg-gpu] blocklist CSR ready: edges=422634 avg_deg=80.26 max_deg=189
[M::hk_bmap_gen] generated 5266 beads
[M::hk_bmap_gen] 211160 bin pairs
[M::hk_bmap_gen] generated 5266 beads
[M::hk_bmap_gen] 211160 bin pairs
[M::blind-gpu] prepared pair buffers: n_diploid=5266 n_pairs=216280 n_block_keys=422474 n_steps=100
[I::fdg-gpu] blocklist CSR ready: edges=422474 avg_deg=80.23 max_deg=189
[M::hk_bmap_gen] generated 5266 beads
[M::hk_bmap_gen] 211060 bin pairs
[M::hk_bmap_gen] generated 5266 beads
[M::hk_bmap_gen] 211060 bin pairs
[M::blind-gpu] prepared pair buffers: n_diploid=5266 n_pairs=216173 n_block_keys=422260 n_steps=100
[I::fdg-gpu] blocklist CSR ready: edges=422260 avg_deg=80.19 max_deg=188
[M::hk_bmap_gen] generated 5266 beads
[M::hk_bmap_gen] 210990 bin pairs
[M::hk_bmap_gen] generated 5266 beads
[M::hk_bmap_gen] 210990 bin pairs
[M::blind-gpu] prepared pair buffers: n_diploid=5266 n_pairs=216104 n_block_keys=422122 n_steps=100
[I::fdg-gpu] blocklist CSR ready: edges=422122 avg_deg=80.16 max_deg=188
[M::hk_bmap_gen] generated 5266 beads
[M::hk_bmap_gen] 210809 bin pairs
[M::hk_bmap_gen] generated 5266 beads
[M::hk_bmap_gen] 210809 bin pairs
[M::blind-gpu] prepared pair buffers: n_diploid=5266 n_pairs=215920 n_block_keys=421754 n_steps=100
[I::fdg-gpu] blocklist CSR ready: edges=421754 avg_deg=80.09 max_deg=187
[M::hk_bmap_gen] generated 5266 beads
[M::hk_bmap_gen] 210725 bin pairs
[M::hk_bmap_gen] generated 5266 beads
[M::hk_bmap_gen] 210725 bin pairs
[M::blind-gpu] prepared pair buffers: n_diploid=5266 n_pairs=215841 n_block_keys=421596 n_steps=100
[I::fdg-gpu] blocklist CSR ready: edges=421596 avg_deg=80.06 max_deg=185
[M::hk_bmap_gen] generated 5266 beads
[M::hk_bmap_gen] 210677 bin pairs
[M::hk_bmap_gen] generated 5266 beads
[M::hk_bmap_gen] 210677 bin pairs
[M::blind-gpu] prepared pair buffers: n_diploid=5266 n_pairs=215793 n_block_keys=421500 n_steps=100
[I::fdg-gpu] blocklist CSR ready: edges=421500 avg_deg=80.04 max_deg=187
[M::hk_bmap_gen] generated 5266 beads
[M::hk_bmap_gen] 210644 bin pairs
[M::hk_bmap_gen] generated 5266 beads
[M::hk_bmap_gen] 210644 bin pairs
[M::blind-gpu] prepared pair buffers: n_diploid=5266 n_pairs=215769 n_block_keys=421452 n_steps=100
[I::fdg-gpu] blocklist CSR ready: edges=421452 avg_deg=80.03 max_deg=187
[M::hk_bmap_gen] generated 5266 beads
[M::hk_bmap_gen] 210584 bin pairs
[M::hk_bmap_gen] generated 5266 beads
[M::hk_bmap_gen] 210584 bin pairs
[M::blind-gpu] prepared pair buffers: n_diploid=5266 n_pairs=215710 n_block_keys=421334 n_steps=100
[I::fdg-gpu] blocklist CSR ready: edges=421334 avg_deg=80.01 max_deg=187
[M::hk_bmap_gen] generated 5266 beads
[M::hk_bmap_gen] 210482 bin pairs
[M::hk_bmap_gen] generated 5266 beads
[M::hk_bmap_gen] 210482 bin pairs
[M::blind-gpu] prepared pair buffers: n_diploid=5266 n_pairs=215612 n_block_keys=421140 n_steps=100
[I::fdg-gpu] blocklist CSR ready: edges=421140 avg_deg=79.97 max_deg=187
[M::hk_bmap_gen] generated 5266 beads
[M::hk_bmap_gen] 210379 bin pairs
[M::hk_bmap_gen] generated 5266 beads
[M::hk_bmap_gen] 210379 bin pairs
[M::blind-gpu] prepared pair buffers: n_diploid=5266 n_pairs=215506 n_block_keys=420928 n_steps=100
[I::fdg-gpu] blocklist CSR ready: edges=420928 avg_deg=79.93 max_deg=187
[M::hk_bmap_gen] generated 5266 beads
[M::hk_bmap_gen] 210356 bin pairs
[M::hk_bmap_gen] generated 5266 beads
[M::hk_bmap_gen] 210356 bin pairs
[M::blind-gpu] prepared pair buffers: n_diploid=5266 n_pairs=215485 n_block_keys=420886 n_steps=100
[I::fdg-gpu] blocklist CSR ready: edges=420886 avg_deg=79.93 max_deg=187
[M::hk_bmap_gen] generated 5266 beads
[M::hk_bmap_gen] 210286 bin pairs
[M::hk_bmap_gen] generated 5266 beads
[M::hk_bmap_gen] 210286 bin pairs
[M::blind-gpu] prepared pair buffers: n_diploid=5266 n_pairs=215415 n_block_keys=420746 n_steps=100
[I::fdg-gpu] blocklist CSR ready: edges=420746 avg_deg=79.90 max_deg=188
[M::hk_bmap_gen] generated 5266 beads
[M::hk_bmap_gen] 210246 bin pairs
[M::hk_bmap_gen] generated 5266 beads
[M::hk_bmap_gen] 210246 bin pairs
[M::blind-gpu] prepared pair buffers: n_diploid=5266 n_pairs=215380 n_block_keys=420676 n_steps=100
[I::fdg-gpu] blocklist CSR ready: edges=420676 avg_deg=79.89 max_deg=188
[M::hk_bmap_gen] generated 5266 beads
[M::hk_bmap_gen] 210252 bin pairs
[M::hk_bmap_gen] generated 5266 beads
[M::hk_bmap_gen] 210252 bin pairs
[M::blind-gpu] prepared pair buffers: n_diploid=5266 n_pairs=215385 n_block_keys=420686 n_steps=100
[I::fdg-gpu] blocklist CSR ready: edges=420686 avg_deg=79.89 max_deg=189
[M::hk_bmap_gen] generated 5266 beads
[M::hk_bmap_gen] 210195 bin pairs
[M::hk_bmap_gen] generated 5266 beads
[M::hk_bmap_gen] 210195 bin pairs
[M::blind-gpu] prepared pair buffers: n_diploid=5266 n_pairs=215320 n_block_keys=420556 n_steps=100
[I::fdg-gpu] blocklist CSR ready: edges=420556 avg_deg=79.86 max_deg=189
[M::hk_bmap_gen] generated 5266 beads
[M::hk_bmap_gen] 210157 bin pairs
[M::hk_bmap_gen] generated 5266 beads
[M::hk_bmap_gen] 210157 bin pairs
[M::blind-gpu] prepared pair buffers: n_diploid=5266 n_pairs=215284 n_block_keys=420484 n_steps=100
[I::fdg-gpu] blocklist CSR ready: edges=420484 avg_deg=79.85 max_deg=189
[M::hk_bmap_gen] generated 5266 beads
[M::hk_bmap_gen] 210137 bin pairs
[M::hk_bmap_gen] generated 5266 beads
[M::hk_bmap_gen] 210137 bin pairs
[M::blind-gpu] prepared pair buffers: n_diploid=5266 n_pairs=215261 n_block_keys=420438 n_steps=100
[I::fdg-gpu] blocklist CSR ready: edges=420438 avg_deg=79.84 max_deg=189
[M::hk_bmap_gen] generated 5266 beads
[M::hk_bmap_gen] 210080 bin pairs
[M::hk_bmap_gen] generated 5266 beads
[M::hk_bmap_gen] 210080 bin pairs
[M::blind-gpu] prepared pair buffers: n_diploid=5266 n_pairs=215204 n_block_keys=420324 n_steps=100
[I::fdg-gpu] blocklist CSR ready: edges=420324 avg_deg=79.82 max_deg=189
[M::hk_bmap_gen] generated 5266 beads
[M::hk_bmap_gen] 210083 bin pairs
[M::hk_bmap_gen] generated 5266 beads
[M::hk_bmap_gen] 210083 bin pairs
[M::blind-gpu] prepared pair buffers: n_diploid=5266 n_pairs=215204 n_block_keys=420324 n_steps=100
[I::fdg-gpu] blocklist CSR ready: edges=420324 avg_deg=79.82 max_deg=189
[M::hk_bmap_gen] generated 5266 beads
[M::hk_bmap_gen] 210086 bin pairs
[M::hk_bmap_gen] generated 5266 beads
[M::hk_bmap_gen] 210086 bin pairs
[M::blind-gpu] prepared pair buffers: n_diploid=5266 n_pairs=215211 n_block_keys=420338 n_steps=100
[I::fdg-gpu] blocklist CSR ready: edges=420338 avg_deg=79.82 max_deg=189
[M::hk_bmap_gen] generated 5266 beads
[M::hk_bmap_gen] 210077 bin pairs
[M::hk_bmap_gen] generated 5266 beads
[M::hk_bmap_gen] 210077 bin pairs
[M::blind-gpu] prepared pair buffers: n_diploid=5266 n_pairs=215204 n_block_keys=420324 n_steps=100
[I::fdg-gpu] blocklist CSR ready: edges=420324 avg_deg=79.82 max_deg=189
[M::hk_bmap_gen] generated 5266 beads
[M::hk_bmap_gen] 210080 bin pairs
[M::hk_bmap_gen] generated 5266 beads
[M::hk_bmap_gen] 210080 bin pairs
[M::blind-gpu] prepared pair buffers: n_diploid=5266 n_pairs=215209 n_block_keys=420334 n_steps=100
[I::fdg-gpu] blocklist CSR ready: edges=420334 avg_deg=79.82 max_deg=189
[M::hk_bmap_gen] generated 5266 beads
[M::hk_bmap_gen] 210070 bin pairs
[M::hk_bmap_gen] generated 5266 beads
[M::hk_bmap_gen] 210070 bin pairs
[M::blind-gpu] prepared pair buffers: n_diploid=5266 n_pairs=215193 n_block_keys=420304 n_steps=100
[I::fdg-gpu] blocklist CSR ready: edges=420304 avg_deg=79.81 max_deg=188
[M::hk_bmap_gen] generated 5266 beads
[M::hk_bmap_gen] 210092 bin pairs
[M::hk_bmap_gen] generated 5266 beads
[M::hk_bmap_gen] 210092 bin pairs
[M::blind-gpu] prepared pair buffers: n_diploid=5266 n_pairs=215213 n_block_keys=420344 n_steps=100
[I::fdg-gpu] blocklist CSR ready: edges=420344 avg_deg=79.82 max_deg=188
[M::hk_bmap_gen] generated 5266 beads
[M::hk_bmap_gen] 210067 bin pairs
[M::hk_bmap_gen] generated 5266 beads
[M::hk_bmap_gen] 210067 bin pairs
[M::blind-gpu] prepared pair buffers: n_diploid=5266 n_pairs=215194 n_block_keys=420308 n_steps=100
[I::fdg-gpu] blocklist CSR ready: edges=420308 avg_deg=79.82 max_deg=188
[M::hk_bmap_gen] generated 5266 beads
[M::hk_bmap_gen] 210044 bin pairs
[M::hk_bmap_gen] generated 5266 beads
[M::hk_bmap_gen] 210044 bin pairs
[M::blind-gpu] prepared pair buffers: n_diploid=5266 n_pairs=215172 n_block_keys=420264 n_steps=100
[I::fdg-gpu] blocklist CSR ready: edges=420264 avg_deg=79.81 max_deg=188
[M::hk_bmap_gen] generated 5266 beads
[M::hk_bmap_gen] 210036 bin pairs
[M::hk_bmap_gen] generated 5266 beads
[M::hk_bmap_gen] 210036 bin pairs
[M::blind-gpu] prepared pair buffers: n_diploid=5266 n_pairs=215170 n_block_keys=420260 n_steps=100
[I::fdg-gpu] blocklist CSR ready: edges=420260 avg_deg=79.81 max_deg=188
[M::hk_bmap_gen] generated 5266 beads
[M::hk_bmap_gen] 210041 bin pairs
[M::hk_bmap_gen] generated 5266 beads
[M::hk_bmap_gen] 210041 bin pairs
[M::blind-gpu] prepared pair buffers: n_diploid=5266 n_pairs=215177 n_block_keys=420274 n_steps=100
[I::fdg-gpu] blocklist CSR ready: edges=420274 avg_deg=79.81 max_deg=190
[M::hk_bmap_gen] generated 5266 beads
[M::hk_bmap_gen] 210049 bin pairs
[M::hk_bmap_gen] generated 5266 beads
[M::hk_bmap_gen] 210049 bin pairs
[M::blind-gpu] prepared pair buffers: n_diploid=5266 n_pairs=215186 n_block_keys=420292 n_steps=100
[I::fdg-gpu] blocklist CSR ready: edges=420292 avg_deg=79.81 max_deg=190
[M::hk_bmap_gen] generated 5266 beads
[M::hk_bmap_gen] 210048 bin pairs
[M::hk_bmap_gen] generated 5266 beads
[M::hk_bmap_gen] 210048 bin pairs
[M::blind-gpu] prepared pair buffers: n_diploid=5266 n_pairs=215178 n_block_keys=420276 n_steps=100
[I::fdg-gpu] blocklist CSR ready: edges=420276 avg_deg=79.81 max_deg=191
[M::hk_bmap_gen] generated 5266 beads
[M::hk_bmap_gen] 210017 bin pairs
[M::hk_bmap_gen] generated 5266 beads
[M::hk_bmap_gen] 210017 bin pairs
[M::blind-gpu] prepared pair buffers: n_diploid=5266 n_pairs=215144 n_block_keys=420208 n_steps=100
[I::fdg-gpu] blocklist CSR ready: edges=420208 avg_deg=79.80 max_deg=189
[M::hk_bmap_gen] generated 5266 beads
[M::hk_bmap_gen] 209983 bin pairs
[M::hk_bmap_gen] generated 5266 beads
[M::hk_bmap_gen] 209983 bin pairs
[M::blind-gpu] prepared pair buffers: n_diploid=5266 n_pairs=215109 n_block_keys=420138 n_steps=100
[I::fdg-gpu] blocklist CSR ready: edges=420138 avg_deg=79.78 max_deg=189
[M::hk_bmap_gen] generated 5266 beads
[M::hk_bmap_gen] 209972 bin pairs
[M::hk_bmap_gen] generated 5266 beads
[M::hk_bmap_gen] 209972 bin pairs
[M::blind-gpu] prepared pair buffers: n_diploid=5266 n_pairs=215095 n_block_keys=420110 n_steps=100
[I::fdg-gpu] blocklist CSR ready: edges=420110 avg_deg=79.78 max_deg=189
[M::hk_bmap_gen] generated 5266 beads
[M::hk_bmap_gen] 209996 bin pairs
[M::hk_bmap_gen] generated 5266 beads
[M::hk_bmap_gen] 209996 bin pairs
[M::blind-gpu] prepared pair buffers: n_diploid=5266 n_pairs=215118 n_block_keys=420156 n_steps=100
[I::fdg-gpu] blocklist CSR ready: edges=420156 avg_deg=79.79 max_deg=189
[M::hk_bmap_gen] generated 5266 beads
[M::hk_bmap_gen] 209990 bin pairs
[M::hk_bmap_gen] generated 5266 beads
[M::hk_bmap_gen] 209990 bin pairs
[M::blind-gpu] prepared pair buffers: n_diploid=5266 n_pairs=215109 n_block_keys=420138 n_steps=100
[I::fdg-gpu] blocklist CSR ready: edges=420138 avg_deg=79.78 max_deg=189
[M::hk_bmap_gen] generated 5266 beads
[M::hk_bmap_gen] 210007 bin pairs
[M::hk_bmap_gen] generated 5266 beads
[M::hk_bmap_gen] 210007 bin pairs
[M::blind-gpu] prepared pair buffers: n_diploid=5266 n_pairs=215127 n_block_keys=420174 n_steps=100
[I::fdg-gpu] blocklist CSR ready: edges=420174 avg_deg=79.79 max_deg=189
[M::hk_bmap_gen] generated 5266 beads
[M::hk_bmap_gen] 209988 bin pairs
[M::hk_bmap_gen] generated 5266 beads
[M::hk_bmap_gen] 209988 bin pairs
[M::blind-gpu] prepared pair buffers: n_diploid=5266 n_pairs=215108 n_block_keys=420136 n_steps=100
[I::fdg-gpu] blocklist CSR ready: edges=420136 avg_deg=79.78 max_deg=189
[M::hk_bmap_gen] generated 5266 beads
[M::hk_bmap_gen] 210004 bin pairs
[M::hk_bmap_gen] generated 5266 beads
[M::hk_bmap_gen] 210004 bin pairs
[M::blind-gpu] prepared pair buffers: n_diploid=5266 n_pairs=215122 n_block_keys=420164 n_steps=100
[I::fdg-gpu] blocklist CSR ready: edges=420164 avg_deg=79.79 max_deg=189
minimal P9016[1m]: write outputs to /mnt/ssd/zliu/phase3/test_res/048-20260620_092323-p9016_callable_anchor_mstep_1m/outputs/p9016_samecross_m0p25_p1_w10_seed71_best035/p9016_samecross_m0p25_p1_w10_seed71_best035
[M::hk_bmap_gen] generated 5266 beads
[M::hk_bmap_gen] 210009 bin pairs
[M::hk_bmap_gen] generated 5266 beads
[M::hk_bmap_gen] 210009 bin pairs
minimal P9016[1m]: status=OK final_entropy=0.68531084 final_pU=0.49434727
minimal P9016: summary /mnt/ssd/zliu/phase3/test_res/048-20260620_092323-p9016_callable_anchor_mstep_1m/outputs/p9016_samecross_m0p25_p1_w10_seed71_best035/matrix_summary.tsv
