FULL_RESULT_ROOT=/mnt/ssd/zliu/phase3/test_res/048-20260620_092323-p9016_callable_anchor_mstep_1m
LIGHT_RESULT_ROOT=/mnt/ssd/zliu/phase3/hickit/result/048-20260620_092323-p9016_callable_anchor_mstep_1m
rm -rf /mnt/ssd/zliu/phase3/test_res/smoke/hk_blind_p9016_minimal_audit_smoke
mkdir -p /mnt/ssd/zliu/phase3/test_res/smoke
env -i PATH="$PATH" LD_LIBRARY_PATH="$LD_LIBRARY_PATH" \
HK_BLIND_P9016_PAIRS=testdata/p9016_blind_smoke.pairs \
HK_BLIND_P9016_ALLOW_CUSTOM_PAIRS=1 \
HK_BLIND_P9016_OUTPUT_ROOT=/mnt/ssd/zliu/phase3/test_res/smoke/hk_blind_p9016_minimal_audit_smoke \
HK_BLIND_P9016_CONFIG_NAME=minimal_soft_sep_off \
HK_BLIND_P9016_BIN_SIZE_BP=1000000 \
HK_BLIND_P9016_MINIMAL_N_ITER=1 \
HK_BLIND_P9016_MINIMAL_RELAX_STEPS=1 \
HK_BLIND_P9016_INIT_EPS=0.5 \
HK_BLIND_P9016_INIT_NOISE_SCALE=0.0 \
HK_BLIND_P9016_MIN_SEP_UNIT=0.0 \
HK_BLIND_P9016_LAMBDA_SEP=0.0 \
HK_BLIND_P9016_INIT_SEED=17 \
./run_blind_p9016_minimal.bin
HK_BLIND_AUDIT_ALLOW_CUSTOM_RAW_PAIRS=1 ./audit_blind_p9016_full_cpu_output.bin /mnt/ssd/zliu/phase3/test_res/smoke/hk_blind_p9016_minimal_audit_smoke/minimal_soft_sep_off
/usr/local/cuda/bin/nvcc -c -O3   fdg_gpu.cu -o fdg_gpu.o
cc -g -Wall -O2 -Wc++-compat -fno-fast-math -fno-unsafe-math-optimizations    run_blind_p9016_minimal.c sdict.o io.o pair.o count.o phase.o bin.o blind.o fdg.o image.o view3d.o fdg_gpu.o -o run_blind_p9016_minimal.bin -L/usr/local/cuda/targets/x86_64-linux/lib -Wl,-rpath,/usr/local/cuda/targets/x86_64-linux/lib -lm -lz -lcudart -lstdc++
make: 'audit_blind_p9016_full_cpu_output.bin' is up to date.
CONFIG_START=p9016_callable_anchor_off_seed17_noise0_best035 seed=17 noise=0 callable=off top_frac=0 mix=0 chrpair_lambda=0 chrpair_mode=state4
CONFIG_START=p9016_callable_anchor_off_seed71_noise0p05_best035 seed=71 noise=0.05 callable=off top_frac=0 mix=0 chrpair_lambda=0 chrpair_mode=state4
CONFIG_START=p9016_callable_negent_t0p01_m0p05_w10_seed17_best035 seed=17 noise=0 callable=neg_entropy top_frac=0.01 mix=0.05 chrpair_lambda=0 chrpair_mode=state4
CONFIG_START=p9016_callable_negent_t0p02_m0p05_w10_seed17_best035 seed=17 noise=0 callable=neg_entropy top_frac=0.02 mix=0.05 chrpair_lambda=0 chrpair_mode=state4
CONFIG_START=p9016_callable_negent_t0p05_m0p05_w10_seed17_best035 seed=17 noise=0 callable=neg_entropy top_frac=0.05 mix=0.05 chrpair_lambda=0 chrpair_mode=state4
CONFIG_START=p9016_callable_negent_t0p10_m0p05_w10_seed17_best035 seed=17 noise=0 callable=neg_entropy top_frac=0.10 mix=0.05 chrpair_lambda=0 chrpair_mode=state4
CONFIG_START=p9016_callable_negent_t0p01_m0p10_w10_seed17_best035 seed=17 noise=0 callable=neg_entropy top_frac=0.01 mix=0.10 chrpair_lambda=0 chrpair_mode=state4
CONFIG_START=p9016_callable_negent_t0p02_m0p10_w10_seed17_best035 seed=17 noise=0 callable=neg_entropy top_frac=0.02 mix=0.10 chrpair_lambda=0 chrpair_mode=state4
CONFIG_START=p9016_callable_negent_t0p05_m0p10_w10_seed17_best035 seed=17 noise=0 callable=neg_entropy top_frac=0.05 mix=0.10 chrpair_lambda=0 chrpair_mode=state4
CONFIG_START=p9016_callable_negent_t0p10_m0p10_w10_seed17_best035 seed=17 noise=0 callable=neg_entropy top_frac=0.10 mix=0.10 chrpair_lambda=0 chrpair_mode=state4
CONFIG_DONE=p9016_callable_anchor_off_seed17_noise0_best035
CONFIG_START=p9016_callable_negent_t0p01_m0p05_w10_seed71_best035 seed=71 noise=0.05 callable=neg_entropy top_frac=0.01 mix=0.05 chrpair_lambda=0 chrpair_mode=state4
CONFIG_DONE=p9016_callable_anchor_off_seed71_noise0p05_best035
CONFIG_START=p9016_callable_negent_t0p02_m0p05_w10_seed71_best035 seed=71 noise=0.05 callable=neg_entropy top_frac=0.02 mix=0.05 chrpair_lambda=0 chrpair_mode=state4
CONFIG_DONE=p9016_callable_negent_t0p10_m0p05_w10_seed17_best035
CONFIG_START=p9016_callable_negent_t0p05_m0p05_w10_seed71_best035 seed=71 noise=0.05 callable=neg_entropy top_frac=0.05 mix=0.05 chrpair_lambda=0 chrpair_mode=state4
CONFIG_DONE=p9016_callable_negent_t0p05_m0p10_w10_seed17_best035
CONFIG_START=p9016_callable_negent_t0p10_m0p05_w10_seed71_best035 seed=71 noise=0.05 callable=neg_entropy top_frac=0.10 mix=0.05 chrpair_lambda=0 chrpair_mode=state4
CONFIG_DONE=p9016_callable_negent_t0p02_m0p10_w10_seed17_best035
CONFIG_START=p9016_callable_negent_t0p01_m0p10_w10_seed71_best035 seed=71 noise=0.05 callable=neg_entropy top_frac=0.01 mix=0.10 chrpair_lambda=0 chrpair_mode=state4
CONFIG_DONE=p9016_callable_negent_t0p10_m0p10_w10_seed17_best035
CONFIG_START=p9016_callable_negent_t0p02_m0p10_w10_seed71_best035 seed=71 noise=0.05 callable=neg_entropy top_frac=0.02 mix=0.10 chrpair_lambda=0 chrpair_mode=state4
CONFIG_DONE=p9016_callable_negent_t0p05_m0p05_w10_seed17_best035
CONFIG_START=p9016_callable_negent_t0p05_m0p10_w10_seed71_best035 seed=71 noise=0.05 callable=neg_entropy top_frac=0.05 mix=0.10 chrpair_lambda=0 chrpair_mode=state4
CONFIG_DONE=p9016_callable_negent_t0p01_m0p10_w10_seed17_best035
CONFIG_START=p9016_callable_negent_t0p10_m0p10_w10_seed71_best035 seed=71 noise=0.05 callable=neg_entropy top_frac=0.10 mix=0.10 chrpair_lambda=0 chrpair_mode=state4
CONFIG_DONE=p9016_callable_negent_t0p02_m0p05_w10_seed17_best035
CONFIG_START=p9016_samecross_m0p25_p1_w10_seed17_best035 seed=17 noise=0 callable=off top_frac=0 mix=0 chrpair_lambda=0.25 chrpair_mode=same_cross
CONFIG_DONE=p9016_callable_negent_t0p01_m0p05_w10_seed17_best035
CONFIG_START=p9016_samecross_m0p50_p1_w10_seed17_best035 seed=17 noise=0 callable=off top_frac=0 mix=0 chrpair_lambda=0.50 chrpair_mode=same_cross
CONFIG_DONE=p9016_callable_negent_t0p10_m0p05_w10_seed71_best035
CONFIG_START=p9016_samecross_m0p25_p1_w10_seed71_best035 seed=71 noise=0.05 callable=off top_frac=0 mix=0 chrpair_lambda=0.25 chrpair_mode=same_cross
CONFIG_DONE=p9016_callable_negent_t0p01_m0p05_w10_seed71_best035
CONFIG_START=p9016_samecross_m0p50_p1_w10_seed71_best035 seed=71 noise=0.05 callable=off top_frac=0 mix=0 chrpair_lambda=0.50 chrpair_mode=same_cross
CONFIG_DONE=p9016_callable_negent_t0p05_m0p05_w10_seed71_best035
CONFIG_DONE=p9016_callable_negent_t0p02_m0p05_w10_seed71_best035
CONFIG_DONE=p9016_callable_negent_t0p01_m0p10_w10_seed71_best035
CONFIG_DONE=p9016_callable_negent_t0p10_m0p10_w10_seed71_best035
CONFIG_DONE=p9016_samecross_m0p25_p1_w10_seed17_best035
CONFIG_DONE=p9016_samecross_m0p50_p1_w10_seed17_best035
CONFIG_DONE=p9016_callable_negent_t0p02_m0p10_w10_seed71_best035
CONFIG_DONE=p9016_callable_negent_t0p05_m0p10_w10_seed71_best035
CONFIG_DONE=p9016_samecross_m0p25_p1_w10_seed71_best035
CONFIG_DONE=p9016_samecross_m0p50_p1_w10_seed71_best035
FULL_RESULT_ROOT=/mnt/ssd/zliu/phase3/test_res/048-20260620_092323-p9016_callable_anchor_mstep_1m
LIGHT_RESULT_ROOT=/mnt/ssd/zliu/phase3/hickit/result/048-20260620_092323-p9016_callable_anchor_mstep_1m
SUMMARY_TSV=/mnt/ssd/zliu/phase3/test_res/048-20260620_092323-p9016_callable_anchor_mstep_1m/summary.tsv
CALLABLE_ANCHOR_DELTA_SUMMARY_TSV=/mnt/ssd/zliu/phase3/test_res/048-20260620_092323-p9016_callable_anchor_mstep_1m/callable_anchor_delta_summary.tsv
SAMECROSS_DELTA_SUMMARY_TSV=/mnt/ssd/zliu/phase3/test_res/048-20260620_092323-p9016_callable_anchor_mstep_1m/samecross_delta_summary.tsv
HEADLINE=NO_PLUS_0P1
