start	2026-06-17T00:17:40+08:00	scaffold_raw_msep1p5_lsep1_ieps1_noise0p05
minimal P9016: input=/shared/zliu/CHARM/CHARM_mesc/data/pairs/P9016.pairs.gz output_root=/mnt/ssd/zliu/phase3/test_res/010-20260617_001012-p9016_dscale_sep_sweep config=scaffold_raw_msep1p5_lsep1_ieps1_noise0p05 baseline=softall n_iter=100 relax_steps=100 relax_step=0.012 chain=0 init_mode=unphased_scaffold_split init_eps=1 init_noise=0.050000001 init_scale=10 init_seed=17 min_sep=1.5 lambda_sep=1 d_scale_mode=raw_count d_scale_eps=1e-06 relax_backend=gpu
minimal P9016: stage 1/1 name=1m bin_size_bp=1000000 parent=0
[M::hk_map_read] read 1703888 pairs
[M::hk_bmap_gen] generated 2633 beads
[M::hk_bmap_gen] 489556 bin pairs
minimal P9016[1m]: build binned contacts
minimal P9016[1m]: init mode=unphased_scaffold_split seed=17 scale=10
[M::hk_fdg] mid_dist:1000000 max_nei:69
[M::hk_fdg1_cpu] iter:10 elapsed:0.33s rep_coef:0.2092 RMS_force:367.1874 n_rep:43.0820 energy:25.1082,6.6566,0.0049 dist:5.6169,6.6204,1.4501
[M::hk_fdg1_cpu] iter:20 elapsed:0.80s rep_coef:0.6615 RMS_force:336.9308 n_rep:157.7303 energy:7.7515,3.4068,0.0177 dist:3.4076,4.2658,1.4016
[M::hk_fdg1_cpu] iter:30 elapsed:1.76s rep_coef:0.9352 RMS_force:226.0828 n_rep:592.3505 energy:1.8327,1.0566,0.0354 dist:1.9896,2.3234,1.2554
[M::hk_fdg1_cpu] iter:40 elapsed:3.16s rep_coef:0.9907 RMS_force:132.8226 n_rep:808.7839 energy:0.5357,0.4158,0.0366 dist:1.4081,1.7237,1.2560
[M::hk_fdg1_cpu] iter:50 elapsed:4.63s rep_coef:0.9987 RMS_force:99.3491 n_rep:815.5837 energy:0.1678,0.2703,0.0325 dist:1.0643,1.6062,1.3142
minimal P9016[1m]: run softall, n_iter=100 relax_steps=100 relax_step=0.012 relax_backend=gpu
[M::hk_bmap_gen] generated 5266 beads
[M::hk_bmap_gen] 222715 bin pairs
[M::blind-gpu] prepared pair buffers: n_diploid=5266 n_pairs=227807 n_block_keys=445514 n_steps=100
[I::fdg-gpu] blocklist CSR ready: edges=445514 avg_deg=84.60 max_deg=189
[M::hk_bmap_gen] generated 5266 beads
[M::hk_bmap_gen] 224419 bin pairs
[M::blind-gpu] prepared pair buffers: n_diploid=5266 n_pairs=229542 n_block_keys=448982 n_steps=100
[I::fdg-gpu] blocklist CSR ready: edges=448982 avg_deg=85.26 max_deg=182
[M::hk_bmap_gen] generated 5266 beads
[M::hk_bmap_gen] 222532 bin pairs
[M::blind-gpu] prepared pair buffers: n_diploid=5266 n_pairs=227670 n_block_keys=445238 n_steps=100
[I::fdg-gpu] blocklist CSR ready: edges=445238 avg_deg=84.55 max_deg=171
[M::hk_bmap_gen] generated 5266 beads
[M::hk_bmap_gen] 222150 bin pairs
[M::blind-gpu] prepared pair buffers: n_diploid=5266 n_pairs=227287 n_block_keys=444472 n_steps=100
[I::fdg-gpu] blocklist CSR ready: edges=444472 avg_deg=84.40 max_deg=176
[M::hk_bmap_gen] generated 5266 beads
[M::hk_bmap_gen] 221771 bin pairs
[M::blind-gpu] prepared pair buffers: n_diploid=5266 n_pairs=226902 n_block_keys=443702 n_steps=100
[I::fdg-gpu] blocklist CSR ready: edges=443702 avg_deg=84.26 max_deg=169
[M::hk_bmap_gen] generated 5266 beads
[M::hk_bmap_gen] 221616 bin pairs
[M::blind-gpu] prepared pair buffers: n_diploid=5266 n_pairs=226755 n_block_keys=443408 n_steps=100
[I::fdg-gpu] blocklist CSR ready: edges=443408 avg_deg=84.20 max_deg=172
[M::hk_bmap_gen] generated 5266 beads
[M::hk_bmap_gen] 221263 bin pairs
[M::blind-gpu] prepared pair buffers: n_diploid=5266 n_pairs=226415 n_block_keys=442728 n_steps=100
[I::fdg-gpu] blocklist CSR ready: edges=442728 avg_deg=84.07 max_deg=170
[M::hk_bmap_gen] generated 5266 beads
[M::hk_bmap_gen] 221076 bin pairs
[M::blind-gpu] prepared pair buffers: n_diploid=5266 n_pairs=226227 n_block_keys=442352 n_steps=100
[I::fdg-gpu] blocklist CSR ready: edges=442352 avg_deg=84.00 max_deg=171
[M::hk_bmap_gen] generated 5266 beads
[M::hk_bmap_gen] 220882 bin pairs
[M::blind-gpu] prepared pair buffers: n_diploid=5266 n_pairs=226023 n_block_keys=441946 n_steps=100
[I::fdg-gpu] blocklist CSR ready: edges=441946 avg_deg=83.92 max_deg=176
[M::hk_bmap_gen] generated 5266 beads
[M::hk_bmap_gen] 220817 bin pairs
[M::blind-gpu] prepared pair buffers: n_diploid=5266 n_pairs=225951 n_block_keys=441802 n_steps=100
[I::fdg-gpu] blocklist CSR ready: edges=441802 avg_deg=83.90 max_deg=175
[M::hk_bmap_gen] generated 5266 beads
[M::hk_bmap_gen] 220589 bin pairs
[M::blind-gpu] prepared pair buffers: n_diploid=5266 n_pairs=225723 n_block_keys=441346 n_steps=100
[I::fdg-gpu] blocklist CSR ready: edges=441346 avg_deg=83.81 max_deg=171
[M::hk_bmap_gen] generated 5266 beads
[M::hk_bmap_gen] 220445 bin pairs
[M::blind-gpu] prepared pair buffers: n_diploid=5266 n_pairs=225592 n_block_keys=441084 n_steps=100
[I::fdg-gpu] blocklist CSR ready: edges=441084 avg_deg=83.76 max_deg=170
[M::hk_bmap_gen] generated 5266 beads
[M::hk_bmap_gen] 220380 bin pairs
[M::blind-gpu] prepared pair buffers: n_diploid=5266 n_pairs=225528 n_block_keys=440956 n_steps=100
[I::fdg-gpu] blocklist CSR ready: edges=440956 avg_deg=83.74 max_deg=170
[M::hk_bmap_gen] generated 5266 beads
[M::hk_bmap_gen] 220357 bin pairs
[M::blind-gpu] prepared pair buffers: n_diploid=5266 n_pairs=225511 n_block_keys=440922 n_steps=100
[I::fdg-gpu] blocklist CSR ready: edges=440922 avg_deg=83.73 max_deg=174
[M::hk_bmap_gen] generated 5266 beads
[M::hk_bmap_gen] 220340 bin pairs
[M::blind-gpu] prepared pair buffers: n_diploid=5266 n_pairs=225499 n_block_keys=440898 n_steps=100
[I::fdg-gpu] blocklist CSR ready: edges=440898 avg_deg=83.73 max_deg=173
[M::hk_bmap_gen] generated 5266 beads
[M::hk_bmap_gen] 220224 bin pairs
[M::blind-gpu] prepared pair buffers: n_diploid=5266 n_pairs=225386 n_block_keys=440672 n_steps=100
[I::fdg-gpu] blocklist CSR ready: edges=440672 avg_deg=83.68 max_deg=173
[M::hk_bmap_gen] generated 5266 beads
[M::hk_bmap_gen] 220181 bin pairs
[M::blind-gpu] prepared pair buffers: n_diploid=5266 n_pairs=225336 n_block_keys=440570 n_steps=100
[I::fdg-gpu] blocklist CSR ready: edges=440570 avg_deg=83.66 max_deg=175
[M::hk_bmap_gen] generated 5266 beads
[M::hk_bmap_gen] 220147 bin pairs
[M::blind-gpu] prepared pair buffers: n_diploid=5266 n_pairs=225298 n_block_keys=440494 n_steps=100
[I::fdg-gpu] blocklist CSR ready: edges=440494 avg_deg=83.65 max_deg=175
[M::hk_bmap_gen] generated 5266 beads
[M::hk_bmap_gen] 220105 bin pairs
[M::blind-gpu] prepared pair buffers: n_diploid=5266 n_pairs=225256 n_block_keys=440410 n_steps=100
[I::fdg-gpu] blocklist CSR ready: edges=440410 avg_deg=83.63 max_deg=175
[M::hk_bmap_gen] generated 5266 beads
[M::hk_bmap_gen] 219992 bin pairs
[M::blind-gpu] prepared pair buffers: n_diploid=5266 n_pairs=225152 n_block_keys=440202 n_steps=100
[I::fdg-gpu] blocklist CSR ready: edges=440202 avg_deg=83.59 max_deg=176
[M::hk_bmap_gen] generated 5266 beads
[M::hk_bmap_gen] 219972 bin pairs
[M::blind-gpu] prepared pair buffers: n_diploid=5266 n_pairs=225131 n_block_keys=440160 n_steps=100
[I::fdg-gpu] blocklist CSR ready: edges=440160 avg_deg=83.59 max_deg=176
[M::hk_bmap_gen] generated 5266 beads
[M::hk_bmap_gen] 219891 bin pairs
[M::blind-gpu] prepared pair buffers: n_diploid=5266 n_pairs=225048 n_block_keys=439994 n_steps=100
[I::fdg-gpu] blocklist CSR ready: edges=439994 avg_deg=83.55 max_deg=176
[M::hk_bmap_gen] generated 5266 beads
[M::hk_bmap_gen] 219870 bin pairs
[M::blind-gpu] prepared pair buffers: n_diploid=5266 n_pairs=225029 n_block_keys=439956 n_steps=100
[I::fdg-gpu] blocklist CSR ready: edges=439956 avg_deg=83.55 max_deg=176
[M::hk_bmap_gen] generated 5266 beads
[M::hk_bmap_gen] 219838 bin pairs
[M::blind-gpu] prepared pair buffers: n_diploid=5266 n_pairs=224997 n_block_keys=439892 n_steps=100
[I::fdg-gpu] blocklist CSR ready: edges=439892 avg_deg=83.53 max_deg=176
[M::hk_bmap_gen] generated 5266 beads
[M::hk_bmap_gen] 219802 bin pairs
[M::blind-gpu] prepared pair buffers: n_diploid=5266 n_pairs=224943 n_block_keys=439784 n_steps=100
[I::fdg-gpu] blocklist CSR ready: edges=439784 avg_deg=83.51 max_deg=176
[M::hk_bmap_gen] generated 5266 beads
[M::hk_bmap_gen] 219790 bin pairs
[M::blind-gpu] prepared pair buffers: n_diploid=5266 n_pairs=224922 n_block_keys=439742 n_steps=100
[I::fdg-gpu] blocklist CSR ready: edges=439742 avg_deg=83.51 max_deg=176
[M::hk_bmap_gen] generated 5266 beads
[M::hk_bmap_gen] 219751 bin pairs
[M::blind-gpu] prepared pair buffers: n_diploid=5266 n_pairs=224890 n_block_keys=439678 n_steps=100
[I::fdg-gpu] blocklist CSR ready: edges=439678 avg_deg=83.49 max_deg=176
[M::hk_bmap_gen] generated 5266 beads
[M::hk_bmap_gen] 219699 bin pairs
[M::blind-gpu] prepared pair buffers: n_diploid=5266 n_pairs=224833 n_block_keys=439564 n_steps=100
[I::fdg-gpu] blocklist CSR ready: edges=439564 avg_deg=83.47 max_deg=176
[M::hk_bmap_gen] generated 5266 beads
[M::hk_bmap_gen] 219617 bin pairs
[M::blind-gpu] prepared pair buffers: n_diploid=5266 n_pairs=224761 n_block_keys=439420 n_steps=100
[I::fdg-gpu] blocklist CSR ready: edges=439420 avg_deg=83.44 max_deg=176
[M::hk_bmap_gen] generated 5266 beads
[M::hk_bmap_gen] 219541 bin pairs
[M::blind-gpu] prepared pair buffers: n_diploid=5266 n_pairs=224685 n_block_keys=439268 n_steps=100
[I::fdg-gpu] blocklist CSR ready: edges=439268 avg_deg=83.42 max_deg=176
[M::hk_bmap_gen] generated 5266 beads
[M::hk_bmap_gen] 219525 bin pairs
[M::blind-gpu] prepared pair buffers: n_diploid=5266 n_pairs=224673 n_block_keys=439244 n_steps=100
[I::fdg-gpu] blocklist CSR ready: edges=439244 avg_deg=83.41 max_deg=176
[M::hk_bmap_gen] generated 5266 beads
[M::hk_bmap_gen] 219456 bin pairs
[M::blind-gpu] prepared pair buffers: n_diploid=5266 n_pairs=224607 n_block_keys=439112 n_steps=100
[I::fdg-gpu] blocklist CSR ready: edges=439112 avg_deg=83.39 max_deg=176
[M::hk_bmap_gen] generated 5266 beads
[M::hk_bmap_gen] 219473 bin pairs
[M::blind-gpu] prepared pair buffers: n_diploid=5266 n_pairs=224620 n_block_keys=439138 n_steps=100
[I::fdg-gpu] blocklist CSR ready: edges=439138 avg_deg=83.39 max_deg=176
[M::hk_bmap_gen] generated 5266 beads
[M::hk_bmap_gen] 219500 bin pairs
[M::blind-gpu] prepared pair buffers: n_diploid=5266 n_pairs=224658 n_block_keys=439214 n_steps=100
[I::fdg-gpu] blocklist CSR ready: edges=439214 avg_deg=83.41 max_deg=175
[M::hk_bmap_gen] generated 5266 beads
[M::hk_bmap_gen] 219415 bin pairs
[M::blind-gpu] prepared pair buffers: n_diploid=5266 n_pairs=224564 n_block_keys=439026 n_steps=100
[I::fdg-gpu] blocklist CSR ready: edges=439026 avg_deg=83.37 max_deg=175
[M::hk_bmap_gen] generated 5266 beads
[M::hk_bmap_gen] 219392 bin pairs
[M::blind-gpu] prepared pair buffers: n_diploid=5266 n_pairs=224549 n_block_keys=438996 n_steps=100
[I::fdg-gpu] blocklist CSR ready: edges=438996 avg_deg=83.36 max_deg=175
[M::hk_bmap_gen] generated 5266 beads
[M::hk_bmap_gen] 219353 bin pairs
[M::blind-gpu] prepared pair buffers: n_diploid=5266 n_pairs=224505 n_block_keys=438908 n_steps=100
[I::fdg-gpu] blocklist CSR ready: edges=438908 avg_deg=83.35 max_deg=175
[M::hk_bmap_gen] generated 5266 beads
[M::hk_bmap_gen] 219320 bin pairs
[M::blind-gpu] prepared pair buffers: n_diploid=5266 n_pairs=224474 n_block_keys=438846 n_steps=100
[I::fdg-gpu] blocklist CSR ready: edges=438846 avg_deg=83.34 max_deg=175
[M::hk_bmap_gen] generated 5266 beads
[M::hk_bmap_gen] 219326 bin pairs
[M::blind-gpu] prepared pair buffers: n_diploid=5266 n_pairs=224478 n_block_keys=438854 n_steps=100
[I::fdg-gpu] blocklist CSR ready: edges=438854 avg_deg=83.34 max_deg=175
[M::hk_bmap_gen] generated 5266 beads
[M::hk_bmap_gen] 219310 bin pairs
[M::blind-gpu] prepared pair buffers: n_diploid=5266 n_pairs=224463 n_block_keys=438824 n_steps=100
[I::fdg-gpu] blocklist CSR ready: edges=438824 avg_deg=83.33 max_deg=175
[M::hk_bmap_gen] generated 5266 beads
[M::hk_bmap_gen] 219294 bin pairs
[M::blind-gpu] prepared pair buffers: n_diploid=5266 n_pairs=224439 n_block_keys=438776 n_steps=100
[I::fdg-gpu] blocklist CSR ready: edges=438776 avg_deg=83.32 max_deg=175
[M::hk_bmap_gen] generated 5266 beads
[M::hk_bmap_gen] 219252 bin pairs
[M::blind-gpu] prepared pair buffers: n_diploid=5266 n_pairs=224403 n_block_keys=438704 n_steps=100
[I::fdg-gpu] blocklist CSR ready: edges=438704 avg_deg=83.31 max_deg=175
[M::hk_bmap_gen] generated 5266 beads
[M::hk_bmap_gen] 219224 bin pairs
[M::blind-gpu] prepared pair buffers: n_diploid=5266 n_pairs=224370 n_block_keys=438638 n_steps=100
[I::fdg-gpu] blocklist CSR ready: edges=438638 avg_deg=83.30 max_deg=175
[M::hk_bmap_gen] generated 5266 beads
[M::hk_bmap_gen] 219192 bin pairs
[M::blind-gpu] prepared pair buffers: n_diploid=5266 n_pairs=224344 n_block_keys=438586 n_steps=100
[I::fdg-gpu] blocklist CSR ready: edges=438586 avg_deg=83.29 max_deg=175
[M::hk_bmap_gen] generated 5266 beads
[M::hk_bmap_gen] 219145 bin pairs
[M::blind-gpu] prepared pair buffers: n_diploid=5266 n_pairs=224291 n_block_keys=438480 n_steps=100
[I::fdg-gpu] blocklist CSR ready: edges=438480 avg_deg=83.27 max_deg=175
[M::hk_bmap_gen] generated 5266 beads
[M::hk_bmap_gen] 219117 bin pairs
[M::blind-gpu] prepared pair buffers: n_diploid=5266 n_pairs=224268 n_block_keys=438434 n_steps=100
[I::fdg-gpu] blocklist CSR ready: edges=438434 avg_deg=83.26 max_deg=176
[M::hk_bmap_gen] generated 5266 beads
[M::hk_bmap_gen] 219047 bin pairs
[M::blind-gpu] prepared pair buffers: n_diploid=5266 n_pairs=224196 n_block_keys=438290 n_steps=100
[I::fdg-gpu] blocklist CSR ready: edges=438290 avg_deg=83.23 max_deg=176
[M::hk_bmap_gen] generated 5266 beads
[M::hk_bmap_gen] 219044 bin pairs
[M::blind-gpu] prepared pair buffers: n_diploid=5266 n_pairs=224198 n_block_keys=438294 n_steps=100
[I::fdg-gpu] blocklist CSR ready: edges=438294 avg_deg=83.23 max_deg=176
[M::hk_bmap_gen] generated 5266 beads
[M::hk_bmap_gen] 219018 bin pairs
[M::blind-gpu] prepared pair buffers: n_diploid=5266 n_pairs=224172 n_block_keys=438242 n_steps=100
[I::fdg-gpu] blocklist CSR ready: edges=438242 avg_deg=83.22 max_deg=176
[M::hk_bmap_gen] generated 5266 beads
[M::hk_bmap_gen] 218994 bin pairs
[M::blind-gpu] prepared pair buffers: n_diploid=5266 n_pairs=224156 n_block_keys=438210 n_steps=100
[I::fdg-gpu] blocklist CSR ready: edges=438210 avg_deg=83.21 max_deg=176
[M::hk_bmap_gen] generated 5266 beads
[M::hk_bmap_gen] 218985 bin pairs
[M::blind-gpu] prepared pair buffers: n_diploid=5266 n_pairs=224148 n_block_keys=438194 n_steps=100
[I::fdg-gpu] blocklist CSR ready: edges=438194 avg_deg=83.21 max_deg=178
[M::hk_bmap_gen] generated 5266 beads
[M::hk_bmap_gen] 219019 bin pairs
[M::blind-gpu] prepared pair buffers: n_diploid=5266 n_pairs=224176 n_block_keys=438250 n_steps=100
[I::fdg-gpu] blocklist CSR ready: edges=438250 avg_deg=83.22 max_deg=178
[M::hk_bmap_gen] generated 5266 beads
[M::hk_bmap_gen] 219038 bin pairs
[M::blind-gpu] prepared pair buffers: n_diploid=5266 n_pairs=224191 n_block_keys=438280 n_steps=100
[I::fdg-gpu] blocklist CSR ready: edges=438280 avg_deg=83.23 max_deg=178
[M::hk_bmap_gen] generated 5266 beads
[M::hk_bmap_gen] 218955 bin pairs
[M::blind-gpu] prepared pair buffers: n_diploid=5266 n_pairs=224108 n_block_keys=438114 n_steps=100
[I::fdg-gpu] blocklist CSR ready: edges=438114 avg_deg=83.20 max_deg=178
[M::hk_bmap_gen] generated 5266 beads
[M::hk_bmap_gen] 218898 bin pairs
[M::blind-gpu] prepared pair buffers: n_diploid=5266 n_pairs=224044 n_block_keys=437986 n_steps=100
[I::fdg-gpu] blocklist CSR ready: edges=437986 avg_deg=83.17 max_deg=178
[M::hk_bmap_gen] generated 5266 beads
[M::hk_bmap_gen] 218819 bin pairs
[M::blind-gpu] prepared pair buffers: n_diploid=5266 n_pairs=223960 n_block_keys=437818 n_steps=100
[I::fdg-gpu] blocklist CSR ready: edges=437818 avg_deg=83.14 max_deg=178
[M::hk_bmap_gen] generated 5266 beads
[M::hk_bmap_gen] 218834 bin pairs
[M::blind-gpu] prepared pair buffers: n_diploid=5266 n_pairs=223971 n_block_keys=437840 n_steps=100
[I::fdg-gpu] blocklist CSR ready: edges=437840 avg_deg=83.14 max_deg=179
[M::hk_bmap_gen] generated 5266 beads
[M::hk_bmap_gen] 218850 bin pairs
[M::blind-gpu] prepared pair buffers: n_diploid=5266 n_pairs=223991 n_block_keys=437880 n_steps=100
[I::fdg-gpu] blocklist CSR ready: edges=437880 avg_deg=83.15 max_deg=179
[M::hk_bmap_gen] generated 5266 beads
[M::hk_bmap_gen] 218863 bin pairs
[M::blind-gpu] prepared pair buffers: n_diploid=5266 n_pairs=224005 n_block_keys=437908 n_steps=100
[I::fdg-gpu] blocklist CSR ready: edges=437908 avg_deg=83.16 max_deg=179
[M::hk_bmap_gen] generated 5266 beads
[M::hk_bmap_gen] 218814 bin pairs
[M::blind-gpu] prepared pair buffers: n_diploid=5266 n_pairs=223953 n_block_keys=437804 n_steps=100
[I::fdg-gpu] blocklist CSR ready: edges=437804 avg_deg=83.14 max_deg=179
[M::hk_bmap_gen] generated 5266 beads
[M::hk_bmap_gen] 218831 bin pairs
[M::blind-gpu] prepared pair buffers: n_diploid=5266 n_pairs=223973 n_block_keys=437844 n_steps=100
[I::fdg-gpu] blocklist CSR ready: edges=437844 avg_deg=83.15 max_deg=179
[M::hk_bmap_gen] generated 5266 beads
[M::hk_bmap_gen] 218801 bin pairs
[M::blind-gpu] prepared pair buffers: n_diploid=5266 n_pairs=223940 n_block_keys=437778 n_steps=100
[I::fdg-gpu] blocklist CSR ready: edges=437778 avg_deg=83.13 max_deg=179
[M::hk_bmap_gen] generated 5266 beads
[M::hk_bmap_gen] 218766 bin pairs
[M::blind-gpu] prepared pair buffers: n_diploid=5266 n_pairs=223904 n_block_keys=437706 n_steps=100
[I::fdg-gpu] blocklist CSR ready: edges=437706 avg_deg=83.12 max_deg=179
[M::hk_bmap_gen] generated 5266 beads
[M::hk_bmap_gen] 218775 bin pairs
[M::blind-gpu] prepared pair buffers: n_diploid=5266 n_pairs=223917 n_block_keys=437732 n_steps=100
[I::fdg-gpu] blocklist CSR ready: edges=437732 avg_deg=83.12 max_deg=179
[M::hk_bmap_gen] generated 5266 beads
[M::hk_bmap_gen] 218800 bin pairs
[M::blind-gpu] prepared pair buffers: n_diploid=5266 n_pairs=223946 n_block_keys=437790 n_steps=100
[I::fdg-gpu] blocklist CSR ready: edges=437790 avg_deg=83.14 max_deg=179
[M::hk_bmap_gen] generated 5266 beads
[M::hk_bmap_gen] 218798 bin pairs
[M::blind-gpu] prepared pair buffers: n_diploid=5266 n_pairs=223937 n_block_keys=437772 n_steps=100
[I::fdg-gpu] blocklist CSR ready: edges=437772 avg_deg=83.13 max_deg=179
[M::hk_bmap_gen] generated 5266 beads
[M::hk_bmap_gen] 218840 bin pairs
[M::blind-gpu] prepared pair buffers: n_diploid=5266 n_pairs=223975 n_block_keys=437848 n_steps=100
[I::fdg-gpu] blocklist CSR ready: edges=437848 avg_deg=83.15 max_deg=179
[M::hk_bmap_gen] generated 5266 beads
[M::hk_bmap_gen] 218840 bin pairs
[M::blind-gpu] prepared pair buffers: n_diploid=5266 n_pairs=223977 n_block_keys=437852 n_steps=100
[I::fdg-gpu] blocklist CSR ready: edges=437852 avg_deg=83.15 max_deg=179
[M::hk_bmap_gen] generated 5266 beads
[M::hk_bmap_gen] 218854 bin pairs
[M::blind-gpu] prepared pair buffers: n_diploid=5266 n_pairs=223994 n_block_keys=437886 n_steps=100
[I::fdg-gpu] blocklist CSR ready: edges=437886 avg_deg=83.15 max_deg=179
[M::hk_bmap_gen] generated 5266 beads
[M::hk_bmap_gen] 218857 bin pairs
[M::blind-gpu] prepared pair buffers: n_diploid=5266 n_pairs=223998 n_block_keys=437894 n_steps=100
[I::fdg-gpu] blocklist CSR ready: edges=437894 avg_deg=83.15 max_deg=179
[M::hk_bmap_gen] generated 5266 beads
[M::hk_bmap_gen] 218852 bin pairs
[M::blind-gpu] prepared pair buffers: n_diploid=5266 n_pairs=223989 n_block_keys=437876 n_steps=100
[I::fdg-gpu] blocklist CSR ready: edges=437876 avg_deg=83.15 max_deg=179
[M::hk_bmap_gen] generated 5266 beads
[M::hk_bmap_gen] 218828 bin pairs
[M::blind-gpu] prepared pair buffers: n_diploid=5266 n_pairs=223966 n_block_keys=437830 n_steps=100
[I::fdg-gpu] blocklist CSR ready: edges=437830 avg_deg=83.14 max_deg=179
[M::hk_bmap_gen] generated 5266 beads
[M::hk_bmap_gen] 218815 bin pairs
[M::blind-gpu] prepared pair buffers: n_diploid=5266 n_pairs=223956 n_block_keys=437810 n_steps=100
[I::fdg-gpu] blocklist CSR ready: edges=437810 avg_deg=83.14 max_deg=179
[M::hk_bmap_gen] generated 5266 beads
[M::hk_bmap_gen] 218820 bin pairs
[M::blind-gpu] prepared pair buffers: n_diploid=5266 n_pairs=223962 n_block_keys=437822 n_steps=100
[I::fdg-gpu] blocklist CSR ready: edges=437822 avg_deg=83.14 max_deg=179
[M::hk_bmap_gen] generated 5266 beads
[M::hk_bmap_gen] 218782 bin pairs
[M::blind-gpu] prepared pair buffers: n_diploid=5266 n_pairs=223922 n_block_keys=437742 n_steps=100
[I::fdg-gpu] blocklist CSR ready: edges=437742 avg_deg=83.13 max_deg=179
[M::hk_bmap_gen] generated 5266 beads
[M::hk_bmap_gen] 218777 bin pairs
[M::blind-gpu] prepared pair buffers: n_diploid=5266 n_pairs=223924 n_block_keys=437746 n_steps=100
[I::fdg-gpu] blocklist CSR ready: edges=437746 avg_deg=83.13 max_deg=179
[M::hk_bmap_gen] generated 5266 beads
[M::hk_bmap_gen] 218794 bin pairs
[M::blind-gpu] prepared pair buffers: n_diploid=5266 n_pairs=223943 n_block_keys=437784 n_steps=100
[I::fdg-gpu] blocklist CSR ready: edges=437784 avg_deg=83.13 max_deg=179
[M::hk_bmap_gen] generated 5266 beads
[M::hk_bmap_gen] 218815 bin pairs
[M::blind-gpu] prepared pair buffers: n_diploid=5266 n_pairs=223962 n_block_keys=437822 n_steps=100
[I::fdg-gpu] blocklist CSR ready: edges=437822 avg_deg=83.14 max_deg=179
[M::hk_bmap_gen] generated 5266 beads
[M::hk_bmap_gen] 218806 bin pairs
[M::blind-gpu] prepared pair buffers: n_diploid=5266 n_pairs=223956 n_block_keys=437810 n_steps=100
[I::fdg-gpu] blocklist CSR ready: edges=437810 avg_deg=83.14 max_deg=179
[M::hk_bmap_gen] generated 5266 beads
[M::hk_bmap_gen] 218788 bin pairs
[M::blind-gpu] prepared pair buffers: n_diploid=5266 n_pairs=223942 n_block_keys=437782 n_steps=100
[I::fdg-gpu] blocklist CSR ready: edges=437782 avg_deg=83.13 max_deg=179
[M::hk_bmap_gen] generated 5266 beads
[M::hk_bmap_gen] 218771 bin pairs
[M::blind-gpu] prepared pair buffers: n_diploid=5266 n_pairs=223926 n_block_keys=437750 n_steps=100
[I::fdg-gpu] blocklist CSR ready: edges=437750 avg_deg=83.13 max_deg=179
[M::hk_bmap_gen] generated 5266 beads
[M::hk_bmap_gen] 218751 bin pairs
[M::blind-gpu] prepared pair buffers: n_diploid=5266 n_pairs=223906 n_block_keys=437710 n_steps=100
[I::fdg-gpu] blocklist CSR ready: edges=437710 avg_deg=83.12 max_deg=179
[M::hk_bmap_gen] generated 5266 beads
[M::hk_bmap_gen] 218756 bin pairs
[M::blind-gpu] prepared pair buffers: n_diploid=5266 n_pairs=223909 n_block_keys=437716 n_steps=100
[I::fdg-gpu] blocklist CSR ready: edges=437716 avg_deg=83.12 max_deg=179
[M::hk_bmap_gen] generated 5266 beads
[M::hk_bmap_gen] 218778 bin pairs
[M::blind-gpu] prepared pair buffers: n_diploid=5266 n_pairs=223933 n_block_keys=437764 n_steps=100
[I::fdg-gpu] blocklist CSR ready: edges=437764 avg_deg=83.13 max_deg=179
[M::hk_bmap_gen] generated 5266 beads
[M::hk_bmap_gen] 218794 bin pairs
[M::blind-gpu] prepared pair buffers: n_diploid=5266 n_pairs=223951 n_block_keys=437800 n_steps=100
[I::fdg-gpu] blocklist CSR ready: edges=437800 avg_deg=83.14 max_deg=179
[M::hk_bmap_gen] generated 5266 beads
[M::hk_bmap_gen] 218775 bin pairs
[M::blind-gpu] prepared pair buffers: n_diploid=5266 n_pairs=223929 n_block_keys=437756 n_steps=100
[I::fdg-gpu] blocklist CSR ready: edges=437756 avg_deg=83.13 max_deg=179
[M::hk_bmap_gen] generated 5266 beads
[M::hk_bmap_gen] 218780 bin pairs
[M::blind-gpu] prepared pair buffers: n_diploid=5266 n_pairs=223933 n_block_keys=437764 n_steps=100
[I::fdg-gpu] blocklist CSR ready: edges=437764 avg_deg=83.13 max_deg=179
[M::hk_bmap_gen] generated 5266 beads
[M::hk_bmap_gen] 218792 bin pairs
[M::blind-gpu] prepared pair buffers: n_diploid=5266 n_pairs=223945 n_block_keys=437788 n_steps=100
[I::fdg-gpu] blocklist CSR ready: edges=437788 avg_deg=83.13 max_deg=179
[M::hk_bmap_gen] generated 5266 beads
[M::hk_bmap_gen] 218801 bin pairs
[M::blind-gpu] prepared pair buffers: n_diploid=5266 n_pairs=223953 n_block_keys=437804 n_steps=100
[I::fdg-gpu] blocklist CSR ready: edges=437804 avg_deg=83.14 max_deg=179
[M::hk_bmap_gen] generated 5266 beads
[M::hk_bmap_gen] 218802 bin pairs
[M::blind-gpu] prepared pair buffers: n_diploid=5266 n_pairs=223952 n_block_keys=437802 n_steps=100
[I::fdg-gpu] blocklist CSR ready: edges=437802 avg_deg=83.14 max_deg=179
[M::hk_bmap_gen] generated 5266 beads
[M::hk_bmap_gen] 218807 bin pairs
[M::blind-gpu] prepared pair buffers: n_diploid=5266 n_pairs=223959 n_block_keys=437816 n_steps=100
[I::fdg-gpu] blocklist CSR ready: edges=437816 avg_deg=83.14 max_deg=179
[M::hk_bmap_gen] generated 5266 beads
[M::hk_bmap_gen] 218822 bin pairs
[M::blind-gpu] prepared pair buffers: n_diploid=5266 n_pairs=223975 n_block_keys=437848 n_steps=100
[I::fdg-gpu] blocklist CSR ready: edges=437848 avg_deg=83.15 max_deg=179
[M::hk_bmap_gen] generated 5266 beads
[M::hk_bmap_gen] 218827 bin pairs
[M::blind-gpu] prepared pair buffers: n_diploid=5266 n_pairs=223980 n_block_keys=437858 n_steps=100
[I::fdg-gpu] blocklist CSR ready: edges=437858 avg_deg=83.15 max_deg=179
[M::hk_bmap_gen] generated 5266 beads
[M::hk_bmap_gen] 218825 bin pairs
[M::blind-gpu] prepared pair buffers: n_diploid=5266 n_pairs=223978 n_block_keys=437854 n_steps=100
[I::fdg-gpu] blocklist CSR ready: edges=437854 avg_deg=83.15 max_deg=179
[M::hk_bmap_gen] generated 5266 beads
[M::hk_bmap_gen] 218827 bin pairs
[M::blind-gpu] prepared pair buffers: n_diploid=5266 n_pairs=223980 n_block_keys=437858 n_steps=100
[I::fdg-gpu] blocklist CSR ready: edges=437858 avg_deg=83.15 max_deg=179
[M::hk_bmap_gen] generated 5266 beads
[M::hk_bmap_gen] 218820 bin pairs
[M::blind-gpu] prepared pair buffers: n_diploid=5266 n_pairs=223973 n_block_keys=437844 n_steps=100
[I::fdg-gpu] blocklist CSR ready: edges=437844 avg_deg=83.15 max_deg=179
[M::hk_bmap_gen] generated 5266 beads
[M::hk_bmap_gen] 218809 bin pairs
[M::blind-gpu] prepared pair buffers: n_diploid=5266 n_pairs=223962 n_block_keys=437822 n_steps=100
[I::fdg-gpu] blocklist CSR ready: edges=437822 avg_deg=83.14 max_deg=179
[M::hk_bmap_gen] generated 5266 beads
[M::hk_bmap_gen] 218806 bin pairs
[M::blind-gpu] prepared pair buffers: n_diploid=5266 n_pairs=223957 n_block_keys=437812 n_steps=100
[I::fdg-gpu] blocklist CSR ready: edges=437812 avg_deg=83.14 max_deg=179
[M::hk_bmap_gen] generated 5266 beads
[M::hk_bmap_gen] 218795 bin pairs
[M::blind-gpu] prepared pair buffers: n_diploid=5266 n_pairs=223946 n_block_keys=437790 n_steps=100
[I::fdg-gpu] blocklist CSR ready: edges=437790 avg_deg=83.14 max_deg=179
[M::hk_bmap_gen] generated 5266 beads
[M::hk_bmap_gen] 218793 bin pairs
[M::blind-gpu] prepared pair buffers: n_diploid=5266 n_pairs=223945 n_block_keys=437788 n_steps=100
[I::fdg-gpu] blocklist CSR ready: edges=437788 avg_deg=83.13 max_deg=179
minimal P9016[1m]: write outputs to /mnt/ssd/zliu/phase3/test_res/010-20260617_001012-p9016_dscale_sep_sweep/scaffold_raw_msep1p5_lsep1_ieps1_noise0p05
[M::hk_bmap_gen] generated 5266 beads
[M::hk_bmap_gen] 218793 bin pairs
minimal P9016[1m]: status=OK final_entropy=0.6563167 final_pU=0.47343242
minimal P9016: summary /mnt/ssd/zliu/phase3/test_res/010-20260617_001012-p9016_dscale_sep_sweep/matrix_summary.tsv
audit status: OK n_raw=1703888 n_bpair=489556 n_beads=2633 bpair_rows=489556 coord_rows=5266 raw_rows=0 posterior_bad_rows=0 coord_bad_rows=0 raw_bad_rows=0 forbidden_string_hits=0
audit_done	2026-06-17T00:28:53+08:00	scaffold_raw_msep1p5_lsep1_ieps1_noise0p05
