start	2026-06-17T00:17:40+08:00	scaffold_expected_msep1p5_lsep1_ieps1_noise0p05
minimal P9016: input=/shared/zliu/CHARM/CHARM_mesc/data/pairs/P9016.pairs.gz output_root=/mnt/ssd/zliu/phase3/test_res/010-20260617_001012-p9016_dscale_sep_sweep config=scaffold_expected_msep1p5_lsep1_ieps1_noise0p05 baseline=softall n_iter=100 relax_steps=100 relax_step=0.012 chain=0 init_mode=unphased_scaffold_split init_eps=1 init_noise=0.050000001 init_scale=10 init_seed=17 min_sep=1.5 lambda_sep=1 d_scale_mode=expected_count d_scale_eps=0.001 relax_backend=gpu
minimal P9016: stage 1/1 name=1m bin_size_bp=1000000 parent=0
[M::hk_map_read] read 1703888 pairs
[M::hk_bmap_gen] generated 2633 beads
[M::hk_bmap_gen] 489556 bin pairs
minimal P9016[1m]: build binned contacts
minimal P9016[1m]: init mode=unphased_scaffold_split seed=17 scale=10
[M::hk_fdg] mid_dist:1000000 max_nei:69
[M::hk_fdg1_cpu] iter:10 elapsed:0.32s rep_coef:0.2092 RMS_force:367.1874 n_rep:43.0820 energy:25.1082,6.6566,0.0049 dist:5.6169,6.6204,1.4501
[M::hk_fdg1_cpu] iter:20 elapsed:0.79s rep_coef:0.6615 RMS_force:336.9308 n_rep:157.7303 energy:7.7515,3.4068,0.0177 dist:3.4076,4.2658,1.4016
[M::hk_fdg1_cpu] iter:30 elapsed:1.75s rep_coef:0.9352 RMS_force:226.0828 n_rep:592.3505 energy:1.8327,1.0566,0.0354 dist:1.9896,2.3234,1.2554
[M::hk_fdg1_cpu] iter:40 elapsed:3.14s rep_coef:0.9907 RMS_force:132.8226 n_rep:808.7839 energy:0.5357,0.4158,0.0366 dist:1.4081,1.7237,1.2560
[M::hk_fdg1_cpu] iter:50 elapsed:4.60s rep_coef:0.9987 RMS_force:99.3491 n_rep:815.5837 energy:0.1678,0.2703,0.0325 dist:1.0643,1.6062,1.3142
minimal P9016[1m]: run softall, n_iter=100 relax_steps=100 relax_step=0.012 relax_backend=gpu
[M::hk_bmap_gen] generated 5266 beads
[M::hk_bmap_gen] 222715 bin pairs
[M::blind-gpu] prepared pair buffers: n_diploid=5266 n_pairs=227807 n_block_keys=445514 n_steps=100
[I::fdg-gpu] blocklist CSR ready: edges=445514 avg_deg=84.60 max_deg=189
[M::hk_bmap_gen] generated 5266 beads
[M::hk_bmap_gen] 224868 bin pairs
[M::blind-gpu] prepared pair buffers: n_diploid=5266 n_pairs=229959 n_block_keys=449816 n_steps=100
[I::fdg-gpu] blocklist CSR ready: edges=449816 avg_deg=85.42 max_deg=184
[M::hk_bmap_gen] generated 5266 beads
[M::hk_bmap_gen] 222831 bin pairs
[M::blind-gpu] prepared pair buffers: n_diploid=5266 n_pairs=227956 n_block_keys=445812 n_steps=100
[I::fdg-gpu] blocklist CSR ready: edges=445812 avg_deg=84.66 max_deg=175
[M::hk_bmap_gen] generated 5266 beads
[M::hk_bmap_gen] 221859 bin pairs
[M::blind-gpu] prepared pair buffers: n_diploid=5266 n_pairs=226988 n_block_keys=443876 n_steps=100
[I::fdg-gpu] blocklist CSR ready: edges=443876 avg_deg=84.29 max_deg=173
[M::hk_bmap_gen] generated 5266 beads
[M::hk_bmap_gen] 221578 bin pairs
[M::blind-gpu] prepared pair buffers: n_diploid=5266 n_pairs=226739 n_block_keys=443378 n_steps=100
[I::fdg-gpu] blocklist CSR ready: edges=443378 avg_deg=84.20 max_deg=176
[M::hk_bmap_gen] generated 5266 beads
[M::hk_bmap_gen] 220785 bin pairs
[M::blind-gpu] prepared pair buffers: n_diploid=5266 n_pairs=225921 n_block_keys=441742 n_steps=100
[I::fdg-gpu] blocklist CSR ready: edges=441742 avg_deg=83.89 max_deg=173
[M::hk_bmap_gen] generated 5266 beads
[M::hk_bmap_gen] 220136 bin pairs
[M::blind-gpu] prepared pair buffers: n_diploid=5266 n_pairs=225275 n_block_keys=440450 n_steps=100
[I::fdg-gpu] blocklist CSR ready: edges=440450 avg_deg=83.64 max_deg=175
[M::hk_bmap_gen] generated 5266 beads
[M::hk_bmap_gen] 219814 bin pairs
[M::blind-gpu] prepared pair buffers: n_diploid=5266 n_pairs=224966 n_block_keys=439834 n_steps=100
[I::fdg-gpu] blocklist CSR ready: edges=439834 avg_deg=83.52 max_deg=175
[M::hk_bmap_gen] generated 5266 beads
[M::hk_bmap_gen] 219361 bin pairs
[M::blind-gpu] prepared pair buffers: n_diploid=5266 n_pairs=224496 n_block_keys=438894 n_steps=100
[I::fdg-gpu] blocklist CSR ready: edges=438894 avg_deg=83.34 max_deg=177
[M::hk_bmap_gen] generated 5266 beads
[M::hk_bmap_gen] 219159 bin pairs
[M::blind-gpu] prepared pair buffers: n_diploid=5266 n_pairs=224293 n_block_keys=438488 n_steps=100
[I::fdg-gpu] blocklist CSR ready: edges=438488 avg_deg=83.27 max_deg=177
[M::hk_bmap_gen] generated 5266 beads
[M::hk_bmap_gen] 218849 bin pairs
[M::blind-gpu] prepared pair buffers: n_diploid=5266 n_pairs=223989 n_block_keys=437880 n_steps=100
[I::fdg-gpu] blocklist CSR ready: edges=437880 avg_deg=83.15 max_deg=178
[M::hk_bmap_gen] generated 5266 beads
[M::hk_bmap_gen] 218688 bin pairs
[M::blind-gpu] prepared pair buffers: n_diploid=5266 n_pairs=223829 n_block_keys=437560 n_steps=100
[I::fdg-gpu] blocklist CSR ready: edges=437560 avg_deg=83.09 max_deg=178
[M::hk_bmap_gen] generated 5266 beads
[M::hk_bmap_gen] 218442 bin pairs
[M::blind-gpu] prepared pair buffers: n_diploid=5266 n_pairs=223607 n_block_keys=437116 n_steps=100
[I::fdg-gpu] blocklist CSR ready: edges=437116 avg_deg=83.01 max_deg=178
[M::hk_bmap_gen] generated 5266 beads
[M::hk_bmap_gen] 218189 bin pairs
[M::blind-gpu] prepared pair buffers: n_diploid=5266 n_pairs=223350 n_block_keys=436602 n_steps=100
[I::fdg-gpu] blocklist CSR ready: edges=436602 avg_deg=82.91 max_deg=177
[M::hk_bmap_gen] generated 5266 beads
[M::hk_bmap_gen] 217925 bin pairs
[M::blind-gpu] prepared pair buffers: n_diploid=5266 n_pairs=223078 n_block_keys=436058 n_steps=100
[I::fdg-gpu] blocklist CSR ready: edges=436058 avg_deg=82.81 max_deg=178
[M::hk_bmap_gen] generated 5266 beads
[M::hk_bmap_gen] 217790 bin pairs
[M::blind-gpu] prepared pair buffers: n_diploid=5266 n_pairs=222941 n_block_keys=435782 n_steps=100
[I::fdg-gpu] blocklist CSR ready: edges=435782 avg_deg=82.75 max_deg=178
[M::hk_bmap_gen] generated 5266 beads
[M::hk_bmap_gen] 217608 bin pairs
[M::blind-gpu] prepared pair buffers: n_diploid=5266 n_pairs=222755 n_block_keys=435410 n_steps=100
[I::fdg-gpu] blocklist CSR ready: edges=435410 avg_deg=82.68 max_deg=177
[M::hk_bmap_gen] generated 5266 beads
[M::hk_bmap_gen] 217409 bin pairs
[M::blind-gpu] prepared pair buffers: n_diploid=5266 n_pairs=222548 n_block_keys=434996 n_steps=100
[I::fdg-gpu] blocklist CSR ready: edges=434996 avg_deg=82.60 max_deg=179
[M::hk_bmap_gen] generated 5266 beads
[M::hk_bmap_gen] 217271 bin pairs
[M::blind-gpu] prepared pair buffers: n_diploid=5266 n_pairs=222413 n_block_keys=434728 n_steps=100
[I::fdg-gpu] blocklist CSR ready: edges=434728 avg_deg=82.55 max_deg=179
[M::hk_bmap_gen] generated 5266 beads
[M::hk_bmap_gen] 217128 bin pairs
[M::blind-gpu] prepared pair buffers: n_diploid=5266 n_pairs=222271 n_block_keys=434444 n_steps=100
[I::fdg-gpu] blocklist CSR ready: edges=434444 avg_deg=82.50 max_deg=176
[M::hk_bmap_gen] generated 5266 beads
[M::hk_bmap_gen] 217061 bin pairs
[M::blind-gpu] prepared pair buffers: n_diploid=5266 n_pairs=222199 n_block_keys=434300 n_steps=100
[I::fdg-gpu] blocklist CSR ready: edges=434300 avg_deg=82.47 max_deg=176
[M::hk_bmap_gen] generated 5266 beads
[M::hk_bmap_gen] 216944 bin pairs
[M::blind-gpu] prepared pair buffers: n_diploid=5266 n_pairs=222080 n_block_keys=434064 n_steps=100
[I::fdg-gpu] blocklist CSR ready: edges=434064 avg_deg=82.43 max_deg=176
[M::hk_bmap_gen] generated 5266 beads
[M::hk_bmap_gen] 216803 bin pairs
[M::blind-gpu] prepared pair buffers: n_diploid=5266 n_pairs=221919 n_block_keys=433742 n_steps=100
[I::fdg-gpu] blocklist CSR ready: edges=433742 avg_deg=82.37 max_deg=177
[M::hk_bmap_gen] generated 5266 beads
[M::hk_bmap_gen] 216764 bin pairs
[M::blind-gpu] prepared pair buffers: n_diploid=5266 n_pairs=221894 n_block_keys=433692 n_steps=100
[I::fdg-gpu] blocklist CSR ready: edges=433692 avg_deg=82.36 max_deg=177
[M::hk_bmap_gen] generated 5266 beads
[M::hk_bmap_gen] 216686 bin pairs
[M::blind-gpu] prepared pair buffers: n_diploid=5266 n_pairs=221815 n_block_keys=433534 n_steps=100
[I::fdg-gpu] blocklist CSR ready: edges=433534 avg_deg=82.33 max_deg=177
[M::hk_bmap_gen] generated 5266 beads
[M::hk_bmap_gen] 216678 bin pairs
[M::blind-gpu] prepared pair buffers: n_diploid=5266 n_pairs=221810 n_block_keys=433524 n_steps=100
[I::fdg-gpu] blocklist CSR ready: edges=433524 avg_deg=82.33 max_deg=177
[M::hk_bmap_gen] generated 5266 beads
[M::hk_bmap_gen] 216616 bin pairs
[M::blind-gpu] prepared pair buffers: n_diploid=5266 n_pairs=221749 n_block_keys=433402 n_steps=100
[I::fdg-gpu] blocklist CSR ready: edges=433402 avg_deg=82.30 max_deg=177
[M::hk_bmap_gen] generated 5266 beads
[M::hk_bmap_gen] 216542 bin pairs
[M::blind-gpu] prepared pair buffers: n_diploid=5266 n_pairs=221675 n_block_keys=433252 n_steps=100
[I::fdg-gpu] blocklist CSR ready: edges=433252 avg_deg=82.27 max_deg=178
[M::hk_bmap_gen] generated 5266 beads
[M::hk_bmap_gen] 216383 bin pairs
[M::blind-gpu] prepared pair buffers: n_diploid=5266 n_pairs=221520 n_block_keys=432946 n_steps=100
[I::fdg-gpu] blocklist CSR ready: edges=432946 avg_deg=82.22 max_deg=178
[M::hk_bmap_gen] generated 5266 beads
[M::hk_bmap_gen] 216267 bin pairs
[M::blind-gpu] prepared pair buffers: n_diploid=5266 n_pairs=221414 n_block_keys=432732 n_steps=100
[I::fdg-gpu] blocklist CSR ready: edges=432732 avg_deg=82.17 max_deg=178
[M::hk_bmap_gen] generated 5266 beads
[M::hk_bmap_gen] 216193 bin pairs
[M::blind-gpu] prepared pair buffers: n_diploid=5266 n_pairs=221342 n_block_keys=432588 n_steps=100
[I::fdg-gpu] blocklist CSR ready: edges=432588 avg_deg=82.15 max_deg=178
[M::hk_bmap_gen] generated 5266 beads
[M::hk_bmap_gen] 216052 bin pairs
[M::blind-gpu] prepared pair buffers: n_diploid=5266 n_pairs=221195 n_block_keys=432292 n_steps=100
[I::fdg-gpu] blocklist CSR ready: edges=432292 avg_deg=82.09 max_deg=178
[M::hk_bmap_gen] generated 5266 beads
[M::hk_bmap_gen] 215984 bin pairs
[M::blind-gpu] prepared pair buffers: n_diploid=5266 n_pairs=221131 n_block_keys=432166 n_steps=100
[I::fdg-gpu] blocklist CSR ready: edges=432166 avg_deg=82.07 max_deg=178
[M::hk_bmap_gen] generated 5266 beads
[M::hk_bmap_gen] 215864 bin pairs
[M::blind-gpu] prepared pair buffers: n_diploid=5266 n_pairs=221010 n_block_keys=431922 n_steps=100
[I::fdg-gpu] blocklist CSR ready: edges=431922 avg_deg=82.02 max_deg=177
[M::hk_bmap_gen] generated 5266 beads
[M::hk_bmap_gen] 215835 bin pairs
[M::blind-gpu] prepared pair buffers: n_diploid=5266 n_pairs=220978 n_block_keys=431858 n_steps=100
[I::fdg-gpu] blocklist CSR ready: edges=431858 avg_deg=82.01 max_deg=177
[M::hk_bmap_gen] generated 5266 beads
[M::hk_bmap_gen] 215719 bin pairs
[M::blind-gpu] prepared pair buffers: n_diploid=5266 n_pairs=220858 n_block_keys=431618 n_steps=100
[I::fdg-gpu] blocklist CSR ready: edges=431618 avg_deg=81.96 max_deg=177
[M::hk_bmap_gen] generated 5266 beads
[M::hk_bmap_gen] 215646 bin pairs
[M::blind-gpu] prepared pair buffers: n_diploid=5266 n_pairs=220792 n_block_keys=431486 n_steps=100
[I::fdg-gpu] blocklist CSR ready: edges=431486 avg_deg=81.94 max_deg=178
[M::hk_bmap_gen] generated 5266 beads
[M::hk_bmap_gen] 215609 bin pairs
[M::blind-gpu] prepared pair buffers: n_diploid=5266 n_pairs=220754 n_block_keys=431410 n_steps=100
[I::fdg-gpu] blocklist CSR ready: edges=431410 avg_deg=81.92 max_deg=179
[M::hk_bmap_gen] generated 5266 beads
[M::hk_bmap_gen] 215571 bin pairs
[M::blind-gpu] prepared pair buffers: n_diploid=5266 n_pairs=220719 n_block_keys=431340 n_steps=100
[I::fdg-gpu] blocklist CSR ready: edges=431340 avg_deg=81.91 max_deg=179
[M::hk_bmap_gen] generated 5266 beads
[M::hk_bmap_gen] 215545 bin pairs
[M::blind-gpu] prepared pair buffers: n_diploid=5266 n_pairs=220684 n_block_keys=431270 n_steps=100
[I::fdg-gpu] blocklist CSR ready: edges=431270 avg_deg=81.90 max_deg=179
[M::hk_bmap_gen] generated 5266 beads
[M::hk_bmap_gen] 215556 bin pairs
[M::blind-gpu] prepared pair buffers: n_diploid=5266 n_pairs=220699 n_block_keys=431300 n_steps=100
[I::fdg-gpu] blocklist CSR ready: edges=431300 avg_deg=81.90 max_deg=183
[M::hk_bmap_gen] generated 5266 beads
[M::hk_bmap_gen] 215513 bin pairs
[M::blind-gpu] prepared pair buffers: n_diploid=5266 n_pairs=220655 n_block_keys=431214 n_steps=100
[I::fdg-gpu] blocklist CSR ready: edges=431214 avg_deg=81.89 max_deg=183
[M::hk_bmap_gen] generated 5266 beads
[M::hk_bmap_gen] 215464 bin pairs
[M::blind-gpu] prepared pair buffers: n_diploid=5266 n_pairs=220606 n_block_keys=431114 n_steps=100
[I::fdg-gpu] blocklist CSR ready: edges=431114 avg_deg=81.87 max_deg=183
[M::hk_bmap_gen] generated 5266 beads
[M::hk_bmap_gen] 215487 bin pairs
[M::blind-gpu] prepared pair buffers: n_diploid=5266 n_pairs=220620 n_block_keys=431142 n_steps=100
[I::fdg-gpu] blocklist CSR ready: edges=431142 avg_deg=81.87 max_deg=182
[M::hk_bmap_gen] generated 5266 beads
[M::hk_bmap_gen] 215467 bin pairs
[M::blind-gpu] prepared pair buffers: n_diploid=5266 n_pairs=220599 n_block_keys=431102 n_steps=100
[I::fdg-gpu] blocklist CSR ready: edges=431102 avg_deg=81.87 max_deg=182
[M::hk_bmap_gen] generated 5266 beads
[M::hk_bmap_gen] 215441 bin pairs
[M::blind-gpu] prepared pair buffers: n_diploid=5266 n_pairs=220578 n_block_keys=431060 n_steps=100
[I::fdg-gpu] blocklist CSR ready: edges=431060 avg_deg=81.86 max_deg=182
[M::hk_bmap_gen] generated 5266 beads
[M::hk_bmap_gen] 215446 bin pairs
[M::blind-gpu] prepared pair buffers: n_diploid=5266 n_pairs=220593 n_block_keys=431090 n_steps=100
[I::fdg-gpu] blocklist CSR ready: edges=431090 avg_deg=81.86 max_deg=180
[M::hk_bmap_gen] generated 5266 beads
[M::hk_bmap_gen] 215399 bin pairs
[M::blind-gpu] prepared pair buffers: n_diploid=5266 n_pairs=220538 n_block_keys=430980 n_steps=100
[I::fdg-gpu] blocklist CSR ready: edges=430980 avg_deg=81.84 max_deg=180
[M::hk_bmap_gen] generated 5266 beads
[M::hk_bmap_gen] 215391 bin pairs
[M::blind-gpu] prepared pair buffers: n_diploid=5266 n_pairs=220536 n_block_keys=430976 n_steps=100
[I::fdg-gpu] blocklist CSR ready: edges=430976 avg_deg=81.84 max_deg=180
[M::hk_bmap_gen] generated 5266 beads
[M::hk_bmap_gen] 215360 bin pairs
[M::blind-gpu] prepared pair buffers: n_diploid=5266 n_pairs=220505 n_block_keys=430914 n_steps=100
[I::fdg-gpu] blocklist CSR ready: edges=430914 avg_deg=81.83 max_deg=179
[M::hk_bmap_gen] generated 5266 beads
[M::hk_bmap_gen] 215312 bin pairs
[M::blind-gpu] prepared pair buffers: n_diploid=5266 n_pairs=220452 n_block_keys=430808 n_steps=100
[I::fdg-gpu] blocklist CSR ready: edges=430808 avg_deg=81.81 max_deg=179
[M::hk_bmap_gen] generated 5266 beads
[M::hk_bmap_gen] 215243 bin pairs
[M::blind-gpu] prepared pair buffers: n_diploid=5266 n_pairs=220386 n_block_keys=430676 n_steps=100
[I::fdg-gpu] blocklist CSR ready: edges=430676 avg_deg=81.78 max_deg=179
[M::hk_bmap_gen] generated 5266 beads
[M::hk_bmap_gen] 215188 bin pairs
[M::blind-gpu] prepared pair buffers: n_diploid=5266 n_pairs=220330 n_block_keys=430564 n_steps=100
[I::fdg-gpu] blocklist CSR ready: edges=430564 avg_deg=81.76 max_deg=179
[M::hk_bmap_gen] generated 5266 beads
[M::hk_bmap_gen] 215166 bin pairs
[M::blind-gpu] prepared pair buffers: n_diploid=5266 n_pairs=220298 n_block_keys=430500 n_steps=100
[I::fdg-gpu] blocklist CSR ready: edges=430500 avg_deg=81.75 max_deg=179
[M::hk_bmap_gen] generated 5266 beads
[M::hk_bmap_gen] 215117 bin pairs
[M::blind-gpu] prepared pair buffers: n_diploid=5266 n_pairs=220246 n_block_keys=430396 n_steps=100
[I::fdg-gpu] blocklist CSR ready: edges=430396 avg_deg=81.73 max_deg=179
[M::hk_bmap_gen] generated 5266 beads
[M::hk_bmap_gen] 214997 bin pairs
[M::blind-gpu] prepared pair buffers: n_diploid=5266 n_pairs=220123 n_block_keys=430150 n_steps=100
[I::fdg-gpu] blocklist CSR ready: edges=430150 avg_deg=81.68 max_deg=179
[M::hk_bmap_gen] generated 5266 beads
[M::hk_bmap_gen] 214949 bin pairs
[M::blind-gpu] prepared pair buffers: n_diploid=5266 n_pairs=220074 n_block_keys=430052 n_steps=100
[I::fdg-gpu] blocklist CSR ready: edges=430052 avg_deg=81.67 max_deg=179
[M::hk_bmap_gen] generated 5266 beads
[M::hk_bmap_gen] 214887 bin pairs
[M::blind-gpu] prepared pair buffers: n_diploid=5266 n_pairs=220010 n_block_keys=429924 n_steps=100
[I::fdg-gpu] blocklist CSR ready: edges=429924 avg_deg=81.64 max_deg=179
[M::hk_bmap_gen] generated 5266 beads
[M::hk_bmap_gen] 214880 bin pairs
[M::blind-gpu] prepared pair buffers: n_diploid=5266 n_pairs=220002 n_block_keys=429908 n_steps=100
[I::fdg-gpu] blocklist CSR ready: edges=429908 avg_deg=81.64 max_deg=179
[M::hk_bmap_gen] generated 5266 beads
[M::hk_bmap_gen] 214856 bin pairs
[M::blind-gpu] prepared pair buffers: n_diploid=5266 n_pairs=219978 n_block_keys=429860 n_steps=100
[I::fdg-gpu] blocklist CSR ready: edges=429860 avg_deg=81.63 max_deg=180
[M::hk_bmap_gen] generated 5266 beads
[M::hk_bmap_gen] 214813 bin pairs
[M::blind-gpu] prepared pair buffers: n_diploid=5266 n_pairs=219931 n_block_keys=429766 n_steps=100
[I::fdg-gpu] blocklist CSR ready: edges=429766 avg_deg=81.61 max_deg=180
[M::hk_bmap_gen] generated 5266 beads
[M::hk_bmap_gen] 214821 bin pairs
[M::blind-gpu] prepared pair buffers: n_diploid=5266 n_pairs=219938 n_block_keys=429780 n_steps=100
[I::fdg-gpu] blocklist CSR ready: edges=429780 avg_deg=81.61 max_deg=181
[M::hk_bmap_gen] generated 5266 beads
[M::hk_bmap_gen] 214730 bin pairs
[M::blind-gpu] prepared pair buffers: n_diploid=5266 n_pairs=219855 n_block_keys=429614 n_steps=100
[I::fdg-gpu] blocklist CSR ready: edges=429614 avg_deg=81.58 max_deg=182
[M::hk_bmap_gen] generated 5266 beads
[M::hk_bmap_gen] 214728 bin pairs
[M::blind-gpu] prepared pair buffers: n_diploid=5266 n_pairs=219851 n_block_keys=429606 n_steps=100
[I::fdg-gpu] blocklist CSR ready: edges=429606 avg_deg=81.58 max_deg=182
[M::hk_bmap_gen] generated 5266 beads
[M::hk_bmap_gen] 214710 bin pairs
[M::blind-gpu] prepared pair buffers: n_diploid=5266 n_pairs=219832 n_block_keys=429568 n_steps=100
[I::fdg-gpu] blocklist CSR ready: edges=429568 avg_deg=81.57 max_deg=182
[M::hk_bmap_gen] generated 5266 beads
[M::hk_bmap_gen] 214700 bin pairs
[M::blind-gpu] prepared pair buffers: n_diploid=5266 n_pairs=219818 n_block_keys=429542 n_steps=100
[I::fdg-gpu] blocklist CSR ready: edges=429542 avg_deg=81.57 max_deg=182
[M::hk_bmap_gen] generated 5266 beads
[M::hk_bmap_gen] 214669 bin pairs
[M::blind-gpu] prepared pair buffers: n_diploid=5266 n_pairs=219789 n_block_keys=429484 n_steps=100
[I::fdg-gpu] blocklist CSR ready: edges=429484 avg_deg=81.56 max_deg=182
[M::hk_bmap_gen] generated 5266 beads
[M::hk_bmap_gen] 214605 bin pairs
[M::blind-gpu] prepared pair buffers: n_diploid=5266 n_pairs=219727 n_block_keys=429360 n_steps=100
[I::fdg-gpu] blocklist CSR ready: edges=429360 avg_deg=81.53 max_deg=182
[M::hk_bmap_gen] generated 5266 beads
[M::hk_bmap_gen] 214587 bin pairs
[M::blind-gpu] prepared pair buffers: n_diploid=5266 n_pairs=219704 n_block_keys=429312 n_steps=100
[I::fdg-gpu] blocklist CSR ready: edges=429312 avg_deg=81.53 max_deg=182
[M::hk_bmap_gen] generated 5266 beads
[M::hk_bmap_gen] 214583 bin pairs
[M::blind-gpu] prepared pair buffers: n_diploid=5266 n_pairs=219702 n_block_keys=429308 n_steps=100
[I::fdg-gpu] blocklist CSR ready: edges=429308 avg_deg=81.52 max_deg=182
[M::hk_bmap_gen] generated 5266 beads
[M::hk_bmap_gen] 214534 bin pairs
[M::blind-gpu] prepared pair buffers: n_diploid=5266 n_pairs=219658 n_block_keys=429220 n_steps=100
[I::fdg-gpu] blocklist CSR ready: edges=429220 avg_deg=81.51 max_deg=182
[M::hk_bmap_gen] generated 5266 beads
[M::hk_bmap_gen] 214533 bin pairs
[M::blind-gpu] prepared pair buffers: n_diploid=5266 n_pairs=219661 n_block_keys=429226 n_steps=100
[I::fdg-gpu] blocklist CSR ready: edges=429226 avg_deg=81.51 max_deg=182
[M::hk_bmap_gen] generated 5266 beads
[M::hk_bmap_gen] 214517 bin pairs
[M::blind-gpu] prepared pair buffers: n_diploid=5266 n_pairs=219647 n_block_keys=429198 n_steps=100
[I::fdg-gpu] blocklist CSR ready: edges=429198 avg_deg=81.50 max_deg=182
[M::hk_bmap_gen] generated 5266 beads
[M::hk_bmap_gen] 214460 bin pairs
[M::blind-gpu] prepared pair buffers: n_diploid=5266 n_pairs=219589 n_block_keys=429082 n_steps=100
[I::fdg-gpu] blocklist CSR ready: edges=429082 avg_deg=81.48 max_deg=182
[M::hk_bmap_gen] generated 5266 beads
[M::hk_bmap_gen] 214438 bin pairs
[M::blind-gpu] prepared pair buffers: n_diploid=5266 n_pairs=219572 n_block_keys=429046 n_steps=100
[I::fdg-gpu] blocklist CSR ready: edges=429046 avg_deg=81.47 max_deg=182
[M::hk_bmap_gen] generated 5266 beads
[M::hk_bmap_gen] 214370 bin pairs
[M::blind-gpu] prepared pair buffers: n_diploid=5266 n_pairs=219500 n_block_keys=428902 n_steps=100
[I::fdg-gpu] blocklist CSR ready: edges=428902 avg_deg=81.45 max_deg=182
[M::hk_bmap_gen] generated 5266 beads
[M::hk_bmap_gen] 214326 bin pairs
[M::blind-gpu] prepared pair buffers: n_diploid=5266 n_pairs=219453 n_block_keys=428808 n_steps=100
[I::fdg-gpu] blocklist CSR ready: edges=428808 avg_deg=81.43 max_deg=182
[M::hk_bmap_gen] generated 5266 beads
[M::hk_bmap_gen] 214287 bin pairs
[M::blind-gpu] prepared pair buffers: n_diploid=5266 n_pairs=219420 n_block_keys=428742 n_steps=100
[I::fdg-gpu] blocklist CSR ready: edges=428742 avg_deg=81.42 max_deg=183
[M::hk_bmap_gen] generated 5266 beads
[M::hk_bmap_gen] 214247 bin pairs
[M::blind-gpu] prepared pair buffers: n_diploid=5266 n_pairs=219378 n_block_keys=428658 n_steps=100
[I::fdg-gpu] blocklist CSR ready: edges=428658 avg_deg=81.40 max_deg=183
[M::hk_bmap_gen] generated 5266 beads
[M::hk_bmap_gen] 214208 bin pairs
[M::blind-gpu] prepared pair buffers: n_diploid=5266 n_pairs=219337 n_block_keys=428578 n_steps=100
[I::fdg-gpu] blocklist CSR ready: edges=428578 avg_deg=81.39 max_deg=183
[M::hk_bmap_gen] generated 5266 beads
[M::hk_bmap_gen] 214169 bin pairs
[M::blind-gpu] prepared pair buffers: n_diploid=5266 n_pairs=219304 n_block_keys=428512 n_steps=100
[I::fdg-gpu] blocklist CSR ready: edges=428512 avg_deg=81.37 max_deg=183
[M::hk_bmap_gen] generated 5266 beads
[M::hk_bmap_gen] 214148 bin pairs
[M::blind-gpu] prepared pair buffers: n_diploid=5266 n_pairs=219278 n_block_keys=428460 n_steps=100
[I::fdg-gpu] blocklist CSR ready: edges=428460 avg_deg=81.36 max_deg=183
[M::hk_bmap_gen] generated 5266 beads
[M::hk_bmap_gen] 214132 bin pairs
[M::blind-gpu] prepared pair buffers: n_diploid=5266 n_pairs=219260 n_block_keys=428424 n_steps=100
[I::fdg-gpu] blocklist CSR ready: edges=428424 avg_deg=81.36 max_deg=183
[M::hk_bmap_gen] generated 5266 beads
[M::hk_bmap_gen] 214156 bin pairs
[M::blind-gpu] prepared pair buffers: n_diploid=5266 n_pairs=219293 n_block_keys=428490 n_steps=100
[I::fdg-gpu] blocklist CSR ready: edges=428490 avg_deg=81.37 max_deg=183
[M::hk_bmap_gen] generated 5266 beads
[M::hk_bmap_gen] 214140 bin pairs
[M::blind-gpu] prepared pair buffers: n_diploid=5266 n_pairs=219278 n_block_keys=428458 n_steps=100
[I::fdg-gpu] blocklist CSR ready: edges=428458 avg_deg=81.36 max_deg=182
[M::hk_bmap_gen] generated 5266 beads
[M::hk_bmap_gen] 214144 bin pairs
[M::blind-gpu] prepared pair buffers: n_diploid=5266 n_pairs=219277 n_block_keys=428456 n_steps=100
[I::fdg-gpu] blocklist CSR ready: edges=428456 avg_deg=81.36 max_deg=182
[M::hk_bmap_gen] generated 5266 beads
[M::hk_bmap_gen] 214116 bin pairs
[M::blind-gpu] prepared pair buffers: n_diploid=5266 n_pairs=219248 n_block_keys=428400 n_steps=100
[I::fdg-gpu] blocklist CSR ready: edges=428400 avg_deg=81.35 max_deg=182
[M::hk_bmap_gen] generated 5266 beads
[M::hk_bmap_gen] 214114 bin pairs
[M::blind-gpu] prepared pair buffers: n_diploid=5266 n_pairs=219245 n_block_keys=428394 n_steps=100
[I::fdg-gpu] blocklist CSR ready: edges=428394 avg_deg=81.35 max_deg=182
[M::hk_bmap_gen] generated 5266 beads
[M::hk_bmap_gen] 214090 bin pairs
[M::blind-gpu] prepared pair buffers: n_diploid=5266 n_pairs=219210 n_block_keys=428324 n_steps=100
[I::fdg-gpu] blocklist CSR ready: edges=428324 avg_deg=81.34 max_deg=182
[M::hk_bmap_gen] generated 5266 beads
[M::hk_bmap_gen] 214069 bin pairs
[M::blind-gpu] prepared pair buffers: n_diploid=5266 n_pairs=219193 n_block_keys=428292 n_steps=100
[I::fdg-gpu] blocklist CSR ready: edges=428292 avg_deg=81.33 max_deg=182
[M::hk_bmap_gen] generated 5266 beads
[M::hk_bmap_gen] 214082 bin pairs
[M::blind-gpu] prepared pair buffers: n_diploid=5266 n_pairs=219209 n_block_keys=428324 n_steps=100
[I::fdg-gpu] blocklist CSR ready: edges=428324 avg_deg=81.34 max_deg=182
[M::hk_bmap_gen] generated 5266 beads
[M::hk_bmap_gen] 214050 bin pairs
[M::blind-gpu] prepared pair buffers: n_diploid=5266 n_pairs=219179 n_block_keys=428264 n_steps=100
[I::fdg-gpu] blocklist CSR ready: edges=428264 avg_deg=81.33 max_deg=182
[M::hk_bmap_gen] generated 5266 beads
[M::hk_bmap_gen] 214040 bin pairs
[M::blind-gpu] prepared pair buffers: n_diploid=5266 n_pairs=219169 n_block_keys=428244 n_steps=100
[I::fdg-gpu] blocklist CSR ready: edges=428244 avg_deg=81.32 max_deg=182
[M::hk_bmap_gen] generated 5266 beads
[M::hk_bmap_gen] 214044 bin pairs
[M::blind-gpu] prepared pair buffers: n_diploid=5266 n_pairs=219184 n_block_keys=428274 n_steps=100
[I::fdg-gpu] blocklist CSR ready: edges=428274 avg_deg=81.33 max_deg=182
[M::hk_bmap_gen] generated 5266 beads
[M::hk_bmap_gen] 214011 bin pairs
[M::blind-gpu] prepared pair buffers: n_diploid=5266 n_pairs=219151 n_block_keys=428208 n_steps=100
[I::fdg-gpu] blocklist CSR ready: edges=428208 avg_deg=81.32 max_deg=182
[M::hk_bmap_gen] generated 5266 beads
[M::hk_bmap_gen] 214006 bin pairs
[M::blind-gpu] prepared pair buffers: n_diploid=5266 n_pairs=219147 n_block_keys=428200 n_steps=100
[I::fdg-gpu] blocklist CSR ready: edges=428200 avg_deg=81.31 max_deg=182
[M::hk_bmap_gen] generated 5266 beads
[M::hk_bmap_gen] 213981 bin pairs
[M::blind-gpu] prepared pair buffers: n_diploid=5266 n_pairs=219123 n_block_keys=428152 n_steps=100
[I::fdg-gpu] blocklist CSR ready: edges=428152 avg_deg=81.30 max_deg=182
[M::hk_bmap_gen] generated 5266 beads
[M::hk_bmap_gen] 213932 bin pairs
[M::blind-gpu] prepared pair buffers: n_diploid=5266 n_pairs=219069 n_block_keys=428042 n_steps=100
[I::fdg-gpu] blocklist CSR ready: edges=428042 avg_deg=81.28 max_deg=182
[M::hk_bmap_gen] generated 5266 beads
[M::hk_bmap_gen] 213949 bin pairs
[M::blind-gpu] prepared pair buffers: n_diploid=5266 n_pairs=219093 n_block_keys=428090 n_steps=100
[I::fdg-gpu] blocklist CSR ready: edges=428090 avg_deg=81.29 max_deg=182
[M::hk_bmap_gen] generated 5266 beads
[M::hk_bmap_gen] 213950 bin pairs
[M::blind-gpu] prepared pair buffers: n_diploid=5266 n_pairs=219093 n_block_keys=428090 n_steps=100
[I::fdg-gpu] blocklist CSR ready: edges=428090 avg_deg=81.29 max_deg=181
minimal P9016[1m]: write outputs to /mnt/ssd/zliu/phase3/test_res/010-20260617_001012-p9016_dscale_sep_sweep/scaffold_expected_msep1p5_lsep1_ieps1_noise0p05
[M::hk_bmap_gen] generated 5266 beads
[M::hk_bmap_gen] 213900 bin pairs
minimal P9016[1m]: status=OK final_entropy=0.61878592 final_pU=0.44635969
minimal P9016: summary /mnt/ssd/zliu/phase3/test_res/010-20260617_001012-p9016_dscale_sep_sweep/matrix_summary.tsv
audit status: OK n_raw=1703888 n_bpair=489556 n_beads=2633 bpair_rows=489556 coord_rows=5266 raw_rows=0 posterior_bad_rows=0 coord_bad_rows=0 raw_bad_rows=0 forbidden_string_hits=0
audit_done	2026-06-17T00:28:42+08:00	scaffold_expected_msep1p5_lsep1_ieps1_noise0p05
