minimal P9016: input=/shared/zliu/CHARM/CHARM_mesc/data/pairs/P9016.pairs.gz output_root=/mnt/ssd/zliu/phase3/test_res/032-20260619_122253-p9016_trans_contact_scaling_1m/outputs config=p9016_pcgamma1_tk1p5_td1_sep0_ieps0p5_noise0_seed17 baseline=softall n_iter=100 relax_steps=100 relax_step=0.012 chain=0 init_mode=unphased_scaffold_split init_eps=0.5 init_noise=0 init_scale=10 init_seed=17 min_sep=0 lambda_sep=0 lambda_copytrack=0 lambda_global_copytrack=0 trans_chr_pair_prior_lambda=0 trans_chr_pair_prior_eps=0.001 trans_chr_pair_prior_power=1 trans_chr_pair_prior_warmup_iter=0 d_scale_mode=posterior_count d_scale_input=posterior_count d_scale_formula=n_raw*posterior_prob^1 d_scale_gamma=1 d_scale_eps=1e-06 trans_k_multiplier=1.5 trans_dscale_multiplier=1 readgroup_mode=off readgroup_max_segments=8 readgroup_eps=1e-06 relax_backend=gpu
minimal P9016: stage 1/1 name=1m bin_size_bp=1000000 parent=0
[M::hk_map_read] read 1703888 pairs
[M::hk_bmap_gen] generated 2633 beads
[M::hk_bmap_gen] 489556 bin pairs
minimal P9016[1m]: build binned contacts
minimal P9016[1m]: init mode=unphased_scaffold_split seed=17 scale=10
[M::hk_fdg] mid_dist:1000000 max_nei:69
[M::hk_fdg1_cpu] iter:10 elapsed:0.32s rep_coef:0.2092 RMS_force:367.1874 n_rep:43.0820 energy:25.1082,6.6566,0.0049 dist:5.6169,6.6204,1.4501
[M::hk_fdg1_cpu] iter:20 elapsed:0.79s rep_coef:0.6615 RMS_force:336.9308 n_rep:157.7303 energy:7.7515,3.4068,0.0177 dist:3.4076,4.2658,1.4016
[M::hk_fdg1_cpu] iter:30 elapsed:1.75s rep_coef:0.9352 RMS_force:226.0828 n_rep:592.3505 energy:1.8327,1.0566,0.0354 dist:1.9896,2.3234,1.2554
[M::hk_fdg1_cpu] iter:40 elapsed:3.15s rep_coef:0.9907 RMS_force:132.8226 n_rep:808.7839 energy:0.5357,0.4158,0.0366 dist:1.4081,1.7237,1.2560
[M::hk_fdg1_cpu] iter:50 elapsed:4.62s rep_coef:0.9987 RMS_force:99.3491 n_rep:815.5837 energy:0.1678,0.2703,0.0325 dist:1.0643,1.6062,1.3142
minimal P9016[1m]: run softall, n_iter=100 relax_steps=100 relax_step=0.012 relax_backend=gpu
[M::hk_bmap_gen] generated 5266 beads
[M::hk_bmap_gen] 287142 bin pairs
[M::blind-gpu] prepared pair buffers: n_diploid=5266 n_pairs=292308 n_block_keys=574524 n_steps=100
[I::fdg-gpu] blocklist CSR ready: edges=574524 avg_deg=109.10 max_deg=193
[M::hk_bmap_gen] generated 5266 beads
[M::hk_bmap_gen] 286144 bin pairs
[M::blind-gpu] prepared pair buffers: n_diploid=5266 n_pairs=291269 n_block_keys=572442 n_steps=100
[I::fdg-gpu] blocklist CSR ready: edges=572442 avg_deg=108.71 max_deg=196
[M::hk_bmap_gen] generated 5266 beads
[M::hk_bmap_gen] 271344 bin pairs
[M::blind-gpu] prepared pair buffers: n_diploid=5266 n_pairs=276417 n_block_keys=542736 n_steps=100
[I::fdg-gpu] blocklist CSR ready: edges=542736 avg_deg=103.06 max_deg=206
[M::hk_bmap_gen] generated 5266 beads
[M::hk_bmap_gen] 257241 bin pairs
[M::blind-gpu] prepared pair buffers: n_diploid=5266 n_pairs=262313 n_block_keys=514538 n_steps=100
[I::fdg-gpu] blocklist CSR ready: edges=514538 avg_deg=97.71 max_deg=203
[M::hk_bmap_gen] generated 5266 beads
[M::hk_bmap_gen] 245512 bin pairs
[M::blind-gpu] prepared pair buffers: n_diploid=5266 n_pairs=250579 n_block_keys=491072 n_steps=100
[I::fdg-gpu] blocklist CSR ready: edges=491072 avg_deg=93.25 max_deg=204
[M::hk_bmap_gen] generated 5266 beads
[M::hk_bmap_gen] 236803 bin pairs
[M::blind-gpu] prepared pair buffers: n_diploid=5266 n_pairs=241878 n_block_keys=473672 n_steps=100
[I::fdg-gpu] blocklist CSR ready: edges=473672 avg_deg=89.95 max_deg=206
[M::hk_bmap_gen] generated 5266 beads
[M::hk_bmap_gen] 229856 bin pairs
[M::blind-gpu] prepared pair buffers: n_diploid=5266 n_pairs=234940 n_block_keys=459794 n_steps=100
[I::fdg-gpu] blocklist CSR ready: edges=459794 avg_deg=87.31 max_deg=202
[M::hk_bmap_gen] generated 5266 beads
[M::hk_bmap_gen] 224894 bin pairs
[M::blind-gpu] prepared pair buffers: n_diploid=5266 n_pairs=229996 n_block_keys=449904 n_steps=100
[I::fdg-gpu] blocklist CSR ready: edges=449904 avg_deg=85.44 max_deg=206
[M::hk_bmap_gen] generated 5266 beads
[M::hk_bmap_gen] 221091 bin pairs
[M::blind-gpu] prepared pair buffers: n_diploid=5266 n_pairs=226211 n_block_keys=442338 n_steps=100
[I::fdg-gpu] blocklist CSR ready: edges=442338 avg_deg=84.00 max_deg=206
[M::hk_bmap_gen] generated 5266 beads
[M::hk_bmap_gen] 218757 bin pairs
[M::blind-gpu] prepared pair buffers: n_diploid=5266 n_pairs=223877 n_block_keys=437666 n_steps=100
[I::fdg-gpu] blocklist CSR ready: edges=437666 avg_deg=83.11 max_deg=205
[M::hk_bmap_gen] generated 5266 beads
[M::hk_bmap_gen] 217714 bin pairs
[M::blind-gpu] prepared pair buffers: n_diploid=5266 n_pairs=222828 n_block_keys=435564 n_steps=100
[I::fdg-gpu] blocklist CSR ready: edges=435564 avg_deg=82.71 max_deg=201
[M::hk_bmap_gen] generated 5266 beads
[M::hk_bmap_gen] 217023 bin pairs
[M::blind-gpu] prepared pair buffers: n_diploid=5266 n_pairs=222144 n_block_keys=434196 n_steps=100
[I::fdg-gpu] blocklist CSR ready: edges=434196 avg_deg=82.45 max_deg=198
[M::hk_bmap_gen] generated 5266 beads
[M::hk_bmap_gen] 216792 bin pairs
[M::blind-gpu] prepared pair buffers: n_diploid=5266 n_pairs=221901 n_block_keys=433710 n_steps=100
[I::fdg-gpu] blocklist CSR ready: edges=433710 avg_deg=82.36 max_deg=196
[M::hk_bmap_gen] generated 5266 beads
[M::hk_bmap_gen] 216522 bin pairs
[M::blind-gpu] prepared pair buffers: n_diploid=5266 n_pairs=221628 n_block_keys=433160 n_steps=100
[I::fdg-gpu] blocklist CSR ready: edges=433160 avg_deg=82.26 max_deg=193
[M::hk_bmap_gen] generated 5266 beads
[M::hk_bmap_gen] 216125 bin pairs
[M::blind-gpu] prepared pair buffers: n_diploid=5266 n_pairs=221256 n_block_keys=432416 n_steps=100
[I::fdg-gpu] blocklist CSR ready: edges=432416 avg_deg=82.11 max_deg=191
[M::hk_bmap_gen] generated 5266 beads
[M::hk_bmap_gen] 215863 bin pairs
[M::blind-gpu] prepared pair buffers: n_diploid=5266 n_pairs=220991 n_block_keys=431884 n_steps=100
[I::fdg-gpu] blocklist CSR ready: edges=431884 avg_deg=82.01 max_deg=189
[M::hk_bmap_gen] generated 5266 beads
[M::hk_bmap_gen] 215657 bin pairs
[M::blind-gpu] prepared pair buffers: n_diploid=5266 n_pairs=220788 n_block_keys=431482 n_steps=100
[I::fdg-gpu] blocklist CSR ready: edges=431482 avg_deg=81.94 max_deg=187
[M::hk_bmap_gen] generated 5266 beads
[M::hk_bmap_gen] 215311 bin pairs
[M::blind-gpu] prepared pair buffers: n_diploid=5266 n_pairs=220447 n_block_keys=430806 n_steps=100
[I::fdg-gpu] blocklist CSR ready: edges=430806 avg_deg=81.81 max_deg=186
[M::hk_bmap_gen] generated 5266 beads
[M::hk_bmap_gen] 215073 bin pairs
[M::blind-gpu] prepared pair buffers: n_diploid=5266 n_pairs=220212 n_block_keys=430344 n_steps=100
[I::fdg-gpu] blocklist CSR ready: edges=430344 avg_deg=81.72 max_deg=186
[M::hk_bmap_gen] generated 5266 beads
[M::hk_bmap_gen] 214886 bin pairs
[M::blind-gpu] prepared pair buffers: n_diploid=5266 n_pairs=220018 n_block_keys=429960 n_steps=100
[I::fdg-gpu] blocklist CSR ready: edges=429960 avg_deg=81.65 max_deg=186
[M::hk_bmap_gen] generated 5266 beads
[M::hk_bmap_gen] 214701 bin pairs
[M::blind-gpu] prepared pair buffers: n_diploid=5266 n_pairs=219827 n_block_keys=429576 n_steps=100
[I::fdg-gpu] blocklist CSR ready: edges=429576 avg_deg=81.58 max_deg=185
[M::hk_bmap_gen] generated 5266 beads
[M::hk_bmap_gen] 214584 bin pairs
[M::blind-gpu] prepared pair buffers: n_diploid=5266 n_pairs=219725 n_block_keys=429372 n_steps=100
[I::fdg-gpu] blocklist CSR ready: edges=429372 avg_deg=81.54 max_deg=185
[M::hk_bmap_gen] generated 5266 beads
[M::hk_bmap_gen] 214525 bin pairs
[M::blind-gpu] prepared pair buffers: n_diploid=5266 n_pairs=219660 n_block_keys=429240 n_steps=100
[I::fdg-gpu] blocklist CSR ready: edges=429240 avg_deg=81.51 max_deg=184
[M::hk_bmap_gen] generated 5266 beads
[M::hk_bmap_gen] 214302 bin pairs
[M::blind-gpu] prepared pair buffers: n_diploid=5266 n_pairs=219449 n_block_keys=428826 n_steps=100
[I::fdg-gpu] blocklist CSR ready: edges=428826 avg_deg=81.43 max_deg=184
[M::hk_bmap_gen] generated 5266 beads
[M::hk_bmap_gen] 214144 bin pairs
[M::blind-gpu] prepared pair buffers: n_diploid=5266 n_pairs=219271 n_block_keys=428468 n_steps=100
[I::fdg-gpu] blocklist CSR ready: edges=428468 avg_deg=81.36 max_deg=184
[M::hk_bmap_gen] generated 5266 beads
[M::hk_bmap_gen] 214000 bin pairs
[M::blind-gpu] prepared pair buffers: n_diploid=5266 n_pairs=219150 n_block_keys=428220 n_steps=100
[I::fdg-gpu] blocklist CSR ready: edges=428220 avg_deg=81.32 max_deg=183
[M::hk_bmap_gen] generated 5266 beads
[M::hk_bmap_gen] 213884 bin pairs
[M::blind-gpu] prepared pair buffers: n_diploid=5266 n_pairs=219035 n_block_keys=427984 n_steps=100
[I::fdg-gpu] blocklist CSR ready: edges=427984 avg_deg=81.27 max_deg=183
[M::hk_bmap_gen] generated 5266 beads
[M::hk_bmap_gen] 213863 bin pairs
[M::blind-gpu] prepared pair buffers: n_diploid=5266 n_pairs=219008 n_block_keys=427928 n_steps=100
[I::fdg-gpu] blocklist CSR ready: edges=427928 avg_deg=81.26 max_deg=182
[M::hk_bmap_gen] generated 5266 beads
[M::hk_bmap_gen] 213837 bin pairs
[M::blind-gpu] prepared pair buffers: n_diploid=5266 n_pairs=218982 n_block_keys=427874 n_steps=100
[I::fdg-gpu] blocklist CSR ready: edges=427874 avg_deg=81.25 max_deg=182
[M::hk_bmap_gen] generated 5266 beads
[M::hk_bmap_gen] 213870 bin pairs
[M::blind-gpu] prepared pair buffers: n_diploid=5266 n_pairs=219008 n_block_keys=427928 n_steps=100
[I::fdg-gpu] blocklist CSR ready: edges=427928 avg_deg=81.26 max_deg=182
[M::hk_bmap_gen] generated 5266 beads
[M::hk_bmap_gen] 213879 bin pairs
[M::blind-gpu] prepared pair buffers: n_diploid=5266 n_pairs=219017 n_block_keys=427946 n_steps=100
[I::fdg-gpu] blocklist CSR ready: edges=427946 avg_deg=81.27 max_deg=182
[M::hk_bmap_gen] generated 5266 beads
[M::hk_bmap_gen] 213787 bin pairs
[M::blind-gpu] prepared pair buffers: n_diploid=5266 n_pairs=218927 n_block_keys=427770 n_steps=100
[I::fdg-gpu] blocklist CSR ready: edges=427770 avg_deg=81.23 max_deg=182
[M::hk_bmap_gen] generated 5266 beads
[M::hk_bmap_gen] 213658 bin pairs
[M::blind-gpu] prepared pair buffers: n_diploid=5266 n_pairs=218799 n_block_keys=427516 n_steps=100
[I::fdg-gpu] blocklist CSR ready: edges=427516 avg_deg=81.18 max_deg=181
[M::hk_bmap_gen] generated 5266 beads
[M::hk_bmap_gen] 213581 bin pairs
[M::blind-gpu] prepared pair buffers: n_diploid=5266 n_pairs=218722 n_block_keys=427364 n_steps=100
[I::fdg-gpu] blocklist CSR ready: edges=427364 avg_deg=81.16 max_deg=180
[M::hk_bmap_gen] generated 5266 beads
[M::hk_bmap_gen] 213467 bin pairs
[M::blind-gpu] prepared pair buffers: n_diploid=5266 n_pairs=218611 n_block_keys=427144 n_steps=100
[I::fdg-gpu] blocklist CSR ready: edges=427144 avg_deg=81.11 max_deg=179
[M::hk_bmap_gen] generated 5266 beads
[M::hk_bmap_gen] 213446 bin pairs
[M::blind-gpu] prepared pair buffers: n_diploid=5266 n_pairs=218602 n_block_keys=427122 n_steps=100
[I::fdg-gpu] blocklist CSR ready: edges=427122 avg_deg=81.11 max_deg=179
[M::hk_bmap_gen] generated 5266 beads
[M::hk_bmap_gen] 213468 bin pairs
[M::blind-gpu] prepared pair buffers: n_diploid=5266 n_pairs=218616 n_block_keys=427154 n_steps=100
[I::fdg-gpu] blocklist CSR ready: edges=427154 avg_deg=81.12 max_deg=180
[M::hk_bmap_gen] generated 5266 beads
[M::hk_bmap_gen] 213474 bin pairs
[M::blind-gpu] prepared pair buffers: n_diploid=5266 n_pairs=218618 n_block_keys=427158 n_steps=100
[I::fdg-gpu] blocklist CSR ready: edges=427158 avg_deg=81.12 max_deg=180
[M::hk_bmap_gen] generated 5266 beads
[M::hk_bmap_gen] 213472 bin pairs
[M::blind-gpu] prepared pair buffers: n_diploid=5266 n_pairs=218614 n_block_keys=427150 n_steps=100
[I::fdg-gpu] blocklist CSR ready: edges=427150 avg_deg=81.11 max_deg=180
[M::hk_bmap_gen] generated 5266 beads
[M::hk_bmap_gen] 213439 bin pairs
[M::blind-gpu] prepared pair buffers: n_diploid=5266 n_pairs=218576 n_block_keys=427072 n_steps=100
[I::fdg-gpu] blocklist CSR ready: edges=427072 avg_deg=81.10 max_deg=180
[M::hk_bmap_gen] generated 5266 beads
[M::hk_bmap_gen] 213406 bin pairs
[M::blind-gpu] prepared pair buffers: n_diploid=5266 n_pairs=218548 n_block_keys=427020 n_steps=100
[I::fdg-gpu] blocklist CSR ready: edges=427020 avg_deg=81.09 max_deg=179
[M::hk_bmap_gen] generated 5266 beads
[M::hk_bmap_gen] 213386 bin pairs
[M::blind-gpu] prepared pair buffers: n_diploid=5266 n_pairs=218534 n_block_keys=426990 n_steps=100
[I::fdg-gpu] blocklist CSR ready: edges=426990 avg_deg=81.08 max_deg=179
[M::hk_bmap_gen] generated 5266 beads
[M::hk_bmap_gen] 213415 bin pairs
[M::blind-gpu] prepared pair buffers: n_diploid=5266 n_pairs=218562 n_block_keys=427046 n_steps=100
[I::fdg-gpu] blocklist CSR ready: edges=427046 avg_deg=81.09 max_deg=179
[M::hk_bmap_gen] generated 5266 beads
[M::hk_bmap_gen] 213433 bin pairs
[M::blind-gpu] prepared pair buffers: n_diploid=5266 n_pairs=218585 n_block_keys=427092 n_steps=100
[I::fdg-gpu] blocklist CSR ready: edges=427092 avg_deg=81.10 max_deg=179
[M::hk_bmap_gen] generated 5266 beads
[M::hk_bmap_gen] 213447 bin pairs
[M::blind-gpu] prepared pair buffers: n_diploid=5266 n_pairs=218597 n_block_keys=427112 n_steps=100
[I::fdg-gpu] blocklist CSR ready: edges=427112 avg_deg=81.11 max_deg=179
[M::hk_bmap_gen] generated 5266 beads
[M::hk_bmap_gen] 213411 bin pairs
[M::blind-gpu] prepared pair buffers: n_diploid=5266 n_pairs=218554 n_block_keys=427026 n_steps=100
[I::fdg-gpu] blocklist CSR ready: edges=427026 avg_deg=81.09 max_deg=179
[M::hk_bmap_gen] generated 5266 beads
[M::hk_bmap_gen] 213293 bin pairs
[M::blind-gpu] prepared pair buffers: n_diploid=5266 n_pairs=218436 n_block_keys=426792 n_steps=100
[I::fdg-gpu] blocklist CSR ready: edges=426792 avg_deg=81.05 max_deg=179
[M::hk_bmap_gen] generated 5266 beads
[M::hk_bmap_gen] 213246 bin pairs
[M::blind-gpu] prepared pair buffers: n_diploid=5266 n_pairs=218396 n_block_keys=426712 n_steps=100
[I::fdg-gpu] blocklist CSR ready: edges=426712 avg_deg=81.03 max_deg=179
[M::hk_bmap_gen] generated 5266 beads
[M::hk_bmap_gen] 213210 bin pairs
[M::blind-gpu] prepared pair buffers: n_diploid=5266 n_pairs=218354 n_block_keys=426628 n_steps=100
[I::fdg-gpu] blocklist CSR ready: edges=426628 avg_deg=81.02 max_deg=179
[M::hk_bmap_gen] generated 5266 beads
[M::hk_bmap_gen] 213214 bin pairs
[M::blind-gpu] prepared pair buffers: n_diploid=5266 n_pairs=218349 n_block_keys=426618 n_steps=100
[I::fdg-gpu] blocklist CSR ready: edges=426618 avg_deg=81.01 max_deg=179
[M::hk_bmap_gen] generated 5266 beads
[M::hk_bmap_gen] 213227 bin pairs
[M::blind-gpu] prepared pair buffers: n_diploid=5266 n_pairs=218364 n_block_keys=426646 n_steps=100
[I::fdg-gpu] blocklist CSR ready: edges=426646 avg_deg=81.02 max_deg=179
[M::hk_bmap_gen] generated 5266 beads
[M::hk_bmap_gen] 213157 bin pairs
[M::blind-gpu] prepared pair buffers: n_diploid=5266 n_pairs=218302 n_block_keys=426522 n_steps=100
[I::fdg-gpu] blocklist CSR ready: edges=426522 avg_deg=81.00 max_deg=179
[M::hk_bmap_gen] generated 5266 beads
[M::hk_bmap_gen] 213195 bin pairs
[M::blind-gpu] prepared pair buffers: n_diploid=5266 n_pairs=218344 n_block_keys=426604 n_steps=100
[I::fdg-gpu] blocklist CSR ready: edges=426604 avg_deg=81.01 max_deg=179
[M::hk_bmap_gen] generated 5266 beads
[M::hk_bmap_gen] 213143 bin pairs
[M::blind-gpu] prepared pair buffers: n_diploid=5266 n_pairs=218294 n_block_keys=426504 n_steps=100
[I::fdg-gpu] blocklist CSR ready: edges=426504 avg_deg=80.99 max_deg=181
[M::hk_bmap_gen] generated 5266 beads
[M::hk_bmap_gen] 213151 bin pairs
[M::blind-gpu] prepared pair buffers: n_diploid=5266 n_pairs=218297 n_block_keys=426510 n_steps=100
[I::fdg-gpu] blocklist CSR ready: edges=426510 avg_deg=80.99 max_deg=181
[M::hk_bmap_gen] generated 5266 beads
[M::hk_bmap_gen] 213206 bin pairs
[M::blind-gpu] prepared pair buffers: n_diploid=5266 n_pairs=218354 n_block_keys=426624 n_steps=100
[I::fdg-gpu] blocklist CSR ready: edges=426624 avg_deg=81.01 max_deg=181
[M::hk_bmap_gen] generated 5266 beads
[M::hk_bmap_gen] 213206 bin pairs
[M::blind-gpu] prepared pair buffers: n_diploid=5266 n_pairs=218356 n_block_keys=426628 n_steps=100
[I::fdg-gpu] blocklist CSR ready: edges=426628 avg_deg=81.02 max_deg=181
[M::hk_bmap_gen] generated 5266 beads
[M::hk_bmap_gen] 213145 bin pairs
[M::blind-gpu] prepared pair buffers: n_diploid=5266 n_pairs=218295 n_block_keys=426508 n_steps=100
[I::fdg-gpu] blocklist CSR ready: edges=426508 avg_deg=80.99 max_deg=181
[M::hk_bmap_gen] generated 5266 beads
[M::hk_bmap_gen] 213077 bin pairs
[M::blind-gpu] prepared pair buffers: n_diploid=5266 n_pairs=218216 n_block_keys=426352 n_steps=100
[I::fdg-gpu] blocklist CSR ready: edges=426352 avg_deg=80.96 max_deg=181
[M::hk_bmap_gen] generated 5266 beads
[M::hk_bmap_gen] 212983 bin pairs
[M::blind-gpu] prepared pair buffers: n_diploid=5266 n_pairs=218117 n_block_keys=426154 n_steps=100
[I::fdg-gpu] blocklist CSR ready: edges=426154 avg_deg=80.93 max_deg=181
[M::hk_bmap_gen] generated 5266 beads
[M::hk_bmap_gen] 212947 bin pairs
[M::blind-gpu] prepared pair buffers: n_diploid=5266 n_pairs=218078 n_block_keys=426080 n_steps=100
[I::fdg-gpu] blocklist CSR ready: edges=426080 avg_deg=80.91 max_deg=181
[M::hk_bmap_gen] generated 5266 beads
[M::hk_bmap_gen] 212869 bin pairs
[M::blind-gpu] prepared pair buffers: n_diploid=5266 n_pairs=217998 n_block_keys=425920 n_steps=100
[I::fdg-gpu] blocklist CSR ready: edges=425920 avg_deg=80.88 max_deg=181
[M::hk_bmap_gen] generated 5266 beads
[M::hk_bmap_gen] 212787 bin pairs
[M::blind-gpu] prepared pair buffers: n_diploid=5266 n_pairs=217918 n_block_keys=425758 n_steps=100
[I::fdg-gpu] blocklist CSR ready: edges=425758 avg_deg=80.85 max_deg=181
[M::hk_bmap_gen] generated 5266 beads
[M::hk_bmap_gen] 212814 bin pairs
[M::blind-gpu] prepared pair buffers: n_diploid=5266 n_pairs=217945 n_block_keys=425808 n_steps=100
[I::fdg-gpu] blocklist CSR ready: edges=425808 avg_deg=80.86 max_deg=181
[M::hk_bmap_gen] generated 5266 beads
[M::hk_bmap_gen] 212863 bin pairs
[M::blind-gpu] prepared pair buffers: n_diploid=5266 n_pairs=217993 n_block_keys=425906 n_steps=100
[I::fdg-gpu] blocklist CSR ready: edges=425906 avg_deg=80.88 max_deg=181
[M::hk_bmap_gen] generated 5266 beads
[M::hk_bmap_gen] 212779 bin pairs
[M::blind-gpu] prepared pair buffers: n_diploid=5266 n_pairs=217907 n_block_keys=425736 n_steps=100
[I::fdg-gpu] blocklist CSR ready: edges=425736 avg_deg=80.85 max_deg=181
[M::hk_bmap_gen] generated 5266 beads
[M::hk_bmap_gen] 212794 bin pairs
[M::blind-gpu] prepared pair buffers: n_diploid=5266 n_pairs=217922 n_block_keys=425766 n_steps=100
[I::fdg-gpu] blocklist CSR ready: edges=425766 avg_deg=80.85 max_deg=181
[M::hk_bmap_gen] generated 5266 beads
[M::hk_bmap_gen] 212769 bin pairs
[M::blind-gpu] prepared pair buffers: n_diploid=5266 n_pairs=217898 n_block_keys=425718 n_steps=100
[I::fdg-gpu] blocklist CSR ready: edges=425718 avg_deg=80.84 max_deg=181
[M::hk_bmap_gen] generated 5266 beads
[M::hk_bmap_gen] 212756 bin pairs
[M::blind-gpu] prepared pair buffers: n_diploid=5266 n_pairs=217887 n_block_keys=425696 n_steps=100
[I::fdg-gpu] blocklist CSR ready: edges=425696 avg_deg=80.84 max_deg=181
[M::hk_bmap_gen] generated 5266 beads
[M::hk_bmap_gen] 212754 bin pairs
[M::blind-gpu] prepared pair buffers: n_diploid=5266 n_pairs=217889 n_block_keys=425700 n_steps=100
[I::fdg-gpu] blocklist CSR ready: edges=425700 avg_deg=80.84 max_deg=183
[M::hk_bmap_gen] generated 5266 beads
[M::hk_bmap_gen] 212692 bin pairs
[M::blind-gpu] prepared pair buffers: n_diploid=5266 n_pairs=217829 n_block_keys=425580 n_steps=100
[I::fdg-gpu] blocklist CSR ready: edges=425580 avg_deg=80.82 max_deg=183
[M::hk_bmap_gen] generated 5266 beads
[M::hk_bmap_gen] 212691 bin pairs
[M::blind-gpu] prepared pair buffers: n_diploid=5266 n_pairs=217828 n_block_keys=425578 n_steps=100
[I::fdg-gpu] blocklist CSR ready: edges=425578 avg_deg=80.82 max_deg=183
[M::hk_bmap_gen] generated 5266 beads
[M::hk_bmap_gen] 212675 bin pairs
[M::blind-gpu] prepared pair buffers: n_diploid=5266 n_pairs=217809 n_block_keys=425540 n_steps=100
[I::fdg-gpu] blocklist CSR ready: edges=425540 avg_deg=80.81 max_deg=183
[M::hk_bmap_gen] generated 5266 beads
[M::hk_bmap_gen] 212657 bin pairs
[M::blind-gpu] prepared pair buffers: n_diploid=5266 n_pairs=217794 n_block_keys=425510 n_steps=100
[I::fdg-gpu] blocklist CSR ready: edges=425510 avg_deg=80.80 max_deg=182
[M::hk_bmap_gen] generated 5266 beads
[M::hk_bmap_gen] 212646 bin pairs
[M::blind-gpu] prepared pair buffers: n_diploid=5266 n_pairs=217788 n_block_keys=425498 n_steps=100
[I::fdg-gpu] blocklist CSR ready: edges=425498 avg_deg=80.80 max_deg=182
[M::hk_bmap_gen] generated 5266 beads
[M::hk_bmap_gen] 212610 bin pairs
[M::blind-gpu] prepared pair buffers: n_diploid=5266 n_pairs=217754 n_block_keys=425432 n_steps=100
[I::fdg-gpu] blocklist CSR ready: edges=425432 avg_deg=80.79 max_deg=182
[M::hk_bmap_gen] generated 5266 beads
[M::hk_bmap_gen] 212570 bin pairs
[M::blind-gpu] prepared pair buffers: n_diploid=5266 n_pairs=217717 n_block_keys=425358 n_steps=100
[I::fdg-gpu] blocklist CSR ready: edges=425358 avg_deg=80.77 max_deg=182
[M::hk_bmap_gen] generated 5266 beads
[M::hk_bmap_gen] 212553 bin pairs
[M::blind-gpu] prepared pair buffers: n_diploid=5266 n_pairs=217701 n_block_keys=425326 n_steps=100
[I::fdg-gpu] blocklist CSR ready: edges=425326 avg_deg=80.77 max_deg=182
[M::hk_bmap_gen] generated 5266 beads
[M::hk_bmap_gen] 212520 bin pairs
[M::blind-gpu] prepared pair buffers: n_diploid=5266 n_pairs=217662 n_block_keys=425248 n_steps=100
[I::fdg-gpu] blocklist CSR ready: edges=425248 avg_deg=80.75 max_deg=182
[M::hk_bmap_gen] generated 5266 beads
[M::hk_bmap_gen] 212485 bin pairs
[M::blind-gpu] prepared pair buffers: n_diploid=5266 n_pairs=217630 n_block_keys=425184 n_steps=100
[I::fdg-gpu] blocklist CSR ready: edges=425184 avg_deg=80.74 max_deg=182
[M::hk_bmap_gen] generated 5266 beads
[M::hk_bmap_gen] 212430 bin pairs
[M::blind-gpu] prepared pair buffers: n_diploid=5266 n_pairs=217571 n_block_keys=425064 n_steps=100
[I::fdg-gpu] blocklist CSR ready: edges=425064 avg_deg=80.72 max_deg=182
[M::hk_bmap_gen] generated 5266 beads
[M::hk_bmap_gen] 212402 bin pairs
[M::blind-gpu] prepared pair buffers: n_diploid=5266 n_pairs=217544 n_block_keys=425010 n_steps=100
[I::fdg-gpu] blocklist CSR ready: edges=425010 avg_deg=80.71 max_deg=182
[M::hk_bmap_gen] generated 5266 beads
[M::hk_bmap_gen] 212414 bin pairs
[M::blind-gpu] prepared pair buffers: n_diploid=5266 n_pairs=217552 n_block_keys=425026 n_steps=100
[I::fdg-gpu] blocklist CSR ready: edges=425026 avg_deg=80.71 max_deg=182
[M::hk_bmap_gen] generated 5266 beads
[M::hk_bmap_gen] 212404 bin pairs
[M::blind-gpu] prepared pair buffers: n_diploid=5266 n_pairs=217541 n_block_keys=425004 n_steps=100
[I::fdg-gpu] blocklist CSR ready: edges=425004 avg_deg=80.71 max_deg=182
[M::hk_bmap_gen] generated 5266 beads
[M::hk_bmap_gen] 212387 bin pairs
[M::blind-gpu] prepared pair buffers: n_diploid=5266 n_pairs=217525 n_block_keys=424972 n_steps=100
[I::fdg-gpu] blocklist CSR ready: edges=424972 avg_deg=80.70 max_deg=182
[M::hk_bmap_gen] generated 5266 beads
[M::hk_bmap_gen] 212361 bin pairs
[M::blind-gpu] prepared pair buffers: n_diploid=5266 n_pairs=217500 n_block_keys=424920 n_steps=100
[I::fdg-gpu] blocklist CSR ready: edges=424920 avg_deg=80.69 max_deg=185
[M::hk_bmap_gen] generated 5266 beads
[M::hk_bmap_gen] 212340 bin pairs
[M::blind-gpu] prepared pair buffers: n_diploid=5266 n_pairs=217482 n_block_keys=424884 n_steps=100
[I::fdg-gpu] blocklist CSR ready: edges=424884 avg_deg=80.68 max_deg=185
[M::hk_bmap_gen] generated 5266 beads
[M::hk_bmap_gen] 212334 bin pairs
[M::blind-gpu] prepared pair buffers: n_diploid=5266 n_pairs=217479 n_block_keys=424878 n_steps=100
[I::fdg-gpu] blocklist CSR ready: edges=424878 avg_deg=80.68 max_deg=185
[M::hk_bmap_gen] generated 5266 beads
[M::hk_bmap_gen] 212307 bin pairs
[M::blind-gpu] prepared pair buffers: n_diploid=5266 n_pairs=217445 n_block_keys=424814 n_steps=100
[I::fdg-gpu] blocklist CSR ready: edges=424814 avg_deg=80.67 max_deg=185
[M::hk_bmap_gen] generated 5266 beads
[M::hk_bmap_gen] 212272 bin pairs
[M::blind-gpu] prepared pair buffers: n_diploid=5266 n_pairs=217406 n_block_keys=424738 n_steps=100
[I::fdg-gpu] blocklist CSR ready: edges=424738 avg_deg=80.66 max_deg=185
[M::hk_bmap_gen] generated 5266 beads
[M::hk_bmap_gen] 212242 bin pairs
[M::blind-gpu] prepared pair buffers: n_diploid=5266 n_pairs=217386 n_block_keys=424698 n_steps=100
[I::fdg-gpu] blocklist CSR ready: edges=424698 avg_deg=80.65 max_deg=185
[M::hk_bmap_gen] generated 5266 beads
[M::hk_bmap_gen] 212228 bin pairs
[M::blind-gpu] prepared pair buffers: n_diploid=5266 n_pairs=217370 n_block_keys=424666 n_steps=100
[I::fdg-gpu] blocklist CSR ready: edges=424666 avg_deg=80.64 max_deg=185
[M::hk_bmap_gen] generated 5266 beads
[M::hk_bmap_gen] 212197 bin pairs
[M::blind-gpu] prepared pair buffers: n_diploid=5266 n_pairs=217336 n_block_keys=424598 n_steps=100
[I::fdg-gpu] blocklist CSR ready: edges=424598 avg_deg=80.63 max_deg=185
[M::hk_bmap_gen] generated 5266 beads
[M::hk_bmap_gen] 212196 bin pairs
[M::blind-gpu] prepared pair buffers: n_diploid=5266 n_pairs=217341 n_block_keys=424608 n_steps=100
[I::fdg-gpu] blocklist CSR ready: edges=424608 avg_deg=80.63 max_deg=185
[M::hk_bmap_gen] generated 5266 beads
[M::hk_bmap_gen] 212186 bin pairs
[M::blind-gpu] prepared pair buffers: n_diploid=5266 n_pairs=217327 n_block_keys=424580 n_steps=100
[I::fdg-gpu] blocklist CSR ready: edges=424580 avg_deg=80.63 max_deg=185
[M::hk_bmap_gen] generated 5266 beads
[M::hk_bmap_gen] 212219 bin pairs
[M::blind-gpu] prepared pair buffers: n_diploid=5266 n_pairs=217360 n_block_keys=424646 n_steps=100
[I::fdg-gpu] blocklist CSR ready: edges=424646 avg_deg=80.64 max_deg=185
[M::hk_bmap_gen] generated 5266 beads
[M::hk_bmap_gen] 212187 bin pairs
[M::blind-gpu] prepared pair buffers: n_diploid=5266 n_pairs=217328 n_block_keys=424578 n_steps=100
[I::fdg-gpu] blocklist CSR ready: edges=424578 avg_deg=80.63 max_deg=185
[M::hk_bmap_gen] generated 5266 beads
[M::hk_bmap_gen] 212182 bin pairs
[M::blind-gpu] prepared pair buffers: n_diploid=5266 n_pairs=217321 n_block_keys=424566 n_steps=100
[I::fdg-gpu] blocklist CSR ready: edges=424566 avg_deg=80.62 max_deg=185
[M::hk_bmap_gen] generated 5266 beads
[M::hk_bmap_gen] 212225 bin pairs
[M::blind-gpu] prepared pair buffers: n_diploid=5266 n_pairs=217361 n_block_keys=424644 n_steps=100
[I::fdg-gpu] blocklist CSR ready: edges=424644 avg_deg=80.64 max_deg=185
[M::hk_bmap_gen] generated 5266 beads
[M::hk_bmap_gen] 212230 bin pairs
[M::blind-gpu] prepared pair buffers: n_diploid=5266 n_pairs=217367 n_block_keys=424656 n_steps=100
[I::fdg-gpu] blocklist CSR ready: edges=424656 avg_deg=80.64 max_deg=185
minimal P9016[1m]: write outputs to /mnt/ssd/zliu/phase3/test_res/032-20260619_122253-p9016_trans_contact_scaling_1m/outputs/p9016_pcgamma1_tk1p5_td1_sep0_ieps0p5_noise0_seed17
[M::hk_bmap_gen] generated 5266 beads
[M::hk_bmap_gen] 212228 bin pairs
minimal P9016[1m]: status=OK final_entropy=0.6371938 final_pU=0.45963815
minimal P9016: summary /mnt/ssd/zliu/phase3/test_res/032-20260619_122253-p9016_trans_contact_scaling_1m/outputs/matrix_summary.tsv
