minimal P9016: input=/shared/zliu/CHARM/CHARM_mesc/data/pairs/P9016.pairs.gz output_root=/mnt/ssd/zliu/phase3/test_res/037-20260619_230802-p9016_trans_chrpair_mstep_1m/work_outputs/p9016_pcgamma1_td0p5_mstep0p25_p1_w0_sep0 config=p9016_pcgamma1_td0p5_mstep0p25_p1_w0_sep0 baseline=softall n_iter=100 relax_steps=100 relax_step=0.012 chain=0 init_mode=unphased_scaffold_split init_eps=0.5 init_noise=0 init_scale=10 init_seed=17 min_sep=0 lambda_sep=0 lambda_copytrack=0 lambda_global_copytrack=0 trans_chr_pair_prior_lambda=0 trans_chr_pair_prior_eps=0.001 trans_chr_pair_prior_power=1 trans_chr_pair_prior_warmup_iter=0 trans_chr_pair_mstep_lambda=0.25 trans_chr_pair_mstep_eps=0.001 trans_chr_pair_mstep_power=1 trans_chr_pair_mstep_warmup_iter=0 d_scale_mode=posterior_count d_scale_input=posterior_count d_scale_formula=n_raw*posterior_prob^1 d_scale_gamma=1 d_scale_eps=1e-06 trans_k_multiplier=1 trans_dscale_multiplier=0.5 trans_top1_mode=off trans_top1_min_pmax=1 trans_top1_min_margin=1 trans_top1_mix_weight=0 readgroup_mode=off readgroup_max_segments=8 readgroup_eps=1e-06 relax_backend=gpu
minimal P9016: stage 1/1 name=1m bin_size_bp=1000000 parent=0
[M::hk_map_read] read 1703888 pairs
[M::hk_bmap_gen] generated 2633 beads
[M::hk_bmap_gen] 489556 bin pairs
minimal P9016[1m]: build binned contacts
minimal P9016[1m]: init mode=unphased_scaffold_split seed=17 scale=10
[M::hk_fdg] mid_dist:1000000 max_nei:69
[M::hk_fdg1_cpu] iter:10 elapsed:0.33s rep_coef:0.2092 RMS_force:367.1874 n_rep:43.0820 energy:25.1082,6.6566,0.0049 dist:5.6169,6.6204,1.4501
[M::hk_fdg1_cpu] iter:20 elapsed:0.80s rep_coef:0.6615 RMS_force:336.9308 n_rep:157.7303 energy:7.7515,3.4068,0.0177 dist:3.4076,4.2658,1.4016
[M::hk_fdg1_cpu] iter:30 elapsed:1.77s rep_coef:0.9352 RMS_force:226.0828 n_rep:592.3505 energy:1.8327,1.0566,0.0354 dist:1.9896,2.3234,1.2554
[M::hk_fdg1_cpu] iter:40 elapsed:3.15s rep_coef:0.9907 RMS_force:132.8226 n_rep:808.7839 energy:0.5357,0.4158,0.0366 dist:1.4081,1.7237,1.2560
[M::hk_fdg1_cpu] iter:50 elapsed:5.30s rep_coef:0.9987 RMS_force:99.3491 n_rep:815.5837 energy:0.1678,0.2703,0.0325 dist:1.0643,1.6062,1.3142
minimal P9016[1m]: run softall, n_iter=100 relax_steps=100 relax_step=0.012 relax_backend=gpu
[M::hk_bmap_gen] generated 5266 beads
[M::hk_bmap_gen] 287142 bin pairs
[M::hk_bmap_gen] generated 5266 beads
[M::hk_bmap_gen] 287142 bin pairs
[M::blind-gpu] prepared pair buffers: n_diploid=5266 n_pairs=292308 n_block_keys=574524 n_steps=100
[I::fdg-gpu] blocklist CSR ready: edges=574524 avg_deg=109.10 max_deg=193
[M::hk_bmap_gen] generated 5266 beads
[M::hk_bmap_gen] 286014 bin pairs
[M::hk_bmap_gen] generated 5266 beads
[M::hk_bmap_gen] 286014 bin pairs
[M::blind-gpu] prepared pair buffers: n_diploid=5266 n_pairs=291132 n_block_keys=572168 n_steps=100
[I::fdg-gpu] blocklist CSR ready: edges=572168 avg_deg=108.65 max_deg=197
[M::hk_bmap_gen] generated 5266 beads
[M::hk_bmap_gen] 271379 bin pairs
[M::hk_bmap_gen] generated 5266 beads
[M::hk_bmap_gen] 271379 bin pairs
[M::blind-gpu] prepared pair buffers: n_diploid=5266 n_pairs=276447 n_block_keys=542798 n_steps=100
[I::fdg-gpu] blocklist CSR ready: edges=542798 avg_deg=103.08 max_deg=209
[M::hk_bmap_gen] generated 5266 beads
[M::hk_bmap_gen] 257976 bin pairs
[M::hk_bmap_gen] generated 5266 beads
[M::hk_bmap_gen] 257976 bin pairs
[M::blind-gpu] prepared pair buffers: n_diploid=5266 n_pairs=263048 n_block_keys=516006 n_steps=100
[I::fdg-gpu] blocklist CSR ready: edges=516006 avg_deg=97.99 max_deg=202
[M::hk_bmap_gen] generated 5266 beads
[M::hk_bmap_gen] 247643 bin pairs
[M::hk_bmap_gen] generated 5266 beads
[M::hk_bmap_gen] 247643 bin pairs
[M::blind-gpu] prepared pair buffers: n_diploid=5266 n_pairs=252708 n_block_keys=495330 n_steps=100
[I::fdg-gpu] blocklist CSR ready: edges=495330 avg_deg=94.06 max_deg=205
[M::hk_bmap_gen] generated 5266 beads
[M::hk_bmap_gen] 239392 bin pairs
[M::hk_bmap_gen] generated 5266 beads
[M::hk_bmap_gen] 239392 bin pairs
[M::blind-gpu] prepared pair buffers: n_diploid=5266 n_pairs=244459 n_block_keys=478830 n_steps=100
[I::fdg-gpu] blocklist CSR ready: edges=478830 avg_deg=90.93 max_deg=204
[M::hk_bmap_gen] generated 5266 beads
[M::hk_bmap_gen] 233454 bin pairs
[M::hk_bmap_gen] generated 5266 beads
[M::hk_bmap_gen] 233454 bin pairs
[M::blind-gpu] prepared pair buffers: n_diploid=5266 n_pairs=238508 n_block_keys=466932 n_steps=100
[I::fdg-gpu] blocklist CSR ready: edges=466932 avg_deg=88.67 max_deg=209
[M::hk_bmap_gen] generated 5266 beads
[M::hk_bmap_gen] 229268 bin pairs
[M::hk_bmap_gen] generated 5266 beads
[M::hk_bmap_gen] 229268 bin pairs
[M::blind-gpu] prepared pair buffers: n_diploid=5266 n_pairs=234335 n_block_keys=458590 n_steps=100
[I::fdg-gpu] blocklist CSR ready: edges=458590 avg_deg=87.09 max_deg=213
[M::hk_bmap_gen] generated 5266 beads
[M::hk_bmap_gen] 226534 bin pairs
[M::hk_bmap_gen] generated 5266 beads
[M::hk_bmap_gen] 226534 bin pairs
[M::blind-gpu] prepared pair buffers: n_diploid=5266 n_pairs=231638 n_block_keys=453190 n_steps=100
[I::fdg-gpu] blocklist CSR ready: edges=453190 avg_deg=86.06 max_deg=222
[M::hk_bmap_gen] generated 5266 beads
[M::hk_bmap_gen] 224227 bin pairs
[M::hk_bmap_gen] generated 5266 beads
[M::hk_bmap_gen] 224227 bin pairs
[M::blind-gpu] prepared pair buffers: n_diploid=5266 n_pairs=229323 n_block_keys=448560 n_steps=100
[I::fdg-gpu] blocklist CSR ready: edges=448560 avg_deg=85.18 max_deg=222
[M::hk_bmap_gen] generated 5266 beads
[M::hk_bmap_gen] 222750 bin pairs
[M::hk_bmap_gen] generated 5266 beads
[M::hk_bmap_gen] 222750 bin pairs
[M::blind-gpu] prepared pair buffers: n_diploid=5266 n_pairs=227866 n_block_keys=445636 n_steps=100
[I::fdg-gpu] blocklist CSR ready: edges=445636 avg_deg=84.63 max_deg=221
[M::hk_bmap_gen] generated 5266 beads
[M::hk_bmap_gen] 221387 bin pairs
[M::hk_bmap_gen] generated 5266 beads
[M::hk_bmap_gen] 221387 bin pairs
[M::blind-gpu] prepared pair buffers: n_diploid=5266 n_pairs=226485 n_block_keys=442880 n_steps=100
[I::fdg-gpu] blocklist CSR ready: edges=442880 avg_deg=84.10 max_deg=223
[M::hk_bmap_gen] generated 5266 beads
[M::hk_bmap_gen] 219532 bin pairs
[M::hk_bmap_gen] generated 5266 beads
[M::hk_bmap_gen] 219532 bin pairs
[M::blind-gpu] prepared pair buffers: n_diploid=5266 n_pairs=224632 n_block_keys=439172 n_steps=100
[I::fdg-gpu] blocklist CSR ready: edges=439172 avg_deg=83.40 max_deg=218
[M::hk_bmap_gen] generated 5266 beads
[M::hk_bmap_gen] 218064 bin pairs
[M::hk_bmap_gen] generated 5266 beads
[M::hk_bmap_gen] 218064 bin pairs
[M::blind-gpu] prepared pair buffers: n_diploid=5266 n_pairs=223151 n_block_keys=436212 n_steps=100
[I::fdg-gpu] blocklist CSR ready: edges=436212 avg_deg=82.84 max_deg=211
[M::hk_bmap_gen] generated 5266 beads
[M::hk_bmap_gen] 217338 bin pairs
[M::hk_bmap_gen] generated 5266 beads
[M::hk_bmap_gen] 217338 bin pairs
[M::blind-gpu] prepared pair buffers: n_diploid=5266 n_pairs=222435 n_block_keys=434778 n_steps=100
[I::fdg-gpu] blocklist CSR ready: edges=434778 avg_deg=82.56 max_deg=213
[M::hk_bmap_gen] generated 5266 beads
[M::hk_bmap_gen] 216605 bin pairs
[M::hk_bmap_gen] generated 5266 beads
[M::hk_bmap_gen] 216605 bin pairs
[M::blind-gpu] prepared pair buffers: n_diploid=5266 n_pairs=221699 n_block_keys=433306 n_steps=100
[I::fdg-gpu] blocklist CSR ready: edges=433306 avg_deg=82.28 max_deg=207
[M::hk_bmap_gen] generated 5266 beads
[M::hk_bmap_gen] 215949 bin pairs
[M::hk_bmap_gen] generated 5266 beads
[M::hk_bmap_gen] 215949 bin pairs
[M::blind-gpu] prepared pair buffers: n_diploid=5266 n_pairs=221047 n_block_keys=432004 n_steps=100
[I::fdg-gpu] blocklist CSR ready: edges=432004 avg_deg=82.04 max_deg=207
[M::hk_bmap_gen] generated 5266 beads
[M::hk_bmap_gen] 215569 bin pairs
[M::hk_bmap_gen] generated 5266 beads
[M::hk_bmap_gen] 215569 bin pairs
[M::blind-gpu] prepared pair buffers: n_diploid=5266 n_pairs=220685 n_block_keys=431282 n_steps=100
[I::fdg-gpu] blocklist CSR ready: edges=431282 avg_deg=81.90 max_deg=205
[M::hk_bmap_gen] generated 5266 beads
[M::hk_bmap_gen] 215198 bin pairs
[M::hk_bmap_gen] generated 5266 beads
[M::hk_bmap_gen] 215198 bin pairs
[M::blind-gpu] prepared pair buffers: n_diploid=5266 n_pairs=220310 n_block_keys=430532 n_steps=100
[I::fdg-gpu] blocklist CSR ready: edges=430532 avg_deg=81.76 max_deg=204
[M::hk_bmap_gen] generated 5266 beads
[M::hk_bmap_gen] 214925 bin pairs
[M::hk_bmap_gen] generated 5266 beads
[M::hk_bmap_gen] 214925 bin pairs
[M::blind-gpu] prepared pair buffers: n_diploid=5266 n_pairs=220031 n_block_keys=429974 n_steps=100
[I::fdg-gpu] blocklist CSR ready: edges=429974 avg_deg=81.65 max_deg=205
[M::hk_bmap_gen] generated 5266 beads
[M::hk_bmap_gen] 214719 bin pairs
[M::hk_bmap_gen] generated 5266 beads
[M::hk_bmap_gen] 214719 bin pairs
[M::blind-gpu] prepared pair buffers: n_diploid=5266 n_pairs=219837 n_block_keys=429584 n_steps=100
[I::fdg-gpu] blocklist CSR ready: edges=429584 avg_deg=81.58 max_deg=206
[M::hk_bmap_gen] generated 5266 beads
[M::hk_bmap_gen] 214460 bin pairs
[M::hk_bmap_gen] generated 5266 beads
[M::hk_bmap_gen] 214460 bin pairs
[M::blind-gpu] prepared pair buffers: n_diploid=5266 n_pairs=219578 n_block_keys=429068 n_steps=100
[I::fdg-gpu] blocklist CSR ready: edges=429068 avg_deg=81.48 max_deg=206
[M::hk_bmap_gen] generated 5266 beads
[M::hk_bmap_gen] 214250 bin pairs
[M::hk_bmap_gen] generated 5266 beads
[M::hk_bmap_gen] 214250 bin pairs
[M::blind-gpu] prepared pair buffers: n_diploid=5266 n_pairs=219382 n_block_keys=428674 n_steps=100
[I::fdg-gpu] blocklist CSR ready: edges=428674 avg_deg=81.40 max_deg=206
[M::hk_bmap_gen] generated 5266 beads
[M::hk_bmap_gen] 214206 bin pairs
[M::hk_bmap_gen] generated 5266 beads
[M::hk_bmap_gen] 214206 bin pairs
[M::blind-gpu] prepared pair buffers: n_diploid=5266 n_pairs=219348 n_block_keys=428606 n_steps=100
[I::fdg-gpu] blocklist CSR ready: edges=428606 avg_deg=81.39 max_deg=207
[M::hk_bmap_gen] generated 5266 beads
[M::hk_bmap_gen] 213931 bin pairs
[M::hk_bmap_gen] generated 5266 beads
[M::hk_bmap_gen] 213931 bin pairs
[M::blind-gpu] prepared pair buffers: n_diploid=5266 n_pairs=219063 n_block_keys=428030 n_steps=100
[I::fdg-gpu] blocklist CSR ready: edges=428030 avg_deg=81.28 max_deg=206
[M::hk_bmap_gen] generated 5266 beads
[M::hk_bmap_gen] 213660 bin pairs
[M::hk_bmap_gen] generated 5266 beads
[M::hk_bmap_gen] 213660 bin pairs
[M::blind-gpu] prepared pair buffers: n_diploid=5266 n_pairs=218799 n_block_keys=427504 n_steps=100
[I::fdg-gpu] blocklist CSR ready: edges=427504 avg_deg=81.18 max_deg=204
[M::hk_bmap_gen] generated 5266 beads
[M::hk_bmap_gen] 213521 bin pairs
[M::hk_bmap_gen] generated 5266 beads
[M::hk_bmap_gen] 213521 bin pairs
[M::blind-gpu] prepared pair buffers: n_diploid=5266 n_pairs=218657 n_block_keys=427218 n_steps=100
[I::fdg-gpu] blocklist CSR ready: edges=427218 avg_deg=81.13 max_deg=205
[M::hk_bmap_gen] generated 5266 beads
[M::hk_bmap_gen] 213334 bin pairs
[M::hk_bmap_gen] generated 5266 beads
[M::hk_bmap_gen] 213334 bin pairs
[M::blind-gpu] prepared pair buffers: n_diploid=5266 n_pairs=218483 n_block_keys=426870 n_steps=100
[I::fdg-gpu] blocklist CSR ready: edges=426870 avg_deg=81.06 max_deg=205
[M::hk_bmap_gen] generated 5266 beads
[M::hk_bmap_gen] 213163 bin pairs
[M::hk_bmap_gen] generated 5266 beads
[M::hk_bmap_gen] 213163 bin pairs
[M::blind-gpu] prepared pair buffers: n_diploid=5266 n_pairs=218288 n_block_keys=426482 n_steps=100
[I::fdg-gpu] blocklist CSR ready: edges=426482 avg_deg=80.99 max_deg=204
[M::hk_bmap_gen] generated 5266 beads
[M::hk_bmap_gen] 212971 bin pairs
[M::hk_bmap_gen] generated 5266 beads
[M::hk_bmap_gen] 212971 bin pairs
[M::blind-gpu] prepared pair buffers: n_diploid=5266 n_pairs=218089 n_block_keys=426084 n_steps=100
[I::fdg-gpu] blocklist CSR ready: edges=426084 avg_deg=80.91 max_deg=205
[M::hk_bmap_gen] generated 5266 beads
[M::hk_bmap_gen] 212882 bin pairs
[M::hk_bmap_gen] generated 5266 beads
[M::hk_bmap_gen] 212882 bin pairs
[M::blind-gpu] prepared pair buffers: n_diploid=5266 n_pairs=218015 n_block_keys=425932 n_steps=100
[I::fdg-gpu] blocklist CSR ready: edges=425932 avg_deg=80.88 max_deg=204
[M::hk_bmap_gen] generated 5266 beads
[M::hk_bmap_gen] 212711 bin pairs
[M::hk_bmap_gen] generated 5266 beads
[M::hk_bmap_gen] 212711 bin pairs
[M::blind-gpu] prepared pair buffers: n_diploid=5266 n_pairs=217841 n_block_keys=425586 n_steps=100
[I::fdg-gpu] blocklist CSR ready: edges=425586 avg_deg=80.82 max_deg=203
[M::hk_bmap_gen] generated 5266 beads
[M::hk_bmap_gen] 212548 bin pairs
[M::hk_bmap_gen] generated 5266 beads
[M::hk_bmap_gen] 212548 bin pairs
[M::blind-gpu] prepared pair buffers: n_diploid=5266 n_pairs=217676 n_block_keys=425258 n_steps=100
[I::fdg-gpu] blocklist CSR ready: edges=425258 avg_deg=80.76 max_deg=203
[M::hk_bmap_gen] generated 5266 beads
[M::hk_bmap_gen] 212415 bin pairs
[M::hk_bmap_gen] generated 5266 beads
[M::hk_bmap_gen] 212415 bin pairs
[M::blind-gpu] prepared pair buffers: n_diploid=5266 n_pairs=217544 n_block_keys=424996 n_steps=100
[I::fdg-gpu] blocklist CSR ready: edges=424996 avg_deg=80.71 max_deg=204
[M::hk_bmap_gen] generated 5266 beads
[M::hk_bmap_gen] 212301 bin pairs
[M::hk_bmap_gen] generated 5266 beads
[M::hk_bmap_gen] 212301 bin pairs
[M::blind-gpu] prepared pair buffers: n_diploid=5266 n_pairs=217427 n_block_keys=424762 n_steps=100
[I::fdg-gpu] blocklist CSR ready: edges=424762 avg_deg=80.66 max_deg=204
[M::hk_bmap_gen] generated 5266 beads
[M::hk_bmap_gen] 212154 bin pairs
[M::hk_bmap_gen] generated 5266 beads
[M::hk_bmap_gen] 212154 bin pairs
[M::blind-gpu] prepared pair buffers: n_diploid=5266 n_pairs=217279 n_block_keys=424464 n_steps=100
[I::fdg-gpu] blocklist CSR ready: edges=424464 avg_deg=80.60 max_deg=205
[M::hk_bmap_gen] generated 5266 beads
[M::hk_bmap_gen] 212008 bin pairs
[M::hk_bmap_gen] generated 5266 beads
[M::hk_bmap_gen] 212008 bin pairs
[M::blind-gpu] prepared pair buffers: n_diploid=5266 n_pairs=217140 n_block_keys=424186 n_steps=100
[I::fdg-gpu] blocklist CSR ready: edges=424186 avg_deg=80.55 max_deg=205
[M::hk_bmap_gen] generated 5266 beads
[M::hk_bmap_gen] 211969 bin pairs
[M::hk_bmap_gen] generated 5266 beads
[M::hk_bmap_gen] 211969 bin pairs
[M::blind-gpu] prepared pair buffers: n_diploid=5266 n_pairs=217108 n_block_keys=424122 n_steps=100
[I::fdg-gpu] blocklist CSR ready: edges=424122 avg_deg=80.54 max_deg=205
[M::hk_bmap_gen] generated 5266 beads
[M::hk_bmap_gen] 211924 bin pairs
[M::hk_bmap_gen] generated 5266 beads
[M::hk_bmap_gen] 211924 bin pairs
[M::blind-gpu] prepared pair buffers: n_diploid=5266 n_pairs=217064 n_block_keys=424036 n_steps=100
[I::fdg-gpu] blocklist CSR ready: edges=424036 avg_deg=80.52 max_deg=204
[M::hk_bmap_gen] generated 5266 beads
[M::hk_bmap_gen] 211926 bin pairs
[M::hk_bmap_gen] generated 5266 beads
[M::hk_bmap_gen] 211926 bin pairs
[M::blind-gpu] prepared pair buffers: n_diploid=5266 n_pairs=217067 n_block_keys=424048 n_steps=100
[I::fdg-gpu] blocklist CSR ready: edges=424048 avg_deg=80.53 max_deg=203
[M::hk_bmap_gen] generated 5266 beads
[M::hk_bmap_gen] 211869 bin pairs
[M::hk_bmap_gen] generated 5266 beads
[M::hk_bmap_gen] 211869 bin pairs
[M::blind-gpu] prepared pair buffers: n_diploid=5266 n_pairs=217005 n_block_keys=423924 n_steps=100
[I::fdg-gpu] blocklist CSR ready: edges=423924 avg_deg=80.50 max_deg=203
[M::hk_bmap_gen] generated 5266 beads
[M::hk_bmap_gen] 211781 bin pairs
[M::hk_bmap_gen] generated 5266 beads
[M::hk_bmap_gen] 211781 bin pairs
[M::blind-gpu] prepared pair buffers: n_diploid=5266 n_pairs=216924 n_block_keys=423764 n_steps=100
[I::fdg-gpu] blocklist CSR ready: edges=423764 avg_deg=80.47 max_deg=203
[M::hk_bmap_gen] generated 5266 beads
[M::hk_bmap_gen] 211677 bin pairs
[M::hk_bmap_gen] generated 5266 beads
[M::hk_bmap_gen] 211677 bin pairs
[M::blind-gpu] prepared pair buffers: n_diploid=5266 n_pairs=216811 n_block_keys=423538 n_steps=100
[I::fdg-gpu] blocklist CSR ready: edges=423538 avg_deg=80.43 max_deg=203
[M::hk_bmap_gen] generated 5266 beads
[M::hk_bmap_gen] 211588 bin pairs
[M::hk_bmap_gen] generated 5266 beads
[M::hk_bmap_gen] 211588 bin pairs
[M::blind-gpu] prepared pair buffers: n_diploid=5266 n_pairs=216723 n_block_keys=423362 n_steps=100
[I::fdg-gpu] blocklist CSR ready: edges=423362 avg_deg=80.40 max_deg=202
[M::hk_bmap_gen] generated 5266 beads
[M::hk_bmap_gen] 211455 bin pairs
[M::hk_bmap_gen] generated 5266 beads
[M::hk_bmap_gen] 211455 bin pairs
[M::blind-gpu] prepared pair buffers: n_diploid=5266 n_pairs=216583 n_block_keys=423082 n_steps=100
[I::fdg-gpu] blocklist CSR ready: edges=423082 avg_deg=80.34 max_deg=202
[M::hk_bmap_gen] generated 5266 beads
[M::hk_bmap_gen] 211418 bin pairs
[M::hk_bmap_gen] generated 5266 beads
[M::hk_bmap_gen] 211418 bin pairs
[M::blind-gpu] prepared pair buffers: n_diploid=5266 n_pairs=216547 n_block_keys=423012 n_steps=100
[I::fdg-gpu] blocklist CSR ready: edges=423012 avg_deg=80.33 max_deg=202
[M::hk_bmap_gen] generated 5266 beads
[M::hk_bmap_gen] 211399 bin pairs
[M::hk_bmap_gen] generated 5266 beads
[M::hk_bmap_gen] 211399 bin pairs
[M::blind-gpu] prepared pair buffers: n_diploid=5266 n_pairs=216523 n_block_keys=422964 n_steps=100
[I::fdg-gpu] blocklist CSR ready: edges=422964 avg_deg=80.32 max_deg=201
[M::hk_bmap_gen] generated 5266 beads
[M::hk_bmap_gen] 211381 bin pairs
[M::hk_bmap_gen] generated 5266 beads
[M::hk_bmap_gen] 211381 bin pairs
[M::blind-gpu] prepared pair buffers: n_diploid=5266 n_pairs=216504 n_block_keys=422924 n_steps=100
[I::fdg-gpu] blocklist CSR ready: edges=422924 avg_deg=80.31 max_deg=201
[M::hk_bmap_gen] generated 5266 beads
[M::hk_bmap_gen] 211298 bin pairs
[M::hk_bmap_gen] generated 5266 beads
[M::hk_bmap_gen] 211298 bin pairs
[M::blind-gpu] prepared pair buffers: n_diploid=5266 n_pairs=216415 n_block_keys=422746 n_steps=100
[I::fdg-gpu] blocklist CSR ready: edges=422746 avg_deg=80.28 max_deg=200
[M::hk_bmap_gen] generated 5266 beads
[M::hk_bmap_gen] 211305 bin pairs
[M::hk_bmap_gen] generated 5266 beads
[M::hk_bmap_gen] 211305 bin pairs
[M::blind-gpu] prepared pair buffers: n_diploid=5266 n_pairs=216436 n_block_keys=422786 n_steps=100
[I::fdg-gpu] blocklist CSR ready: edges=422786 avg_deg=80.29 max_deg=199
[M::hk_bmap_gen] generated 5266 beads
[M::hk_bmap_gen] 211302 bin pairs
[M::hk_bmap_gen] generated 5266 beads
[M::hk_bmap_gen] 211302 bin pairs
[M::blind-gpu] prepared pair buffers: n_diploid=5266 n_pairs=216432 n_block_keys=422778 n_steps=100
[I::fdg-gpu] blocklist CSR ready: edges=422778 avg_deg=80.28 max_deg=198
[M::hk_bmap_gen] generated 5266 beads
[M::hk_bmap_gen] 211255 bin pairs
[M::hk_bmap_gen] generated 5266 beads
[M::hk_bmap_gen] 211255 bin pairs
[M::blind-gpu] prepared pair buffers: n_diploid=5266 n_pairs=216383 n_block_keys=422680 n_steps=100
[I::fdg-gpu] blocklist CSR ready: edges=422680 avg_deg=80.27 max_deg=198
[M::hk_bmap_gen] generated 5266 beads
[M::hk_bmap_gen] 211253 bin pairs
[M::hk_bmap_gen] generated 5266 beads
[M::hk_bmap_gen] 211253 bin pairs
[M::blind-gpu] prepared pair buffers: n_diploid=5266 n_pairs=216379 n_block_keys=422672 n_steps=100
[I::fdg-gpu] blocklist CSR ready: edges=422672 avg_deg=80.26 max_deg=198
[M::hk_bmap_gen] generated 5266 beads
[M::hk_bmap_gen] 211296 bin pairs
[M::hk_bmap_gen] generated 5266 beads
[M::hk_bmap_gen] 211296 bin pairs
[M::blind-gpu] prepared pair buffers: n_diploid=5266 n_pairs=216430 n_block_keys=422774 n_steps=100
[I::fdg-gpu] blocklist CSR ready: edges=422774 avg_deg=80.28 max_deg=199
[M::hk_bmap_gen] generated 5266 beads
[M::hk_bmap_gen] 211343 bin pairs
[M::hk_bmap_gen] generated 5266 beads
[M::hk_bmap_gen] 211343 bin pairs
[M::blind-gpu] prepared pair buffers: n_diploid=5266 n_pairs=216481 n_block_keys=422876 n_steps=100
[I::fdg-gpu] blocklist CSR ready: edges=422876 avg_deg=80.30 max_deg=199
[M::hk_bmap_gen] generated 5266 beads
[M::hk_bmap_gen] 211341 bin pairs
[M::hk_bmap_gen] generated 5266 beads
[M::hk_bmap_gen] 211341 bin pairs
[M::blind-gpu] prepared pair buffers: n_diploid=5266 n_pairs=216476 n_block_keys=422868 n_steps=100
[I::fdg-gpu] blocklist CSR ready: edges=422868 avg_deg=80.30 max_deg=199
[M::hk_bmap_gen] generated 5266 beads
[M::hk_bmap_gen] 211354 bin pairs
[M::hk_bmap_gen] generated 5266 beads
[M::hk_bmap_gen] 211354 bin pairs
[M::blind-gpu] prepared pair buffers: n_diploid=5266 n_pairs=216493 n_block_keys=422900 n_steps=100
[I::fdg-gpu] blocklist CSR ready: edges=422900 avg_deg=80.31 max_deg=200
[M::hk_bmap_gen] generated 5266 beads
[M::hk_bmap_gen] 211371 bin pairs
[M::hk_bmap_gen] generated 5266 beads
[M::hk_bmap_gen] 211371 bin pairs
[M::blind-gpu] prepared pair buffers: n_diploid=5266 n_pairs=216509 n_block_keys=422932 n_steps=100
[I::fdg-gpu] blocklist CSR ready: edges=422932 avg_deg=80.31 max_deg=200
[M::hk_bmap_gen] generated 5266 beads
[M::hk_bmap_gen] 211264 bin pairs
[M::hk_bmap_gen] generated 5266 beads
[M::hk_bmap_gen] 211264 bin pairs
[M::blind-gpu] prepared pair buffers: n_diploid=5266 n_pairs=216396 n_block_keys=422706 n_steps=100
[I::fdg-gpu] blocklist CSR ready: edges=422706 avg_deg=80.27 max_deg=200
[M::hk_bmap_gen] generated 5266 beads
[M::hk_bmap_gen] 211260 bin pairs
[M::hk_bmap_gen] generated 5266 beads
[M::hk_bmap_gen] 211260 bin pairs
[M::blind-gpu] prepared pair buffers: n_diploid=5266 n_pairs=216394 n_block_keys=422704 n_steps=100
[I::fdg-gpu] blocklist CSR ready: edges=422704 avg_deg=80.27 max_deg=200
[M::hk_bmap_gen] generated 5266 beads
[M::hk_bmap_gen] 211171 bin pairs
[M::hk_bmap_gen] generated 5266 beads
[M::hk_bmap_gen] 211171 bin pairs
[M::blind-gpu] prepared pair buffers: n_diploid=5266 n_pairs=216308 n_block_keys=422530 n_steps=100
[I::fdg-gpu] blocklist CSR ready: edges=422530 avg_deg=80.24 max_deg=200
[M::hk_bmap_gen] generated 5266 beads
[M::hk_bmap_gen] 211222 bin pairs
[M::hk_bmap_gen] generated 5266 beads
[M::hk_bmap_gen] 211222 bin pairs
[M::blind-gpu] prepared pair buffers: n_diploid=5266 n_pairs=216358 n_block_keys=422630 n_steps=100
[I::fdg-gpu] blocklist CSR ready: edges=422630 avg_deg=80.26 max_deg=199
[M::hk_bmap_gen] generated 5266 beads
[M::hk_bmap_gen] 211204 bin pairs
[M::hk_bmap_gen] generated 5266 beads
[M::hk_bmap_gen] 211204 bin pairs
[M::blind-gpu] prepared pair buffers: n_diploid=5266 n_pairs=216345 n_block_keys=422604 n_steps=100
[I::fdg-gpu] blocklist CSR ready: edges=422604 avg_deg=80.25 max_deg=198
[M::hk_bmap_gen] generated 5266 beads
[M::hk_bmap_gen] 211237 bin pairs
[M::hk_bmap_gen] generated 5266 beads
[M::hk_bmap_gen] 211237 bin pairs
[M::blind-gpu] prepared pair buffers: n_diploid=5266 n_pairs=216367 n_block_keys=422648 n_steps=100
[I::fdg-gpu] blocklist CSR ready: edges=422648 avg_deg=80.26 max_deg=198
[M::hk_bmap_gen] generated 5266 beads
[M::hk_bmap_gen] 211267 bin pairs
[M::hk_bmap_gen] generated 5266 beads
[M::hk_bmap_gen] 211267 bin pairs
[M::blind-gpu] prepared pair buffers: n_diploid=5266 n_pairs=216395 n_block_keys=422704 n_steps=100
[I::fdg-gpu] blocklist CSR ready: edges=422704 avg_deg=80.27 max_deg=198
[M::hk_bmap_gen] generated 5266 beads
[M::hk_bmap_gen] 211289 bin pairs
[M::hk_bmap_gen] generated 5266 beads
[M::hk_bmap_gen] 211289 bin pairs
[M::blind-gpu] prepared pair buffers: n_diploid=5266 n_pairs=216422 n_block_keys=422758 n_steps=100
[I::fdg-gpu] blocklist CSR ready: edges=422758 avg_deg=80.28 max_deg=198
[M::hk_bmap_gen] generated 5266 beads
[M::hk_bmap_gen] 211277 bin pairs
[M::hk_bmap_gen] generated 5266 beads
[M::hk_bmap_gen] 211277 bin pairs
[M::blind-gpu] prepared pair buffers: n_diploid=5266 n_pairs=216417 n_block_keys=422748 n_steps=100
[I::fdg-gpu] blocklist CSR ready: edges=422748 avg_deg=80.28 max_deg=197
[M::hk_bmap_gen] generated 5266 beads
[M::hk_bmap_gen] 211281 bin pairs
[M::hk_bmap_gen] generated 5266 beads
[M::hk_bmap_gen] 211281 bin pairs
[M::blind-gpu] prepared pair buffers: n_diploid=5266 n_pairs=216422 n_block_keys=422758 n_steps=100
[I::fdg-gpu] blocklist CSR ready: edges=422758 avg_deg=80.28 max_deg=197
[M::hk_bmap_gen] generated 5266 beads
[M::hk_bmap_gen] 211301 bin pairs
[M::hk_bmap_gen] generated 5266 beads
[M::hk_bmap_gen] 211301 bin pairs
[M::blind-gpu] prepared pair buffers: n_diploid=5266 n_pairs=216440 n_block_keys=422794 n_steps=100
[I::fdg-gpu] blocklist CSR ready: edges=422794 avg_deg=80.29 max_deg=197
[M::hk_bmap_gen] generated 5266 beads
[M::hk_bmap_gen] 211303 bin pairs
[M::hk_bmap_gen] generated 5266 beads
[M::hk_bmap_gen] 211303 bin pairs
[M::blind-gpu] prepared pair buffers: n_diploid=5266 n_pairs=216445 n_block_keys=422804 n_steps=100
[I::fdg-gpu] blocklist CSR ready: edges=422804 avg_deg=80.29 max_deg=197
[M::hk_bmap_gen] generated 5266 beads
[M::hk_bmap_gen] 211309 bin pairs
[M::hk_bmap_gen] generated 5266 beads
[M::hk_bmap_gen] 211309 bin pairs
[M::blind-gpu] prepared pair buffers: n_diploid=5266 n_pairs=216449 n_block_keys=422816 n_steps=100
[I::fdg-gpu] blocklist CSR ready: edges=422816 avg_deg=80.29 max_deg=197
[M::hk_bmap_gen] generated 5266 beads
[M::hk_bmap_gen] 211282 bin pairs
[M::hk_bmap_gen] generated 5266 beads
[M::hk_bmap_gen] 211282 bin pairs
[M::blind-gpu] prepared pair buffers: n_diploid=5266 n_pairs=216418 n_block_keys=422754 n_steps=100
[I::fdg-gpu] blocklist CSR ready: edges=422754 avg_deg=80.28 max_deg=197
[M::hk_bmap_gen] generated 5266 beads
[M::hk_bmap_gen] 211289 bin pairs
[M::hk_bmap_gen] generated 5266 beads
[M::hk_bmap_gen] 211289 bin pairs
[M::blind-gpu] prepared pair buffers: n_diploid=5266 n_pairs=216429 n_block_keys=422776 n_steps=100
[I::fdg-gpu] blocklist CSR ready: edges=422776 avg_deg=80.28 max_deg=197
[M::hk_bmap_gen] generated 5266 beads
[M::hk_bmap_gen] 211305 bin pairs
[M::hk_bmap_gen] generated 5266 beads
[M::hk_bmap_gen] 211305 bin pairs
[M::blind-gpu] prepared pair buffers: n_diploid=5266 n_pairs=216439 n_block_keys=422796 n_steps=100
[I::fdg-gpu] blocklist CSR ready: edges=422796 avg_deg=80.29 max_deg=195
[M::hk_bmap_gen] generated 5266 beads
[M::hk_bmap_gen] 211291 bin pairs
[M::hk_bmap_gen] generated 5266 beads
[M::hk_bmap_gen] 211291 bin pairs
[M::blind-gpu] prepared pair buffers: n_diploid=5266 n_pairs=216429 n_block_keys=422776 n_steps=100
[I::fdg-gpu] blocklist CSR ready: edges=422776 avg_deg=80.28 max_deg=195
[M::hk_bmap_gen] generated 5266 beads
[M::hk_bmap_gen] 211301 bin pairs
[M::hk_bmap_gen] generated 5266 beads
[M::hk_bmap_gen] 211301 bin pairs
[M::blind-gpu] prepared pair buffers: n_diploid=5266 n_pairs=216439 n_block_keys=422796 n_steps=100
[I::fdg-gpu] blocklist CSR ready: edges=422796 avg_deg=80.29 max_deg=194
[M::hk_bmap_gen] generated 5266 beads
[M::hk_bmap_gen] 211302 bin pairs
[M::hk_bmap_gen] generated 5266 beads
[M::hk_bmap_gen] 211302 bin pairs
[M::blind-gpu] prepared pair buffers: n_diploid=5266 n_pairs=216430 n_block_keys=422776 n_steps=100
[I::fdg-gpu] blocklist CSR ready: edges=422776 avg_deg=80.28 max_deg=194
[M::hk_bmap_gen] generated 5266 beads
[M::hk_bmap_gen] 211309 bin pairs
[M::hk_bmap_gen] generated 5266 beads
[M::hk_bmap_gen] 211309 bin pairs
[M::blind-gpu] prepared pair buffers: n_diploid=5266 n_pairs=216441 n_block_keys=422798 n_steps=100
[I::fdg-gpu] blocklist CSR ready: edges=422798 avg_deg=80.29 max_deg=194
[M::hk_bmap_gen] generated 5266 beads
[M::hk_bmap_gen] 211351 bin pairs
[M::hk_bmap_gen] generated 5266 beads
[M::hk_bmap_gen] 211351 bin pairs
[M::blind-gpu] prepared pair buffers: n_diploid=5266 n_pairs=216482 n_block_keys=422882 n_steps=100
[I::fdg-gpu] blocklist CSR ready: edges=422882 avg_deg=80.30 max_deg=193
[M::hk_bmap_gen] generated 5266 beads
[M::hk_bmap_gen] 211336 bin pairs
[M::hk_bmap_gen] generated 5266 beads
[M::hk_bmap_gen] 211336 bin pairs
[M::blind-gpu] prepared pair buffers: n_diploid=5266 n_pairs=216467 n_block_keys=422852 n_steps=100
[I::fdg-gpu] blocklist CSR ready: edges=422852 avg_deg=80.30 max_deg=193
[M::hk_bmap_gen] generated 5266 beads
[M::hk_bmap_gen] 211351 bin pairs
[M::hk_bmap_gen] generated 5266 beads
[M::hk_bmap_gen] 211351 bin pairs
[M::blind-gpu] prepared pair buffers: n_diploid=5266 n_pairs=216481 n_block_keys=422880 n_steps=100
[I::fdg-gpu] blocklist CSR ready: edges=422880 avg_deg=80.30 max_deg=193
[M::hk_bmap_gen] generated 5266 beads
[M::hk_bmap_gen] 211376 bin pairs
[M::hk_bmap_gen] generated 5266 beads
[M::hk_bmap_gen] 211376 bin pairs
[M::blind-gpu] prepared pair buffers: n_diploid=5266 n_pairs=216505 n_block_keys=422928 n_steps=100
[I::fdg-gpu] blocklist CSR ready: edges=422928 avg_deg=80.31 max_deg=193
[M::hk_bmap_gen] generated 5266 beads
[M::hk_bmap_gen] 211389 bin pairs
[M::hk_bmap_gen] generated 5266 beads
[M::hk_bmap_gen] 211389 bin pairs
[M::blind-gpu] prepared pair buffers: n_diploid=5266 n_pairs=216519 n_block_keys=422956 n_steps=100
[I::fdg-gpu] blocklist CSR ready: edges=422956 avg_deg=80.32 max_deg=193
[M::hk_bmap_gen] generated 5266 beads
[M::hk_bmap_gen] 211417 bin pairs
[M::hk_bmap_gen] generated 5266 beads
[M::hk_bmap_gen] 211417 bin pairs
[M::blind-gpu] prepared pair buffers: n_diploid=5266 n_pairs=216550 n_block_keys=423018 n_steps=100
[I::fdg-gpu] blocklist CSR ready: edges=423018 avg_deg=80.33 max_deg=193
[M::hk_bmap_gen] generated 5266 beads
[M::hk_bmap_gen] 211446 bin pairs
[M::hk_bmap_gen] generated 5266 beads
[M::hk_bmap_gen] 211446 bin pairs
[M::blind-gpu] prepared pair buffers: n_diploid=5266 n_pairs=216585 n_block_keys=423088 n_steps=100
[I::fdg-gpu] blocklist CSR ready: edges=423088 avg_deg=80.34 max_deg=193
[M::hk_bmap_gen] generated 5266 beads
[M::hk_bmap_gen] 211436 bin pairs
[M::hk_bmap_gen] generated 5266 beads
[M::hk_bmap_gen] 211436 bin pairs
[M::blind-gpu] prepared pair buffers: n_diploid=5266 n_pairs=216574 n_block_keys=423066 n_steps=100
[I::fdg-gpu] blocklist CSR ready: edges=423066 avg_deg=80.34 max_deg=193
[M::hk_bmap_gen] generated 5266 beads
[M::hk_bmap_gen] 211435 bin pairs
[M::hk_bmap_gen] generated 5266 beads
[M::hk_bmap_gen] 211435 bin pairs
[M::blind-gpu] prepared pair buffers: n_diploid=5266 n_pairs=216572 n_block_keys=423062 n_steps=100
[I::fdg-gpu] blocklist CSR ready: edges=423062 avg_deg=80.34 max_deg=193
[M::hk_bmap_gen] generated 5266 beads
[M::hk_bmap_gen] 211440 bin pairs
[M::hk_bmap_gen] generated 5266 beads
[M::hk_bmap_gen] 211440 bin pairs
[M::blind-gpu] prepared pair buffers: n_diploid=5266 n_pairs=216576 n_block_keys=423070 n_steps=100
[I::fdg-gpu] blocklist CSR ready: edges=423070 avg_deg=80.34 max_deg=193
[M::hk_bmap_gen] generated 5266 beads
[M::hk_bmap_gen] 211430 bin pairs
[M::hk_bmap_gen] generated 5266 beads
[M::hk_bmap_gen] 211430 bin pairs
[M::blind-gpu] prepared pair buffers: n_diploid=5266 n_pairs=216561 n_block_keys=423040 n_steps=100
[I::fdg-gpu] blocklist CSR ready: edges=423040 avg_deg=80.33 max_deg=192
[M::hk_bmap_gen] generated 5266 beads
[M::hk_bmap_gen] 211461 bin pairs
[M::hk_bmap_gen] generated 5266 beads
[M::hk_bmap_gen] 211461 bin pairs
[M::blind-gpu] prepared pair buffers: n_diploid=5266 n_pairs=216590 n_block_keys=423098 n_steps=100
[I::fdg-gpu] blocklist CSR ready: edges=423098 avg_deg=80.35 max_deg=192
[M::hk_bmap_gen] generated 5266 beads
[M::hk_bmap_gen] 211463 bin pairs
[M::hk_bmap_gen] generated 5266 beads
[M::hk_bmap_gen] 211463 bin pairs
[M::blind-gpu] prepared pair buffers: n_diploid=5266 n_pairs=216591 n_block_keys=423100 n_steps=100
[I::fdg-gpu] blocklist CSR ready: edges=423100 avg_deg=80.35 max_deg=193
[M::hk_bmap_gen] generated 5266 beads
[M::hk_bmap_gen] 211455 bin pairs
[M::hk_bmap_gen] generated 5266 beads
[M::hk_bmap_gen] 211455 bin pairs
[M::blind-gpu] prepared pair buffers: n_diploid=5266 n_pairs=216583 n_block_keys=423084 n_steps=100
[I::fdg-gpu] blocklist CSR ready: edges=423084 avg_deg=80.34 max_deg=193
[M::hk_bmap_gen] generated 5266 beads
[M::hk_bmap_gen] 211430 bin pairs
[M::hk_bmap_gen] generated 5266 beads
[M::hk_bmap_gen] 211430 bin pairs
[M::blind-gpu] prepared pair buffers: n_diploid=5266 n_pairs=216562 n_block_keys=423040 n_steps=100
[I::fdg-gpu] blocklist CSR ready: edges=423040 avg_deg=80.33 max_deg=193
[M::hk_bmap_gen] generated 5266 beads
[M::hk_bmap_gen] 211437 bin pairs
[M::hk_bmap_gen] generated 5266 beads
[M::hk_bmap_gen] 211437 bin pairs
[M::blind-gpu] prepared pair buffers: n_diploid=5266 n_pairs=216566 n_block_keys=423048 n_steps=100
[I::fdg-gpu] blocklist CSR ready: edges=423048 avg_deg=80.34 max_deg=193
[M::hk_bmap_gen] generated 5266 beads
[M::hk_bmap_gen] 211441 bin pairs
[M::hk_bmap_gen] generated 5266 beads
[M::hk_bmap_gen] 211441 bin pairs
[M::blind-gpu] prepared pair buffers: n_diploid=5266 n_pairs=216572 n_block_keys=423060 n_steps=100
[I::fdg-gpu] blocklist CSR ready: edges=423060 avg_deg=80.34 max_deg=193
[M::hk_bmap_gen] generated 5266 beads
[M::hk_bmap_gen] 211459 bin pairs
[M::hk_bmap_gen] generated 5266 beads
[M::hk_bmap_gen] 211459 bin pairs
[M::blind-gpu] prepared pair buffers: n_diploid=5266 n_pairs=216596 n_block_keys=423108 n_steps=100
[I::fdg-gpu] blocklist CSR ready: edges=423108 avg_deg=80.35 max_deg=193
[M::hk_bmap_gen] generated 5266 beads
[M::hk_bmap_gen] 211467 bin pairs
[M::hk_bmap_gen] generated 5266 beads
[M::hk_bmap_gen] 211467 bin pairs
[M::blind-gpu] prepared pair buffers: n_diploid=5266 n_pairs=216600 n_block_keys=423116 n_steps=100
[I::fdg-gpu] blocklist CSR ready: edges=423116 avg_deg=80.35 max_deg=193
[M::hk_bmap_gen] generated 5266 beads
[M::hk_bmap_gen] 211457 bin pairs
[M::hk_bmap_gen] generated 5266 beads
[M::hk_bmap_gen] 211457 bin pairs
[M::blind-gpu] prepared pair buffers: n_diploid=5266 n_pairs=216589 n_block_keys=423094 n_steps=100
[I::fdg-gpu] blocklist CSR ready: edges=423094 avg_deg=80.34 max_deg=193
[M::hk_bmap_gen] generated 5266 beads
[M::hk_bmap_gen] 211463 bin pairs
[M::hk_bmap_gen] generated 5266 beads
[M::hk_bmap_gen] 211463 bin pairs
[M::blind-gpu] prepared pair buffers: n_diploid=5266 n_pairs=216595 n_block_keys=423106 n_steps=100
[I::fdg-gpu] blocklist CSR ready: edges=423106 avg_deg=80.35 max_deg=193
[M::hk_bmap_gen] generated 5266 beads
[M::hk_bmap_gen] 211461 bin pairs
[M::hk_bmap_gen] generated 5266 beads
[M::hk_bmap_gen] 211461 bin pairs
[M::blind-gpu] prepared pair buffers: n_diploid=5266 n_pairs=216593 n_block_keys=423102 n_steps=100
[I::fdg-gpu] blocklist CSR ready: edges=423102 avg_deg=80.35 max_deg=194
minimal P9016[1m]: write outputs to /mnt/ssd/zliu/phase3/test_res/037-20260619_230802-p9016_trans_chrpair_mstep_1m/work_outputs/p9016_pcgamma1_td0p5_mstep0p25_p1_w0_sep0/p9016_pcgamma1_td0p5_mstep0p25_p1_w0_sep0
[M::hk_bmap_gen] generated 5266 beads
[M::hk_bmap_gen] 211470 bin pairs
[M::hk_bmap_gen] generated 5266 beads
[M::hk_bmap_gen] 211470 bin pairs
minimal P9016[1m]: status=OK final_entropy=0.65869135 final_pU=0.47514534
minimal P9016: summary /mnt/ssd/zliu/phase3/test_res/037-20260619_230802-p9016_trans_chrpair_mstep_1m/work_outputs/p9016_pcgamma1_td0p5_mstep0p25_p1_w0_sep0/matrix_summary.tsv
