minimal P9016: input=/shared/zliu/CHARM/CHARM_mesc/data/pairs/P1006.pairs.gz output_root=/mnt/ssd/zliu/phase3/test_res/013-20260617_115651-p1006_dscale_semantics_gpu_1m/work_outputs/p1006_posterior_count_gpu_exact_ieps0p5_noise0_seed17 config=p1006_posterior_count_gpu_exact_ieps0p5_noise0_seed17 baseline=softall n_iter=100 relax_steps=100 relax_step=0.012 chain=0 init_mode=unphased_scaffold_split init_eps=0.5 init_noise=0 init_scale=10 init_seed=17 min_sep=0 lambda_sep=0 d_scale_mode=posterior_count d_scale_input=posterior_count d_scale_formula=n_raw*posterior_prob d_scale_gamma=1 d_scale_eps=1e-06 relax_backend=gpu
minimal P9016: stage 1/1 name=1m bin_size_bp=1000000 parent=0
[M::hk_map_read] read 1961601 pairs
[M::hk_bmap_gen] generated 2633 beads
[M::hk_bmap_gen] 421940 bin pairs
minimal P9016[1m]: build binned contacts
minimal P9016[1m]: init mode=unphased_scaffold_split seed=17 scale=10
[M::hk_fdg] mid_dist:1000000 max_nei:67
[M::hk_fdg1_cpu] iter:10 elapsed:0.34s rep_coef:0.2092 RMS_force:316.5101 n_rep:44.0065 energy:25.2004,6.7330,0.0049 dist:5.6286,6.7187,1.4496
[M::hk_fdg1_cpu] iter:20 elapsed:0.89s rep_coef:0.6615 RMS_force:289.5976 n_rep:158.5739 energy:7.5053,3.4220,0.0175 dist:3.3627,4.3015,1.4061
[M::hk_fdg1_cpu] iter:30 elapsed:1.99s rep_coef:0.9352 RMS_force:193.0783 n_rep:598.7083 energy:1.8023,1.0920,0.0338 dist:1.9819,2.3697,1.2737
[M::hk_fdg1_cpu] iter:40 elapsed:3.59s rep_coef:0.9907 RMS_force:101.2589 n_rep:838.7482 energy:0.5259,0.4091,0.0350 dist:1.4172,1.7338,1.2757
[M::hk_fdg1_cpu] iter:50 elapsed:5.32s rep_coef:0.9987 RMS_force:90.2029 n_rep:805.2115 energy:0.2106,0.3295,0.0318 dist:1.1198,1.6819,1.3240
minimal P9016[1m]: run softall, n_iter=100 relax_steps=100 relax_step=0.012 relax_backend=gpu
[M::hk_bmap_gen] generated 5266 beads
[M::hk_bmap_gen] 255329 bin pairs
[M::blind-gpu] prepared pair buffers: n_diploid=5266 n_pairs=260492 n_block_keys=510868 n_steps=100
[I::fdg-gpu] blocklist CSR ready: edges=510868 avg_deg=97.01 max_deg=215
[M::hk_bmap_gen] generated 5266 beads
[M::hk_bmap_gen] 247513 bin pairs
[M::blind-gpu] prepared pair buffers: n_diploid=5266 n_pairs=252584 n_block_keys=495048 n_steps=100
[I::fdg-gpu] blocklist CSR ready: edges=495048 avg_deg=94.01 max_deg=195
[M::hk_bmap_gen] generated 5266 beads
[M::hk_bmap_gen] 233063 bin pairs
[M::blind-gpu] prepared pair buffers: n_diploid=5266 n_pairs=238142 n_block_keys=466168 n_steps=100
[I::fdg-gpu] blocklist CSR ready: edges=466168 avg_deg=88.52 max_deg=193
[M::hk_bmap_gen] generated 5266 beads
[M::hk_bmap_gen] 223182 bin pairs
[M::blind-gpu] prepared pair buffers: n_diploid=5266 n_pairs=228233 n_block_keys=446354 n_steps=100
[I::fdg-gpu] blocklist CSR ready: edges=446354 avg_deg=84.76 max_deg=185
[M::hk_bmap_gen] generated 5266 beads
[M::hk_bmap_gen] 215064 bin pairs
[M::blind-gpu] prepared pair buffers: n_diploid=5266 n_pairs=220119 n_block_keys=430130 n_steps=100
[I::fdg-gpu] blocklist CSR ready: edges=430130 avg_deg=81.68 max_deg=179
[M::hk_bmap_gen] generated 5266 beads
[M::hk_bmap_gen] 209589 bin pairs
[M::blind-gpu] prepared pair buffers: n_diploid=5266 n_pairs=214654 n_block_keys=419196 n_steps=100
[I::fdg-gpu] blocklist CSR ready: edges=419196 avg_deg=79.60 max_deg=175
[M::hk_bmap_gen] generated 5266 beads
[M::hk_bmap_gen] 205684 bin pairs
[M::blind-gpu] prepared pair buffers: n_diploid=5266 n_pairs=210754 n_block_keys=411402 n_steps=100
[I::fdg-gpu] blocklist CSR ready: edges=411402 avg_deg=78.12 max_deg=174
[M::hk_bmap_gen] generated 5266 beads
[M::hk_bmap_gen] 202419 bin pairs
[M::blind-gpu] prepared pair buffers: n_diploid=5266 n_pairs=207485 n_block_keys=404856 n_steps=100
[I::fdg-gpu] blocklist CSR ready: edges=404856 avg_deg=76.88 max_deg=178
[M::hk_bmap_gen] generated 5266 beads
[M::hk_bmap_gen] 200209 bin pairs
[M::blind-gpu] prepared pair buffers: n_diploid=5266 n_pairs=205276 n_block_keys=400436 n_steps=100
[I::fdg-gpu] blocklist CSR ready: edges=400436 avg_deg=76.04 max_deg=175
[M::hk_bmap_gen] generated 5266 beads
[M::hk_bmap_gen] 198270 bin pairs
[M::blind-gpu] prepared pair buffers: n_diploid=5266 n_pairs=203353 n_block_keys=396588 n_steps=100
[I::fdg-gpu] blocklist CSR ready: edges=396588 avg_deg=75.31 max_deg=174
[M::hk_bmap_gen] generated 5266 beads
[M::hk_bmap_gen] 197046 bin pairs
[M::blind-gpu] prepared pair buffers: n_diploid=5266 n_pairs=202103 n_block_keys=394094 n_steps=100
[I::fdg-gpu] blocklist CSR ready: edges=394094 avg_deg=74.84 max_deg=174
[M::hk_bmap_gen] generated 5266 beads
[M::hk_bmap_gen] 196249 bin pairs
[M::blind-gpu] prepared pair buffers: n_diploid=5266 n_pairs=201331 n_block_keys=392550 n_steps=100
[I::fdg-gpu] blocklist CSR ready: edges=392550 avg_deg=74.54 max_deg=177
[M::hk_bmap_gen] generated 5266 beads
[M::hk_bmap_gen] 195657 bin pairs
[M::blind-gpu] prepared pair buffers: n_diploid=5266 n_pairs=200737 n_block_keys=391370 n_steps=100
[I::fdg-gpu] blocklist CSR ready: edges=391370 avg_deg=74.32 max_deg=174
[M::hk_bmap_gen] generated 5266 beads
[M::hk_bmap_gen] 194781 bin pairs
[M::blind-gpu] prepared pair buffers: n_diploid=5266 n_pairs=199884 n_block_keys=389658 n_steps=100
[I::fdg-gpu] blocklist CSR ready: edges=389658 avg_deg=74.00 max_deg=174
[M::hk_bmap_gen] generated 5266 beads
[M::hk_bmap_gen] 193995 bin pairs
[M::blind-gpu] prepared pair buffers: n_diploid=5266 n_pairs=199108 n_block_keys=388110 n_steps=100
[I::fdg-gpu] blocklist CSR ready: edges=388110 avg_deg=73.70 max_deg=173
[M::hk_bmap_gen] generated 5266 beads
[M::hk_bmap_gen] 193549 bin pairs
[M::blind-gpu] prepared pair buffers: n_diploid=5266 n_pairs=198656 n_block_keys=387206 n_steps=100
[I::fdg-gpu] blocklist CSR ready: edges=387206 avg_deg=73.53 max_deg=172
[M::hk_bmap_gen] generated 5266 beads
[M::hk_bmap_gen] 193085 bin pairs
[M::blind-gpu] prepared pair buffers: n_diploid=5266 n_pairs=198190 n_block_keys=386272 n_steps=100
[I::fdg-gpu] blocklist CSR ready: edges=386272 avg_deg=73.35 max_deg=177
[M::hk_bmap_gen] generated 5266 beads
[M::hk_bmap_gen] 192700 bin pairs
[M::blind-gpu] prepared pair buffers: n_diploid=5266 n_pairs=197812 n_block_keys=385518 n_steps=100
[I::fdg-gpu] blocklist CSR ready: edges=385518 avg_deg=73.21 max_deg=180
[M::hk_bmap_gen] generated 5266 beads
[M::hk_bmap_gen] 192150 bin pairs
[M::blind-gpu] prepared pair buffers: n_diploid=5266 n_pairs=197271 n_block_keys=384438 n_steps=100
[I::fdg-gpu] blocklist CSR ready: edges=384438 avg_deg=73.00 max_deg=181
[M::hk_bmap_gen] generated 5266 beads
[M::hk_bmap_gen] 191935 bin pairs
[M::blind-gpu] prepared pair buffers: n_diploid=5266 n_pairs=197037 n_block_keys=383970 n_steps=100
[I::fdg-gpu] blocklist CSR ready: edges=383970 avg_deg=72.91 max_deg=184
[M::hk_bmap_gen] generated 5266 beads
[M::hk_bmap_gen] 191934 bin pairs
[M::blind-gpu] prepared pair buffers: n_diploid=5266 n_pairs=197034 n_block_keys=383970 n_steps=100
[I::fdg-gpu] blocklist CSR ready: edges=383970 avg_deg=72.91 max_deg=186
[M::hk_bmap_gen] generated 5266 beads
[M::hk_bmap_gen] 191582 bin pairs
[M::blind-gpu] prepared pair buffers: n_diploid=5266 n_pairs=196696 n_block_keys=383296 n_steps=100
[I::fdg-gpu] blocklist CSR ready: edges=383296 avg_deg=72.79 max_deg=186
[M::hk_bmap_gen] generated 5266 beads
[M::hk_bmap_gen] 191357 bin pairs
[M::blind-gpu] prepared pair buffers: n_diploid=5266 n_pairs=196451 n_block_keys=382802 n_steps=100
[I::fdg-gpu] blocklist CSR ready: edges=382802 avg_deg=72.69 max_deg=186
[M::hk_bmap_gen] generated 5266 beads
[M::hk_bmap_gen] 191196 bin pairs
[M::blind-gpu] prepared pair buffers: n_diploid=5266 n_pairs=196286 n_block_keys=382470 n_steps=100
[I::fdg-gpu] blocklist CSR ready: edges=382470 avg_deg=72.63 max_deg=185
[M::hk_bmap_gen] generated 5266 beads
[M::hk_bmap_gen] 191069 bin pairs
[M::blind-gpu] prepared pair buffers: n_diploid=5266 n_pairs=196156 n_block_keys=382212 n_steps=100
[I::fdg-gpu] blocklist CSR ready: edges=382212 avg_deg=72.58 max_deg=183
[M::hk_bmap_gen] generated 5266 beads
[M::hk_bmap_gen] 191063 bin pairs
[M::blind-gpu] prepared pair buffers: n_diploid=5266 n_pairs=196153 n_block_keys=382210 n_steps=100
[I::fdg-gpu] blocklist CSR ready: edges=382210 avg_deg=72.58 max_deg=182
[M::hk_bmap_gen] generated 5266 beads
[M::hk_bmap_gen] 190945 bin pairs
[M::blind-gpu] prepared pair buffers: n_diploid=5266 n_pairs=196046 n_block_keys=381996 n_steps=100
[I::fdg-gpu] blocklist CSR ready: edges=381996 avg_deg=72.54 max_deg=183
[M::hk_bmap_gen] generated 5266 beads
[M::hk_bmap_gen] 190730 bin pairs
[M::blind-gpu] prepared pair buffers: n_diploid=5266 n_pairs=195834 n_block_keys=381578 n_steps=100
[I::fdg-gpu] blocklist CSR ready: edges=381578 avg_deg=72.46 max_deg=187
[M::hk_bmap_gen] generated 5266 beads
[M::hk_bmap_gen] 190511 bin pairs
[M::blind-gpu] prepared pair buffers: n_diploid=5266 n_pairs=195621 n_block_keys=381158 n_steps=100
[I::fdg-gpu] blocklist CSR ready: edges=381158 avg_deg=72.38 max_deg=187
[M::hk_bmap_gen] generated 5266 beads
[M::hk_bmap_gen] 190218 bin pairs
[M::blind-gpu] prepared pair buffers: n_diploid=5266 n_pairs=195339 n_block_keys=380590 n_steps=100
[I::fdg-gpu] blocklist CSR ready: edges=380590 avg_deg=72.27 max_deg=187
[M::hk_bmap_gen] generated 5266 beads
[M::hk_bmap_gen] 190048 bin pairs
[M::blind-gpu] prepared pair buffers: n_diploid=5266 n_pairs=195158 n_block_keys=380228 n_steps=100
[I::fdg-gpu] blocklist CSR ready: edges=380228 avg_deg=72.20 max_deg=187
[M::hk_bmap_gen] generated 5266 beads
[M::hk_bmap_gen] 189794 bin pairs
[M::blind-gpu] prepared pair buffers: n_diploid=5266 n_pairs=194920 n_block_keys=379750 n_steps=100
[I::fdg-gpu] blocklist CSR ready: edges=379750 avg_deg=72.11 max_deg=189
[M::hk_bmap_gen] generated 5266 beads
[M::hk_bmap_gen] 189681 bin pairs
[M::blind-gpu] prepared pair buffers: n_diploid=5266 n_pairs=194789 n_block_keys=379492 n_steps=100
[I::fdg-gpu] blocklist CSR ready: edges=379492 avg_deg=72.06 max_deg=189
[M::hk_bmap_gen] generated 5266 beads
[M::hk_bmap_gen] 189612 bin pairs
[M::blind-gpu] prepared pair buffers: n_diploid=5266 n_pairs=194728 n_block_keys=379372 n_steps=100
[I::fdg-gpu] blocklist CSR ready: edges=379372 avg_deg=72.04 max_deg=190
[M::hk_bmap_gen] generated 5266 beads
[M::hk_bmap_gen] 189410 bin pairs
[M::blind-gpu] prepared pair buffers: n_diploid=5266 n_pairs=194535 n_block_keys=378984 n_steps=100
[I::fdg-gpu] blocklist CSR ready: edges=378984 avg_deg=71.97 max_deg=191
[M::hk_bmap_gen] generated 5266 beads
[M::hk_bmap_gen] 189210 bin pairs
[M::blind-gpu] prepared pair buffers: n_diploid=5266 n_pairs=194322 n_block_keys=378558 n_steps=100
[I::fdg-gpu] blocklist CSR ready: edges=378558 avg_deg=71.89 max_deg=193
[M::hk_bmap_gen] generated 5266 beads
[M::hk_bmap_gen] 189197 bin pairs
[M::blind-gpu] prepared pair buffers: n_diploid=5266 n_pairs=194312 n_block_keys=378538 n_steps=100
[I::fdg-gpu] blocklist CSR ready: edges=378538 avg_deg=71.88 max_deg=193
[M::hk_bmap_gen] generated 5266 beads
[M::hk_bmap_gen] 189074 bin pairs
[M::blind-gpu] prepared pair buffers: n_diploid=5266 n_pairs=194180 n_block_keys=378276 n_steps=100
[I::fdg-gpu] blocklist CSR ready: edges=378276 avg_deg=71.83 max_deg=193
[M::hk_bmap_gen] generated 5266 beads
[M::hk_bmap_gen] 188912 bin pairs
[M::blind-gpu] prepared pair buffers: n_diploid=5266 n_pairs=194019 n_block_keys=377956 n_steps=100
[I::fdg-gpu] blocklist CSR ready: edges=377956 avg_deg=71.77 max_deg=195
[M::hk_bmap_gen] generated 5266 beads
[M::hk_bmap_gen] 188742 bin pairs
[M::blind-gpu] prepared pair buffers: n_diploid=5266 n_pairs=193856 n_block_keys=377630 n_steps=100
[I::fdg-gpu] blocklist CSR ready: edges=377630 avg_deg=71.71 max_deg=195
[M::hk_bmap_gen] generated 5266 beads
[M::hk_bmap_gen] 188638 bin pairs
[M::blind-gpu] prepared pair buffers: n_diploid=5266 n_pairs=193755 n_block_keys=377432 n_steps=100
[I::fdg-gpu] blocklist CSR ready: edges=377432 avg_deg=71.67 max_deg=197
[M::hk_bmap_gen] generated 5266 beads
[M::hk_bmap_gen] 188588 bin pairs
[M::blind-gpu] prepared pair buffers: n_diploid=5266 n_pairs=193702 n_block_keys=377326 n_steps=100
[I::fdg-gpu] blocklist CSR ready: edges=377326 avg_deg=71.65 max_deg=197
[M::hk_bmap_gen] generated 5266 beads
[M::hk_bmap_gen] 188476 bin pairs
[M::blind-gpu] prepared pair buffers: n_diploid=5266 n_pairs=193600 n_block_keys=377120 n_steps=100
[I::fdg-gpu] blocklist CSR ready: edges=377120 avg_deg=71.61 max_deg=198
[M::hk_bmap_gen] generated 5266 beads
[M::hk_bmap_gen] 188408 bin pairs
[M::blind-gpu] prepared pair buffers: n_diploid=5266 n_pairs=193540 n_block_keys=377000 n_steps=100
[I::fdg-gpu] blocklist CSR ready: edges=377000 avg_deg=71.59 max_deg=197
[M::hk_bmap_gen] generated 5266 beads
[M::hk_bmap_gen] 188324 bin pairs
[M::blind-gpu] prepared pair buffers: n_diploid=5266 n_pairs=193457 n_block_keys=376834 n_steps=100
[I::fdg-gpu] blocklist CSR ready: edges=376834 avg_deg=71.56 max_deg=198
[M::hk_bmap_gen] generated 5266 beads
[M::hk_bmap_gen] 188285 bin pairs
[M::blind-gpu] prepared pair buffers: n_diploid=5266 n_pairs=193408 n_block_keys=376732 n_steps=100
[I::fdg-gpu] blocklist CSR ready: edges=376732 avg_deg=71.54 max_deg=198
[M::hk_bmap_gen] generated 5266 beads
[M::hk_bmap_gen] 188144 bin pairs
[M::blind-gpu] prepared pair buffers: n_diploid=5266 n_pairs=193268 n_block_keys=376452 n_steps=100
[I::fdg-gpu] blocklist CSR ready: edges=376452 avg_deg=71.49 max_deg=199
[M::hk_bmap_gen] generated 5266 beads
[M::hk_bmap_gen] 188131 bin pairs
[M::blind-gpu] prepared pair buffers: n_diploid=5266 n_pairs=193251 n_block_keys=376418 n_steps=100
[I::fdg-gpu] blocklist CSR ready: edges=376418 avg_deg=71.48 max_deg=200
[M::hk_bmap_gen] generated 5266 beads
[M::hk_bmap_gen] 188005 bin pairs
[M::blind-gpu] prepared pair buffers: n_diploid=5266 n_pairs=193134 n_block_keys=376188 n_steps=100
[I::fdg-gpu] blocklist CSR ready: edges=376188 avg_deg=71.44 max_deg=200
[M::hk_bmap_gen] generated 5266 beads
[M::hk_bmap_gen] 187944 bin pairs
[M::blind-gpu] prepared pair buffers: n_diploid=5266 n_pairs=193067 n_block_keys=376058 n_steps=100
[I::fdg-gpu] blocklist CSR ready: edges=376058 avg_deg=71.41 max_deg=200
[M::hk_bmap_gen] generated 5266 beads
[M::hk_bmap_gen] 187817 bin pairs
[M::blind-gpu] prepared pair buffers: n_diploid=5266 n_pairs=192939 n_block_keys=375804 n_steps=100
[I::fdg-gpu] blocklist CSR ready: edges=375804 avg_deg=71.36 max_deg=199
[M::hk_bmap_gen] generated 5266 beads
[M::hk_bmap_gen] 187770 bin pairs
[M::blind-gpu] prepared pair buffers: n_diploid=5266 n_pairs=192893 n_block_keys=375710 n_steps=100
[I::fdg-gpu] blocklist CSR ready: edges=375710 avg_deg=71.35 max_deg=199
[M::hk_bmap_gen] generated 5266 beads
[M::hk_bmap_gen] 187740 bin pairs
[M::blind-gpu] prepared pair buffers: n_diploid=5266 n_pairs=192863 n_block_keys=375650 n_steps=100
[I::fdg-gpu] blocklist CSR ready: edges=375650 avg_deg=71.33 max_deg=199
[M::hk_bmap_gen] generated 5266 beads
[M::hk_bmap_gen] 187714 bin pairs
[M::blind-gpu] prepared pair buffers: n_diploid=5266 n_pairs=192827 n_block_keys=375578 n_steps=100
[I::fdg-gpu] blocklist CSR ready: edges=375578 avg_deg=71.32 max_deg=199
[M::hk_bmap_gen] generated 5266 beads
[M::hk_bmap_gen] 187710 bin pairs
[M::blind-gpu] prepared pair buffers: n_diploid=5266 n_pairs=192804 n_block_keys=375536 n_steps=100
[I::fdg-gpu] blocklist CSR ready: edges=375536 avg_deg=71.31 max_deg=199
[M::hk_bmap_gen] generated 5266 beads
[M::hk_bmap_gen] 187736 bin pairs
[M::blind-gpu] prepared pair buffers: n_diploid=5266 n_pairs=192832 n_block_keys=375592 n_steps=100
[I::fdg-gpu] blocklist CSR ready: edges=375592 avg_deg=71.32 max_deg=199
[M::hk_bmap_gen] generated 5266 beads
[M::hk_bmap_gen] 187701 bin pairs
[M::blind-gpu] prepared pair buffers: n_diploid=5266 n_pairs=192804 n_block_keys=375542 n_steps=100
[I::fdg-gpu] blocklist CSR ready: edges=375542 avg_deg=71.31 max_deg=199
[M::hk_bmap_gen] generated 5266 beads
[M::hk_bmap_gen] 187636 bin pairs
[M::blind-gpu] prepared pair buffers: n_diploid=5266 n_pairs=192736 n_block_keys=375408 n_steps=100
[I::fdg-gpu] blocklist CSR ready: edges=375408 avg_deg=71.29 max_deg=199
[M::hk_bmap_gen] generated 5266 beads
[M::hk_bmap_gen] 187614 bin pairs
[M::blind-gpu] prepared pair buffers: n_diploid=5266 n_pairs=192731 n_block_keys=375398 n_steps=100
[I::fdg-gpu] blocklist CSR ready: edges=375398 avg_deg=71.29 max_deg=198
[M::hk_bmap_gen] generated 5266 beads
[M::hk_bmap_gen] 187620 bin pairs
[M::blind-gpu] prepared pair buffers: n_diploid=5266 n_pairs=192737 n_block_keys=375414 n_steps=100
[I::fdg-gpu] blocklist CSR ready: edges=375414 avg_deg=71.29 max_deg=199
[M::hk_bmap_gen] generated 5266 beads
[M::hk_bmap_gen] 187594 bin pairs
[M::blind-gpu] prepared pair buffers: n_diploid=5266 n_pairs=192716 n_block_keys=375366 n_steps=100
[I::fdg-gpu] blocklist CSR ready: edges=375366 avg_deg=71.28 max_deg=199
[M::hk_bmap_gen] generated 5266 beads
[M::hk_bmap_gen] 187531 bin pairs
[M::blind-gpu] prepared pair buffers: n_diploid=5266 n_pairs=192658 n_block_keys=375256 n_steps=100
[I::fdg-gpu] blocklist CSR ready: edges=375256 avg_deg=71.26 max_deg=200
[M::hk_bmap_gen] generated 5266 beads
[M::hk_bmap_gen] 187455 bin pairs
[M::blind-gpu] prepared pair buffers: n_diploid=5266 n_pairs=192575 n_block_keys=375086 n_steps=100
[I::fdg-gpu] blocklist CSR ready: edges=375086 avg_deg=71.23 max_deg=200
[M::hk_bmap_gen] generated 5266 beads
[M::hk_bmap_gen] 187456 bin pairs
[M::blind-gpu] prepared pair buffers: n_diploid=5266 n_pairs=192576 n_block_keys=375088 n_steps=100
[I::fdg-gpu] blocklist CSR ready: edges=375088 avg_deg=71.23 max_deg=200
[M::hk_bmap_gen] generated 5266 beads
[M::hk_bmap_gen] 187484 bin pairs
[M::blind-gpu] prepared pair buffers: n_diploid=5266 n_pairs=192593 n_block_keys=375122 n_steps=100
[I::fdg-gpu] blocklist CSR ready: edges=375122 avg_deg=71.23 max_deg=201
[M::hk_bmap_gen] generated 5266 beads
[M::hk_bmap_gen] 187451 bin pairs
[M::blind-gpu] prepared pair buffers: n_diploid=5266 n_pairs=192575 n_block_keys=375086 n_steps=100
[I::fdg-gpu] blocklist CSR ready: edges=375086 avg_deg=71.23 max_deg=201
[M::hk_bmap_gen] generated 5266 beads
[M::hk_bmap_gen] 187373 bin pairs
[M::blind-gpu] prepared pair buffers: n_diploid=5266 n_pairs=192506 n_block_keys=374950 n_steps=100
[I::fdg-gpu] blocklist CSR ready: edges=374950 avg_deg=71.20 max_deg=201
[M::hk_bmap_gen] generated 5266 beads
[M::hk_bmap_gen] 187281 bin pairs
[M::blind-gpu] prepared pair buffers: n_diploid=5266 n_pairs=192408 n_block_keys=374750 n_steps=100
[I::fdg-gpu] blocklist CSR ready: edges=374750 avg_deg=71.16 max_deg=201
[M::hk_bmap_gen] generated 5266 beads
[M::hk_bmap_gen] 187286 bin pairs
[M::blind-gpu] prepared pair buffers: n_diploid=5266 n_pairs=192409 n_block_keys=374758 n_steps=100
[I::fdg-gpu] blocklist CSR ready: edges=374758 avg_deg=71.17 max_deg=200
[M::hk_bmap_gen] generated 5266 beads
[M::hk_bmap_gen] 187249 bin pairs
[M::blind-gpu] prepared pair buffers: n_diploid=5266 n_pairs=192364 n_block_keys=374674 n_steps=100
[I::fdg-gpu] blocklist CSR ready: edges=374674 avg_deg=71.15 max_deg=199
[M::hk_bmap_gen] generated 5266 beads
[M::hk_bmap_gen] 187112 bin pairs
[M::blind-gpu] prepared pair buffers: n_diploid=5266 n_pairs=192233 n_block_keys=374414 n_steps=100
[I::fdg-gpu] blocklist CSR ready: edges=374414 avg_deg=71.10 max_deg=199
[M::hk_bmap_gen] generated 5266 beads
[M::hk_bmap_gen] 187049 bin pairs
[M::blind-gpu] prepared pair buffers: n_diploid=5266 n_pairs=192171 n_block_keys=374288 n_steps=100
[I::fdg-gpu] blocklist CSR ready: edges=374288 avg_deg=71.08 max_deg=199
[M::hk_bmap_gen] generated 5266 beads
[M::hk_bmap_gen] 187008 bin pairs
[M::blind-gpu] prepared pair buffers: n_diploid=5266 n_pairs=192124 n_block_keys=374194 n_steps=100
[I::fdg-gpu] blocklist CSR ready: edges=374194 avg_deg=71.06 max_deg=200
[M::hk_bmap_gen] generated 5266 beads
[M::hk_bmap_gen] 186918 bin pairs
[M::blind-gpu] prepared pair buffers: n_diploid=5266 n_pairs=192027 n_block_keys=374000 n_steps=100
[I::fdg-gpu] blocklist CSR ready: edges=374000 avg_deg=71.02 max_deg=200
[M::hk_bmap_gen] generated 5266 beads
[M::hk_bmap_gen] 186853 bin pairs
[M::blind-gpu] prepared pair buffers: n_diploid=5266 n_pairs=191961 n_block_keys=373868 n_steps=100
[I::fdg-gpu] blocklist CSR ready: edges=373868 avg_deg=71.00 max_deg=198
[M::hk_bmap_gen] generated 5266 beads
[M::hk_bmap_gen] 186826 bin pairs
[M::blind-gpu] prepared pair buffers: n_diploid=5266 n_pairs=191930 n_block_keys=373808 n_steps=100
[I::fdg-gpu] blocklist CSR ready: edges=373808 avg_deg=70.99 max_deg=196
[M::hk_bmap_gen] generated 5266 beads
[M::hk_bmap_gen] 186798 bin pairs
[M::blind-gpu] prepared pair buffers: n_diploid=5266 n_pairs=191892 n_block_keys=373734 n_steps=100
[I::fdg-gpu] blocklist CSR ready: edges=373734 avg_deg=70.97 max_deg=196
[M::hk_bmap_gen] generated 5266 beads
[M::hk_bmap_gen] 186766 bin pairs
[M::blind-gpu] prepared pair buffers: n_diploid=5266 n_pairs=191871 n_block_keys=373696 n_steps=100
[I::fdg-gpu] blocklist CSR ready: edges=373696 avg_deg=70.96 max_deg=196
[M::hk_bmap_gen] generated 5266 beads
[M::hk_bmap_gen] 186787 bin pairs
[M::blind-gpu] prepared pair buffers: n_diploid=5266 n_pairs=191886 n_block_keys=373728 n_steps=100
[I::fdg-gpu] blocklist CSR ready: edges=373728 avg_deg=70.97 max_deg=195
[M::hk_bmap_gen] generated 5266 beads
[M::hk_bmap_gen] 186784 bin pairs
[M::blind-gpu] prepared pair buffers: n_diploid=5266 n_pairs=191889 n_block_keys=373732 n_steps=100
[I::fdg-gpu] blocklist CSR ready: edges=373732 avg_deg=70.97 max_deg=195
[M::hk_bmap_gen] generated 5266 beads
[M::hk_bmap_gen] 186698 bin pairs
[M::blind-gpu] prepared pair buffers: n_diploid=5266 n_pairs=191808 n_block_keys=373572 n_steps=100
[I::fdg-gpu] blocklist CSR ready: edges=373572 avg_deg=70.94 max_deg=196
[M::hk_bmap_gen] generated 5266 beads
[M::hk_bmap_gen] 186672 bin pairs
[M::blind-gpu] prepared pair buffers: n_diploid=5266 n_pairs=191780 n_block_keys=373514 n_steps=100
[I::fdg-gpu] blocklist CSR ready: edges=373514 avg_deg=70.93 max_deg=196
[M::hk_bmap_gen] generated 5266 beads
[M::hk_bmap_gen] 186643 bin pairs
[M::blind-gpu] prepared pair buffers: n_diploid=5266 n_pairs=191751 n_block_keys=373460 n_steps=100
[I::fdg-gpu] blocklist CSR ready: edges=373460 avg_deg=70.92 max_deg=196
[M::hk_bmap_gen] generated 5266 beads
[M::hk_bmap_gen] 186568 bin pairs
[M::blind-gpu] prepared pair buffers: n_diploid=5266 n_pairs=191672 n_block_keys=373304 n_steps=100
[I::fdg-gpu] blocklist CSR ready: edges=373304 avg_deg=70.89 max_deg=196
[M::hk_bmap_gen] generated 5266 beads
[M::hk_bmap_gen] 186501 bin pairs
[M::blind-gpu] prepared pair buffers: n_diploid=5266 n_pairs=191603 n_block_keys=373166 n_steps=100
[I::fdg-gpu] blocklist CSR ready: edges=373166 avg_deg=70.86 max_deg=196
[M::hk_bmap_gen] generated 5266 beads
[M::hk_bmap_gen] 186477 bin pairs
[M::blind-gpu] prepared pair buffers: n_diploid=5266 n_pairs=191574 n_block_keys=373104 n_steps=100
[I::fdg-gpu] blocklist CSR ready: edges=373104 avg_deg=70.85 max_deg=196
[M::hk_bmap_gen] generated 5266 beads
[M::hk_bmap_gen] 186449 bin pairs
[M::blind-gpu] prepared pair buffers: n_diploid=5266 n_pairs=191546 n_block_keys=373048 n_steps=100
[I::fdg-gpu] blocklist CSR ready: edges=373048 avg_deg=70.84 max_deg=196
[M::hk_bmap_gen] generated 5266 beads
[M::hk_bmap_gen] 186411 bin pairs
[M::blind-gpu] prepared pair buffers: n_diploid=5266 n_pairs=191508 n_block_keys=372970 n_steps=100
[I::fdg-gpu] blocklist CSR ready: edges=372970 avg_deg=70.83 max_deg=195
[M::hk_bmap_gen] generated 5266 beads
[M::hk_bmap_gen] 186411 bin pairs
[M::blind-gpu] prepared pair buffers: n_diploid=5266 n_pairs=191514 n_block_keys=372980 n_steps=100
[I::fdg-gpu] blocklist CSR ready: edges=372980 avg_deg=70.83 max_deg=195
[M::hk_bmap_gen] generated 5266 beads
[M::hk_bmap_gen] 186355 bin pairs
[M::blind-gpu] prepared pair buffers: n_diploid=5266 n_pairs=191455 n_block_keys=372862 n_steps=100
[I::fdg-gpu] blocklist CSR ready: edges=372862 avg_deg=70.81 max_deg=195
[M::hk_bmap_gen] generated 5266 beads
[M::hk_bmap_gen] 186343 bin pairs
[M::blind-gpu] prepared pair buffers: n_diploid=5266 n_pairs=191440 n_block_keys=372832 n_steps=100
[I::fdg-gpu] blocklist CSR ready: edges=372832 avg_deg=70.80 max_deg=196
[M::hk_bmap_gen] generated 5266 beads
[M::hk_bmap_gen] 186316 bin pairs
[M::blind-gpu] prepared pair buffers: n_diploid=5266 n_pairs=191409 n_block_keys=372770 n_steps=100
[I::fdg-gpu] blocklist CSR ready: edges=372770 avg_deg=70.79 max_deg=196
[M::hk_bmap_gen] generated 5266 beads
[M::hk_bmap_gen] 186295 bin pairs
[M::blind-gpu] prepared pair buffers: n_diploid=5266 n_pairs=191391 n_block_keys=372734 n_steps=100
[I::fdg-gpu] blocklist CSR ready: edges=372734 avg_deg=70.78 max_deg=197
[M::hk_bmap_gen] generated 5266 beads
[M::hk_bmap_gen] 186294 bin pairs
[M::blind-gpu] prepared pair buffers: n_diploid=5266 n_pairs=191388 n_block_keys=372726 n_steps=100
[I::fdg-gpu] blocklist CSR ready: edges=372726 avg_deg=70.78 max_deg=197
[M::hk_bmap_gen] generated 5266 beads
[M::hk_bmap_gen] 186339 bin pairs
[M::blind-gpu] prepared pair buffers: n_diploid=5266 n_pairs=191429 n_block_keys=372808 n_steps=100
[I::fdg-gpu] blocklist CSR ready: edges=372808 avg_deg=70.80 max_deg=197
[M::hk_bmap_gen] generated 5266 beads
[M::hk_bmap_gen] 186336 bin pairs
[M::blind-gpu] prepared pair buffers: n_diploid=5266 n_pairs=191423 n_block_keys=372798 n_steps=100
[I::fdg-gpu] blocklist CSR ready: edges=372798 avg_deg=70.79 max_deg=197
[M::hk_bmap_gen] generated 5266 beads
[M::hk_bmap_gen] 186384 bin pairs
[M::blind-gpu] prepared pair buffers: n_diploid=5266 n_pairs=191478 n_block_keys=372908 n_steps=100
[I::fdg-gpu] blocklist CSR ready: edges=372908 avg_deg=70.81 max_deg=197
[M::hk_bmap_gen] generated 5266 beads
[M::hk_bmap_gen] 186378 bin pairs
[M::blind-gpu] prepared pair buffers: n_diploid=5266 n_pairs=191474 n_block_keys=372900 n_steps=100
[I::fdg-gpu] blocklist CSR ready: edges=372900 avg_deg=70.81 max_deg=197
[M::hk_bmap_gen] generated 5266 beads
[M::hk_bmap_gen] 186366 bin pairs
[M::blind-gpu] prepared pair buffers: n_diploid=5266 n_pairs=191458 n_block_keys=372870 n_steps=100
[I::fdg-gpu] blocklist CSR ready: edges=372870 avg_deg=70.81 max_deg=197
[M::hk_bmap_gen] generated 5266 beads
[M::hk_bmap_gen] 186361 bin pairs
[M::blind-gpu] prepared pair buffers: n_diploid=5266 n_pairs=191459 n_block_keys=372876 n_steps=100
[I::fdg-gpu] blocklist CSR ready: edges=372876 avg_deg=70.81 max_deg=196
minimal P9016[1m]: write outputs to /mnt/ssd/zliu/phase3/test_res/013-20260617_115651-p1006_dscale_semantics_gpu_1m/work_outputs/p1006_posterior_count_gpu_exact_ieps0p5_noise0_seed17/p1006_posterior_count_gpu_exact_ieps0p5_noise0_seed17
[M::hk_bmap_gen] generated 5266 beads
[M::hk_bmap_gen] 186380 bin pairs
minimal P9016[1m]: status=OK final_entropy=0.65221709 final_pU=0.47047517
minimal P9016: summary /mnt/ssd/zliu/phase3/test_res/013-20260617_115651-p1006_dscale_semantics_gpu_1m/work_outputs/p1006_posterior_count_gpu_exact_ieps0p5_noise0_seed17/matrix_summary.tsv
