minimal P9016: input=/shared/zliu/CHARM/CHARM_mesc/data/pairs/P9016.pairs.gz output_root=/mnt/ssd/zliu/phase3/test_res/047-20260620_082138-p9016_init_coord_anchor_1m/outputs/p9016_initanchor_k0p01_seed17_noise0_best035 config=p9016_initanchor_k0p01_seed17_noise0_best035 baseline=softall n_iter=100 relax_steps=100 relax_step=0.012 chain=0 init_mode=unphased_scaffold_split init_eps=0.5 init_noise=0 init_scale=10 init_seed=17 min_sep=0 lambda_sep=0 lambda_copytrack=0.029999999 lambda_global_copytrack=0.003 init_coord_anchor_k=0.0099999998 trans_chr_pair_prior_lambda=0 trans_chr_pair_prior_eps=0.001 trans_chr_pair_prior_power=1 trans_chr_pair_prior_warmup_iter=0 trans_chr_pair_mstep_lambda=0 trans_chr_pair_mstep_eps=0.001 trans_chr_pair_mstep_power=1 trans_chr_pair_mstep_warmup_iter=0 d_scale_mode=posterior_count d_scale_input=posterior_count d_scale_formula=n_raw*posterior_prob^1 d_scale_gamma=1 d_scale_eps=1e-06 trans_k_multiplier=1 trans_dscale_multiplier=0.5 trans_top1_mode=off trans_top1_min_pmax=1 trans_top1_min_margin=1 trans_top1_mix_weight=0 trans_gate_mode=off trans_gate_min_pmax=1 trans_gate_min_margin=1 trans_gate_min_neg_entropy=-1.3862944 readgroup_mode=off readgroup_max_segments=8 readgroup_eps=1e-06 relax_backend=gpu
minimal P9016: stage 1/1 name=1m bin_size_bp=1000000 parent=0
[M::hk_map_read] read 1703888 pairs
[M::hk_bmap_gen] generated 2633 beads
[M::hk_bmap_gen] 489556 bin pairs
minimal P9016[1m]: build binned contacts train_raw=1703888 heldout_raw=0 heldout_fraction=0
minimal P9016[1m]: init mode=unphased_scaffold_split seed=17 scale=10
[M::hk_fdg] mid_dist:1000000 max_nei:69
[M::hk_fdg1_cpu] iter:10 elapsed:0.32s rep_coef:0.2092 RMS_force:367.1874 n_rep:43.0820 energy:25.1082,6.6566,0.0049 dist:5.6169,6.6204,1.4501
[M::hk_fdg1_cpu] iter:20 elapsed:0.80s rep_coef:0.6615 RMS_force:336.9308 n_rep:157.7303 energy:7.7515,3.4068,0.0177 dist:3.4076,4.2658,1.4016
[M::hk_fdg1_cpu] iter:30 elapsed:1.75s rep_coef:0.9352 RMS_force:226.0828 n_rep:592.3505 energy:1.8327,1.0566,0.0354 dist:1.9896,2.3234,1.2554
[M::hk_fdg1_cpu] iter:40 elapsed:3.14s rep_coef:0.9907 RMS_force:132.8226 n_rep:808.7839 energy:0.5357,0.4158,0.0366 dist:1.4081,1.7237,1.2560
[M::hk_fdg1_cpu] iter:50 elapsed:4.65s rep_coef:0.9987 RMS_force:99.3491 n_rep:815.5837 energy:0.1678,0.2703,0.0325 dist:1.0643,1.6062,1.3142
minimal P9016[1m]: enable identity init-coordinate anchor k=0.0099999998
minimal P9016[1m]: run softall, n_iter=100 relax_steps=100 relax_step=0.012 relax_backend=gpu
[M::hk_bmap_gen] generated 5266 beads
[M::hk_bmap_gen] 287142 bin pairs
[M::hk_bmap_gen] generated 5266 beads
[M::hk_bmap_gen] 287142 bin pairs
[M::blind-gpu] prepared pair buffers: n_diploid=5266 n_pairs=292308 n_block_keys=574524 n_steps=100
[I::fdg-gpu] blocklist CSR ready: edges=574524 avg_deg=109.10 max_deg=193
[M::hk_bmap_gen] generated 5266 beads
[M::hk_bmap_gen] 286199 bin pairs
[M::hk_bmap_gen] generated 5266 beads
[M::hk_bmap_gen] 286199 bin pairs
[M::blind-gpu] prepared pair buffers: n_diploid=5266 n_pairs=291306 n_block_keys=572516 n_steps=100
[I::fdg-gpu] blocklist CSR ready: edges=572516 avg_deg=108.72 max_deg=198
[M::hk_bmap_gen] generated 5266 beads
[M::hk_bmap_gen] 271861 bin pairs
[M::hk_bmap_gen] generated 5266 beads
[M::hk_bmap_gen] 271861 bin pairs
[M::blind-gpu] prepared pair buffers: n_diploid=5266 n_pairs=276930 n_block_keys=543762 n_steps=100
[I::fdg-gpu] blocklist CSR ready: edges=543762 avg_deg=103.26 max_deg=211
[M::hk_bmap_gen] generated 5266 beads
[M::hk_bmap_gen] 259353 bin pairs
[M::hk_bmap_gen] generated 5266 beads
[M::hk_bmap_gen] 259353 bin pairs
[M::blind-gpu] prepared pair buffers: n_diploid=5266 n_pairs=264408 n_block_keys=518726 n_steps=100
[I::fdg-gpu] blocklist CSR ready: edges=518726 avg_deg=98.50 max_deg=204
[M::hk_bmap_gen] generated 5266 beads
[M::hk_bmap_gen] 249408 bin pairs
[M::hk_bmap_gen] generated 5266 beads
[M::hk_bmap_gen] 249408 bin pairs
[M::blind-gpu] prepared pair buffers: n_diploid=5266 n_pairs=254494 n_block_keys=498898 n_steps=100
[I::fdg-gpu] blocklist CSR ready: edges=498898 avg_deg=94.74 max_deg=205
[M::hk_bmap_gen] generated 5266 beads
[M::hk_bmap_gen] 241804 bin pairs
[M::hk_bmap_gen] generated 5266 beads
[M::hk_bmap_gen] 241804 bin pairs
[M::blind-gpu] prepared pair buffers: n_diploid=5266 n_pairs=246864 n_block_keys=483646 n_steps=100
[I::fdg-gpu] blocklist CSR ready: edges=483646 avg_deg=91.84 max_deg=200
[M::hk_bmap_gen] generated 5266 beads
[M::hk_bmap_gen] 236216 bin pairs
[M::hk_bmap_gen] generated 5266 beads
[M::hk_bmap_gen] 236216 bin pairs
[M::blind-gpu] prepared pair buffers: n_diploid=5266 n_pairs=241295 n_block_keys=472508 n_steps=100
[I::fdg-gpu] blocklist CSR ready: edges=472508 avg_deg=89.73 max_deg=204
[M::hk_bmap_gen] generated 5266 beads
[M::hk_bmap_gen] 231865 bin pairs
[M::hk_bmap_gen] generated 5266 beads
[M::hk_bmap_gen] 231865 bin pairs
[M::blind-gpu] prepared pair buffers: n_diploid=5266 n_pairs=236955 n_block_keys=463828 n_steps=100
[I::fdg-gpu] blocklist CSR ready: edges=463828 avg_deg=88.08 max_deg=204
[M::hk_bmap_gen] generated 5266 beads
[M::hk_bmap_gen] 229009 bin pairs
[M::hk_bmap_gen] generated 5266 beads
[M::hk_bmap_gen] 229009 bin pairs
[M::blind-gpu] prepared pair buffers: n_diploid=5266 n_pairs=234080 n_block_keys=458076 n_steps=100
[I::fdg-gpu] blocklist CSR ready: edges=458076 avg_deg=86.99 max_deg=205
[M::hk_bmap_gen] generated 5266 beads
[M::hk_bmap_gen] 226556 bin pairs
[M::hk_bmap_gen] generated 5266 beads
[M::hk_bmap_gen] 226556 bin pairs
[M::blind-gpu] prepared pair buffers: n_diploid=5266 n_pairs=231648 n_block_keys=453216 n_steps=100
[I::fdg-gpu] blocklist CSR ready: edges=453216 avg_deg=86.06 max_deg=211
[M::hk_bmap_gen] generated 5266 beads
[M::hk_bmap_gen] 224759 bin pairs
[M::hk_bmap_gen] generated 5266 beads
[M::hk_bmap_gen] 224759 bin pairs
[M::blind-gpu] prepared pair buffers: n_diploid=5266 n_pairs=229852 n_block_keys=449624 n_steps=100
[I::fdg-gpu] blocklist CSR ready: edges=449624 avg_deg=85.38 max_deg=213
[M::hk_bmap_gen] generated 5266 beads
[M::hk_bmap_gen] 223210 bin pairs
[M::hk_bmap_gen] generated 5266 beads
[M::hk_bmap_gen] 223210 bin pairs
[M::blind-gpu] prepared pair buffers: n_diploid=5266 n_pairs=228306 n_block_keys=446530 n_steps=100
[I::fdg-gpu] blocklist CSR ready: edges=446530 avg_deg=84.79 max_deg=214
[M::hk_bmap_gen] generated 5266 beads
[M::hk_bmap_gen] 222010 bin pairs
[M::hk_bmap_gen] generated 5266 beads
[M::hk_bmap_gen] 222010 bin pairs
[M::blind-gpu] prepared pair buffers: n_diploid=5266 n_pairs=227098 n_block_keys=444120 n_steps=100
[I::fdg-gpu] blocklist CSR ready: edges=444120 avg_deg=84.34 max_deg=211
[M::hk_bmap_gen] generated 5266 beads
[M::hk_bmap_gen] 220873 bin pairs
[M::hk_bmap_gen] generated 5266 beads
[M::hk_bmap_gen] 220873 bin pairs
[M::blind-gpu] prepared pair buffers: n_diploid=5266 n_pairs=225972 n_block_keys=441866 n_steps=100
[I::fdg-gpu] blocklist CSR ready: edges=441866 avg_deg=83.91 max_deg=209
[M::hk_bmap_gen] generated 5266 beads
[M::hk_bmap_gen] 220078 bin pairs
[M::hk_bmap_gen] generated 5266 beads
[M::hk_bmap_gen] 220078 bin pairs
[M::blind-gpu] prepared pair buffers: n_diploid=5266 n_pairs=225177 n_block_keys=440268 n_steps=100
[I::fdg-gpu] blocklist CSR ready: edges=440268 avg_deg=83.61 max_deg=212
[M::hk_bmap_gen] generated 5266 beads
[M::hk_bmap_gen] 219249 bin pairs
[M::hk_bmap_gen] generated 5266 beads
[M::hk_bmap_gen] 219249 bin pairs
[M::blind-gpu] prepared pair buffers: n_diploid=5266 n_pairs=224360 n_block_keys=438630 n_steps=100
[I::fdg-gpu] blocklist CSR ready: edges=438630 avg_deg=83.29 max_deg=210
[M::hk_bmap_gen] generated 5266 beads
[M::hk_bmap_gen] 218577 bin pairs
[M::hk_bmap_gen] generated 5266 beads
[M::hk_bmap_gen] 218577 bin pairs
[M::blind-gpu] prepared pair buffers: n_diploid=5266 n_pairs=223681 n_block_keys=437282 n_steps=100
[I::fdg-gpu] blocklist CSR ready: edges=437282 avg_deg=83.04 max_deg=212
[M::hk_bmap_gen] generated 5266 beads
[M::hk_bmap_gen] 217706 bin pairs
[M::hk_bmap_gen] generated 5266 beads
[M::hk_bmap_gen] 217706 bin pairs
[M::blind-gpu] prepared pair buffers: n_diploid=5266 n_pairs=222802 n_block_keys=435516 n_steps=100
[I::fdg-gpu] blocklist CSR ready: edges=435516 avg_deg=82.70 max_deg=209
[M::hk_bmap_gen] generated 5266 beads
[M::hk_bmap_gen] 216903 bin pairs
[M::hk_bmap_gen] generated 5266 beads
[M::hk_bmap_gen] 216903 bin pairs
[M::blind-gpu] prepared pair buffers: n_diploid=5266 n_pairs=221992 n_block_keys=433896 n_steps=100
[I::fdg-gpu] blocklist CSR ready: edges=433896 avg_deg=82.40 max_deg=205
[M::hk_bmap_gen] generated 5266 beads
[M::hk_bmap_gen] 216192 bin pairs
[M::hk_bmap_gen] generated 5266 beads
[M::hk_bmap_gen] 216192 bin pairs
[M::blind-gpu] prepared pair buffers: n_diploid=5266 n_pairs=221294 n_block_keys=432500 n_steps=100
[I::fdg-gpu] blocklist CSR ready: edges=432500 avg_deg=82.13 max_deg=206
[M::hk_bmap_gen] generated 5266 beads
[M::hk_bmap_gen] 215771 bin pairs
[M::hk_bmap_gen] generated 5266 beads
[M::hk_bmap_gen] 215771 bin pairs
[M::blind-gpu] prepared pair buffers: n_diploid=5266 n_pairs=220863 n_block_keys=431642 n_steps=100
[I::fdg-gpu] blocklist CSR ready: edges=431642 avg_deg=81.97 max_deg=205
[M::hk_bmap_gen] generated 5266 beads
[M::hk_bmap_gen] 215173 bin pairs
[M::hk_bmap_gen] generated 5266 beads
[M::hk_bmap_gen] 215173 bin pairs
[M::blind-gpu] prepared pair buffers: n_diploid=5266 n_pairs=220251 n_block_keys=430420 n_steps=100
[I::fdg-gpu] blocklist CSR ready: edges=430420 avg_deg=81.74 max_deg=203
[M::hk_bmap_gen] generated 5266 beads
[M::hk_bmap_gen] 214778 bin pairs
[M::hk_bmap_gen] generated 5266 beads
[M::hk_bmap_gen] 214778 bin pairs
[M::blind-gpu] prepared pair buffers: n_diploid=5266 n_pairs=219895 n_block_keys=429710 n_steps=100
[I::fdg-gpu] blocklist CSR ready: edges=429710 avg_deg=81.60 max_deg=203
[M::hk_bmap_gen] generated 5266 beads
[M::hk_bmap_gen] 214533 bin pairs
[M::hk_bmap_gen] generated 5266 beads
[M::hk_bmap_gen] 214533 bin pairs
[M::blind-gpu] prepared pair buffers: n_diploid=5266 n_pairs=219646 n_block_keys=429210 n_steps=100
[I::fdg-gpu] blocklist CSR ready: edges=429210 avg_deg=81.51 max_deg=200
[M::hk_bmap_gen] generated 5266 beads
[M::hk_bmap_gen] 214459 bin pairs
[M::hk_bmap_gen] generated 5266 beads
[M::hk_bmap_gen] 214459 bin pairs
[M::blind-gpu] prepared pair buffers: n_diploid=5266 n_pairs=219583 n_block_keys=429084 n_steps=100
[I::fdg-gpu] blocklist CSR ready: edges=429084 avg_deg=81.48 max_deg=199
[M::hk_bmap_gen] generated 5266 beads
[M::hk_bmap_gen] 214164 bin pairs
[M::hk_bmap_gen] generated 5266 beads
[M::hk_bmap_gen] 214164 bin pairs
[M::blind-gpu] prepared pair buffers: n_diploid=5266 n_pairs=219281 n_block_keys=428478 n_steps=100
[I::fdg-gpu] blocklist CSR ready: edges=428478 avg_deg=81.37 max_deg=198
[M::hk_bmap_gen] generated 5266 beads
[M::hk_bmap_gen] 214001 bin pairs
[M::hk_bmap_gen] generated 5266 beads
[M::hk_bmap_gen] 214001 bin pairs
[M::blind-gpu] prepared pair buffers: n_diploid=5266 n_pairs=219120 n_block_keys=428154 n_steps=100
[I::fdg-gpu] blocklist CSR ready: edges=428154 avg_deg=81.31 max_deg=199
[M::hk_bmap_gen] generated 5266 beads
[M::hk_bmap_gen] 213836 bin pairs
[M::hk_bmap_gen] generated 5266 beads
[M::hk_bmap_gen] 213836 bin pairs
[M::blind-gpu] prepared pair buffers: n_diploid=5266 n_pairs=218951 n_block_keys=427814 n_steps=100
[I::fdg-gpu] blocklist CSR ready: edges=427814 avg_deg=81.24 max_deg=197
[M::hk_bmap_gen] generated 5266 beads
[M::hk_bmap_gen] 213716 bin pairs
[M::hk_bmap_gen] generated 5266 beads
[M::hk_bmap_gen] 213716 bin pairs
[M::blind-gpu] prepared pair buffers: n_diploid=5266 n_pairs=218831 n_block_keys=427578 n_steps=100
[I::fdg-gpu] blocklist CSR ready: edges=427578 avg_deg=81.20 max_deg=197
[M::hk_bmap_gen] generated 5266 beads
[M::hk_bmap_gen] 213533 bin pairs
[M::hk_bmap_gen] generated 5266 beads
[M::hk_bmap_gen] 213533 bin pairs
[M::blind-gpu] prepared pair buffers: n_diploid=5266 n_pairs=218649 n_block_keys=427214 n_steps=100
[I::fdg-gpu] blocklist CSR ready: edges=427214 avg_deg=81.13 max_deg=197
[M::hk_bmap_gen] generated 5266 beads
[M::hk_bmap_gen] 213366 bin pairs
[M::hk_bmap_gen] generated 5266 beads
[M::hk_bmap_gen] 213366 bin pairs
[M::blind-gpu] prepared pair buffers: n_diploid=5266 n_pairs=218495 n_block_keys=426906 n_steps=100
[I::fdg-gpu] blocklist CSR ready: edges=426906 avg_deg=81.07 max_deg=197
[M::hk_bmap_gen] generated 5266 beads
[M::hk_bmap_gen] 213081 bin pairs
[M::hk_bmap_gen] generated 5266 beads
[M::hk_bmap_gen] 213081 bin pairs
[M::blind-gpu] prepared pair buffers: n_diploid=5266 n_pairs=218195 n_block_keys=426306 n_steps=100
[I::fdg-gpu] blocklist CSR ready: edges=426306 avg_deg=80.95 max_deg=196
[M::hk_bmap_gen] generated 5266 beads
[M::hk_bmap_gen] 212907 bin pairs
[M::hk_bmap_gen] generated 5266 beads
[M::hk_bmap_gen] 212907 bin pairs
[M::blind-gpu] prepared pair buffers: n_diploid=5266 n_pairs=218024 n_block_keys=425962 n_steps=100
[I::fdg-gpu] blocklist CSR ready: edges=425962 avg_deg=80.89 max_deg=195
[M::hk_bmap_gen] generated 5266 beads
[M::hk_bmap_gen] 212731 bin pairs
[M::hk_bmap_gen] generated 5266 beads
[M::hk_bmap_gen] 212731 bin pairs
[M::blind-gpu] prepared pair buffers: n_diploid=5266 n_pairs=217846 n_block_keys=425606 n_steps=100
[I::fdg-gpu] blocklist CSR ready: edges=425606 avg_deg=80.82 max_deg=195
[M::hk_bmap_gen] generated 5266 beads
[M::hk_bmap_gen] 212706 bin pairs
[M::hk_bmap_gen] generated 5266 beads
[M::hk_bmap_gen] 212706 bin pairs
[M::blind-gpu] prepared pair buffers: n_diploid=5266 n_pairs=217815 n_block_keys=425540 n_steps=100
[I::fdg-gpu] blocklist CSR ready: edges=425540 avg_deg=80.81 max_deg=196
[M::hk_bmap_gen] generated 5266 beads
[M::hk_bmap_gen] 212596 bin pairs
[M::hk_bmap_gen] generated 5266 beads
[M::hk_bmap_gen] 212596 bin pairs
[M::blind-gpu] prepared pair buffers: n_diploid=5266 n_pairs=217712 n_block_keys=425338 n_steps=100
[I::fdg-gpu] blocklist CSR ready: edges=425338 avg_deg=80.77 max_deg=196
[M::hk_bmap_gen] generated 5266 beads
[M::hk_bmap_gen] 212464 bin pairs
[M::hk_bmap_gen] generated 5266 beads
[M::hk_bmap_gen] 212464 bin pairs
[M::blind-gpu] prepared pair buffers: n_diploid=5266 n_pairs=217599 n_block_keys=425116 n_steps=100
[I::fdg-gpu] blocklist CSR ready: edges=425116 avg_deg=80.73 max_deg=196
[M::hk_bmap_gen] generated 5266 beads
[M::hk_bmap_gen] 212389 bin pairs
[M::hk_bmap_gen] generated 5266 beads
[M::hk_bmap_gen] 212389 bin pairs
[M::blind-gpu] prepared pair buffers: n_diploid=5266 n_pairs=217525 n_block_keys=424968 n_steps=100
[I::fdg-gpu] blocklist CSR ready: edges=424968 avg_deg=80.70 max_deg=196
[M::hk_bmap_gen] generated 5266 beads
[M::hk_bmap_gen] 212335 bin pairs
[M::hk_bmap_gen] generated 5266 beads
[M::hk_bmap_gen] 212335 bin pairs
[M::blind-gpu] prepared pair buffers: n_diploid=5266 n_pairs=217472 n_block_keys=424858 n_steps=100
[I::fdg-gpu] blocklist CSR ready: edges=424858 avg_deg=80.68 max_deg=196
[M::hk_bmap_gen] generated 5266 beads
[M::hk_bmap_gen] 212318 bin pairs
[M::hk_bmap_gen] generated 5266 beads
[M::hk_bmap_gen] 212318 bin pairs
[M::blind-gpu] prepared pair buffers: n_diploid=5266 n_pairs=217447 n_block_keys=424808 n_steps=100
[I::fdg-gpu] blocklist CSR ready: edges=424808 avg_deg=80.67 max_deg=194
[M::hk_bmap_gen] generated 5266 beads
[M::hk_bmap_gen] 212344 bin pairs
[M::hk_bmap_gen] generated 5266 beads
[M::hk_bmap_gen] 212344 bin pairs
[M::blind-gpu] prepared pair buffers: n_diploid=5266 n_pairs=217475 n_block_keys=424866 n_steps=100
[I::fdg-gpu] blocklist CSR ready: edges=424866 avg_deg=80.68 max_deg=193
[M::hk_bmap_gen] generated 5266 beads
[M::hk_bmap_gen] 212264 bin pairs
[M::hk_bmap_gen] generated 5266 beads
[M::hk_bmap_gen] 212264 bin pairs
[M::blind-gpu] prepared pair buffers: n_diploid=5266 n_pairs=217388 n_block_keys=424692 n_steps=100
[I::fdg-gpu] blocklist CSR ready: edges=424692 avg_deg=80.65 max_deg=193
[M::hk_bmap_gen] generated 5266 beads
[M::hk_bmap_gen] 212117 bin pairs
[M::hk_bmap_gen] generated 5266 beads
[M::hk_bmap_gen] 212117 bin pairs
[M::blind-gpu] prepared pair buffers: n_diploid=5266 n_pairs=217243 n_block_keys=424400 n_steps=100
[I::fdg-gpu] blocklist CSR ready: edges=424400 avg_deg=80.59 max_deg=193
[M::hk_bmap_gen] generated 5266 beads
[M::hk_bmap_gen] 212028 bin pairs
[M::hk_bmap_gen] generated 5266 beads
[M::hk_bmap_gen] 212028 bin pairs
[M::blind-gpu] prepared pair buffers: n_diploid=5266 n_pairs=217147 n_block_keys=424206 n_steps=100
[I::fdg-gpu] blocklist CSR ready: edges=424206 avg_deg=80.56 max_deg=193
[M::hk_bmap_gen] generated 5266 beads
[M::hk_bmap_gen] 211945 bin pairs
[M::hk_bmap_gen] generated 5266 beads
[M::hk_bmap_gen] 211945 bin pairs
[M::blind-gpu] prepared pair buffers: n_diploid=5266 n_pairs=217064 n_block_keys=424044 n_steps=100
[I::fdg-gpu] blocklist CSR ready: edges=424044 avg_deg=80.52 max_deg=193
[M::hk_bmap_gen] generated 5266 beads
[M::hk_bmap_gen] 211873 bin pairs
[M::hk_bmap_gen] generated 5266 beads
[M::hk_bmap_gen] 211873 bin pairs
[M::blind-gpu] prepared pair buffers: n_diploid=5266 n_pairs=216986 n_block_keys=423888 n_steps=100
[I::fdg-gpu] blocklist CSR ready: edges=423888 avg_deg=80.50 max_deg=193
[M::hk_bmap_gen] generated 5266 beads
[M::hk_bmap_gen] 211914 bin pairs
[M::hk_bmap_gen] generated 5266 beads
[M::hk_bmap_gen] 211914 bin pairs
[M::blind-gpu] prepared pair buffers: n_diploid=5266 n_pairs=217024 n_block_keys=423962 n_steps=100
[I::fdg-gpu] blocklist CSR ready: edges=423962 avg_deg=80.51 max_deg=193
[M::hk_bmap_gen] generated 5266 beads
[M::hk_bmap_gen] 211945 bin pairs
[M::hk_bmap_gen] generated 5266 beads
[M::hk_bmap_gen] 211945 bin pairs
[M::blind-gpu] prepared pair buffers: n_diploid=5266 n_pairs=217065 n_block_keys=424046 n_steps=100
[I::fdg-gpu] blocklist CSR ready: edges=424046 avg_deg=80.53 max_deg=192
[M::hk_bmap_gen] generated 5266 beads
[M::hk_bmap_gen] 211996 bin pairs
[M::hk_bmap_gen] generated 5266 beads
[M::hk_bmap_gen] 211996 bin pairs
[M::blind-gpu] prepared pair buffers: n_diploid=5266 n_pairs=217106 n_block_keys=424128 n_steps=100
[I::fdg-gpu] blocklist CSR ready: edges=424128 avg_deg=80.54 max_deg=193
[M::hk_bmap_gen] generated 5266 beads
[M::hk_bmap_gen] 212003 bin pairs
[M::hk_bmap_gen] generated 5266 beads
[M::hk_bmap_gen] 212003 bin pairs
[M::blind-gpu] prepared pair buffers: n_diploid=5266 n_pairs=217109 n_block_keys=424140 n_steps=100
[I::fdg-gpu] blocklist CSR ready: edges=424140 avg_deg=80.54 max_deg=194
[M::hk_bmap_gen] generated 5266 beads
[M::hk_bmap_gen] 212001 bin pairs
[M::hk_bmap_gen] generated 5266 beads
[M::hk_bmap_gen] 212001 bin pairs
[M::blind-gpu] prepared pair buffers: n_diploid=5266 n_pairs=217113 n_block_keys=424150 n_steps=100
[I::fdg-gpu] blocklist CSR ready: edges=424150 avg_deg=80.55 max_deg=193
[M::hk_bmap_gen] generated 5266 beads
[M::hk_bmap_gen] 212133 bin pairs
[M::hk_bmap_gen] generated 5266 beads
[M::hk_bmap_gen] 212133 bin pairs
[M::blind-gpu] prepared pair buffers: n_diploid=5266 n_pairs=217242 n_block_keys=424408 n_steps=100
[I::fdg-gpu] blocklist CSR ready: edges=424408 avg_deg=80.59 max_deg=194
[M::hk_bmap_gen] generated 5266 beads
[M::hk_bmap_gen] 212136 bin pairs
[M::hk_bmap_gen] generated 5266 beads
[M::hk_bmap_gen] 212136 bin pairs
[M::blind-gpu] prepared pair buffers: n_diploid=5266 n_pairs=217252 n_block_keys=424426 n_steps=100
[I::fdg-gpu] blocklist CSR ready: edges=424426 avg_deg=80.60 max_deg=194
[M::hk_bmap_gen] generated 5266 beads
[M::hk_bmap_gen] 212120 bin pairs
[M::hk_bmap_gen] generated 5266 beads
[M::hk_bmap_gen] 212120 bin pairs
[M::blind-gpu] prepared pair buffers: n_diploid=5266 n_pairs=217224 n_block_keys=424368 n_steps=100
[I::fdg-gpu] blocklist CSR ready: edges=424368 avg_deg=80.59 max_deg=194
[M::hk_bmap_gen] generated 5266 beads
[M::hk_bmap_gen] 212060 bin pairs
[M::hk_bmap_gen] generated 5266 beads
[M::hk_bmap_gen] 212060 bin pairs
[M::blind-gpu] prepared pair buffers: n_diploid=5266 n_pairs=217166 n_block_keys=424252 n_steps=100
[I::fdg-gpu] blocklist CSR ready: edges=424252 avg_deg=80.56 max_deg=193
[M::hk_bmap_gen] generated 5266 beads
[M::hk_bmap_gen] 212017 bin pairs
[M::hk_bmap_gen] generated 5266 beads
[M::hk_bmap_gen] 212017 bin pairs
[M::blind-gpu] prepared pair buffers: n_diploid=5266 n_pairs=217122 n_block_keys=424164 n_steps=100
[I::fdg-gpu] blocklist CSR ready: edges=424164 avg_deg=80.55 max_deg=193
[M::hk_bmap_gen] generated 5266 beads
[M::hk_bmap_gen] 212024 bin pairs
[M::hk_bmap_gen] generated 5266 beads
[M::hk_bmap_gen] 212024 bin pairs
[M::blind-gpu] prepared pair buffers: n_diploid=5266 n_pairs=217135 n_block_keys=424190 n_steps=100
[I::fdg-gpu] blocklist CSR ready: edges=424190 avg_deg=80.55 max_deg=193
[M::hk_bmap_gen] generated 5266 beads
[M::hk_bmap_gen] 211973 bin pairs
[M::hk_bmap_gen] generated 5266 beads
[M::hk_bmap_gen] 211973 bin pairs
[M::blind-gpu] prepared pair buffers: n_diploid=5266 n_pairs=217093 n_block_keys=424106 n_steps=100
[I::fdg-gpu] blocklist CSR ready: edges=424106 avg_deg=80.54 max_deg=192
[M::hk_bmap_gen] generated 5266 beads
[M::hk_bmap_gen] 211981 bin pairs
[M::hk_bmap_gen] generated 5266 beads
[M::hk_bmap_gen] 211981 bin pairs
[M::blind-gpu] prepared pair buffers: n_diploid=5266 n_pairs=217096 n_block_keys=424108 n_steps=100
[I::fdg-gpu] blocklist CSR ready: edges=424108 avg_deg=80.54 max_deg=192
[M::hk_bmap_gen] generated 5266 beads
[M::hk_bmap_gen] 211927 bin pairs
[M::hk_bmap_gen] generated 5266 beads
[M::hk_bmap_gen] 211927 bin pairs
[M::blind-gpu] prepared pair buffers: n_diploid=5266 n_pairs=217050 n_block_keys=424014 n_steps=100
[I::fdg-gpu] blocklist CSR ready: edges=424014 avg_deg=80.52 max_deg=194
[M::hk_bmap_gen] generated 5266 beads
[M::hk_bmap_gen] 211957 bin pairs
[M::hk_bmap_gen] generated 5266 beads
[M::hk_bmap_gen] 211957 bin pairs
[M::blind-gpu] prepared pair buffers: n_diploid=5266 n_pairs=217086 n_block_keys=424084 n_steps=100
[I::fdg-gpu] blocklist CSR ready: edges=424084 avg_deg=80.53 max_deg=194
[M::hk_bmap_gen] generated 5266 beads
[M::hk_bmap_gen] 211980 bin pairs
[M::hk_bmap_gen] generated 5266 beads
[M::hk_bmap_gen] 211980 bin pairs
[M::blind-gpu] prepared pair buffers: n_diploid=5266 n_pairs=217112 n_block_keys=424136 n_steps=100
[I::fdg-gpu] blocklist CSR ready: edges=424136 avg_deg=80.54 max_deg=194
[M::hk_bmap_gen] generated 5266 beads
[M::hk_bmap_gen] 211989 bin pairs
[M::hk_bmap_gen] generated 5266 beads
[M::hk_bmap_gen] 211989 bin pairs
[M::blind-gpu] prepared pair buffers: n_diploid=5266 n_pairs=217116 n_block_keys=424146 n_steps=100
[I::fdg-gpu] blocklist CSR ready: edges=424146 avg_deg=80.54 max_deg=194
[M::hk_bmap_gen] generated 5266 beads
[M::hk_bmap_gen] 212014 bin pairs
[M::hk_bmap_gen] generated 5266 beads
[M::hk_bmap_gen] 212014 bin pairs
[M::blind-gpu] prepared pair buffers: n_diploid=5266 n_pairs=217145 n_block_keys=424204 n_steps=100
[I::fdg-gpu] blocklist CSR ready: edges=424204 avg_deg=80.56 max_deg=195
[M::hk_bmap_gen] generated 5266 beads
[M::hk_bmap_gen] 212033 bin pairs
[M::hk_bmap_gen] generated 5266 beads
[M::hk_bmap_gen] 212033 bin pairs
[M::blind-gpu] prepared pair buffers: n_diploid=5266 n_pairs=217158 n_block_keys=424230 n_steps=100
[I::fdg-gpu] blocklist CSR ready: edges=424230 avg_deg=80.56 max_deg=195
[M::hk_bmap_gen] generated 5266 beads
[M::hk_bmap_gen] 212051 bin pairs
[M::hk_bmap_gen] generated 5266 beads
[M::hk_bmap_gen] 212051 bin pairs
[M::blind-gpu] prepared pair buffers: n_diploid=5266 n_pairs=217173 n_block_keys=424258 n_steps=100
[I::fdg-gpu] blocklist CSR ready: edges=424258 avg_deg=80.57 max_deg=195
[M::hk_bmap_gen] generated 5266 beads
[M::hk_bmap_gen] 212006 bin pairs
[M::hk_bmap_gen] generated 5266 beads
[M::hk_bmap_gen] 212006 bin pairs
[M::blind-gpu] prepared pair buffers: n_diploid=5266 n_pairs=217130 n_block_keys=424172 n_steps=100
[I::fdg-gpu] blocklist CSR ready: edges=424172 avg_deg=80.55 max_deg=195
[M::hk_bmap_gen] generated 5266 beads
[M::hk_bmap_gen] 211981 bin pairs
[M::hk_bmap_gen] generated 5266 beads
[M::hk_bmap_gen] 211981 bin pairs
[M::blind-gpu] prepared pair buffers: n_diploid=5266 n_pairs=217101 n_block_keys=424114 n_steps=100
[I::fdg-gpu] blocklist CSR ready: edges=424114 avg_deg=80.54 max_deg=194
[M::hk_bmap_gen] generated 5266 beads
[M::hk_bmap_gen] 211997 bin pairs
[M::hk_bmap_gen] generated 5266 beads
[M::hk_bmap_gen] 211997 bin pairs
[M::blind-gpu] prepared pair buffers: n_diploid=5266 n_pairs=217122 n_block_keys=424156 n_steps=100
[I::fdg-gpu] blocklist CSR ready: edges=424156 avg_deg=80.55 max_deg=194
[M::hk_bmap_gen] generated 5266 beads
[M::hk_bmap_gen] 211979 bin pairs
[M::hk_bmap_gen] generated 5266 beads
[M::hk_bmap_gen] 211979 bin pairs
[M::blind-gpu] prepared pair buffers: n_diploid=5266 n_pairs=217104 n_block_keys=424120 n_steps=100
[I::fdg-gpu] blocklist CSR ready: edges=424120 avg_deg=80.54 max_deg=194
[M::hk_bmap_gen] generated 5266 beads
[M::hk_bmap_gen] 211973 bin pairs
[M::hk_bmap_gen] generated 5266 beads
[M::hk_bmap_gen] 211973 bin pairs
[M::blind-gpu] prepared pair buffers: n_diploid=5266 n_pairs=217105 n_block_keys=424122 n_steps=100
[I::fdg-gpu] blocklist CSR ready: edges=424122 avg_deg=80.54 max_deg=194
[M::hk_bmap_gen] generated 5266 beads
[M::hk_bmap_gen] 212010 bin pairs
[M::hk_bmap_gen] generated 5266 beads
[M::hk_bmap_gen] 212010 bin pairs
[M::blind-gpu] prepared pair buffers: n_diploid=5266 n_pairs=217138 n_block_keys=424190 n_steps=100
[I::fdg-gpu] blocklist CSR ready: edges=424190 avg_deg=80.55 max_deg=194
[M::hk_bmap_gen] generated 5266 beads
[M::hk_bmap_gen] 211966 bin pairs
[M::hk_bmap_gen] generated 5266 beads
[M::hk_bmap_gen] 211966 bin pairs
[M::blind-gpu] prepared pair buffers: n_diploid=5266 n_pairs=217097 n_block_keys=424108 n_steps=100
[I::fdg-gpu] blocklist CSR ready: edges=424108 avg_deg=80.54 max_deg=194
[M::hk_bmap_gen] generated 5266 beads
[M::hk_bmap_gen] 211933 bin pairs
[M::hk_bmap_gen] generated 5266 beads
[M::hk_bmap_gen] 211933 bin pairs
[M::blind-gpu] prepared pair buffers: n_diploid=5266 n_pairs=217059 n_block_keys=424030 n_steps=100
[I::fdg-gpu] blocklist CSR ready: edges=424030 avg_deg=80.52 max_deg=194
[M::hk_bmap_gen] generated 5266 beads
[M::hk_bmap_gen] 211895 bin pairs
[M::hk_bmap_gen] generated 5266 beads
[M::hk_bmap_gen] 211895 bin pairs
[M::blind-gpu] prepared pair buffers: n_diploid=5266 n_pairs=217019 n_block_keys=423952 n_steps=100
[I::fdg-gpu] blocklist CSR ready: edges=423952 avg_deg=80.51 max_deg=194
[M::hk_bmap_gen] generated 5266 beads
[M::hk_bmap_gen] 211825 bin pairs
[M::hk_bmap_gen] generated 5266 beads
[M::hk_bmap_gen] 211825 bin pairs
[M::blind-gpu] prepared pair buffers: n_diploid=5266 n_pairs=216943 n_block_keys=423796 n_steps=100
[I::fdg-gpu] blocklist CSR ready: edges=423796 avg_deg=80.48 max_deg=194
[M::hk_bmap_gen] generated 5266 beads
[M::hk_bmap_gen] 211825 bin pairs
[M::hk_bmap_gen] generated 5266 beads
[M::hk_bmap_gen] 211825 bin pairs
[M::blind-gpu] prepared pair buffers: n_diploid=5266 n_pairs=216948 n_block_keys=423806 n_steps=100
[I::fdg-gpu] blocklist CSR ready: edges=423806 avg_deg=80.48 max_deg=194
[M::hk_bmap_gen] generated 5266 beads
[M::hk_bmap_gen] 211820 bin pairs
[M::hk_bmap_gen] generated 5266 beads
[M::hk_bmap_gen] 211820 bin pairs
[M::blind-gpu] prepared pair buffers: n_diploid=5266 n_pairs=216948 n_block_keys=423806 n_steps=100
[I::fdg-gpu] blocklist CSR ready: edges=423806 avg_deg=80.48 max_deg=194
[M::hk_bmap_gen] generated 5266 beads
[M::hk_bmap_gen] 211827 bin pairs
[M::hk_bmap_gen] generated 5266 beads
[M::hk_bmap_gen] 211827 bin pairs
[M::blind-gpu] prepared pair buffers: n_diploid=5266 n_pairs=216959 n_block_keys=423828 n_steps=100
[I::fdg-gpu] blocklist CSR ready: edges=423828 avg_deg=80.48 max_deg=194
[M::hk_bmap_gen] generated 5266 beads
[M::hk_bmap_gen] 211827 bin pairs
[M::hk_bmap_gen] generated 5266 beads
[M::hk_bmap_gen] 211827 bin pairs
[M::blind-gpu] prepared pair buffers: n_diploid=5266 n_pairs=216958 n_block_keys=423828 n_steps=100
[I::fdg-gpu] blocklist CSR ready: edges=423828 avg_deg=80.48 max_deg=192
[M::hk_bmap_gen] generated 5266 beads
[M::hk_bmap_gen] 211775 bin pairs
[M::hk_bmap_gen] generated 5266 beads
[M::hk_bmap_gen] 211775 bin pairs
[M::blind-gpu] prepared pair buffers: n_diploid=5266 n_pairs=216904 n_block_keys=423720 n_steps=100
[I::fdg-gpu] blocklist CSR ready: edges=423720 avg_deg=80.46 max_deg=192
[M::hk_bmap_gen] generated 5266 beads
[M::hk_bmap_gen] 211785 bin pairs
[M::hk_bmap_gen] generated 5266 beads
[M::hk_bmap_gen] 211785 bin pairs
[M::blind-gpu] prepared pair buffers: n_diploid=5266 n_pairs=216915 n_block_keys=423742 n_steps=100
[I::fdg-gpu] blocklist CSR ready: edges=423742 avg_deg=80.47 max_deg=192
[M::hk_bmap_gen] generated 5266 beads
[M::hk_bmap_gen] 211784 bin pairs
[M::hk_bmap_gen] generated 5266 beads
[M::hk_bmap_gen] 211784 bin pairs
[M::blind-gpu] prepared pair buffers: n_diploid=5266 n_pairs=216913 n_block_keys=423738 n_steps=100
[I::fdg-gpu] blocklist CSR ready: edges=423738 avg_deg=80.47 max_deg=192
[M::hk_bmap_gen] generated 5266 beads
[M::hk_bmap_gen] 211819 bin pairs
[M::hk_bmap_gen] generated 5266 beads
[M::hk_bmap_gen] 211819 bin pairs
[M::blind-gpu] prepared pair buffers: n_diploid=5266 n_pairs=216957 n_block_keys=423828 n_steps=100
[I::fdg-gpu] blocklist CSR ready: edges=423828 avg_deg=80.48 max_deg=193
[M::hk_bmap_gen] generated 5266 beads
[M::hk_bmap_gen] 211816 bin pairs
[M::hk_bmap_gen] generated 5266 beads
[M::hk_bmap_gen] 211816 bin pairs
[M::blind-gpu] prepared pair buffers: n_diploid=5266 n_pairs=216952 n_block_keys=423816 n_steps=100
[I::fdg-gpu] blocklist CSR ready: edges=423816 avg_deg=80.48 max_deg=192
[M::hk_bmap_gen] generated 5266 beads
[M::hk_bmap_gen] 211830 bin pairs
[M::hk_bmap_gen] generated 5266 beads
[M::hk_bmap_gen] 211830 bin pairs
[M::blind-gpu] prepared pair buffers: n_diploid=5266 n_pairs=216964 n_block_keys=423842 n_steps=100
[I::fdg-gpu] blocklist CSR ready: edges=423842 avg_deg=80.49 max_deg=192
[M::hk_bmap_gen] generated 5266 beads
[M::hk_bmap_gen] 211762 bin pairs
[M::hk_bmap_gen] generated 5266 beads
[M::hk_bmap_gen] 211762 bin pairs
[M::blind-gpu] prepared pair buffers: n_diploid=5266 n_pairs=216892 n_block_keys=423698 n_steps=100
[I::fdg-gpu] blocklist CSR ready: edges=423698 avg_deg=80.46 max_deg=192
[M::hk_bmap_gen] generated 5266 beads
[M::hk_bmap_gen] 211833 bin pairs
[M::hk_bmap_gen] generated 5266 beads
[M::hk_bmap_gen] 211833 bin pairs
[M::blind-gpu] prepared pair buffers: n_diploid=5266 n_pairs=216970 n_block_keys=423854 n_steps=100
[I::fdg-gpu] blocklist CSR ready: edges=423854 avg_deg=80.49 max_deg=192
[M::hk_bmap_gen] generated 5266 beads
[M::hk_bmap_gen] 211807 bin pairs
[M::hk_bmap_gen] generated 5266 beads
[M::hk_bmap_gen] 211807 bin pairs
[M::blind-gpu] prepared pair buffers: n_diploid=5266 n_pairs=216941 n_block_keys=423794 n_steps=100
[I::fdg-gpu] blocklist CSR ready: edges=423794 avg_deg=80.48 max_deg=192
[M::hk_bmap_gen] generated 5266 beads
[M::hk_bmap_gen] 211762 bin pairs
[M::hk_bmap_gen] generated 5266 beads
[M::hk_bmap_gen] 211762 bin pairs
[M::blind-gpu] prepared pair buffers: n_diploid=5266 n_pairs=216898 n_block_keys=423708 n_steps=100
[I::fdg-gpu] blocklist CSR ready: edges=423708 avg_deg=80.46 max_deg=192
[M::hk_bmap_gen] generated 5266 beads
[M::hk_bmap_gen] 211721 bin pairs
[M::hk_bmap_gen] generated 5266 beads
[M::hk_bmap_gen] 211721 bin pairs
[M::blind-gpu] prepared pair buffers: n_diploid=5266 n_pairs=216858 n_block_keys=423628 n_steps=100
[I::fdg-gpu] blocklist CSR ready: edges=423628 avg_deg=80.45 max_deg=192
[M::hk_bmap_gen] generated 5266 beads
[M::hk_bmap_gen] 211708 bin pairs
[M::hk_bmap_gen] generated 5266 beads
[M::hk_bmap_gen] 211708 bin pairs
[M::blind-gpu] prepared pair buffers: n_diploid=5266 n_pairs=216847 n_block_keys=423608 n_steps=100
[I::fdg-gpu] blocklist CSR ready: edges=423608 avg_deg=80.44 max_deg=192
[M::hk_bmap_gen] generated 5266 beads
[M::hk_bmap_gen] 211708 bin pairs
[M::hk_bmap_gen] generated 5266 beads
[M::hk_bmap_gen] 211708 bin pairs
[M::blind-gpu] prepared pair buffers: n_diploid=5266 n_pairs=216845 n_block_keys=423602 n_steps=100
[I::fdg-gpu] blocklist CSR ready: edges=423602 avg_deg=80.44 max_deg=191
[M::hk_bmap_gen] generated 5266 beads
[M::hk_bmap_gen] 211721 bin pairs
[M::hk_bmap_gen] generated 5266 beads
[M::hk_bmap_gen] 211721 bin pairs
[M::blind-gpu] prepared pair buffers: n_diploid=5266 n_pairs=216861 n_block_keys=423634 n_steps=100
[I::fdg-gpu] blocklist CSR ready: edges=423634 avg_deg=80.45 max_deg=191
[M::hk_bmap_gen] generated 5266 beads
[M::hk_bmap_gen] 211731 bin pairs
[M::hk_bmap_gen] generated 5266 beads
[M::hk_bmap_gen] 211731 bin pairs
[M::blind-gpu] prepared pair buffers: n_diploid=5266 n_pairs=216868 n_block_keys=423648 n_steps=100
[I::fdg-gpu] blocklist CSR ready: edges=423648 avg_deg=80.45 max_deg=190
[M::hk_bmap_gen] generated 5266 beads
[M::hk_bmap_gen] 211774 bin pairs
[M::hk_bmap_gen] generated 5266 beads
[M::hk_bmap_gen] 211774 bin pairs
[M::blind-gpu] prepared pair buffers: n_diploid=5266 n_pairs=216910 n_block_keys=423730 n_steps=100
[I::fdg-gpu] blocklist CSR ready: edges=423730 avg_deg=80.47 max_deg=190
[M::hk_bmap_gen] generated 5266 beads
[M::hk_bmap_gen] 211793 bin pairs
[M::hk_bmap_gen] generated 5266 beads
[M::hk_bmap_gen] 211793 bin pairs
[M::blind-gpu] prepared pair buffers: n_diploid=5266 n_pairs=216931 n_block_keys=423772 n_steps=100
[I::fdg-gpu] blocklist CSR ready: edges=423772 avg_deg=80.47 max_deg=190
[M::hk_bmap_gen] generated 5266 beads
[M::hk_bmap_gen] 211823 bin pairs
[M::hk_bmap_gen] generated 5266 beads
[M::hk_bmap_gen] 211823 bin pairs
[M::blind-gpu] prepared pair buffers: n_diploid=5266 n_pairs=216957 n_block_keys=423826 n_steps=100
[I::fdg-gpu] blocklist CSR ready: edges=423826 avg_deg=80.48 max_deg=190
[M::hk_bmap_gen] generated 5266 beads
[M::hk_bmap_gen] 211861 bin pairs
[M::hk_bmap_gen] generated 5266 beads
[M::hk_bmap_gen] 211861 bin pairs
[M::blind-gpu] prepared pair buffers: n_diploid=5266 n_pairs=216990 n_block_keys=423892 n_steps=100
[I::fdg-gpu] blocklist CSR ready: edges=423892 avg_deg=80.50 max_deg=191
[M::hk_bmap_gen] generated 5266 beads
[M::hk_bmap_gen] 211824 bin pairs
[M::hk_bmap_gen] generated 5266 beads
[M::hk_bmap_gen] 211824 bin pairs
[M::blind-gpu] prepared pair buffers: n_diploid=5266 n_pairs=216960 n_block_keys=423832 n_steps=100
[I::fdg-gpu] blocklist CSR ready: edges=423832 avg_deg=80.48 max_deg=190
minimal P9016[1m]: write outputs to /mnt/ssd/zliu/phase3/test_res/047-20260620_082138-p9016_init_coord_anchor_1m/outputs/p9016_initanchor_k0p01_seed17_noise0_best035/p9016_initanchor_k0p01_seed17_noise0_best035
[M::hk_bmap_gen] generated 5266 beads
[M::hk_bmap_gen] 211798 bin pairs
[M::hk_bmap_gen] generated 5266 beads
[M::hk_bmap_gen] 211798 bin pairs
minimal P9016[1m]: status=OK final_entropy=0.70179141 final_pU=0.50623548
minimal P9016: summary /mnt/ssd/zliu/phase3/test_res/047-20260620_082138-p9016_init_coord_anchor_1m/outputs/p9016_initanchor_k0p01_seed17_noise0_best035/matrix_summary.tsv
