minimal P9016: input=/shared/zliu/CHARM/CHARM_mesc/data/pairs/P9016.pairs.gz output_root=/mnt/ssd/zliu/phase3/test_res/012-20260617_111813-p9016_dscale_semantics_regression_1m/work_outputs/posterior_count_common_msep1p5_lsep1_ieps1_noise0p05_seed17 config=posterior_count_common_msep1p5_lsep1_ieps1_noise0p05_seed17 baseline=softall n_iter=100 relax_steps=100 relax_step=0.012 chain=0 init_mode=unphased_scaffold_split init_eps=1 init_noise=0.050000001 init_scale=10 init_seed=17 min_sep=1.5 lambda_sep=1 d_scale_mode=posterior_count d_scale_input=posterior_count d_scale_formula=n_raw*posterior_prob d_scale_gamma=1 d_scale_eps=1e-06 relax_backend=gpu
minimal P9016: stage 1/1 name=1m bin_size_bp=1000000 parent=0
[M::hk_map_read] read 1703888 pairs
[M::hk_bmap_gen] generated 2633 beads
[M::hk_bmap_gen] 489556 bin pairs
minimal P9016[1m]: build binned contacts
minimal P9016[1m]: init mode=unphased_scaffold_split seed=17 scale=10
[M::hk_fdg] mid_dist:1000000 max_nei:69
[M::hk_fdg1_cpu] iter:10 elapsed:0.32s rep_coef:0.2092 RMS_force:367.1874 n_rep:43.0820 energy:25.1082,6.6566,0.0049 dist:5.6169,6.6204,1.4501
[M::hk_fdg1_cpu] iter:20 elapsed:0.80s rep_coef:0.6615 RMS_force:336.9308 n_rep:157.7303 energy:7.7515,3.4068,0.0177 dist:3.4076,4.2658,1.4016
[M::hk_fdg1_cpu] iter:30 elapsed:1.76s rep_coef:0.9352 RMS_force:226.0828 n_rep:592.3505 energy:1.8327,1.0566,0.0354 dist:1.9896,2.3234,1.2554
[M::hk_fdg1_cpu] iter:40 elapsed:3.15s rep_coef:0.9907 RMS_force:132.8226 n_rep:808.7839 energy:0.5357,0.4158,0.0366 dist:1.4081,1.7237,1.2560
[M::hk_fdg1_cpu] iter:50 elapsed:4.61s rep_coef:0.9987 RMS_force:99.3491 n_rep:815.5837 energy:0.1678,0.2703,0.0325 dist:1.0643,1.6062,1.3142
minimal P9016[1m]: run softall, n_iter=100 relax_steps=100 relax_step=0.012 relax_backend=gpu
[M::hk_bmap_gen] generated 5266 beads
[M::hk_bmap_gen] 222715 bin pairs
[M::blind-gpu] prepared pair buffers: n_diploid=5266 n_pairs=227807 n_block_keys=445514 n_steps=100
[I::fdg-gpu] blocklist CSR ready: edges=445514 avg_deg=84.60 max_deg=189
[M::hk_bmap_gen] generated 5266 beads
[M::hk_bmap_gen] 224868 bin pairs
[M::blind-gpu] prepared pair buffers: n_diploid=5266 n_pairs=229959 n_block_keys=449816 n_steps=100
[I::fdg-gpu] blocklist CSR ready: edges=449816 avg_deg=85.42 max_deg=184
[M::hk_bmap_gen] generated 5266 beads
[M::hk_bmap_gen] 222831 bin pairs
[M::blind-gpu] prepared pair buffers: n_diploid=5266 n_pairs=227956 n_block_keys=445812 n_steps=100
[I::fdg-gpu] blocklist CSR ready: edges=445812 avg_deg=84.66 max_deg=175
[M::hk_bmap_gen] generated 5266 beads
[M::hk_bmap_gen] 221859 bin pairs
[M::blind-gpu] prepared pair buffers: n_diploid=5266 n_pairs=226988 n_block_keys=443876 n_steps=100
[I::fdg-gpu] blocklist CSR ready: edges=443876 avg_deg=84.29 max_deg=173
[M::hk_bmap_gen] generated 5266 beads
[M::hk_bmap_gen] 221578 bin pairs
[M::blind-gpu] prepared pair buffers: n_diploid=5266 n_pairs=226739 n_block_keys=443378 n_steps=100
[I::fdg-gpu] blocklist CSR ready: edges=443378 avg_deg=84.20 max_deg=176
[M::hk_bmap_gen] generated 5266 beads
[M::hk_bmap_gen] 220786 bin pairs
[M::blind-gpu] prepared pair buffers: n_diploid=5266 n_pairs=225922 n_block_keys=441744 n_steps=100
[I::fdg-gpu] blocklist CSR ready: edges=441744 avg_deg=83.89 max_deg=173
[M::hk_bmap_gen] generated 5266 beads
[M::hk_bmap_gen] 220136 bin pairs
[M::blind-gpu] prepared pair buffers: n_diploid=5266 n_pairs=225275 n_block_keys=440450 n_steps=100
[I::fdg-gpu] blocklist CSR ready: edges=440450 avg_deg=83.64 max_deg=175
[M::hk_bmap_gen] generated 5266 beads
[M::hk_bmap_gen] 219814 bin pairs
[M::blind-gpu] prepared pair buffers: n_diploid=5266 n_pairs=224966 n_block_keys=439834 n_steps=100
[I::fdg-gpu] blocklist CSR ready: edges=439834 avg_deg=83.52 max_deg=175
[M::hk_bmap_gen] generated 5266 beads
[M::hk_bmap_gen] 219361 bin pairs
[M::blind-gpu] prepared pair buffers: n_diploid=5266 n_pairs=224496 n_block_keys=438894 n_steps=100
[I::fdg-gpu] blocklist CSR ready: edges=438894 avg_deg=83.34 max_deg=177
[M::hk_bmap_gen] generated 5266 beads
[M::hk_bmap_gen] 219159 bin pairs
[M::blind-gpu] prepared pair buffers: n_diploid=5266 n_pairs=224293 n_block_keys=438488 n_steps=100
[I::fdg-gpu] blocklist CSR ready: edges=438488 avg_deg=83.27 max_deg=177
[M::hk_bmap_gen] generated 5266 beads
[M::hk_bmap_gen] 218852 bin pairs
[M::blind-gpu] prepared pair buffers: n_diploid=5266 n_pairs=223992 n_block_keys=437886 n_steps=100
[I::fdg-gpu] blocklist CSR ready: edges=437886 avg_deg=83.15 max_deg=178
[M::hk_bmap_gen] generated 5266 beads
[M::hk_bmap_gen] 218687 bin pairs
[M::blind-gpu] prepared pair buffers: n_diploid=5266 n_pairs=223828 n_block_keys=437558 n_steps=100
[I::fdg-gpu] blocklist CSR ready: edges=437558 avg_deg=83.09 max_deg=178
[M::hk_bmap_gen] generated 5266 beads
[M::hk_bmap_gen] 218441 bin pairs
[M::blind-gpu] prepared pair buffers: n_diploid=5266 n_pairs=223606 n_block_keys=437114 n_steps=100
[I::fdg-gpu] blocklist CSR ready: edges=437114 avg_deg=83.01 max_deg=178
[M::hk_bmap_gen] generated 5266 beads
[M::hk_bmap_gen] 218195 bin pairs
[M::blind-gpu] prepared pair buffers: n_diploid=5266 n_pairs=223355 n_block_keys=436612 n_steps=100
[I::fdg-gpu] blocklist CSR ready: edges=436612 avg_deg=82.91 max_deg=177
[M::hk_bmap_gen] generated 5266 beads
[M::hk_bmap_gen] 217923 bin pairs
[M::blind-gpu] prepared pair buffers: n_diploid=5266 n_pairs=223075 n_block_keys=436052 n_steps=100
[I::fdg-gpu] blocklist CSR ready: edges=436052 avg_deg=82.81 max_deg=178
[M::hk_bmap_gen] generated 5266 beads
[M::hk_bmap_gen] 217788 bin pairs
[M::blind-gpu] prepared pair buffers: n_diploid=5266 n_pairs=222940 n_block_keys=435780 n_steps=100
[I::fdg-gpu] blocklist CSR ready: edges=435780 avg_deg=82.75 max_deg=178
[M::hk_bmap_gen] generated 5266 beads
[M::hk_bmap_gen] 217606 bin pairs
[M::blind-gpu] prepared pair buffers: n_diploid=5266 n_pairs=222753 n_block_keys=435406 n_steps=100
[I::fdg-gpu] blocklist CSR ready: edges=435406 avg_deg=82.68 max_deg=177
[M::hk_bmap_gen] generated 5266 beads
[M::hk_bmap_gen] 217409 bin pairs
[M::blind-gpu] prepared pair buffers: n_diploid=5266 n_pairs=222554 n_block_keys=435008 n_steps=100
[I::fdg-gpu] blocklist CSR ready: edges=435008 avg_deg=82.61 max_deg=179
[M::hk_bmap_gen] generated 5266 beads
[M::hk_bmap_gen] 217277 bin pairs
[M::blind-gpu] prepared pair buffers: n_diploid=5266 n_pairs=222420 n_block_keys=434742 n_steps=100
[I::fdg-gpu] blocklist CSR ready: edges=434742 avg_deg=82.56 max_deg=179
[M::hk_bmap_gen] generated 5266 beads
[M::hk_bmap_gen] 217133 bin pairs
[M::blind-gpu] prepared pair buffers: n_diploid=5266 n_pairs=222275 n_block_keys=434452 n_steps=100
[I::fdg-gpu] blocklist CSR ready: edges=434452 avg_deg=82.50 max_deg=176
[M::hk_bmap_gen] generated 5266 beads
[M::hk_bmap_gen] 217060 bin pairs
[M::blind-gpu] prepared pair buffers: n_diploid=5266 n_pairs=222200 n_block_keys=434302 n_steps=100
[I::fdg-gpu] blocklist CSR ready: edges=434302 avg_deg=82.47 max_deg=176
[M::hk_bmap_gen] generated 5266 beads
[M::hk_bmap_gen] 216953 bin pairs
[M::blind-gpu] prepared pair buffers: n_diploid=5266 n_pairs=222088 n_block_keys=434080 n_steps=100
[I::fdg-gpu] blocklist CSR ready: edges=434080 avg_deg=82.43 max_deg=176
[M::hk_bmap_gen] generated 5266 beads
[M::hk_bmap_gen] 216803 bin pairs
[M::blind-gpu] prepared pair buffers: n_diploid=5266 n_pairs=221917 n_block_keys=433738 n_steps=100
[I::fdg-gpu] blocklist CSR ready: edges=433738 avg_deg=82.37 max_deg=177
[M::hk_bmap_gen] generated 5266 beads
[M::hk_bmap_gen] 216772 bin pairs
[M::blind-gpu] prepared pair buffers: n_diploid=5266 n_pairs=221902 n_block_keys=433708 n_steps=100
[I::fdg-gpu] blocklist CSR ready: edges=433708 avg_deg=82.36 max_deg=177
[M::hk_bmap_gen] generated 5266 beads
[M::hk_bmap_gen] 216696 bin pairs
[M::blind-gpu] prepared pair buffers: n_diploid=5266 n_pairs=221826 n_block_keys=433556 n_steps=100
[I::fdg-gpu] blocklist CSR ready: edges=433556 avg_deg=82.33 max_deg=177
[M::hk_bmap_gen] generated 5266 beads
[M::hk_bmap_gen] 216693 bin pairs
[M::blind-gpu] prepared pair buffers: n_diploid=5266 n_pairs=221823 n_block_keys=433550 n_steps=100
[I::fdg-gpu] blocklist CSR ready: edges=433550 avg_deg=82.33 max_deg=177
[M::hk_bmap_gen] generated 5266 beads
[M::hk_bmap_gen] 216628 bin pairs
[M::blind-gpu] prepared pair buffers: n_diploid=5266 n_pairs=221760 n_block_keys=433424 n_steps=100
[I::fdg-gpu] blocklist CSR ready: edges=433424 avg_deg=82.31 max_deg=177
[M::hk_bmap_gen] generated 5266 beads
[M::hk_bmap_gen] 216532 bin pairs
[M::blind-gpu] prepared pair buffers: n_diploid=5266 n_pairs=221665 n_block_keys=433232 n_steps=100
[I::fdg-gpu] blocklist CSR ready: edges=433232 avg_deg=82.27 max_deg=178
[M::hk_bmap_gen] generated 5266 beads
[M::hk_bmap_gen] 216381 bin pairs
[M::blind-gpu] prepared pair buffers: n_diploid=5266 n_pairs=221519 n_block_keys=432944 n_steps=100
[I::fdg-gpu] blocklist CSR ready: edges=432944 avg_deg=82.21 max_deg=178
[M::hk_bmap_gen] generated 5266 beads
[M::hk_bmap_gen] 216260 bin pairs
[M::blind-gpu] prepared pair buffers: n_diploid=5266 n_pairs=221405 n_block_keys=432714 n_steps=100
[I::fdg-gpu] blocklist CSR ready: edges=432714 avg_deg=82.17 max_deg=178
[M::hk_bmap_gen] generated 5266 beads
[M::hk_bmap_gen] 216218 bin pairs
[M::blind-gpu] prepared pair buffers: n_diploid=5266 n_pairs=221370 n_block_keys=432644 n_steps=100
[I::fdg-gpu] blocklist CSR ready: edges=432644 avg_deg=82.16 max_deg=178
[M::hk_bmap_gen] generated 5266 beads
[M::hk_bmap_gen] 216066 bin pairs
[M::blind-gpu] prepared pair buffers: n_diploid=5266 n_pairs=221206 n_block_keys=432316 n_steps=100
[I::fdg-gpu] blocklist CSR ready: edges=432316 avg_deg=82.10 max_deg=178
[M::hk_bmap_gen] generated 5266 beads
[M::hk_bmap_gen] 215971 bin pairs
[M::blind-gpu] prepared pair buffers: n_diploid=5266 n_pairs=221114 n_block_keys=432132 n_steps=100
[I::fdg-gpu] blocklist CSR ready: edges=432132 avg_deg=82.06 max_deg=178
[M::hk_bmap_gen] generated 5266 beads
[M::hk_bmap_gen] 215902 bin pairs
[M::blind-gpu] prepared pair buffers: n_diploid=5266 n_pairs=221053 n_block_keys=432010 n_steps=100
[I::fdg-gpu] blocklist CSR ready: edges=432010 avg_deg=82.04 max_deg=177
[M::hk_bmap_gen] generated 5266 beads
[M::hk_bmap_gen] 215829 bin pairs
[M::blind-gpu] prepared pair buffers: n_diploid=5266 n_pairs=220973 n_block_keys=431848 n_steps=100
[I::fdg-gpu] blocklist CSR ready: edges=431848 avg_deg=82.01 max_deg=177
[M::hk_bmap_gen] generated 5266 beads
[M::hk_bmap_gen] 215722 bin pairs
[M::blind-gpu] prepared pair buffers: n_diploid=5266 n_pairs=220861 n_block_keys=431624 n_steps=100
[I::fdg-gpu] blocklist CSR ready: edges=431624 avg_deg=81.96 max_deg=177
[M::hk_bmap_gen] generated 5266 beads
[M::hk_bmap_gen] 215646 bin pairs
[M::blind-gpu] prepared pair buffers: n_diploid=5266 n_pairs=220792 n_block_keys=431486 n_steps=100
[I::fdg-gpu] blocklist CSR ready: edges=431486 avg_deg=81.94 max_deg=177
[M::hk_bmap_gen] generated 5266 beads
[M::hk_bmap_gen] 215585 bin pairs
[M::blind-gpu] prepared pair buffers: n_diploid=5266 n_pairs=220736 n_block_keys=431374 n_steps=100
[I::fdg-gpu] blocklist CSR ready: edges=431374 avg_deg=81.92 max_deg=177
[M::hk_bmap_gen] generated 5266 beads
[M::hk_bmap_gen] 215537 bin pairs
[M::blind-gpu] prepared pair buffers: n_diploid=5266 n_pairs=220685 n_block_keys=431272 n_steps=100
[I::fdg-gpu] blocklist CSR ready: edges=431272 avg_deg=81.90 max_deg=178
[M::hk_bmap_gen] generated 5266 beads
[M::hk_bmap_gen] 215546 bin pairs
[M::blind-gpu] prepared pair buffers: n_diploid=5266 n_pairs=220696 n_block_keys=431294 n_steps=100
[I::fdg-gpu] blocklist CSR ready: edges=431294 avg_deg=81.90 max_deg=178
[M::hk_bmap_gen] generated 5266 beads
[M::hk_bmap_gen] 215529 bin pairs
[M::blind-gpu] prepared pair buffers: n_diploid=5266 n_pairs=220671 n_block_keys=431244 n_steps=100
[I::fdg-gpu] blocklist CSR ready: edges=431244 avg_deg=81.89 max_deg=181
[M::hk_bmap_gen] generated 5266 beads
[M::hk_bmap_gen] 215474 bin pairs
[M::blind-gpu] prepared pair buffers: n_diploid=5266 n_pairs=220613 n_block_keys=431130 n_steps=100
[I::fdg-gpu] blocklist CSR ready: edges=431130 avg_deg=81.87 max_deg=183
[M::hk_bmap_gen] generated 5266 beads
[M::hk_bmap_gen] 215496 bin pairs
[M::blind-gpu] prepared pair buffers: n_diploid=5266 n_pairs=220638 n_block_keys=431178 n_steps=100
[I::fdg-gpu] blocklist CSR ready: edges=431178 avg_deg=81.88 max_deg=183
[M::hk_bmap_gen] generated 5266 beads
[M::hk_bmap_gen] 215511 bin pairs
[M::blind-gpu] prepared pair buffers: n_diploid=5266 n_pairs=220638 n_block_keys=431178 n_steps=100
[I::fdg-gpu] blocklist CSR ready: edges=431178 avg_deg=81.88 max_deg=183
[M::hk_bmap_gen] generated 5266 beads
[M::hk_bmap_gen] 215488 bin pairs
[M::blind-gpu] prepared pair buffers: n_diploid=5266 n_pairs=220617 n_block_keys=431136 n_steps=100
[I::fdg-gpu] blocklist CSR ready: edges=431136 avg_deg=81.87 max_deg=183
[M::hk_bmap_gen] generated 5266 beads
[M::hk_bmap_gen] 215464 bin pairs
[M::blind-gpu] prepared pair buffers: n_diploid=5266 n_pairs=220600 n_block_keys=431104 n_steps=100
[I::fdg-gpu] blocklist CSR ready: edges=431104 avg_deg=81.87 max_deg=182
[M::hk_bmap_gen] generated 5266 beads
[M::hk_bmap_gen] 215448 bin pairs
[M::blind-gpu] prepared pair buffers: n_diploid=5266 n_pairs=220592 n_block_keys=431088 n_steps=100
[I::fdg-gpu] blocklist CSR ready: edges=431088 avg_deg=81.86 max_deg=180
[M::hk_bmap_gen] generated 5266 beads
[M::hk_bmap_gen] 215462 bin pairs
[M::blind-gpu] prepared pair buffers: n_diploid=5266 n_pairs=220597 n_block_keys=431098 n_steps=100
[I::fdg-gpu] blocklist CSR ready: edges=431098 avg_deg=81.86 max_deg=180
[M::hk_bmap_gen] generated 5266 beads
[M::hk_bmap_gen] 215413 bin pairs
[M::blind-gpu] prepared pair buffers: n_diploid=5266 n_pairs=220551 n_block_keys=431006 n_steps=100
[I::fdg-gpu] blocklist CSR ready: edges=431006 avg_deg=81.85 max_deg=180
[M::hk_bmap_gen] generated 5266 beads
[M::hk_bmap_gen] 215430 bin pairs
[M::blind-gpu] prepared pair buffers: n_diploid=5266 n_pairs=220569 n_block_keys=431042 n_steps=100
[I::fdg-gpu] blocklist CSR ready: edges=431042 avg_deg=81.85 max_deg=180
[M::hk_bmap_gen] generated 5266 beads
[M::hk_bmap_gen] 215363 bin pairs
[M::blind-gpu] prepared pair buffers: n_diploid=5266 n_pairs=220498 n_block_keys=430900 n_steps=100
[I::fdg-gpu] blocklist CSR ready: edges=430900 avg_deg=81.83 max_deg=179
[M::hk_bmap_gen] generated 5266 beads
[M::hk_bmap_gen] 215285 bin pairs
[M::blind-gpu] prepared pair buffers: n_diploid=5266 n_pairs=220426 n_block_keys=430756 n_steps=100
[I::fdg-gpu] blocklist CSR ready: edges=430756 avg_deg=81.80 max_deg=179
[M::hk_bmap_gen] generated 5266 beads
[M::hk_bmap_gen] 215234 bin pairs
[M::blind-gpu] prepared pair buffers: n_diploid=5266 n_pairs=220376 n_block_keys=430656 n_steps=100
[I::fdg-gpu] blocklist CSR ready: edges=430656 avg_deg=81.78 max_deg=179
[M::hk_bmap_gen] generated 5266 beads
[M::hk_bmap_gen] 215185 bin pairs
[M::blind-gpu] prepared pair buffers: n_diploid=5266 n_pairs=220320 n_block_keys=430544 n_steps=100
[I::fdg-gpu] blocklist CSR ready: edges=430544 avg_deg=81.76 max_deg=179
[M::hk_bmap_gen] generated 5266 beads
[M::hk_bmap_gen] 215082 bin pairs
[M::blind-gpu] prepared pair buffers: n_diploid=5266 n_pairs=220210 n_block_keys=430324 n_steps=100
[I::fdg-gpu] blocklist CSR ready: edges=430324 avg_deg=81.72 max_deg=179
[M::hk_bmap_gen] generated 5266 beads
[M::hk_bmap_gen] 214988 bin pairs
[M::blind-gpu] prepared pair buffers: n_diploid=5266 n_pairs=220109 n_block_keys=430122 n_steps=100
[I::fdg-gpu] blocklist CSR ready: edges=430122 avg_deg=81.68 max_deg=179
[M::hk_bmap_gen] generated 5266 beads
[M::hk_bmap_gen] 214949 bin pairs
[M::blind-gpu] prepared pair buffers: n_diploid=5266 n_pairs=220073 n_block_keys=430050 n_steps=100
[I::fdg-gpu] blocklist CSR ready: edges=430050 avg_deg=81.67 max_deg=179
[M::hk_bmap_gen] generated 5266 beads
[M::hk_bmap_gen] 214910 bin pairs
[M::blind-gpu] prepared pair buffers: n_diploid=5266 n_pairs=220036 n_block_keys=429976 n_steps=100
[I::fdg-gpu] blocklist CSR ready: edges=429976 avg_deg=81.65 max_deg=179
[M::hk_bmap_gen] generated 5266 beads
[M::hk_bmap_gen] 214847 bin pairs
[M::blind-gpu] prepared pair buffers: n_diploid=5266 n_pairs=219973 n_block_keys=429850 n_steps=100
[I::fdg-gpu] blocklist CSR ready: edges=429850 avg_deg=81.63 max_deg=179
[M::hk_bmap_gen] generated 5266 beads
[M::hk_bmap_gen] 214825 bin pairs
[M::blind-gpu] prepared pair buffers: n_diploid=5266 n_pairs=219948 n_block_keys=429800 n_steps=100
[I::fdg-gpu] blocklist CSR ready: edges=429800 avg_deg=81.62 max_deg=180
[M::hk_bmap_gen] generated 5266 beads
[M::hk_bmap_gen] 214794 bin pairs
[M::blind-gpu] prepared pair buffers: n_diploid=5266 n_pairs=219914 n_block_keys=429732 n_steps=100
[I::fdg-gpu] blocklist CSR ready: edges=429732 avg_deg=81.61 max_deg=180
[M::hk_bmap_gen] generated 5266 beads
[M::hk_bmap_gen] 214803 bin pairs
[M::blind-gpu] prepared pair buffers: n_diploid=5266 n_pairs=219916 n_block_keys=429736 n_steps=100
[I::fdg-gpu] blocklist CSR ready: edges=429736 avg_deg=81.61 max_deg=182
[M::hk_bmap_gen] generated 5266 beads
[M::hk_bmap_gen] 214753 bin pairs
[M::blind-gpu] prepared pair buffers: n_diploid=5266 n_pairs=219871 n_block_keys=429646 n_steps=100
[I::fdg-gpu] blocklist CSR ready: edges=429646 avg_deg=81.59 max_deg=182
[M::hk_bmap_gen] generated 5266 beads
[M::hk_bmap_gen] 214681 bin pairs
[M::blind-gpu] prepared pair buffers: n_diploid=5266 n_pairs=219800 n_block_keys=429504 n_steps=100
[I::fdg-gpu] blocklist CSR ready: edges=429504 avg_deg=81.56 max_deg=182
[M::hk_bmap_gen] generated 5266 beads
[M::hk_bmap_gen] 214643 bin pairs
[M::blind-gpu] prepared pair buffers: n_diploid=5266 n_pairs=219760 n_block_keys=429424 n_steps=100
[I::fdg-gpu] blocklist CSR ready: edges=429424 avg_deg=81.55 max_deg=182
[M::hk_bmap_gen] generated 5266 beads
[M::hk_bmap_gen] 214585 bin pairs
[M::blind-gpu] prepared pair buffers: n_diploid=5266 n_pairs=219712 n_block_keys=429328 n_steps=100
[I::fdg-gpu] blocklist CSR ready: edges=429328 avg_deg=81.53 max_deg=182
[M::hk_bmap_gen] generated 5266 beads
[M::hk_bmap_gen] 214611 bin pairs
[M::blind-gpu] prepared pair buffers: n_diploid=5266 n_pairs=219732 n_block_keys=429368 n_steps=100
[I::fdg-gpu] blocklist CSR ready: edges=429368 avg_deg=81.54 max_deg=182
[M::hk_bmap_gen] generated 5266 beads
[M::hk_bmap_gen] 214629 bin pairs
[M::blind-gpu] prepared pair buffers: n_diploid=5266 n_pairs=219751 n_block_keys=429406 n_steps=100
[I::fdg-gpu] blocklist CSR ready: edges=429406 avg_deg=81.54 max_deg=182
[M::hk_bmap_gen] generated 5266 beads
[M::hk_bmap_gen] 214590 bin pairs
[M::blind-gpu] prepared pair buffers: n_diploid=5266 n_pairs=219716 n_block_keys=429336 n_steps=100
[I::fdg-gpu] blocklist CSR ready: edges=429336 avg_deg=81.53 max_deg=182
[M::hk_bmap_gen] generated 5266 beads
[M::hk_bmap_gen] 214572 bin pairs
[M::blind-gpu] prepared pair buffers: n_diploid=5266 n_pairs=219694 n_block_keys=429292 n_steps=100
[I::fdg-gpu] blocklist CSR ready: edges=429292 avg_deg=81.52 max_deg=182
[M::hk_bmap_gen] generated 5266 beads
[M::hk_bmap_gen] 214508 bin pairs
[M::blind-gpu] prepared pair buffers: n_diploid=5266 n_pairs=219637 n_block_keys=429178 n_steps=100
[I::fdg-gpu] blocklist CSR ready: edges=429178 avg_deg=81.50 max_deg=182
[M::hk_bmap_gen] generated 5266 beads
[M::hk_bmap_gen] 214527 bin pairs
[M::blind-gpu] prepared pair buffers: n_diploid=5266 n_pairs=219653 n_block_keys=429210 n_steps=100
[I::fdg-gpu] blocklist CSR ready: edges=429210 avg_deg=81.51 max_deg=182
[M::hk_bmap_gen] generated 5266 beads
[M::hk_bmap_gen] 214524 bin pairs
[M::blind-gpu] prepared pair buffers: n_diploid=5266 n_pairs=219644 n_block_keys=429192 n_steps=100
[I::fdg-gpu] blocklist CSR ready: edges=429192 avg_deg=81.50 max_deg=182
[M::hk_bmap_gen] generated 5266 beads
[M::hk_bmap_gen] 214456 bin pairs
[M::blind-gpu] prepared pair buffers: n_diploid=5266 n_pairs=219577 n_block_keys=429058 n_steps=100
[I::fdg-gpu] blocklist CSR ready: edges=429058 avg_deg=81.48 max_deg=182
[M::hk_bmap_gen] generated 5266 beads
[M::hk_bmap_gen] 214397 bin pairs
[M::blind-gpu] prepared pair buffers: n_diploid=5266 n_pairs=219521 n_block_keys=428944 n_steps=100
[I::fdg-gpu] blocklist CSR ready: edges=428944 avg_deg=81.46 max_deg=182
[M::hk_bmap_gen] generated 5266 beads
[M::hk_bmap_gen] 214356 bin pairs
[M::blind-gpu] prepared pair buffers: n_diploid=5266 n_pairs=219483 n_block_keys=428868 n_steps=100
[I::fdg-gpu] blocklist CSR ready: edges=428868 avg_deg=81.44 max_deg=182
[M::hk_bmap_gen] generated 5266 beads
[M::hk_bmap_gen] 214364 bin pairs
[M::blind-gpu] prepared pair buffers: n_diploid=5266 n_pairs=219491 n_block_keys=428884 n_steps=100
[I::fdg-gpu] blocklist CSR ready: edges=428884 avg_deg=81.44 max_deg=182
[M::hk_bmap_gen] generated 5266 beads
[M::hk_bmap_gen] 214366 bin pairs
[M::blind-gpu] prepared pair buffers: n_diploid=5266 n_pairs=219491 n_block_keys=428884 n_steps=100
[I::fdg-gpu] blocklist CSR ready: edges=428884 avg_deg=81.44 max_deg=182
[M::hk_bmap_gen] generated 5266 beads
[M::hk_bmap_gen] 214343 bin pairs
[M::blind-gpu] prepared pair buffers: n_diploid=5266 n_pairs=219467 n_block_keys=428836 n_steps=100
[I::fdg-gpu] blocklist CSR ready: edges=428836 avg_deg=81.43 max_deg=182
[M::hk_bmap_gen] generated 5266 beads
[M::hk_bmap_gen] 214305 bin pairs
[M::blind-gpu] prepared pair buffers: n_diploid=5266 n_pairs=219433 n_block_keys=428770 n_steps=100
[I::fdg-gpu] blocklist CSR ready: edges=428770 avg_deg=81.42 max_deg=182
[M::hk_bmap_gen] generated 5266 beads
[M::hk_bmap_gen] 214266 bin pairs
[M::blind-gpu] prepared pair buffers: n_diploid=5266 n_pairs=219395 n_block_keys=428694 n_steps=100
[I::fdg-gpu] blocklist CSR ready: edges=428694 avg_deg=81.41 max_deg=183
[M::hk_bmap_gen] generated 5266 beads
[M::hk_bmap_gen] 214236 bin pairs
[M::blind-gpu] prepared pair buffers: n_diploid=5266 n_pairs=219368 n_block_keys=428640 n_steps=100
[I::fdg-gpu] blocklist CSR ready: edges=428640 avg_deg=81.40 max_deg=183
[M::hk_bmap_gen] generated 5266 beads
[M::hk_bmap_gen] 214210 bin pairs
[M::blind-gpu] prepared pair buffers: n_diploid=5266 n_pairs=219345 n_block_keys=428592 n_steps=100
[I::fdg-gpu] blocklist CSR ready: edges=428592 avg_deg=81.39 max_deg=183
[M::hk_bmap_gen] generated 5266 beads
[M::hk_bmap_gen] 214173 bin pairs
[M::blind-gpu] prepared pair buffers: n_diploid=5266 n_pairs=219304 n_block_keys=428510 n_steps=100
[I::fdg-gpu] blocklist CSR ready: edges=428510 avg_deg=81.37 max_deg=183
[M::hk_bmap_gen] generated 5266 beads
[M::hk_bmap_gen] 214133 bin pairs
[M::blind-gpu] prepared pair buffers: n_diploid=5266 n_pairs=219265 n_block_keys=428432 n_steps=100
[I::fdg-gpu] blocklist CSR ready: edges=428432 avg_deg=81.36 max_deg=183
[M::hk_bmap_gen] generated 5266 beads
[M::hk_bmap_gen] 214149 bin pairs
[M::blind-gpu] prepared pair buffers: n_diploid=5266 n_pairs=219281 n_block_keys=428464 n_steps=100
[I::fdg-gpu] blocklist CSR ready: edges=428464 avg_deg=81.36 max_deg=182
[M::hk_bmap_gen] generated 5266 beads
[M::hk_bmap_gen] 214132 bin pairs
[M::blind-gpu] prepared pair buffers: n_diploid=5266 n_pairs=219267 n_block_keys=428436 n_steps=100
[I::fdg-gpu] blocklist CSR ready: edges=428436 avg_deg=81.36 max_deg=182
[M::hk_bmap_gen] generated 5266 beads
[M::hk_bmap_gen] 214115 bin pairs
[M::blind-gpu] prepared pair buffers: n_diploid=5266 n_pairs=219247 n_block_keys=428398 n_steps=100
[I::fdg-gpu] blocklist CSR ready: edges=428398 avg_deg=81.35 max_deg=182
[M::hk_bmap_gen] generated 5266 beads
[M::hk_bmap_gen] 214084 bin pairs
[M::blind-gpu] prepared pair buffers: n_diploid=5266 n_pairs=219209 n_block_keys=428322 n_steps=100
[I::fdg-gpu] blocklist CSR ready: edges=428322 avg_deg=81.34 max_deg=182
[M::hk_bmap_gen] generated 5266 beads
[M::hk_bmap_gen] 214070 bin pairs
[M::blind-gpu] prepared pair buffers: n_diploid=5266 n_pairs=219198 n_block_keys=428300 n_steps=100
[I::fdg-gpu] blocklist CSR ready: edges=428300 avg_deg=81.33 max_deg=182
[M::hk_bmap_gen] generated 5266 beads
[M::hk_bmap_gen] 214050 bin pairs
[M::blind-gpu] prepared pair buffers: n_diploid=5266 n_pairs=219182 n_block_keys=428268 n_steps=100
[I::fdg-gpu] blocklist CSR ready: edges=428268 avg_deg=81.33 max_deg=182
[M::hk_bmap_gen] generated 5266 beads
[M::hk_bmap_gen] 214037 bin pairs
[M::blind-gpu] prepared pair buffers: n_diploid=5266 n_pairs=219163 n_block_keys=428230 n_steps=100
[I::fdg-gpu] blocklist CSR ready: edges=428230 avg_deg=81.32 max_deg=182
[M::hk_bmap_gen] generated 5266 beads
[M::hk_bmap_gen] 214002 bin pairs
[M::blind-gpu] prepared pair buffers: n_diploid=5266 n_pairs=219126 n_block_keys=428156 n_steps=100
[I::fdg-gpu] blocklist CSR ready: edges=428156 avg_deg=81.31 max_deg=182
[M::hk_bmap_gen] generated 5266 beads
[M::hk_bmap_gen] 213996 bin pairs
[M::blind-gpu] prepared pair buffers: n_diploid=5266 n_pairs=219127 n_block_keys=428158 n_steps=100
[I::fdg-gpu] blocklist CSR ready: edges=428158 avg_deg=81.31 max_deg=182
[M::hk_bmap_gen] generated 5266 beads
[M::hk_bmap_gen] 213963 bin pairs
[M::blind-gpu] prepared pair buffers: n_diploid=5266 n_pairs=219099 n_block_keys=428102 n_steps=100
[I::fdg-gpu] blocklist CSR ready: edges=428102 avg_deg=81.30 max_deg=182
[M::hk_bmap_gen] generated 5266 beads
[M::hk_bmap_gen] 213941 bin pairs
[M::blind-gpu] prepared pair buffers: n_diploid=5266 n_pairs=219079 n_block_keys=428062 n_steps=100
[I::fdg-gpu] blocklist CSR ready: edges=428062 avg_deg=81.29 max_deg=182
[M::hk_bmap_gen] generated 5266 beads
[M::hk_bmap_gen] 213915 bin pairs
[M::blind-gpu] prepared pair buffers: n_diploid=5266 n_pairs=219057 n_block_keys=428018 n_steps=100
[I::fdg-gpu] blocklist CSR ready: edges=428018 avg_deg=81.28 max_deg=182
[M::hk_bmap_gen] generated 5266 beads
[M::hk_bmap_gen] 213943 bin pairs
[M::blind-gpu] prepared pair buffers: n_diploid=5266 n_pairs=219086 n_block_keys=428076 n_steps=100
[I::fdg-gpu] blocklist CSR ready: edges=428076 avg_deg=81.29 max_deg=182
[M::hk_bmap_gen] generated 5266 beads
[M::hk_bmap_gen] 213927 bin pairs
[M::blind-gpu] prepared pair buffers: n_diploid=5266 n_pairs=219066 n_block_keys=428036 n_steps=100
[I::fdg-gpu] blocklist CSR ready: edges=428036 avg_deg=81.28 max_deg=182
[M::hk_bmap_gen] generated 5266 beads
[M::hk_bmap_gen] 213917 bin pairs
[M::blind-gpu] prepared pair buffers: n_diploid=5266 n_pairs=219056 n_block_keys=428016 n_steps=100
[I::fdg-gpu] blocklist CSR ready: edges=428016 avg_deg=81.28 max_deg=182
minimal P9016[1m]: write outputs to /mnt/ssd/zliu/phase3/test_res/012-20260617_111813-p9016_dscale_semantics_regression_1m/work_outputs/posterior_count_common_msep1p5_lsep1_ieps1_noise0p05_seed17/posterior_count_common_msep1p5_lsep1_ieps1_noise0p05_seed17
[M::hk_bmap_gen] generated 5266 beads
[M::hk_bmap_gen] 213890 bin pairs
minimal P9016[1m]: status=OK final_entropy=0.61887854 final_pU=0.44642648
minimal P9016: summary /mnt/ssd/zliu/phase3/test_res/012-20260617_111813-p9016_dscale_semantics_regression_1m/work_outputs/posterior_count_common_msep1p5_lsep1_ieps1_noise0p05_seed17/matrix_summary.tsv
