minimal P9016: input=/shared/zliu/CHARM/CHARM_mesc/data/pairs/P9016.pairs.gz output_root=/mnt/ssd/zliu/phase3/test_res/036-20260619_212753-p9016_trans_confidence_rho_1m/outputs config=p9016_pcgamma1_td0p5_transentropy_sep0 baseline=softall n_iter=100 relax_steps=100 relax_step=0.012 chain=0 init_mode=unphased_scaffold_split init_eps=0.5 init_noise=0 init_scale=10 init_seed=17 min_sep=0 lambda_sep=0 lambda_copytrack=0 lambda_global_copytrack=0 trans_chr_pair_prior_lambda=0 trans_chr_pair_prior_eps=0.001 trans_chr_pair_prior_power=1 trans_chr_pair_prior_warmup_iter=0 d_scale_mode=posterior_count d_scale_input=posterior_count d_scale_formula=n_raw*posterior_prob^1 d_scale_gamma=1 d_scale_eps=1e-06 trans_k_multiplier=1 trans_dscale_multiplier=0.5 trans_top1_mode=off trans_top1_min_pmax=1 trans_top1_min_margin=1 trans_top1_mix_weight=0 readgroup_mode=off readgroup_max_segments=8 readgroup_eps=1e-06 relax_backend=gpu
minimal P9016: stage 1/1 name=1m bin_size_bp=1000000 parent=0
[M::hk_map_read] read 1703888 pairs
[M::hk_bmap_gen] generated 2633 beads
[M::hk_bmap_gen] 489556 bin pairs
minimal P9016[1m]: build binned contacts
minimal P9016[1m]: init mode=unphased_scaffold_split seed=17 scale=10
[M::hk_fdg] mid_dist:1000000 max_nei:69
[M::hk_fdg1_cpu] iter:10 elapsed:0.32s rep_coef:0.2092 RMS_force:367.1874 n_rep:43.0820 energy:25.1082,6.6566,0.0049 dist:5.6169,6.6204,1.4501
[M::hk_fdg1_cpu] iter:20 elapsed:0.79s rep_coef:0.6615 RMS_force:336.9308 n_rep:157.7303 energy:7.7515,3.4068,0.0177 dist:3.4076,4.2658,1.4016
[M::hk_fdg1_cpu] iter:30 elapsed:1.76s rep_coef:0.9352 RMS_force:226.0828 n_rep:592.3505 energy:1.8327,1.0566,0.0354 dist:1.9896,2.3234,1.2554
[M::hk_fdg1_cpu] iter:40 elapsed:3.17s rep_coef:0.9907 RMS_force:132.8226 n_rep:808.7839 energy:0.5357,0.4158,0.0366 dist:1.4081,1.7237,1.2560
[M::hk_fdg1_cpu] iter:50 elapsed:4.65s rep_coef:0.9987 RMS_force:99.3491 n_rep:815.5837 energy:0.1678,0.2703,0.0325 dist:1.0643,1.6062,1.3142
minimal P9016[1m]: run softall, n_iter=100 relax_steps=100 relax_step=0.012 relax_backend=gpu
[M::hk_bmap_gen] generated 5266 beads
[M::hk_bmap_gen] 287142 bin pairs
[M::hk_bmap_gen] generated 5266 beads
[M::hk_bmap_gen] 287142 bin pairs
[M::blind-gpu] prepared pair buffers: n_diploid=5266 n_pairs=285296 n_block_keys=560500 n_steps=100
[I::fdg-gpu] blocklist CSR ready: edges=560500 avg_deg=106.44 max_deg=190
[M::hk_bmap_gen] generated 5266 beads
[M::hk_bmap_gen] 286093 bin pairs
[M::hk_bmap_gen] generated 5266 beads
[M::hk_bmap_gen] 286093 bin pairs
[M::blind-gpu] prepared pair buffers: n_diploid=5266 n_pairs=291196 n_block_keys=572298 n_steps=100
[I::fdg-gpu] blocklist CSR ready: edges=572298 avg_deg=108.68 max_deg=250
[M::hk_bmap_gen] generated 5266 beads
[M::hk_bmap_gen] 269479 bin pairs
[M::hk_bmap_gen] generated 5266 beads
[M::hk_bmap_gen] 269479 bin pairs
[M::blind-gpu] prepared pair buffers: n_diploid=5266 n_pairs=274529 n_block_keys=538962 n_steps=100
[I::fdg-gpu] blocklist CSR ready: edges=538962 avg_deg=102.35 max_deg=238
[M::hk_bmap_gen] generated 5266 beads
[M::hk_bmap_gen] 254553 bin pairs
[M::hk_bmap_gen] generated 5266 beads
[M::hk_bmap_gen] 254553 bin pairs
[M::blind-gpu] prepared pair buffers: n_diploid=5266 n_pairs=259594 n_block_keys=509090 n_steps=100
[I::fdg-gpu] blocklist CSR ready: edges=509090 avg_deg=96.67 max_deg=228
[M::hk_bmap_gen] generated 5266 beads
[M::hk_bmap_gen] 242547 bin pairs
[M::hk_bmap_gen] generated 5266 beads
[M::hk_bmap_gen] 242547 bin pairs
[M::blind-gpu] prepared pair buffers: n_diploid=5266 n_pairs=247605 n_block_keys=485112 n_steps=100
[I::fdg-gpu] blocklist CSR ready: edges=485112 avg_deg=92.12 max_deg=227
[M::hk_bmap_gen] generated 5266 beads
[M::hk_bmap_gen] 234151 bin pairs
[M::hk_bmap_gen] generated 5266 beads
[M::hk_bmap_gen] 234151 bin pairs
[M::blind-gpu] prepared pair buffers: n_diploid=5266 n_pairs=239211 n_block_keys=468326 n_steps=100
[I::fdg-gpu] blocklist CSR ready: edges=468326 avg_deg=88.93 max_deg=216
[M::hk_bmap_gen] generated 5266 beads
[M::hk_bmap_gen] 228743 bin pairs
[M::hk_bmap_gen] generated 5266 beads
[M::hk_bmap_gen] 228743 bin pairs
[M::blind-gpu] prepared pair buffers: n_diploid=5266 n_pairs=233808 n_block_keys=457518 n_steps=100
[I::fdg-gpu] blocklist CSR ready: edges=457518 avg_deg=86.88 max_deg=211
[M::hk_bmap_gen] generated 5266 beads
[M::hk_bmap_gen] 224634 bin pairs
[M::hk_bmap_gen] generated 5266 beads
[M::hk_bmap_gen] 224634 bin pairs
[M::blind-gpu] prepared pair buffers: n_diploid=5266 n_pairs=229716 n_block_keys=449342 n_steps=100
[I::fdg-gpu] blocklist CSR ready: edges=449342 avg_deg=85.33 max_deg=199
[M::hk_bmap_gen] generated 5266 beads
[M::hk_bmap_gen] 221591 bin pairs
[M::hk_bmap_gen] generated 5266 beads
[M::hk_bmap_gen] 221591 bin pairs
[M::blind-gpu] prepared pair buffers: n_diploid=5266 n_pairs=226677 n_block_keys=443262 n_steps=100
[I::fdg-gpu] blocklist CSR ready: edges=443262 avg_deg=84.17 max_deg=193
[M::hk_bmap_gen] generated 5266 beads
[M::hk_bmap_gen] 220173 bin pairs
[M::hk_bmap_gen] generated 5266 beads
[M::hk_bmap_gen] 220173 bin pairs
[M::blind-gpu] prepared pair buffers: n_diploid=5266 n_pairs=225266 n_block_keys=440442 n_steps=100
[I::fdg-gpu] blocklist CSR ready: edges=440442 avg_deg=83.64 max_deg=189
[M::hk_bmap_gen] generated 5266 beads
[M::hk_bmap_gen] 218933 bin pairs
[M::hk_bmap_gen] generated 5266 beads
[M::hk_bmap_gen] 218933 bin pairs
[M::blind-gpu] prepared pair buffers: n_diploid=5266 n_pairs=224041 n_block_keys=437992 n_steps=100
[I::fdg-gpu] blocklist CSR ready: edges=437992 avg_deg=83.17 max_deg=184
[M::hk_bmap_gen] generated 5266 beads
[M::hk_bmap_gen] 218043 bin pairs
[M::hk_bmap_gen] generated 5266 beads
[M::hk_bmap_gen] 218043 bin pairs
[M::blind-gpu] prepared pair buffers: n_diploid=5266 n_pairs=223144 n_block_keys=436198 n_steps=100
[I::fdg-gpu] blocklist CSR ready: edges=436198 avg_deg=82.83 max_deg=184
[M::hk_bmap_gen] generated 5266 beads
[M::hk_bmap_gen] 216847 bin pairs
[M::hk_bmap_gen] generated 5266 beads
[M::hk_bmap_gen] 216847 bin pairs
[M::blind-gpu] prepared pair buffers: n_diploid=5266 n_pairs=221943 n_block_keys=433796 n_steps=100
[I::fdg-gpu] blocklist CSR ready: edges=433796 avg_deg=82.38 max_deg=177
[M::hk_bmap_gen] generated 5266 beads
[M::hk_bmap_gen] 216026 bin pairs
[M::hk_bmap_gen] generated 5266 beads
[M::hk_bmap_gen] 216026 bin pairs
[M::blind-gpu] prepared pair buffers: n_diploid=5266 n_pairs=221121 n_block_keys=432152 n_steps=100
[I::fdg-gpu] blocklist CSR ready: edges=432152 avg_deg=82.06 max_deg=175
[M::hk_bmap_gen] generated 5266 beads
[M::hk_bmap_gen] 215550 bin pairs
[M::hk_bmap_gen] generated 5266 beads
[M::hk_bmap_gen] 215550 bin pairs
[M::blind-gpu] prepared pair buffers: n_diploid=5266 n_pairs=220643 n_block_keys=431198 n_steps=100
[I::fdg-gpu] blocklist CSR ready: edges=431198 avg_deg=81.88 max_deg=180
[M::hk_bmap_gen] generated 5266 beads
[M::hk_bmap_gen] 215523 bin pairs
[M::hk_bmap_gen] generated 5266 beads
[M::hk_bmap_gen] 215523 bin pairs
[M::blind-gpu] prepared pair buffers: n_diploid=5266 n_pairs=220616 n_block_keys=431144 n_steps=100
[I::fdg-gpu] blocklist CSR ready: edges=431144 avg_deg=81.87 max_deg=179
[M::hk_bmap_gen] generated 5266 beads
[M::hk_bmap_gen] 215650 bin pairs
[M::hk_bmap_gen] generated 5266 beads
[M::hk_bmap_gen] 215650 bin pairs
[M::blind-gpu] prepared pair buffers: n_diploid=5266 n_pairs=220727 n_block_keys=431372 n_steps=100
[I::fdg-gpu] blocklist CSR ready: edges=431372 avg_deg=81.92 max_deg=176
[M::hk_bmap_gen] generated 5266 beads
[M::hk_bmap_gen] 215803 bin pairs
[M::hk_bmap_gen] generated 5266 beads
[M::hk_bmap_gen] 215803 bin pairs
[M::blind-gpu] prepared pair buffers: n_diploid=5266 n_pairs=220899 n_block_keys=431720 n_steps=100
[I::fdg-gpu] blocklist CSR ready: edges=431720 avg_deg=81.98 max_deg=179
[M::hk_bmap_gen] generated 5266 beads
[M::hk_bmap_gen] 215782 bin pairs
[M::hk_bmap_gen] generated 5266 beads
[M::hk_bmap_gen] 215782 bin pairs
[M::blind-gpu] prepared pair buffers: n_diploid=5266 n_pairs=220870 n_block_keys=431668 n_steps=100
[I::fdg-gpu] blocklist CSR ready: edges=431668 avg_deg=81.97 max_deg=178
[M::hk_bmap_gen] generated 5266 beads
[M::hk_bmap_gen] 215715 bin pairs
[M::hk_bmap_gen] generated 5266 beads
[M::hk_bmap_gen] 215715 bin pairs
[M::blind-gpu] prepared pair buffers: n_diploid=5266 n_pairs=220802 n_block_keys=431528 n_steps=100
[I::fdg-gpu] blocklist CSR ready: edges=431528 avg_deg=81.95 max_deg=180
[M::hk_bmap_gen] generated 5266 beads
[M::hk_bmap_gen] 215547 bin pairs
[M::hk_bmap_gen] generated 5266 beads
[M::hk_bmap_gen] 215547 bin pairs
[M::blind-gpu] prepared pair buffers: n_diploid=5266 n_pairs=220654 n_block_keys=431228 n_steps=100
[I::fdg-gpu] blocklist CSR ready: edges=431228 avg_deg=81.89 max_deg=180
[M::hk_bmap_gen] generated 5266 beads
[M::hk_bmap_gen] 215469 bin pairs
[M::hk_bmap_gen] generated 5266 beads
[M::hk_bmap_gen] 215469 bin pairs
[M::blind-gpu] prepared pair buffers: n_diploid=5266 n_pairs=220565 n_block_keys=431050 n_steps=100
[I::fdg-gpu] blocklist CSR ready: edges=431050 avg_deg=81.86 max_deg=179
[M::hk_bmap_gen] generated 5266 beads
[M::hk_bmap_gen] 215298 bin pairs
[M::hk_bmap_gen] generated 5266 beads
[M::hk_bmap_gen] 215298 bin pairs
[M::blind-gpu] prepared pair buffers: n_diploid=5266 n_pairs=220385 n_block_keys=430696 n_steps=100
[I::fdg-gpu] blocklist CSR ready: edges=430696 avg_deg=81.79 max_deg=179
[M::hk_bmap_gen] generated 5266 beads
[M::hk_bmap_gen] 215100 bin pairs
[M::hk_bmap_gen] generated 5266 beads
[M::hk_bmap_gen] 215100 bin pairs
[M::blind-gpu] prepared pair buffers: n_diploid=5266 n_pairs=220186 n_block_keys=430304 n_steps=100
[I::fdg-gpu] blocklist CSR ready: edges=430304 avg_deg=81.71 max_deg=179
[M::hk_bmap_gen] generated 5266 beads
[M::hk_bmap_gen] 215076 bin pairs
[M::hk_bmap_gen] generated 5266 beads
[M::hk_bmap_gen] 215076 bin pairs
[M::blind-gpu] prepared pair buffers: n_diploid=5266 n_pairs=220183 n_block_keys=430298 n_steps=100
[I::fdg-gpu] blocklist CSR ready: edges=430298 avg_deg=81.71 max_deg=179
[M::hk_bmap_gen] generated 5266 beads
[M::hk_bmap_gen] 215017 bin pairs
[M::hk_bmap_gen] generated 5266 beads
[M::hk_bmap_gen] 215017 bin pairs
[M::blind-gpu] prepared pair buffers: n_diploid=5266 n_pairs=220113 n_block_keys=430156 n_steps=100
[I::fdg-gpu] blocklist CSR ready: edges=430156 avg_deg=81.69 max_deg=177
[M::hk_bmap_gen] generated 5266 beads
[M::hk_bmap_gen] 214887 bin pairs
[M::hk_bmap_gen] generated 5266 beads
[M::hk_bmap_gen] 214887 bin pairs
[M::blind-gpu] prepared pair buffers: n_diploid=5266 n_pairs=219984 n_block_keys=429898 n_steps=100
[I::fdg-gpu] blocklist CSR ready: edges=429898 avg_deg=81.64 max_deg=179
[M::hk_bmap_gen] generated 5266 beads
[M::hk_bmap_gen] 214710 bin pairs
[M::hk_bmap_gen] generated 5266 beads
[M::hk_bmap_gen] 214710 bin pairs
[M::blind-gpu] prepared pair buffers: n_diploid=5266 n_pairs=219794 n_block_keys=429524 n_steps=100
[I::fdg-gpu] blocklist CSR ready: edges=429524 avg_deg=81.57 max_deg=179
[M::hk_bmap_gen] generated 5266 beads
[M::hk_bmap_gen] 214610 bin pairs
[M::hk_bmap_gen] generated 5266 beads
[M::hk_bmap_gen] 214610 bin pairs
[M::blind-gpu] prepared pair buffers: n_diploid=5266 n_pairs=219692 n_block_keys=429318 n_steps=100
[I::fdg-gpu] blocklist CSR ready: edges=429318 avg_deg=81.53 max_deg=179
[M::hk_bmap_gen] generated 5266 beads
[M::hk_bmap_gen] 214454 bin pairs
[M::hk_bmap_gen] generated 5266 beads
[M::hk_bmap_gen] 214454 bin pairs
[M::blind-gpu] prepared pair buffers: n_diploid=5266 n_pairs=219533 n_block_keys=428996 n_steps=100
[I::fdg-gpu] blocklist CSR ready: edges=428996 avg_deg=81.47 max_deg=178
[M::hk_bmap_gen] generated 5266 beads
[M::hk_bmap_gen] 214426 bin pairs
[M::hk_bmap_gen] generated 5266 beads
[M::hk_bmap_gen] 214426 bin pairs
[M::blind-gpu] prepared pair buffers: n_diploid=5266 n_pairs=219516 n_block_keys=428960 n_steps=100
[I::fdg-gpu] blocklist CSR ready: edges=428960 avg_deg=81.46 max_deg=177
[M::hk_bmap_gen] generated 5266 beads
[M::hk_bmap_gen] 214275 bin pairs
[M::hk_bmap_gen] generated 5266 beads
[M::hk_bmap_gen] 214275 bin pairs
[M::blind-gpu] prepared pair buffers: n_diploid=5266 n_pairs=219367 n_block_keys=428660 n_steps=100
[I::fdg-gpu] blocklist CSR ready: edges=428660 avg_deg=81.40 max_deg=177
[M::hk_bmap_gen] generated 5266 beads
[M::hk_bmap_gen] 214169 bin pairs
[M::hk_bmap_gen] generated 5266 beads
[M::hk_bmap_gen] 214169 bin pairs
[M::blind-gpu] prepared pair buffers: n_diploid=5266 n_pairs=219259 n_block_keys=428444 n_steps=100
[I::fdg-gpu] blocklist CSR ready: edges=428444 avg_deg=81.36 max_deg=177
[M::hk_bmap_gen] generated 5266 beads
[M::hk_bmap_gen] 213990 bin pairs
[M::hk_bmap_gen] generated 5266 beads
[M::hk_bmap_gen] 213990 bin pairs
[M::blind-gpu] prepared pair buffers: n_diploid=5266 n_pairs=219074 n_block_keys=428076 n_steps=100
[I::fdg-gpu] blocklist CSR ready: edges=428076 avg_deg=81.29 max_deg=177
[M::hk_bmap_gen] generated 5266 beads
[M::hk_bmap_gen] 213854 bin pairs
[M::hk_bmap_gen] generated 5266 beads
[M::hk_bmap_gen] 213854 bin pairs
[M::blind-gpu] prepared pair buffers: n_diploid=5266 n_pairs=218938 n_block_keys=427802 n_steps=100
[I::fdg-gpu] blocklist CSR ready: edges=427802 avg_deg=81.24 max_deg=177
[M::hk_bmap_gen] generated 5266 beads
[M::hk_bmap_gen] 213658 bin pairs
[M::hk_bmap_gen] generated 5266 beads
[M::hk_bmap_gen] 213658 bin pairs
[M::blind-gpu] prepared pair buffers: n_diploid=5266 n_pairs=218738 n_block_keys=427398 n_steps=100
[I::fdg-gpu] blocklist CSR ready: edges=427398 avg_deg=81.16 max_deg=178
[M::hk_bmap_gen] generated 5266 beads
[M::hk_bmap_gen] 213479 bin pairs
[M::hk_bmap_gen] generated 5266 beads
[M::hk_bmap_gen] 213479 bin pairs
[M::blind-gpu] prepared pair buffers: n_diploid=5266 n_pairs=218569 n_block_keys=427054 n_steps=100
[I::fdg-gpu] blocklist CSR ready: edges=427054 avg_deg=81.10 max_deg=177
[M::hk_bmap_gen] generated 5266 beads
[M::hk_bmap_gen] 213474 bin pairs
[M::hk_bmap_gen] generated 5266 beads
[M::hk_bmap_gen] 213474 bin pairs
[M::blind-gpu] prepared pair buffers: n_diploid=5266 n_pairs=218569 n_block_keys=427050 n_steps=100
[I::fdg-gpu] blocklist CSR ready: edges=427050 avg_deg=81.10 max_deg=177
[M::hk_bmap_gen] generated 5266 beads
[M::hk_bmap_gen] 213391 bin pairs
[M::hk_bmap_gen] generated 5266 beads
[M::hk_bmap_gen] 213391 bin pairs
[M::blind-gpu] prepared pair buffers: n_diploid=5266 n_pairs=218484 n_block_keys=426882 n_steps=100
[I::fdg-gpu] blocklist CSR ready: edges=426882 avg_deg=81.06 max_deg=177
[M::hk_bmap_gen] generated 5266 beads
[M::hk_bmap_gen] 213137 bin pairs
[M::hk_bmap_gen] generated 5266 beads
[M::hk_bmap_gen] 213137 bin pairs
[M::blind-gpu] prepared pair buffers: n_diploid=5266 n_pairs=218224 n_block_keys=426364 n_steps=100
[I::fdg-gpu] blocklist CSR ready: edges=426364 avg_deg=80.97 max_deg=177
[M::hk_bmap_gen] generated 5266 beads
[M::hk_bmap_gen] 213053 bin pairs
[M::hk_bmap_gen] generated 5266 beads
[M::hk_bmap_gen] 213053 bin pairs
[M::blind-gpu] prepared pair buffers: n_diploid=5266 n_pairs=218138 n_block_keys=426194 n_steps=100
[I::fdg-gpu] blocklist CSR ready: edges=426194 avg_deg=80.93 max_deg=177
[M::hk_bmap_gen] generated 5266 beads
[M::hk_bmap_gen] 212990 bin pairs
[M::hk_bmap_gen] generated 5266 beads
[M::hk_bmap_gen] 212990 bin pairs
[M::blind-gpu] prepared pair buffers: n_diploid=5266 n_pairs=218062 n_block_keys=426042 n_steps=100
[I::fdg-gpu] blocklist CSR ready: edges=426042 avg_deg=80.90 max_deg=177
[M::hk_bmap_gen] generated 5266 beads
[M::hk_bmap_gen] 212940 bin pairs
[M::hk_bmap_gen] generated 5266 beads
[M::hk_bmap_gen] 212940 bin pairs
[M::blind-gpu] prepared pair buffers: n_diploid=5266 n_pairs=218019 n_block_keys=425952 n_steps=100
[I::fdg-gpu] blocklist CSR ready: edges=425952 avg_deg=80.89 max_deg=178
[M::hk_bmap_gen] generated 5266 beads
[M::hk_bmap_gen] 212900 bin pairs
[M::hk_bmap_gen] generated 5266 beads
[M::hk_bmap_gen] 212900 bin pairs
[M::blind-gpu] prepared pair buffers: n_diploid=5266 n_pairs=217977 n_block_keys=425868 n_steps=100
[I::fdg-gpu] blocklist CSR ready: edges=425868 avg_deg=80.87 max_deg=179
[M::hk_bmap_gen] generated 5266 beads
[M::hk_bmap_gen] 212867 bin pairs
[M::hk_bmap_gen] generated 5266 beads
[M::hk_bmap_gen] 212867 bin pairs
[M::blind-gpu] prepared pair buffers: n_diploid=5266 n_pairs=217944 n_block_keys=425804 n_steps=100
[I::fdg-gpu] blocklist CSR ready: edges=425804 avg_deg=80.86 max_deg=179
[M::hk_bmap_gen] generated 5266 beads
[M::hk_bmap_gen] 212847 bin pairs
[M::hk_bmap_gen] generated 5266 beads
[M::hk_bmap_gen] 212847 bin pairs
[M::blind-gpu] prepared pair buffers: n_diploid=5266 n_pairs=217931 n_block_keys=425778 n_steps=100
[I::fdg-gpu] blocklist CSR ready: edges=425778 avg_deg=80.85 max_deg=179
[M::hk_bmap_gen] generated 5266 beads
[M::hk_bmap_gen] 212855 bin pairs
[M::hk_bmap_gen] generated 5266 beads
[M::hk_bmap_gen] 212855 bin pairs
[M::blind-gpu] prepared pair buffers: n_diploid=5266 n_pairs=217942 n_block_keys=425802 n_steps=100
[I::fdg-gpu] blocklist CSR ready: edges=425802 avg_deg=80.86 max_deg=179
[M::hk_bmap_gen] generated 5266 beads
[M::hk_bmap_gen] 212795 bin pairs
[M::hk_bmap_gen] generated 5266 beads
[M::hk_bmap_gen] 212795 bin pairs
[M::blind-gpu] prepared pair buffers: n_diploid=5266 n_pairs=217886 n_block_keys=425692 n_steps=100
[I::fdg-gpu] blocklist CSR ready: edges=425692 avg_deg=80.84 max_deg=179
[M::hk_bmap_gen] generated 5266 beads
[M::hk_bmap_gen] 212775 bin pairs
[M::hk_bmap_gen] generated 5266 beads
[M::hk_bmap_gen] 212775 bin pairs
[M::blind-gpu] prepared pair buffers: n_diploid=5266 n_pairs=217870 n_block_keys=425660 n_steps=100
[I::fdg-gpu] blocklist CSR ready: edges=425660 avg_deg=80.83 max_deg=180
[M::hk_bmap_gen] generated 5266 beads
[M::hk_bmap_gen] 212743 bin pairs
[M::hk_bmap_gen] generated 5266 beads
[M::hk_bmap_gen] 212743 bin pairs
[M::blind-gpu] prepared pair buffers: n_diploid=5266 n_pairs=217842 n_block_keys=425608 n_steps=100
[I::fdg-gpu] blocklist CSR ready: edges=425608 avg_deg=80.82 max_deg=180
[M::hk_bmap_gen] generated 5266 beads
[M::hk_bmap_gen] 212754 bin pairs
[M::hk_bmap_gen] generated 5266 beads
[M::hk_bmap_gen] 212754 bin pairs
[M::blind-gpu] prepared pair buffers: n_diploid=5266 n_pairs=217862 n_block_keys=425648 n_steps=100
[I::fdg-gpu] blocklist CSR ready: edges=425648 avg_deg=80.83 max_deg=180
[M::hk_bmap_gen] generated 5266 beads
[M::hk_bmap_gen] 212765 bin pairs
[M::hk_bmap_gen] generated 5266 beads
[M::hk_bmap_gen] 212765 bin pairs
[M::blind-gpu] prepared pair buffers: n_diploid=5266 n_pairs=217866 n_block_keys=425660 n_steps=100
[I::fdg-gpu] blocklist CSR ready: edges=425660 avg_deg=80.83 max_deg=180
[M::hk_bmap_gen] generated 5266 beads
[M::hk_bmap_gen] 212755 bin pairs
[M::hk_bmap_gen] generated 5266 beads
[M::hk_bmap_gen] 212755 bin pairs
[M::blind-gpu] prepared pair buffers: n_diploid=5266 n_pairs=217856 n_block_keys=425640 n_steps=100
[I::fdg-gpu] blocklist CSR ready: edges=425640 avg_deg=80.83 max_deg=180
[M::hk_bmap_gen] generated 5266 beads
[M::hk_bmap_gen] 212754 bin pairs
[M::hk_bmap_gen] generated 5266 beads
[M::hk_bmap_gen] 212754 bin pairs
[M::blind-gpu] prepared pair buffers: n_diploid=5266 n_pairs=217855 n_block_keys=425638 n_steps=100
[I::fdg-gpu] blocklist CSR ready: edges=425638 avg_deg=80.83 max_deg=180
[M::hk_bmap_gen] generated 5266 beads
[M::hk_bmap_gen] 212684 bin pairs
[M::hk_bmap_gen] generated 5266 beads
[M::hk_bmap_gen] 212684 bin pairs
[M::blind-gpu] prepared pair buffers: n_diploid=5266 n_pairs=217774 n_block_keys=425478 n_steps=100
[I::fdg-gpu] blocklist CSR ready: edges=425478 avg_deg=80.80 max_deg=180
[M::hk_bmap_gen] generated 5266 beads
[M::hk_bmap_gen] 212709 bin pairs
[M::hk_bmap_gen] generated 5266 beads
[M::hk_bmap_gen] 212709 bin pairs
[M::blind-gpu] prepared pair buffers: n_diploid=5266 n_pairs=217795 n_block_keys=425518 n_steps=100
[I::fdg-gpu] blocklist CSR ready: edges=425518 avg_deg=80.80 max_deg=180
[M::hk_bmap_gen] generated 5266 beads
[M::hk_bmap_gen] 212705 bin pairs
[M::hk_bmap_gen] generated 5266 beads
[M::hk_bmap_gen] 212705 bin pairs
[M::blind-gpu] prepared pair buffers: n_diploid=5266 n_pairs=217789 n_block_keys=425504 n_steps=100
[I::fdg-gpu] blocklist CSR ready: edges=425504 avg_deg=80.80 max_deg=180
[M::hk_bmap_gen] generated 5266 beads
[M::hk_bmap_gen] 212669 bin pairs
[M::hk_bmap_gen] generated 5266 beads
[M::hk_bmap_gen] 212669 bin pairs
[M::blind-gpu] prepared pair buffers: n_diploid=5266 n_pairs=217763 n_block_keys=425452 n_steps=100
[I::fdg-gpu] blocklist CSR ready: edges=425452 avg_deg=80.79 max_deg=179
[M::hk_bmap_gen] generated 5266 beads
[M::hk_bmap_gen] 212633 bin pairs
[M::hk_bmap_gen] generated 5266 beads
[M::hk_bmap_gen] 212633 bin pairs
[M::blind-gpu] prepared pair buffers: n_diploid=5266 n_pairs=217722 n_block_keys=425370 n_steps=100
[I::fdg-gpu] blocklist CSR ready: edges=425370 avg_deg=80.78 max_deg=179
[M::hk_bmap_gen] generated 5266 beads
[M::hk_bmap_gen] 212667 bin pairs
[M::hk_bmap_gen] generated 5266 beads
[M::hk_bmap_gen] 212667 bin pairs
[M::blind-gpu] prepared pair buffers: n_diploid=5266 n_pairs=217757 n_block_keys=425440 n_steps=100
[I::fdg-gpu] blocklist CSR ready: edges=425440 avg_deg=80.79 max_deg=179
[M::hk_bmap_gen] generated 5266 beads
[M::hk_bmap_gen] 212610 bin pairs
[M::hk_bmap_gen] generated 5266 beads
[M::hk_bmap_gen] 212610 bin pairs
[M::blind-gpu] prepared pair buffers: n_diploid=5266 n_pairs=217702 n_block_keys=425328 n_steps=100
[I::fdg-gpu] blocklist CSR ready: edges=425328 avg_deg=80.77 max_deg=179
[M::hk_bmap_gen] generated 5266 beads
[M::hk_bmap_gen] 212591 bin pairs
[M::hk_bmap_gen] generated 5266 beads
[M::hk_bmap_gen] 212591 bin pairs
[M::blind-gpu] prepared pair buffers: n_diploid=5266 n_pairs=217682 n_block_keys=425288 n_steps=100
[I::fdg-gpu] blocklist CSR ready: edges=425288 avg_deg=80.76 max_deg=179
[M::hk_bmap_gen] generated 5266 beads
[M::hk_bmap_gen] 212568 bin pairs
[M::hk_bmap_gen] generated 5266 beads
[M::hk_bmap_gen] 212568 bin pairs
[M::blind-gpu] prepared pair buffers: n_diploid=5266 n_pairs=217660 n_block_keys=425244 n_steps=100
[I::fdg-gpu] blocklist CSR ready: edges=425244 avg_deg=80.75 max_deg=180
[M::hk_bmap_gen] generated 5266 beads
[M::hk_bmap_gen] 212496 bin pairs
[M::hk_bmap_gen] generated 5266 beads
[M::hk_bmap_gen] 212496 bin pairs
[M::blind-gpu] prepared pair buffers: n_diploid=5266 n_pairs=217592 n_block_keys=425108 n_steps=100
[I::fdg-gpu] blocklist CSR ready: edges=425108 avg_deg=80.73 max_deg=179
[M::hk_bmap_gen] generated 5266 beads
[M::hk_bmap_gen] 212467 bin pairs
[M::hk_bmap_gen] generated 5266 beads
[M::hk_bmap_gen] 212467 bin pairs
[M::blind-gpu] prepared pair buffers: n_diploid=5266 n_pairs=217567 n_block_keys=425058 n_steps=100
[I::fdg-gpu] blocklist CSR ready: edges=425058 avg_deg=80.72 max_deg=179
[M::hk_bmap_gen] generated 5266 beads
[M::hk_bmap_gen] 212400 bin pairs
[M::hk_bmap_gen] generated 5266 beads
[M::hk_bmap_gen] 212400 bin pairs
[M::blind-gpu] prepared pair buffers: n_diploid=5266 n_pairs=217500 n_block_keys=424924 n_steps=100
[I::fdg-gpu] blocklist CSR ready: edges=424924 avg_deg=80.69 max_deg=179
[M::hk_bmap_gen] generated 5266 beads
[M::hk_bmap_gen] 212283 bin pairs
[M::hk_bmap_gen] generated 5266 beads
[M::hk_bmap_gen] 212283 bin pairs
[M::blind-gpu] prepared pair buffers: n_diploid=5266 n_pairs=217377 n_block_keys=424680 n_steps=100
[I::fdg-gpu] blocklist CSR ready: edges=424680 avg_deg=80.65 max_deg=179
[M::hk_bmap_gen] generated 5266 beads
[M::hk_bmap_gen] 212292 bin pairs
[M::hk_bmap_gen] generated 5266 beads
[M::hk_bmap_gen] 212292 bin pairs
[M::blind-gpu] prepared pair buffers: n_diploid=5266 n_pairs=217381 n_block_keys=424686 n_steps=100
[I::fdg-gpu] blocklist CSR ready: edges=424686 avg_deg=80.65 max_deg=179
[M::hk_bmap_gen] generated 5266 beads
[M::hk_bmap_gen] 212274 bin pairs
[M::hk_bmap_gen] generated 5266 beads
[M::hk_bmap_gen] 212274 bin pairs
[M::blind-gpu] prepared pair buffers: n_diploid=5266 n_pairs=217365 n_block_keys=424654 n_steps=100
[I::fdg-gpu] blocklist CSR ready: edges=424654 avg_deg=80.64 max_deg=178
[M::hk_bmap_gen] generated 5266 beads
[M::hk_bmap_gen] 212262 bin pairs
[M::hk_bmap_gen] generated 5266 beads
[M::hk_bmap_gen] 212262 bin pairs
[M::blind-gpu] prepared pair buffers: n_diploid=5266 n_pairs=217360 n_block_keys=424644 n_steps=100
[I::fdg-gpu] blocklist CSR ready: edges=424644 avg_deg=80.64 max_deg=178
[M::hk_bmap_gen] generated 5266 beads
[M::hk_bmap_gen] 212205 bin pairs
[M::hk_bmap_gen] generated 5266 beads
[M::hk_bmap_gen] 212205 bin pairs
[M::blind-gpu] prepared pair buffers: n_diploid=5266 n_pairs=217304 n_block_keys=424532 n_steps=100
[I::fdg-gpu] blocklist CSR ready: edges=424532 avg_deg=80.62 max_deg=178
[M::hk_bmap_gen] generated 5266 beads
[M::hk_bmap_gen] 212158 bin pairs
[M::hk_bmap_gen] generated 5266 beads
[M::hk_bmap_gen] 212158 bin pairs
[M::blind-gpu] prepared pair buffers: n_diploid=5266 n_pairs=217250 n_block_keys=424424 n_steps=100
[I::fdg-gpu] blocklist CSR ready: edges=424424 avg_deg=80.60 max_deg=179
[M::hk_bmap_gen] generated 5266 beads
[M::hk_bmap_gen] 212110 bin pairs
[M::hk_bmap_gen] generated 5266 beads
[M::hk_bmap_gen] 212110 bin pairs
[M::blind-gpu] prepared pair buffers: n_diploid=5266 n_pairs=217194 n_block_keys=424312 n_steps=100
[I::fdg-gpu] blocklist CSR ready: edges=424312 avg_deg=80.58 max_deg=178
[M::hk_bmap_gen] generated 5266 beads
[M::hk_bmap_gen] 212078 bin pairs
[M::hk_bmap_gen] generated 5266 beads
[M::hk_bmap_gen] 212078 bin pairs
[M::blind-gpu] prepared pair buffers: n_diploid=5266 n_pairs=217172 n_block_keys=424268 n_steps=100
[I::fdg-gpu] blocklist CSR ready: edges=424268 avg_deg=80.57 max_deg=178
[M::hk_bmap_gen] generated 5266 beads
[M::hk_bmap_gen] 212097 bin pairs
[M::hk_bmap_gen] generated 5266 beads
[M::hk_bmap_gen] 212097 bin pairs
[M::blind-gpu] prepared pair buffers: n_diploid=5266 n_pairs=217190 n_block_keys=424304 n_steps=100
[I::fdg-gpu] blocklist CSR ready: edges=424304 avg_deg=80.57 max_deg=178
[M::hk_bmap_gen] generated 5266 beads
[M::hk_bmap_gen] 212081 bin pairs
[M::hk_bmap_gen] generated 5266 beads
[M::hk_bmap_gen] 212081 bin pairs
[M::blind-gpu] prepared pair buffers: n_diploid=5266 n_pairs=217171 n_block_keys=424266 n_steps=100
[I::fdg-gpu] blocklist CSR ready: edges=424266 avg_deg=80.57 max_deg=178
[M::hk_bmap_gen] generated 5266 beads
[M::hk_bmap_gen] 212031 bin pairs
[M::hk_bmap_gen] generated 5266 beads
[M::hk_bmap_gen] 212031 bin pairs
[M::blind-gpu] prepared pair buffers: n_diploid=5266 n_pairs=217126 n_block_keys=424174 n_steps=100
[I::fdg-gpu] blocklist CSR ready: edges=424174 avg_deg=80.55 max_deg=177
[M::hk_bmap_gen] generated 5266 beads
[M::hk_bmap_gen] 211968 bin pairs
[M::hk_bmap_gen] generated 5266 beads
[M::hk_bmap_gen] 211968 bin pairs
[M::blind-gpu] prepared pair buffers: n_diploid=5266 n_pairs=217069 n_block_keys=424058 n_steps=100
[I::fdg-gpu] blocklist CSR ready: edges=424058 avg_deg=80.53 max_deg=178
[M::hk_bmap_gen] generated 5266 beads
[M::hk_bmap_gen] 211889 bin pairs
[M::hk_bmap_gen] generated 5266 beads
[M::hk_bmap_gen] 211889 bin pairs
[M::blind-gpu] prepared pair buffers: n_diploid=5266 n_pairs=216991 n_block_keys=423900 n_steps=100
[I::fdg-gpu] blocklist CSR ready: edges=423900 avg_deg=80.50 max_deg=178
[M::hk_bmap_gen] generated 5266 beads
[M::hk_bmap_gen] 211878 bin pairs
[M::hk_bmap_gen] generated 5266 beads
[M::hk_bmap_gen] 211878 bin pairs
[M::blind-gpu] prepared pair buffers: n_diploid=5266 n_pairs=216975 n_block_keys=423866 n_steps=100
[I::fdg-gpu] blocklist CSR ready: edges=423866 avg_deg=80.49 max_deg=178
[M::hk_bmap_gen] generated 5266 beads
[M::hk_bmap_gen] 211824 bin pairs
[M::hk_bmap_gen] generated 5266 beads
[M::hk_bmap_gen] 211824 bin pairs
[M::blind-gpu] prepared pair buffers: n_diploid=5266 n_pairs=216923 n_block_keys=423764 n_steps=100
[I::fdg-gpu] blocklist CSR ready: edges=423764 avg_deg=80.47 max_deg=178
[M::hk_bmap_gen] generated 5266 beads
[M::hk_bmap_gen] 211870 bin pairs
[M::hk_bmap_gen] generated 5266 beads
[M::hk_bmap_gen] 211870 bin pairs
[M::blind-gpu] prepared pair buffers: n_diploid=5266 n_pairs=216974 n_block_keys=423868 n_steps=100
[I::fdg-gpu] blocklist CSR ready: edges=423868 avg_deg=80.49 max_deg=177
[M::hk_bmap_gen] generated 5266 beads
[M::hk_bmap_gen] 211813 bin pairs
[M::hk_bmap_gen] generated 5266 beads
[M::hk_bmap_gen] 211813 bin pairs
[M::blind-gpu] prepared pair buffers: n_diploid=5266 n_pairs=216915 n_block_keys=423750 n_steps=100
[I::fdg-gpu] blocklist CSR ready: edges=423750 avg_deg=80.47 max_deg=175
[M::hk_bmap_gen] generated 5266 beads
[M::hk_bmap_gen] 211770 bin pairs
[M::hk_bmap_gen] generated 5266 beads
[M::hk_bmap_gen] 211770 bin pairs
[M::blind-gpu] prepared pair buffers: n_diploid=5266 n_pairs=216867 n_block_keys=423660 n_steps=100
[I::fdg-gpu] blocklist CSR ready: edges=423660 avg_deg=80.45 max_deg=175
[M::hk_bmap_gen] generated 5266 beads
[M::hk_bmap_gen] 211782 bin pairs
[M::hk_bmap_gen] generated 5266 beads
[M::hk_bmap_gen] 211782 bin pairs
[M::blind-gpu] prepared pair buffers: n_diploid=5266 n_pairs=216878 n_block_keys=423684 n_steps=100
[I::fdg-gpu] blocklist CSR ready: edges=423684 avg_deg=80.46 max_deg=175
[M::hk_bmap_gen] generated 5266 beads
[M::hk_bmap_gen] 211761 bin pairs
[M::hk_bmap_gen] generated 5266 beads
[M::hk_bmap_gen] 211761 bin pairs
[M::blind-gpu] prepared pair buffers: n_diploid=5266 n_pairs=216856 n_block_keys=423638 n_steps=100
[I::fdg-gpu] blocklist CSR ready: edges=423638 avg_deg=80.45 max_deg=174
[M::hk_bmap_gen] generated 5266 beads
[M::hk_bmap_gen] 211796 bin pairs
[M::hk_bmap_gen] generated 5266 beads
[M::hk_bmap_gen] 211796 bin pairs
[M::blind-gpu] prepared pair buffers: n_diploid=5266 n_pairs=216885 n_block_keys=423696 n_steps=100
[I::fdg-gpu] blocklist CSR ready: edges=423696 avg_deg=80.46 max_deg=176
[M::hk_bmap_gen] generated 5266 beads
[M::hk_bmap_gen] 211777 bin pairs
[M::hk_bmap_gen] generated 5266 beads
[M::hk_bmap_gen] 211777 bin pairs
[M::blind-gpu] prepared pair buffers: n_diploid=5266 n_pairs=216868 n_block_keys=423660 n_steps=100
[I::fdg-gpu] blocklist CSR ready: edges=423660 avg_deg=80.45 max_deg=174
[M::hk_bmap_gen] generated 5266 beads
[M::hk_bmap_gen] 211741 bin pairs
[M::hk_bmap_gen] generated 5266 beads
[M::hk_bmap_gen] 211741 bin pairs
[M::blind-gpu] prepared pair buffers: n_diploid=5266 n_pairs=216831 n_block_keys=423584 n_steps=100
[I::fdg-gpu] blocklist CSR ready: edges=423584 avg_deg=80.44 max_deg=175
[M::hk_bmap_gen] generated 5266 beads
[M::hk_bmap_gen] 211751 bin pairs
[M::hk_bmap_gen] generated 5266 beads
[M::hk_bmap_gen] 211751 bin pairs
[M::blind-gpu] prepared pair buffers: n_diploid=5266 n_pairs=216853 n_block_keys=423638 n_steps=100
[I::fdg-gpu] blocklist CSR ready: edges=423638 avg_deg=80.45 max_deg=176
[M::hk_bmap_gen] generated 5266 beads
[M::hk_bmap_gen] 211767 bin pairs
[M::hk_bmap_gen] generated 5266 beads
[M::hk_bmap_gen] 211767 bin pairs
[M::blind-gpu] prepared pair buffers: n_diploid=5266 n_pairs=216864 n_block_keys=423658 n_steps=100
[I::fdg-gpu] blocklist CSR ready: edges=423658 avg_deg=80.45 max_deg=176
[M::hk_bmap_gen] generated 5266 beads
[M::hk_bmap_gen] 211732 bin pairs
[M::hk_bmap_gen] generated 5266 beads
[M::hk_bmap_gen] 211732 bin pairs
[M::blind-gpu] prepared pair buffers: n_diploid=5266 n_pairs=216829 n_block_keys=423584 n_steps=100
[I::fdg-gpu] blocklist CSR ready: edges=423584 avg_deg=80.44 max_deg=178
[M::hk_bmap_gen] generated 5266 beads
[M::hk_bmap_gen] 211703 bin pairs
[M::hk_bmap_gen] generated 5266 beads
[M::hk_bmap_gen] 211703 bin pairs
[M::blind-gpu] prepared pair buffers: n_diploid=5266 n_pairs=216792 n_block_keys=423512 n_steps=100
[I::fdg-gpu] blocklist CSR ready: edges=423512 avg_deg=80.42 max_deg=178
[M::hk_bmap_gen] generated 5266 beads
[M::hk_bmap_gen] 211744 bin pairs
[M::hk_bmap_gen] generated 5266 beads
[M::hk_bmap_gen] 211744 bin pairs
[M::blind-gpu] prepared pair buffers: n_diploid=5266 n_pairs=216841 n_block_keys=423606 n_steps=100
[I::fdg-gpu] blocklist CSR ready: edges=423606 avg_deg=80.44 max_deg=178
[M::hk_bmap_gen] generated 5266 beads
[M::hk_bmap_gen] 211727 bin pairs
[M::hk_bmap_gen] generated 5266 beads
[M::hk_bmap_gen] 211727 bin pairs
[M::blind-gpu] prepared pair buffers: n_diploid=5266 n_pairs=216819 n_block_keys=423562 n_steps=100
[I::fdg-gpu] blocklist CSR ready: edges=423562 avg_deg=80.43 max_deg=178
[M::hk_bmap_gen] generated 5266 beads
[M::hk_bmap_gen] 211769 bin pairs
[M::hk_bmap_gen] generated 5266 beads
[M::hk_bmap_gen] 211769 bin pairs
[M::blind-gpu] prepared pair buffers: n_diploid=5266 n_pairs=216869 n_block_keys=423660 n_steps=100
[I::fdg-gpu] blocklist CSR ready: edges=423660 avg_deg=80.45 max_deg=178
[M::hk_bmap_gen] generated 5266 beads
[M::hk_bmap_gen] 211789 bin pairs
[M::hk_bmap_gen] generated 5266 beads
[M::hk_bmap_gen] 211789 bin pairs
[M::blind-gpu] prepared pair buffers: n_diploid=5266 n_pairs=216891 n_block_keys=423704 n_steps=100
[I::fdg-gpu] blocklist CSR ready: edges=423704 avg_deg=80.46 max_deg=177
[M::hk_bmap_gen] generated 5266 beads
[M::hk_bmap_gen] 211778 bin pairs
[M::hk_bmap_gen] generated 5266 beads
[M::hk_bmap_gen] 211778 bin pairs
[M::blind-gpu] prepared pair buffers: n_diploid=5266 n_pairs=216877 n_block_keys=423672 n_steps=100
[I::fdg-gpu] blocklist CSR ready: edges=423672 avg_deg=80.45 max_deg=177
[M::hk_bmap_gen] generated 5266 beads
[M::hk_bmap_gen] 211682 bin pairs
[M::hk_bmap_gen] generated 5266 beads
[M::hk_bmap_gen] 211682 bin pairs
[M::blind-gpu] prepared pair buffers: n_diploid=5266 n_pairs=216789 n_block_keys=423496 n_steps=100
[I::fdg-gpu] blocklist CSR ready: edges=423496 avg_deg=80.42 max_deg=176
[M::hk_bmap_gen] generated 5266 beads
[M::hk_bmap_gen] 211667 bin pairs
[M::hk_bmap_gen] generated 5266 beads
[M::hk_bmap_gen] 211667 bin pairs
[M::blind-gpu] prepared pair buffers: n_diploid=5266 n_pairs=216770 n_block_keys=423456 n_steps=100
[I::fdg-gpu] blocklist CSR ready: edges=423456 avg_deg=80.41 max_deg=177
minimal P9016[1m]: write outputs to /mnt/ssd/zliu/phase3/test_res/036-20260619_212753-p9016_trans_confidence_rho_1m/outputs/p9016_pcgamma1_td0p5_transentropy_sep0
[M::hk_bmap_gen] generated 5266 beads
[M::hk_bmap_gen] 211658 bin pairs
[M::hk_bmap_gen] generated 5266 beads
[M::hk_bmap_gen] 211658 bin pairs
minimal P9016[1m]: status=OK final_entropy=0.64722192 final_pU=0.46687195
minimal P9016: summary /mnt/ssd/zliu/phase3/test_res/036-20260619_212753-p9016_trans_confidence_rho_1m/outputs/matrix_summary.tsv
