minimal P9016: input=/mnt/ssd/zliu/phase3/test_res/054-20260620_163922-p9016_contacts_seg_readgroup_dedup_audit_1m/exports/sharec/hickit_like_dup100.pairs.gz output_root=/mnt/ssd/zliu/phase3/test_res/056-20260620_230016-p9016_readchain_dedup_training_1m/work_outputs/hickit_like_dup100_pairwise config=hickit_like_dup100_pairwise baseline=softall n_iter=100 relax_steps=100 relax_step=0.012 chain=0 init_mode=unphased_scaffold_split init_eps=0.5 init_noise=0 init_scale=10 init_seed=17 min_sep=0 lambda_sep=0 lambda_copytrack=0 lambda_global_copytrack=0 init_coord_anchor_k=0 trans_chr_pair_prior_lambda=0 trans_chr_pair_prior_eps=0.001 trans_chr_pair_prior_power=1 trans_chr_pair_prior_warmup_iter=0 trans_chr_pair_mstep_lambda=0 trans_chr_pair_mstep_eps=0.001 trans_chr_pair_mstep_power=1 trans_chr_pair_mstep_warmup_iter=0 d_scale_mode=posterior_count d_scale_input=posterior_count d_scale_formula=n_raw*posterior_prob^1 d_scale_gamma=1 trans_d_scale_gamma=1 d_scale_eps=1e-06 trans_k_multiplier=1 trans_dscale_multiplier=1 trans_top1_mode=off trans_top1_min_pmax=1 trans_top1_min_margin=1 trans_top1_mix_weight=0 trans_gate_mode=off trans_gate_min_pmax=1 trans_gate_min_margin=1 trans_gate_min_neg_entropy=-1.3862944 readgroup_mode=off readgroup_max_segments=8 readgroup_eps=1e-06 relax_backend=gpu
minimal P9016: stage 1/1 name=1m bin_size_bp=1000000 parent=0
[M::hk_map_read] read 3043937 pairs
[M::hk_bmap_gen] generated 2633 beads
[M::hk_bmap_gen] 525173 bin pairs
minimal P9016[1m]: build binned contacts train_raw=3043937 heldout_raw=0 heldout_fraction=0
minimal P9016[1m]: init mode=unphased_scaffold_split seed=17 scale=10
[M::hk_fdg] mid_dist:1000000 max_nei:114
[M::hk_fdg1_cpu] iter:10 elapsed:0.36s rep_coef:0.2092 RMS_force:398.5488 n_rep:42.4455 energy:25.0464,8.0881,0.0050 dist:5.6106,7.6140,1.4480
[M::hk_fdg1_cpu] iter:20 elapsed:0.88s rep_coef:0.6615 RMS_force:370.7146 n_rep:155.4816 energy:7.8891,4.3335,0.0177 dist:3.4295,4.9250,1.4026
[M::hk_fdg1_cpu] iter:30 elapsed:1.90s rep_coef:0.9352 RMS_force:262.5029 n_rep:586.6490 energy:1.8987,1.4872,0.0366 dist:1.9885,2.6763,1.2391
[M::hk_fdg1_cpu] iter:40 elapsed:3.50s rep_coef:0.9907 RMS_force:164.9267 n_rep:834.4675 energy:0.5948,0.6276,0.0412 dist:1.4461,1.9109,1.2006
[M::hk_fdg1_cpu] iter:50 elapsed:5.07s rep_coef:0.9987 RMS_force:137.3783 n_rep:870.8484 energy:0.1920,0.4434,0.0375 dist:1.0990,1.7653,1.2452
minimal P9016[1m]: run softall, n_iter=100 relax_steps=100 relax_step=0.012 relax_backend=gpu
[M::hk_bmap_gen] generated 5266 beads
[M::hk_bmap_gen] 541285 bin pairs
[M::hk_bmap_gen] generated 5266 beads
[M::hk_bmap_gen] 541285 bin pairs
[M::blind-gpu] prepared pair buffers: n_diploid=5266 n_pairs=546318 n_block_keys=1082536 n_steps=100
[I::fdg-gpu] blocklist CSR ready: edges=1082536 avg_deg=205.57 max_deg=4807
[M::hk_bmap_gen] generated 5266 beads
[M::hk_bmap_gen] 520442 bin pairs
[M::hk_bmap_gen] generated 5266 beads
[M::hk_bmap_gen] 520442 bin pairs
[M::blind-gpu] prepared pair buffers: n_diploid=5266 n_pairs=525543 n_block_keys=1040988 n_steps=100
[I::fdg-gpu] blocklist CSR ready: edges=1040988 avg_deg=197.68 max_deg=4274
[M::hk_bmap_gen] generated 5266 beads
[M::hk_bmap_gen] 471704 bin pairs
[M::hk_bmap_gen] generated 5266 beads
[M::hk_bmap_gen] 471704 bin pairs
[M::blind-gpu] prepared pair buffers: n_diploid=5266 n_pairs=476797 n_block_keys=943494 n_steps=100
[I::fdg-gpu] blocklist CSR ready: edges=943494 avg_deg=179.17 max_deg=3983
[M::hk_bmap_gen] generated 5266 beads
[M::hk_bmap_gen] 431716 bin pairs
[M::hk_bmap_gen] generated 5266 beads
[M::hk_bmap_gen] 431716 bin pairs
[M::blind-gpu] prepared pair buffers: n_diploid=5266 n_pairs=436845 n_block_keys=863596 n_steps=100
[I::fdg-gpu] blocklist CSR ready: edges=863596 avg_deg=163.99 max_deg=3188
[M::hk_bmap_gen] generated 5266 beads
[M::hk_bmap_gen] 408375 bin pairs
[M::hk_bmap_gen] generated 5266 beads
[M::hk_bmap_gen] 408375 bin pairs
[M::blind-gpu] prepared pair buffers: n_diploid=5266 n_pairs=413507 n_block_keys=816922 n_steps=100
[I::fdg-gpu] blocklist CSR ready: edges=816922 avg_deg=155.13 max_deg=3455
[M::hk_bmap_gen] generated 5266 beads
[M::hk_bmap_gen] 402440 bin pairs
[M::hk_bmap_gen] generated 5266 beads
[M::hk_bmap_gen] 402440 bin pairs
[M::blind-gpu] prepared pair buffers: n_diploid=5266 n_pairs=407578 n_block_keys=805066 n_steps=100
[I::fdg-gpu] blocklist CSR ready: edges=805066 avg_deg=152.88 max_deg=2958
[M::hk_bmap_gen] generated 5266 beads
[M::hk_bmap_gen] 395364 bin pairs
[M::hk_bmap_gen] generated 5266 beads
[M::hk_bmap_gen] 395364 bin pairs
[M::blind-gpu] prepared pair buffers: n_diploid=5266 n_pairs=400542 n_block_keys=790990 n_steps=100
[I::fdg-gpu] blocklist CSR ready: edges=790990 avg_deg=150.21 max_deg=3280
[M::hk_bmap_gen] generated 5266 beads
[M::hk_bmap_gen] 390110 bin pairs
[M::hk_bmap_gen] generated 5266 beads
[M::hk_bmap_gen] 390110 bin pairs
[M::blind-gpu] prepared pair buffers: n_diploid=5266 n_pairs=395279 n_block_keys=780470 n_steps=100
[I::fdg-gpu] blocklist CSR ready: edges=780470 avg_deg=148.21 max_deg=2904
[M::hk_bmap_gen] generated 5266 beads
[M::hk_bmap_gen] 387043 bin pairs
[M::hk_bmap_gen] generated 5266 beads
[M::hk_bmap_gen] 387043 bin pairs
[M::blind-gpu] prepared pair buffers: n_diploid=5266 n_pairs=392202 n_block_keys=774316 n_steps=100
[I::fdg-gpu] blocklist CSR ready: edges=774316 avg_deg=147.04 max_deg=3185
[M::hk_bmap_gen] generated 5266 beads
[M::hk_bmap_gen] 384148 bin pairs
[M::hk_bmap_gen] generated 5266 beads
[M::hk_bmap_gen] 384148 bin pairs
[M::blind-gpu] prepared pair buffers: n_diploid=5266 n_pairs=389305 n_block_keys=768518 n_steps=100
[I::fdg-gpu] blocklist CSR ready: edges=768518 avg_deg=145.94 max_deg=2860
[M::hk_bmap_gen] generated 5266 beads
[M::hk_bmap_gen] 382154 bin pairs
[M::hk_bmap_gen] generated 5266 beads
[M::hk_bmap_gen] 382154 bin pairs
[M::blind-gpu] prepared pair buffers: n_diploid=5266 n_pairs=387307 n_block_keys=764524 n_steps=100
[I::fdg-gpu] blocklist CSR ready: edges=764524 avg_deg=145.18 max_deg=3279
[M::hk_bmap_gen] generated 5266 beads
[M::hk_bmap_gen] 379999 bin pairs
[M::hk_bmap_gen] generated 5266 beads
[M::hk_bmap_gen] 379999 bin pairs
[M::blind-gpu] prepared pair buffers: n_diploid=5266 n_pairs=385190 n_block_keys=760288 n_steps=100
[I::fdg-gpu] blocklist CSR ready: edges=760288 avg_deg=144.38 max_deg=3007
[M::hk_bmap_gen] generated 5266 beads
[M::hk_bmap_gen] 378573 bin pairs
[M::hk_bmap_gen] generated 5266 beads
[M::hk_bmap_gen] 378573 bin pairs
[M::blind-gpu] prepared pair buffers: n_diploid=5266 n_pairs=383753 n_block_keys=757414 n_steps=100
[I::fdg-gpu] blocklist CSR ready: edges=757414 avg_deg=143.83 max_deg=3332
[M::hk_bmap_gen] generated 5266 beads
[M::hk_bmap_gen] 376242 bin pairs
[M::hk_bmap_gen] generated 5266 beads
[M::hk_bmap_gen] 376242 bin pairs
[M::blind-gpu] prepared pair buffers: n_diploid=5266 n_pairs=381432 n_block_keys=752772 n_steps=100
[I::fdg-gpu] blocklist CSR ready: edges=752772 avg_deg=142.95 max_deg=3056
[M::hk_bmap_gen] generated 5266 beads
[M::hk_bmap_gen] 374788 bin pairs
[M::hk_bmap_gen] generated 5266 beads
[M::hk_bmap_gen] 374788 bin pairs
[M::blind-gpu] prepared pair buffers: n_diploid=5266 n_pairs=379972 n_block_keys=749852 n_steps=100
[I::fdg-gpu] blocklist CSR ready: edges=749852 avg_deg=142.39 max_deg=3334
[M::hk_bmap_gen] generated 5266 beads
[M::hk_bmap_gen] 379792 bin pairs
[M::hk_bmap_gen] generated 5266 beads
[M::hk_bmap_gen] 379792 bin pairs
[M::blind-gpu] prepared pair buffers: n_diploid=5266 n_pairs=384961 n_block_keys=759838 n_steps=100
[I::fdg-gpu] blocklist CSR ready: edges=759838 avg_deg=144.29 max_deg=3081
[M::hk_bmap_gen] generated 5266 beads
[M::hk_bmap_gen] 378590 bin pairs
[M::hk_bmap_gen] generated 5266 beads
[M::hk_bmap_gen] 378590 bin pairs
[M::blind-gpu] prepared pair buffers: n_diploid=5266 n_pairs=383768 n_block_keys=757442 n_steps=100
[I::fdg-gpu] blocklist CSR ready: edges=757442 avg_deg=143.84 max_deg=3349
[M::hk_bmap_gen] generated 5266 beads
[M::hk_bmap_gen] 375135 bin pairs
[M::hk_bmap_gen] generated 5266 beads
[M::hk_bmap_gen] 375135 bin pairs
[M::blind-gpu] prepared pair buffers: n_diploid=5266 n_pairs=380308 n_block_keys=750522 n_steps=100
[I::fdg-gpu] blocklist CSR ready: edges=750522 avg_deg=142.52 max_deg=3091
[M::hk_bmap_gen] generated 5266 beads
[M::hk_bmap_gen] 373405 bin pairs
[M::hk_bmap_gen] generated 5266 beads
[M::hk_bmap_gen] 373405 bin pairs
[M::blind-gpu] prepared pair buffers: n_diploid=5266 n_pairs=378585 n_block_keys=747086 n_steps=100
[I::fdg-gpu] blocklist CSR ready: edges=747086 avg_deg=141.87 max_deg=3190
[M::hk_bmap_gen] generated 5266 beads
[M::hk_bmap_gen] 377260 bin pairs
[M::hk_bmap_gen] generated 5266 beads
[M::hk_bmap_gen] 377260 bin pairs
[M::blind-gpu] prepared pair buffers: n_diploid=5266 n_pairs=382438 n_block_keys=754786 n_steps=100
[I::fdg-gpu] blocklist CSR ready: edges=754786 avg_deg=143.33 max_deg=3108
[M::hk_bmap_gen] generated 5266 beads
[M::hk_bmap_gen] 376521 bin pairs
[M::hk_bmap_gen] generated 5266 beads
[M::hk_bmap_gen] 376521 bin pairs
[M::blind-gpu] prepared pair buffers: n_diploid=5266 n_pairs=381687 n_block_keys=753286 n_steps=100
[I::fdg-gpu] blocklist CSR ready: edges=753286 avg_deg=143.05 max_deg=3295
[M::hk_bmap_gen] generated 5266 beads
[M::hk_bmap_gen] 374144 bin pairs
[M::hk_bmap_gen] generated 5266 beads
[M::hk_bmap_gen] 374144 bin pairs
[M::blind-gpu] prepared pair buffers: n_diploid=5266 n_pairs=379339 n_block_keys=748592 n_steps=100
[I::fdg-gpu] blocklist CSR ready: edges=748592 avg_deg=142.16 max_deg=3143
[M::hk_bmap_gen] generated 5266 beads
[M::hk_bmap_gen] 372721 bin pairs
[M::hk_bmap_gen] generated 5266 beads
[M::hk_bmap_gen] 372721 bin pairs
[M::blind-gpu] prepared pair buffers: n_diploid=5266 n_pairs=377904 n_block_keys=745726 n_steps=100
[I::fdg-gpu] blocklist CSR ready: edges=745726 avg_deg=141.61 max_deg=3225
[M::hk_bmap_gen] generated 5266 beads
[M::hk_bmap_gen] 370960 bin pairs
[M::hk_bmap_gen] generated 5266 beads
[M::hk_bmap_gen] 370960 bin pairs
[M::blind-gpu] prepared pair buffers: n_diploid=5266 n_pairs=376161 n_block_keys=742236 n_steps=100
[I::fdg-gpu] blocklist CSR ready: edges=742236 avg_deg=140.95 max_deg=3147
[M::hk_bmap_gen] generated 5266 beads
[M::hk_bmap_gen] 369184 bin pairs
[M::hk_bmap_gen] generated 5266 beads
[M::hk_bmap_gen] 369184 bin pairs
[M::blind-gpu] prepared pair buffers: n_diploid=5266 n_pairs=374383 n_block_keys=738686 n_steps=100
[I::fdg-gpu] blocklist CSR ready: edges=738686 avg_deg=140.27 max_deg=3118
[M::hk_bmap_gen] generated 5266 beads
[M::hk_bmap_gen] 367921 bin pairs
[M::hk_bmap_gen] generated 5266 beads
[M::hk_bmap_gen] 367921 bin pairs
[M::blind-gpu] prepared pair buffers: n_diploid=5266 n_pairs=373127 n_block_keys=736174 n_steps=100
[I::fdg-gpu] blocklist CSR ready: edges=736174 avg_deg=139.80 max_deg=3039
[M::hk_bmap_gen] generated 5266 beads
[M::hk_bmap_gen] 366443 bin pairs
[M::hk_bmap_gen] generated 5266 beads
[M::hk_bmap_gen] 366443 bin pairs
[M::blind-gpu] prepared pair buffers: n_diploid=5266 n_pairs=371643 n_block_keys=733198 n_steps=100
[I::fdg-gpu] blocklist CSR ready: edges=733198 avg_deg=139.23 max_deg=3071
[M::hk_bmap_gen] generated 5266 beads
[M::hk_bmap_gen] 365320 bin pairs
[M::hk_bmap_gen] generated 5266 beads
[M::hk_bmap_gen] 365320 bin pairs
[M::blind-gpu] prepared pair buffers: n_diploid=5266 n_pairs=370517 n_block_keys=730946 n_steps=100
[I::fdg-gpu] blocklist CSR ready: edges=730946 avg_deg=138.80 max_deg=2968
[M::hk_bmap_gen] generated 5266 beads
[M::hk_bmap_gen] 364848 bin pairs
[M::hk_bmap_gen] generated 5266 beads
[M::hk_bmap_gen] 364848 bin pairs
[M::blind-gpu] prepared pair buffers: n_diploid=5266 n_pairs=370053 n_block_keys=730014 n_steps=100
[I::fdg-gpu] blocklist CSR ready: edges=730014 avg_deg=138.63 max_deg=3090
[M::hk_bmap_gen] generated 5266 beads
[M::hk_bmap_gen] 364185 bin pairs
[M::hk_bmap_gen] generated 5266 beads
[M::hk_bmap_gen] 364185 bin pairs
[M::blind-gpu] prepared pair buffers: n_diploid=5266 n_pairs=369381 n_block_keys=728674 n_steps=100
[I::fdg-gpu] blocklist CSR ready: edges=728674 avg_deg=138.37 max_deg=3051
[M::hk_bmap_gen] generated 5266 beads
[M::hk_bmap_gen] 363756 bin pairs
[M::hk_bmap_gen] generated 5266 beads
[M::hk_bmap_gen] 363756 bin pairs
[M::blind-gpu] prepared pair buffers: n_diploid=5266 n_pairs=368966 n_block_keys=727840 n_steps=100
[I::fdg-gpu] blocklist CSR ready: edges=727840 avg_deg=138.21 max_deg=3009
[M::hk_bmap_gen] generated 5266 beads
[M::hk_bmap_gen] 363528 bin pairs
[M::hk_bmap_gen] generated 5266 beads
[M::hk_bmap_gen] 363528 bin pairs
[M::blind-gpu] prepared pair buffers: n_diploid=5266 n_pairs=368740 n_block_keys=727390 n_steps=100
[I::fdg-gpu] blocklist CSR ready: edges=727390 avg_deg=138.13 max_deg=3047
[M::hk_bmap_gen] generated 5266 beads
[M::hk_bmap_gen] 362986 bin pairs
[M::hk_bmap_gen] generated 5266 beads
[M::hk_bmap_gen] 362986 bin pairs
[M::blind-gpu] prepared pair buffers: n_diploid=5266 n_pairs=368190 n_block_keys=726292 n_steps=100
[I::fdg-gpu] blocklist CSR ready: edges=726292 avg_deg=137.92 max_deg=3025
[M::hk_bmap_gen] generated 5266 beads
[M::hk_bmap_gen] 363028 bin pairs
[M::hk_bmap_gen] generated 5266 beads
[M::hk_bmap_gen] 363028 bin pairs
[M::blind-gpu] prepared pair buffers: n_diploid=5266 n_pairs=368235 n_block_keys=726384 n_steps=100
[I::fdg-gpu] blocklist CSR ready: edges=726384 avg_deg=137.94 max_deg=3020
[M::hk_bmap_gen] generated 5266 beads
[M::hk_bmap_gen] 362406 bin pairs
[M::hk_bmap_gen] generated 5266 beads
[M::hk_bmap_gen] 362406 bin pairs
[M::blind-gpu] prepared pair buffers: n_diploid=5266 n_pairs=367616 n_block_keys=725146 n_steps=100
[I::fdg-gpu] blocklist CSR ready: edges=725146 avg_deg=137.70 max_deg=3015
[M::hk_bmap_gen] generated 5266 beads
[M::hk_bmap_gen] 362486 bin pairs
[M::hk_bmap_gen] generated 5266 beads
[M::hk_bmap_gen] 362486 bin pairs
[M::blind-gpu] prepared pair buffers: n_diploid=5266 n_pairs=367698 n_block_keys=725306 n_steps=100
[I::fdg-gpu] blocklist CSR ready: edges=725306 avg_deg=137.73 max_deg=3014
[M::hk_bmap_gen] generated 5266 beads
[M::hk_bmap_gen] 361925 bin pairs
[M::hk_bmap_gen] generated 5266 beads
[M::hk_bmap_gen] 361925 bin pairs
[M::blind-gpu] prepared pair buffers: n_diploid=5266 n_pairs=367131 n_block_keys=724170 n_steps=100
[I::fdg-gpu] blocklist CSR ready: edges=724170 avg_deg=137.52 max_deg=2934
[M::hk_bmap_gen] generated 5266 beads
[M::hk_bmap_gen] 362278 bin pairs
[M::hk_bmap_gen] generated 5266 beads
[M::hk_bmap_gen] 362278 bin pairs
[M::blind-gpu] prepared pair buffers: n_diploid=5266 n_pairs=367479 n_block_keys=724872 n_steps=100
[I::fdg-gpu] blocklist CSR ready: edges=724872 avg_deg=137.65 max_deg=3007
[M::hk_bmap_gen] generated 5266 beads
[M::hk_bmap_gen] 361687 bin pairs
[M::hk_bmap_gen] generated 5266 beads
[M::hk_bmap_gen] 361687 bin pairs
[M::blind-gpu] prepared pair buffers: n_diploid=5266 n_pairs=366886 n_block_keys=723682 n_steps=100
[I::fdg-gpu] blocklist CSR ready: edges=723682 avg_deg=137.43 max_deg=2902
[M::hk_bmap_gen] generated 5266 beads
[M::hk_bmap_gen] 361967 bin pairs
[M::hk_bmap_gen] generated 5266 beads
[M::hk_bmap_gen] 361967 bin pairs
[M::blind-gpu] prepared pair buffers: n_diploid=5266 n_pairs=367179 n_block_keys=724274 n_steps=100
[I::fdg-gpu] blocklist CSR ready: edges=724274 avg_deg=137.54 max_deg=3009
[M::hk_bmap_gen] generated 5266 beads
[M::hk_bmap_gen] 361340 bin pairs
[M::hk_bmap_gen] generated 5266 beads
[M::hk_bmap_gen] 361340 bin pairs
[M::blind-gpu] prepared pair buffers: n_diploid=5266 n_pairs=366554 n_block_keys=723016 n_steps=100
[I::fdg-gpu] blocklist CSR ready: edges=723016 avg_deg=137.30 max_deg=2874
[M::hk_bmap_gen] generated 5266 beads
[M::hk_bmap_gen] 361731 bin pairs
[M::hk_bmap_gen] generated 5266 beads
[M::hk_bmap_gen] 361731 bin pairs
[M::blind-gpu] prepared pair buffers: n_diploid=5266 n_pairs=366936 n_block_keys=723782 n_steps=100
[I::fdg-gpu] blocklist CSR ready: edges=723782 avg_deg=137.44 max_deg=2990
[M::hk_bmap_gen] generated 5266 beads
[M::hk_bmap_gen] 361182 bin pairs
[M::hk_bmap_gen] generated 5266 beads
[M::hk_bmap_gen] 361182 bin pairs
[M::blind-gpu] prepared pair buffers: n_diploid=5266 n_pairs=366388 n_block_keys=722684 n_steps=100
[I::fdg-gpu] blocklist CSR ready: edges=722684 avg_deg=137.24 max_deg=2844
[M::hk_bmap_gen] generated 5266 beads
[M::hk_bmap_gen] 361531 bin pairs
[M::hk_bmap_gen] generated 5266 beads
[M::hk_bmap_gen] 361531 bin pairs
[M::blind-gpu] prepared pair buffers: n_diploid=5266 n_pairs=366737 n_block_keys=723390 n_steps=100
[I::fdg-gpu] blocklist CSR ready: edges=723390 avg_deg=137.37 max_deg=2989
[M::hk_bmap_gen] generated 5266 beads
[M::hk_bmap_gen] 361053 bin pairs
[M::hk_bmap_gen] generated 5266 beads
[M::hk_bmap_gen] 361053 bin pairs
[M::blind-gpu] prepared pair buffers: n_diploid=5266 n_pairs=366257 n_block_keys=722426 n_steps=100
[I::fdg-gpu] blocklist CSR ready: edges=722426 avg_deg=137.19 max_deg=2826
[M::hk_bmap_gen] generated 5266 beads
[M::hk_bmap_gen] 361501 bin pairs
[M::hk_bmap_gen] generated 5266 beads
[M::hk_bmap_gen] 361501 bin pairs
[M::blind-gpu] prepared pair buffers: n_diploid=5266 n_pairs=366704 n_block_keys=723322 n_steps=100
[I::fdg-gpu] blocklist CSR ready: edges=723322 avg_deg=137.36 max_deg=2989
[M::hk_bmap_gen] generated 5266 beads
[M::hk_bmap_gen] 360912 bin pairs
[M::hk_bmap_gen] generated 5266 beads
[M::hk_bmap_gen] 360912 bin pairs
[M::blind-gpu] prepared pair buffers: n_diploid=5266 n_pairs=366121 n_block_keys=722154 n_steps=100
[I::fdg-gpu] blocklist CSR ready: edges=722154 avg_deg=137.14 max_deg=2816
[M::hk_bmap_gen] generated 5266 beads
[M::hk_bmap_gen] 361242 bin pairs
[M::hk_bmap_gen] generated 5266 beads
[M::hk_bmap_gen] 361242 bin pairs
[M::blind-gpu] prepared pair buffers: n_diploid=5266 n_pairs=366457 n_block_keys=722830 n_steps=100
[I::fdg-gpu] blocklist CSR ready: edges=722830 avg_deg=137.26 max_deg=2992
[M::hk_bmap_gen] generated 5266 beads
[M::hk_bmap_gen] 360689 bin pairs
[M::hk_bmap_gen] generated 5266 beads
[M::hk_bmap_gen] 360689 bin pairs
[M::blind-gpu] prepared pair buffers: n_diploid=5266 n_pairs=365894 n_block_keys=721706 n_steps=100
[I::fdg-gpu] blocklist CSR ready: edges=721706 avg_deg=137.05 max_deg=2824
[M::hk_bmap_gen] generated 5266 beads
[M::hk_bmap_gen] 361171 bin pairs
[M::hk_bmap_gen] generated 5266 beads
[M::hk_bmap_gen] 361171 bin pairs
[M::blind-gpu] prepared pair buffers: n_diploid=5266 n_pairs=366386 n_block_keys=722686 n_steps=100
[I::fdg-gpu] blocklist CSR ready: edges=722686 avg_deg=137.24 max_deg=2986
[M::hk_bmap_gen] generated 5266 beads
[M::hk_bmap_gen] 360375 bin pairs
[M::hk_bmap_gen] generated 5266 beads
[M::hk_bmap_gen] 360375 bin pairs
[M::blind-gpu] prepared pair buffers: n_diploid=5266 n_pairs=365587 n_block_keys=721088 n_steps=100
[I::fdg-gpu] blocklist CSR ready: edges=721088 avg_deg=136.93 max_deg=2812
[M::hk_bmap_gen] generated 5266 beads
[M::hk_bmap_gen] 360833 bin pairs
[M::hk_bmap_gen] generated 5266 beads
[M::hk_bmap_gen] 360833 bin pairs
[M::blind-gpu] prepared pair buffers: n_diploid=5266 n_pairs=366042 n_block_keys=722002 n_steps=100
[I::fdg-gpu] blocklist CSR ready: edges=722002 avg_deg=137.11 max_deg=2970
[M::hk_bmap_gen] generated 5266 beads
[M::hk_bmap_gen] 360392 bin pairs
[M::hk_bmap_gen] generated 5266 beads
[M::hk_bmap_gen] 360392 bin pairs
[M::blind-gpu] prepared pair buffers: n_diploid=5266 n_pairs=365598 n_block_keys=721112 n_steps=100
[I::fdg-gpu] blocklist CSR ready: edges=721112 avg_deg=136.94 max_deg=2811
[M::hk_bmap_gen] generated 5266 beads
[M::hk_bmap_gen] 360762 bin pairs
[M::hk_bmap_gen] generated 5266 beads
[M::hk_bmap_gen] 360762 bin pairs
[M::blind-gpu] prepared pair buffers: n_diploid=5266 n_pairs=365964 n_block_keys=721844 n_steps=100
[I::fdg-gpu] blocklist CSR ready: edges=721844 avg_deg=137.08 max_deg=2939
[M::hk_bmap_gen] generated 5266 beads
[M::hk_bmap_gen] 360259 bin pairs
[M::hk_bmap_gen] generated 5266 beads
[M::hk_bmap_gen] 360259 bin pairs
[M::blind-gpu] prepared pair buffers: n_diploid=5266 n_pairs=365469 n_block_keys=720856 n_steps=100
[I::fdg-gpu] blocklist CSR ready: edges=720856 avg_deg=136.89 max_deg=2820
[M::hk_bmap_gen] generated 5266 beads
[M::hk_bmap_gen] 360727 bin pairs
[M::hk_bmap_gen] generated 5266 beads
[M::hk_bmap_gen] 360727 bin pairs
[M::blind-gpu] prepared pair buffers: n_diploid=5266 n_pairs=365938 n_block_keys=721794 n_steps=100
[I::fdg-gpu] blocklist CSR ready: edges=721794 avg_deg=137.07 max_deg=2936
[M::hk_bmap_gen] generated 5266 beads
[M::hk_bmap_gen] 360121 bin pairs
[M::hk_bmap_gen] generated 5266 beads
[M::hk_bmap_gen] 360121 bin pairs
[M::blind-gpu] prepared pair buffers: n_diploid=5266 n_pairs=365330 n_block_keys=720584 n_steps=100
[I::fdg-gpu] blocklist CSR ready: edges=720584 avg_deg=136.84 max_deg=2811
[M::hk_bmap_gen] generated 5266 beads
[M::hk_bmap_gen] 360482 bin pairs
[M::hk_bmap_gen] generated 5266 beads
[M::hk_bmap_gen] 360482 bin pairs
[M::blind-gpu] prepared pair buffers: n_diploid=5266 n_pairs=365691 n_block_keys=721306 n_steps=100
[I::fdg-gpu] blocklist CSR ready: edges=721306 avg_deg=136.97 max_deg=2918
[M::hk_bmap_gen] generated 5266 beads
[M::hk_bmap_gen] 360053 bin pairs
[M::hk_bmap_gen] generated 5266 beads
[M::hk_bmap_gen] 360053 bin pairs
[M::blind-gpu] prepared pair buffers: n_diploid=5266 n_pairs=365263 n_block_keys=720448 n_steps=100
[I::fdg-gpu] blocklist CSR ready: edges=720448 avg_deg=136.81 max_deg=2809
[M::hk_bmap_gen] generated 5266 beads
[M::hk_bmap_gen] 360544 bin pairs
[M::hk_bmap_gen] generated 5266 beads
[M::hk_bmap_gen] 360544 bin pairs
[M::blind-gpu] prepared pair buffers: n_diploid=5266 n_pairs=365745 n_block_keys=721408 n_steps=100
[I::fdg-gpu] blocklist CSR ready: edges=721408 avg_deg=136.99 max_deg=2926
[M::hk_bmap_gen] generated 5266 beads
[M::hk_bmap_gen] 359918 bin pairs
[M::hk_bmap_gen] generated 5266 beads
[M::hk_bmap_gen] 359918 bin pairs
[M::blind-gpu] prepared pair buffers: n_diploid=5266 n_pairs=365132 n_block_keys=720186 n_steps=100
[I::fdg-gpu] blocklist CSR ready: edges=720186 avg_deg=136.76 max_deg=2806
[M::hk_bmap_gen] generated 5266 beads
[M::hk_bmap_gen] 360261 bin pairs
[M::hk_bmap_gen] generated 5266 beads
[M::hk_bmap_gen] 360261 bin pairs
[M::blind-gpu] prepared pair buffers: n_diploid=5266 n_pairs=365471 n_block_keys=720866 n_steps=100
[I::fdg-gpu] blocklist CSR ready: edges=720866 avg_deg=136.89 max_deg=2918
[M::hk_bmap_gen] generated 5266 beads
[M::hk_bmap_gen] 359845 bin pairs
[M::hk_bmap_gen] generated 5266 beads
[M::hk_bmap_gen] 359845 bin pairs
[M::blind-gpu] prepared pair buffers: n_diploid=5266 n_pairs=365055 n_block_keys=720032 n_steps=100
[I::fdg-gpu] blocklist CSR ready: edges=720032 avg_deg=136.73 max_deg=2818
[M::hk_bmap_gen] generated 5266 beads
[M::hk_bmap_gen] 360387 bin pairs
[M::hk_bmap_gen] generated 5266 beads
[M::hk_bmap_gen] 360387 bin pairs
[M::blind-gpu] prepared pair buffers: n_diploid=5266 n_pairs=365594 n_block_keys=721110 n_steps=100
[I::fdg-gpu] blocklist CSR ready: edges=721110 avg_deg=136.94 max_deg=2919
[M::hk_bmap_gen] generated 5266 beads
[M::hk_bmap_gen] 359819 bin pairs
[M::hk_bmap_gen] generated 5266 beads
[M::hk_bmap_gen] 359819 bin pairs
[M::blind-gpu] prepared pair buffers: n_diploid=5266 n_pairs=365030 n_block_keys=719984 n_steps=100
[I::fdg-gpu] blocklist CSR ready: edges=719984 avg_deg=136.72 max_deg=2820
[M::hk_bmap_gen] generated 5266 beads
[M::hk_bmap_gen] 360287 bin pairs
[M::hk_bmap_gen] generated 5266 beads
[M::hk_bmap_gen] 360287 bin pairs
[M::blind-gpu] prepared pair buffers: n_diploid=5266 n_pairs=365499 n_block_keys=720918 n_steps=100
[I::fdg-gpu] blocklist CSR ready: edges=720918 avg_deg=136.90 max_deg=2934
[M::hk_bmap_gen] generated 5266 beads
[M::hk_bmap_gen] 359782 bin pairs
[M::hk_bmap_gen] generated 5266 beads
[M::hk_bmap_gen] 359782 bin pairs
[M::blind-gpu] prepared pair buffers: n_diploid=5266 n_pairs=364995 n_block_keys=719908 n_steps=100
[I::fdg-gpu] blocklist CSR ready: edges=719908 avg_deg=136.71 max_deg=2826
[M::hk_bmap_gen] generated 5266 beads
[M::hk_bmap_gen] 360311 bin pairs
[M::hk_bmap_gen] generated 5266 beads
[M::hk_bmap_gen] 360311 bin pairs
[M::blind-gpu] prepared pair buffers: n_diploid=5266 n_pairs=365520 n_block_keys=720962 n_steps=100
[I::fdg-gpu] blocklist CSR ready: edges=720962 avg_deg=136.91 max_deg=2919
[M::hk_bmap_gen] generated 5266 beads
[M::hk_bmap_gen] 359824 bin pairs
[M::hk_bmap_gen] generated 5266 beads
[M::hk_bmap_gen] 359824 bin pairs
[M::blind-gpu] prepared pair buffers: n_diploid=5266 n_pairs=365036 n_block_keys=719990 n_steps=100
[I::fdg-gpu] blocklist CSR ready: edges=719990 avg_deg=136.72 max_deg=2837
[M::hk_bmap_gen] generated 5266 beads
[M::hk_bmap_gen] 360053 bin pairs
[M::hk_bmap_gen] generated 5266 beads
[M::hk_bmap_gen] 360053 bin pairs
[M::blind-gpu] prepared pair buffers: n_diploid=5266 n_pairs=365263 n_block_keys=720448 n_steps=100
[I::fdg-gpu] blocklist CSR ready: edges=720448 avg_deg=136.81 max_deg=2887
[M::hk_bmap_gen] generated 5266 beads
[M::hk_bmap_gen] 359684 bin pairs
[M::hk_bmap_gen] generated 5266 beads
[M::hk_bmap_gen] 359684 bin pairs
[M::blind-gpu] prepared pair buffers: n_diploid=5266 n_pairs=364896 n_block_keys=719710 n_steps=100
[I::fdg-gpu] blocklist CSR ready: edges=719710 avg_deg=136.67 max_deg=2833
[M::hk_bmap_gen] generated 5266 beads
[M::hk_bmap_gen] 360085 bin pairs
[M::hk_bmap_gen] generated 5266 beads
[M::hk_bmap_gen] 360085 bin pairs
[M::blind-gpu] prepared pair buffers: n_diploid=5266 n_pairs=365290 n_block_keys=720498 n_steps=100
[I::fdg-gpu] blocklist CSR ready: edges=720498 avg_deg=136.82 max_deg=2872
[M::hk_bmap_gen] generated 5266 beads
[M::hk_bmap_gen] 359647 bin pairs
[M::hk_bmap_gen] generated 5266 beads
[M::hk_bmap_gen] 359647 bin pairs
[M::blind-gpu] prepared pair buffers: n_diploid=5266 n_pairs=364857 n_block_keys=719630 n_steps=100
[I::fdg-gpu] blocklist CSR ready: edges=719630 avg_deg=136.66 max_deg=2829
[M::hk_bmap_gen] generated 5266 beads
[M::hk_bmap_gen] 360103 bin pairs
[M::hk_bmap_gen] generated 5266 beads
[M::hk_bmap_gen] 360103 bin pairs
[M::blind-gpu] prepared pair buffers: n_diploid=5266 n_pairs=365316 n_block_keys=720554 n_steps=100
[I::fdg-gpu] blocklist CSR ready: edges=720554 avg_deg=136.83 max_deg=2858
[M::hk_bmap_gen] generated 5266 beads
[M::hk_bmap_gen] 359664 bin pairs
[M::hk_bmap_gen] generated 5266 beads
[M::hk_bmap_gen] 359664 bin pairs
[M::blind-gpu] prepared pair buffers: n_diploid=5266 n_pairs=364869 n_block_keys=719658 n_steps=100
[I::fdg-gpu] blocklist CSR ready: edges=719658 avg_deg=136.66 max_deg=2841
[M::hk_bmap_gen] generated 5266 beads
[M::hk_bmap_gen] 360016 bin pairs
[M::hk_bmap_gen] generated 5266 beads
[M::hk_bmap_gen] 360016 bin pairs
[M::blind-gpu] prepared pair buffers: n_diploid=5266 n_pairs=365223 n_block_keys=720366 n_steps=100
[I::fdg-gpu] blocklist CSR ready: edges=720366 avg_deg=136.80 max_deg=2841
[M::hk_bmap_gen] generated 5266 beads
[M::hk_bmap_gen] 359563 bin pairs
[M::hk_bmap_gen] generated 5266 beads
[M::hk_bmap_gen] 359563 bin pairs
[M::blind-gpu] prepared pair buffers: n_diploid=5266 n_pairs=364775 n_block_keys=719468 n_steps=100
[I::fdg-gpu] blocklist CSR ready: edges=719468 avg_deg=136.63 max_deg=2855
[M::hk_bmap_gen] generated 5266 beads
[M::hk_bmap_gen] 359883 bin pairs
[M::hk_bmap_gen] generated 5266 beads
[M::hk_bmap_gen] 359883 bin pairs
[M::blind-gpu] prepared pair buffers: n_diploid=5266 n_pairs=365091 n_block_keys=720100 n_steps=100
[I::fdg-gpu] blocklist CSR ready: edges=720100 avg_deg=136.75 max_deg=2808
[M::hk_bmap_gen] generated 5266 beads
[M::hk_bmap_gen] 359634 bin pairs
[M::hk_bmap_gen] generated 5266 beads
[M::hk_bmap_gen] 359634 bin pairs
[M::blind-gpu] prepared pair buffers: n_diploid=5266 n_pairs=364844 n_block_keys=719606 n_steps=100
[I::fdg-gpu] blocklist CSR ready: edges=719606 avg_deg=136.65 max_deg=2858
[M::hk_bmap_gen] generated 5266 beads
[M::hk_bmap_gen] 359883 bin pairs
[M::hk_bmap_gen] generated 5266 beads
[M::hk_bmap_gen] 359883 bin pairs
[M::blind-gpu] prepared pair buffers: n_diploid=5266 n_pairs=365089 n_block_keys=720098 n_steps=100
[I::fdg-gpu] blocklist CSR ready: edges=720098 avg_deg=136.74 max_deg=2798
[M::hk_bmap_gen] generated 5266 beads
[M::hk_bmap_gen] 359559 bin pairs
[M::hk_bmap_gen] generated 5266 beads
[M::hk_bmap_gen] 359559 bin pairs
[M::blind-gpu] prepared pair buffers: n_diploid=5266 n_pairs=364771 n_block_keys=719462 n_steps=100
[I::fdg-gpu] blocklist CSR ready: edges=719462 avg_deg=136.62 max_deg=2847
[M::hk_bmap_gen] generated 5266 beads
[M::hk_bmap_gen] 359786 bin pairs
[M::hk_bmap_gen] generated 5266 beads
[M::hk_bmap_gen] 359786 bin pairs
[M::blind-gpu] prepared pair buffers: n_diploid=5266 n_pairs=364997 n_block_keys=719914 n_steps=100
[I::fdg-gpu] blocklist CSR ready: edges=719914 avg_deg=136.71 max_deg=2800
[M::hk_bmap_gen] generated 5266 beads
[M::hk_bmap_gen] 359358 bin pairs
[M::hk_bmap_gen] generated 5266 beads
[M::hk_bmap_gen] 359358 bin pairs
[M::blind-gpu] prepared pair buffers: n_diploid=5266 n_pairs=364568 n_block_keys=719052 n_steps=100
[I::fdg-gpu] blocklist CSR ready: edges=719052 avg_deg=136.55 max_deg=2855
[M::hk_bmap_gen] generated 5266 beads
[M::hk_bmap_gen] 359971 bin pairs
[M::hk_bmap_gen] generated 5266 beads
[M::hk_bmap_gen] 359971 bin pairs
[M::blind-gpu] prepared pair buffers: n_diploid=5266 n_pairs=365184 n_block_keys=720286 n_steps=100
[I::fdg-gpu] blocklist CSR ready: edges=720286 avg_deg=136.78 max_deg=2789
[M::hk_bmap_gen] generated 5266 beads
[M::hk_bmap_gen] 359412 bin pairs
[M::hk_bmap_gen] generated 5266 beads
[M::hk_bmap_gen] 359412 bin pairs
[M::blind-gpu] prepared pair buffers: n_diploid=5266 n_pairs=364625 n_block_keys=719166 n_steps=100
[I::fdg-gpu] blocklist CSR ready: edges=719166 avg_deg=136.57 max_deg=2864
[M::hk_bmap_gen] generated 5266 beads
[M::hk_bmap_gen] 359784 bin pairs
[M::hk_bmap_gen] generated 5266 beads
[M::hk_bmap_gen] 359784 bin pairs
[M::blind-gpu] prepared pair buffers: n_diploid=5266 n_pairs=364996 n_block_keys=719908 n_steps=100
[I::fdg-gpu] blocklist CSR ready: edges=719908 avg_deg=136.71 max_deg=2766
[M::hk_bmap_gen] generated 5266 beads
[M::hk_bmap_gen] 359337 bin pairs
[M::hk_bmap_gen] generated 5266 beads
[M::hk_bmap_gen] 359337 bin pairs
[M::blind-gpu] prepared pair buffers: n_diploid=5266 n_pairs=364545 n_block_keys=719006 n_steps=100
[I::fdg-gpu] blocklist CSR ready: edges=719006 avg_deg=136.54 max_deg=2861
[M::hk_bmap_gen] generated 5266 beads
[M::hk_bmap_gen] 359753 bin pairs
[M::hk_bmap_gen] generated 5266 beads
[M::hk_bmap_gen] 359753 bin pairs
[M::blind-gpu] prepared pair buffers: n_diploid=5266 n_pairs=364961 n_block_keys=719842 n_steps=100
[I::fdg-gpu] blocklist CSR ready: edges=719842 avg_deg=136.70 max_deg=2761
[M::hk_bmap_gen] generated 5266 beads
[M::hk_bmap_gen] 359366 bin pairs
[M::hk_bmap_gen] generated 5266 beads
[M::hk_bmap_gen] 359366 bin pairs
[M::blind-gpu] prepared pair buffers: n_diploid=5266 n_pairs=364585 n_block_keys=719086 n_steps=100
[I::fdg-gpu] blocklist CSR ready: edges=719086 avg_deg=136.55 max_deg=2867
[M::hk_bmap_gen] generated 5266 beads
[M::hk_bmap_gen] 359646 bin pairs
[M::hk_bmap_gen] generated 5266 beads
[M::hk_bmap_gen] 359646 bin pairs
[M::blind-gpu] prepared pair buffers: n_diploid=5266 n_pairs=364847 n_block_keys=719608 n_steps=100
[I::fdg-gpu] blocklist CSR ready: edges=719608 avg_deg=136.65 max_deg=2763
[M::hk_bmap_gen] generated 5266 beads
[M::hk_bmap_gen] 359393 bin pairs
[M::hk_bmap_gen] generated 5266 beads
[M::hk_bmap_gen] 359393 bin pairs
[M::blind-gpu] prepared pair buffers: n_diploid=5266 n_pairs=364611 n_block_keys=719138 n_steps=100
[I::fdg-gpu] blocklist CSR ready: edges=719138 avg_deg=136.56 max_deg=2856
[M::hk_bmap_gen] generated 5266 beads
[M::hk_bmap_gen] 359748 bin pairs
[M::hk_bmap_gen] generated 5266 beads
[M::hk_bmap_gen] 359748 bin pairs
[M::blind-gpu] prepared pair buffers: n_diploid=5266 n_pairs=364968 n_block_keys=719850 n_steps=100
[I::fdg-gpu] blocklist CSR ready: edges=719850 avg_deg=136.70 max_deg=2755
[M::hk_bmap_gen] generated 5266 beads
[M::hk_bmap_gen] 359412 bin pairs
[M::hk_bmap_gen] generated 5266 beads
[M::hk_bmap_gen] 359412 bin pairs
[M::blind-gpu] prepared pair buffers: n_diploid=5266 n_pairs=364629 n_block_keys=719176 n_steps=100
[I::fdg-gpu] blocklist CSR ready: edges=719176 avg_deg=136.57 max_deg=2864
[M::hk_bmap_gen] generated 5266 beads
[M::hk_bmap_gen] 359417 bin pairs
[M::hk_bmap_gen] generated 5266 beads
[M::hk_bmap_gen] 359417 bin pairs
[M::blind-gpu] prepared pair buffers: n_diploid=5266 n_pairs=364630 n_block_keys=719176 n_steps=100
[I::fdg-gpu] blocklist CSR ready: edges=719176 avg_deg=136.57 max_deg=2762
[M::hk_bmap_gen] generated 5266 beads
[M::hk_bmap_gen] 359184 bin pairs
[M::hk_bmap_gen] generated 5266 beads
[M::hk_bmap_gen] 359184 bin pairs
[M::blind-gpu] prepared pair buffers: n_diploid=5266 n_pairs=364399 n_block_keys=718716 n_steps=100
[I::fdg-gpu] blocklist CSR ready: edges=718716 avg_deg=136.48 max_deg=2884
[M::hk_bmap_gen] generated 5266 beads
[M::hk_bmap_gen] 359446 bin pairs
[M::hk_bmap_gen] generated 5266 beads
[M::hk_bmap_gen] 359446 bin pairs
[M::blind-gpu] prepared pair buffers: n_diploid=5266 n_pairs=364657 n_block_keys=719228 n_steps=100
[I::fdg-gpu] blocklist CSR ready: edges=719228 avg_deg=136.58 max_deg=2759
[M::hk_bmap_gen] generated 5266 beads
[M::hk_bmap_gen] 359220 bin pairs
[M::hk_bmap_gen] generated 5266 beads
[M::hk_bmap_gen] 359220 bin pairs
[M::blind-gpu] prepared pair buffers: n_diploid=5266 n_pairs=364440 n_block_keys=718794 n_steps=100
[I::fdg-gpu] blocklist CSR ready: edges=718794 avg_deg=136.50 max_deg=2895
[M::hk_bmap_gen] generated 5266 beads
[M::hk_bmap_gen] 359514 bin pairs
[M::hk_bmap_gen] generated 5266 beads
[M::hk_bmap_gen] 359514 bin pairs
[M::blind-gpu] prepared pair buffers: n_diploid=5266 n_pairs=364725 n_block_keys=719362 n_steps=100
[I::fdg-gpu] blocklist CSR ready: edges=719362 avg_deg=136.61 max_deg=2756
[M::hk_bmap_gen] generated 5266 beads
[M::hk_bmap_gen] 359185 bin pairs
[M::hk_bmap_gen] generated 5266 beads
[M::hk_bmap_gen] 359185 bin pairs
[M::blind-gpu] prepared pair buffers: n_diploid=5266 n_pairs=364396 n_block_keys=718702 n_steps=100
[I::fdg-gpu] blocklist CSR ready: edges=718702 avg_deg=136.48 max_deg=2885
[M::hk_bmap_gen] generated 5266 beads
[M::hk_bmap_gen] 359536 bin pairs
[M::hk_bmap_gen] generated 5266 beads
[M::hk_bmap_gen] 359536 bin pairs
[M::blind-gpu] prepared pair buffers: n_diploid=5266 n_pairs=364752 n_block_keys=719422 n_steps=100
[I::fdg-gpu] blocklist CSR ready: edges=719422 avg_deg=136.62 max_deg=2760
minimal P9016[1m]: write outputs to /mnt/ssd/zliu/phase3/test_res/056-20260620_230016-p9016_readchain_dedup_training_1m/work_outputs/hickit_like_dup100_pairwise/hickit_like_dup100_pairwise
[M::hk_bmap_gen] generated 5266 beads
[M::hk_bmap_gen] 359194 bin pairs
[M::hk_bmap_gen] generated 5266 beads
[M::hk_bmap_gen] 359194 bin pairs
minimal P9016[1m]: status=OK final_entropy=0.30454203 final_pU=0.21968064
minimal P9016: summary /mnt/ssd/zliu/phase3/test_res/056-20260620_230016-p9016_readchain_dedup_training_1m/work_outputs/hickit_like_dup100_pairwise/matrix_summary.tsv
