minimal P9016: input=/mnt/ssd/zliu/phase3/test_res/056-20260620_230016-p9016_readchain_dedup_training_1m/exports/sharec/readchain_dup100_maxseg8_adjacent.pairs.gz output_root=/mnt/ssd/zliu/phase3/test_res/056-20260620_230016-p9016_readchain_dedup_training_1m/work_outputs/readchain_adjacent_joint config=readchain_adjacent_joint baseline=softall n_iter=100 relax_steps=100 relax_step=0.012 chain=0 init_mode=unphased_scaffold_split init_eps=0.5 init_noise=0 init_scale=10 init_seed=17 min_sep=0 lambda_sep=0 lambda_copytrack=0 lambda_global_copytrack=0 init_coord_anchor_k=0 trans_chr_pair_prior_lambda=0 trans_chr_pair_prior_eps=0.001 trans_chr_pair_prior_power=1 trans_chr_pair_prior_warmup_iter=0 trans_chr_pair_mstep_lambda=0 trans_chr_pair_mstep_eps=0.001 trans_chr_pair_mstep_power=1 trans_chr_pair_mstep_warmup_iter=0 d_scale_mode=posterior_count d_scale_input=posterior_count d_scale_formula=n_raw*posterior_prob^1 d_scale_gamma=1 trans_d_scale_gamma=1 d_scale_eps=1e-06 trans_k_multiplier=1 trans_dscale_multiplier=1 trans_top1_mode=off trans_top1_min_pmax=1 trans_top1_min_margin=1 trans_top1_mix_weight=0 trans_gate_mode=off trans_gate_min_pmax=1 trans_gate_min_margin=1 trans_gate_min_neg_entropy=-1.3862944 readgroup_mode=joint_marginal readgroup_max_segments=8 readgroup_eps=1e-06 relax_backend=gpu
minimal P9016: stage 1/1 name=1m bin_size_bp=1000000 parent=0
[M::hk_map_read] read 4304745 pairs
[M::hk_bmap_gen] generated 2633 beads
[M::hk_bmap_gen] 537942 bin pairs
minimal P9016[1m]: build binned contacts train_raw=4304745 heldout_raw=0 heldout_fraction=0
minimal P9016[1m]: init mode=unphased_scaffold_split seed=17 scale=10
[M::hk_fdg] mid_dist:1000000 max_nei:175
[M::hk_fdg1_cpu] iter:10 elapsed:0.37s rep_coef:0.2092 RMS_force:407.1561 n_rep:42.2423 energy:25.0487,9.1522,0.0050 dist:5.6100,8.3771,1.4482
[M::hk_fdg1_cpu] iter:20 elapsed:0.89s rep_coef:0.6615 RMS_force:380.8113 n_rep:154.4702 energy:7.9083,5.0283,0.0177 dist:3.4297,5.4291,1.4026
[M::hk_fdg1_cpu] iter:30 elapsed:1.92s rep_coef:0.9352 RMS_force:276.6183 n_rep:588.7372 energy:1.9254,1.8150,0.0366 dist:1.9927,2.9418,1.2383
[M::hk_fdg1_cpu] iter:40 elapsed:3.44s rep_coef:0.9907 RMS_force:173.9484 n_rep:842.9552 energy:0.5590,0.7694,0.0425 dist:1.4116,2.0410,1.1855
[M::hk_fdg1_cpu] iter:50 elapsed:5.08s rep_coef:0.9987 RMS_force:132.3416 n_rep:906.5625 energy:0.1955,0.5049,0.0421 dist:1.0679,1.7989,1.1874
minimal P9016[1m]: run softall, n_iter=100 relax_steps=100 relax_step=0.012 relax_backend=gpu
[M::hk_bmap_gen] generated 5266 beads
[M::hk_bmap_gen] 829717 bin pairs
[M::hk_bmap_gen] generated 5266 beads
[M::hk_bmap_gen] 829717 bin pairs
[M::blind-gpu] prepared pair buffers: n_diploid=5266 n_pairs=834914 n_block_keys=1659724 n_steps=100
[I::fdg-gpu] blocklist CSR ready: edges=1659724 avg_deg=315.18 max_deg=4864
[M::hk_bmap_gen] generated 5266 beads
[M::hk_bmap_gen] 681666 bin pairs
[M::hk_bmap_gen] generated 5266 beads
[M::hk_bmap_gen] 681666 bin pairs
[M::blind-gpu] prepared pair buffers: n_diploid=5266 n_pairs=686748 n_block_keys=1363392 n_steps=100
[I::fdg-gpu] blocklist CSR ready: edges=1363392 avg_deg=258.90 max_deg=4200
[M::hk_bmap_gen] generated 5266 beads
[M::hk_bmap_gen] 596934 bin pairs
[M::hk_bmap_gen] generated 5266 beads
[M::hk_bmap_gen] 596934 bin pairs
[M::blind-gpu] prepared pair buffers: n_diploid=5266 n_pairs=602000 n_block_keys=1193898 n_steps=100
[I::fdg-gpu] blocklist CSR ready: edges=1193898 avg_deg=226.72 max_deg=3678
[M::hk_bmap_gen] generated 5266 beads
[M::hk_bmap_gen] 555196 bin pairs
[M::hk_bmap_gen] generated 5266 beads
[M::hk_bmap_gen] 555196 bin pairs
[M::blind-gpu] prepared pair buffers: n_diploid=5266 n_pairs=560256 n_block_keys=1110412 n_steps=100
[I::fdg-gpu] blocklist CSR ready: edges=1110412 avg_deg=210.86 max_deg=3814
[M::hk_bmap_gen] generated 5266 beads
[M::hk_bmap_gen] 540601 bin pairs
[M::hk_bmap_gen] generated 5266 beads
[M::hk_bmap_gen] 540601 bin pairs
[M::blind-gpu] prepared pair buffers: n_diploid=5266 n_pairs=545673 n_block_keys=1081252 n_steps=100
[I::fdg-gpu] blocklist CSR ready: edges=1081252 avg_deg=205.33 max_deg=3439
[M::hk_bmap_gen] generated 5266 beads
[M::hk_bmap_gen] 536019 bin pairs
[M::hk_bmap_gen] generated 5266 beads
[M::hk_bmap_gen] 536019 bin pairs
[M::blind-gpu] prepared pair buffers: n_diploid=5266 n_pairs=541102 n_block_keys=1072102 n_steps=100
[I::fdg-gpu] blocklist CSR ready: edges=1072102 avg_deg=203.59 max_deg=3524
[M::hk_bmap_gen] generated 5266 beads
[M::hk_bmap_gen] 526387 bin pairs
[M::hk_bmap_gen] generated 5266 beads
[M::hk_bmap_gen] 526387 bin pairs
[M::blind-gpu] prepared pair buffers: n_diploid=5266 n_pairs=531480 n_block_keys=1052854 n_steps=100
[I::fdg-gpu] blocklist CSR ready: edges=1052854 avg_deg=199.93 max_deg=3396
[M::hk_bmap_gen] generated 5266 beads
[M::hk_bmap_gen] 518292 bin pairs
[M::hk_bmap_gen] generated 5266 beads
[M::hk_bmap_gen] 518292 bin pairs
[M::blind-gpu] prepared pair buffers: n_diploid=5266 n_pairs=523404 n_block_keys=1036704 n_steps=100
[I::fdg-gpu] blocklist CSR ready: edges=1036704 avg_deg=196.87 max_deg=3368
[M::hk_bmap_gen] generated 5266 beads
[M::hk_bmap_gen] 508384 bin pairs
[M::hk_bmap_gen] generated 5266 beads
[M::hk_bmap_gen] 508384 bin pairs
[M::blind-gpu] prepared pair buffers: n_diploid=5266 n_pairs=513513 n_block_keys=1016932 n_steps=100
[I::fdg-gpu] blocklist CSR ready: edges=1016932 avg_deg=193.11 max_deg=3422
[M::hk_bmap_gen] generated 5266 beads
[M::hk_bmap_gen] 499226 bin pairs
[M::hk_bmap_gen] generated 5266 beads
[M::hk_bmap_gen] 499226 bin pairs
[M::blind-gpu] prepared pair buffers: n_diploid=5266 n_pairs=504341 n_block_keys=998596 n_steps=100
[I::fdg-gpu] blocklist CSR ready: edges=998596 avg_deg=189.63 max_deg=3378
[M::hk_bmap_gen] generated 5266 beads
[M::hk_bmap_gen] 489742 bin pairs
[M::hk_bmap_gen] generated 5266 beads
[M::hk_bmap_gen] 489742 bin pairs
[M::blind-gpu] prepared pair buffers: n_diploid=5266 n_pairs=494836 n_block_keys=979586 n_steps=100
[I::fdg-gpu] blocklist CSR ready: edges=979586 avg_deg=186.02 max_deg=3412
[M::hk_bmap_gen] generated 5266 beads
[M::hk_bmap_gen] 472390 bin pairs
[M::hk_bmap_gen] generated 5266 beads
[M::hk_bmap_gen] 472390 bin pairs
[M::blind-gpu] prepared pair buffers: n_diploid=5266 n_pairs=477523 n_block_keys=944958 n_steps=100
[I::fdg-gpu] blocklist CSR ready: edges=944958 avg_deg=179.45 max_deg=3329
[M::hk_bmap_gen] generated 5266 beads
[M::hk_bmap_gen] 458307 bin pairs
[M::hk_bmap_gen] generated 5266 beads
[M::hk_bmap_gen] 458307 bin pairs
[M::blind-gpu] prepared pair buffers: n_diploid=5266 n_pairs=463434 n_block_keys=916784 n_steps=100
[I::fdg-gpu] blocklist CSR ready: edges=916784 avg_deg=174.09 max_deg=3315
[M::hk_bmap_gen] generated 5266 beads
[M::hk_bmap_gen] 476299 bin pairs
[M::hk_bmap_gen] generated 5266 beads
[M::hk_bmap_gen] 476299 bin pairs
[M::blind-gpu] prepared pair buffers: n_diploid=5266 n_pairs=481354 n_block_keys=952622 n_steps=100
[I::fdg-gpu] blocklist CSR ready: edges=952622 avg_deg=180.90 max_deg=3340
[M::hk_bmap_gen] generated 5266 beads
[M::hk_bmap_gen] 462076 bin pairs
[M::hk_bmap_gen] generated 5266 beads
[M::hk_bmap_gen] 462076 bin pairs
[M::blind-gpu] prepared pair buffers: n_diploid=5266 n_pairs=467222 n_block_keys=924360 n_steps=100
[I::fdg-gpu] blocklist CSR ready: edges=924360 avg_deg=175.53 max_deg=3326
[M::hk_bmap_gen] generated 5266 beads
[M::hk_bmap_gen] 478505 bin pairs
[M::hk_bmap_gen] generated 5266 beads
[M::hk_bmap_gen] 478505 bin pairs
[M::blind-gpu] prepared pair buffers: n_diploid=5266 n_pairs=483531 n_block_keys=956992 n_steps=100
[I::fdg-gpu] blocklist CSR ready: edges=956992 avg_deg=181.73 max_deg=3308
[M::hk_bmap_gen] generated 5266 beads
[M::hk_bmap_gen] 465597 bin pairs
[M::hk_bmap_gen] generated 5266 beads
[M::hk_bmap_gen] 465597 bin pairs
[M::blind-gpu] prepared pair buffers: n_diploid=5266 n_pairs=470751 n_block_keys=931408 n_steps=100
[I::fdg-gpu] blocklist CSR ready: edges=931408 avg_deg=176.87 max_deg=3319
[M::hk_bmap_gen] generated 5266 beads
[M::hk_bmap_gen] 453616 bin pairs
[M::hk_bmap_gen] generated 5266 beads
[M::hk_bmap_gen] 453616 bin pairs
[M::blind-gpu] prepared pair buffers: n_diploid=5266 n_pairs=458779 n_block_keys=907472 n_steps=100
[I::fdg-gpu] blocklist CSR ready: edges=907472 avg_deg=172.33 max_deg=3194
[M::hk_bmap_gen] generated 5266 beads
[M::hk_bmap_gen] 519033 bin pairs
[M::hk_bmap_gen] generated 5266 beads
[M::hk_bmap_gen] 519033 bin pairs
[M::blind-gpu] prepared pair buffers: n_diploid=5266 n_pairs=523964 n_block_keys=1038586 n_steps=100
[I::fdg-gpu] blocklist CSR ready: edges=1038586 avg_deg=197.22 max_deg=3496
[M::hk_bmap_gen] generated 5266 beads
[M::hk_bmap_gen] 519624 bin pairs
[M::hk_bmap_gen] generated 5266 beads
[M::hk_bmap_gen] 519624 bin pairs
[M::blind-gpu] prepared pair buffers: n_diploid=5266 n_pairs=524706 n_block_keys=1039336 n_steps=100
[I::fdg-gpu] blocklist CSR ready: edges=1039336 avg_deg=197.37 max_deg=3357
[M::hk_bmap_gen] generated 5266 beads
[M::hk_bmap_gen] 489438 bin pairs
[M::hk_bmap_gen] generated 5266 beads
[M::hk_bmap_gen] 489438 bin pairs
[M::blind-gpu] prepared pair buffers: n_diploid=5266 n_pairs=494572 n_block_keys=979060 n_steps=100
[I::fdg-gpu] blocklist CSR ready: edges=979060 avg_deg=185.92 max_deg=3292
[M::hk_bmap_gen] generated 5266 beads
[M::hk_bmap_gen] 474272 bin pairs
[M::hk_bmap_gen] generated 5266 beads
[M::hk_bmap_gen] 474272 bin pairs
[M::blind-gpu] prepared pair buffers: n_diploid=5266 n_pairs=479400 n_block_keys=948714 n_steps=100
[I::fdg-gpu] blocklist CSR ready: edges=948714 avg_deg=180.16 max_deg=3156
[M::hk_bmap_gen] generated 5266 beads
[M::hk_bmap_gen] 460780 bin pairs
[M::hk_bmap_gen] generated 5266 beads
[M::hk_bmap_gen] 460780 bin pairs
[M::blind-gpu] prepared pair buffers: n_diploid=5266 n_pairs=465943 n_block_keys=921796 n_steps=100
[I::fdg-gpu] blocklist CSR ready: edges=921796 avg_deg=175.05 max_deg=3062
[M::hk_bmap_gen] generated 5266 beads
[M::hk_bmap_gen] 510056 bin pairs
[M::hk_bmap_gen] generated 5266 beads
[M::hk_bmap_gen] 510056 bin pairs
[M::blind-gpu] prepared pair buffers: n_diploid=5266 n_pairs=514940 n_block_keys=1020308 n_steps=100
[I::fdg-gpu] blocklist CSR ready: edges=1020308 avg_deg=193.75 max_deg=3297
[M::hk_bmap_gen] generated 5266 beads
[M::hk_bmap_gen] 497955 bin pairs
[M::hk_bmap_gen] generated 5266 beads
[M::hk_bmap_gen] 497955 bin pairs
[M::blind-gpu] prepared pair buffers: n_diploid=5266 n_pairs=503061 n_block_keys=996030 n_steps=100
[I::fdg-gpu] blocklist CSR ready: edges=996030 avg_deg=189.14 max_deg=3109
[M::hk_bmap_gen] generated 5266 beads
[M::hk_bmap_gen] 474316 bin pairs
[M::hk_bmap_gen] generated 5266 beads
[M::hk_bmap_gen] 474316 bin pairs
[M::blind-gpu] prepared pair buffers: n_diploid=5266 n_pairs=479479 n_block_keys=948866 n_steps=100
[I::fdg-gpu] blocklist CSR ready: edges=948866 avg_deg=180.19 max_deg=3265
[M::hk_bmap_gen] generated 5266 beads
[M::hk_bmap_gen] 462217 bin pairs
[M::hk_bmap_gen] generated 5266 beads
[M::hk_bmap_gen] 462217 bin pairs
[M::blind-gpu] prepared pair buffers: n_diploid=5266 n_pairs=467397 n_block_keys=924704 n_steps=100
[I::fdg-gpu] blocklist CSR ready: edges=924704 avg_deg=175.60 max_deg=2920
[M::hk_bmap_gen] generated 5266 beads
[M::hk_bmap_gen] 518240 bin pairs
[M::hk_bmap_gen] generated 5266 beads
[M::hk_bmap_gen] 518240 bin pairs
[M::blind-gpu] prepared pair buffers: n_diploid=5266 n_pairs=523189 n_block_keys=1036952 n_steps=100
[I::fdg-gpu] blocklist CSR ready: edges=1036952 avg_deg=196.91 max_deg=3487
[M::hk_bmap_gen] generated 5266 beads
[M::hk_bmap_gen] 518063 bin pairs
[M::hk_bmap_gen] generated 5266 beads
[M::hk_bmap_gen] 518063 bin pairs
[M::blind-gpu] prepared pair buffers: n_diploid=5266 n_pairs=523155 n_block_keys=1036226 n_steps=100
[I::fdg-gpu] blocklist CSR ready: edges=1036226 avg_deg=196.78 max_deg=3338
[M::hk_bmap_gen] generated 5266 beads
[M::hk_bmap_gen] 489109 bin pairs
[M::hk_bmap_gen] generated 5266 beads
[M::hk_bmap_gen] 489109 bin pairs
[M::blind-gpu] prepared pair buffers: n_diploid=5266 n_pairs=494246 n_block_keys=978396 n_steps=100
[I::fdg-gpu] blocklist CSR ready: edges=978396 avg_deg=185.79 max_deg=3368
[M::hk_bmap_gen] generated 5266 beads
[M::hk_bmap_gen] 477539 bin pairs
[M::hk_bmap_gen] generated 5266 beads
[M::hk_bmap_gen] 477539 bin pairs
[M::blind-gpu] prepared pair buffers: n_diploid=5266 n_pairs=482707 n_block_keys=955316 n_steps=100
[I::fdg-gpu] blocklist CSR ready: edges=955316 avg_deg=181.41 max_deg=3410
[M::hk_bmap_gen] generated 5266 beads
[M::hk_bmap_gen] 466468 bin pairs
[M::hk_bmap_gen] generated 5266 beads
[M::hk_bmap_gen] 466468 bin pairs
[M::blind-gpu] prepared pair buffers: n_diploid=5266 n_pairs=471645 n_block_keys=933198 n_steps=100
[I::fdg-gpu] blocklist CSR ready: edges=933198 avg_deg=177.21 max_deg=3210
[M::hk_bmap_gen] generated 5266 beads
[M::hk_bmap_gen] 476078 bin pairs
[M::hk_bmap_gen] generated 5266 beads
[M::hk_bmap_gen] 476078 bin pairs
[M::blind-gpu] prepared pair buffers: n_diploid=5266 n_pairs=481126 n_block_keys=952172 n_steps=100
[I::fdg-gpu] blocklist CSR ready: edges=952172 avg_deg=180.82 max_deg=3346
[M::hk_bmap_gen] generated 5266 beads
[M::hk_bmap_gen] 473083 bin pairs
[M::hk_bmap_gen] generated 5266 beads
[M::hk_bmap_gen] 473083 bin pairs
[M::blind-gpu] prepared pair buffers: n_diploid=5266 n_pairs=478265 n_block_keys=946434 n_steps=100
[I::fdg-gpu] blocklist CSR ready: edges=946434 avg_deg=179.73 max_deg=3111
[M::hk_bmap_gen] generated 5266 beads
[M::hk_bmap_gen] 509768 bin pairs
[M::hk_bmap_gen] generated 5266 beads
[M::hk_bmap_gen] 509768 bin pairs
[M::blind-gpu] prepared pair buffers: n_diploid=5266 n_pairs=514743 n_block_keys=1019854 n_steps=100
[I::fdg-gpu] blocklist CSR ready: edges=1019854 avg_deg=193.67 max_deg=3545
[M::hk_bmap_gen] generated 5266 beads
[M::hk_bmap_gen] 506188 bin pairs
[M::hk_bmap_gen] generated 5266 beads
[M::hk_bmap_gen] 506188 bin pairs
[M::blind-gpu] prepared pair buffers: n_diploid=5266 n_pairs=511331 n_block_keys=1012566 n_steps=100
[I::fdg-gpu] blocklist CSR ready: edges=1012566 avg_deg=192.28 max_deg=3235
[M::hk_bmap_gen] generated 5266 beads
[M::hk_bmap_gen] 485961 bin pairs
[M::hk_bmap_gen] generated 5266 beads
[M::hk_bmap_gen] 485961 bin pairs
[M::blind-gpu] prepared pair buffers: n_diploid=5266 n_pairs=491109 n_block_keys=972124 n_steps=100
[I::fdg-gpu] blocklist CSR ready: edges=972124 avg_deg=184.60 max_deg=3466
[M::hk_bmap_gen] generated 5266 beads
[M::hk_bmap_gen] 473544 bin pairs
[M::hk_bmap_gen] generated 5266 beads
[M::hk_bmap_gen] 473544 bin pairs
[M::blind-gpu] prepared pair buffers: n_diploid=5266 n_pairs=478722 n_block_keys=947354 n_steps=100
[I::fdg-gpu] blocklist CSR ready: edges=947354 avg_deg=179.90 max_deg=3040
[M::hk_bmap_gen] generated 5266 beads
[M::hk_bmap_gen] 478722 bin pairs
[M::hk_bmap_gen] generated 5266 beads
[M::hk_bmap_gen] 478722 bin pairs
[M::blind-gpu] prepared pair buffers: n_diploid=5266 n_pairs=483808 n_block_keys=957532 n_steps=100
[I::fdg-gpu] blocklist CSR ready: edges=957532 avg_deg=181.83 max_deg=3396
[M::hk_bmap_gen] generated 5266 beads
[M::hk_bmap_gen] 473581 bin pairs
[M::hk_bmap_gen] generated 5266 beads
[M::hk_bmap_gen] 473581 bin pairs
[M::blind-gpu] prepared pair buffers: n_diploid=5266 n_pairs=478735 n_block_keys=947382 n_steps=100
[I::fdg-gpu] blocklist CSR ready: edges=947382 avg_deg=179.91 max_deg=3073
[M::hk_bmap_gen] generated 5266 beads
[M::hk_bmap_gen] 461704 bin pairs
[M::hk_bmap_gen] generated 5266 beads
[M::hk_bmap_gen] 461704 bin pairs
[M::blind-gpu] prepared pair buffers: n_diploid=5266 n_pairs=466896 n_block_keys=923704 n_steps=100
[I::fdg-gpu] blocklist CSR ready: edges=923704 avg_deg=175.41 max_deg=3158
[M::hk_bmap_gen] generated 5266 beads
[M::hk_bmap_gen] 506920 bin pairs
[M::hk_bmap_gen] generated 5266 beads
[M::hk_bmap_gen] 506920 bin pairs
[M::blind-gpu] prepared pair buffers: n_diploid=5266 n_pairs=511857 n_block_keys=1014080 n_steps=100
[I::fdg-gpu] blocklist CSR ready: edges=1014080 avg_deg=192.57 max_deg=3243
[M::hk_bmap_gen] generated 5266 beads
[M::hk_bmap_gen] 505605 bin pairs
[M::hk_bmap_gen] generated 5266 beads
[M::hk_bmap_gen] 505605 bin pairs
[M::blind-gpu] prepared pair buffers: n_diploid=5266 n_pairs=510734 n_block_keys=1011376 n_steps=100
[I::fdg-gpu] blocklist CSR ready: edges=1011376 avg_deg=192.06 max_deg=3500
[M::hk_bmap_gen] generated 5266 beads
[M::hk_bmap_gen] 482734 bin pairs
[M::hk_bmap_gen] generated 5266 beads
[M::hk_bmap_gen] 482734 bin pairs
[M::blind-gpu] prepared pair buffers: n_diploid=5266 n_pairs=487902 n_block_keys=965712 n_steps=100
[I::fdg-gpu] blocklist CSR ready: edges=965712 avg_deg=183.39 max_deg=3113
[M::hk_bmap_gen] generated 5266 beads
[M::hk_bmap_gen] 474482 bin pairs
[M::hk_bmap_gen] generated 5266 beads
[M::hk_bmap_gen] 474482 bin pairs
[M::blind-gpu] prepared pair buffers: n_diploid=5266 n_pairs=479653 n_block_keys=949218 n_steps=100
[I::fdg-gpu] blocklist CSR ready: edges=949218 avg_deg=180.25 max_deg=3200
[M::hk_bmap_gen] generated 5266 beads
[M::hk_bmap_gen] 466210 bin pairs
[M::hk_bmap_gen] generated 5266 beads
[M::hk_bmap_gen] 466210 bin pairs
[M::blind-gpu] prepared pair buffers: n_diploid=5266 n_pairs=471404 n_block_keys=932714 n_steps=100
[I::fdg-gpu] blocklist CSR ready: edges=932714 avg_deg=177.12 max_deg=3052
[M::hk_bmap_gen] generated 5266 beads
[M::hk_bmap_gen] 469179 bin pairs
[M::hk_bmap_gen] generated 5266 beads
[M::hk_bmap_gen] 469179 bin pairs
[M::blind-gpu] prepared pair buffers: n_diploid=5266 n_pairs=474226 n_block_keys=938370 n_steps=100
[I::fdg-gpu] blocklist CSR ready: edges=938370 avg_deg=178.19 max_deg=3198
[M::hk_bmap_gen] generated 5266 beads
[M::hk_bmap_gen] 466020 bin pairs
[M::hk_bmap_gen] generated 5266 beads
[M::hk_bmap_gen] 466020 bin pairs
[M::blind-gpu] prepared pair buffers: n_diploid=5266 n_pairs=471202 n_block_keys=932310 n_steps=100
[I::fdg-gpu] blocklist CSR ready: edges=932310 avg_deg=177.04 max_deg=3113
[M::hk_bmap_gen] generated 5266 beads
[M::hk_bmap_gen] 468773 bin pairs
[M::hk_bmap_gen] generated 5266 beads
[M::hk_bmap_gen] 468773 bin pairs
[M::blind-gpu] prepared pair buffers: n_diploid=5266 n_pairs=473874 n_block_keys=937656 n_steps=100
[I::fdg-gpu] blocklist CSR ready: edges=937656 avg_deg=178.06 max_deg=3204
[M::hk_bmap_gen] generated 5266 beads
[M::hk_bmap_gen] 465275 bin pairs
[M::hk_bmap_gen] generated 5266 beads
[M::hk_bmap_gen] 465275 bin pairs
[M::blind-gpu] prepared pair buffers: n_diploid=5266 n_pairs=470448 n_block_keys=930802 n_steps=100
[I::fdg-gpu] blocklist CSR ready: edges=930802 avg_deg=176.76 max_deg=3148
[M::hk_bmap_gen] generated 5266 beads
[M::hk_bmap_gen] 460365 bin pairs
[M::hk_bmap_gen] generated 5266 beads
[M::hk_bmap_gen] 460365 bin pairs
[M::blind-gpu] prepared pair buffers: n_diploid=5266 n_pairs=465538 n_block_keys=920982 n_steps=100
[I::fdg-gpu] blocklist CSR ready: edges=920982 avg_deg=174.89 max_deg=3064
[M::hk_bmap_gen] generated 5266 beads
[M::hk_bmap_gen] 457596 bin pairs
[M::hk_bmap_gen] generated 5266 beads
[M::hk_bmap_gen] 457596 bin pairs
[M::blind-gpu] prepared pair buffers: n_diploid=5266 n_pairs=462767 n_block_keys=915442 n_steps=100
[I::fdg-gpu] blocklist CSR ready: edges=915442 avg_deg=173.84 max_deg=3132
[M::hk_bmap_gen] generated 5266 beads
[M::hk_bmap_gen] 456632 bin pairs
[M::hk_bmap_gen] generated 5266 beads
[M::hk_bmap_gen] 456632 bin pairs
[M::blind-gpu] prepared pair buffers: n_diploid=5266 n_pairs=461798 n_block_keys=913504 n_steps=100
[I::fdg-gpu] blocklist CSR ready: edges=913504 avg_deg=173.47 max_deg=2982
[M::hk_bmap_gen] generated 5266 beads
[M::hk_bmap_gen] 455223 bin pairs
[M::hk_bmap_gen] generated 5266 beads
[M::hk_bmap_gen] 455223 bin pairs
[M::blind-gpu] prepared pair buffers: n_diploid=5266 n_pairs=460374 n_block_keys=910654 n_steps=100
[I::fdg-gpu] blocklist CSR ready: edges=910654 avg_deg=172.93 max_deg=3097
[M::hk_bmap_gen] generated 5266 beads
[M::hk_bmap_gen] 459059 bin pairs
[M::hk_bmap_gen] generated 5266 beads
[M::hk_bmap_gen] 459059 bin pairs
[M::blind-gpu] prepared pair buffers: n_diploid=5266 n_pairs=464110 n_block_keys=918144 n_steps=100
[I::fdg-gpu] blocklist CSR ready: edges=918144 avg_deg=174.35 max_deg=3004
[M::hk_bmap_gen] generated 5266 beads
[M::hk_bmap_gen] 455047 bin pairs
[M::hk_bmap_gen] generated 5266 beads
[M::hk_bmap_gen] 455047 bin pairs
[M::blind-gpu] prepared pair buffers: n_diploid=5266 n_pairs=460217 n_block_keys=910340 n_steps=100
[I::fdg-gpu] blocklist CSR ready: edges=910340 avg_deg=172.87 max_deg=3071
[M::hk_bmap_gen] generated 5266 beads
[M::hk_bmap_gen] 503501 bin pairs
[M::hk_bmap_gen] generated 5266 beads
[M::hk_bmap_gen] 503501 bin pairs
[M::blind-gpu] prepared pair buffers: n_diploid=5266 n_pairs=508416 n_block_keys=1007314 n_steps=100
[I::fdg-gpu] blocklist CSR ready: edges=1007314 avg_deg=191.29 max_deg=3353
[M::hk_bmap_gen] generated 5266 beads
[M::hk_bmap_gen] 503136 bin pairs
[M::hk_bmap_gen] generated 5266 beads
[M::hk_bmap_gen] 503136 bin pairs
[M::blind-gpu] prepared pair buffers: n_diploid=5266 n_pairs=508240 n_block_keys=1006388 n_steps=100
[I::fdg-gpu] blocklist CSR ready: edges=1006388 avg_deg=191.11 max_deg=3343
[M::hk_bmap_gen] generated 5266 beads
[M::hk_bmap_gen] 478134 bin pairs
[M::hk_bmap_gen] generated 5266 beads
[M::hk_bmap_gen] 478134 bin pairs
[M::blind-gpu] prepared pair buffers: n_diploid=5266 n_pairs=483271 n_block_keys=956446 n_steps=100
[I::fdg-gpu] blocklist CSR ready: edges=956446 avg_deg=181.63 max_deg=3337
[M::hk_bmap_gen] generated 5266 beads
[M::hk_bmap_gen] 468476 bin pairs
[M::hk_bmap_gen] generated 5266 beads
[M::hk_bmap_gen] 468476 bin pairs
[M::blind-gpu] prepared pair buffers: n_diploid=5266 n_pairs=473637 n_block_keys=937174 n_steps=100
[I::fdg-gpu] blocklist CSR ready: edges=937174 avg_deg=177.97 max_deg=3156
[M::hk_bmap_gen] generated 5266 beads
[M::hk_bmap_gen] 460726 bin pairs
[M::hk_bmap_gen] generated 5266 beads
[M::hk_bmap_gen] 460726 bin pairs
[M::blind-gpu] prepared pair buffers: n_diploid=5266 n_pairs=465905 n_block_keys=921714 n_steps=100
[I::fdg-gpu] blocklist CSR ready: edges=921714 avg_deg=175.03 max_deg=3018
[M::hk_bmap_gen] generated 5266 beads
[M::hk_bmap_gen] 505486 bin pairs
[M::hk_bmap_gen] generated 5266 beads
[M::hk_bmap_gen] 505486 bin pairs
[M::blind-gpu] prepared pair buffers: n_diploid=5266 n_pairs=510426 n_block_keys=1011242 n_steps=100
[I::fdg-gpu] blocklist CSR ready: edges=1011242 avg_deg=192.03 max_deg=3438
[M::hk_bmap_gen] generated 5266 beads
[M::hk_bmap_gen] 500930 bin pairs
[M::hk_bmap_gen] generated 5266 beads
[M::hk_bmap_gen] 500930 bin pairs
[M::blind-gpu] prepared pair buffers: n_diploid=5266 n_pairs=506039 n_block_keys=1001986 n_steps=100
[I::fdg-gpu] blocklist CSR ready: edges=1001986 avg_deg=190.27 max_deg=3328
[M::hk_bmap_gen] generated 5266 beads
[M::hk_bmap_gen] 477361 bin pairs
[M::hk_bmap_gen] generated 5266 beads
[M::hk_bmap_gen] 477361 bin pairs
[M::blind-gpu] prepared pair buffers: n_diploid=5266 n_pairs=482522 n_block_keys=954946 n_steps=100
[I::fdg-gpu] blocklist CSR ready: edges=954946 avg_deg=181.34 max_deg=3269
[M::hk_bmap_gen] generated 5266 beads
[M::hk_bmap_gen] 468824 bin pairs
[M::hk_bmap_gen] generated 5266 beads
[M::hk_bmap_gen] 468824 bin pairs
[M::blind-gpu] prepared pair buffers: n_diploid=5266 n_pairs=473976 n_block_keys=937852 n_steps=100
[I::fdg-gpu] blocklist CSR ready: edges=937852 avg_deg=178.10 max_deg=3029
[M::hk_bmap_gen] generated 5266 beads
[M::hk_bmap_gen] 460682 bin pairs
[M::hk_bmap_gen] generated 5266 beads
[M::hk_bmap_gen] 460682 bin pairs
[M::blind-gpu] prepared pair buffers: n_diploid=5266 n_pairs=465862 n_block_keys=921628 n_steps=100
[I::fdg-gpu] blocklist CSR ready: edges=921628 avg_deg=175.01 max_deg=3063
[M::hk_bmap_gen] generated 5266 beads
[M::hk_bmap_gen] 506143 bin pairs
[M::hk_bmap_gen] generated 5266 beads
[M::hk_bmap_gen] 506143 bin pairs
[M::blind-gpu] prepared pair buffers: n_diploid=5266 n_pairs=511077 n_block_keys=1012546 n_steps=100
[I::fdg-gpu] blocklist CSR ready: edges=1012546 avg_deg=192.28 max_deg=3218
[M::hk_bmap_gen] generated 5266 beads
[M::hk_bmap_gen] 507528 bin pairs
[M::hk_bmap_gen] generated 5266 beads
[M::hk_bmap_gen] 507528 bin pairs
[M::blind-gpu] prepared pair buffers: n_diploid=5266 n_pairs=512648 n_block_keys=1015202 n_steps=100
[I::fdg-gpu] blocklist CSR ready: edges=1015202 avg_deg=192.78 max_deg=3373
[M::hk_bmap_gen] generated 5266 beads
[M::hk_bmap_gen] 482929 bin pairs
[M::hk_bmap_gen] generated 5266 beads
[M::hk_bmap_gen] 482929 bin pairs
[M::blind-gpu] prepared pair buffers: n_diploid=5266 n_pairs=488092 n_block_keys=966086 n_steps=100
[I::fdg-gpu] blocklist CSR ready: edges=966086 avg_deg=183.46 max_deg=3123
[M::hk_bmap_gen] generated 5266 beads
[M::hk_bmap_gen] 473983 bin pairs
[M::hk_bmap_gen] generated 5266 beads
[M::hk_bmap_gen] 473983 bin pairs
[M::blind-gpu] prepared pair buffers: n_diploid=5266 n_pairs=479126 n_block_keys=948156 n_steps=100
[I::fdg-gpu] blocklist CSR ready: edges=948156 avg_deg=180.05 max_deg=3244
[M::hk_bmap_gen] generated 5266 beads
[M::hk_bmap_gen] 465746 bin pairs
[M::hk_bmap_gen] generated 5266 beads
[M::hk_bmap_gen] 465746 bin pairs
[M::blind-gpu] prepared pair buffers: n_diploid=5266 n_pairs=470941 n_block_keys=931786 n_steps=100
[I::fdg-gpu] blocklist CSR ready: edges=931786 avg_deg=176.94 max_deg=2906
[M::hk_bmap_gen] generated 5266 beads
[M::hk_bmap_gen] 469064 bin pairs
[M::hk_bmap_gen] generated 5266 beads
[M::hk_bmap_gen] 469064 bin pairs
[M::blind-gpu] prepared pair buffers: n_diploid=5266 n_pairs=474118 n_block_keys=938142 n_steps=100
[I::fdg-gpu] blocklist CSR ready: edges=938142 avg_deg=178.15 max_deg=3258
[M::hk_bmap_gen] generated 5266 beads
[M::hk_bmap_gen] 469285 bin pairs
[M::hk_bmap_gen] generated 5266 beads
[M::hk_bmap_gen] 469285 bin pairs
[M::blind-gpu] prepared pair buffers: n_diploid=5266 n_pairs=474440 n_block_keys=938782 n_steps=100
[I::fdg-gpu] blocklist CSR ready: edges=938782 avg_deg=178.27 max_deg=2881
[M::hk_bmap_gen] generated 5266 beads
[M::hk_bmap_gen] 462037 bin pairs
[M::hk_bmap_gen] generated 5266 beads
[M::hk_bmap_gen] 462037 bin pairs
[M::blind-gpu] prepared pair buffers: n_diploid=5266 n_pairs=467239 n_block_keys=924380 n_steps=100
[I::fdg-gpu] blocklist CSR ready: edges=924380 avg_deg=175.54 max_deg=3056
[M::hk_bmap_gen] generated 5266 beads
[M::hk_bmap_gen] 463319 bin pairs
[M::hk_bmap_gen] generated 5266 beads
[M::hk_bmap_gen] 463319 bin pairs
[M::blind-gpu] prepared pair buffers: n_diploid=5266 n_pairs=468395 n_block_keys=926700 n_steps=100
[I::fdg-gpu] blocklist CSR ready: edges=926700 avg_deg=175.98 max_deg=2892
[M::hk_bmap_gen] generated 5266 beads
[M::hk_bmap_gen] 460474 bin pairs
[M::hk_bmap_gen] generated 5266 beads
[M::hk_bmap_gen] 460474 bin pairs
[M::blind-gpu] prepared pair buffers: n_diploid=5266 n_pairs=465635 n_block_keys=921172 n_steps=100
[I::fdg-gpu] blocklist CSR ready: edges=921172 avg_deg=174.93 max_deg=3084
[M::hk_bmap_gen] generated 5266 beads
[M::hk_bmap_gen] 463023 bin pairs
[M::hk_bmap_gen] generated 5266 beads
[M::hk_bmap_gen] 463023 bin pairs
[M::blind-gpu] prepared pair buffers: n_diploid=5266 n_pairs=468123 n_block_keys=926148 n_steps=100
[I::fdg-gpu] blocklist CSR ready: edges=926148 avg_deg=175.87 max_deg=2920
[M::hk_bmap_gen] generated 5266 beads
[M::hk_bmap_gen] 463699 bin pairs
[M::hk_bmap_gen] generated 5266 beads
[M::hk_bmap_gen] 463699 bin pairs
[M::blind-gpu] prepared pair buffers: n_diploid=5266 n_pairs=468839 n_block_keys=927578 n_steps=100
[I::fdg-gpu] blocklist CSR ready: edges=927578 avg_deg=176.14 max_deg=3175
[M::hk_bmap_gen] generated 5266 beads
[M::hk_bmap_gen] 453812 bin pairs
[M::hk_bmap_gen] generated 5266 beads
[M::hk_bmap_gen] 453812 bin pairs
[M::blind-gpu] prepared pair buffers: n_diploid=5266 n_pairs=459001 n_block_keys=907904 n_steps=100
[I::fdg-gpu] blocklist CSR ready: edges=907904 avg_deg=172.41 max_deg=2854
[M::hk_bmap_gen] generated 5266 beads
[M::hk_bmap_gen] 457484 bin pairs
[M::hk_bmap_gen] generated 5266 beads
[M::hk_bmap_gen] 457484 bin pairs
[M::blind-gpu] prepared pair buffers: n_diploid=5266 n_pairs=462585 n_block_keys=915080 n_steps=100
[I::fdg-gpu] blocklist CSR ready: edges=915080 avg_deg=173.77 max_deg=3233
[M::hk_bmap_gen] generated 5266 beads
[M::hk_bmap_gen] 451990 bin pairs
[M::hk_bmap_gen] generated 5266 beads
[M::hk_bmap_gen] 451990 bin pairs
[M::blind-gpu] prepared pair buffers: n_diploid=5266 n_pairs=457169 n_block_keys=904242 n_steps=100
[I::fdg-gpu] blocklist CSR ready: edges=904242 avg_deg=171.71 max_deg=2883
[M::hk_bmap_gen] generated 5266 beads
[M::hk_bmap_gen] 503327 bin pairs
[M::hk_bmap_gen] generated 5266 beads
[M::hk_bmap_gen] 503327 bin pairs
[M::blind-gpu] prepared pair buffers: n_diploid=5266 n_pairs=508224 n_block_keys=1006730 n_steps=100
[I::fdg-gpu] blocklist CSR ready: edges=1006730 avg_deg=191.18 max_deg=3486
[M::hk_bmap_gen] generated 5266 beads
[M::hk_bmap_gen] 504030 bin pairs
[M::hk_bmap_gen] generated 5266 beads
[M::hk_bmap_gen] 504030 bin pairs
[M::blind-gpu] prepared pair buffers: n_diploid=5266 n_pairs=509163 n_block_keys=1008232 n_steps=100
[I::fdg-gpu] blocklist CSR ready: edges=1008232 avg_deg=191.46 max_deg=3103
[M::hk_bmap_gen] generated 5266 beads
[M::hk_bmap_gen] 478375 bin pairs
[M::hk_bmap_gen] generated 5266 beads
[M::hk_bmap_gen] 478375 bin pairs
[M::blind-gpu] prepared pair buffers: n_diploid=5266 n_pairs=483535 n_block_keys=956974 n_steps=100
[I::fdg-gpu] blocklist CSR ready: edges=956974 avg_deg=181.73 max_deg=3346
[M::hk_bmap_gen] generated 5266 beads
[M::hk_bmap_gen] 464738 bin pairs
[M::hk_bmap_gen] generated 5266 beads
[M::hk_bmap_gen] 464738 bin pairs
[M::blind-gpu] prepared pair buffers: n_diploid=5266 n_pairs=469908 n_block_keys=929720 n_steps=100
[I::fdg-gpu] blocklist CSR ready: edges=929720 avg_deg=176.55 max_deg=2978
[M::hk_bmap_gen] generated 5266 beads
[M::hk_bmap_gen] 456079 bin pairs
[M::hk_bmap_gen] generated 5266 beads
[M::hk_bmap_gen] 456079 bin pairs
[M::blind-gpu] prepared pair buffers: n_diploid=5266 n_pairs=461258 n_block_keys=912418 n_steps=100
[I::fdg-gpu] blocklist CSR ready: edges=912418 avg_deg=173.27 max_deg=3206
[M::hk_bmap_gen] generated 5266 beads
[M::hk_bmap_gen] 504811 bin pairs
[M::hk_bmap_gen] generated 5266 beads
[M::hk_bmap_gen] 504811 bin pairs
[M::blind-gpu] prepared pair buffers: n_diploid=5266 n_pairs=509743 n_block_keys=1009788 n_steps=100
[I::fdg-gpu] blocklist CSR ready: edges=1009788 avg_deg=191.76 max_deg=3099
[M::hk_bmap_gen] generated 5266 beads
[M::hk_bmap_gen] 506145 bin pairs
[M::hk_bmap_gen] generated 5266 beads
[M::hk_bmap_gen] 506145 bin pairs
[M::blind-gpu] prepared pair buffers: n_diploid=5266 n_pairs=511264 n_block_keys=1012436 n_steps=100
[I::fdg-gpu] blocklist CSR ready: edges=1012436 avg_deg=192.26 max_deg=3561
[M::hk_bmap_gen] generated 5266 beads
[M::hk_bmap_gen] 479584 bin pairs
[M::hk_bmap_gen] generated 5266 beads
[M::hk_bmap_gen] 479584 bin pairs
[M::blind-gpu] prepared pair buffers: n_diploid=5266 n_pairs=484746 n_block_keys=959396 n_steps=100
[I::fdg-gpu] blocklist CSR ready: edges=959396 avg_deg=182.19 max_deg=3052
[M::hk_bmap_gen] generated 5266 beads
[M::hk_bmap_gen] 465055 bin pairs
[M::hk_bmap_gen] generated 5266 beads
[M::hk_bmap_gen] 465055 bin pairs
[M::blind-gpu] prepared pair buffers: n_diploid=5266 n_pairs=470232 n_block_keys=930368 n_steps=100
[I::fdg-gpu] blocklist CSR ready: edges=930368 avg_deg=176.67 max_deg=3472
[M::hk_bmap_gen] generated 5266 beads
[M::hk_bmap_gen] 455010 bin pairs
[M::hk_bmap_gen] generated 5266 beads
[M::hk_bmap_gen] 455010 bin pairs
[M::blind-gpu] prepared pair buffers: n_diploid=5266 n_pairs=460174 n_block_keys=910252 n_steps=100
[I::fdg-gpu] blocklist CSR ready: edges=910252 avg_deg=172.85 max_deg=2945
[M::hk_bmap_gen] generated 5266 beads
[M::hk_bmap_gen] 462402 bin pairs
[M::hk_bmap_gen] generated 5266 beads
[M::hk_bmap_gen] 462402 bin pairs
[M::blind-gpu] prepared pair buffers: n_diploid=5266 n_pairs=467502 n_block_keys=924902 n_steps=100
[I::fdg-gpu] blocklist CSR ready: edges=924902 avg_deg=175.64 max_deg=3473
[M::hk_bmap_gen] generated 5266 beads
[M::hk_bmap_gen] 455685 bin pairs
[M::hk_bmap_gen] generated 5266 beads
[M::hk_bmap_gen] 455685 bin pairs
[M::blind-gpu] prepared pair buffers: n_diploid=5266 n_pairs=460879 n_block_keys=911660 n_steps=100
[I::fdg-gpu] blocklist CSR ready: edges=911660 avg_deg=173.12 max_deg=2965
[M::hk_bmap_gen] generated 5266 beads
[M::hk_bmap_gen] 460809 bin pairs
[M::hk_bmap_gen] generated 5266 beads
[M::hk_bmap_gen] 460809 bin pairs
[M::blind-gpu] prepared pair buffers: n_diploid=5266 n_pairs=465896 n_block_keys=921698 n_steps=100
[I::fdg-gpu] blocklist CSR ready: edges=921698 avg_deg=175.03 max_deg=3455
[M::hk_bmap_gen] generated 5266 beads
[M::hk_bmap_gen] 455294 bin pairs
[M::hk_bmap_gen] generated 5266 beads
[M::hk_bmap_gen] 455294 bin pairs
[M::blind-gpu] prepared pair buffers: n_diploid=5266 n_pairs=460461 n_block_keys=910822 n_steps=100
[I::fdg-gpu] blocklist CSR ready: edges=910822 avg_deg=172.96 max_deg=2955
[M::hk_bmap_gen] generated 5266 beads
[M::hk_bmap_gen] 500574 bin pairs
[M::hk_bmap_gen] generated 5266 beads
[M::hk_bmap_gen] 500574 bin pairs
[M::blind-gpu] prepared pair buffers: n_diploid=5266 n_pairs=505559 n_block_keys=1001314 n_steps=100
[I::fdg-gpu] blocklist CSR ready: edges=1001314 avg_deg=190.15 max_deg=3542
[M::hk_bmap_gen] generated 5266 beads
[M::hk_bmap_gen] 502378 bin pairs
[M::hk_bmap_gen] generated 5266 beads
[M::hk_bmap_gen] 502378 bin pairs
[M::blind-gpu] prepared pair buffers: n_diploid=5266 n_pairs=507516 n_block_keys=1004932 n_steps=100
[I::fdg-gpu] blocklist CSR ready: edges=1004932 avg_deg=190.83 max_deg=3099
[M::hk_bmap_gen] generated 5266 beads
[M::hk_bmap_gen] 479171 bin pairs
[M::hk_bmap_gen] generated 5266 beads
[M::hk_bmap_gen] 479171 bin pairs
[M::blind-gpu] prepared pair buffers: n_diploid=5266 n_pairs=484325 n_block_keys=958554 n_steps=100
[I::fdg-gpu] blocklist CSR ready: edges=958554 avg_deg=182.03 max_deg=3550
[M::hk_bmap_gen] generated 5266 beads
[M::hk_bmap_gen] 465739 bin pairs
[M::hk_bmap_gen] generated 5266 beads
[M::hk_bmap_gen] 465739 bin pairs
[M::blind-gpu] prepared pair buffers: n_diploid=5266 n_pairs=470901 n_block_keys=931704 n_steps=100
[I::fdg-gpu] blocklist CSR ready: edges=931704 avg_deg=176.93 max_deg=3090
[M::hk_bmap_gen] generated 5266 beads
[M::hk_bmap_gen] 461593 bin pairs
[M::hk_bmap_gen] generated 5266 beads
[M::hk_bmap_gen] 461593 bin pairs
[M::blind-gpu] prepared pair buffers: n_diploid=5266 n_pairs=466751 n_block_keys=923406 n_steps=100
[I::fdg-gpu] blocklist CSR ready: edges=923406 avg_deg=175.35 max_deg=3490
minimal P9016[1m]: write outputs to /mnt/ssd/zliu/phase3/test_res/056-20260620_230016-p9016_readchain_dedup_training_1m/work_outputs/readchain_adjacent_joint/readchain_adjacent_joint
[M::hk_bmap_gen] generated 5266 beads
[M::hk_bmap_gen] 455697 bin pairs
[M::hk_bmap_gen] generated 5266 beads
[M::hk_bmap_gen] 455697 bin pairs
minimal P9016[1m]: status=OK final_entropy=0.47866657 final_pU=0.34528497
minimal P9016: summary /mnt/ssd/zliu/phase3/test_res/056-20260620_230016-p9016_readchain_dedup_training_1m/work_outputs/readchain_adjacent_joint/matrix_summary.tsv
