CONFIG=p9016_pcgamma0p5_msep1_lsep0p5_copytrack0p01_prior0p5
gamma=0.5 min_sep=1 lambda_sep=0.5 lambda_copytrack=0.01 prior_lambda=0.5
minimal P9016: input=/shared/zliu/CHARM/CHARM_mesc/data/pairs/P9016.pairs.gz output_root=/mnt/ssd/zliu/phase3/test_res/021-20260618_234407-p9016_trans_chr_pair_prior_1m/work_outputs/p9016_pcgamma0p5_msep1_lsep0p5_copytrack0p01_prior0p5 config=p9016_pcgamma0p5_msep1_lsep0p5_copytrack0p01_prior0p5 baseline=softall n_iter=100 relax_steps=100 relax_step=0.012 chain=0 init_mode=unphased_scaffold_split init_eps=0.5 init_noise=0 init_scale=10 init_seed=17 min_sep=1 lambda_sep=0.5 lambda_copytrack=0.0099999998 trans_chr_pair_prior_lambda=0.5 trans_chr_pair_prior_eps=0.001 d_scale_mode=posterior_count d_scale_input=posterior_count d_scale_formula=n_raw*posterior_prob^0.5 d_scale_gamma=0.5 d_scale_eps=1e-06 relax_backend=cpu
minimal P9016: stage 1/1 name=1m bin_size_bp=1000000 parent=0
[M::hk_map_read] read 1703888 pairs
[M::hk_bmap_gen] generated 2633 beads
[M::hk_bmap_gen] 489556 bin pairs
minimal P9016[1m]: build binned contacts
minimal P9016[1m]: init mode=unphased_scaffold_split seed=17 scale=10
[M::hk_fdg] mid_dist:1000000 max_nei:69
[M::hk_fdg1_cpu] iter:10 elapsed:0.32s rep_coef:0.2092 RMS_force:367.1874 n_rep:43.0820 energy:25.1082,6.6566,0.0049 dist:5.6169,6.6204,1.4501
[M::hk_fdg1_cpu] iter:20 elapsed:0.79s rep_coef:0.6615 RMS_force:336.9308 n_rep:157.7303 energy:7.7515,3.4068,0.0177 dist:3.4076,4.2658,1.4016
[M::hk_fdg1_cpu] iter:30 elapsed:1.76s rep_coef:0.9352 RMS_force:226.0828 n_rep:592.3505 energy:1.8327,1.0566,0.0354 dist:1.9896,2.3234,1.2554
[M::hk_fdg1_cpu] iter:40 elapsed:3.15s rep_coef:0.9907 RMS_force:132.8226 n_rep:808.7839 energy:0.5357,0.4158,0.0366 dist:1.4081,1.7237,1.2560
[M::hk_fdg1_cpu] iter:50 elapsed:4.63s rep_coef:0.9987 RMS_force:99.3491 n_rep:815.5837 energy:0.1678,0.2703,0.0325 dist:1.0643,1.6062,1.3142
minimal P9016[1m]: run softall, n_iter=100 relax_steps=100 relax_step=0.012 relax_backend=cpu
[M::hk_bmap_gen] generated 5266 beads
[M::hk_bmap_gen] 287142 bin pairs
[M::hk_bmap_gen] generated 5266 beads
[M::hk_bmap_gen] 291026 bin pairs
[M::hk_bmap_gen] generated 5266 beads
[M::hk_bmap_gen] 291399 bin pairs
[M::hk_bmap_gen] generated 5266 beads
[M::hk_bmap_gen] 285588 bin pairs
[M::hk_bmap_gen] generated 5266 beads
[M::hk_bmap_gen] 276107 bin pairs
[M::hk_bmap_gen] generated 5266 beads
[M::hk_bmap_gen] 265459 bin pairs
[M::hk_bmap_gen] generated 5266 beads
[M::hk_bmap_gen] 256464 bin pairs
[M::hk_bmap_gen] generated 5266 beads
[M::hk_bmap_gen] 248802 bin pairs
[M::hk_bmap_gen] generated 5266 beads
[M::hk_bmap_gen] 242637 bin pairs
[M::hk_bmap_gen] generated 5266 beads
[M::hk_bmap_gen] 238281 bin pairs
[M::hk_bmap_gen] generated 5266 beads
[M::hk_bmap_gen] 234936 bin pairs
[M::hk_bmap_gen] generated 5266 beads
[M::hk_bmap_gen] 232362 bin pairs
[M::hk_bmap_gen] generated 5266 beads
[M::hk_bmap_gen] 230627 bin pairs
[M::hk_bmap_gen] generated 5266 beads
[M::hk_bmap_gen] 229393 bin pairs
manifest missing: /mnt/ssd/zliu/phase3/test_res/021-20260618_234407-p9016_trans_chr_pair_prior_1m/work_outputs/p9016_pcgamma0p5_msep1_lsep0p5_copytrack0p01_prior0p5/p9016_pcgamma0p5_msep1_lsep0p5_copytrack0p01_prior0p5/p9016_full.manifest.tsv
bpair posterior missing: /mnt/ssd/zliu/phase3/test_res/021-20260618_234407-p9016_trans_chr_pair_prior_1m/work_outputs/p9016_pcgamma0p5_msep1_lsep0p5_copytrack0p01_prior0p5/p9016_pcgamma0p5_msep1_lsep0p5_copytrack0p01_prior0p5/p9016_full.bpair_posterior.tsv
coords missing: /mnt/ssd/zliu/phase3/test_res/021-20260618_234407-p9016_trans_chr_pair_prior_1m/work_outputs/p9016_pcgamma0p5_msep1_lsep0p5_copytrack0p01_prior0p5/p9016_pcgamma0p5_msep1_lsep0p5_copytrack0p01_prior0p5/p9016_full.coords.tsv
loop diag missing: /mnt/ssd/zliu/phase3/test_res/021-20260618_234407-p9016_trans_chr_pair_prior_1m/work_outputs/p9016_pcgamma0p5_msep1_lsep0p5_copytrack0p01_prior0p5/p9016_pcgamma0p5_msep1_lsep0p5_copytrack0p01_prior0p5/p9016_full.loop_diag.tsv
